=== on-mestrado: blockMesh ===
/*---------------------------------------------------------------------------*\
| =========                 |                                                 |
| \\      /  F ield         | OpenFOAM: The Open Source CFD Toolbox           |
|  \\    /   O peration     | Version:  2512                                  |
|   \\  /    A nd           | Website:  www.openfoam.com                      |
|    \\/     M anipulation  |                                                 |
\*---------------------------------------------------------------------------*/
Build  : _bd2b6720-20260127 OPENFOAM=2512 version=2512
Arch   : "LSB;label=32;scalar=64"
Exec   : blockMesh
Date   : May 23 2026
Time   : 15:56:07
Host   : 13aada7f6b75
PID    : 31007
I/O    : uncollated
Case   : /simulation/on-mestrado/solid
nProcs : 1
trapFpe: Floating point exception trapping enabled (FOAM_SIGFPE).
memory pool : not available
fileModificationChecking : Monitoring run-time modified files using timeStampMaster (fileModificationSkew 5, maxFileModificationPolls 20)
allowSystemOperations : Allowing user-supplied system call operations

// * * * * * * * * * * * * * * * * * * * * * * * * * * * * * * * * * * * * * //
Create time

Creating block mesh from "system/blockMeshDict"
Creating block edges
No non-planar block faces defined
Creating topology blocks

Creating topology patches - from boundary section

Creating block mesh topology - scaling/transform applied later

Check topology

	Basic statistics
		Number of internal faces : 66
		Number of boundary faces : 30
		Number of defined boundary faces : 30
		Number of undefined boundary faces : 0
	Checking patch -> block consistency

Creating block offsets
Creating merge list (topological search)...

Creating polyMesh from blockMesh
Creating patches
Creating cells
Creating points with scale (0.001 0.001 0.001)
    Block 0 cell size :
        i : 0.0001875 .. 0.0001875
        j : 0.0001875 .. 0.0001875
        k : 0.001 .. 0.001

    Block 1 cell size :
        i : 7.3223264e-05 .. 7.3223264e-05
        j : 0.0001875 .. 0.0001875
        k : 0.001 .. 0.001

    Block 2 cell size :
        i : 7.3223264e-05 .. 7.3223264e-05
        j : 0.0001875 .. 0.0001875
        k : 0.001 .. 0.001

    Block 3 cell size :
        i : 7.3223264e-05 .. 7.3223264e-05
        j : 0.0001875 .. 0.0001875
        k : 0.001 .. 0.001

    Block 4 cell size :
        i : 7.3223264e-05 .. 7.3223264e-05
        j : 0.0001875 .. 0.0001875
        k : 0.001 .. 0.001

    Block 5 cell size :
        i : 0.00012500057 .. 0.00012500057
        j : 0.0002940514 .. 0.0002940514
        k : 0.001 .. 0.001

    Block 6 cell size :
        i : 0.00012500057 .. 0.00012500057
        j : 0.0002940514 .. 0.0002940514
        k : 0.001 .. 0.001

    Block 7 cell size :
        i : 0.00012500057 .. 0.00012500057
        j : 0.0002940514 .. 0.0002940514
        k : 0.001 .. 0.001

    Block 8 cell size :
        i : 0.00012500057 .. 0.00012500057
        j : 0.0002940514 .. 0.0002940514
        k : 0.001 .. 0.001

    Block 9 cell size :
        i : 0.0001875 .. 0.0001875
        j : 0.0001875 .. 0.0001875
        k : 0.0005 .. 0.0005

    Block 10 cell size :
        i : 7.3223264e-05 .. 7.3223264e-05
        j : 0.0001875 .. 0.0001875
        k : 0.0005 .. 0.0005

    Block 11 cell size :
        i : 7.3223264e-05 .. 7.3223264e-05
        j : 0.0001875 .. 0.0001875
        k : 0.0005 .. 0.0005

    Block 12 cell size :
        i : 7.3223264e-05 .. 7.3223264e-05
        j : 0.0001875 .. 0.0001875
        k : 0.0005 .. 0.0005

    Block 13 cell size :
        i : 7.3223264e-05 .. 7.3223264e-05
        j : 0.0001875 .. 0.0001875
        k : 0.0005 .. 0.0005

    Block 14 cell size :
        i : 0.00012500057 .. 0.00012500057
        j : 0.0002940514 .. 0.0002940514
        k : 0.0005 .. 0.0005

    Block 15 cell size :
        i : 0.00012500057 .. 0.00012500057
        j : 0.0002940514 .. 0.0002940514
        k : 0.0005 .. 0.0005

    Block 16 cell size :
        i : 0.00012500057 .. 0.00012500057
        j : 0.0002940514 .. 0.0002940514
        k : 0.0005 .. 0.0005

    Block 17 cell size :
        i : 0.00012500057 .. 0.00012500057
        j : 0.0002940514 .. 0.0002940514
        k : 0.0005 .. 0.0005

    Block 18 cell size :
        i : 0.0001875 .. 0.0001875
        j : 0.0001875 .. 0.0001875
        k : 0.0005 .. 0.0005

    Block 19 cell size :
        i : 7.3223264e-05 .. 7.3223264e-05
        j : 0.0001875 .. 0.0001875
        k : 0.0005 .. 0.0005

    Block 20 cell size :
        i : 7.3223264e-05 .. 7.3223264e-05
        j : 0.0001875 .. 0.0001875
        k : 0.0005 .. 0.0005

    Block 21 cell size :
        i : 7.3223264e-05 .. 7.3223264e-05
        j : 0.0001875 .. 0.0001875
        k : 0.0005 .. 0.0005

    Block 22 cell size :
        i : 7.3223264e-05 .. 7.3223264e-05
        j : 0.0001875 .. 0.0001875
        k : 0.0005 .. 0.0005

    Block 23 cell size :
        i : 0.00012500057 .. 0.00012500057
        j : 0.0002940514 .. 0.0002940514
        k : 0.0005 .. 0.0005

    Block 24 cell size :
        i : 0.00012500057 .. 0.00012500057
        j : 0.0002940514 .. 0.0002940514
        k : 0.0005 .. 0.0005

    Block 25 cell size :
        i : 0.00012500057 .. 0.00012500057
        j : 0.0002940514 .. 0.0002940514
        k : 0.0005 .. 0.0005

    Block 26 cell size :
        i : 0.00012500057 .. 0.00012500057
        j : 0.0002940514 .. 0.0002940514
        k : 0.0005 .. 0.0005

Adding cell zones
    0	on
    1	ons
    2	lc
    3	sclera
    4	globo
No patch pairs to merge

Writing polyMesh with 5 cellZones
----------------
Mesh Information
----------------
  boundingBox: (-0.0025 -0.0025 0) (0.0025 0.0025 0.031)
  nPoints: 17457
  nCells: 16384
  nFaces: 50176
  nInternalFaces: 48128
----------------
Cell Zones
----------------
  zone 0 (size: 7680) name: on
  zone 1 (size: 7680) name: ons
  zone 2 (size: 256) name: lc
  zone 3 (size: 256) name: sclera
  zone 4 (size: 512) name: globo
----------------
Patches
----------------
  patch 0 (start: 48128 size: 256) name: posterior_on
  patch 1 (start: 48384 size: 256) name: posterior_ons
  patch 2 (start: 48640 size: 240) name: contact_artoph
  patch 3 (start: 48880 size: 720) name: ons_outer
  patch 4 (start: 49600 size: 32) name: sclera_outer
  patch 5 (start: 49632 size: 32) name: globo_outer
  patch 6 (start: 49664 size: 512) name: anterior_globo

End

=== on-mestrado: topoSet (extrai contact_local da superficie do ONS) ===
/*---------------------------------------------------------------------------*\
| =========                 |                                                 |
| \\      /  F ield         | OpenFOAM: The Open Source CFD Toolbox           |
|  \\    /   O peration     | Version:  2512                                  |
|   \\  /    A nd           | Website:  www.openfoam.com                      |
|    \\/     M anipulation  |                                                 |
\*---------------------------------------------------------------------------*/
Build  : _bd2b6720-20260127 OPENFOAM=2512 version=2512
Arch   : "LSB;label=32;scalar=64"
Exec   : topoSet -dict system/topoSetDict_contact
Date   : May 23 2026
Time   : 15:56:07
Host   : 13aada7f6b75
PID    : 31009
I/O    : uncollated
Case   : /simulation/on-mestrado/solid
nProcs : 1
trapFpe: Floating point exception trapping enabled (FOAM_SIGFPE).
memory pool : not available
fileModificationChecking : Monitoring run-time modified files using timeStampMaster (fileModificationSkew 5, maxFileModificationPolls 20)
allowSystemOperations : Allowing user-supplied system call operations

// * * * * * * * * * * * * * * * * * * * * * * * * * * * * * * * * * * * * * //
Create time

Create polyMesh for time = 0

Reading topoSetDict_contact

Time = 0
    mesh not changed.
Created faceSet contact_local
    Applying source patchToFace
--> FOAM IOWarning :
    Found [v1806] 'name' entry instead of 'patch' in dictionary "system/topoSetDict_contact/actions/sourceInfo"

    This keyword is 90 months old.

    Adding all faces of patches: (ons_outer) ...
    Found matching patch ons_outer with 720 faces
    faceSet contact_local now size 720
Read set faceSet contact_local size:720
    Applying source boxToFace
    Adding faces with centre within boxes 1((-0.0005 0.0024 0.018) (0.0005 0.003 0.019))
    faceSet contact_local now size 2

End

=== on-mestrado: createPatch (cria contact_local, renomeia contact_artoph→ons_outer_E) ===
/*---------------------------------------------------------------------------*\
| =========                 |                                                 |
| \\      /  F ield         | OpenFOAM: The Open Source CFD Toolbox           |
|  \\    /   O peration     | Version:  2512                                  |
|   \\  /    A nd           | Website:  www.openfoam.com                      |
|    \\/     M anipulation  |                                                 |
\*---------------------------------------------------------------------------*/
Build  : _bd2b6720-20260127 OPENFOAM=2512 version=2512
Arch   : "LSB;label=32;scalar=64"
Exec   : createPatch -overwrite -dict system/createPatchDict_contact
Date   : May 23 2026
Time   : 15:56:08
Host   : 13aada7f6b75
PID    : 31011
I/O    : uncollated
Case   : /simulation/on-mestrado/solid
nProcs : 1
trapFpe: Floating point exception trapping enabled (FOAM_SIGFPE).
memory pool : not available
fileModificationChecking : Monitoring run-time modified files using timeStampMaster (fileModificationSkew 5, maxFileModificationPolls 20)
allowSystemOperations : Allowing user-supplied system call operations

// * * * * * * * * * * * * * * * * * * * * * * * * * * * * * * * * * * * * * //
Create time

Create mesh for time = 0

Reading "system/createPatchDict_contact"



Adding patches to mesh region0

Adding new patch contact_local from 
{
    type            wall;
    nFaces          0;
    startFace       0;
}

Adding new patch ons_outer_E from 
{
    type            wall;
    nFaces          0;
    startFace       0;
}




Repatching mesh region0

Read 2 faces from faceSet contact_local
Moving faces from patch contact_artoph to patch 8
Doing topology modification to order faces.

Not synchronising points.

Removing patches with no faces in them.

Removed zero-sized patch contact_artoph type wall at position 2


Writing repatched mesh region0 to 0

End

=== on-mestrado: solids4Foam (pulsatil, 50 timesteps) ===
/*---------------------------------------------------------------------------*\
| =========                 |                                                 |
| \\      /  F ield         | OpenFOAM: The Open Source CFD Toolbox           |
|  \\    /   O peration     | Version:  2512                                  |
|   \\  /    A nd           | Website:  www.openfoam.com                      |
|    \\/     M anipulation  |                                                 |
\*---------------------------------------------------------------------------*/
Build  : _bd2b6720-20260127 OPENFOAM=2512 version=2512
Arch   : "LSB;label=32;scalar=64"
Exec   : solids4Foam
Date   : May 23 2026
Time   : 15:56:09
Host   : 13aada7f6b75
PID    : 31013
I/O    : uncollated
Case   : /simulation/on-mestrado/solid
nProcs : 1
trapFpe: Floating point exception trapping enabled (FOAM_SIGFPE).
memory pool : not available
fileModificationChecking : Monitoring run-time modified files using timeStampMaster (fileModificationSkew 5, maxFileModificationPolls 20)
allowSystemOperations : Allowing user-supplied system call operations

// * * * * * * * * * * * * * * * * * * * * * * * * * * * * * * * * * * * * * //
Create time

/*---------------------------------------------------------------------------*\
|    For further information on the solids4Foam toolbox implementations,      |
|    please see www.solids4foam.com and the following publication:            |
|                                                                             |
|    P. Cardiff, I. Batistić Ž. Tuković: solids4foam: A toolbox for           |
|    performing solid mechanics and fluid-solid interaction simulations in    |
|    OpenFOAM. Journal of Open Source Software. 2025, 10(108), 7407,          |
|    10.21105/joss.07407.                                                     |
\*---------------------------------------------------------------------------*/

Selecting physicsModel solidModel
Selecting solidModel linearGeometryTotalDisplacement
Creating solidTraction boundary condition
Creating fixedDisplacement boundary condition
Creating solidTraction boundary condition
    pressure is time-varying
Creating solidTraction boundary condition
    Winkler stiffness k = 200000 Pa/m
Creating solidTraction boundary condition
    Winkler stiffness k = 200000 Pa/m
Creating fixedDisplacement boundary condition
Creating solidTraction boundary condition
Creating solidTraction boundary condition
    under-relaxation method: fixed
No finite volume options present
Creating the mechanicalModel
Number of cells in new mesh : 7680
Number of faces in new mesh : 23776
Number of points in new mesh: 8463
    oldInternalFaces : 1216
Number of cells in new mesh : 7680
Number of faces in new mesh : 24256
Number of points in new mesh: 8928
    oldInternalFaces : 1216
Number of cells in new mesh : 256
Number of faces in new mesh : 1040
Number of points in new mesh: 546
    oldInternalFaces : 544
Number of cells in new mesh : 256
Number of faces in new mesh : 1056
Number of points in new mesh: 576
    oldInternalFaces : 544
Number of cells in new mesh : 512
Number of faces in new mesh : 2064
Number of points in new mesh: 1058
    oldInternalFaces : 512
Selecting mechanical law linearElastic
Selecting mechanical law linearElastic
Selecting mechanical law linearElastic
Selecting mechanical law linearElastic
Selecting mechanical law linearElastic
solvePressure = false
    Setting `extrapolateValue` to `true` on the posterior_on patch of the D field
    Setting `extrapolateValue` to `true` on the ons_outer patch of the D field
    Setting `extrapolateValue` to `true` on the sclera_outer patch of the D field
    Setting `extrapolateValue` to `true` on the globo_outer patch of the D field
    Setting `extrapolateValue` to `true` on the contact_local patch of the D field
    Setting `extrapolateValue` to `true` on the ons_outer_E patch of the D field
Time = 0.05

Evolving solid solver using an implicit segregated approach
Solving the momentum equation for D
setCellDisplacements: reading cellDisplacements
Initial Residual Norm = 1.4142136
Initial Solution Norm = 8.5702861e-06
 Iteration       Residual Norm           Step Norm
       475: Converged - Relative residual tolerance met.
Max epsilonEq = 0.0026009921
Max sigmaEq (von Mises stress) = 2707.2132
ExecutionTime = 23.51 s  ClockTime = 23 s

Time = 0.1

Evolving solid solver using an implicit segregated approach
Solving the momentum equation for D
Initial Residual Norm = 0.0014207655
Initial Solution Norm = 0.00091338018
 Iteration       Residual Norm           Step Norm
       500       0.00046040414       7.3811805e-07
      1000       0.00015809491       2.9430244e-07
      1500       6.0130057e-05       1.1826276e-07
      2000       2.3692703e-05       4.7727808e-08
./Allrun: line 54: 31013 Killed                  solids4Foam
     31014 Done                    | tee log.solids4Foam
EXIT_CODE=137
