SUMMARY OF C0NVERGENCE INFORMATION
  STEP   INC  ATT   ITER     CONT.   RESID.        CORR.      RESID.      CORR.
                              EL.    FORCE         DISP       FLUX        TEMP.
                              (#)     (%)           (%)        (%)         (%)
     1     1     1     1        0  0.2087E+04  0.1000E+03  0.0000E+00  0.0000E+00
     1     1     1     2        0  0.0000E+00  0.2294E+01  0.0000E+00  0.0000E+00
     1     2     1     1        0  0.0000E+00  0.5745E+00  0.0000E+00  0.0000E+00
     1     2     1     2        0  0.0000E+00  0.1285E-02  0.0000E+00  0.0000E+00
     1     3     1     1        0  0.1178E+02  0.6849E+00  0.0000E+00  0.0000E+00
     1     3     1     2        0  0.0000E+00  0.2030E-02  0.0000E+00  0.0000E+00
     1     4     1     1        0  0.6765E+02  0.1404E+01  0.0000E+00  0.0000E+00
     1     4     1     2        0  0.0000E+00  0.1180E-01  0.0000E+00  0.0000E+00
     1     5     1     1        0  0.2742E+03  0.2956E+01  0.0000E+00  0.0000E+00
     1     5     1     2        0  0.0000E+00  0.4620E-01  0.0000E+00  0.0000E+00
     1     6     1     1        0  0.4924E+04  0.1450E+02  0.0000E+00  0.0000E+00
     1     6     1     2        0  0.7268E+01  0.5562E+00  0.0000E+00  0.0000E+00
     1     6     1     3        0  0.0000E+00  0.2321E+00  0.0000E+00  0.0000E+00
     1     7     1     1        0  0.2078E+05  0.5946E+02  0.0000E+00  0.0000E+00
     1     7     1     2        0  0.1392E+05  0.2950E+02  0.0000E+00  0.0000E+00
     1     7     1     3        0  0.1847E+06  0.1000E+03  0.0000E+00  0.0000E+00
     1     7     1     4        0  0.6929E+04  0.1500E+02  0.0000E+00  0.0000E+00
     1     7     1     5        0  0.3449E+05  0.3343E+02  0.0000E+00  0.0000E+00
     1     7     1     6        0  0.1694E+05  0.2259E+02  0.0000E+00  0.0000E+00
     1     7     2     1        0  0.2156E+04  0.4241E+02  0.0000E+00  0.0000E+00
     1     7     2     2        0  0.2140E+03  0.1336E+02  0.0000E+00  0.0000E+00
     1     7     2     3        0  0.5788E+02  0.6949E+01  0.0000E+00  0.0000E+00
     1     7     2     4        0  0.0000E+00  0.2312E+00  0.0000E+00  0.0000E+00
     1     8     1     1        0  0.2920E+04  0.5209E+02  0.0000E+00  0.0000E+00
     1     8     1     2        0  0.5304E+04  0.7201E+02  0.0000E+00  0.0000E+00
     1     8     1     3        0  0.6613E+03  0.2489E+02  0.0000E+00  0.0000E+00
     1     8     1     4        0  0.1137E+04  0.3268E+02  0.0000E+00  0.0000E+00
     1     8     1     5        0  0.1342E+02  0.3526E+01  0.0000E+00  0.0000E+00
     1     8     1     6        0  0.2666E+01  0.1571E+01  0.0000E+00  0.0000E+00
     1     8     1     7        0  0.0000E+00  0.2478E-02  0.0000E+00  0.0000E+00
     1     9     1     1        0  0.8871E+02  0.1436E+02  0.0000E+00  0.0000E+00
     1     9     1     2        0  0.3620E+04  0.3180E+02  0.0000E+00  0.0000E+00
     1     9     1     3        0  0.1561E+02  0.2103E+01  0.0000E+00  0.0000E+00
     1     9     1     4        0  0.4208E+01  0.1082E+01  0.0000E+00  0.0000E+00
     1     9     1     5        0  0.0000E+00  0.7009E-02  0.0000E+00  0.0000E+00
     1    10     1     1        0  0.1683E+03  0.2105E+02  0.0000E+00  0.0000E+00
     1    10     1     2        0  0.2231E+04  0.2632E+02  0.0000E+00  0.0000E+00
     1    10     1     3        0  0.3103E+02  0.3110E+01  0.0000E+00  0.0000E+00
     1    10     1     4        0  0.3268E+01  0.1005E+01  0.0000E+00  0.0000E+00
     1    10     1     5        0  0.0000E+00  0.1008E-01  0.0000E+00  0.0000E+00
     1    11     1     1        0  0.5853E+02  0.1860E+02  0.0000E+00  0.0000E+00
     1    11     1     2        0  0.3965E+03  0.1676E+02  0.0000E+00  0.0000E+00
     1    11     1     3        0  0.1373E+01  0.9839E+00  0.0000E+00  0.0000E+00
     1    11     1     4        0  0.0000E+00  0.4610E-01  0.0000E+00  0.0000E+00
     1    12     1     1        0  0.3427E+02  0.1743E+02  0.0000E+00  0.0000E+00
     1    12     1     2        0  0.7688E+02  0.8553E+01  0.0000E+00  0.0000E+00
     1    12     1     3        0  0.0000E+00  0.2176E+00  0.0000E+00  0.0000E+00
     1    13     1     1        0  0.4167E+04  0.1000E+03  0.0000E+00  0.0000E+00
     1    13     1     2        0  0.1037E+03  0.1546E+02  0.0000E+00  0.0000E+00
     1    13     1     3        0  0.1170E+03  0.1815E+02  0.0000E+00  0.0000E+00
     1    13     1     4        0  0.5591E+01  0.3793E+01  0.0000E+00  0.0000E+00
     1    13     1     5        0  0.0000E+00  0.3504E+00  0.0000E+00  0.0000E+00
     1    14     1     1        0  0.6986E+02  0.7501E+02  0.0000E+00  0.0000E+00
     1    14     1     2        0  0.1302E+02  0.1596E+02  0.0000E+00  0.0000E+00
     1    14     1     3        0  0.0000E+00  0.3446E+01  0.0000E+00  0.0000E+00
     1    15     1     1        0  0.6932E+02  0.4586E+02  0.0000E+00  0.0000E+00
     1    15     1     2        0  0.2044E+02  0.2206E+02  0.0000E+00  0.0000E+00
     1    15     1     3        0  0.0000E+00  0.1708E+01  0.0000E+00  0.0000E+00
     1    16     1     1        0  0.3424E+02  0.2657E+02  0.0000E+00  0.0000E+00
     1    16     1     2        0  0.2187E+02  0.2223E+02  0.0000E+00  0.0000E+00
     1    16     1     3        0  0.0000E+00  0.1027E+02  0.0000E+00  0.0000E+00
     1    17     1     1        0  0.4458E+02  0.1000E+03  0.0000E+00  0.0000E+00
     1    17     1     2        0  0.1139E+03  0.1403E+02  0.0000E+00  0.0000E+00
     1    17     1     3        0  0.0000E+00  0.6132E+01  0.0000E+00  0.0000E+00
     1    18     1     1        0  0.4415E+02  0.2937E+02  0.0000E+00  0.0000E+00
     1    18     1     2        0  0.1154E+03  0.1835E+02  0.0000E+00  0.0000E+00
     1    18     1     3        0  0.0000E+00  0.3950E+01  0.0000E+00  0.0000E+00
     1    19     1     1        0  0.3197E+02  0.2245E+02  0.0000E+00  0.0000E+00
     1    19     1     2        0  0.4074E+02  0.5048E+01  0.0000E+00  0.0000E+00
     1    19     1     3        0  0.0000E+00  0.1497E+00  0.0000E+00  0.0000E+00
     1    20     1     1        0  0.2135E+02  0.1561E+02  0.0000E+00  0.0000E+00
     1    20     1     2        0  0.1237E+02  0.3058E+01  0.0000E+00  0.0000E+00
     1    20     1     3        0  0.0000E+00  0.3903E-01  0.0000E+00  0.0000E+00
     1    21     1     1        0  0.1458E+02  0.1122E+02  0.0000E+00  0.0000E+00
     1    21     1     2        0  0.4286E+01  0.1725E+01  0.0000E+00  0.0000E+00
     1    21     1     3        0  0.0000E+00  0.1744E-01  0.0000E+00  0.0000E+00
     1    22     1     1        0  0.1010E+02  0.8455E+01  0.0000E+00  0.0000E+00
     1    22     1     2        0  0.1661E+01  0.1033E+01  0.0000E+00  0.0000E+00
     1    22     1     3        0  0.0000E+00  0.1005E-01  0.0000E+00  0.0000E+00
     1    23     1     1        0  0.7141E+01  0.6740E+01  0.0000E+00  0.0000E+00
     1    23     1     2        0  0.7081E+00  0.6879E+00  0.0000E+00  0.0000E+00
     1    23     1     3        0  0.0000E+00  0.5840E-02  0.0000E+00  0.0000E+00
     1    24     1     1        0  0.5158E+01  0.5526E+01  0.0000E+00  0.0000E+00
     1    24     1     2        0  0.3274E+00  0.5222E+00  0.0000E+00  0.0000E+00
     1    25     1     1        0  0.3900E+01  0.4664E+01  0.0000E+00  0.0000E+00
     1    25     1     2        0  0.0000E+00  0.4044E+00  0.0000E+00  0.0000E+00
     1    26     1     1        0  0.3044E+01  0.4048E+01  0.0000E+00  0.0000E+00
     1    26     1     2        0  0.0000E+00  0.3277E+00  0.0000E+00  0.0000E+00
     1    27     1     1        0  0.2418E+01  0.3554E+01  0.0000E+00  0.0000E+00
     1    27     1     2        0  0.0000E+00  0.2732E+00  0.0000E+00  0.0000E+00
     1    28     1     1        0  0.1950E+01  0.3149E+01  0.0000E+00  0.0000E+00
     1    28     1     2        0  0.0000E+00  0.2302E+00  0.0000E+00  0.0000E+00
     1    29     1     1        0  0.0000E+00  0.1776E+01  0.0000E+00  0.0000E+00
     1    29     1     2        0  0.0000E+00  0.5187E-01  0.0000E+00  0.0000E+00
