SUMMARY OF JOB INFORMATION
  STEP      INC     ATT  ITRS     TOT TIME     STEP TIME      INC TIME
     1          1     1     2  0.250000E-01  0.250000E-01  0.250000E-01
     1          2     1     2  0.500000E-01  0.500000E-01  0.250000E-01
     1          3     1     2  0.875000E-01  0.875000E-01  0.375000E-01
     1          4     1     2  0.137500E+00  0.137500E+00  0.500000E-01
     1          5     1     2  0.187500E+00  0.187500E+00  0.500000E-01
     1          6     1     3  0.237500E+00  0.237500E+00  0.500000E-01
     1          7     1U    6  0.237500E+00  0.237500E+00  0.500000E-01
     1          7     2     4  0.250000E+00  0.250000E+00  0.125000E-01
     1          8     1     7  0.262500E+00  0.262500E+00  0.125000E-01
     1          9     1     5  0.275000E+00  0.275000E+00  0.125000E-01
     1         10     1     5  0.287500E+00  0.287500E+00  0.125000E-01
     1         11     1     4  0.300000E+00  0.300000E+00  0.125000E-01
     1         12     1     3  0.312500E+00  0.312500E+00  0.125000E-01
     1         13     1     5  0.331250E+00  0.331250E+00  0.187500E-01
     1         14     1     3  0.350000E+00  0.350000E+00  0.187500E-01
     1         15     1     3  0.368750E+00  0.368750E+00  0.187500E-01
     1         16     1     3  0.396875E+00  0.396875E+00  0.281250E-01
     1         17     1     3  0.439063E+00  0.439063E+00  0.421875E-01
     1         18     1     3  0.489063E+00  0.489063E+00  0.500000E-01
     1         19     1     3  0.539062E+00  0.539062E+00  0.500000E-01
     1         20     1     3  0.589063E+00  0.589063E+00  0.500000E-01
     1         21     1     3  0.639063E+00  0.639063E+00  0.500000E-01
     1         22     1     3  0.689063E+00  0.689063E+00  0.500000E-01
     1         23     1     3  0.739063E+00  0.739063E+00  0.500000E-01
     1         24     1     2  0.789063E+00  0.789063E+00  0.500000E-01
     1         25     1     2  0.839063E+00  0.839063E+00  0.500000E-01
     1         26     1     2  0.889063E+00  0.889063E+00  0.500000E-01
     1         27     1     2  0.939063E+00  0.939063E+00  0.500000E-01
     1         28     1     2  0.989063E+00  0.989063E+00  0.500000E-01
     1         29     1     2  0.100000E+01  0.100000E+01  0.109375E-01
