  TimeWindow  TotalIterations  Iterations  Convergence
     1       9       9       1
     2      13       4       1
     3      17       4       1
     4      21       4       1
     5      25       4       1
     6      29       4       1
     7      33       4       1
     8      37       4       1
     9      41       4       1
    10      45       4       1
    11      50       5       1
    12      55       5       1
    13      59       4       1
    14      63       4       1
    15      67       4       1
    16      71       4       1
    17      75       4       1
    18      79       4       1
    19      83       4       1
    20      87       4       1
    21      91       4       1
    22      95       4       1
    23      99       4       1
    24     103       4       1
    25     107       4       1
    26     110       3       1
    27     113       3       1
    28     117       4       1
    29     122       5       1
    30     126       4       1
    31     130       4       1
    32     134       4       1
    33     138       4       1
    34     142       4       1
    35     146       4       1
    36     150       4       1
    37     154       4       1
    38     158       4       1
    39     162       4       1
    40     166       4       1
    41     170       4       1
    42     174       4       1
    43     178       4       1
    44     182       4       1
    45     186       4       1
    46     190       4       1
    47     194       4       1
    48     198       4       1
    49     202       4       1
    50     206       4       1
    51     210       4       1
    52     214       4       1
    53     218       4       1
    54     222       4       1
    55     225       3       1
    56     229       4       1
    57     233       4       1
    58     237       4       1
    59     241       4       1
    60     245       4       1
    61     249       4       1
    62     253       4       1
    63     257       4       1
    64     261       4       1
    65     265       4       1
    66     269       4       1
    67     273       4       1
    68     277       4       1
    69     281       4       1
    70     285       4       1
    71     289       4       1
    72     293       4       1
    73     297       4       1
    74     301       4       1
    75     305       4       1
    76     309       4       1
    77     313       4       1
    78     317       4       1
    79     321       4       1
    80     325       4       1
    81     329       4       1
    82     332       3       1
    83     335       3       1
    84     338       3       1
    85     342       4       1
    86     346       4       1
    87     350       4       1
    88     354       4       1
    89     358       4       1
    90     362       4       1
    91     366       4       1
    92     370       4       1
    93     374       4       1
    94     378       4       1
    95     382       4       1
    96     386       4       1
    97     390       4       1
    98     394       4       1
    99     398       4       1
   100     402       4       1
   101     406       4       1
   102     410       4       1
   103     414       4       1
   104     418       4       1
   105     422       4       1
   106     426       4       1
   107     430       4       1
   108     434       4       1
   109     438       4       1
   110     442       4       1
   111     445       3       1
   112     448       3       1
   113     452       4       1
   114     456       4       1
   115     460       4       1
   116     463       3       1
   117     467       4       1
   118     471       4       1
   119     475       4       1
   120     479       4       1
   121     483       4       1
   122     487       4       1
   123     491       4       1
   124     495       4       1
   125     499       4       1
   126     503       4       1
   127     507       4       1
   128     511       4       1
   129     515       4       1
   130     519       4       1
   131     523       4       1
   132     527       4       1
   133     531       4       1
   134     535       4       1
   135     539       4       1
   136     543       4       1
   137     546       3       1
   138     549       3       1
   139     552       3       1
   140     555       3       1
   141     558       3       1
   142     561       3       1
   143     564       3       1
   144     567       3       1
   145     570       3       1
   146     574       4       1
   147     578       4       1
   148     582       4       1
   149     586       4       1
   150     590       4       1
   151     594       4       1
   152     598       4       1
   153     602       4       1
   154     606       4       1
   155     610       4       1
   156     614       4       1
   157     618       4       1
   158     622       4       1
   159     626       4       1
   160     630       4       1
   161     634       4       1
   162     638       4       1
   163     642       4       1
   164     646       4       1
   165     649       3       1
   166     652       3       1
   167     655       3       1
   168     658       3       1
   169     661       3       1
   170     664       3       1
   171     667       3       1
   172     670       3       1
   173     673       3       1
   174     677       4       1
   175     681       4       1
   176     685       4       1
   177     689       4       1
   178     693       4       1
   179     697       4       1
   180     701       4       1
   181     705       4       1
   182     709       4       1
   183     713       4       1
   184     717       4       1
   185     721       4       1
   186     725       4       1
   187     729       4       1
   188     733       4       1
   189     737       4       1
   190     741       4       1
   191     744       3       1
   192     747       3       1
   193     750       3       1
   194     753       3       1
   195     756       3       1
   196     759       3       1
   197     762       3       1
   198     766       4       1
   199     769       3       1
   200     772       3       1
   201     775       3       1
   202     778       3       1
   203     781       3       1
   204     784       3       1
   205     787       3       1
   206     791       4       1
   207     795       4       1
   208     799       4       1
   209     803       4       1
   210     807       4       1
   211     811       4       1
   212     815       4       1
   213     819       4       1
   214     823       4       1
   215     827       4       1
   216     831       4       1
   217     834       3       1
   218     837       3       1
   219     840       3       1
   220     843       3       1
   221     846       3       1
   222     849       3       1
   223     852       3       1
   224     855       3       1
   225     858       3       1
   226     862       4       1
   227     865       3       1
   228     868       3       1
   229     871       3       1
   230     874       3       1
   231     877       3       1
   232     880       3       1
   233     883       3       1
   234     886       3       1
   235     889       3       1
   236     892       3       1
   237     895       3       1
   238     898       3       1
   239     901       3       1
   240     904       3       1
   241     907       3       1
   242     910       3       1
   243     913       3       1
   244     916       3       1
   245     919       3       1
   246     922       3       1
   247     925       3       1
   248     928       3       1
   249     931       3       1
   250     934       3       1
   251     937       3       1
   252     940       3       1
   253     943       3       1
   254     946       3       1
   255     949       3       1
   256     952       3       1
   257     955       3       1
   258     958       3       1
   259     961       3       1
   260     964       3       1
   261     967       3       1
   262     970       3       1
   263     973       3       1
   264     976       3       1
   265     979       3       1
   266     982       3       1
   267     985       3       1
   268     988       3       1
   269     991       3       1
   270     994       3       1
   271     997       3       1
   272    1000       3       1
   273    1003       3       1
   274    1006       3       1
   275    1009       3       1
   276    1012       3       1
   277    1015       3       1
   278    1018       3       1
   279    1021       3       1
   280    1024       3       1
   281    1027       3       1
   282    1030       3       1
   283    1033       3       1
   284    1036       3       1
   285    1039       3       1
   286    1042       3       1
   287    1045       3       1
   288    1048       3       1
   289    1051       3       1
   290    1054       3       1
   291    1057       3       1
   292    1060       3       1
   293    1063       3       1
   294    1066       3       1
   295    1069       3       1
   296    1072       3       1
   297    1075       3       1
   298    1078       3       1
   299    1081       3       1
   300    1084       3       1
   301    1087       3       1
   302    1090       3       1
   303    1093       3       1
   304    1096       3       1
   305    1099       3       1
   306    1102       3       1
   307    1105       3       1
   308    1108       3       1
   309    1111       3       1
   310    1114       3       1
   311    1117       3       1
   312    1120       3       1
   313    1123       3       1
   314    1126       3       1
   315    1129       3       1
   316    1132       3       1
   317    1135       3       1
   318    1138       3       1
   319    1141       3       1
   320    1144       3       1
   321    1147       3       1
   322    1150       3       1
   323    1153       3       1
   324    1156       3       1
   325    1159       3       1
   326    1162       3       1
   327    1165       3       1
   328    1168       3       1
   329    1171       3       1
   330    1174       3       1
   331    1177       3       1
   332    1180       3       1
   333    1183       3       1
   334    1186       3       1
   335    1189       3       1
   336    1192       3       1
   337    1195       3       1
   338    1198       3       1
   339    1201       3       1
   340    1204       3       1
   341    1207       3       1
   342    1210       3       1
   343    1213       3       1
   344    1216       3       1
   345    1219       3       1
   346    1222       3       1
   347    1225       3       1
   348    1228       3       1
   349    1231       3       1
   350    1234       3       1
   351    1237       3       1
   352    1240       3       1
   353    1243       3       1
   354    1246       3       1
   355    1249       3       1
   356    1252       3       1
   357    1255       3       1
   358    1258       3       1
   359    1261       3       1
   360    1264       3       1
   361    1267       3       1
   362    1270       3       1
   363    1273       3       1
   364    1276       3       1
   365    1279       3       1
   366    1282       3       1
   367    1285       3       1
   368    1288       3       1
   369    1291       3       1
   370    1294       3       1
   371    1297       3       1
   372    1300       3       1
   373    1303       3       1
   374    1306       3       1
   375    1309       3       1
   376    1312       3       1
   377    1315       3       1
   378    1318       3       1
   379    1321       3       1
   380    1324       3       1
   381    1327       3       1
   382    1330       3       1
   383    1333       3       1
   384    1336       3       1
   385    1339       3       1
   386    1342       3       1
   387    1345       3       1
   388    1348       3       1
   389    1351       3       1
   390    1354       3       1
   391    1357       3       1
   392    1360       3       1
   393    1363       3       1
   394    1366       3       1
   395    1369       3       1
   396    1372       3       1
   397    1375       3       1
   398    1378       3       1
   399    1381       3       1
   400    1384       3       1
   401    1387       3       1
   402    1390       3       1
   403    1393       3       1
   404    1396       3       1
   405    1399       3       1
   406    1402       3       1
   407    1405       3       1
   408    1408       3       1
   409    1411       3       1
   410    1414       3       1
   411    1417       3       1
   412    1420       3       1
   413    1423       3       1
   414    1426       3       1
   415    1429       3       1
   416    1432       3       1
   417    1435       3       1
   418    1438       3       1
   419    1441       3       1
   420    1444       3       1
   421    1447       3       1
   422    1450       3       1
   423    1453       3       1
   424    1456       3       1
   425    1459       3       1
   426    1462       3       1
   427    1465       3       1
   428    1468       3       1
   429    1471       3       1
   430    1474       3       1
   431    1477       3       1
   432    1480       3       1
   433    1483       3       1
   434    1486       3       1
   435    1489       3       1
   436    1492       3       1
   437    1495       3       1
   438    1498       3       1
   439    1501       3       1
   440    1504       3       1
   441    1507       3       1
   442    1510       3       1
   443    1513       3       1
   444    1516       3       1
   445    1519       3       1
   446    1522       3       1
   447    1525       3       1
   448    1528       3       1
   449    1531       3       1
   450    1534       3       1
   451    1537       3       1
   452    1540       3       1
   453    1543       3       1
   454    1546       3       1
   455    1549       3       1
   456    1552       3       1
   457    1555       3       1
   458    1558       3       1
   459    1561       3       1
   460    1564       3       1
   461    1567       3       1
   462    1570       3       1
   463    1573       3       1
   464    1576       3       1
   465    1579       3       1
   466    1582       3       1
   467    1585       3       1
   468    1588       3       1
   469    1591       3       1
   470    1594       3       1
   471    1597       3       1
   472    1600       3       1
   473    1603       3       1
   474    1606       3       1
   475    1609       3       1
   476    1612       3       1
   477    1615       3       1
   478    1618       3       1
   479    1621       3       1
   480    1624       3       1
   481    1627       3       1
   482    1630       3       1
   483    1633       3       1
   484    1636       3       1
   485    1639       3       1
   486    1642       3       1
   487    1645       3       1
   488    1648       3       1
   489    1651       3       1
   490    1654       3       1
   491    1657       3       1
   492    1660       3       1
   493    1663       3       1
   494    1666       3       1
   495    1669       3       1
   496    1672       3       1
   497    1675       3       1
   498    1678       3       1
   499    1681       3       1
   500    1684       3       1