=== Iniciando container persistente om2-resume ===
 Container om2-resume Creating 
 Container om2-resume Created 
a73e14524ed25105f6bdc1bfbdaf5f0640db896975bbd525b81a303d4677194c
Container ativo: om2-resume
=== Pre-flight: matando solvers existentes ===
=== Malha ja existe - resumindo direto ===

=== Tentativa 1: latestTime = 0 (alvo: 2.5) ===
    Rodando solids4Foam (resume from 0)...
solids4Foam exit code: 0
    docker exec rc=0
    novo latestTime: 2.45

=== Tentativa 2: latestTime = 2.45 (alvo: 2.5) ===
    Rodando solids4Foam (resume from 2.45)...
solids4Foam exit code: 0
    docker exec rc=0
    novo latestTime: 2.45
AVISO: sem progresso. Esperando 5s...

=== Tentativa 3: latestTime = 2.45 (alvo: 2.5) ===
    Rodando solids4Foam (resume from 2.45)...
solids4Foam exit code: 0
    docker exec rc=0
    novo latestTime: 2.45
ERRO: 2+ tentativas seguidas sem progresso (preso em 2.45). Abortando.

=== Resumo final on-mestrado-2 ===
Timesteps escritos:
0
0.1
0.2
0.3
0.4
0.05
0.5
0.6
0.7
0.8
0.9
0.15
0.25
0.35
0.45
0.55
0.65
0.75
0.85
0.95
1
1.1
1.2
1.3
1.4
1.05
1.5
1.6
1.7
1.8
1.9
1.15
1.25
1.35
1.45
1.55
1.65
1.75
1.85
1.95
2
2.1
2.2
2.3
2.4
2.05
2.5
2.15
2.25
2.35
2.45

Total de timesteps:
51

Ultimas linhas do log:
    Setting `extrapolateValue` to `true` on the globo_outer patch of the D field
    Setting `extrapolateValue` to `true` on the contact_local patch of the D field
    Setting `extrapolateValue` to `true` on the ons_outer_E patch of the D field
The momentum equation converged in all time-steps


End

