=== 1) Copia polyMesh do FLUIDO do ao-mestrado (mesma geometria do lumen) ===
[fluid] polyMesh copiada de /simulation/sugestao/../ao-mestrado/fluid/constant/polyMesh
=== 2) Allmesh do FLUIDO (checkMesh) ===
=== fluid: checkMesh ===
/*---------------------------------------------------------------------------*\
| =========                 |                                                 |
| \\      /  F ield         | OpenFOAM: The Open Source CFD Toolbox           |
|  \\    /   O peration     | Version:  2512                                  |
|   \\  /    A nd           | Website:  www.openfoam.com                      |
|    \\/     M anipulation  |                                                 |
\*---------------------------------------------------------------------------*/
Build  : _bd2b6720-20260127 OPENFOAM=2512 version=2512
Arch   : "LSB;label=32;scalar=64"
Exec   : checkMesh -allTopology -allGeometry
Date   : May 24 2026
Time   : 21:38:51
Host   : 7db37484b97f
PID    : 939
I/O    : uncollated
Case   : /simulation/sugestao/fluid
nProcs : 1
trapFpe: Floating point exception trapping enabled (FOAM_SIGFPE).
memory pool : not available
fileModificationChecking : Monitoring run-time modified files using timeStampMaster (fileModificationSkew 5, maxFileModificationPolls 20)
allowSystemOperations : Allowing user-supplied system call operations

// * * * * * * * * * * * * * * * * * * * * * * * * * * * * * * * * * * * * * //
Create time

Create mesh for time = 0

Check mesh...
    Enabling all (cell, face, edge, point) topology checks.
    Enabling all geometry checks.

Time = 0

Mesh stats 
    points:           25600
    faces:            66272
    internal faces:   55840
    cells:            20352
    faces per cell:   6
    boundary patches: 4
    point zones:      0
    face zones:       0
    cell zones:       0

Overall number of cells of each type:
    hexahedra:     20352
    prisms:        0
    wedges:        0
    pyramids:      0
    tet wedges:    0
    tetrahedra:    0
    polyhedra:     0

Checking topology...
    Boundary definition OK.
    Cell to face addressing OK.
    Point usage OK.
    Upper triangular ordering OK.
    Face vertices OK.
    Topological cell zip-up check OK.
    Face-face connectivity OK.
    Number of regions: 1 (OK).

Checking patch topology for multiply connected surfaces...
    Patch               Faces    Points     Surface topology  Bounding box
    inlet               128      160      ok (non-closed singly connected)   (-0.01375 0.002 -0.00547002) (-0.01265 0.0031 -0.00547002)
    outlet              128      160      ok (non-closed singly connected)   (-0.00739158 -0.00549776 0.0332776) (-0.00650336 -0.00440224 0.0339189)
    axis                5088     5120     ok (non-closed singly connected)   (-0.0132275 -0.00497739 -0.00547002) (0.00365359 0.00395572 0.0336143)
    wall                5088     5120     ok (non-closed singly connected)   (-0.01375 -0.00549776 -0.00547002) (0.00417585 0.00447704 0.0339189)
    ".*"                10432    10432    ok (closed singly connected)       (-0.01375 -0.00549776 -0.00547002) (0.00417585 0.00447704 0.0339189)


Checking faceZone topology for multiply connected surfaces...
    No faceZones found.

Checking basic cellZone addressing...
    No cellZones found.

Checking basic pointZone addressing...
    No pointZones found.

Checking geometry...
    Overall domain bounding box (-0.01375 -0.00549776 -0.00547002) (0.00417585 0.00447704 0.0339189)
    Mesh has 3 geometric (non-empty/wedge) directions (1 1 1)
    Mesh has 3 solution (non-empty) directions (1 1 1)
    Boundary openness (1.35421e-17 -6.51724e-18 4.09374e-19) OK.
    Max cell openness = 4.17379e-16 OK.
    Max aspect ratio = 19.447 OK.
    Minimum face area = 1.78396e-09. Maximum face area = 5.42207e-08.  Face area magnitudes OK.
    Min volume = 7.52527e-13. Max volume = 5.12524e-12.  Total volume = 5.20369e-08.  Cell volumes OK.
    Mesh non-orthogonality Max: 4.43672 average: 0.26124
    Non-orthogonality check OK.
    Face pyramids OK.
    Max skewness = 0.3403 OK.
    Coupled point location match (average 0) OK.
    Face tets OK.
    Min/max edge length = 5.39093e-06 0.000427588 OK.
    All angles in faces OK.
    Face flatness (1 = flat, 0 = butterfly) : min = 0.999997  average = 1
    All face flatness OK.
    Cell determinant (wellposedness) : minimum: 0.00136688 average: 0.177664
    Cell determinant check OK.
    Concave cell check OK.
    Face interpolation weight : minimum: 0.406217 average: 0.485039
    Face interpolation weight check OK.
    Face volume ratio : minimum: 0.393378 average: 0.884835
    Face volume ratio check OK.

Mesh OK.

End

=== fluid mesh OK ===
=== 3) Allmesh do SOLIDO (blockMesh + build_arteria + mergeMeshes + ...) ===
=== solid 1) blockMesh do nervo (staging/nerve) ===
/*---------------------------------------------------------------------------*\
| =========                 |                                                 |
| \\      /  F ield         | OpenFOAM: The Open Source CFD Toolbox           |
|  \\    /   O peration     | Version:  2512                                  |
|   \\  /    A nd           | Website:  www.openfoam.com                      |
|    \\/     M anipulation  |                                                 |
\*---------------------------------------------------------------------------*/
Build  : _bd2b6720-20260127 OPENFOAM=2512 version=2512
Arch   : "LSB;label=32;scalar=64"
Exec   : blockMesh
Date   : May 24 2026
Time   : 21:38:52
Host   : 7db37484b97f
PID    : 946
I/O    : uncollated
Case   : /simulation/sugestao/solid/staging/nerve
nProcs : 1
trapFpe: Floating point exception trapping enabled (FOAM_SIGFPE).
memory pool : not available
fileModificationChecking : Monitoring run-time modified files using timeStampMaster (fileModificationSkew 5, maxFileModificationPolls 20)
allowSystemOperations : Allowing user-supplied system call operations

// * * * * * * * * * * * * * * * * * * * * * * * * * * * * * * * * * * * * * //
Create time

Creating block mesh from "system/blockMeshDict"
Creating block edges
No non-planar block faces defined
Creating topology blocks

Creating topology patches - from boundary section

Creating block mesh topology - scaling/transform applied later

Check topology

	Basic statistics
		Number of internal faces : 66
		Number of boundary faces : 30
		Number of defined boundary faces : 30
		Number of undefined boundary faces : 0
	Checking patch -> block consistency

Creating block offsets
Creating merge list (topological search)...

Creating polyMesh from blockMesh
Creating patches
Creating cells
Creating points with scale (0.001 0.001 0.001)
    Block 0 cell size :
        i : 0.0001875 .. 0.0001875
        j : 0.0001875 .. 0.0001875
        k : 0.001 .. 0.001

    Block 1 cell size :
        i : 7.32233e-05 .. 7.32233e-05
        j : 0.0001875 .. 0.0001875
        k : 0.001 .. 0.001

    Block 2 cell size :
        i : 7.32233e-05 .. 7.32233e-05
        j : 0.0001875 .. 0.0001875
        k : 0.001 .. 0.001

    Block 3 cell size :
        i : 7.32233e-05 .. 7.32233e-05
        j : 0.0001875 .. 0.0001875
        k : 0.001 .. 0.001

    Block 4 cell size :
        i : 7.32233e-05 .. 7.32233e-05
        j : 0.0001875 .. 0.0001875
        k : 0.001 .. 0.001

    Block 5 cell size :
        i : 0.000125001 .. 0.000125001
        j : 0.000294051 .. 0.000294051
        k : 0.001 .. 0.001

    Block 6 cell size :
        i : 0.000125001 .. 0.000125001
        j : 0.000294051 .. 0.000294051
        k : 0.001 .. 0.001

    Block 7 cell size :
        i : 0.000125001 .. 0.000125001
        j : 0.000294051 .. 0.000294051
        k : 0.001 .. 0.001

    Block 8 cell size :
        i : 0.000125001 .. 0.000125001
        j : 0.000294051 .. 0.000294051
        k : 0.001 .. 0.001

    Block 9 cell size :
        i : 0.0001875 .. 0.0001875
        j : 0.0001875 .. 0.0001875
        k : 0.0005 .. 0.0005

    Block 10 cell size :
        i : 7.32233e-05 .. 7.32233e-05
        j : 0.0001875 .. 0.0001875
        k : 0.0005 .. 0.0005

    Block 11 cell size :
        i : 7.32233e-05 .. 7.32233e-05
        j : 0.0001875 .. 0.0001875
        k : 0.0005 .. 0.0005

    Block 12 cell size :
        i : 7.32233e-05 .. 7.32233e-05
        j : 0.0001875 .. 0.0001875
        k : 0.0005 .. 0.0005

    Block 13 cell size :
        i : 7.32233e-05 .. 7.32233e-05
        j : 0.0001875 .. 0.0001875
        k : 0.0005 .. 0.0005

    Block 14 cell size :
        i : 0.000125001 .. 0.000125001
        j : 0.000294051 .. 0.000294051
        k : 0.0005 .. 0.0005

    Block 15 cell size :
        i : 0.000125001 .. 0.000125001
        j : 0.000294051 .. 0.000294051
        k : 0.0005 .. 0.0005

    Block 16 cell size :
        i : 0.000125001 .. 0.000125001
        j : 0.000294051 .. 0.000294051
        k : 0.0005 .. 0.0005

    Block 17 cell size :
        i : 0.000125001 .. 0.000125001
        j : 0.000294051 .. 0.000294051
        k : 0.0005 .. 0.0005

    Block 18 cell size :
        i : 0.0001875 .. 0.0001875
        j : 0.0001875 .. 0.0001875
        k : 0.0005 .. 0.0005

    Block 19 cell size :
        i : 7.32233e-05 .. 7.32233e-05
        j : 0.0001875 .. 0.0001875
        k : 0.0005 .. 0.0005

    Block 20 cell size :
        i : 7.32233e-05 .. 7.32233e-05
        j : 0.0001875 .. 0.0001875
        k : 0.0005 .. 0.0005

    Block 21 cell size :
        i : 7.32233e-05 .. 7.32233e-05
        j : 0.0001875 .. 0.0001875
        k : 0.0005 .. 0.0005

    Block 22 cell size :
        i : 7.32233e-05 .. 7.32233e-05
        j : 0.0001875 .. 0.0001875
        k : 0.0005 .. 0.0005

    Block 23 cell size :
        i : 0.000125001 .. 0.000125001
        j : 0.000294051 .. 0.000294051
        k : 0.0005 .. 0.0005

    Block 24 cell size :
        i : 0.000125001 .. 0.000125001
        j : 0.000294051 .. 0.000294051
        k : 0.0005 .. 0.0005

    Block 25 cell size :
        i : 0.000125001 .. 0.000125001
        j : 0.000294051 .. 0.000294051
        k : 0.0005 .. 0.0005

    Block 26 cell size :
        i : 0.000125001 .. 0.000125001
        j : 0.000294051 .. 0.000294051
        k : 0.0005 .. 0.0005

Adding cell zones
    0	on
    1	ons
    2	lc
    3	sclera
    4	globo
No patch pairs to merge

Writing polyMesh with 5 cellZones
----------------
Mesh Information
----------------
  boundingBox: (-0.0025 -0.0025 0) (0.0025 0.0025 0.031)
  nPoints: 17457
  nCells: 16384
  nFaces: 50176
  nInternalFaces: 48128
----------------
Cell Zones
----------------
  zone 0 (size: 7680) name: on
  zone 1 (size: 7680) name: ons
  zone 2 (size: 256) name: lc
  zone 3 (size: 256) name: sclera
  zone 4 (size: 512) name: globo
----------------
Patches
----------------
  patch 0 (start: 48128 size: 256) name: posterior_on
  patch 1 (start: 48384 size: 256) name: posterior_ons
  patch 2 (start: 48640 size: 960) name: ons_outer
  patch 3 (start: 49600 size: 32) name: sclera_outer
  patch 4 (start: 49632 size: 32) name: globo_outer
  patch 5 (start: 49664 size: 512) name: anterior_globo

End

=== solid 2) Copia polyMesh da arteria do ao-mestrado (geometria anatomica completa) ===
[copy-arteria] origem (ao-mestrado): /simulation/sugestao/../ao-mestrado/solid/constant/polyMesh
[copy-arteria] destino (sugestao staging): /simulation/sugestao/solid/staging/arteria/constant/polyMesh
[copy-arteria] copiados: ['points', 'faces', 'owner', 'neighbour', 'boundary']
[copy-arteria] nCells (do owner) = 15264
[copy-arteria] patch 'lumen' renomeado para 'arteria_lumen'.
[copy-arteria] cellZones escrito (15264 cells em zona 'arteria').
[copy-arteria] aplicando translacao radial para criar overlap inicial de 0.0 um com R_ons=2.50 mm...
[copy-arteria]   r_min ANTES:  2.5068 mm
[copy-arteria]   r_min DEPOIS: 2.5000 mm
[copy-arteria]   R_ons:        2.5000 mm
[copy-arteria]   delta_xy:     (-5.85, +3.49) um
[copy-arteria]   overlap alvo: 0.0 um
[copy-arteria]   overlap real: -0.0 um (positivo = interpenetracao)
[copy-arteria] OK.
=== solid 3) Copia mesh do nervo para constant/polyMesh (master) ===
=== solid 4) mergeMeshes  (master <- nerve, added <- arteria) ===
/*---------------------------------------------------------------------------*\
| =========                 |                                                 |
| \\      /  F ield         | OpenFOAM: The Open Source CFD Toolbox           |
|  \\    /   O peration     | Version:  2512                                  |
|   \\  /    A nd           | Website:  www.openfoam.com                      |
|    \\/     M anipulation  |                                                 |
\*---------------------------------------------------------------------------*/
Build  : _bd2b6720-20260127 OPENFOAM=2512 version=2512
Arch   : "LSB;label=32;scalar=64"
Exec   : mergeMeshes -overwrite . staging/arteria
Date   : May 24 2026
Time   : 21:38:53
Host   : 7db37484b97f
PID    : 952
I/O    : uncollated
Case   : /simulation/sugestao/solid
nProcs : 1
trapFpe: Floating point exception trapping enabled (FOAM_SIGFPE).
memory pool : not available
fileModificationChecking : Monitoring run-time modified files using timeStampMaster (fileModificationSkew 5, maxFileModificationPolls 20)
allowSystemOperations : Allowing user-supplied system call operations

// * * * * * * * * * * * * * * * * * * * * * * * * * * * * * * * * * * * * * //
Master:      "/simulation/sugestao/solid"  region region0
mesh to add: "staging/arteria"  region region0

Create Times
Reading master mesh for time = 0
Create mesh

Reading mesh to add for time = 0
Create mesh

Writing combined mesh to 0
patch names: 10(posterior_on posterior_ons ons_outer sclera_outer globo_outer anterior_globo inner_cap_back inner_cap_front arteria_lumen arteria_externa)
patch dicts: 
10
(

{
    type            wall;
    inGroups        1 ( wall );
    nFaces          256;
    startFace       48128;
}


{
    type            wall;
    inGroups        1 ( wall );
    nFaces          256;
    startFace       48384;
}


{
    type            wall;
    inGroups        1 ( wall );
    nFaces          960;
    startFace       48640;
}


{
    type            wall;
    inGroups        1 ( wall );
    nFaces          32;
    startFace       49600;
}


{
    type            wall;
    inGroups        1 ( wall );
    nFaces          32;
    startFace       49632;
}


{
    type            wall;
    inGroups        1 ( wall );
    nFaces          512;
    startFace       49664;
}


{
    type            wall;
    inGroups        1 ( wall );
    nFaces          96;
    startFace       40608;
}


{
    type            wall;
    inGroups        1 ( wall );
    nFaces          96;
    startFace       40704;
}


{
    type            wall;
    inGroups        1 ( wall );
    nFaces          5088;
    startFace       40800;
}


{
    type            wall;
    inGroups        1 ( wall );
    nFaces          5088;
    startFace       45888;
}

)

point zone names: 0()
face zone names: 0()
cell zone names: 6(on ons lc sclera globo arteria)
Copying old patches
Adding new patches. 
Adding new cellZones.
Reordering processor patches last
End

=== solid 5) topoSet  (cria faceZone csf_interface) ===
/*---------------------------------------------------------------------------*\
| =========                 |                                                 |
| \\      /  F ield         | OpenFOAM: The Open Source CFD Toolbox           |
|  \\    /   O peration     | Version:  2512                                  |
|   \\  /    A nd           | Website:  www.openfoam.com                      |
|    \\/     M anipulation  |                                                 |
\*---------------------------------------------------------------------------*/
Build  : _bd2b6720-20260127 OPENFOAM=2512 version=2512
Arch   : "LSB;label=32;scalar=64"
Exec   : topoSet -dict system/topoSetDict_csf
Date   : May 24 2026
Time   : 21:38:53
Host   : 7db37484b97f
PID    : 967
I/O    : uncollated
Case   : /simulation/sugestao/solid
nProcs : 1
trapFpe: Floating point exception trapping enabled (FOAM_SIGFPE).
memory pool : not available
fileModificationChecking : Monitoring run-time modified files using timeStampMaster (fileModificationSkew 5, maxFileModificationPolls 20)
allowSystemOperations : Allowing user-supplied system call operations

// * * * * * * * * * * * * * * * * * * * * * * * * * * * * * * * * * * * * * //
Create time

Create polyMesh for time = 0

Reading topoSetDict_csf

Time = 0
    mesh not changed.
Created cellSet on_cells
    Applying source zoneToCell
--> FOAM IOWarning :
    Found [v1806] 'name' entry instead of 'zone' in dictionary "system/topoSetDict_csf/actions/sourceInfo"

    This keyword is 90 months old.

    Adding all cells of cell zones: (on) ...
    Using zone on with 7680 cells
    cellSet on_cells now size 7680
Created cellSet ons_cells
    Applying source zoneToCell
--> FOAM IOWarning :
    Found [v1806] 'name' entry instead of 'zone' in dictionary "system/topoSetDict_csf/actions/sourceInfo"

    This keyword is 90 months old.

    Adding all cells of cell zones: (ons) ...
    Using zone ons with 7680 cells
    cellSet ons_cells now size 7680
Created faceSet csf_interface_faces
    Applying source cellToFace
    Adding faces according to cell sets: (on_cells)
    faceSet csf_interface_faces now size 23776
Read set faceSet csf_interface_faces size:23776
    Applying source cellToFace
    Adding faces according to cell sets: (ons_cells)
    faceSet csf_interface_faces now size 960
Created faceZoneSet csf_interface
    Applying source setsToFaceZone
    Adding all faces from face set: csf_interface_faces; orientation pointing away from cell set: on_cells ...
    faceZoneSet csf_interface now size 960

End

=== solid 6) createBaffles  (debond ON-ONS: on_outer + ons_inner) ===
/*---------------------------------------------------------------------------*\
| =========                 |                                                 |
| \\      /  F ield         | OpenFOAM: The Open Source CFD Toolbox           |
|  \\    /   O peration     | Version:  2512                                  |
|   \\  /    A nd           | Website:  www.openfoam.com                      |
|    \\/     M anipulation  |                                                 |
\*---------------------------------------------------------------------------*/
Build  : _bd2b6720-20260127 OPENFOAM=2512 version=2512
Arch   : "LSB;label=32;scalar=64"
Exec   : createBaffles -dict system/createBafflesDict_csf -overwrite
Date   : May 24 2026
Time   : 21:38:54
Host   : 7db37484b97f
PID    : 1024
I/O    : uncollated
Case   : /simulation/sugestao/solid
nProcs : 1
trapFpe: Floating point exception trapping enabled (FOAM_SIGFPE).
memory pool : not available
fileModificationChecking : Monitoring run-time modified files using timeStampMaster (fileModificationSkew 5, maxFileModificationPolls 20)
allowSystemOperations : Allowing user-supplied system call operations

// * * * * * * * * * * * * * * * * * * * * * * * * * * * * * * * * * * * * * //
Create time

Create mesh for time = 0

Reading baffle criteria from createBafflesDict_csf

Not converting faces on non-coupled patches.

Reading geometric fields

Reading volVectorField: DCreating solidForce boundary condition
    force is specified as a field
Creating fixedDisplacement boundary condition
Creating fixedDisplacement boundary condition
Creating solidTraction boundary condition
Creating solidTraction boundary condition
Creating fixedDisplacement boundary condition
Creating solidTraction boundary condition
Creating solidTraction boundary condition
 solidForce
Created zone csf_interface_baffle at index 1 with 960 faces
Converted 960 faces into boundary faces in patches 2(on_outer ons_inner)

--> FOAM Warning : 
    From int main(int, char**)
    in file createBaffles.C at line 861
    Setting field on boundary faces to zero.
You might have to edit these fields.
Writing mesh to 0
End

=== solid 6b) Restaura 0/D e 0/solidForce templates ===
=== solid 7) checkMesh ===
/*---------------------------------------------------------------------------*\
| =========                 |                                                 |
| \\      /  F ield         | OpenFOAM: The Open Source CFD Toolbox           |
|  \\    /   O peration     | Version:  2512                                  |
|   \\  /    A nd           | Website:  www.openfoam.com                      |
|    \\/     M anipulation  |                                                 |
\*---------------------------------------------------------------------------*/
Build  : _bd2b6720-20260127 OPENFOAM=2512 version=2512
Arch   : "LSB;label=32;scalar=64"
Exec   : checkMesh -allTopology -allGeometry
Date   : May 24 2026
Time   : 21:38:55
Host   : 7db37484b97f
PID    : 1110
I/O    : uncollated
Case   : /simulation/sugestao/solid
nProcs : 1
trapFpe: Floating point exception trapping enabled (FOAM_SIGFPE).
memory pool : not available
fileModificationChecking : Monitoring run-time modified files using timeStampMaster (fileModificationSkew 5, maxFileModificationPolls 20)
allowSystemOperations : Allowing user-supplied system call operations

// * * * * * * * * * * * * * * * * * * * * * * * * * * * * * * * * * * * * * //
Create time

Create mesh for time = 0

Check mesh...
    Enabling all (cell, face, edge, point) topology checks.
    Enabling all geometry checks.

Time = 0

Mesh stats 
    points:           37937
    faces:            102112
    internal faces:   87776
    cells:            31648
    faces per cell:   6
    boundary patches: 12
    point zones:      0
    face zones:       2
    cell zones:       6

Overall number of cells of each type:
    hexahedra:     31648
    prisms:        0
    wedges:        0
    pyramids:      0
    tet wedges:    0
    tetrahedra:    0
    polyhedra:     0

Checking topology...
    Boundary definition OK.
    Cell to face addressing OK.
    Point usage OK.
    Upper triangular ordering OK.
    Face vertices OK.
    Topological cell zip-up check OK.
    Number of identical duplicate faces (baffle faces): 960
    Face-face connectivity OK.
  <<Writing 1920 faces with non-standard edge connectivity to set edgeFaces
   *Number of regions: 2
    The mesh has multiple regions which are not connected by any face.
  <<Writing region information to "0/cellToRegion"
  <<Writing region 0 (fully disconnected) with 16384 cells to cellSet region0
  <<Writing region 1 (fully disconnected) with 15264 cells to cellSet region1

Checking patch topology for multiply connected surfaces...
    Patch               Faces    Points     Surface topology  Bounding box
    posterior_on        256      273      ok (non-closed singly connected)   (-0.0015 -0.0015 0) (0.0015 0.0015 0)
    posterior_ons       256      288      ok (non-closed singly connected)   (-0.0025 -0.0025 0) (0.0025 0.0025 0)
    ons_outer           960      992      ok (non-closed singly connected)   (-0.0025 -0.0025 0) (0.0025 0.0025 0.03)
    sclera_outer        32       64       ok (non-closed singly connected)   (-0.0025 -0.0025 0.03) (0.0025 0.0025 0.0305)
    globo_outer         32       64       ok (non-closed singly connected)   (-0.0025 -0.0025 0.0305) (0.0025 0.0025 0.031)
    anterior_globo      512      529      ok (non-closed singly connected)   (-0.0025 -0.0025 0.031) (0.0025 0.0025 0.031)
    inner_cap_back      96       128      ok (non-closed singly connected)   (-0.0139558 0.00180349 -0.00547002) (-0.0124558 0.00330349 -0.00547002)
    inner_cap_front     96       128      ok (non-closed singly connected)   (-0.00755892 -0.00569345 0.033161) (-0.00634772 -0.00419956 0.0340355)
    arteria_lumen       5088     5120     ok (non-closed singly connected)   (-0.0137558 -0.00549427 -0.00547002) (0.00417 0.00448053 0.0339189)
    arteria_externa     5088     5120     ok (non-closed singly connected)   (-0.0139558 -0.00569345 -0.00547002) (0.00436991 0.00468008 0.0340355)
    on_outer            960      992      ok (non-closed singly connected)   (-0.0015 -0.0015 0) (0.0015 0.0015 0.03)
    ons_inner           960      992      ok (non-closed singly connected)   (-0.0015 -0.0015 0) (0.0015 0.0015 0.03)
    ".*"                14336    13378    multiply connected (shared edge)   (-0.0139558 -0.00569345 -0.00547002) (0.00436991 0.00468008 0.0340355)

Detected 1920 bad edges (possibly relevant for finite-area)

Checking faceZone topology for multiply connected surfaces...
    FaceZone            Faces    Points   Surface topology                   Bounding box
    csf_interface       0        0        ok (empty)                        
    csf_interface_baffle1920     992      multiply connected (shared edge)   (-0.0015 -0.0015 0) (0.0015 0.0015 0.03)
  <<Writing 992 conflicting points to set nonManifoldPoints

Checking basic cellZone addressing...
    CellZone            Cells        Points       Volume       BoundingBox
    on                  7680         8463         2.10697e-07  (-0.0015 -0.0015 0) (0.0015 0.0015 0.03)
    ons                 7680         8928         3.74574e-07  (-0.0025 -0.0025 0) (0.0025 0.0025 0.03)
    lc                  256          546          3.51162e-09  (-0.0015 -0.0015 0.03) (0.0015 0.0015 0.0305)
    sclera              256          576          6.24291e-09  (-0.0025 -0.0025 0.03) (0.0025 0.0025 0.0305)
    globo               512          1058         9.75453e-09  (-0.0025 -0.0025 0.0305) (0.0025 0.0025 0.031)
    arteria             15264        20480        4.48379e-08  (-0.0139558 -0.00569345 -0.00547002) (0.00436991 0.00468008 0.0340355)

Checking basic pointZone addressing...
    No pointZones found.

Checking geometry...
    Overall domain bounding box (-0.0139558 -0.00569345 -0.00547002) (0.00436991 0.00468008 0.0340355)
    Mesh has 3 geometric (non-empty/wedge) directions (1 1 1)
    Mesh has 3 solution (non-empty) directions (1 1 1)
    Boundary openness (-3.84173e-17 -3.8383e-17 7.02085e-17) OK.
    Max cell openness = 2.91312e-16 OK.
    Max aspect ratio = 17.5946 OK.
    Minimum face area = 7.57815e-09. Maximum face area = 4.90087e-07.  Face area magnitudes OK.
    Min volume = 1.82734e-12. Max volume = 5.94443e-11.  Total volume = 6.49619e-07.  Cell volumes OK.
    Mesh non-orthogonality Max: 26.6482 average: 3.12179
    Non-orthogonality check OK.
    Face pyramids OK.
    Max skewness = 1.78672 OK.
    Coupled point location match (average 0) OK.
    Face tets OK.
    Min/max edge length = 6.65727e-05 0.001 OK.
    All angles in faces OK.
    Face flatness (1 = flat, 0 = butterfly) : min = 0.999996  average = 1
    All face flatness OK.
    Cell determinant (wellposedness) : minimum: 0.00902563 average: 0.247707
    Cell determinant check OK.
    Concave cell check OK.
    Face interpolation weight : minimum: 0.271969 average: 0.493844
    Face interpolation weight check OK.
    Face volume ratio : minimum: 0.38683 average: 0.959118
    Face volume ratio check OK.

Mesh OK.

End

=== solid 8) cellZones presentes ===
on
ons
lc
sclera
globo
arteria
OK: cellZones esperadas presentes.
=== solid 9) patches presentes ===
  OK   patch arteria_lumen
  OK   patch arteria_externa
  OK   patch inner_cap_back
  OK   patch inner_cap_front
  OK   patch posterior_on
  OK   patch posterior_ons
  OK   patch ons_outer
  OK   patch sclera_outer
  OK   patch globo_outer
  OK   patch anterior_globo
  OK   patch on_outer
  OK   patch ons_inner
=== solid mesh OK ===
=== 4) Coupled solvers (preCICE) ===
=== Allrun finished ===
