SUMMARY OF C0NVERGENCE INFORMATION
  STEP   INC  ATT   ITER     CONT.   RESID.        CORR.      RESID.      CORR.
                              EL.    FORCE         DISP       FLUX        TEMP.
                              (#)     (%)           (%)        (%)         (%)
     1     1     1     1        0  0.1124E+03  0.1000E+03  0.0000E+00  0.0000E+00
     1     1     1     2        0  0.0000E+00  0.4361E-01  0.0000E+00  0.0000E+00
     1     2     1     1        0  0.1085E+03  0.9965E+02  0.0000E+00  0.0000E+00
     1     2     1     2        0  0.0000E+00  0.1276E+00  0.0000E+00  0.0000E+00
     1     3     1     1        0  0.6644E+03  0.1000E+03  0.0000E+00  0.0000E+00
     1     3     1     2        0  0.0000E+00  0.3275E+00  0.0000E+00  0.0000E+00
     1     4     1     1        0  0.4986E+03  0.1000E+03  0.0000E+00  0.0000E+00
     1     4     1     2        0  0.0000E+00  0.1810E+00  0.0000E+00  0.0000E+00
     1     5     1     1        0  0.0000E+00  0.1000E+03  0.0000E+00  0.0000E+00
     1     5     1     2        0  0.0000E+00  0.1728E-02  0.0000E+00  0.0000E+00
     1     6     1     1        0  0.0000E+00  0.9987E+02  0.0000E+00  0.0000E+00
     1     6     1     2        0  0.0000E+00  0.1433E-02  0.0000E+00  0.0000E+00
     1     7     1     1        0  0.0000E+00  0.1000E+03  0.0000E+00  0.0000E+00
     1     7     1     2        0  0.0000E+00  0.2618E-02  0.0000E+00  0.0000E+00
     1     8     1     1        0  0.3145E+03  0.1000E+03  0.0000E+00  0.0000E+00
     1     8     1     2        0  0.0000E+00  0.1958E+00  0.0000E+00  0.0000E+00
     1     9     1     1        0  0.2798E+03  0.9996E+02  0.0000E+00  0.0000E+00
     1     9     1     2        0  0.0000E+00  0.1852E+00  0.0000E+00  0.0000E+00
     1    10     1     1        0  0.0000E+00  0.2413E+02  0.0000E+00  0.0000E+00
     1    10     1     2        0  0.0000E+00  0.2034E-03  0.0000E+00  0.0000E+00
     1    11     1     1        0  0.2240E+03  0.1000E+03  0.0000E+00  0.0000E+00
     1    11     1     2        0  0.0000E+00  0.1955E+00  0.0000E+00  0.0000E+00
     1    12     1     1        0  0.2034E+03  0.9982E+02  0.0000E+00  0.0000E+00
     1    12     1     2        0  0.0000E+00  0.1848E+00  0.0000E+00  0.0000E+00
     1    13     1     1        0  0.0000E+00  0.4901E+02  0.0000E+00  0.0000E+00
     1    13     1     2        0  0.0000E+00  0.7157E-03  0.0000E+00  0.0000E+00
     1    14     1     1        0  0.1704E+03  0.1000E+03  0.0000E+00  0.0000E+00
     1    14     1     2        0  0.0000E+00  0.1957E+00  0.0000E+00  0.0000E+00
     1    15     1     1        0  0.1572E+03  0.9967E+02  0.0000E+00  0.0000E+00
     1    15     1     2        0  0.0000E+00  0.1846E+00  0.0000E+00  0.0000E+00
     1    16     1     1        0  0.0000E+00  0.6595E+02  0.0000E+00  0.0000E+00
     1    16     1     2        0  0.0000E+00  0.9111E-03  0.0000E+00  0.0000E+00
     1    17     1     1        0  0.1366E+03  0.1000E+03  0.0000E+00  0.0000E+00
     1    17     1     2        0  0.0000E+00  0.1961E+00  0.0000E+00  0.0000E+00
     1    18     1     1        0  0.1275E+03  0.9952E+02  0.0000E+00  0.0000E+00
     1    18     1     2        0  0.0000E+00  0.1844E+00  0.0000E+00  0.0000E+00
     1    19     1     1        0  0.0000E+00  0.7440E+02  0.0000E+00  0.0000E+00
     1    19     1     2        0  0.0000E+00  0.1282E-02  0.0000E+00  0.0000E+00
     1    20     1     1        0  0.1139E+03  0.1000E+03  0.0000E+00  0.0000E+00
     1    20     1     2        0  0.0000E+00  0.1968E+00  0.0000E+00  0.0000E+00
     1    21     1     1        0  0.1070E+03  0.9936E+02  0.0000E+00  0.0000E+00
     1    21     1     2        0  0.0000E+00  0.1844E+00  0.0000E+00  0.0000E+00
     1    22     1     1        0  0.0000E+00  0.7946E+02  0.0000E+00  0.0000E+00
     1    22     1     2        0  0.0000E+00  0.2918E-02  0.0000E+00  0.0000E+00
     1    23     1     1        0  0.9762E+02  0.1000E+03  0.0000E+00  0.0000E+00
     1    23     1     2        0  0.0000E+00  0.1979E+00  0.0000E+00  0.0000E+00
     1    24     1     1        0  0.9213E+02  0.9921E+02  0.0000E+00  0.0000E+00
     1    24     1     2        0  0.0000E+00  0.1854E+00  0.0000E+00  0.0000E+00
     1    25     1     1        0  0.0000E+00  0.8280E+02  0.0000E+00  0.0000E+00
     1    25     1     2        0  0.0000E+00  0.8119E-02  0.0000E+00  0.0000E+00
     1    26     1     1        0  0.0000E+00  0.1000E+03  0.0000E+00  0.0000E+00
     1    26     1     2        0  0.0000E+00  0.7226E-02  0.0000E+00  0.0000E+00
     1    27     1     1        0  0.0000E+00  0.1000E+03  0.0000E+00  0.0000E+00
     1    27     1     2        0  0.0000E+00  0.2625E-03  0.0000E+00  0.0000E+00
     1    28     1     1        0  0.0000E+00  0.1000E+03  0.0000E+00  0.0000E+00
     1    28     1     2        0  0.0000E+00  0.9109E-04  0.0000E+00  0.0000E+00
     1    29     1     1        0  0.7832E+02  0.1000E+03  0.0000E+00  0.0000E+00
     1    29     1     2        0  0.0000E+00  0.2002E+00  0.0000E+00  0.0000E+00
     1    30     1     1        0  0.7464E+02  0.9905E+02  0.0000E+00  0.0000E+00
     1    30     1     2        0  0.0000E+00  0.1863E+00  0.0000E+00  0.0000E+00
     1    31     1     1        0  0.0000E+00  0.8530E+02  0.0000E+00  0.0000E+00
     1    31     1     2        0  0.0000E+00  0.2545E-02  0.0000E+00  0.0000E+00
     1    32     1     1        0  0.7150E+02  0.1000E+03  0.0000E+00  0.0000E+00
     1    32     1     2        0  0.0000E+00  0.2015E+00  0.0000E+00  0.0000E+00
     1    33     1     1        0  0.6824E+02  0.9888E+02  0.0000E+00  0.0000E+00
     1    33     1     2        0  0.0000E+00  0.1872E+00  0.0000E+00  0.0000E+00
     1    34     1     1        0  0.0000E+00  0.8695E+02  0.0000E+00  0.0000E+00
     1    34     1     2        0  0.0000E+00  0.5088E-01  0.0000E+00  0.0000E+00
     1    35     1     1        0  0.6583E+02  0.1000E+03  0.0000E+00  0.0000E+00
     1    35     1     2        0  0.0000E+00  0.2848E+00  0.0000E+00  0.0000E+00
     1    36     1     1        0  0.6272E+02  0.9873E+02  0.0000E+00  0.0000E+00
     1    36     1     2        0  0.0000E+00  0.9254E+00  0.0000E+00  0.0000E+00
     1    37     1     1        0  0.0000E+00  0.1000E+03  0.0000E+00  0.0000E+00
     1    37     1     2        0  0.0000E+00  0.4492E+00  0.0000E+00  0.0000E+00
     1    38     1     1        0  0.5253E+01  0.1000E+03  0.0000E+00  0.0000E+00
     1    38     1     2        0  0.0000E+00  0.5050E-01  0.0000E+00  0.0000E+00
     1    39     1     1        0  0.4996E+01  0.9868E+02  0.0000E+00  0.0000E+00
     1    39     1     2        0  0.0000E+00  0.8222E+00  0.0000E+00  0.0000E+00
     1    40     1     1        0  0.5798E+01  0.1000E+03  0.0000E+00  0.0000E+00
     1    40     1     2        0  0.0000E+00  0.3509E-01  0.0000E+00  0.0000E+00
     1    41     1     1        0  0.5362E+01  0.9912E+02  0.0000E+00  0.0000E+00
     1    41     1     2        0  0.0000E+00  0.9208E+00  0.0000E+00  0.0000E+00
     1    42     1     1        0  0.0000E+00  0.9373E+02  0.0000E+00  0.0000E+00
     1    42     1     2        0  0.0000E+00  0.7044E-03  0.0000E+00  0.0000E+00
     1    43     1     1        0  0.0000E+00  0.1000E+03  0.0000E+00  0.0000E+00
     1    43     1     2        0  0.0000E+00  0.1204E-03  0.0000E+00  0.0000E+00
     1    44     1     1        0  0.0000E+00  0.1000E+03  0.0000E+00  0.0000E+00
     1    44     1     2        0  0.0000E+00  0.8920E-03  0.0000E+00  0.0000E+00
     1    45     1     1        0  0.0000E+00  0.1000E+03  0.0000E+00  0.0000E+00
     1    45     1     2        0  0.0000E+00  0.8079E-03  0.0000E+00  0.0000E+00
     1    46     1     1        0  0.0000E+00  0.1000E+03  0.0000E+00  0.0000E+00
     1    46     1     2        0  0.0000E+00  0.5027E-03  0.0000E+00  0.0000E+00
