SUMMARY OF JOB INFORMATION
  STEP      INC     ATT  ITRS     TOT TIME     STEP TIME      INC TIME
     1          1     1     3  0.250000E-01  0.250000E-01  0.250000E-01
     1          2     1     2  0.500000E-01  0.500000E-01  0.250000E-01
     1          3     1     2  0.875000E-01  0.875000E-01  0.375000E-01
     1          4     1     2  0.137500E+00  0.137500E+00  0.500000E-01
     1          5     1     2  0.187500E+00  0.187500E+00  0.500000E-01
     1          6     1     2  0.237500E+00  0.237500E+00  0.500000E-01
     1          7     1     2  0.287500E+00  0.287500E+00  0.500000E-01
     1          8     1     2  0.337500E+00  0.337500E+00  0.500000E-01
     1          9     1     2  0.387500E+00  0.387500E+00  0.500000E-01
     1         10     1     2  0.437500E+00  0.437500E+00  0.500000E-01
     1         11     1     2  0.487500E+00  0.487500E+00  0.500000E-01
     1         12     1     2  0.537500E+00  0.537500E+00  0.500000E-01
     1         13     1     2  0.587500E+00  0.587500E+00  0.500000E-01
     1         14     1     4  0.637500E+00  0.637500E+00  0.500000E-01
     1         15     1U    4  0.637500E+00  0.637500E+00  0.500000E-01
     1         15     2     2  0.650000E+00  0.650000E+00  0.125000E-01
     1         16     1     2  0.662500E+00  0.662500E+00  0.125000E-01
     1         17     1     4  0.681250E+00  0.681250E+00  0.187500E-01
     1         18     1     6  0.709375E+00  0.709375E+00  0.281250E-01
     1         19     1U    9  0.709375E+00  0.709375E+00  0.281250E-01
     1         19     2     3  0.716406E+00  0.716406E+00  0.703125E-02
     1         20     1     2  0.723438E+00  0.723438E+00  0.703125E-02
     1         21     1     2  0.733984E+00  0.733984E+00  0.105469E-01
     1         22     1     3  0.749805E+00  0.749805E+00  0.158203E-01
     1         23     1U    5  0.749805E+00  0.749805E+00  0.237305E-01
     1         23     2     2  0.755737E+00  0.755737E+00  0.593262E-02
     1         24     1     2  0.761670E+00  0.761670E+00  0.593262E-02
     1         25     1     2  0.770569E+00  0.770569E+00  0.889893E-02
     1         26     1     2  0.783917E+00  0.783917E+00  0.133484E-01
     1         27     1     2  0.803940E+00  0.803940E+00  0.200226E-01
     1         28     1     2  0.833974E+00  0.833974E+00  0.300339E-01
     1         29     1     3  0.879025E+00  0.879025E+00  0.450508E-01
     1         30     1     5  0.929025E+00  0.929025E+00  0.500000E-01
     1         31     1     6  0.979025E+00  0.979025E+00  0.500000E-01
     1         32     1     3  0.100000E+01  0.100000E+01  0.209755E-01
