SUMMARY OF C0NVERGENCE INFORMATION
  STEP   INC  ATT   ITER     CONT.   RESID.        CORR.      RESID.      CORR.
                              EL.    FORCE         DISP       FLUX        TEMP.
                              (#)     (%)           (%)        (%)         (%)
     1     1     1     1        0  0.1791E+05  0.1000E+03  0.0000E+00  0.0000E+00
     1     1     1     2        0  0.1409E+03  0.9439E+01  0.0000E+00  0.0000E+00
     1     1     1     3        0  0.0000E+00  0.1865E-01  0.0000E+00  0.0000E+00
     1     2     1     1        0  0.0000E+00  0.3203E+01  0.0000E+00  0.0000E+00
     1     2     1     2        0  0.0000E+00  0.1008E-01  0.0000E+00  0.0000E+00
     1     3     1     1        0  0.0000E+00  0.8678E+00  0.0000E+00  0.0000E+00
     1     3     1     2        0  0.0000E+00  0.3940E-02  0.0000E+00  0.0000E+00
     1     4     1     1        0  0.0000E+00  0.1298E+01  0.0000E+00  0.0000E+00
     1     4     1     2        0  0.0000E+00  0.9633E-02  0.0000E+00  0.0000E+00
     1     5     1     1        0  0.0000E+00  0.1573E+01  0.0000E+00  0.0000E+00
     1     5     1     2        0  0.0000E+00  0.6265E-01  0.0000E+00  0.0000E+00
     1     6     1     1        0  0.0000E+00  0.3352E+01  0.0000E+00  0.0000E+00
     1     6     1     2        0  0.0000E+00  0.1915E-01  0.0000E+00  0.0000E+00
     1     7     1     1        0  0.2325E+02  0.4115E+01  0.0000E+00  0.0000E+00
     1     7     1     2        0  0.0000E+00  0.2450E-01  0.0000E+00  0.0000E+00
     1     8     1     1        0  0.2521E+02  0.7007E+01  0.0000E+00  0.0000E+00
     1     8     1     2        0  0.0000E+00  0.4726E-01  0.0000E+00  0.0000E+00
     1     9     1     1        0  0.2748E+02  0.9222E+01  0.0000E+00  0.0000E+00
     1     9     1     2        0  0.0000E+00  0.1090E+00  0.0000E+00  0.0000E+00
     1    10     1     1        0  0.3024E+02  0.9133E+01  0.0000E+00  0.0000E+00
     1    10     1     2        0  0.0000E+00  0.5578E-01  0.0000E+00  0.0000E+00
     1    11     1     1        0  0.3197E+02  0.7929E+01  0.0000E+00  0.0000E+00
     1    11     1     2        0  0.0000E+00  0.7326E-01  0.0000E+00  0.0000E+00
     1    12     1     1        0  0.3210E+02  0.9676E+01  0.0000E+00  0.0000E+00
     1    12     1     2        0  0.0000E+00  0.9227E-01  0.0000E+00  0.0000E+00
     1    13     1     1        0  0.2957E+02  0.2244E+02  0.0000E+00  0.0000E+00
     1    13     1     2        0  0.0000E+00  0.1065E+00  0.0000E+00  0.0000E+00
     1    14     1     1        0  0.4696E+03  0.1000E+03  0.0000E+00  0.0000E+00
     1    14     1     2        0  0.1952E+02  0.2877E+02  0.0000E+00  0.0000E+00
     1    14     1     3        0  0.1985E+02  0.1944E+02  0.0000E+00  0.0000E+00
     1    14     1     4        0  0.0000E+00  0.5338E+01  0.0000E+00  0.0000E+00
     1    15     1     1        0  0.1073E+04  0.1000E+03  0.0000E+00  0.0000E+00
     1    15     1     2        0  0.1901E+02  0.2846E+02  0.0000E+00  0.0000E+00
     1    15     1     3        0  0.1882E+03  0.7960E+02  0.0000E+00  0.0000E+00
     1    15     1     4        0  0.2059E+02  0.2568E+02  0.0000E+00  0.0000E+00
     1    15     2     1        0  0.2826E+02  0.1000E+03  0.0000E+00  0.0000E+00
     1    15     2     2        0  0.0000E+00  0.1668E+02  0.0000E+00  0.0000E+00
     1    16     1     1        0  0.0000E+00  0.1090E+02  0.0000E+00  0.0000E+00
     1    16     1     2        0  0.0000E+00  0.1262E+01  0.0000E+00  0.0000E+00
     1    17     1     1        0  0.2003E+03  0.1000E+03  0.0000E+00  0.0000E+00
     1    17     1     2        0  0.1445E+02  0.2956E+02  0.0000E+00  0.0000E+00
     1    17     1     3        0  0.8939E+01  0.2078E+02  0.0000E+00  0.0000E+00
     1    17     1     4        0  0.0000E+00  0.1311E+02  0.0000E+00  0.0000E+00
     1    18     1     1        0  0.6339E+04  0.7146E+02  0.0000E+00  0.0000E+00
     1    18     1     2        0  0.5757E+03  0.1510E+02  0.0000E+00  0.0000E+00
     1    18     1     3        0  0.3159E+03  0.1551E+02  0.0000E+00  0.0000E+00
     1    18     1     4        0  0.1736E+02  0.3640E+01  0.0000E+00  0.0000E+00
     1    18     1     5        0  0.4227E+02  0.5943E+01  0.0000E+00  0.0000E+00
     1    18     1     6        0  0.0000E+00  0.1650E+01  0.0000E+00  0.0000E+00
     1    19     1     1        0  0.4031E+03  0.1000E+03  0.0000E+00  0.0000E+00
     1    19     1     2        0  0.1102E+04  0.1000E+03  0.0000E+00  0.0000E+00
     1    19     1     3        0  0.2332E+03  0.3966E+02  0.0000E+00  0.0000E+00
     1    19     1     4        0  0.6131E+03  0.8549E+02  0.0000E+00  0.0000E+00
     1    19     1     5        0  0.2100E+03  0.4579E+02  0.0000E+00  0.0000E+00
     1    19     1     6        0  0.2345E+03  0.6394E+02  0.0000E+00  0.0000E+00
     1    19     1     7        0  0.7805E+02  0.3000E+02  0.0000E+00  0.0000E+00
     1    19     1     8        0  0.1183E+03  0.4341E+02  0.0000E+00  0.0000E+00
     1    19     1     9        0  0.2006E+03  0.5425E+02  0.0000E+00  0.0000E+00
     1    19     2     1        0  0.0000E+00  0.2404E+02  0.0000E+00  0.0000E+00
     1    19     2     2        0  0.2228E+02  0.2307E+02  0.0000E+00  0.0000E+00
     1    19     2     3        0  0.0000E+00  0.3693E+01  0.0000E+00  0.0000E+00
     1    20     1     1        0  0.0000E+00  0.9914E+01  0.0000E+00  0.0000E+00
     1    20     1     2        0  0.0000E+00  0.2205E+00  0.0000E+00  0.0000E+00
     1    21     1     1        0  0.0000E+00  0.1034E+02  0.0000E+00  0.0000E+00
     1    21     1     2        0  0.0000E+00  0.5473E+00  0.0000E+00  0.0000E+00
     1    22     1     1        0  0.7248E+02  0.7390E+02  0.0000E+00  0.0000E+00
     1    22     1     2        0  0.8781E+01  0.6472E+02  0.0000E+00  0.0000E+00
     1    22     1     3        0  0.0000E+00  0.3018E+02  0.0000E+00  0.0000E+00
     1    23     1     1        0  0.1434E+03  0.1000E+03  0.0000E+00  0.0000E+00
     1    23     1     2        0  0.2415E+03  0.1000E+03  0.0000E+00  0.0000E+00
     1    23     1     3        0  0.6875E+02  0.4275E+02  0.0000E+00  0.0000E+00
     1    23     1     4        0  0.3057E+03  0.1000E+03  0.0000E+00  0.0000E+00
     1    23     1     5        0  0.1665E+04  0.1000E+03  0.0000E+00  0.0000E+00
     1    23     2     1        0  0.0000E+00  0.7147E+02  0.0000E+00  0.0000E+00
     1    23     2     2        0  0.0000E+00  0.1437E+02  0.0000E+00  0.0000E+00
     1    24     1     1        0  0.0000E+00  0.1953E+02  0.0000E+00  0.0000E+00
     1    24     1     2        0  0.0000E+00  0.1140E+02  0.0000E+00  0.0000E+00
     1    25     1     1        0  0.0000E+00  0.1261E+02  0.0000E+00  0.0000E+00
     1    25     1     2        0  0.0000E+00  0.6926E+01  0.0000E+00  0.0000E+00
     1    26     1     1        0  0.0000E+00  0.1120E+02  0.0000E+00  0.0000E+00
     1    26     1     2        0  0.0000E+00  0.6394E+01  0.0000E+00  0.0000E+00
     1    27     1     1        0  0.0000E+00  0.1293E+02  0.0000E+00  0.0000E+00
     1    27     1     2        0  0.0000E+00  0.6042E+01  0.0000E+00  0.0000E+00
     1    28     1     1        0  0.9212E+01  0.1583E+02  0.0000E+00  0.0000E+00
     1    28     1     2        0  0.0000E+00  0.4843E+01  0.0000E+00  0.0000E+00
     1    29     1     1        0  0.1389E+03  0.2379E+02  0.0000E+00  0.0000E+00
     1    29     1     2        0  0.2910E+02  0.8428E+01  0.0000E+00  0.0000E+00
     1    29     1     3        0  0.0000E+00  0.1205E+00  0.0000E+00  0.0000E+00
     1    30     1     1        0  0.1121E+04  0.4603E+02  0.0000E+00  0.0000E+00
     1    30     1     2        0  0.4100E+04  0.2227E+02  0.0000E+00  0.0000E+00
     1    30     1     3        0  0.5322E+02  0.1371E+01  0.0000E+00  0.0000E+00
     1    30     1     4        0  0.2513E+03  0.1571E+01  0.0000E+00  0.0000E+00
     1    30     1     5        0  0.0000E+00  0.4755E-01  0.0000E+00  0.0000E+00
     1    31     1     1        0  0.1784E+03  0.4194E+02  0.0000E+00  0.0000E+00
     1    31     1     2        0  0.2191E+05  0.2251E+02  0.0000E+00  0.0000E+00
     1    31     1     3        0  0.1420E+03  0.1249E+01  0.0000E+00  0.0000E+00
     1    31     1     4        0  0.1090E+04  0.3417E+01  0.0000E+00  0.0000E+00
     1    31     1     5        0  0.1062E+02  0.3390E+00  0.0000E+00  0.0000E+00
     1    31     1     6        0  0.0000E+00  0.7304E-01  0.0000E+00  0.0000E+00
     1    32     1     1        0  0.5882E+02  0.1780E+02  0.0000E+00  0.0000E+00
     1    32     1     2        0  0.3314E+03  0.5197E+01  0.0000E+00  0.0000E+00
     1    32     1     3        0  0.0000E+00  0.2517E+00  0.0000E+00  0.0000E+00
