SUMMARY OF C0NVERGENCE INFORMATION
  STEP   INC  ATT   ITER     CONT.   RESID.        CORR.      RESID.      CORR.
                              EL.    FORCE         DISP       FLUX        TEMP.
                              (#)     (%)           (%)        (%)         (%)
     1     1     1     1        0  0.3731E+05  0.1000E+03  0.0000E+00  0.0000E+00
     1     1     1     2        0  0.5083E+03  0.1088E+02  0.0000E+00  0.0000E+00
     1     1     1     3        0  0.0000E+00  0.3426E-01  0.0000E+00  0.0000E+00
     1     2     1     1        0  0.6794E+02  0.1678E+01  0.0000E+00  0.0000E+00
     1     2     1     2        0  0.0000E+00  0.5435E-01  0.0000E+00  0.0000E+00
     1     3     1     1        0  0.1837E+03  0.3174E+01  0.0000E+00  0.0000E+00
     1     3     1     2        0  0.0000E+00  0.5688E+01  0.0000E+00  0.0000E+00
     1     4     1     1        0  0.4944E+03  0.1406E+02  0.0000E+00  0.0000E+00
     1     4     1     2        0  0.2173E+02  0.6426E+00  0.0000E+00  0.0000E+00
     1     4     1     3        0  0.0000E+00  0.2449E-01  0.0000E+00  0.0000E+00
     1     5     1     1        0  0.7208E+03  0.8236E+01  0.0000E+00  0.0000E+00
     1     5     1     2        0  0.5367E+02  0.1104E+01  0.0000E+00  0.0000E+00
     1     5     1     3        0  0.0000E+00  0.6418E-01  0.0000E+00  0.0000E+00
     1     6     1     1        0  0.8029E+03  0.1674E+02  0.0000E+00  0.0000E+00
     1     6     1     2        0  0.8996E+02  0.6750E+01  0.0000E+00  0.0000E+00
     1     6     1     3        0  0.0000E+00  0.1598E+01  0.0000E+00  0.0000E+00
     1     7     1     1        0  0.6180E+03  0.1000E+03  0.0000E+00  0.0000E+00
     1     7     1     2        0  0.1241E+03  0.4435E+02  0.0000E+00  0.0000E+00
     1     7     1     3        0  0.8415E+02  0.7176E+02  0.0000E+00  0.0000E+00
     1     7     1     4        0  0.2271E+03  0.1000E+03  0.0000E+00  0.0000E+00
     1     7     1     5        0  0.0000E+00  0.2138E+02  0.0000E+00  0.0000E+00
     1     8     1     1        0  0.3724E+05  0.1000E+03  0.0000E+00  0.0000E+00
     1     8     1     2        0  0.4748E+08  0.1000E+03  0.0000E+00  0.0000E+00
     1     8     1     3        0  0.9340E+08  0.1000E+03  0.0000E+00  0.0000E+00
