SUMMARY OF C0NVERGENCE INFORMATION
  STEP   INC  ATT   ITER     CONT.   RESID.        CORR.      RESID.      CORR.
                              EL.    FORCE         DISP       FLUX        TEMP.
                              (#)     (%)           (%)        (%)         (%)
     1     1     1     1        0  0.1883E+04  0.1000E+03  0.0000E+00  0.0000E+00
     1     1     1     2        0  0.0000E+00  0.2105E+01  0.0000E+00  0.0000E+00
     1     2     1     1        0  0.0000E+00  0.4604E+00  0.0000E+00  0.0000E+00
     1     2     1     2        0  0.0000E+00  0.1431E-02  0.0000E+00  0.0000E+00
     1     3     1     1        0  0.1349E+02  0.7262E+00  0.0000E+00  0.0000E+00
     1     3     1     2        0  0.0000E+00  0.2535E-02  0.0000E+00  0.0000E+00
     1     4     1     1        0  0.8200E+02  0.1486E+01  0.0000E+00  0.0000E+00
     1     4     1     2        0  0.0000E+00  0.1195E-01  0.0000E+00  0.0000E+00
     1     5     1     1        0  0.4391E+03  0.3915E+01  0.0000E+00  0.0000E+00
     1     5     1     2        0  0.0000E+00  0.4762E-01  0.0000E+00  0.0000E+00
     1     6     1     1        0  0.5763E+04  0.1648E+02  0.0000E+00  0.0000E+00
     1     6     1     2        0  0.4240E+02  0.1417E+01  0.0000E+00  0.0000E+00
     1     6     1     3        0  0.1250E+02  0.7651E+00  0.0000E+00  0.0000E+00
     1     6     1     4        0  0.0000E+00  0.3041E-03  0.0000E+00  0.0000E+00
     1     7     1     1        0  0.3929E+05  0.6091E+02  0.0000E+00  0.0000E+00
     1     7     1     2        0  0.2865E+05  0.4466E+02  0.0000E+00  0.0000E+00
     1     7     1     3        0  0.3891E+06  0.1000E+03  0.0000E+00  0.0000E+00
     1     7     1     4        0  0.8735E+04  0.6771E+01  0.0000E+00  0.0000E+00
     1     7     1     5        0  0.1220E+06  0.2619E+02  0.0000E+00  0.0000E+00
     1     7     1     6        0  0.2959E+04  0.3781E+01  0.0000E+00  0.0000E+00
     1     7     1     7        0  0.3593E+05  0.1312E+02  0.0000E+00  0.0000E+00
     1     7     1     8        0  0.1240E+04  0.2431E+01  0.0000E+00  0.0000E+00
     1     7     1     9        0  0.2893E+04  0.3679E+01  0.0000E+00  0.0000E+00
     1     7     1    10        0  0.4994E+02  0.4858E+00  0.0000E+00  0.0000E+00
     1     7     1    11        0  0.0000E+00  0.7189E-01  0.0000E+00  0.0000E+00
     1     8     1     1        0  0.4105E+04  0.1000E+03  0.0000E+00  0.0000E+00
     1     8     1     2        0  0.1571E+05  0.2779E+02  0.0000E+00  0.0000E+00
     1     8     1     3        0  0.4204E+03  0.9665E+01  0.0000E+00  0.0000E+00
     1     8     1     4        0  0.2773E+03  0.3263E+01  0.0000E+00  0.0000E+00
     1     8     1     5        0  0.0000E+00  0.1394E+00  0.0000E+00  0.0000E+00
     1     9     1     1        0  0.3185E+05  0.1000E+03  0.0000E+00  0.0000E+00
     1     9     1     2        0  0.8570E+04  0.2179E+02  0.0000E+00  0.0000E+00
     1     9     1     3        0  0.8639E+04  0.2033E+02  0.0000E+00  0.0000E+00
     1     9     1     4        0  0.4088E+03  0.1264E+02  0.0000E+00  0.0000E+00
     1     9     1     5        0  0.1419E+03  0.9820E+01  0.0000E+00  0.0000E+00
     1     9     1     6        0  0.7562E+01  0.1419E+02  0.0000E+00  0.0000E+00
     1     9     1     7        0  0.1520E+02  0.2474E+02  0.0000E+00  0.0000E+00
     1     9     1     8        0  0.3839E+02  0.3666E+02  0.0000E+00  0.0000E+00
     1     9     2     1        0  0.3439E+04  0.1000E+03  0.0000E+00  0.0000E+00
     1     9     2     2        0  0.1197E+06  0.1000E+03  0.0000E+00  0.0000E+00
     1     9     2     3        0  0.1294E+05  0.1512E+02  0.0000E+00  0.0000E+00
     1     9     2     4        0  0.1573E+06  0.8035E+02  0.0000E+00  0.0000E+00
     1     9     2     5        0  0.8788E+04  0.1329E+02  0.0000E+00  0.0000E+00
     1     9     2     6        0  0.7078E+05  0.4861E+02  0.0000E+00  0.0000E+00
     1     9     2     7        0  0.3718E+04  0.1079E+02  0.0000E+00  0.0000E+00
     1     9     2     8        0  0.1859E+04  0.7573E+01  0.0000E+00  0.0000E+00
     1     9     3     1        0  0.1137E+04  0.1000E+03  0.0000E+00  0.0000E+00
     1     9     3     2        0  0.4550E+03  0.6373E+02  0.0000E+00  0.0000E+00
     1     9     3     3        0  0.1481E+03  0.3669E+02  0.0000E+00  0.0000E+00
     1     9     3     4        0  0.1364E+02  0.1107E+02  0.0000E+00  0.0000E+00
     1     9     3     5        0  0.0000E+00  0.6331E+00  0.0000E+00  0.0000E+00
     1    10     1     1        0  0.1190E+03  0.4131E+02  0.0000E+00  0.0000E+00
     1    10     1     2        0  0.3286E+01  0.6893E+01  0.0000E+00  0.0000E+00
     1    10     1     3        0  0.0000E+00  0.3464E+00  0.0000E+00  0.0000E+00
     1    11     1     1        0  0.5683E+01  0.1234E+02  0.0000E+00  0.0000E+00
     1    11     1     2        0  0.0000E+00  0.1220E+01  0.0000E+00  0.0000E+00
     1    12     1     1        0  0.4872E+01  0.2301E+02  0.0000E+00  0.0000E+00
     1    12     1     2        0  0.0000E+00  0.2227E+01  0.0000E+00  0.0000E+00
     1    13     1     1        0  0.1328E+02  0.4966E+02  0.0000E+00  0.0000E+00
     1    13     1     2        0  0.0000E+00  0.6890E+01  0.0000E+00  0.0000E+00
     1    14     1     1        0  0.1129E+03  0.7973E+02  0.0000E+00  0.0000E+00
     1    14     1     2        0  0.3567E+01  0.8534E+01  0.0000E+00  0.0000E+00
     1    14     1     3        0  0.0000E+00  0.2176E+01  0.0000E+00  0.0000E+00
     1    15     1     1        0  0.2794E+04  0.3561E+02  0.0000E+00  0.0000E+00
     1    15     1     2        0  0.2427E+03  0.1422E+02  0.0000E+00  0.0000E+00
     1    15     1     3        0  0.6938E+02  0.5612E+01  0.0000E+00  0.0000E+00
     1    15     1     4        0  0.2203E+01  0.1015E+01  0.0000E+00  0.0000E+00
     1    15     1     5        0  0.0000E+00  0.3855E-01  0.0000E+00  0.0000E+00
     1    16     1     1        0  0.5943E+03  0.2701E+02  0.0000E+00  0.0000E+00
     1    16     1     2        0  0.1079E+03  0.1154E+02  0.0000E+00  0.0000E+00
     1    16     1     3        0  0.2223E+02  0.5260E+01  0.0000E+00  0.0000E+00
     1    16     1     4        0  0.3703E+01  0.2139E+01  0.0000E+00  0.0000E+00
     1    16     1     5        0  0.0000E+00  0.3014E+00  0.0000E+00  0.0000E+00
     1    17     1     1        0  0.6920E+03  0.4061E+02  0.0000E+00  0.0000E+00
     1    17     1     2        0  0.2247E+03  0.2332E+02  0.0000E+00  0.0000E+00
     1    17     1     3        0  0.1065E+02  0.5180E+01  0.0000E+00  0.0000E+00
     1    17     1     4        0  0.0000E+00  0.3371E+00  0.0000E+00  0.0000E+00
     1    18     1     1        0  0.1426E+03  0.2402E+02  0.0000E+00  0.0000E+00
     1    18     1     2        0  0.3527E+02  0.1200E+02  0.0000E+00  0.0000E+00
     1    18     1     3        0  0.0000E+00  0.9008E+00  0.0000E+00  0.0000E+00
     1    19     1     1        0  0.3944E+02  0.1215E+02  0.0000E+00  0.0000E+00
     1    19     1     2        0  0.6009E+01  0.2700E+01  0.0000E+00  0.0000E+00
     1    19     1     3        0  0.0000E+00  0.8531E-01  0.0000E+00  0.0000E+00
     1    20     1     1        0  0.2077E+02  0.1190E+02  0.0000E+00  0.0000E+00
     1    20     1     2        0  0.5061E+01  0.2079E+01  0.0000E+00  0.0000E+00
     1    20     1     3        0  0.0000E+00  0.6709E-01  0.0000E+00  0.0000E+00
     1    21     1     1        0  0.9511E+01  0.9629E+01  0.0000E+00  0.0000E+00
     1    21     1     2        0  0.2055E+01  0.1309E+01  0.0000E+00  0.0000E+00
     1    21     1     3        0  0.0000E+00  0.3968E-01  0.0000E+00  0.0000E+00
     1    22     1     1        0  0.6784E+01  0.7803E+01  0.0000E+00  0.0000E+00
     1    22     1     2        0  0.8400E+00  0.8351E+00  0.0000E+00  0.0000E+00
     1    22     1     3        0  0.0000E+00  0.2613E-01  0.0000E+00  0.0000E+00
     1    23     1     1        0  0.4992E+01  0.6518E+01  0.0000E+00  0.0000E+00
     1    23     1     2        0  0.3750E+00  0.6098E+00  0.0000E+00  0.0000E+00
     1    24     1     1        0  0.3823E+01  0.5548E+01  0.0000E+00  0.0000E+00
     1    24     1     2        0  0.0000E+00  0.4603E+00  0.0000E+00  0.0000E+00
     1    25     1     1        0  0.2979E+01  0.4814E+01  0.0000E+00  0.0000E+00
     1    25     1     2        0  0.0000E+00  0.3582E+00  0.0000E+00  0.0000E+00
     1    26     1     1        0  0.2363E+01  0.4218E+01  0.0000E+00  0.0000E+00
     1    26     1     2        0  0.0000E+00  0.2815E+00  0.0000E+00  0.0000E+00
     1    27     1     1        0  0.1901E+01  0.3730E+01  0.0000E+00  0.0000E+00
     1    27     1     2        0  0.0000E+00  0.2238E+00  0.0000E+00  0.0000E+00
     1    28     1     1        0  0.2455E+00  0.2565E+01  0.0000E+00  0.0000E+00
     1    28     1     2        0  0.0000E+00  0.1091E+00  0.0000E+00  0.0000E+00
