SUMMARY OF C0NVERGENCE INFORMATION
  STEP   INC  ATT   ITER     CONT.   RESID.        CORR.      RESID.      CORR.
                              EL.    FORCE         DISP       FLUX        TEMP.
                              (#)     (%)           (%)        (%)         (%)
     1     1     1     1        0  0.0000E+00  0.1000E+03  0.0000E+00  0.0000E+00
     1     1     1     2        0  0.0000E+00  0.8556E+00  0.0000E+00  0.0000E+00
     1     2     1     1        0  0.0000E+00  0.1427E+01  0.0000E+00  0.0000E+00
     1     2     1     2        0  0.0000E+00  0.5165E-02  0.0000E+00  0.0000E+00
     1     3     1     1        0  0.0000E+00  0.3119E+01  0.0000E+00  0.0000E+00
     1     3     1     2        0  0.0000E+00  0.1692E-01  0.0000E+00  0.0000E+00
     1     4     1     1        0  0.0000E+00  0.3067E+01  0.0000E+00  0.0000E+00
     1     4     1     2        0  0.0000E+00  0.1043E-01  0.0000E+00  0.0000E+00
     1     5     1     1        0  0.0000E+00  0.2484E+01  0.0000E+00  0.0000E+00
     1     5     1     2        0  0.0000E+00  0.2560E-01  0.0000E+00  0.0000E+00
     1     6     1     1        0  0.0000E+00  0.1106E+01  0.0000E+00  0.0000E+00
     1     6     1     2        0  0.0000E+00  0.1714E-01  0.0000E+00  0.0000E+00
     1     7     1     1        0  0.0000E+00  0.4977E+00  0.0000E+00  0.0000E+00
     1     7     1     2        0  0.0000E+00  0.8182E-02  0.0000E+00  0.0000E+00
     1     8     1     1        0  0.0000E+00  0.2280E+00  0.0000E+00  0.0000E+00
     1     8     1     2        0  0.0000E+00  0.4274E-02  0.0000E+00  0.0000E+00
     1     9     1     1        0  0.0000E+00  0.1092E+00  0.0000E+00  0.0000E+00
     1     9     1     2        0  0.0000E+00  0.2417E-02  0.0000E+00  0.0000E+00
     1    10     1     1        0  0.0000E+00  0.8995E-01  0.0000E+00  0.0000E+00
     1    10     1     2        0  0.0000E+00  0.1453E-02  0.0000E+00  0.0000E+00
     1    11     1     1        0  0.0000E+00  0.9677E-01  0.0000E+00  0.0000E+00
     1    11     1     2        0  0.0000E+00  0.1005E-02  0.0000E+00  0.0000E+00
     1    12     1     1        0  0.0000E+00  0.1026E+00  0.0000E+00  0.0000E+00
     1    12     1     2        0  0.0000E+00  0.1004E-02  0.0000E+00  0.0000E+00
     1    13     1     1        0  0.0000E+00  0.1072E+00  0.0000E+00  0.0000E+00
     1    13     1     2        0  0.0000E+00  0.1024E-02  0.0000E+00  0.0000E+00
     1    14     1     1        0  0.0000E+00  0.1107E+00  0.0000E+00  0.0000E+00
     1    14     1     2        0  0.0000E+00  0.1052E-02  0.0000E+00  0.0000E+00
     1    15     1     1        0  0.0000E+00  0.1134E+00  0.0000E+00  0.0000E+00
     1    15     1     2        0  0.0000E+00  0.1081E-02  0.0000E+00  0.0000E+00
     1    16     1     1        0  0.0000E+00  0.1156E+00  0.0000E+00  0.0000E+00
     1    16     1     2        0  0.0000E+00  0.1110E-02  0.0000E+00  0.0000E+00
     1    17     1     1        0  0.0000E+00  0.1173E+00  0.0000E+00  0.0000E+00
     1    17     1     2        0  0.0000E+00  0.1137E-02  0.0000E+00  0.0000E+00
     1    18     1     1        0  0.0000E+00  0.1187E+00  0.0000E+00  0.0000E+00
     1    18     1     2        0  0.0000E+00  0.1161E-02  0.0000E+00  0.0000E+00
     1    19     1     1        0  0.0000E+00  0.1198E+00  0.0000E+00  0.0000E+00
     1    19     1     2        0  0.0000E+00  0.1184E-02  0.0000E+00  0.0000E+00
     1    20     1     1        0  0.0000E+00  0.1208E+00  0.0000E+00  0.0000E+00
     1    20     1     2        0  0.0000E+00  0.1205E-02  0.0000E+00  0.0000E+00
     1    21     1     1        0  0.0000E+00  0.1216E+00  0.0000E+00  0.0000E+00
     1    21     1     2        0  0.0000E+00  0.1224E-02  0.0000E+00  0.0000E+00
     1    22     1     1        0  0.0000E+00  0.7634E-01  0.0000E+00  0.0000E+00
     1    22     1     2        0  0.0000E+00  0.7817E-03  0.0000E+00  0.0000E+00
