SUMMARY OF C0NVERGENCE INFORMATION
  STEP   INC  ATT   ITER     CONT.   RESID.        CORR.      RESID.      CORR.
                              EL.    FORCE         DISP       FLUX        TEMP.
                              (#)     (%)           (%)        (%)         (%)
     1     1     1     1        0  0.1297E+05  0.1000E+03  0.0000E+00  0.0000E+00
     1     1     1     2        0  0.2924E+03  0.1190E+02  0.0000E+00  0.0000E+00
     1     1     1     3        0  0.0000E+00  0.3437E-01  0.0000E+00  0.0000E+00
     1     2     1     1        0  0.0000E+00  0.1905E+01  0.0000E+00  0.0000E+00
     1     2     1     2        0  0.0000E+00  0.7761E-02  0.0000E+00  0.0000E+00
     1     3     1     1        0  0.2079E+02  0.1561E+01  0.0000E+00  0.0000E+00
     1     3     1     2        0  0.0000E+00  0.3651E-01  0.0000E+00  0.0000E+00
     1     4     1     1        0  0.6368E+02  0.2257E+01  0.0000E+00  0.0000E+00
     1     4     1     2        0  0.0000E+00  0.1089E+00  0.0000E+00  0.0000E+00
     1     5     1     1        0  0.8481E+02  0.3835E+01  0.0000E+00  0.0000E+00
     1     5     1     2        0  0.0000E+00  0.1742E+00  0.0000E+00  0.0000E+00
     1     6     1     1        0  0.9500E+02  0.4431E+02  0.0000E+00  0.0000E+00
     1     6     1     2        0  0.0000E+00  0.1421E+02  0.0000E+00  0.0000E+00
     1     7     1     1        0  0.1045E+03  0.1000E+03  0.0000E+00  0.0000E+00
     1     7     1     2        0  0.0000E+00  0.7783E+01  0.0000E+00  0.0000E+00
     1     8     1     1        0  0.1295E+03  0.8706E+02  0.0000E+00  0.0000E+00
     1     8     1     2        0  0.0000E+00  0.1923E+01  0.0000E+00  0.0000E+00
     1     9     1     1        0  0.9740E+03  0.1000E+03  0.0000E+00  0.0000E+00
     1     9     1     2        0  0.6837E+02  0.3315E+02  0.0000E+00  0.0000E+00
     1     9     1     3        0  0.1186E+03  0.2732E+02  0.0000E+00  0.0000E+00
     1     9     1     4        0  0.2012E+02  0.1244E+02  0.0000E+00  0.0000E+00
     1     9     1     5        0  0.0000E+00  0.2823E+01  0.0000E+00  0.0000E+00
     1    10     1     1        0  0.2281E+03  0.7222E+02  0.0000E+00  0.0000E+00
     1    10     1     2        0  0.8214E+02  0.4373E+02  0.0000E+00  0.0000E+00
     1    10     1     3        0  0.0000E+00  0.4860E+01  0.0000E+00  0.0000E+00
     1    11     1     1        0  0.2564E+04  0.1000E+03  0.0000E+00  0.0000E+00
     1    11     1     2        0  0.4203E+06  0.1000E+03  0.0000E+00  0.0000E+00
     1    11     1     3        0  0.1876E+08  0.1000E+03  0.0000E+00  0.0000E+00
     1    11     1     4        0  0.2238E+08  0.1000E+03  0.0000E+00  0.0000E+00
     1    11     2     1        0  0.4745E+01  0.3918E+02  0.0000E+00  0.0000E+00
     1    11     2     2        0  0.0000E+00  0.4500E+01  0.0000E+00  0.0000E+00
     1    12     1     1        0  0.0000E+00  0.7506E+01  0.0000E+00  0.0000E+00
     1    12     1     2        0  0.0000E+00  0.8832E-01  0.0000E+00  0.0000E+00
     1    13     1     1        0  0.0000E+00  0.8631E+01  0.0000E+00  0.0000E+00
     1    13     1     2        0  0.0000E+00  0.1953E+00  0.0000E+00  0.0000E+00
     1    14     1     1        0  0.9536E+01  0.1042E+02  0.0000E+00  0.0000E+00
     1    14     1     2        0  0.0000E+00  0.3084E+00  0.0000E+00  0.0000E+00
     1    15     1     1        0  0.4970E+02  0.1169E+02  0.0000E+00  0.0000E+00
     1    15     1     2        0  0.5216E+01  0.3981E+00  0.0000E+00  0.0000E+00
     1    15     1     3        0  0.0000E+00  0.1039E-01  0.0000E+00  0.0000E+00
     1    16     1     1        0  0.1440E+03  0.1202E+02  0.0000E+00  0.0000E+00
     1    16     1     2        0  0.6426E+02  0.8052E+00  0.0000E+00  0.0000E+00
     1    16     1     3        0  0.0000E+00  0.2092E-01  0.0000E+00  0.0000E+00
     1    17     1     1        0  0.2845E+03  0.1855E+02  0.0000E+00  0.0000E+00
     1    17     1     2        0  0.4263E+03  0.4472E+01  0.0000E+00  0.0000E+00
     1    17     1     3        0  0.2051E+01  0.1445E+01  0.0000E+00  0.0000E+00
     1    17     1     4        0  0.0000E+00  0.1166E+00  0.0000E+00  0.0000E+00
     1    18     1     1        0  0.2451E+03  0.3186E+02  0.0000E+00  0.0000E+00
     1    18     1     2        0  0.2464E+04  0.2071E+02  0.0000E+00  0.0000E+00
     1    18     1     3        0  0.4060E+01  0.2186E+01  0.0000E+00  0.0000E+00
     1    18     1     4        0  0.5203E+01  0.2083E+01  0.0000E+00  0.0000E+00
     1    18     1     5        0  0.0000E+00  0.8851E-01  0.0000E+00  0.0000E+00
     1    19     1     1        0  0.1461E+03  0.4417E+02  0.0000E+00  0.0000E+00
     1    19     1     2        0  0.5551E+03  0.1918E+02  0.0000E+00  0.0000E+00
     1    19     1     3        0  0.0000E+00  0.1032E+01  0.0000E+00  0.0000E+00
     1    20     1     1        0  0.1817E+03  0.7665E+02  0.0000E+00  0.0000E+00
     1    20     1     2        0  0.1571E+04  0.1000E+03  0.0000E+00  0.0000E+00
     1    20     1     3        0  0.4435E+04  0.1000E+03  0.0000E+00  0.0000E+00
     1    20     1     4        0  0.1864E+05  0.7667E+02  0.0000E+00  0.0000E+00
     1    20     2     1        0  0.2060E+03  0.1000E+03  0.0000E+00  0.0000E+00
     1    20     2     2        0  0.2435E+02  0.3041E+02  0.0000E+00  0.0000E+00
     1    20     2     3        0  0.1291E+02  0.2536E+02  0.0000E+00  0.0000E+00
     1    20     2     4        0  0.5303E+01  0.1599E+02  0.0000E+00  0.0000E+00
     1    20     2     5        0  0.2683E+01  0.1052E+02  0.0000E+00  0.0000E+00
     1    20     2     6        0  0.0000E+00  0.6784E+01  0.0000E+00  0.0000E+00
     1    21     1     1        0  0.2640E+01  0.2507E+02  0.0000E+00  0.0000E+00
     1    21     1     2        0  0.0000E+00  0.7868E+01  0.0000E+00  0.0000E+00
     1    22     1     1        0  0.4664E+01  0.4440E+02  0.0000E+00  0.0000E+00
     1    22     1     2        0  0.0000E+00  0.1130E+02  0.0000E+00  0.0000E+00
     1    23     1     1        0  0.2347E+02  0.5858E+02  0.0000E+00  0.0000E+00
     1    23     1     2        0  0.3410E+01  0.2313E+02  0.0000E+00  0.0000E+00
     1    23     1     3        0  0.0000E+00  0.7198E+00  0.0000E+00  0.0000E+00
     1    24     1     1        0  0.2529E+02  0.4764E+02  0.0000E+00  0.0000E+00
     1    24     1     2        0  0.3765E+01  0.1647E+02  0.0000E+00  0.0000E+00
     1    24     1     3        0  0.0000E+00  0.4603E+00  0.0000E+00  0.0000E+00
     1    25     1     1        0  0.3015E+02  0.2464E+02  0.0000E+00  0.0000E+00
     1    25     1     2        0  0.1799E+02  0.5153E+01  0.0000E+00  0.0000E+00
     1    25     1     3        0  0.0000E+00  0.1779E+00  0.0000E+00  0.0000E+00
     1    26     1     1        0  0.5018E+02  0.1995E+02  0.0000E+00  0.0000E+00
     1    26     1     2        0  0.4091E+02  0.3550E+01  0.0000E+00  0.0000E+00
     1    26     1     3        0  0.0000E+00  0.9057E-01  0.0000E+00  0.0000E+00
     1    27     1     1        0  0.4774E+02  0.8685E+02  0.0000E+00  0.0000E+00
     1    27     1     2        0  0.3505E+02  0.2892E+02  0.0000E+00  0.0000E+00
     1    27     1     3        0  0.0000E+00  0.3105E+01  0.0000E+00  0.0000E+00
     1    28     1     1        0  0.8369E+03  0.1000E+03  0.0000E+00  0.0000E+00
     1    28     1     2        0  0.2575E+03  0.2864E+02  0.0000E+00  0.0000E+00
     1    28     1     3        0  0.4418E+03  0.6055E+02  0.0000E+00  0.0000E+00
     1    28     1     4        0  0.5874E+02  0.1634E+02  0.0000E+00  0.0000E+00
     1    28     1     5        0  0.1289E+03  0.3266E+02  0.0000E+00  0.0000E+00
     1    28     1     6        0  0.9892E+02  0.3281E+02  0.0000E+00  0.0000E+00
     1    28     2     1        0  0.4496E+01  0.1000E+03  0.0000E+00  0.0000E+00
     1    28     2     2        0  0.0000E+00  0.4801E+02  0.0000E+00  0.0000E+00
     1    29     1     1        0  0.3173E+03  0.1000E+03  0.0000E+00  0.0000E+00
     1    29     1     2        0  0.3546E+02  0.3055E+02  0.0000E+00  0.0000E+00
     1    29     1     3        0  0.4778E+01  0.1138E+02  0.0000E+00  0.0000E+00
     1    29     1     4        0  0.0000E+00  0.7955E+00  0.0000E+00  0.0000E+00
     1    30     1     1        0  0.5769E+03  0.6193E+02  0.0000E+00  0.0000E+00
     1    30     1     2        0  0.2952E+04  0.1000E+03  0.0000E+00  0.0000E+00
     1    30     1     3        0  0.2070E+04  0.4106E+02  0.0000E+00  0.0000E+00
     1    30     1     4        0  0.3858E+07  0.1000E+03  0.0000E+00  0.0000E+00
     1    30     1     5        0  0.1143E+08  0.1000E+03  0.0000E+00  0.0000E+00
     1    30     2     1        0  0.3747E+03  0.1000E+03  0.0000E+00  0.0000E+00
     1    30     2     2        0  0.4230E+02  0.1184E+02  0.0000E+00  0.0000E+00
     1    30     2     3        0  0.5665E+02  0.3727E+02  0.0000E+00  0.0000E+00
     1    30     2     4        0  0.5218E+02  0.3816E+02  0.0000E+00  0.0000E+00
     1    30     3     1        0  0.4020E+01  0.1000E+03  0.0000E+00  0.0000E+00
     1    30     3     2        0  0.0000E+00  0.1849E+02  0.0000E+00  0.0000E+00
     1    31     1     1        0  0.0000E+00  0.2187E+02  0.0000E+00  0.0000E+00
     1    31     1     2        0  0.0000E+00  0.8351E-01  0.0000E+00  0.0000E+00
     1    32     1     1        0  0.0000E+00  0.1706E+02  0.0000E+00  0.0000E+00
     1    32     1     2        0  0.0000E+00  0.1027E+00  0.0000E+00  0.0000E+00
     1    33     1     1        0  0.0000E+00  0.1224E+02  0.0000E+00  0.0000E+00
     1    33     1     2        0  0.0000E+00  0.1446E+00  0.0000E+00  0.0000E+00
     1    34     1     1        0  0.0000E+00  0.2111E+02  0.0000E+00  0.0000E+00
     1    34     1     2        0  0.0000E+00  0.5527E+00  0.0000E+00  0.0000E+00
     1    35     1     1        0  0.0000E+00  0.3099E+02  0.0000E+00  0.0000E+00
     1    35     1     2        0  0.0000E+00  0.1175E+01  0.0000E+00  0.0000E+00
     1    36     1     1        0  0.1416E+01  0.4073E+02  0.0000E+00  0.0000E+00
     1    36     1     2        0  0.0000E+00  0.7734E+01  0.0000E+00  0.0000E+00
