SUMMARY OF C0NVERGENCE INFORMATION
  STEP   INC  ATT   ITER     CONT.   RESID.        CORR.      RESID.      CORR.
                              EL.    FORCE         DISP       FLUX        TEMP.
                              (#)     (%)           (%)        (%)         (%)
     1     1     1     1        0  0.1034E+05  0.1000E+03  0.0000E+00  0.0000E+00
     1     1     1     2        0  0.1808E+03  0.1116E+02  0.0000E+00  0.0000E+00
     1     1     1     3        0  0.0000E+00  0.2365E-01  0.0000E+00  0.0000E+00
     1     2     1     1        0  0.0000E+00  0.2770E+01  0.0000E+00  0.0000E+00
     1     2     1     2        0  0.0000E+00  0.9880E-02  0.0000E+00  0.0000E+00
     1     3     1     1        0  0.0000E+00  0.7506E+00  0.0000E+00  0.0000E+00
     1     3     1     2        0  0.0000E+00  0.6551E-02  0.0000E+00  0.0000E+00
     1     4     1     1        0  0.1752E+02  0.1141E+01  0.0000E+00  0.0000E+00
     1     4     1     2        0  0.0000E+00  0.2119E-01  0.0000E+00  0.0000E+00
     1     5     1     1        0  0.2098E+02  0.1715E+01  0.0000E+00  0.0000E+00
     1     5     1     2        0  0.0000E+00  0.3301E-01  0.0000E+00  0.0000E+00
     1     6     1     1        0  0.2069E+02  0.2874E+01  0.0000E+00  0.0000E+00
     1     6     1     2        0  0.0000E+00  0.3935E-01  0.0000E+00  0.0000E+00
     1     7     1     1        0  0.2116E+02  0.7717E+01  0.0000E+00  0.0000E+00
     1     7     1     2        0  0.0000E+00  0.4709E-01  0.0000E+00  0.0000E+00
     1     8     1     1        0  0.1640E+03  0.1000E+03  0.0000E+00  0.0000E+00
     1     8     1     2        0  0.1611E+02  0.2955E+02  0.0000E+00  0.0000E+00
     1     8     1     3        0  0.1072E+02  0.2483E+02  0.0000E+00  0.0000E+00
     1     8     1     4        0  0.0000E+00  0.9434E+01  0.0000E+00  0.0000E+00
     1     9     1     1        0  0.1558E+04  0.1000E+03  0.0000E+00  0.0000E+00
     1     9     1     2        0  0.7264E+03  0.1373E+02  0.0000E+00  0.0000E+00
     1     9     1     3        0  0.1871E+02  0.1267E+02  0.0000E+00  0.0000E+00
     1     9     1     4        0  0.1229E+02  0.8814E+01  0.0000E+00  0.0000E+00
     1     9     1     5        0  0.1914E+03  0.3457E+02  0.0000E+00  0.0000E+00
     1     9     1     6        0  0.2894E+03  0.4269E+02  0.0000E+00  0.0000E+00
     1     9     2     1        0  0.8270E+03  0.1000E+03  0.0000E+00  0.0000E+00
     1     9     2     2        0  0.6024E+02  0.3263E+02  0.0000E+00  0.0000E+00
     1     9     2     3        0  0.1822E+03  0.4365E+02  0.0000E+00  0.0000E+00
     1     9     2     4        0  0.2196E+03  0.4474E+02  0.0000E+00  0.0000E+00
     1     9     3     1        0  0.0000E+00  0.1000E+03  0.0000E+00  0.0000E+00
     1     9     3     2        0  0.0000E+00  0.1748E+02  0.0000E+00  0.0000E+00
     1    10     1     1        0  0.0000E+00  0.7515E+01  0.0000E+00  0.0000E+00
     1    10     1     2        0  0.0000E+00  0.6043E-01  0.0000E+00  0.0000E+00
     1    11     1     1        0  0.0000E+00  0.1065E+02  0.0000E+00  0.0000E+00
     1    11     1     2        0  0.0000E+00  0.7267E+00  0.0000E+00  0.0000E+00
     1    12     1     1        0  0.0000E+00  0.1371E+02  0.0000E+00  0.0000E+00
     1    12     1     2        0  0.0000E+00  0.1367E+01  0.0000E+00  0.0000E+00
     1    13     1     1        0  0.0000E+00  0.1912E+02  0.0000E+00  0.0000E+00
     1    13     1     2        0  0.0000E+00  0.2965E+01  0.0000E+00  0.0000E+00
     1    14     1     1        0  0.1360E+03  0.1000E+03  0.0000E+00  0.0000E+00
     1    14     1     2        0  0.3751E+02  0.5023E+02  0.0000E+00  0.0000E+00
     1    14     1     3        0  0.5205E+02  0.5904E+02  0.0000E+00  0.0000E+00
     1    14     1     4        0  0.1405E+02  0.3110E+02  0.0000E+00  0.0000E+00
     1    14     1     5        0  0.3026E+02  0.5173E+02  0.0000E+00  0.0000E+00
     1    14     1     6        0  0.7153E+01  0.2483E+02  0.0000E+00  0.0000E+00
     1    14     1     7        0  0.8947E+02  0.9054E+02  0.0000E+00  0.0000E+00
     1    14     1     8        0  0.3582E+03  0.1000E+03  0.0000E+00  0.0000E+00
     1    14     2     1        0  0.0000E+00  0.1641E+02  0.0000E+00  0.0000E+00
     1    14     2     2        0  0.0000E+00  0.1116E+01  0.0000E+00  0.0000E+00
     1    15     1     1        0  0.0000E+00  0.1396E+02  0.0000E+00  0.0000E+00
     1    15     1     2        0  0.0000E+00  0.5654E+00  0.0000E+00  0.0000E+00
     1    16     1     1        0  0.0000E+00  0.2939E+02  0.0000E+00  0.0000E+00
     1    16     1     2        0  0.0000E+00  0.2764E+01  0.0000E+00  0.0000E+00
     1    17     1     1        0  0.0000E+00  0.5405E+02  0.0000E+00  0.0000E+00
     1    17     1     2        0  0.0000E+00  0.1264E+02  0.0000E+00  0.0000E+00
     1    18     1     1        0  0.0000E+00  0.2395E+02  0.0000E+00  0.0000E+00
     1    18     1     2        0  0.0000E+00  0.4671E+01  0.0000E+00  0.0000E+00
     1    19     1     1        0  0.0000E+00  0.2282E+02  0.0000E+00  0.0000E+00
     1    19     1     2        0  0.0000E+00  0.7431E+01  0.0000E+00  0.0000E+00
     1    20     1     1        0  0.3728E+01  0.2194E+02  0.0000E+00  0.0000E+00
     1    20     1     2        0  0.0000E+00  0.5614E+01  0.0000E+00  0.0000E+00
     1    21     1     1        0  0.1791E+02  0.1569E+02  0.0000E+00  0.0000E+00
     1    21     1     2        0  0.0000E+00  0.2870E+01  0.0000E+00  0.0000E+00
     1    22     1     1        0  0.3309E+02  0.1244E+02  0.0000E+00  0.0000E+00
     1    22     1     2        0  0.0000E+00  0.1782E+01  0.0000E+00  0.0000E+00
     1    23     1     1        0  0.3242E+02  0.1449E+02  0.0000E+00  0.0000E+00
     1    23     1     2        0  0.0000E+00  0.2414E+01  0.0000E+00  0.0000E+00
     1    24     1     1        0  0.2562E+02  0.2511E+02  0.0000E+00  0.0000E+00
     1    24     1     2        0  0.0000E+00  0.4876E+01  0.0000E+00  0.0000E+00
     1    25     1     1        0  0.2009E+02  0.2508E+02  0.0000E+00  0.0000E+00
     1    25     1     2        0  0.0000E+00  0.4037E+01  0.0000E+00  0.0000E+00
     1    26     1     1        0  0.2658E+02  0.1145E+02  0.0000E+00  0.0000E+00
     1    26     1     2        0  0.0000E+00  0.5815E+00  0.0000E+00  0.0000E+00
     1    27     1     1        0  0.3546E+02  0.9082E+01  0.0000E+00  0.0000E+00
     1    27     1     2        0  0.0000E+00  0.4094E+00  0.0000E+00  0.0000E+00
     1    28     1     1        0  0.5094E+02  0.9088E+01  0.0000E+00  0.0000E+00
     1    28     1     2        0  0.3160E+01  0.3562E+00  0.0000E+00  0.0000E+00
     1    28     1     3        0  0.0000E+00  0.1059E-01  0.0000E+00  0.0000E+00
     1    29     1     1        0  0.7382E+02  0.8344E+01  0.0000E+00  0.0000E+00
     1    29     1     2        0  0.8479E+01  0.4195E+00  0.0000E+00  0.0000E+00
     1    29     1     3        0  0.0000E+00  0.1634E-01  0.0000E+00  0.0000E+00
     1    30     1     1        0  0.9719E+02  0.7788E+01  0.0000E+00  0.0000E+00
     1    30     1     2        0  0.2344E+02  0.7763E+00  0.0000E+00  0.0000E+00
     1    30     1     3        0  0.0000E+00  0.2715E-01  0.0000E+00  0.0000E+00
     1    31     1     1        0  0.1013E+03  0.7310E+01  0.0000E+00  0.0000E+00
     1    31     1     2        0  0.5635E+02  0.1663E+01  0.0000E+00  0.0000E+00
     1    31     1     3        0  0.0000E+00  0.4339E-01  0.0000E+00  0.0000E+00
     1    32     1     1        0  0.0000E+00  0.5210E+01  0.0000E+00  0.0000E+00
     1    32     1     2        0  0.0000E+00  0.2745E+00  0.0000E+00  0.0000E+00
