SUMMARY OF JOB INFORMATION
  STEP      INC     ATT  ITRS     TOT TIME     STEP TIME      INC TIME
     1          1     1     3  0.250000E-01  0.250000E-01  0.250000E-01
     1          2     1     2  0.500000E-01  0.500000E-01  0.250000E-01
     1          3     1     2  0.875000E-01  0.875000E-01  0.375000E-01
     1          4     1     2  0.137500E+00  0.137500E+00  0.500000E-01
     1          5     1     2  0.187500E+00  0.187500E+00  0.500000E-01
     1          6     1     2  0.237500E+00  0.237500E+00  0.500000E-01
     1          7     1     2  0.287500E+00  0.287500E+00  0.500000E-01
     1          8     1     4  0.337500E+00  0.337500E+00  0.500000E-01
     1          9     1U    6  0.337500E+00  0.337500E+00  0.500000E-01
     1          9     2U    4  0.337500E+00  0.337500E+00  0.125000E-01
     1          9     3     2  0.340625E+00  0.340625E+00  0.312500E-02
     1         10     1     2  0.343750E+00  0.343750E+00  0.312500E-02
     1         11     1     2  0.348437E+00  0.348437E+00  0.468750E-02
     1         12     1     2  0.355469E+00  0.355469E+00  0.703125E-02
     1         13     1     2  0.366016E+00  0.366016E+00  0.105469E-01
     1         14     1U    8  0.366016E+00  0.366016E+00  0.158203E-01
     1         14     2     2  0.369971E+00  0.369971E+00  0.395508E-02
     1         15     1     2  0.373926E+00  0.373926E+00  0.395508E-02
     1         16     1     2  0.379858E+00  0.379858E+00  0.593262E-02
     1         17     1     2  0.388757E+00  0.388757E+00  0.889893E-02
     1         18     1     2  0.402106E+00  0.402106E+00  0.133484E-01
     1         19     1     2  0.422128E+00  0.422128E+00  0.200226E-01
     1         20     1     2  0.452162E+00  0.452162E+00  0.300339E-01
     1         21     1     2  0.497213E+00  0.497213E+00  0.450508E-01
     1         22     1     2  0.547213E+00  0.547213E+00  0.500000E-01
     1         23     1     2  0.597213E+00  0.597213E+00  0.500000E-01
     1         24     1     2  0.647213E+00  0.647213E+00  0.500000E-01
     1         25     1     2  0.697213E+00  0.697213E+00  0.500000E-01
     1         26     1     2  0.747213E+00  0.747213E+00  0.500000E-01
     1         27     1     2  0.797213E+00  0.797213E+00  0.500000E-01
     1         28     1     3  0.847213E+00  0.847213E+00  0.500000E-01
     1         29     1     3  0.897213E+00  0.897213E+00  0.500000E-01
     1         30     1     3  0.947213E+00  0.947213E+00  0.500000E-01
     1         31     1     3  0.997213E+00  0.997213E+00  0.500000E-01
     1         32     1     2  0.100000E+01  0.100000E+01  0.278702E-02
