SUMMARY OF JOB INFORMATION
  STEP      INC     ATT  ITRS     TOT TIME     STEP TIME      INC TIME
     1          1     1     3  0.250000E-01  0.250000E-01  0.250000E-01
     1          2     1     2  0.500000E-01  0.500000E-01  0.250000E-01
     1          3     1     2  0.875000E-01  0.875000E-01  0.375000E-01
     1          4     1     2  0.137500E+00  0.137500E+00  0.500000E-01
     1          5     1     2  0.187500E+00  0.187500E+00  0.500000E-01
     1          6     1     2  0.237500E+00  0.237500E+00  0.500000E-01
     1          7     1     2  0.287500E+00  0.287500E+00  0.500000E-01
     1          8     1     2  0.337500E+00  0.337500E+00  0.500000E-01
     1          9     1     4  0.387500E+00  0.387500E+00  0.500000E-01
     1         10     1     3  0.437500E+00  0.437500E+00  0.500000E-01
     1         11     1U    4  0.437500E+00  0.437500E+00  0.500000E-01
     1         11     2     2  0.450000E+00  0.450000E+00  0.125000E-01
     1         12     1     2  0.462500E+00  0.462500E+00  0.125000E-01
     1         13     1     2  0.481250E+00  0.481250E+00  0.187500E-01
     1         14     1     2  0.509375E+00  0.509375E+00  0.281250E-01
     1         15     1     2  0.551562E+00  0.551562E+00  0.421875E-01
     1         16     1     3  0.601562E+00  0.601562E+00  0.500000E-01
     1         17     1     3  0.651563E+00  0.651563E+00  0.500000E-01
     1         18     1     3  0.701563E+00  0.701563E+00  0.500000E-01
     1         19     1     3  0.751563E+00  0.751563E+00  0.500000E-01
     1         20     1     3  0.801563E+00  0.801563E+00  0.500000E-01
     1         21     1     3  0.851563E+00  0.851563E+00  0.500000E-01
     1         22     1     3  0.901563E+00  0.901563E+00  0.500000E-01
     1         23     1U    5  0.901563E+00  0.901563E+00  0.500000E-01
     1         23     2     2  0.914063E+00  0.914063E+00  0.125000E-01
     1         24     1     2  0.926563E+00  0.926563E+00  0.125000E-01
     1         25     1     2  0.945313E+00  0.945313E+00  0.187500E-01
     1         26     1     2  0.973438E+00  0.973438E+00  0.281250E-01
     1         27     1     2  0.100000E+01  0.100000E+01  0.265625E-01
