SUMMARY OF C0NVERGENCE INFORMATION
  STEP   INC  ATT   ITER     CONT.   RESID.        CORR.      RESID.      CORR.
                              EL.    FORCE         DISP       FLUX        TEMP.
                              (#)     (%)           (%)        (%)         (%)
     1     1     1     1        0  0.1357E+05  0.1000E+03  0.0000E+00  0.0000E+00
     1     1     1     2        0  0.2830E+03  0.1171E+02  0.0000E+00  0.0000E+00
     1     1     1     3        0  0.0000E+00  0.2943E-01  0.0000E+00  0.0000E+00
     1     2     1     1        0  0.0000E+00  0.2131E+01  0.0000E+00  0.0000E+00
     1     2     1     2        0  0.0000E+00  0.1133E-01  0.0000E+00  0.0000E+00
     1     3     1     1        0  0.1945E+02  0.1158E+01  0.0000E+00  0.0000E+00
     1     3     1     2        0  0.0000E+00  0.2085E-01  0.0000E+00  0.0000E+00
     1     4     1     1        0  0.5787E+02  0.1850E+01  0.0000E+00  0.0000E+00
     1     4     1     2        0  0.0000E+00  0.7054E-01  0.0000E+00  0.0000E+00
     1     5     1     1        0  0.7365E+02  0.4127E+01  0.0000E+00  0.0000E+00
     1     5     1     2        0  0.0000E+00  0.1201E+00  0.0000E+00  0.0000E+00
     1     6     1     1        0  0.7739E+02  0.6801E+02  0.0000E+00  0.0000E+00
     1     6     1     2        0  0.0000E+00  0.2115E+02  0.0000E+00  0.0000E+00
     1     7     1     1        0  0.7853E+02  0.1000E+03  0.0000E+00  0.0000E+00
     1     7     1     2        0  0.0000E+00  0.1225E+02  0.0000E+00  0.0000E+00
     1     8     1     1        0  0.9001E+02  0.7786E+02  0.0000E+00  0.0000E+00
     1     8     1     2        0  0.0000E+00  0.3502E+01  0.0000E+00  0.0000E+00
     1     9     1     1        0  0.4421E+03  0.1000E+03  0.0000E+00  0.0000E+00
     1     9     1     2        0  0.1080E+03  0.4028E+02  0.0000E+00  0.0000E+00
     1     9     1     3        0  0.3049E+02  0.2300E+02  0.0000E+00  0.0000E+00
     1     9     1     4        0  0.0000E+00  0.5907E+01  0.0000E+00  0.0000E+00
     1    10     1     1        0  0.1868E+03  0.3976E+02  0.0000E+00  0.0000E+00
     1    10     1     2        0  0.5304E+01  0.2865E+01  0.0000E+00  0.0000E+00
     1    10     1     3        0  0.0000E+00  0.1397E+00  0.0000E+00  0.0000E+00
     1    11     1     1        0  0.8091E+07  0.1000E+03  0.0000E+00  0.0000E+00
     1    11     1     2        0  0.3373E+08  0.1000E+03  0.0000E+00  0.0000E+00
     1    11     1     3        0  0.2089E+08  0.1000E+03  0.0000E+00  0.0000E+00
     1    11     1     4        0  0.3361E+08  0.1000E+03  0.0000E+00  0.0000E+00
     1    11     2     1        0  0.3259E+01  0.3587E+02  0.0000E+00  0.0000E+00
     1    11     2     2        0  0.0000E+00  0.3488E+01  0.0000E+00  0.0000E+00
     1    12     1     1        0  0.0000E+00  0.9505E+01  0.0000E+00  0.0000E+00
     1    12     1     2        0  0.0000E+00  0.2054E+00  0.0000E+00  0.0000E+00
     1    13     1     1        0  0.0000E+00  0.8741E+01  0.0000E+00  0.0000E+00
     1    13     1     2        0  0.0000E+00  0.2525E+00  0.0000E+00  0.0000E+00
     1    14     1     1        0  0.3786E+01  0.1130E+02  0.0000E+00  0.0000E+00
     1    14     1     2        0  0.0000E+00  0.4174E+00  0.0000E+00  0.0000E+00
     1    15     1     1        0  0.1730E+02  0.1285E+02  0.0000E+00  0.0000E+00
     1    15     1     2        0  0.0000E+00  0.5129E+00  0.0000E+00  0.0000E+00
     1    16     1     1        0  0.4799E+02  0.1270E+02  0.0000E+00  0.0000E+00
     1    16     1     2        0  0.5454E+01  0.2999E+00  0.0000E+00  0.0000E+00
     1    16     1     3        0  0.0000E+00  0.9559E-02  0.0000E+00  0.0000E+00
     1    17     1     1        0  0.8633E+02  0.1151E+02  0.0000E+00  0.0000E+00
     1    17     1     2        0  0.2036E+02  0.5715E+00  0.0000E+00  0.0000E+00
     1    17     1     3        0  0.0000E+00  0.8976E-02  0.0000E+00  0.0000E+00
     1    18     1     1        0  0.1562E+03  0.1392E+02  0.0000E+00  0.0000E+00
     1    18     1     2        0  0.9348E+02  0.2722E+01  0.0000E+00  0.0000E+00
     1    18     1     3        0  0.0000E+00  0.4087E+00  0.0000E+00  0.0000E+00
     1    19     1     1        0  0.1843E+03  0.2042E+02  0.0000E+00  0.0000E+00
     1    19     1     2        0  0.5715E+03  0.1450E+02  0.0000E+00  0.0000E+00
     1    19     1     3        0  0.0000E+00  0.3310E+00  0.0000E+00  0.0000E+00
     1    20     1     1        0  0.1072E+03  0.2893E+02  0.0000E+00  0.0000E+00
     1    20     1     2        0  0.3535E+03  0.3688E+01  0.0000E+00  0.0000E+00
     1    20     1     3        0  0.0000E+00  0.1320E+00  0.0000E+00  0.0000E+00
     1    21     1     1        0  0.4298E+02  0.3740E+02  0.0000E+00  0.0000E+00
     1    21     1     2        0  0.3348E+02  0.1858E+02  0.0000E+00  0.0000E+00
     1    21     1     3        0  0.0000E+00  0.9942E+00  0.0000E+00  0.0000E+00
     1    22     1     1        0  0.4662E+02  0.5198E+02  0.0000E+00  0.0000E+00
     1    22     1     2        0  0.1243E+02  0.3517E+02  0.0000E+00  0.0000E+00
     1    22     1     3        0  0.0000E+00  0.6281E+01  0.0000E+00  0.0000E+00
     1    23     1     1        0  0.8366E+02  0.6253E+02  0.0000E+00  0.0000E+00
     1    23     1     2        0  0.3507E+04  0.1000E+03  0.0000E+00  0.0000E+00
     1    23     1     3        0  0.3197E+03  0.3128E+02  0.0000E+00  0.0000E+00
     1    23     1     4        0  0.7081E+03  0.1964E+02  0.0000E+00  0.0000E+00
     1    23     1     5        0  0.2623E+04  0.1000E+03  0.0000E+00  0.0000E+00
     1    23     2     1        0  0.6852E+01  0.6988E+02  0.0000E+00  0.0000E+00
     1    23     2     2        0  0.0000E+00  0.1818E+02  0.0000E+00  0.0000E+00
     1    24     1     1        0  0.0000E+00  0.1559E+02  0.0000E+00  0.0000E+00
     1    24     1     2        0  0.0000E+00  0.5742E+00  0.0000E+00  0.0000E+00
     1    25     1     1        0  0.0000E+00  0.1383E+02  0.0000E+00  0.0000E+00
     1    25     1     2        0  0.0000E+00  0.1954E+01  0.0000E+00  0.0000E+00
     1    26     1     1        0  0.3682E+01  0.1381E+02  0.0000E+00  0.0000E+00
     1    26     1     2        0  0.0000E+00  0.8985E+00  0.0000E+00  0.0000E+00
     1    27     1     1        0  0.4314E+01  0.1360E+02  0.0000E+00  0.0000E+00
     1    27     1     2        0  0.0000E+00  0.3590E+00  0.0000E+00  0.0000E+00
