SUMMARY OF C0NVERGENCE INFORMATION
  STEP   INC  ATT   ITER     CONT.   RESID.        CORR.      RESID.      CORR.
                              EL.    FORCE         DISP       FLUX        TEMP.
                              (#)     (%)           (%)        (%)         (%)
     1     1     1     1        0  0.2437E+04  0.1000E+03  0.0000E+00  0.0000E+00
     1     1     1     2        0  0.0000E+00  0.6886E+01  0.0000E+00  0.0000E+00
     1     2     1     1        0  0.0000E+00  0.7225E+01  0.0000E+00  0.0000E+00
     1     2     1     2        0  0.0000E+00  0.2064E-01  0.0000E+00  0.0000E+00
     1     3     1     1        0  0.0000E+00  0.5205E+00  0.0000E+00  0.0000E+00
     1     3     1     2        0  0.0000E+00  0.3610E-02  0.0000E+00  0.0000E+00
     1     4     1     1        0  0.0000E+00  0.6166E+00  0.0000E+00  0.0000E+00
     1     4     1     2        0  0.0000E+00  0.7498E-02  0.0000E+00  0.0000E+00
     1     5     1     1        0  0.0000E+00  0.6719E+00  0.0000E+00  0.0000E+00
     1     5     1     2        0  0.0000E+00  0.1203E-01  0.0000E+00  0.0000E+00
     1     6     1     1        0  0.0000E+00  0.6448E+00  0.0000E+00  0.0000E+00
     1     6     1     2        0  0.0000E+00  0.1559E-01  0.0000E+00  0.0000E+00
     1     7     1     1        0  0.0000E+00  0.6201E+00  0.0000E+00  0.0000E+00
     1     7     1     2        0  0.0000E+00  0.1888E-01  0.0000E+00  0.0000E+00
     1     8     1     1        0  0.0000E+00  0.5968E+00  0.0000E+00  0.0000E+00
     1     8     1     2        0  0.0000E+00  0.2190E-01  0.0000E+00  0.0000E+00
     1     9     1     1        0  0.0000E+00  0.5746E+00  0.0000E+00  0.0000E+00
     1     9     1     2        0  0.0000E+00  0.2467E-01  0.0000E+00  0.0000E+00
     1    10     1     1        0  0.0000E+00  0.5534E+00  0.0000E+00  0.0000E+00
     1    10     1     2        0  0.0000E+00  0.2719E-01  0.0000E+00  0.0000E+00
     1    11     1     1        0  0.0000E+00  0.5332E+00  0.0000E+00  0.0000E+00
     1    11     1     2        0  0.0000E+00  0.2948E-01  0.0000E+00  0.0000E+00
     1    12     1     1        0  0.0000E+00  0.5137E+00  0.0000E+00  0.0000E+00
     1    12     1     2        0  0.0000E+00  0.3156E-01  0.0000E+00  0.0000E+00
     1    13     1     1        0  0.0000E+00  0.4995E+00  0.0000E+00  0.0000E+00
     1    13     1     2        0  0.0000E+00  0.3342E-01  0.0000E+00  0.0000E+00
     1    14     1     1        0  0.0000E+00  0.5677E+00  0.0000E+00  0.0000E+00
     1    14     1     2        0  0.0000E+00  0.3509E-01  0.0000E+00  0.0000E+00
     1    15     1     1        0  0.0000E+00  0.6518E+00  0.0000E+00  0.0000E+00
     1    15     1     2        0  0.0000E+00  0.3656E-01  0.0000E+00  0.0000E+00
     1    16     1     1        0  0.0000E+00  0.7575E+00  0.0000E+00  0.0000E+00
     1    16     1     2        0  0.0000E+00  0.3785E-01  0.0000E+00  0.0000E+00
     1    17     1     1        0  0.0000E+00  0.8934E+00  0.0000E+00  0.0000E+00
     1    17     1     2        0  0.0000E+00  0.3896E-01  0.0000E+00  0.0000E+00
     1    18     1     1        0  0.0000E+00  0.1073E+01  0.0000E+00  0.0000E+00
     1    18     1     2        0  0.0000E+00  0.3991E-01  0.0000E+00  0.0000E+00
     1    19     1     1        0  0.0000E+00  0.1321E+01  0.0000E+00  0.0000E+00
     1    19     1     2        0  0.0000E+00  0.4069E-01  0.0000E+00  0.0000E+00
     1    20     1     1        0  0.0000E+00  0.1675E+01  0.0000E+00  0.0000E+00
     1    20     1     2        0  0.0000E+00  0.4131E-01  0.0000E+00  0.0000E+00
     1    21     1     1        0  0.0000E+00  0.2215E+01  0.0000E+00  0.0000E+00
     1    21     1     2        0  0.0000E+00  0.4177E-01  0.0000E+00  0.0000E+00
     1    22     1     1        0  0.0000E+00  0.1748E+01  0.0000E+00  0.0000E+00
     1    22     1     2        0  0.0000E+00  0.2703E-01  0.0000E+00  0.0000E+00
