SUMMARY OF C0NVERGENCE INFORMATION
  STEP   INC  ATT   ITER     CONT.   RESID.        CORR.      RESID.      CORR.
                              EL.    FORCE         DISP       FLUX        TEMP.
                              (#)     (%)           (%)        (%)         (%)
     1     1     1     1        0  0.6513E+04  0.1000E+03  0.0000E+00  0.0000E+00
     1     1     1     2        0  0.8513E+02  0.1007E+02  0.0000E+00  0.0000E+00
     1     1     1     3        0  0.0000E+00  0.2026E-01  0.0000E+00  0.0000E+00
     1     2     1     1        0  0.0000E+00  0.3983E+01  0.0000E+00  0.0000E+00
     1     2     1     2        0  0.0000E+00  0.1140E-01  0.0000E+00  0.0000E+00
     1     3     1     1        0  0.0000E+00  0.4478E+00  0.0000E+00  0.0000E+00
     1     3     1     2        0  0.0000E+00  0.2328E-02  0.0000E+00  0.0000E+00
     1     4     1     1        0  0.0000E+00  0.6620E+00  0.0000E+00  0.0000E+00
     1     4     1     2        0  0.0000E+00  0.4426E-02  0.0000E+00  0.0000E+00
     1     5     1     1        0  0.0000E+00  0.8074E+00  0.0000E+00  0.0000E+00
     1     5     1     2        0  0.0000E+00  0.7007E-02  0.0000E+00  0.0000E+00
     1     6     1     1        0  0.0000E+00  0.9510E+00  0.0000E+00  0.0000E+00
     1     6     1     2        0  0.0000E+00  0.9142E-02  0.0000E+00  0.0000E+00
     1     7     1     1        0  0.0000E+00  0.1212E+01  0.0000E+00  0.0000E+00
     1     7     1     2        0  0.0000E+00  0.1128E-01  0.0000E+00  0.0000E+00
     1     8     1     1        0  0.0000E+00  0.1686E+01  0.0000E+00  0.0000E+00
     1     8     1     2        0  0.0000E+00  0.1344E-01  0.0000E+00  0.0000E+00
     1     9     1     1        0  0.0000E+00  0.2684E+01  0.0000E+00  0.0000E+00
     1     9     1     2        0  0.0000E+00  0.1562E-01  0.0000E+00  0.0000E+00
     1    10     1     1        0  0.0000E+00  0.5279E+01  0.0000E+00  0.0000E+00
     1    10     1     2        0  0.0000E+00  0.2593E-01  0.0000E+00  0.0000E+00
     1    11     1     1        0  0.0000E+00  0.2471E+02  0.0000E+00  0.0000E+00
     1    11     1     2        0  0.0000E+00  0.7007E+00  0.0000E+00  0.0000E+00
     1    12     1     1        0  0.3803E+02  0.1000E+03  0.0000E+00  0.0000E+00
     1    12     1     2        0  0.0000E+00  0.1948E+02  0.0000E+00  0.0000E+00
     1    13     1     1        0  0.2717E+06  0.1000E+03  0.0000E+00  0.0000E+00
     1    13     1     2        0  0.4611E+07  0.1000E+03  0.0000E+00  0.0000E+00
     1    13     1     3        0  0.9839E+07  0.1000E+03  0.0000E+00  0.0000E+00
     1    13     1     4        0  0.3940E+08  0.1000E+03  0.0000E+00  0.0000E+00
     1    13     2     1        0  0.1974E+02  0.1000E+03  0.0000E+00  0.0000E+00
     1    13     2     2        0  0.0000E+00  0.3068E+02  0.0000E+00  0.0000E+00
     1    14     1     1        0  0.0000E+00  0.2462E+02  0.0000E+00  0.0000E+00
     1    14     1     2        0  0.0000E+00  0.3699E+01  0.0000E+00  0.0000E+00
     1    15     1     1        0  0.0000E+00  0.1270E+02  0.0000E+00  0.0000E+00
     1    15     1     2        0  0.0000E+00  0.1582E+01  0.0000E+00  0.0000E+00
     1    16     1     1        0  0.4259E+03  0.1000E+03  0.0000E+00  0.0000E+00
     1    16     1     2        0  0.3165E+02  0.2198E+02  0.0000E+00  0.0000E+00
     1    16     1     3        0  0.1588E+02  0.2091E+02  0.0000E+00  0.0000E+00
     1    16     1     4        0  0.5363E+03  0.1000E+03  0.0000E+00  0.0000E+00
     1    16     1     5        0  0.4566E+02  0.2712E+02  0.0000E+00  0.0000E+00
     1    16     2     1        0  0.0000E+00  0.1715E+02  0.0000E+00  0.0000E+00
     1    16     2     2        0  0.0000E+00  0.8849E+00  0.0000E+00  0.0000E+00
     1    17     1     1        0  0.0000E+00  0.9497E+01  0.0000E+00  0.0000E+00
     1    17     1     2        0  0.0000E+00  0.4131E+00  0.0000E+00  0.0000E+00
     1    18     1     1        0  0.0000E+00  0.2155E+02  0.0000E+00  0.0000E+00
     1    18     1     2        0  0.0000E+00  0.2291E+01  0.0000E+00  0.0000E+00
     1    19     1     1        0  0.3413E+01  0.7561E+02  0.0000E+00  0.0000E+00
     1    19     1     2        0  0.0000E+00  0.2641E+02  0.0000E+00  0.0000E+00
     1    20     1     1        0  0.9137E+01  0.6692E+02  0.0000E+00  0.0000E+00
     1    20     1     2        0  0.0000E+00  0.3065E+02  0.0000E+00  0.0000E+00
     1    21     1     1        0  0.0000E+00  0.2535E+02  0.0000E+00  0.0000E+00
     1    21     1     2        0  0.0000E+00  0.1160E+02  0.0000E+00  0.0000E+00
     1    22     1     1        0  0.5414E+01  0.3173E+02  0.0000E+00  0.0000E+00
     1    22     1     2        0  0.0000E+00  0.9753E+01  0.0000E+00  0.0000E+00
     1    23     1     1        0  0.4431E+01  0.1516E+02  0.0000E+00  0.0000E+00
     1    23     1     2        0  0.0000E+00  0.1798E+01  0.0000E+00  0.0000E+00
     1    24     1     1        0  0.4268E+01  0.9709E+01  0.0000E+00  0.0000E+00
     1    24     1     2        0  0.0000E+00  0.5380E+00  0.0000E+00  0.0000E+00
     1    25     1     1        0  0.4000E+01  0.7938E+01  0.0000E+00  0.0000E+00
     1    25     1     2        0  0.0000E+00  0.4577E+00  0.0000E+00  0.0000E+00
     1    26     1     1        0  0.3566E+01  0.7425E+01  0.0000E+00  0.0000E+00
     1    26     1     2        0  0.0000E+00  0.5003E+00  0.0000E+00  0.0000E+00
     1    27     1     1        0  0.3019E+01  0.1014E+02  0.0000E+00  0.0000E+00
     1    27     1     2        0  0.0000E+00  0.6229E+00  0.0000E+00  0.0000E+00
     1    28     1     1        0  0.0000E+00  0.8587E+01  0.0000E+00  0.0000E+00
     1    28     1     2        0  0.0000E+00  0.1916E+00  0.0000E+00  0.0000E+00
