SUMMARY OF JOB INFORMATION
  STEP      INC     ATT  ITRS     TOT TIME     STEP TIME      INC TIME
     1          1     1     3  0.250000E-01  0.250000E-01  0.250000E-01
     1          2     1     2  0.500000E-01  0.500000E-01  0.250000E-01
     1          3     1     2  0.875000E-01  0.875000E-01  0.375000E-01
     1          4     1     2  0.137500E+00  0.137500E+00  0.500000E-01
     1          5     1     2  0.187500E+00  0.187500E+00  0.500000E-01
     1          6     1     2  0.237500E+00  0.237500E+00  0.500000E-01
     1          7     1     2  0.287500E+00  0.287500E+00  0.500000E-01
     1          8     1     2  0.337500E+00  0.337500E+00  0.500000E-01
     1          9     1     5  0.387500E+00  0.387500E+00  0.500000E-01
     1         10     1     3  0.437500E+00  0.437500E+00  0.500000E-01
     1         11     1U    4  0.437500E+00  0.437500E+00  0.500000E-01
     1         11     2     2  0.450000E+00  0.450000E+00  0.125000E-01
     1         12     1     2  0.462500E+00  0.462500E+00  0.125000E-01
     1         13     1     2  0.481250E+00  0.481250E+00  0.187500E-01
     1         14     1     2  0.509375E+00  0.509375E+00  0.281250E-01
     1         15     1     3  0.551562E+00  0.551562E+00  0.421875E-01
     1         16     1     3  0.601562E+00  0.601562E+00  0.500000E-01
     1         17     1     4  0.651563E+00  0.651563E+00  0.500000E-01
     1         18     1     5  0.701563E+00  0.701563E+00  0.500000E-01
     1         19     1     3  0.751563E+00  0.751563E+00  0.500000E-01
     1         20     1U    4  0.751563E+00  0.751563E+00  0.500000E-01
     1         20     2     6  0.764063E+00  0.764063E+00  0.125000E-01
     1         21     1     2  0.776563E+00  0.776563E+00  0.125000E-01
     1         22     1     2  0.789062E+00  0.789062E+00  0.125000E-01
     1         23     1     3  0.807813E+00  0.807813E+00  0.187500E-01
     1         24     1     3  0.835938E+00  0.835938E+00  0.281250E-01
     1         25     1     3  0.878125E+00  0.878125E+00  0.421875E-01
     1         26     1     3  0.928125E+00  0.928125E+00  0.500000E-01
     1         27     1     3  0.978125E+00  0.978125E+00  0.500000E-01
     1         28     1U    6  0.978125E+00  0.978125E+00  0.218750E-01
     1         28     2     2  0.983594E+00  0.983594E+00  0.546875E-02
     1         29     1     4  0.989062E+00  0.989062E+00  0.546875E-02
     1         30     1U    5  0.989062E+00  0.989062E+00  0.820312E-02
     1         30     2U    4  0.989062E+00  0.989062E+00  0.205078E-02
     1         30     3     2  0.989575E+00  0.989575E+00  0.512695E-03
     1         31     1     2  0.990088E+00  0.990088E+00  0.512695E-03
     1         32     1     2  0.990857E+00  0.990857E+00  0.769043E-03
     1         33     1     2  0.992010E+00  0.992010E+00  0.115356E-02
     1         34     1     2  0.993741E+00  0.993741E+00  0.173035E-02
     1         35     1     2  0.996336E+00  0.996336E+00  0.259552E-02
     1         36     1     2  0.100000E+01  0.100000E+01  0.366364E-02
