SUMMARY OF JOB INFORMATION
  STEP      INC     ATT  ITRS     TOT TIME     STEP TIME      INC TIME
     1          1     1     3  0.250000E-01  0.250000E-01  0.250000E-01
     1          2     1     2  0.500000E-01  0.500000E-01  0.250000E-01
     1          3     1     3  0.875000E-01  0.875000E-01  0.375000E-01
     1          4     1     3  0.137500E+00  0.137500E+00  0.500000E-01
     1          5     1     3  0.187500E+00  0.187500E+00  0.500000E-01
     1          6     1     4  0.237500E+00  0.237500E+00  0.500000E-01
     1          7     1U    4  0.237500E+00  0.237500E+00  0.500000E-01
     1          7     2     4  0.250000E+00  0.250000E+00  0.125000E-01
     1          8     1     4  0.262500E+00  0.262500E+00  0.125000E-01
     1          9     1     5  0.281250E+00  0.281250E+00  0.187500E-01
     1         10     1     5  0.300000E+00  0.300000E+00  0.187500E-01
     1         11     1     4  0.318750E+00  0.318750E+00  0.187500E-01
     1         12     1     3  0.337500E+00  0.337500E+00  0.187500E-01
     1         13     1     3  0.365625E+00  0.365625E+00  0.281250E-01
     1         14     1     5  0.407812E+00  0.407812E+00  0.421875E-01
     1         15     1     3  0.450000E+00  0.450000E+00  0.421875E-01
     1         16     1     4  0.492187E+00  0.492187E+00  0.421875E-01
     1         17     1U    8  0.492187E+00  0.492187E+00  0.500000E-01
     1         17     2     2  0.504687E+00  0.504687E+00  0.125000E-01
     1         18     1     2  0.517187E+00  0.517187E+00  0.125000E-01
     1         19     1     2  0.535937E+00  0.535937E+00  0.187500E-01
     1         20     1     3  0.564062E+00  0.564062E+00  0.281250E-01
     1         21     1     3  0.606250E+00  0.606250E+00  0.421875E-01
     1         22     1U    4  0.606250E+00  0.606250E+00  0.500000E-01
     1         22     2     2  0.618750E+00  0.618750E+00  0.125000E-01
     1         23     1     2  0.631250E+00  0.631250E+00  0.125000E-01
     1         24     1     2  0.650000E+00  0.650000E+00  0.187500E-01
     1         25     1     2  0.678125E+00  0.678125E+00  0.281250E-01
     1         26     1     6  0.720312E+00  0.720312E+00  0.421875E-01
     1         27     1U    4  0.720312E+00  0.720312E+00  0.421875E-01
     1         27     2     3  0.730859E+00  0.730859E+00  0.105469E-01
     1         28     1     2  0.741406E+00  0.741406E+00  0.105469E-01
     1         29     1     2  0.757227E+00  0.757227E+00  0.158203E-01
     1         30     1     2  0.780957E+00  0.780957E+00  0.237305E-01
     1         31     1     2  0.816553E+00  0.816553E+00  0.355957E-01
     1         32     1     3  0.866553E+00  0.866553E+00  0.500000E-01
     1         33     1     3  0.916553E+00  0.916553E+00  0.500000E-01
     1         34     1     3  0.966553E+00  0.966553E+00  0.500000E-01
     1         35     1     3  0.100000E+01  0.100000E+01  0.334473E-01
