SUMMARY OF C0NVERGENCE INFORMATION
  STEP   INC  ATT   ITER     CONT.   RESID.        CORR.      RESID.      CORR.
                              EL.    FORCE         DISP       FLUX        TEMP.
                              (#)     (%)           (%)        (%)         (%)
     1     1     1     1        0  0.6563E+03  0.1000E+03  0.0000E+00  0.0000E+00
     1     1     1     2        0  0.0000E+00  0.1965E+01  0.0000E+00  0.0000E+00
     1     2     1     1        0  0.0000E+00  0.3950E+00  0.0000E+00  0.0000E+00
     1     2     1     2        0  0.0000E+00  0.7023E-03  0.0000E+00  0.0000E+00
     1     3     1     1        0  0.0000E+00  0.5691E+00  0.0000E+00  0.0000E+00
     1     3     1     2        0  0.0000E+00  0.2784E-02  0.0000E+00  0.0000E+00
     1     4     1     1        0  0.5046E+02  0.1190E+01  0.0000E+00  0.0000E+00
     1     4     1     2        0  0.0000E+00  0.1831E-01  0.0000E+00  0.0000E+00
     1     5     1     1        0  0.2620E+03  0.2552E+01  0.0000E+00  0.0000E+00
     1     5     1     2        0  0.0000E+00  0.8999E-01  0.0000E+00  0.0000E+00
     1     6     1     1        0  0.5835E+04  0.1398E+02  0.0000E+00  0.0000E+00
     1     6     1     2        0  0.3537E+01  0.3400E+00  0.0000E+00  0.0000E+00
     1     6     1     3        0  0.0000E+00  0.1384E+00  0.0000E+00  0.0000E+00
     1     7     1     1        0  0.2549E+05  0.6886E+02  0.0000E+00  0.0000E+00
     1     7     1     2        0  0.3436E+04  0.1298E+02  0.0000E+00  0.0000E+00
     1     7     1     3        0  0.3372E+05  0.4424E+02  0.0000E+00  0.0000E+00
     1     7     1     4        0  0.1006E+03  0.2224E+01  0.0000E+00  0.0000E+00
     1     7     1     5        0  0.6646E+03  0.5771E+01  0.0000E+00  0.0000E+00
     1     7     1     6        0  0.0000E+00  0.3301E+00  0.0000E+00  0.0000E+00
     1     8     1     1        0  0.6434E+04  0.7463E+02  0.0000E+00  0.0000E+00
     1     8     1     2        0  0.2446E+04  0.1380E+02  0.0000E+00  0.0000E+00
     1     8     1     3        0  0.1941E+02  0.1224E+01  0.0000E+00  0.0000E+00
     1     8     1     4        0  0.0000E+00  0.1329E+00  0.0000E+00  0.0000E+00
     1     9     1     1        0  0.6287E+03  0.1000E+03  0.0000E+00  0.0000E+00
     1     9     1     2        0  0.1346E+04  0.1376E+02  0.0000E+00  0.0000E+00
     1     9     1     3        0  0.4639E+02  0.2636E+02  0.0000E+00  0.0000E+00
     1     9     1     4        0  0.0000E+00  0.3803E+01  0.0000E+00  0.0000E+00
     1    10     1     1        0  0.1655E+03  0.1012E+02  0.0000E+00  0.0000E+00
     1    10     1     2        0  0.4391E+03  0.2199E+02  0.0000E+00  0.0000E+00
     1    10     1     3        0  0.9340E+00  0.2488E+01  0.0000E+00  0.0000E+00
     1    10     1     4        0  0.0000E+00  0.3213E+00  0.0000E+00  0.0000E+00
     1    11     1     1        0  0.7047E+02  0.1191E+02  0.0000E+00  0.0000E+00
     1    11     1     2        0  0.2007E+03  0.1768E+02  0.0000E+00  0.0000E+00
     1    11     1     3        0  0.0000E+00  0.1325E+01  0.0000E+00  0.0000E+00
     1    12     1     1        0  0.4547E+02  0.1525E+02  0.0000E+00  0.0000E+00
     1    12     1     2        0  0.5248E+02  0.6731E+01  0.0000E+00  0.0000E+00
     1    12     1     3        0  0.0000E+00  0.1977E+00  0.0000E+00  0.0000E+00
     1    13     1     1        0  0.2977E+02  0.2606E+02  0.0000E+00  0.0000E+00
     1    13     1     2        0  0.1551E+02  0.3181E+01  0.0000E+00  0.0000E+00
     1    13     1     3        0  0.0000E+00  0.3992E-01  0.0000E+00  0.0000E+00
     1    14     1     1        0  0.2015E+02  0.4980E+02  0.0000E+00  0.0000E+00
     1    14     1     2        0  0.5369E+01  0.7641E+01  0.0000E+00  0.0000E+00
     1    14     1     3        0  0.0000E+00  0.4312E+00  0.0000E+00  0.0000E+00
     1    15     1     1        0  0.1381E+02  0.1525E+02  0.0000E+00  0.0000E+00
     1    15     1     2        0  0.2071E+01  0.1063E+01  0.0000E+00  0.0000E+00
     1    15     1     3        0  0.0000E+00  0.1222E-01  0.0000E+00  0.0000E+00
     1    16     1     1        0  0.9384E+01  0.1516E+02  0.0000E+00  0.0000E+00
     1    16     1     2        0  0.8444E+00  0.8310E+00  0.0000E+00  0.0000E+00
     1    16     1     3        0  0.0000E+00  0.5901E-02  0.0000E+00  0.0000E+00
     1    17     1     1        0  0.6581E+01  0.1273E+02  0.0000E+00  0.0000E+00
     1    17     1     2        0  0.3795E+00  0.4623E+00  0.0000E+00  0.0000E+00
     1    18     1     1        0  0.4768E+01  0.9130E+01  0.0000E+00  0.0000E+00
     1    18     1     2        0  0.0000E+00  0.3591E+00  0.0000E+00  0.0000E+00
     1    19     1     1        0  0.3535E+01  0.6739E+01  0.0000E+00  0.0000E+00
     1    19     1     2        0  0.0000E+00  0.2910E+00  0.0000E+00  0.0000E+00
     1    20     1     1        0  0.2761E+01  0.5171E+01  0.0000E+00  0.0000E+00
     1    20     1     2        0  0.0000E+00  0.2605E+00  0.0000E+00  0.0000E+00
     1    21     1     1        0  0.2207E+01  0.4992E+01  0.0000E+00  0.0000E+00
     1    21     1     2        0  0.0000E+00  0.2739E+00  0.0000E+00  0.0000E+00
     1    22     1     1        0  0.0000E+00  0.3464E+01  0.0000E+00  0.0000E+00
     1    22     1     2        0  0.0000E+00  0.3600E-01  0.0000E+00  0.0000E+00
