SUMMARY OF C0NVERGENCE INFORMATION
  STEP   INC  ATT   ITER     CONT.   RESID.        CORR.      RESID.      CORR.
                              EL.    FORCE         DISP       FLUX        TEMP.
                              (#)     (%)           (%)        (%)         (%)
     1     1     1     1        0  0.2434E+04  0.1000E+03  0.0000E+00  0.0000E+00
     1     1     1     2        0  0.0000E+00  0.2001E+01  0.0000E+00  0.0000E+00
     1     2     1     1        0  0.0000E+00  0.8019E+00  0.0000E+00  0.0000E+00
     1     2     1     2        0  0.0000E+00  0.1320E-02  0.0000E+00  0.0000E+00
     1     3     1     1        0  0.0000E+00  0.1146E+01  0.0000E+00  0.0000E+00
     1     3     1     2        0  0.0000E+00  0.3493E-02  0.0000E+00  0.0000E+00
     1     4     1     1        0  0.4592E+02  0.1755E+01  0.0000E+00  0.0000E+00
     1     4     1     2        0  0.0000E+00  0.1867E-01  0.0000E+00  0.0000E+00
     1     5     1     1        0  0.2586E+03  0.3076E+01  0.0000E+00  0.0000E+00
     1     5     1     2        0  0.0000E+00  0.8379E-01  0.0000E+00  0.0000E+00
     1     6     1     1        0  0.4744E+04  0.1368E+02  0.0000E+00  0.0000E+00
     1     6     1     2        0  0.2957E+01  0.3375E+00  0.0000E+00  0.0000E+00
     1     6     1     3        0  0.0000E+00  0.1084E+00  0.0000E+00  0.0000E+00
     1     7     1     1        0  0.2448E+05  0.5062E+02  0.0000E+00  0.0000E+00
     1     7     1     2        0  0.3511E+04  0.1375E+02  0.0000E+00  0.0000E+00
     1     7     1     3        0  0.3111E+05  0.4434E+02  0.0000E+00  0.0000E+00
     1     7     1     4        0  0.8350E+02  0.2166E+01  0.0000E+00  0.0000E+00
     1     7     1     5        0  0.5905E+03  0.5772E+01  0.0000E+00  0.0000E+00
     1     7     1     6        0  0.0000E+00  0.3098E+00  0.0000E+00  0.0000E+00
     1     8     1     1        0  0.5632E+04  0.7097E+02  0.0000E+00  0.0000E+00
     1     8     1     2        0  0.2035E+04  0.1284E+02  0.0000E+00  0.0000E+00
     1     8     1     3        0  0.1496E+02  0.1106E+01  0.0000E+00  0.0000E+00
     1     8     1     4        0  0.0000E+00  0.1091E+00  0.0000E+00  0.0000E+00
     1     9     1     1        0  0.5948E+03  0.1000E+03  0.0000E+00  0.0000E+00
     1     9     1     2        0  0.1203E+04  0.1094E+02  0.0000E+00  0.0000E+00
     1     9     1     3        0  0.4104E+02  0.2626E+02  0.0000E+00  0.0000E+00
     1     9     1     4        0  0.0000E+00  0.3841E+01  0.0000E+00  0.0000E+00
     1    10     1     1        0  0.1930E+03  0.1180E+02  0.0000E+00  0.0000E+00
     1    10     1     2        0  0.4158E+03  0.1960E+02  0.0000E+00  0.0000E+00
     1    10     1     3        0  0.8204E+00  0.1935E+01  0.0000E+00  0.0000E+00
     1    10     1     4        0  0.0000E+00  0.1856E+00  0.0000E+00  0.0000E+00
     1    11     1     1        0  0.6674E+02  0.1631E+02  0.0000E+00  0.0000E+00
     1    11     1     2        0  0.1976E+03  0.1737E+02  0.0000E+00  0.0000E+00
     1    11     1     3        0  0.0000E+00  0.1299E+01  0.0000E+00  0.0000E+00
     1    12     1     1        0  0.4304E+02  0.2522E+02  0.0000E+00  0.0000E+00
     1    12     1     2        0  0.5269E+02  0.6820E+01  0.0000E+00  0.0000E+00
     1    12     1     3        0  0.0000E+00  0.1898E+00  0.0000E+00  0.0000E+00
     1    13     1     1        0  0.2862E+02  0.4550E+02  0.0000E+00  0.0000E+00
     1    13     1     2        0  0.1574E+02  0.6192E+01  0.0000E+00  0.0000E+00
     1    13     1     3        0  0.0000E+00  0.2748E+00  0.0000E+00  0.0000E+00
     1    14     1     1        0  0.2001E+02  0.7195E+02  0.0000E+00  0.0000E+00
     1    14     1     2        0  0.5466E+01  0.1433E+02  0.0000E+00  0.0000E+00
     1    14     1     3        0  0.0000E+00  0.1312E+01  0.0000E+00  0.0000E+00
     1    15     1     1        0  0.1376E+02  0.1588E+02  0.0000E+00  0.0000E+00
     1    15     1     2        0  0.2071E+01  0.9776E+00  0.0000E+00  0.0000E+00
     1    15     1     3        0  0.0000E+00  0.1238E-01  0.0000E+00  0.0000E+00
     1    16     1     1        0  0.9416E+01  0.1802E+02  0.0000E+00  0.0000E+00
     1    16     1     2        0  0.8279E+00  0.1397E+01  0.0000E+00  0.0000E+00
     1    16     1     3        0  0.0000E+00  0.6911E-02  0.0000E+00  0.0000E+00
     1    17     1     1        0  0.6682E+01  0.1561E+02  0.0000E+00  0.0000E+00
     1    17     1     2        0  0.3708E+00  0.5175E+00  0.0000E+00  0.0000E+00
     1    18     1     1        0  0.4883E+01  0.1128E+02  0.0000E+00  0.0000E+00
     1    18     1     2        0  0.0000E+00  0.3745E+00  0.0000E+00  0.0000E+00
     1    19     1     1        0  0.3643E+01  0.8488E+01  0.0000E+00  0.0000E+00
     1    19     1     2        0  0.0000E+00  0.2897E+00  0.0000E+00  0.0000E+00
     1    20     1     1        0  0.2770E+01  0.6648E+01  0.0000E+00  0.0000E+00
     1    20     1     2        0  0.0000E+00  0.2289E+00  0.0000E+00  0.0000E+00
     1    21     1     1        0  0.2195E+01  0.5379E+01  0.0000E+00  0.0000E+00
     1    21     1     2        0  0.0000E+00  0.2460E+00  0.0000E+00  0.0000E+00
     1    22     1     1        0  0.0000E+00  0.3024E+01  0.0000E+00  0.0000E+00
     1    22     1     2        0  0.0000E+00  0.7910E-01  0.0000E+00  0.0000E+00
