SUMMARY OF C0NVERGENCE INFORMATION
  STEP   INC  ATT   ITER     CONT.   RESID.        CORR.      RESID.      CORR.
                              EL.    FORCE         DISP       FLUX        TEMP.
                              (#)     (%)           (%)        (%)         (%)
     1     1     1     1        0  0.6024E+03  0.1000E+03  0.0000E+00  0.0000E+00
     1     1     1     2        0  0.0000E+00  0.2012E+01  0.0000E+00  0.0000E+00
     1     2     1     1        0  0.0000E+00  0.3316E+00  0.0000E+00  0.0000E+00
     1     2     1     2        0  0.0000E+00  0.6443E-03  0.0000E+00  0.0000E+00
     1     3     1     1        0  0.0000E+00  0.5236E+00  0.0000E+00  0.0000E+00
     1     3     1     2        0  0.0000E+00  0.2885E-02  0.0000E+00  0.0000E+00
     1     4     1     1        0  0.3176E+02  0.1129E+01  0.0000E+00  0.0000E+00
     1     4     1     2        0  0.0000E+00  0.1961E-01  0.0000E+00  0.0000E+00
     1     5     1     1        0  0.2267E+03  0.2471E+01  0.0000E+00  0.0000E+00
     1     5     1     2        0  0.0000E+00  0.1028E+00  0.0000E+00  0.0000E+00
     1     6     1     1        0  0.5610E+04  0.1352E+02  0.0000E+00  0.0000E+00
     1     6     1     2        0  0.5268E+01  0.4107E+00  0.0000E+00  0.0000E+00
     1     6     1     3        0  0.0000E+00  0.2237E+00  0.0000E+00  0.0000E+00
     1     7     1     1        0  0.2440E+05  0.6013E+02  0.0000E+00  0.0000E+00
     1     7     1     2        0  0.2525E+04  0.1097E+02  0.0000E+00  0.0000E+00
     1     7     1     3        0  0.3381E+05  0.4410E+02  0.0000E+00  0.0000E+00
     1     7     1     4        0  0.6533E+02  0.1800E+01  0.0000E+00  0.0000E+00
     1     7     1     5        0  0.5814E+03  0.5346E+01  0.0000E+00  0.0000E+00
     1     7     1     6        0  0.0000E+00  0.3170E+00  0.0000E+00  0.0000E+00
     1     8     1     1        0  0.4918E+04  0.7273E+02  0.0000E+00  0.0000E+00
     1     8     1     2        0  0.1848E+04  0.1203E+02  0.0000E+00  0.0000E+00
     1     8     1     3        0  0.1263E+02  0.9860E+00  0.0000E+00  0.0000E+00
     1     8     1     4        0  0.0000E+00  0.8866E-01  0.0000E+00  0.0000E+00
     1     9     1     1        0  0.6148E+03  0.1000E+03  0.0000E+00  0.0000E+00
     1     9     1     2        0  0.1263E+04  0.1220E+02  0.0000E+00  0.0000E+00
     1     9     1     3        0  0.5050E+02  0.2697E+02  0.0000E+00  0.0000E+00
     1     9     1     4        0  0.1174E+01  0.4400E+01  0.0000E+00  0.0000E+00
     1     9     1     5        0  0.0000E+00  0.1204E+01  0.0000E+00  0.0000E+00
     1    10     1     1        0  0.1603E+03  0.1238E+02  0.0000E+00  0.0000E+00
     1    10     1     2        0  0.3933E+03  0.1361E+02  0.0000E+00  0.0000E+00
     1    10     1     3        0  0.0000E+00  0.9052E+00  0.0000E+00  0.0000E+00
     1    11     1     1        0  0.6593E+02  0.1053E+02  0.0000E+00  0.0000E+00
     1    11     1     2        0  0.1913E+03  0.1630E+02  0.0000E+00  0.0000E+00
     1    11     1     3        0  0.0000E+00  0.1195E+01  0.0000E+00  0.0000E+00
     1    12     1     1        0  0.4336E+02  0.7939E+01  0.0000E+00  0.0000E+00
     1    12     1     2        0  0.5034E+02  0.6451E+01  0.0000E+00  0.0000E+00
     1    12     1     3        0  0.0000E+00  0.1765E+00  0.0000E+00  0.0000E+00
     1    13     1     1        0  0.2859E+02  0.5855E+01  0.0000E+00  0.0000E+00
     1    13     1     2        0  0.1491E+02  0.3063E+01  0.0000E+00  0.0000E+00
     1    13     1     3        0  0.0000E+00  0.3709E-01  0.0000E+00  0.0000E+00
     1    14     1     1        0  0.1911E+02  0.4686E+01  0.0000E+00  0.0000E+00
     1    14     1     2        0  0.5087E+01  0.1688E+01  0.0000E+00  0.0000E+00
     1    14     1     3        0  0.0000E+00  0.1073E-01  0.0000E+00  0.0000E+00
     1    15     1     1        0  0.1302E+02  0.3888E+01  0.0000E+00  0.0000E+00
     1    15     1     2        0  0.1943E+01  0.9948E+00  0.0000E+00  0.0000E+00
     1    15     1     3        0  0.0000E+00  0.3622E-02  0.0000E+00  0.0000E+00
     1    16     1     1        0  0.9076E+01  0.3213E+01  0.0000E+00  0.0000E+00
     1    16     1     2        0  0.8169E+00  0.6206E+00  0.0000E+00  0.0000E+00
     1    16     1     3        0  0.0000E+00  0.1361E-02  0.0000E+00  0.0000E+00
     1    17     1     1        0  0.6481E+01  0.2656E+01  0.0000E+00  0.0000E+00
     1    17     1     2        0  0.3725E+00  0.4183E+00  0.0000E+00  0.0000E+00
     1    18     1     1        0  0.4737E+01  0.2735E+01  0.0000E+00  0.0000E+00
     1    18     1     2        0  0.0000E+00  0.3119E+00  0.0000E+00  0.0000E+00
     1    19     1     1        0  0.3531E+01  0.3115E+01  0.0000E+00  0.0000E+00
     1    19     1     2        0  0.0000E+00  0.2399E+00  0.0000E+00  0.0000E+00
     1    20     1     1        0  0.2743E+01  0.3652E+01  0.0000E+00  0.0000E+00
     1    20     1     2        0  0.0000E+00  0.1866E+00  0.0000E+00  0.0000E+00
     1    21     1     1        0  0.2192E+01  0.5014E+01  0.0000E+00  0.0000E+00
     1    21     1     2        0  0.0000E+00  0.1465E+00  0.0000E+00  0.0000E+00
     1    22     1     1        0  0.0000E+00  0.3795E+01  0.0000E+00  0.0000E+00
     1    22     1     2        0  0.0000E+00  0.1385E-01  0.0000E+00  0.0000E+00
