SUMMARY OF C0NVERGENCE INFORMATION
  STEP   INC  ATT   ITER     CONT.   RESID.        CORR.      RESID.      CORR.
                              EL.    FORCE         DISP       FLUX        TEMP.
                              (#)     (%)           (%)        (%)         (%)
     1     1     1     1        0  0.2019E+05  0.1000E+03  0.0000E+00  0.0000E+00
     1     1     1     2        0  0.1643E+03  0.9723E+01  0.0000E+00  0.0000E+00
     1     1     1     3        0  0.0000E+00  0.1448E+00  0.0000E+00  0.0000E+00
     1     2     1     1        0  0.9397E+02  0.2508E+01  0.0000E+00  0.0000E+00
     1     2     1     2        0  0.0000E+00  0.3001E+00  0.0000E+00  0.0000E+00
     1     3     1     1        0  0.1738E+03  0.2213E+01  0.0000E+00  0.0000E+00
     1     3     1     2        0  0.4944E+01  0.4919E+00  0.0000E+00  0.0000E+00
     1     3     1     3        0  0.0000E+00  0.3974E-02  0.0000E+00  0.0000E+00
     1     4     1     1        0  0.3018E+03  0.1056E+02  0.0000E+00  0.0000E+00
     1     4     1     2        0  0.1751E+02  0.1286E+02  0.0000E+00  0.0000E+00
     1     4     1     3        0  0.0000E+00  0.2529E+01  0.0000E+00  0.0000E+00
     1     5     1     1        0  0.2240E+03  0.4942E+01  0.0000E+00  0.0000E+00
     1     5     1     2        0  0.2769E+02  0.6799E+00  0.0000E+00  0.0000E+00
     1     5     1     3        0  0.0000E+00  0.1049E-01  0.0000E+00  0.0000E+00
     1     6     1     1        0  0.1395E+04  0.1951E+02  0.0000E+00  0.0000E+00
     1     6     1     2        0  0.1101E+04  0.3819E+01  0.0000E+00  0.0000E+00
     1     6     1     3        0  0.1073E+02  0.3669E+00  0.0000E+00  0.0000E+00
     1     6     1     4        0  0.0000E+00  0.3832E-01  0.0000E+00  0.0000E+00
     1     7     1     1        0  0.4787E+06  0.1000E+03  0.0000E+00  0.0000E+00
     1     7     1     2        0  0.5571E+06  0.3928E+02  0.0000E+00  0.0000E+00
     1     7     1     3        0  0.8741E+06  0.1000E+03  0.0000E+00  0.0000E+00
     1     7     1     4        0  0.1175E+07  0.1000E+03  0.0000E+00  0.0000E+00
     1     7     2     1        0  0.9591E+03  0.1000E+03  0.0000E+00  0.0000E+00
     1     7     2     2        0  0.1663E+03  0.1624E+02  0.0000E+00  0.0000E+00
     1     7     2     3        0  0.1986E+01  0.1051E+01  0.0000E+00  0.0000E+00
     1     7     2     4        0  0.0000E+00  0.9019E-02  0.0000E+00  0.0000E+00
     1     8     1     1        0  0.5110E+03  0.1000E+03  0.0000E+00  0.0000E+00
     1     8     1     2        0  0.1129E+04  0.3272E+02  0.0000E+00  0.0000E+00
     1     8     1     3        0  0.1458E+01  0.1579E+02  0.0000E+00  0.0000E+00
     1     8     1     4        0  0.0000E+00  0.2948E+01  0.0000E+00  0.0000E+00
     1     9     1     1        0  0.8533E+02  0.3948E+02  0.0000E+00  0.0000E+00
     1     9     1     2        0  0.2750E+04  0.1152E+02  0.0000E+00  0.0000E+00
     1     9     1     3        0  0.1624E+02  0.1553E+01  0.0000E+00  0.0000E+00
     1     9     1     4        0  0.2954E+01  0.3026E+00  0.0000E+00  0.0000E+00
     1     9     1     5        0  0.0000E+00  0.5423E-02  0.0000E+00  0.0000E+00
     1    10     1     1        0  0.9873E+02  0.2557E+02  0.0000E+00  0.0000E+00
     1    10     1     2        0  0.2576E+03  0.2149E+02  0.0000E+00  0.0000E+00
     1    10     1     3        0  0.1804E+01  0.1916E+01  0.0000E+00  0.0000E+00
     1    10     1     4        0  0.9800E+00  0.2298E+01  0.0000E+00  0.0000E+00
     1    10     1     5        0  0.0000E+00  0.1347E+00  0.0000E+00  0.0000E+00
     1    11     1     1        0  0.9265E+02  0.2472E+02  0.0000E+00  0.0000E+00
     1    11     1     2        0  0.6213E+03  0.1553E+02  0.0000E+00  0.0000E+00
     1    11     1     3        0  0.2986E+01  0.2274E+01  0.0000E+00  0.0000E+00
     1    11     1     4        0  0.0000E+00  0.3852E+00  0.0000E+00  0.0000E+00
     1    12     1     1        0  0.5960E+02  0.1907E+02  0.0000E+00  0.0000E+00
     1    12     1     2        0  0.1858E+03  0.7578E+01  0.0000E+00  0.0000E+00
     1    12     1     3        0  0.0000E+00  0.4003E+00  0.0000E+00  0.0000E+00
     1    13     1     1        0  0.7792E+02  0.6906E+02  0.0000E+00  0.0000E+00
     1    13     1     2        0  0.2182E+03  0.1006E+02  0.0000E+00  0.0000E+00
     1    13     1     3        0  0.0000E+00  0.2234E+01  0.0000E+00  0.0000E+00
     1    14     1     1        0  0.1195E+03  0.2262E+02  0.0000E+00  0.0000E+00
     1    14     1     2        0  0.3578E+03  0.1554E+02  0.0000E+00  0.0000E+00
     1    14     1     3        0  0.1568E+01  0.3957E+02  0.0000E+00  0.0000E+00
     1    14     1     4        0  0.5554E+00  0.2350E+02  0.0000E+00  0.0000E+00
     1    14     1     5        0  0.0000E+00  0.1673E+02  0.0000E+00  0.0000E+00
     1    15     1     1        0  0.8175E+02  0.1000E+03  0.0000E+00  0.0000E+00
     1    15     1     2        0  0.1605E+03  0.2326E+02  0.0000E+00  0.0000E+00
     1    15     1     3        0  0.0000E+00  0.8999E+01  0.0000E+00  0.0000E+00
     1    16     1     1        0  0.4423E+02  0.1000E+03  0.0000E+00  0.0000E+00
     1    16     1     2        0  0.5484E+02  0.2178E+02  0.0000E+00  0.0000E+00
     1    16     1     3        0  0.1828E+01  0.2222E+02  0.0000E+00  0.0000E+00
     1    16     1     4        0  0.0000E+00  0.2100E+01  0.0000E+00  0.0000E+00
     1    17     1     1        0  0.5510E+02  0.1000E+03  0.0000E+00  0.0000E+00
     1    17     1     2        0  0.1408E+03  0.1000E+03  0.0000E+00  0.0000E+00
     1    17     1     3        0  0.3552E+02  0.6649E+02  0.0000E+00  0.0000E+00
     1    17     1     4        0  0.5327E+02  0.7514E+02  0.0000E+00  0.0000E+00
     1    17     1     5        0  0.3198E+02  0.4809E+02  0.0000E+00  0.0000E+00
     1    17     1     6        0  0.2232E+01  0.1572E+02  0.0000E+00  0.0000E+00
     1    17     1     7        0  0.1851E+02  0.3140E+02  0.0000E+00  0.0000E+00
     1    17     1     8        0  0.9838E+02  0.6815E+02  0.0000E+00  0.0000E+00
     1    17     2     1        0  0.3708E+01  0.1000E+03  0.0000E+00  0.0000E+00
     1    17     2     2        0  0.0000E+00  0.1167E+02  0.0000E+00  0.0000E+00
     1    18     1     1        0  0.5142E+00  0.1730E+02  0.0000E+00  0.0000E+00
     1    18     1     2        0  0.0000E+00  0.1073E+01  0.0000E+00  0.0000E+00
     1    19     1     1        0  0.1089E+01  0.2110E+02  0.0000E+00  0.0000E+00
     1    19     1     2        0  0.0000E+00  0.3535E+01  0.0000E+00  0.0000E+00
     1    20     1     1        0  0.3641E+01  0.3463E+02  0.0000E+00  0.0000E+00
     1    20     1     2        0  0.3744E+00  0.1299E+02  0.0000E+00  0.0000E+00
     1    20     1     3        0  0.0000E+00  0.2664E+00  0.0000E+00  0.0000E+00
     1    21     1     1        0  0.1041E+02  0.3486E+02  0.0000E+00  0.0000E+00
     1    21     1     2        0  0.3116E+01  0.1898E+02  0.0000E+00  0.0000E+00
     1    21     1     3        0  0.0000E+00  0.2860E+01  0.0000E+00  0.0000E+00
     1    22     1     1        0  0.3698E+04  0.1000E+03  0.0000E+00  0.0000E+00
     1    22     1     2        0  0.7256E+06  0.1000E+03  0.0000E+00  0.0000E+00
     1    22     1     3        0  0.9820E+08  0.1000E+03  0.0000E+00  0.0000E+00
     1    22     1     4        0  0.1244E+08  0.1000E+03  0.0000E+00  0.0000E+00
     1    22     2     1        0  0.7126E+00  0.1700E+02  0.0000E+00  0.0000E+00
     1    22     2     2        0  0.0000E+00  0.1479E+01  0.0000E+00  0.0000E+00
     1    23     1     1        0  0.0000E+00  0.9552E+01  0.0000E+00  0.0000E+00
     1    23     1     2        0  0.0000E+00  0.4218E+00  0.0000E+00  0.0000E+00
     1    24     1     1        0  0.3679E+00  0.1582E+02  0.0000E+00  0.0000E+00
     1    24     1     2        0  0.0000E+00  0.1545E+01  0.0000E+00  0.0000E+00
     1    25     1     1        0  0.1321E+01  0.3964E+02  0.0000E+00  0.0000E+00
     1    25     1     2        0  0.0000E+00  0.1422E+02  0.0000E+00  0.0000E+00
     1    26     1     1        0  0.6172E+01  0.9565E+02  0.0000E+00  0.0000E+00
     1    26     1     2        0  0.6385E+02  0.1000E+03  0.0000E+00  0.0000E+00
     1    26     1     3        0  0.1035E+03  0.1000E+03  0.0000E+00  0.0000E+00
     1    26     1     4        0  0.2499E+02  0.4548E+02  0.0000E+00  0.0000E+00
     1    26     1     5        0  0.1094E+02  0.2531E+02  0.0000E+00  0.0000E+00
     1    26     1     6        0  0.3228E+00  0.5964E+01  0.0000E+00  0.0000E+00
     1    27     1     1        0  0.4927E+08  0.9582E+02  0.0000E+00  0.0000E+00
     1    27     1     2        0  0.4766E+08  0.1000E+03  0.0000E+00  0.0000E+00
     1    27     1     3        0  0.2825E+08  0.1000E+03  0.0000E+00  0.0000E+00
     1    27     1     4        0  0.8300E+08  0.1000E+03  0.0000E+00  0.0000E+00
     1    27     2     1        0  0.2234E+02  0.5725E+02  0.0000E+00  0.0000E+00
     1    27     2     2        0  0.8332E+01  0.3535E+02  0.0000E+00  0.0000E+00
     1    27     2     3        0  0.0000E+00  0.4920E+01  0.0000E+00  0.0000E+00
     1    28     1     1        0  0.0000E+00  0.1851E+02  0.0000E+00  0.0000E+00
     1    28     1     2        0  0.0000E+00  0.1112E+00  0.0000E+00  0.0000E+00
     1    29     1     1        0  0.0000E+00  0.9908E+01  0.0000E+00  0.0000E+00
     1    29     1     2        0  0.0000E+00  0.8350E+00  0.0000E+00  0.0000E+00
     1    30     1     1        0  0.4502E+00  0.2103E+02  0.0000E+00  0.0000E+00
     1    30     1     2        0  0.0000E+00  0.2548E+01  0.0000E+00  0.0000E+00
     1    31     1     1        0  0.1917E+01  0.2894E+02  0.0000E+00  0.0000E+00
     1    31     1     2        0  0.0000E+00  0.3755E+01  0.0000E+00  0.0000E+00
     1    32     1     1        0  0.6052E+01  0.2452E+02  0.0000E+00  0.0000E+00
     1    32     1     2        0  0.1017E+01  0.2611E+01  0.0000E+00  0.0000E+00
     1    32     1     3        0  0.0000E+00  0.8186E-01  0.0000E+00  0.0000E+00
     1    33     1     1        0  0.6761E+01  0.1465E+02  0.0000E+00  0.0000E+00
     1    33     1     2        0  0.1393E+01  0.1767E+01  0.0000E+00  0.0000E+00
     1    33     1     3        0  0.0000E+00  0.8609E-01  0.0000E+00  0.0000E+00
     1    34     1     1        0  0.5340E+01  0.6782E+01  0.0000E+00  0.0000E+00
     1    34     1     2        0  0.1123E+01  0.2434E+01  0.0000E+00  0.0000E+00
     1    34     1     3        0  0.0000E+00  0.6106E-01  0.0000E+00  0.0000E+00
     1    35     1     1        0  0.1438E+01  0.4952E+01  0.0000E+00  0.0000E+00
     1    35     1     2        0  0.1518E+00  0.1427E+01  0.0000E+00  0.0000E+00
     1    35     1     3        0  0.0000E+00  0.1605E-01  0.0000E+00  0.0000E+00
