SUMMARY OF JOB INFORMATION
  STEP      INC     ATT  ITRS     TOT TIME     STEP TIME      INC TIME
     1          1     1     2  0.250000E-01  0.250000E-01  0.250000E-01
     1          2     1     2  0.500000E-01  0.500000E-01  0.250000E-01
     1          3     1     2  0.875000E-01  0.875000E-01  0.375000E-01
     1          4     1     2  0.137500E+00  0.137500E+00  0.500000E-01
     1          5     1     2  0.187500E+00  0.187500E+00  0.500000E-01
     1          6     1     4  0.237500E+00  0.237500E+00  0.500000E-01
     1          7     1     6  0.287500E+00  0.287500E+00  0.500000E-01
     1          8     1     6  0.337500E+00  0.337500E+00  0.500000E-01
     1          9     1U    4  0.337500E+00  0.337500E+00  0.500000E-01
     1          9     2     8  0.350000E+00  0.350000E+00  0.125000E-01
     1         10     1     7  0.362500E+00  0.362500E+00  0.125000E-01
     1         11     1     3  0.375000E+00  0.375000E+00  0.125000E-01
     1         12     1     2  0.387500E+00  0.387500E+00  0.125000E-01
     1         13     1     3  0.406250E+00  0.406250E+00  0.187500E-01
     1         14     1     3  0.434375E+00  0.434375E+00  0.281250E-01
     1         15     1     3  0.476562E+00  0.476562E+00  0.421875E-01
     1         16     1     3  0.526563E+00  0.526563E+00  0.500000E-01
     1         17     1     4  0.576563E+00  0.576563E+00  0.500000E-01
     1         18     1     3  0.626563E+00  0.626563E+00  0.500000E-01
     1         19     1     3  0.676563E+00  0.676563E+00  0.500000E-01
     1         20     1     3  0.726563E+00  0.726563E+00  0.500000E-01
     1         21     1     3  0.776563E+00  0.776563E+00  0.500000E-01
     1         22     1     2  0.826563E+00  0.826563E+00  0.500000E-01
     1         23     1     2  0.876563E+00  0.876563E+00  0.500000E-01
     1         24     1     2  0.926563E+00  0.926563E+00  0.500000E-01
     1         25     1     2  0.976563E+00  0.976563E+00  0.500000E-01
     1         26     1     2  0.100000E+01  0.100000E+01  0.234375E-01
