SUMMARY OF C0NVERGENCE INFORMATION
  STEP   INC  ATT   ITER     CONT.   RESID.        CORR.      RESID.      CORR.
                              EL.    FORCE         DISP       FLUX        TEMP.
                              (#)     (%)           (%)        (%)         (%)
     1     1     1     1        0  0.6019E+03  0.1000E+03  0.0000E+00  0.0000E+00
     1     1     1     2        0  0.0000E+00  0.2019E+01  0.0000E+00  0.0000E+00
     1     2     1     1        0  0.0000E+00  0.3267E+00  0.0000E+00  0.0000E+00
     1     2     1     2        0  0.0000E+00  0.6489E-03  0.0000E+00  0.0000E+00
     1     3     1     1        0  0.0000E+00  0.5214E+00  0.0000E+00  0.0000E+00
     1     3     1     2        0  0.0000E+00  0.2886E-02  0.0000E+00  0.0000E+00
     1     4     1     1        0  0.3109E+02  0.1125E+01  0.0000E+00  0.0000E+00
     1     4     1     2        0  0.0000E+00  0.1961E-01  0.0000E+00  0.0000E+00
     1     5     1     1        0  0.2268E+03  0.2476E+01  0.0000E+00  0.0000E+00
     1     5     1     2        0  0.0000E+00  0.1028E+00  0.0000E+00  0.0000E+00
     1     6     1     1        0  0.5594E+04  0.1350E+02  0.0000E+00  0.0000E+00
     1     6     1     2        0  0.5331E+01  0.4132E+00  0.0000E+00  0.0000E+00
     1     6     1     3        0  0.0000E+00  0.2234E+00  0.0000E+00  0.0000E+00
     1     7     1     1        0  0.2444E+05  0.5989E+02  0.0000E+00  0.0000E+00
     1     7     1     2        0  0.2527E+04  0.1099E+02  0.0000E+00  0.0000E+00
     1     7     1     3        0  0.3393E+05  0.4418E+02  0.0000E+00  0.0000E+00
     1     7     1     4        0  0.6566E+02  0.1805E+01  0.0000E+00  0.0000E+00
     1     7     1     5        0  0.5842E+03  0.5361E+01  0.0000E+00  0.0000E+00
     1     7     1     6        0  0.0000E+00  0.3176E+00  0.0000E+00  0.0000E+00
     1     8     1     1        0  0.4877E+04  0.7274E+02  0.0000E+00  0.0000E+00
     1     8     1     2        0  0.1819E+04  0.1194E+02  0.0000E+00  0.0000E+00
     1     8     1     3        0  0.1231E+02  0.9734E+00  0.0000E+00  0.0000E+00
     1     8     1     4        0  0.0000E+00  0.8658E-01  0.0000E+00  0.0000E+00
     1     9     1     1        0  0.6047E+03  0.1000E+03  0.0000E+00  0.0000E+00
     1     9     1     2        0  0.1263E+04  0.1214E+02  0.0000E+00  0.0000E+00
     1     9     1     3        0  0.5046E+02  0.2702E+02  0.0000E+00  0.0000E+00
     1     9     1     4        0  0.1158E+01  0.4407E+01  0.0000E+00  0.0000E+00
     1     9     1     5        0  0.0000E+00  0.1199E+01  0.0000E+00  0.0000E+00
     1    10     1     1        0  0.1597E+03  0.1243E+02  0.0000E+00  0.0000E+00
     1    10     1     2        0  0.3910E+03  0.1301E+02  0.0000E+00  0.0000E+00
     1    10     1     3        0  0.0000E+00  0.8248E+00  0.0000E+00  0.0000E+00
     1    11     1     1        0  0.6553E+02  0.1040E+02  0.0000E+00  0.0000E+00
     1    11     1     2        0  0.1903E+03  0.1623E+02  0.0000E+00  0.0000E+00
     1    11     1     3        0  0.0000E+00  0.1186E+01  0.0000E+00  0.0000E+00
     1    12     1     1        0  0.4315E+02  0.7910E+01  0.0000E+00  0.0000E+00
     1    12     1     2        0  0.5021E+02  0.6432E+01  0.0000E+00  0.0000E+00
     1    12     1     3        0  0.0000E+00  0.1753E+00  0.0000E+00  0.0000E+00
     1    13     1     1        0  0.2848E+02  0.5848E+01  0.0000E+00  0.0000E+00
     1    13     1     2        0  0.1489E+02  0.3052E+01  0.0000E+00  0.0000E+00
     1    13     1     3        0  0.0000E+00  0.3678E-01  0.0000E+00  0.0000E+00
     1    14     1     1        0  0.1905E+02  0.4675E+01  0.0000E+00  0.0000E+00
     1    14     1     2        0  0.5082E+01  0.1682E+01  0.0000E+00  0.0000E+00
     1    14     1     3        0  0.0000E+00  0.1065E-01  0.0000E+00  0.0000E+00
     1    15     1     1        0  0.1299E+02  0.3883E+01  0.0000E+00  0.0000E+00
     1    15     1     2        0  0.1942E+01  0.9905E+00  0.0000E+00  0.0000E+00
     1    15     1     3        0  0.0000E+00  0.3596E-02  0.0000E+00  0.0000E+00
     1    16     1     1        0  0.9058E+01  0.3211E+01  0.0000E+00  0.0000E+00
     1    16     1     2        0  0.8168E+00  0.6185E+00  0.0000E+00  0.0000E+00
     1    16     1     3        0  0.0000E+00  0.1351E-02  0.0000E+00  0.0000E+00
     1    17     1     1        0  0.6469E+01  0.2655E+01  0.0000E+00  0.0000E+00
     1    17     1     2        0  0.3726E+00  0.4176E+00  0.0000E+00  0.0000E+00
     1    18     1     1        0  0.4730E+01  0.2591E+01  0.0000E+00  0.0000E+00
     1    18     1     2        0  0.0000E+00  0.3114E+00  0.0000E+00  0.0000E+00
     1    19     1     1        0  0.3525E+01  0.2983E+01  0.0000E+00  0.0000E+00
     1    19     1     2        0  0.0000E+00  0.2395E+00  0.0000E+00  0.0000E+00
     1    20     1     1        0  0.2743E+01  0.3365E+01  0.0000E+00  0.0000E+00
     1    20     1     2        0  0.0000E+00  0.1863E+00  0.0000E+00  0.0000E+00
     1    21     1     1        0  0.2192E+01  0.4651E+01  0.0000E+00  0.0000E+00
     1    21     1     2        0  0.0000E+00  0.1463E+00  0.0000E+00  0.0000E+00
     1    22     1     1        0  0.0000E+00  0.3550E+01  0.0000E+00  0.0000E+00
     1    22     1     2        0  0.0000E+00  0.1381E-01  0.0000E+00  0.0000E+00
