SUMMARY OF C0NVERGENCE INFORMATION
  STEP   INC  ATT   ITER     CONT.   RESID.        CORR.      RESID.      CORR.
                              EL.    FORCE         DISP       FLUX        TEMP.
                              (#)     (%)           (%)        (%)         (%)
     1     1     1     1        0  0.1042E+05  0.1000E+03  0.0000E+00  0.0000E+00
     1     1     1     2        0  0.1547E+02  0.4154E+01  0.0000E+00  0.0000E+00
     1     1     1     3        0  0.0000E+00  0.7305E-02  0.0000E+00  0.0000E+00
     1     2     1     1        0  0.1335E+02  0.1686E+01  0.0000E+00  0.0000E+00
     1     2     1     2        0  0.0000E+00  0.2139E-01  0.0000E+00  0.0000E+00
     1     3     1     1        0  0.4746E+02  0.2776E+01  0.0000E+00  0.0000E+00
     1     3     1     2        0  0.0000E+00  0.6569E-01  0.0000E+00  0.0000E+00
     1     4     1     1        0  0.1598E+03  0.3924E+01  0.0000E+00  0.0000E+00
     1     4     1     2        0  0.0000E+00  0.2167E+00  0.0000E+00  0.0000E+00
     1     5     1     1        0  0.3764E+03  0.3795E+02  0.0000E+00  0.0000E+00
     1     5     1     2        0  0.2069E+02  0.5784E+01  0.0000E+00  0.0000E+00
     1     5     1     3        0  0.0000E+00  0.1881E+00  0.0000E+00  0.0000E+00
     1     6     1     1        0  0.8978E+03  0.1000E+03  0.0000E+00  0.0000E+00
     1     6     1     2        0  0.2305E+03  0.8920E+01  0.0000E+00  0.0000E+00
     1     6     1     3        0  0.0000E+00  0.5053E+00  0.0000E+00  0.0000E+00
     1     7     1     1        0  0.1542E+04  0.1000E+03  0.0000E+00  0.0000E+00
     1     7     1     2        0  0.3390E+04  0.8447E+01  0.0000E+00  0.0000E+00
     1     7     1     3        0  0.5589E+01  0.3492E+00  0.0000E+00  0.0000E+00
     1     7     1     4        0  0.0000E+00  0.8195E-01  0.0000E+00  0.0000E+00
     1     8     1     1        0  0.1775E+04  0.1000E+03  0.0000E+00  0.0000E+00
     1     8     1     2        0  0.1272E+05  0.2223E+02  0.0000E+00  0.0000E+00
     1     8     1     3        0  0.8764E+03  0.4252E+02  0.0000E+00  0.0000E+00
     1     8     1     4        0  0.1189E+04  0.8522E+02  0.0000E+00  0.0000E+00
     1     8     1     5        0  0.2521E+04  0.3180E+02  0.0000E+00  0.0000E+00
     1     8     2     1        0  0.1804E+03  0.1000E+03  0.0000E+00  0.0000E+00
     1     8     2     2        0  0.9461E+02  0.1542E+02  0.0000E+00  0.0000E+00
     1     8     2     3        0  0.0000E+00  0.1013E+01  0.0000E+00  0.0000E+00
     1     9     1     1        0  0.2061E+02  0.3583E+02  0.0000E+00  0.0000E+00
     1     9     1     2        0  0.6064E+01  0.1326E+01  0.0000E+00  0.0000E+00
     1     9     1     3        0  0.0000E+00  0.5278E-02  0.0000E+00  0.0000E+00
     1    10     1     1        0  0.3545E+02  0.1845E+02  0.0000E+00  0.0000E+00
     1    10     1     2        0  0.3150E+01  0.1740E+01  0.0000E+00  0.0000E+00
     1    10     1     3        0  0.0000E+00  0.1046E-01  0.0000E+00  0.0000E+00
     1    11     1     1        0  0.1580E+03  0.1000E+03  0.0000E+00  0.0000E+00
     1    11     1     2        0  0.2302E+04  0.1000E+03  0.0000E+00  0.0000E+00
     1    11     1     3        0  0.5105E+04  0.2762E+02  0.0000E+00  0.0000E+00
     1    11     1     4        0  0.9264E+03  0.6593E+02  0.0000E+00  0.0000E+00
     1    11     1     5        0  0.2970E+03  0.1719E+02  0.0000E+00  0.0000E+00
     1    11     1     6        0  0.7048E+02  0.1787E+02  0.0000E+00  0.0000E+00
     1    11     1     7        0  0.3249E+01  0.4337E+01  0.0000E+00  0.0000E+00
     1    11     1     8        0  0.0000E+00  0.5062E+00  0.0000E+00  0.0000E+00
     1    12     1     1        0  0.3776E+04  0.4296E+02  0.0000E+00  0.0000E+00
     1    12     1     2        0  0.3335E+04  0.3887E+02  0.0000E+00  0.0000E+00
     1    12     1     3        0  0.8336E+02  0.1005E+02  0.0000E+00  0.0000E+00
     1    12     1     4        0  0.6151E+01  0.3337E+01  0.0000E+00  0.0000E+00
     1    12     1     5        0  0.0000E+00  0.1817E+00  0.0000E+00  0.0000E+00
     1    13     1     1        0  0.1086E+04  0.2239E+02  0.0000E+00  0.0000E+00
     1    13     1     2        0  0.2489E+03  0.1017E+02  0.0000E+00  0.0000E+00
     1    13     1     3        0  0.0000E+00  0.4972E+00  0.0000E+00  0.0000E+00
     1    14     1     1        0  0.2993E+03  0.1000E+03  0.0000E+00  0.0000E+00
     1    14     1     2        0  0.2021E+03  0.3083E+02  0.0000E+00  0.0000E+00
     1    14     1     3        0  0.3067E+01  0.2571E+02  0.0000E+00  0.0000E+00
     1    14     1     4        0  0.0000E+00  0.1953E+02  0.0000E+00  0.0000E+00
     1    15     1     1        0  0.1653E+03  0.1000E+03  0.0000E+00  0.0000E+00
     1    15     1     2        0  0.1233E+03  0.3234E+02  0.0000E+00  0.0000E+00
     1    15     1     3        0  0.2869E+01  0.2570E+02  0.0000E+00  0.0000E+00
     1    15     1     4        0  0.2050E+01  0.2128E+02  0.0000E+00  0.0000E+00
     1    15     1     5        0  0.6307E+01  0.3791E+02  0.0000E+00  0.0000E+00
     1    15     1     6        0  0.2657E+01  0.2487E+02  0.0000E+00  0.0000E+00
     1    15     2     1        0  0.8811E+01  0.7701E+02  0.0000E+00  0.0000E+00
     1    15     2     2        0  0.6618E+00  0.2369E+02  0.0000E+00  0.0000E+00
     1    15     2     3        0  0.0000E+00  0.2701E+01  0.0000E+00  0.0000E+00
     1    16     1     1        0  0.1548E+01  0.1995E+02  0.0000E+00  0.0000E+00
     1    16     1     2        0  0.0000E+00  0.6021E+00  0.0000E+00  0.0000E+00
     1    17     1     1        0  0.3252E+01  0.1475E+02  0.0000E+00  0.0000E+00
     1    17     1     2        0  0.0000E+00  0.1215E+01  0.0000E+00  0.0000E+00
     1    18     1     1        0  0.8752E+01  0.1925E+02  0.0000E+00  0.0000E+00
     1    18     1     2        0  0.2741E+01  0.3104E+01  0.0000E+00  0.0000E+00
     1    18     1     3        0  0.0000E+00  0.5061E-01  0.0000E+00  0.0000E+00
     1    19     1     1        0  0.2555E+02  0.2627E+02  0.0000E+00  0.0000E+00
     1    19     1     2        0  0.2217E+02  0.5681E+01  0.0000E+00  0.0000E+00
     1    19     1     3        0  0.0000E+00  0.1649E+00  0.0000E+00  0.0000E+00
     1    20     1     1        0  0.4923E+02  0.2142E+02  0.0000E+00  0.0000E+00
     1    20     1     2        0  0.7529E+02  0.6786E+01  0.0000E+00  0.0000E+00
     1    20     1     3        0  0.0000E+00  0.1644E+01  0.0000E+00  0.0000E+00
     1    21     1     1        0  0.4055E+02  0.2092E+02  0.0000E+00  0.0000E+00
     1    21     1     2        0  0.3777E+02  0.2945E+02  0.0000E+00  0.0000E+00
     1    21     1     3        0  0.2685E+01  0.7649E+01  0.0000E+00  0.0000E+00
     1    21     1     4        0  0.1095E+02  0.1532E+02  0.0000E+00  0.0000E+00
     1    21     1     5        0  0.0000E+00  0.7941E+00  0.0000E+00  0.0000E+00
     1    22     1     1        0  0.2402E+02  0.1341E+02  0.0000E+00  0.0000E+00
     1    22     1     2        0  0.2520E+02  0.2398E+02  0.0000E+00  0.0000E+00
     1    22     1     3        0  0.5578E+00  0.4112E+01  0.0000E+00  0.0000E+00
     1    22     1     4        0  0.0000E+00  0.1472E+01  0.0000E+00  0.0000E+00
     1    23     1     1        0  0.1823E+02  0.7855E+01  0.0000E+00  0.0000E+00
     1    23     1     2        0  0.1204E+02  0.9146E+01  0.0000E+00  0.0000E+00
     1    23     1     3        0  0.0000E+00  0.7502E+00  0.0000E+00  0.0000E+00
     1    24     1     1        0  0.1504E+02  0.7718E+01  0.0000E+00  0.0000E+00
     1    24     1     2        0  0.5915E+01  0.3622E+01  0.0000E+00  0.0000E+00
     1    24     1     3        0  0.0000E+00  0.1389E+00  0.0000E+00  0.0000E+00
     1    25     1     1        0  0.1260E+02  0.7611E+01  0.0000E+00  0.0000E+00
     1    25     1     2        0  0.2922E+01  0.2057E+01  0.0000E+00  0.0000E+00
     1    25     1     3        0  0.0000E+00  0.4111E-01  0.0000E+00  0.0000E+00
     1    26     1     1        0  0.9728E+01  0.7437E+01  0.0000E+00  0.0000E+00
     1    26     1     2        0  0.1473E+01  0.1430E+01  0.0000E+00  0.0000E+00
     1    26     1     3        0  0.0000E+00  0.2724E-01  0.0000E+00  0.0000E+00
     1    27     1     1        0  0.7281E+01  0.7166E+01  0.0000E+00  0.0000E+00
     1    27     1     2        0  0.8262E+00  0.1054E+01  0.0000E+00  0.0000E+00
     1    27     1     3        0  0.0000E+00  0.2292E-01  0.0000E+00  0.0000E+00
     1    28     1     1        0  0.5670E+01  0.6826E+01  0.0000E+00  0.0000E+00
     1    28     1     2        0  0.4846E+00  0.7933E+00  0.0000E+00  0.0000E+00
     1    29     1     1        0  0.0000E+00  0.4099E+01  0.0000E+00  0.0000E+00
     1    29     1     2        0  0.0000E+00  0.3743E+00  0.0000E+00  0.0000E+00
