SUMMARY OF JOB INFORMATION
  STEP      INC     ATT  ITRS     TOT TIME     STEP TIME      INC TIME
     1          1     1     3  0.250000E-01  0.250000E-01  0.250000E-01
     1          2     1     2  0.500000E-01  0.500000E-01  0.250000E-01
     1          3     1     2  0.875000E-01  0.875000E-01  0.375000E-01
     1          4     1     2  0.137500E+00  0.137500E+00  0.500000E-01
     1          5     1     3  0.187500E+00  0.187500E+00  0.500000E-01
     1          6     1     3  0.237500E+00  0.237500E+00  0.500000E-01
     1          7     1     4  0.287500E+00  0.287500E+00  0.500000E-01
     1          8     1U    5  0.287500E+00  0.287500E+00  0.500000E-01
     1          8     2     3  0.300000E+00  0.300000E+00  0.125000E-01
     1          9     1     3  0.312500E+00  0.312500E+00  0.125000E-01
     1         10     1     3  0.331250E+00  0.331250E+00  0.187500E-01
     1         11     1     8  0.359375E+00  0.359375E+00  0.281250E-01
     1         12     1     5  0.387500E+00  0.387500E+00  0.281250E-01
     1         13     1     3  0.415625E+00  0.415625E+00  0.281250E-01
     1         14     1     4  0.443750E+00  0.443750E+00  0.281250E-01
     1         15     1U    6  0.443750E+00  0.443750E+00  0.421875E-01
     1         15     2     3  0.454297E+00  0.454297E+00  0.105469E-01
     1         16     1     2  0.464844E+00  0.464844E+00  0.105469E-01
     1         17     1     2  0.480664E+00  0.480664E+00  0.158203E-01
     1         18     1     3  0.504395E+00  0.504395E+00  0.237305E-01
     1         19     1     3  0.539990E+00  0.539990E+00  0.355957E-01
     1         20     1     3  0.589990E+00  0.589990E+00  0.500000E-01
     1         21     1     5  0.639990E+00  0.639990E+00  0.500000E-01
     1         22     1     4  0.689990E+00  0.689990E+00  0.500000E-01
     1         23     1     3  0.739990E+00  0.739990E+00  0.500000E-01
     1         24     1     3  0.789990E+00  0.789990E+00  0.500000E-01
     1         25     1     3  0.839990E+00  0.839990E+00  0.500000E-01
     1         26     1     3  0.889990E+00  0.889990E+00  0.500000E-01
     1         27     1     3  0.939990E+00  0.939990E+00  0.500000E-01
     1         28     1     2  0.989990E+00  0.989990E+00  0.500000E-01
     1         29     1     2  0.100000E+01  0.100000E+01  0.100098E-01
