SUMMARY OF C0NVERGENCE INFORMATION
  STEP   INC  ATT   ITER     CONT.   RESID.        CORR.      RESID.      CORR.
                              EL.    FORCE         DISP       FLUX        TEMP.
                              (#)     (%)           (%)        (%)         (%)
     1     1     1     1        0  0.2402E+04  0.1000E+03  0.0000E+00  0.0000E+00
     1     1     1     2        0  0.0000E+00  0.2293E+01  0.0000E+00  0.0000E+00
     1     2     1     1        0  0.0000E+00  0.5740E+00  0.0000E+00  0.0000E+00
     1     2     1     2        0  0.0000E+00  0.1283E-02  0.0000E+00  0.0000E+00
     1     3     1     1        0  0.1214E+02  0.6184E+00  0.0000E+00  0.0000E+00
     1     3     1     2        0  0.0000E+00  0.1911E-02  0.0000E+00  0.0000E+00
     1     4     1     1        0  0.7393E+02  0.1243E+01  0.0000E+00  0.0000E+00
     1     4     1     2        0  0.0000E+00  0.1177E-01  0.0000E+00  0.0000E+00
     1     5     1     1        0  0.3245E+03  0.2906E+01  0.0000E+00  0.0000E+00
     1     5     1     2        0  0.0000E+00  0.4937E-01  0.0000E+00  0.0000E+00
     1     6     1     1        0  0.5336E+04  0.1386E+02  0.0000E+00  0.0000E+00
     1     6     1     2        0  0.8347E+01  0.5336E+00  0.0000E+00  0.0000E+00
     1     6     1     3        0  0.0000E+00  0.1445E+00  0.0000E+00  0.0000E+00
     1     7     1     1        0  0.2739E+05  0.6943E+02  0.0000E+00  0.0000E+00
     1     7     1     2        0  0.4867E+04  0.1582E+02  0.0000E+00  0.0000E+00
     1     7     1     3        0  0.3178E+05  0.4287E+02  0.0000E+00  0.0000E+00
     1     7     1     4        0  0.1183E+03  0.2410E+01  0.0000E+00  0.0000E+00
     1     7     1     5        0  0.6390E+03  0.5705E+01  0.0000E+00  0.0000E+00
     1     7     1     6        0  0.0000E+00  0.2773E+00  0.0000E+00  0.0000E+00
     1     8     1     1        0  0.9387E+04  0.1000E+03  0.0000E+00  0.0000E+00
     1     8     1     2        0  0.2824E+04  0.1905E+02  0.0000E+00  0.0000E+00
     1     8     1     3        0  0.2581E+02  0.4291E+01  0.0000E+00  0.0000E+00
     1     8     1     4        0  0.0000E+00  0.1215E+00  0.0000E+00  0.0000E+00
     1     9     1     1        0  0.1165E+07  0.1000E+03  0.0000E+00  0.0000E+00
     1     9     1     2        0  0.1336E+08  0.1000E+03  0.0000E+00  0.0000E+00
     1     9     1     3        0  0.7919E+07  0.1000E+03  0.0000E+00  0.0000E+00
     1     9     1     4        0  0.2728E+08  0.1000E+03  0.0000E+00  0.0000E+00
     1     9     2     1        0  0.6474E+02  0.1000E+03  0.0000E+00  0.0000E+00
     1     9     2     2        0  0.3950E+02  0.2707E+02  0.0000E+00  0.0000E+00
     1     9     2     3        0  0.0000E+00  0.3705E+01  0.0000E+00  0.0000E+00
     1    10     1     1        0  0.4943E+01  0.3713E+02  0.0000E+00  0.0000E+00
     1    10     1     2        0  0.0000E+00  0.5583E+01  0.0000E+00  0.0000E+00
     1    11     1     1        0  0.7848E+01  0.1846E+02  0.0000E+00  0.0000E+00
     1    11     1     2        0  0.2635E+01  0.6591E+01  0.0000E+00  0.0000E+00
     1    11     1     3        0  0.0000E+00  0.1898E+00  0.0000E+00  0.0000E+00
     1    12     1     1        0  0.1614E+02  0.2543E+02  0.0000E+00  0.0000E+00
     1    12     1     2        0  0.2508E+02  0.1138E+02  0.0000E+00  0.0000E+00
     1    12     1     3        0  0.0000E+00  0.7523E+00  0.0000E+00  0.0000E+00
     1    13     1     1        0  0.3831E+02  0.2590E+02  0.0000E+00  0.0000E+00
     1    13     1     2        0  0.9055E+02  0.1062E+02  0.0000E+00  0.0000E+00
     1    13     1     3        0  0.0000E+00  0.7167E+00  0.0000E+00  0.0000E+00
     1    14     1     1        0  0.4961E+02  0.2331E+02  0.0000E+00  0.0000E+00
     1    14     1     2        0  0.9010E+02  0.9266E+01  0.0000E+00  0.0000E+00
     1    14     1     3        0  0.0000E+00  0.4880E+00  0.0000E+00  0.0000E+00
     1    15     1     1        0  0.3740E+02  0.1832E+02  0.0000E+00  0.0000E+00
     1    15     1     2        0  0.3317E+02  0.5461E+01  0.0000E+00  0.0000E+00
     1    15     1     3        0  0.0000E+00  0.1298E+00  0.0000E+00  0.0000E+00
     1    16     1     1        0  0.2502E+02  0.1271E+02  0.0000E+00  0.0000E+00
     1    16     1     2        0  0.1059E+02  0.2778E+01  0.0000E+00  0.0000E+00
     1    16     1     3        0  0.0000E+00  0.3019E-01  0.0000E+00  0.0000E+00
     1    17     1     1        0  0.1698E+02  0.9345E+01  0.0000E+00  0.0000E+00
     1    17     1     2        0  0.3825E+01  0.1555E+01  0.0000E+00  0.0000E+00
     1    17     1     3        0  0.0000E+00  0.1345E-01  0.0000E+00  0.0000E+00
     1    18     1     1        0  0.1175E+02  0.7254E+01  0.0000E+00  0.0000E+00
     1    18     1     2        0  0.1531E+01  0.9562E+00  0.0000E+00  0.0000E+00
     1    18     1     3        0  0.0000E+00  0.7377E-02  0.0000E+00  0.0000E+00
     1    19     1     1        0  0.8317E+01  0.5856E+01  0.0000E+00  0.0000E+00
     1    19     1     2        0  0.6693E+00  0.6583E+00  0.0000E+00  0.0000E+00
     1    19     1     3        0  0.0000E+00  0.3955E-02  0.0000E+00  0.0000E+00
     1    20     1     1        0  0.6020E+01  0.4888E+01  0.0000E+00  0.0000E+00
     1    20     1     2        0  0.3150E+00  0.5097E+00  0.0000E+00  0.0000E+00
     1    21     1     1        0  0.4453E+01  0.6396E+01  0.0000E+00  0.0000E+00
     1    21     1     2        0  0.0000E+00  0.4010E+00  0.0000E+00  0.0000E+00
     1    22     1     1        0  0.3387E+01  0.8144E+01  0.0000E+00  0.0000E+00
     1    22     1     2        0  0.0000E+00  0.3231E+00  0.0000E+00  0.0000E+00
     1    23     1     1        0  0.2696E+01  0.1040E+02  0.0000E+00  0.0000E+00
     1    23     1     2        0  0.0000E+00  0.2622E+00  0.0000E+00  0.0000E+00
     1    24     1     1        0  0.1994E+01  0.8152E+01  0.0000E+00  0.0000E+00
     1    24     1     2        0  0.0000E+00  0.2129E+00  0.0000E+00  0.0000E+00
