SUMMARY OF C0NVERGENCE INFORMATION
  STEP   INC  ATT   ITER     CONT.   RESID.        CORR.      RESID.      CORR.
                              EL.    FORCE         DISP       FLUX        TEMP.
                              (#)     (%)           (%)        (%)         (%)
     1     1     1     1        0  0.4971E+04  0.1000E+03  0.0000E+00  0.0000E+00
     1     1     1     2        0  0.0000E+00  0.3604E+01  0.0000E+00  0.0000E+00
     1     2     1     1        0  0.0000E+00  0.7369E+00  0.0000E+00  0.0000E+00
     1     2     1     2        0  0.0000E+00  0.2420E-02  0.0000E+00  0.0000E+00
     1     3     1     1        0  0.1774E+02  0.1126E+01  0.0000E+00  0.0000E+00
     1     3     1     2        0  0.0000E+00  0.5837E-02  0.0000E+00  0.0000E+00
     1     4     1     1        0  0.9949E+02  0.1668E+01  0.0000E+00  0.0000E+00
     1     4     1     2        0  0.0000E+00  0.2195E-01  0.0000E+00  0.0000E+00
     1     5     1     1        0  0.3769E+03  0.3212E+01  0.0000E+00  0.0000E+00
     1     5     1     2        0  0.0000E+00  0.7490E-01  0.0000E+00  0.0000E+00
     1     6     1     1        0  0.4392E+04  0.1296E+02  0.0000E+00  0.0000E+00
     1     6     1     2        0  0.4464E+02  0.1304E+01  0.0000E+00  0.0000E+00
     1     6     1     3        0  0.7005E+01  0.5202E+00  0.0000E+00  0.0000E+00
     1     6     1     4        0  0.0000E+00  0.9038E-03  0.0000E+00  0.0000E+00
     1     7     1     1        0  0.3027E+05  0.8989E+02  0.0000E+00  0.0000E+00
     1     7     1     2        0  0.7331E+04  0.1963E+02  0.0000E+00  0.0000E+00
     1     7     1     3        0  0.3279E+05  0.4356E+02  0.0000E+00  0.0000E+00
     1     7     1     4        0  0.1677E+03  0.2963E+01  0.0000E+00  0.0000E+00
     1     7     1     5        0  0.3977E+03  0.4539E+01  0.0000E+00  0.0000E+00
     1     7     1     6        0  0.0000E+00  0.1568E+00  0.0000E+00  0.0000E+00
     1     8     1     1        0  0.7847E+05  0.1000E+03  0.0000E+00  0.0000E+00
     1     8     1     2        0  0.3335E+04  0.2653E+02  0.0000E+00  0.0000E+00
     1     8     1     3        0  0.6510E+04  0.2053E+02  0.0000E+00  0.0000E+00
     1     8     1     4        0  0.9711E+03  0.3972E+02  0.0000E+00  0.0000E+00
     1     8     1     5        0  0.8489E+02  0.2041E+02  0.0000E+00  0.0000E+00
     1     8     1     6        0  0.0000E+00  0.6111E+00  0.0000E+00  0.0000E+00
     1     9     1     1        0  0.1224E+04  0.1000E+03  0.0000E+00  0.0000E+00
     1     9     1     2        0  0.1690E+04  0.4449E+02  0.0000E+00  0.0000E+00
     1     9     1     3        0  0.4381E+02  0.8760E+01  0.0000E+00  0.0000E+00
     1     9     1     4        0  0.1358E+01  0.1770E+01  0.0000E+00  0.0000E+00
     1     9     1     5        0  0.0000E+00  0.4756E-01  0.0000E+00  0.0000E+00
     1    10     1     1        0  0.1973E+03  0.5303E+02  0.0000E+00  0.0000E+00
     1    10     1     2        0  0.7341E+03  0.3192E+02  0.0000E+00  0.0000E+00
     1    10     1     3        0  0.3132E+01  0.5483E+01  0.0000E+00  0.0000E+00
     1    10     1     4        0  0.0000E+00  0.1563E+01  0.0000E+00  0.0000E+00
     1    11     1     1        0  0.8116E+02  0.7810E+02  0.0000E+00  0.0000E+00
     1    11     1     2        0  0.2132E+03  0.1915E+02  0.0000E+00  0.0000E+00
     1    11     1     3        0  0.0000E+00  0.1569E+01  0.0000E+00  0.0000E+00
     1    12     1     1        0  0.5179E+02  0.2651E+02  0.0000E+00  0.0000E+00
     1    12     1     2        0  0.5610E+02  0.4343E+01  0.0000E+00  0.0000E+00
     1    12     1     3        0  0.0000E+00  0.1413E+00  0.0000E+00  0.0000E+00
     1    13     1     1        0  0.3241E+02  0.2545E+02  0.0000E+00  0.0000E+00
     1    13     1     2        0  0.1604E+02  0.2087E+01  0.0000E+00  0.0000E+00
     1    13     1     3        0  0.0000E+00  0.3517E-01  0.0000E+00  0.0000E+00
     1    14     1     1        0  0.2034E+02  0.2623E+02  0.0000E+00  0.0000E+00
     1    14     1     2        0  0.5188E+01  0.1955E+01  0.0000E+00  0.0000E+00
     1    14     1     3        0  0.0000E+00  0.1945E-01  0.0000E+00  0.0000E+00
     1    15     1     1        0  0.1334E+02  0.2138E+02  0.0000E+00  0.0000E+00
     1    15     1     2        0  0.1941E+01  0.3057E+01  0.0000E+00  0.0000E+00
     1    15     1     3        0  0.0000E+00  0.1483E+00  0.0000E+00  0.0000E+00
     1    16     1     1        0  0.9209E+01  0.1658E+02  0.0000E+00  0.0000E+00
     1    16     1     2        0  0.8199E+00  0.5821E+00  0.0000E+00  0.0000E+00
     1    16     1     3        0  0.0000E+00  0.1491E-01  0.0000E+00  0.0000E+00
     1    17     1     1        0  0.6618E+01  0.1438E+02  0.0000E+00  0.0000E+00
     1    17     1     2        0  0.3789E+00  0.4205E+00  0.0000E+00  0.0000E+00
     1    18     1     1        0  0.4878E+01  0.1213E+02  0.0000E+00  0.0000E+00
     1    18     1     2        0  0.0000E+00  0.3622E+00  0.0000E+00  0.0000E+00
     1    19     1     1        0  0.3671E+01  0.1040E+02  0.0000E+00  0.0000E+00
     1    19     1     2        0  0.0000E+00  0.3008E+00  0.0000E+00  0.0000E+00
     1    20     1     1        0  0.2869E+01  0.8569E+01  0.0000E+00  0.0000E+00
     1    20     1     2        0  0.0000E+00  0.2268E+00  0.0000E+00  0.0000E+00
     1    21     1     1        0  0.2312E+01  0.7049E+01  0.0000E+00  0.0000E+00
     1    21     1     2        0  0.0000E+00  0.1695E+00  0.0000E+00  0.0000E+00
     1    22     1     1        0  0.0000E+00  0.3921E+01  0.0000E+00  0.0000E+00
     1    22     1     2        0  0.0000E+00  0.1505E+00  0.0000E+00  0.0000E+00
