SUMMARY OF JOB INFORMATION
  STEP      INC     ATT  ITRS     TOT TIME     STEP TIME      INC TIME
     1          1     1     2  0.250000E-01  0.250000E-01  0.250000E-01
     1          2     1     2  0.500000E-01  0.500000E-01  0.250000E-01
     1          3     1     2  0.875000E-01  0.875000E-01  0.375000E-01
     1          4     1     2  0.137500E+00  0.137500E+00  0.500000E-01
     1          5     1     2  0.187500E+00  0.187500E+00  0.500000E-01
     1          6     1     3  0.237500E+00  0.237500E+00  0.500000E-01
     1          7     1     6  0.287500E+00  0.287500E+00  0.500000E-01
     1          8     1     4  0.337500E+00  0.337500E+00  0.500000E-01
     1          9     1     5  0.387500E+00  0.387500E+00  0.500000E-01
     1         10     1     3  0.437500E+00  0.437500E+00  0.500000E-01
     1         11     1     3  0.487500E+00  0.487500E+00  0.500000E-01
     1         12     1     3  0.537500E+00  0.537500E+00  0.500000E-01
     1         13     1     3  0.587500E+00  0.587500E+00  0.500000E-01
     1         14     1     3  0.637500E+00  0.637500E+00  0.500000E-01
     1         15     1     3  0.687500E+00  0.687500E+00  0.500000E-01
     1         16     1     3  0.737500E+00  0.737500E+00  0.500000E-01
     1         17     1     2  0.787500E+00  0.787500E+00  0.500000E-01
     1         18     1     2  0.837500E+00  0.837500E+00  0.500000E-01
     1         19     1     2  0.887500E+00  0.887500E+00  0.500000E-01
     1         20     1     2  0.937500E+00  0.937500E+00  0.500000E-01
     1         21     1     2  0.987500E+00  0.987500E+00  0.500000E-01
     1         22     1     2  0.100000E+01  0.100000E+01  0.125000E-01
