SUMMARY OF C0NVERGENCE INFORMATION
  STEP   INC  ATT   ITER     CONT.   RESID.        CORR.      RESID.      CORR.
                              EL.    FORCE         DISP       FLUX        TEMP.
                              (#)     (%)           (%)        (%)         (%)
     1     1     1     1        0  0.8080E+04  0.1000E+03  0.0000E+00  0.0000E+00
     1     1     1     2        0  0.0000E+00  0.4928E+01  0.0000E+00  0.0000E+00
     1     2     1     1        0  0.0000E+00  0.9836E+00  0.0000E+00  0.0000E+00
     1     2     1     2        0  0.0000E+00  0.8879E-02  0.0000E+00  0.0000E+00
     1     3     1     1        0  0.2429E+02  0.1994E+01  0.0000E+00  0.0000E+00
     1     3     1     2        0  0.0000E+00  0.3118E-01  0.0000E+00  0.0000E+00
     1     4     1     1        0  0.1269E+03  0.2948E+01  0.0000E+00  0.0000E+00
     1     4     1     2        0  0.0000E+00  0.1421E+00  0.0000E+00  0.0000E+00
     1     5     1     1        0  0.4206E+03  0.8406E+01  0.0000E+00  0.0000E+00
     1     5     1     2        0  0.0000E+00  0.4009E+00  0.0000E+00  0.0000E+00
     1     6     1     1        0  0.3171E+04  0.5055E+02  0.0000E+00  0.0000E+00
     1     6     1     2        0  0.1547E+03  0.2529E+01  0.0000E+00  0.0000E+00
     1     6     1     3        0  0.1621E+02  0.8276E+00  0.0000E+00  0.0000E+00
     1     6     1     4        0  0.0000E+00  0.8856E-02  0.0000E+00  0.0000E+00
     1     7     1     1        0  0.3423E+05  0.1000E+03  0.0000E+00  0.0000E+00
     1     7     1     2        0  0.1020E+05  0.1966E+02  0.0000E+00  0.0000E+00
     1     7     1     3        0  0.3654E+05  0.3838E+02  0.0000E+00  0.0000E+00
     1     7     1     4        0  0.7670E+03  0.5402E+01  0.0000E+00  0.0000E+00
     1     7     1     5        0  0.2540E+03  0.3143E+01  0.0000E+00  0.0000E+00
     1     7     1     6        0  0.0000E+00  0.5684E-01  0.0000E+00  0.0000E+00
     1     8     1     1        0  0.1316E+05  0.1000E+03  0.0000E+00  0.0000E+00
     1     8     1     2        0  0.4864E+04  0.2741E+02  0.0000E+00  0.0000E+00
     1     8     1     3        0  0.2452E+04  0.1027E+02  0.0000E+00  0.0000E+00
     1     8     1     4        0  0.5117E+02  0.1519E+01  0.0000E+00  0.0000E+00
     1     8     1     5        0  0.2607E+01  0.3451E+00  0.0000E+00  0.0000E+00
     1     8     1     6        0  0.0000E+00  0.1271E-01  0.0000E+00  0.0000E+00
     1     9     1     1        0  0.2068E+05  0.9042E+02  0.0000E+00  0.0000E+00
     1     9     1     2        0  0.6297E+04  0.5276E+02  0.0000E+00  0.0000E+00
     1     9     1     3        0  0.1759E+06  0.1000E+03  0.0000E+00  0.0000E+00
     1     9     1     4        0  0.8168E+04  0.1185E+02  0.0000E+00  0.0000E+00
     1     9     2     1        0  0.4137E+05  0.1000E+03  0.0000E+00  0.0000E+00
     1     9     2     2        0  0.4401E+04  0.2926E+02  0.0000E+00  0.0000E+00
     1     9     2     3        0  0.5869E+05  0.1000E+03  0.0000E+00  0.0000E+00
     1     9     2     4        0  0.2003E+04  0.1701E+02  0.0000E+00  0.0000E+00
     1     9     2     5        0  0.3462E+04  0.2311E+02  0.0000E+00  0.0000E+00
     1     9     2     6        0  0.4336E+03  0.8182E+01  0.0000E+00  0.0000E+00
     1     9     2     7        0  0.2612E+02  0.2003E+01  0.0000E+00  0.0000E+00
     1     9     2     8        0  0.0000E+00  0.9094E-01  0.0000E+00  0.0000E+00
     1    10     1     1        0  0.4974E+04  0.2135E+02  0.0000E+00  0.0000E+00
     1    10     1     2        0  0.1009E+05  0.3608E+02  0.0000E+00  0.0000E+00
     1    10     1     3        0  0.2459E+04  0.1791E+02  0.0000E+00  0.0000E+00
     1    10     1     4        0  0.9178E+03  0.1086E+02  0.0000E+00  0.0000E+00
     1    10     1     5        0  0.8473E+02  0.3273E+01  0.0000E+00  0.0000E+00
     1    10     1     6        0  0.9647E+00  0.3623E+00  0.0000E+00  0.0000E+00
     1    10     1     7        0  0.0000E+00  0.4028E-02  0.0000E+00  0.0000E+00
     1    11     1     1        0  0.1329E+02  0.1189E+02  0.0000E+00  0.0000E+00
     1    11     1     2        0  0.1165E+01  0.2054E+01  0.0000E+00  0.0000E+00
     1    11     1     3        0  0.0000E+00  0.2566E-01  0.0000E+00  0.0000E+00
     1    12     1     1        0  0.5893E+01  0.1197E+02  0.0000E+00  0.0000E+00
     1    12     1     2        0  0.0000E+00  0.9951E+00  0.0000E+00  0.0000E+00
     1    13     1     1        0  0.8719E+01  0.1866E+02  0.0000E+00  0.0000E+00
     1    13     1     2        0  0.2097E+01  0.1679E+01  0.0000E+00  0.0000E+00
     1    13     1     3        0  0.0000E+00  0.2241E-01  0.0000E+00  0.0000E+00
     1    14     1     1        0  0.1712E+02  0.5630E+02  0.0000E+00  0.0000E+00
     1    14     1     2        0  0.1123E+02  0.2136E+02  0.0000E+00  0.0000E+00
     1    14     1     3        0  0.0000E+00  0.1190E+01  0.0000E+00  0.0000E+00
     1    15     1     1        0  0.3298E+02  0.3863E+02  0.0000E+00  0.0000E+00
     1    15     1     2        0  0.4098E+02  0.8651E+01  0.0000E+00  0.0000E+00
     1    15     1     3        0  0.0000E+00  0.1308E+00  0.0000E+00  0.0000E+00
     1    16     1     1        0  0.4021E+02  0.2245E+02  0.0000E+00  0.0000E+00
     1    16     1     2        0  0.4542E+02  0.3470E+01  0.0000E+00  0.0000E+00
     1    16     1     3        0  0.0000E+00  0.6562E+00  0.0000E+00  0.0000E+00
     1    17     1     1        0  0.3053E+02  0.4814E+02  0.0000E+00  0.0000E+00
     1    17     1     2        0  0.1854E+02  0.2861E+02  0.0000E+00  0.0000E+00
     1    17     1     3        0  0.5259E+00  0.2696E+02  0.0000E+00  0.0000E+00
     1    17     1     4        0  0.0000E+00  0.1491E+02  0.0000E+00  0.0000E+00
     1    18     1     1        0  0.2086E+02  0.1000E+03  0.0000E+00  0.0000E+00
     1    18     1     2        0  0.7042E+01  0.2231E+02  0.0000E+00  0.0000E+00
     1    18     1     3        0  0.4160E+00  0.1443E+02  0.0000E+00  0.0000E+00
     1    19     1     1        0  0.1460E+02  0.3651E+02  0.0000E+00  0.0000E+00
     1    19     1     2        0  0.2406E+01  0.2680E+02  0.0000E+00  0.0000E+00
     1    19     1     3        0  0.0000E+00  0.1110E+02  0.0000E+00  0.0000E+00
     1    20     1     1        0  0.1065E+02  0.1843E+02  0.0000E+00  0.0000E+00
     1    20     1     2        0  0.1033E+01  0.6439E+00  0.0000E+00  0.0000E+00
     1    20     1     3        0  0.0000E+00  0.2928E-01  0.0000E+00  0.0000E+00
     1    21     1     1        0  0.7905E+01  0.2889E+02  0.0000E+00  0.0000E+00
     1    21     1     2        0  0.4900E+00  0.1037E+01  0.0000E+00  0.0000E+00
     1    21     1     3        0  0.0000E+00  0.1430E-01  0.0000E+00  0.0000E+00
     1    22     1     1        0  0.5945E+01  0.2129E+02  0.0000E+00  0.0000E+00
     1    22     1     2        0  0.0000E+00  0.7492E+00  0.0000E+00  0.0000E+00
     1    23     1     1        0  0.4439E+01  0.8790E+01  0.0000E+00  0.0000E+00
     1    23     1     2        0  0.0000E+00  0.6491E+00  0.0000E+00  0.0000E+00
     1    24     1     1        0  0.3465E+01  0.1269E+02  0.0000E+00  0.0000E+00
     1    24     1     2        0  0.0000E+00  0.3062E+00  0.0000E+00  0.0000E+00
     1    25     1     1        0  0.2905E+01  0.1152E+02  0.0000E+00  0.0000E+00
     1    25     1     2        0  0.0000E+00  0.7621E+00  0.0000E+00  0.0000E+00
     1    26     1     1        0  0.3590E+00  0.8181E+01  0.0000E+00  0.0000E+00
     1    26     1     2        0  0.0000E+00  0.7635E+00  0.0000E+00  0.0000E+00
