SUMMARY OF JOB INFORMATION
  STEP      INC     ATT  ITRS     TOT TIME     STEP TIME      INC TIME
     1          1     1     2  0.250000E-01  0.250000E-01  0.250000E-01
     1          2     1     2  0.500000E-01  0.500000E-01  0.250000E-01
     1          3     1     2  0.875000E-01  0.875000E-01  0.375000E-01
     1          4     1     2  0.137500E+00  0.137500E+00  0.500000E-01
     1          5     1     2  0.187500E+00  0.187500E+00  0.500000E-01
     1          6     1     3  0.237500E+00  0.237500E+00  0.500000E-01
     1          7     1     6  0.287500E+00  0.287500E+00  0.500000E-01
     1          8     1     4  0.337500E+00  0.337500E+00  0.500000E-01
     1          9     1U    4  0.337500E+00  0.337500E+00  0.500000E-01
     1          9     2     3  0.350000E+00  0.350000E+00  0.125000E-01
     1         10     1     2  0.362500E+00  0.362500E+00  0.125000E-01
     1         11     1     3  0.381250E+00  0.381250E+00  0.187500E-01
     1         12     1     3  0.409375E+00  0.409375E+00  0.281250E-01
     1         13     1     3  0.451562E+00  0.451562E+00  0.421875E-01
     1         14     1     3  0.501563E+00  0.501563E+00  0.500000E-01
     1         15     1     3  0.551563E+00  0.551563E+00  0.500000E-01
     1         16     1     3  0.601563E+00  0.601563E+00  0.500000E-01
     1         17     1     3  0.651563E+00  0.651563E+00  0.500000E-01
     1         18     1     3  0.701563E+00  0.701563E+00  0.500000E-01
     1         19     1     3  0.751563E+00  0.751563E+00  0.500000E-01
     1         20     1     2  0.801563E+00  0.801563E+00  0.500000E-01
     1         21     1     2  0.851563E+00  0.851563E+00  0.500000E-01
     1         22     1     2  0.901563E+00  0.901563E+00  0.500000E-01
     1         23     1     2  0.951563E+00  0.951563E+00  0.500000E-01
     1         24     1     2  0.100000E+01  0.100000E+01  0.484375E-01
