SUMMARY OF C0NVERGENCE INFORMATION
  STEP   INC  ATT   ITER     CONT.   RESID.        CORR.      RESID.      CORR.
                              EL.    FORCE         DISP       FLUX        TEMP.
                              (#)     (%)           (%)        (%)         (%)
     1     1     1     1        0  0.2165E+04  0.1000E+03  0.0000E+00  0.0000E+00
     1     1     1     2        0  0.0000E+00  0.2105E+01  0.0000E+00  0.0000E+00
     1     2     1     1        0  0.0000E+00  0.4420E+00  0.0000E+00  0.0000E+00
     1     2     1     2        0  0.0000E+00  0.1430E-02  0.0000E+00  0.0000E+00
     1     3     1     1        0  0.1289E+02  0.6569E+00  0.0000E+00  0.0000E+00
     1     3     1     2        0  0.0000E+00  0.2534E-02  0.0000E+00  0.0000E+00
     1     4     1     1        0  0.7921E+02  0.1319E+01  0.0000E+00  0.0000E+00
     1     4     1     2        0  0.0000E+00  0.1145E-01  0.0000E+00  0.0000E+00
     1     5     1     1        0  0.3760E+03  0.3344E+01  0.0000E+00  0.0000E+00
     1     5     1     2        0  0.0000E+00  0.4317E-01  0.0000E+00  0.0000E+00
     1     6     1     1        0  0.5451E+04  0.1471E+02  0.0000E+00  0.0000E+00
     1     6     1     2        0  0.1851E+02  0.8532E+00  0.0000E+00  0.0000E+00
     1     6     1     3        0  0.2945E+01  0.3416E+00  0.0000E+00  0.0000E+00
     1     6     1     4        0  0.0000E+00  0.5272E-04  0.0000E+00  0.0000E+00
     1     7     1     1        0  0.2983E+05  0.6957E+02  0.0000E+00  0.0000E+00
     1     7     1     2        0  0.7902E+04  0.2119E+02  0.0000E+00  0.0000E+00
     1     7     1     3        0  0.2982E+05  0.4275E+02  0.0000E+00  0.0000E+00
     1     7     1     4        0  0.2354E+03  0.3660E+01  0.0000E+00  0.0000E+00
     1     7     1     5        0  0.5576E+03  0.5659E+01  0.0000E+00  0.0000E+00
     1     7     1     6        0  0.0000E+00  0.2478E+00  0.0000E+00  0.0000E+00
     1     8     1     1        0  0.7934E+04  0.1000E+03  0.0000E+00  0.0000E+00
     1     8     1     2        0  0.2851E+04  0.2849E+02  0.0000E+00  0.0000E+00
     1     8     1     3        0  0.2261E+02  0.2465E+02  0.0000E+00  0.0000E+00
     1     8     1     4        0  0.0000E+00  0.1215E+02  0.0000E+00  0.0000E+00
     1     9     1     1        0  0.1926E+04  0.1000E+03  0.0000E+00  0.0000E+00
     1     9     1     2        0  0.7929E+04  0.2978E+02  0.0000E+00  0.0000E+00
     1     9     1     3        0  0.1345E+04  0.2418E+02  0.0000E+00  0.0000E+00
     1     9     1     4        0  0.1066E+03  0.1143E+02  0.0000E+00  0.0000E+00
     1     9     1     5        0  0.1994E+02  0.8696E+01  0.0000E+00  0.0000E+00
     1     9     1     6        0  0.6481E+01  0.5585E+01  0.0000E+00  0.0000E+00
     1     9     1     7        0  0.2434E+01  0.3533E+01  0.0000E+00  0.0000E+00
     1     9     1     8        0  0.1173E+01  0.2094E+01  0.0000E+00  0.0000E+00
     1     9     1     9        0  0.2318E+01  0.2830E+01  0.0000E+00  0.0000E+00
     1     9     1    10        0  0.1016E+03  0.1855E+02  0.0000E+00  0.0000E+00
     1     9     2     1        0  0.4826E+02  0.1000E+03  0.0000E+00  0.0000E+00
     1     9     2     2        0  0.4401E+02  0.3405E+02  0.0000E+00  0.0000E+00
     1     9     2     3        0  0.1054E+01  0.2514E+02  0.0000E+00  0.0000E+00
     1     9     2     4        0  0.0000E+00  0.1169E+02  0.0000E+00  0.0000E+00
     1    10     1     1        0  0.4290E+01  0.1281E+02  0.0000E+00  0.0000E+00
     1    10     1     2        0  0.0000E+00  0.3099E+01  0.0000E+00  0.0000E+00
     1    11     1     1        0  0.7239E+01  0.2373E+02  0.0000E+00  0.0000E+00
     1    11     1     2        0  0.3551E+01  0.5674E+01  0.0000E+00  0.0000E+00
     1    11     1     3        0  0.0000E+00  0.1581E+00  0.0000E+00  0.0000E+00
     1    12     1     1        0  0.1728E+02  0.2505E+02  0.0000E+00  0.0000E+00
     1    12     1     2        0  0.2635E+02  0.9678E+01  0.0000E+00  0.0000E+00
     1    12     1     3        0  0.0000E+00  0.5348E+00  0.0000E+00  0.0000E+00
     1    13     1     1        0  0.3797E+02  0.2381E+02  0.0000E+00  0.0000E+00
     1    13     1     2        0  0.8878E+02  0.1046E+02  0.0000E+00  0.0000E+00
     1    13     1     3        0  0.0000E+00  0.7049E+00  0.0000E+00  0.0000E+00
     1    14     1     1        0  0.4845E+02  0.1980E+02  0.0000E+00  0.0000E+00
     1    14     1     2        0  0.8838E+02  0.7602E+01  0.0000E+00  0.0000E+00
     1    14     1     3        0  0.0000E+00  0.3656E+00  0.0000E+00  0.0000E+00
     1    15     1     1        0  0.3658E+02  0.1483E+02  0.0000E+00  0.0000E+00
     1    15     1     2        0  0.3282E+02  0.4174E+01  0.0000E+00  0.0000E+00
     1    15     1     3        0  0.0000E+00  0.8675E-01  0.0000E+00  0.0000E+00
     1    16     1     1        0  0.2455E+02  0.1156E+02  0.0000E+00  0.0000E+00
     1    16     1     2        0  0.1052E+02  0.2472E+01  0.0000E+00  0.0000E+00
     1    16     1     3        0  0.0000E+00  0.2785E-01  0.0000E+00  0.0000E+00
     1    17     1     1        0  0.1670E+02  0.9359E+01  0.0000E+00  0.0000E+00
     1    17     1     2        0  0.3809E+01  0.1560E+01  0.0000E+00  0.0000E+00
     1    17     1     3        0  0.0000E+00  0.2242E-01  0.0000E+00  0.0000E+00
     1    18     1     1        0  0.1157E+02  0.7319E+01  0.0000E+00  0.0000E+00
     1    18     1     2        0  0.1526E+01  0.1001E+01  0.0000E+00  0.0000E+00
     1    18     1     3        0  0.0000E+00  0.1912E-01  0.0000E+00  0.0000E+00
     1    19     1     1        0  0.8193E+01  0.5869E+01  0.0000E+00  0.0000E+00
     1    19     1     2        0  0.6670E+00  0.7013E+00  0.0000E+00  0.0000E+00
     1    19     1     3        0  0.0000E+00  0.1719E-01  0.0000E+00  0.0000E+00
     1    20     1     1        0  0.5929E+01  0.5010E+01  0.0000E+00  0.0000E+00
     1    20     1     2        0  0.3138E+00  0.5320E+00  0.0000E+00  0.0000E+00
     1    21     1     1        0  0.4382E+01  0.4389E+01  0.0000E+00  0.0000E+00
     1    21     1     2        0  0.0000E+00  0.4125E+00  0.0000E+00  0.0000E+00
     1    22     1     1        0  0.3340E+01  0.3861E+01  0.0000E+00  0.0000E+00
     1    22     1     2        0  0.0000E+00  0.3272E+00  0.0000E+00  0.0000E+00
     1    23     1     1        0  0.2660E+01  0.3674E+01  0.0000E+00  0.0000E+00
     1    23     1     2        0  0.0000E+00  0.2599E+00  0.0000E+00  0.0000E+00
     1    24     1     1        0  0.1968E+01  0.3439E+01  0.0000E+00  0.0000E+00
     1    24     1     2        0  0.0000E+00  0.1939E+00  0.0000E+00  0.0000E+00
