SUMMARY OF C0NVERGENCE INFORMATION
  STEP   INC  ATT   ITER     CONT.   RESID.        CORR.      RESID.      CORR.
                              EL.    FORCE         DISP       FLUX        TEMP.
                              (#)     (%)           (%)        (%)         (%)
     1     1     1     1        0  0.0000E+00  0.1000E+03  0.0000E+00  0.0000E+00
     1     1     1     2        0  0.0000E+00  0.5626E-01  0.0000E+00  0.0000E+00
     1     2     1     1        0  0.0000E+00  0.9970E+02  0.0000E+00  0.0000E+00
     1     2     1     2        0  0.0000E+00  0.1687E+00  0.0000E+00  0.0000E+00
     1     3     1     1        0  0.5152E+03  0.1000E+03  0.0000E+00  0.0000E+00
     1     3     1     2        0  0.0000E+00  0.5519E+00  0.0000E+00  0.0000E+00
     1     4     1     1        0  0.3672E+03  0.9950E+02  0.0000E+00  0.0000E+00
     1     4     1     2        0  0.0000E+00  0.5024E+00  0.0000E+00  0.0000E+00
     1     5     1     1        0  0.0000E+00  0.1000E+03  0.0000E+00  0.0000E+00
     1     5     1     2        0  0.0000E+00  0.2354E-02  0.0000E+00  0.0000E+00
     1     6     1     1        0  0.0000E+00  0.9976E+02  0.0000E+00  0.0000E+00
     1     6     1     2        0  0.0000E+00  0.2402E-02  0.0000E+00  0.0000E+00
     1     7     1     1        0  0.0000E+00  0.1000E+03  0.0000E+00  0.0000E+00
     1     7     1     2        0  0.0000E+00  0.7718E-02  0.0000E+00  0.0000E+00
     1     8     1     1        0  0.2270E+03  0.1000E+03  0.0000E+00  0.0000E+00
     1     8     1     2        0  0.0000E+00  0.4851E+00  0.0000E+00  0.0000E+00
     1     9     1     1        0  0.1954E+03  0.9934E+02  0.0000E+00  0.0000E+00
     1     9     1     2        0  0.0000E+00  0.4875E+00  0.0000E+00  0.0000E+00
     1    10     1     1        0  0.0000E+00  0.2268E+02  0.0000E+00  0.0000E+00
     1    10     1     2        0  0.0000E+00  0.9472E-04  0.0000E+00  0.0000E+00
     1    11     1     1        0  0.0000E+00  0.9976E+02  0.0000E+00  0.0000E+00
     1    11     1     2        0  0.0000E+00  0.2246E-02  0.0000E+00  0.0000E+00
     1    12     1     1        0  0.0000E+00  0.1000E+03  0.0000E+00  0.0000E+00
     1    12     1     2        0  0.0000E+00  0.2612E-02  0.0000E+00  0.0000E+00
     1    13     1     1        0  0.1445E+03  0.1000E+03  0.0000E+00  0.0000E+00
     1    13     1     2        0  0.0000E+00  0.4600E+00  0.0000E+00  0.0000E+00
     1    14     1     1        0  0.1302E+03  0.9918E+02  0.0000E+00  0.0000E+00
     1    14     1     2        0  0.0000E+00  0.4692E+00  0.0000E+00  0.0000E+00
     1    15     1     1        0  0.0000E+00  0.4870E+02  0.0000E+00  0.0000E+00
     1    15     1     2        0  0.0000E+00  0.1106E-02  0.0000E+00  0.0000E+00
     1    16     1     1        0  0.1130E+03  0.1000E+03  0.0000E+00  0.0000E+00
     1    16     1     2        0  0.0000E+00  0.4425E+00  0.0000E+00  0.0000E+00
     1    17     1     1        0  0.1025E+03  0.9900E+02  0.0000E+00  0.0000E+00
     1    17     1     2        0  0.0000E+00  0.4537E+00  0.0000E+00  0.0000E+00
