  TimeWindow  TotalIterations  Iterations  Convergence
     1       8       8       1
     2      15       7       1
     3      21       6       1
     4      28       7       1
     5      34       6       1
     6      41       7       1
     7      48       7       1
     8      55       7       1
     9      62       7       1
    10      69       7       1
    11      76       7       1
    12      82       6       1
    13      88       6       1
    14      94       6       1
    15     101       7       1
    16     108       7       1
    17     115       7       1
    18     122       7       1
    19     128       6       1
    20     134       6       1
    21     140       6       1
    22     146       6       1
    23     152       6       1
    24     161       9       1
    25     167       6       1
    26     173       6       1
    27     179       6       1
    28     185       6       1
    29     191       6       1
    30     198       7       1
    31     203       5       1
    32     209       6       1
    33     215       6       1
    34     220       5       1
    35     225       5       1
    36     230       5       1
    37     235       5       1
    38     241       6       1
    39     247       6       1
    40     252       5       1
    41     257       5       1
    42     263       6       1
    43     268       5       1
    44     274       6       1
    45     279       5       1
    46     285       6       1
    47     291       6       1
    48     296       5       1
    49     301       5       1
    50     306       5       1
    51     311       5       1
    52     316       5       1
    53     322       6       1
    54     328       6       1
    55     334       6       1
    56     339       5       1
    57     343       4       1
    58     347       4       1
    59     352       5       1
    60     356       4       1
    61     361       5       1
    62     365       4       1
    63     371       6       1
    64     375       4       1
    65     379       4       1
    66     383       4       1
    67     388       5       1
    68     392       4       1
    69     397       5       1
    70     401       4       1
    71     404       3       1
    72     409       5       1
    73     414       5       1
    74     418       4       1
    75     422       4       1
    76     425       3       1
    77     428       3       1
    78     432       4       1
    79     436       4       1
    80     440       4       1
    81     446       6       1
    82     449       3       1
    83     452       3       1
    84     455       3       1
    85     459       4       1
    86     464       5       1
    87     468       4       1
    88     474       6       1
    89     478       4       1
    90     482       4       1
    91     486       4       1
    92     489       3       1
    93     492       3       1
    94     496       4       1
    95     500       4       1
    96     503       3       1
    97     506       3       1
    98     512       6       1
    99     516       4       1
   100     520       4       1
   101     524       4       1
   102     528       4       1
   103     531       3       1
   104     534       3       1
   105     537       3       1
   106     540       3       1
   107     543       3       1
   108     546       3       1
   109     551       5       1
   110     555       4       1
   111     559       4       1
   112     563       4       1
   113     566       3       1
   114     571       5       1
   115     575       4       1
   116     579       4       1
   117     583       4       1
   118     586       3       1
   119     592       6       1
   120     599       7       1
   121     604       5       1
   122     610       6       1
   123     613       3       1
   124     616       3       1
   125     622       6       1
   126     627       5       1
   127     631       4       1
   128     635       4       1
   129     639       4       1
   130     643       4       1
   131     648       5       1
   132     652       4       1
   133     658       6       1
   134     662       4       1
   135     666       4       1
   136     671       5       1
   137     675       4       1
   138     680       5       1
   139     684       4       1
   140     688       4       1
   141     692       4       1
   142     696       4       1
   143     700       4       1
   144     704       4       1
   145     708       4       1
   146     712       4       1
   147     716       4       1
   148     719       3       1
   149     724       5       1
   150     728       4       1
   151     732       4       1
   152     735       3       1
   153     739       4       1
   154     744       5       1
   155     748       4       1
   156     751       3       1
   157     757       6       1
   158     761       4       1
   159     766       5       1
   160     771       5       1
   161     775       4       1
   162     778       3       1
   163     783       5       1
   164     786       3       1
   165     791       5       1
   166     795       4       1
   167     798       3       1
   168     803       5       1
   169     807       4       1
   170     812       5       1
   171     817       5       1
   172     820       3       1
   173     824       4       1
   174     828       4       1
   175     833       5       1
   176     837       4       1
   177     841       4       1
   178     845       4       1
   179     849       4       1
   180     852       3       1
   181     856       4       1
   182     861       5       1
   183     864       3       1
   184     867       3       1
   185     870       3       1
   186     874       4       1
   187     878       4       1
   188     882       4       1
   189     885       3       1
   190     889       4       1
   191     892       3       1
   192     898       6       1
   193     903       5       1
   194     907       4       1
   195     911       4       1
   196     914       3       1
   197     918       4       1
   198     922       4       1
   199     926       4       1
   200     930       4       1
   201     937       7       1
   202     940       3       1
   203     943       3       1
   204     946       3       1
   205     949       3       1
   206     954       5       1
   207     958       4       1
   208     962       4       1
   209     965       3       1
   210     969       4       1
   211     973       4       1
   212     977       4       1
   213     981       4       1
   214     985       4       1
   215     989       4       1
   216     993       4       1
   217     997       4       1
   218    1001       4       1
   219    1006       5       1
   220    1010       4       1
   221    1014       4       1
   222    1019       5       1
   223    1022       3       1
   224    1025       3       1
   225    1029       4       1
   226    1033       4       1
   227    1037       4       1
   228    1041       4       1
   229    1044       3       1
   230    1047       3       1
   231    1050       3       1
   232    1053       3       1
   233    1056       3       1
   234    1059       3       1
   235    1062       3       1
   236    1067       5       1
   237    1070       3       1
   238    1074       4       1
   239    1078       4       1
   240    1082       4       1
   241    1085       3       1
   242    1089       4       1
   243    1092       3       1
   244    1095       3       1
   245    1100       5       1
   246    1103       3       1
   247    1107       4       1
   248    1110       3       1
   249    1113       3       1
   250    1117       4       1
   251    1121       4       1
   252    1124       3       1
   253    1127       3       1
   254    1130       3       1
   255    1133       3       1
   256    1137       4       1
   257    1141       4       1
   258    1146       5       1
   259    1149       3       1
   260    1154       5       1
   261    1157       3       1
   262    1161       4       1
   263    1164       3       1
   264    1167       3       1
   265    1171       4       1
   266    1176       5       1
   267    1181       5       1
   268    1184       3       1
   269    1190       6       1
   270    1194       4       1
   271    1197       3       1
   272    1201       4       1
   273    1205       4       1
   274    1209       4       1
   275    1213       4       1
   276    1216       3       1
   277    1220       4       1
   278    1228       8       1
   279    1232       4       1
   280    1236       4       1
   281    1240       4       1
   282    1244       4       1
   283    1248       4       1
   284    1251       3       1
   285    1254       3       1
   286    1257       3       1
   287    1260       3       1
   288    1265       5       1
   289    1268       3       1
   290    1272       4       1
   291    1276       4       1
   292    1279       3       1
   293    1282       3       1
   294    1287       5       1
   295    1290       3       1
   296    1293       3       1
   297    1297       4       1
   298    1300       3       1
   299    1304       4       1
   300    1307       3       1
   301    1310       3       1
   302    1314       4       1
   303    1317       3       1
   304    1321       4       1
   305    1325       4       1
   306    1329       4       1
   307    1333       4       1
   308    1336       3       1
   309    1339       3       1
   310    1343       4       1
   311    1346       3       1
   312    1349       3       1
   313    1352       3       1
   314    1355       3       1
   315    1358       3       1
   316    1361       3       1
   317    1368       7       1
   318    1372       4       1
   319    1376       4       1
   320    1380       4       1
   321    1385       5       1
   322    1388       3       1
   323    1391       3       1
   324    1394       3       1
   325    1398       4       1
   326    1401       3       1
   327    1404       3       1
   328    1409       5       1
   329    1412       3       1
   330    1415       3       1
   331    1418       3       1
   332    1421       3       1
   333    1428       7       1
   334    1432       4       1
   335    1435       3       1
   336    1438       3       1
   337    1441       3       1
   338    1444       3       1
   339    1447       3       1
   340    1450       3       1
   341    1453       3       1
   342    1456       3       1
   343    1459       3       1
   344    1463       4       1
   345    1466       3       1
   346    1469       3       1
   347    1472       3       1
   348    1475       3       1
   349    1478       3       1
   350    1481       3       1
   351    1485       4       1
   352    1488       3       1
   353    1492       4       1
   354    1496       4       1
   355    1508      12       1
   356    1511       3       1
   357    1515       4       1
   358    1519       4       1
   359    1522       3       1
   360    1526       4       1
   361    1530       4       1
   362    1533       3       1
   363    1536       3       1
   364    1539       3       1
   365    1542       3       1
   366    1545       3       1
   367    1549       4       1
   368    1552       3       1
   369    1556       4       1
   370    1559       3       1
   371    1564       5       1
   372    1567       3       1
   373    1572       5       1
   374    1576       4       1
   375    1579       3       1
   376    1583       4       1
   377    1588       5       1
   378    1592       4       1
   379    1595       3       1
   380    1600       5       1
   381    1604       4       1
   382    1609       5       1
   383    1613       4       1
   384    1617       4       1
   385    1622       5       1
   386    1626       4       1
   387    1629       3       1
   388    1632       3       1
   389    1638       6       1
   390    1641       3       1
   391    1644       3       1
   392    1647       3       1
   393    1650       3       1
   394    1655       5       1
   395    1658       3       1
   396    1661       3       1
   397    1664       3       1
   398    1667       3       1
   399    1670       3       1
   400    1673       3       1
   401    1676       3       1
   402    1679       3       1
   403    1684       5       1
   404    1687       3       1
   405    1690       3       1
   406    1693       3       1
   407    1696       3       1
   408    1700       4       1
   409    1703       3       1
   410    1706       3       1
   411    1709       3       1
   412    1711       2       1
   413    1713       2       1
   414    1716       3       1
   415    1718       2       1
   416    1720       2       1
   417    1723       3       1
   418    1725       2       1
   419    1728       3       1
   420    1730       2       1
   421    1732       2       1
   422    1735       3       1
   423    1737       2       1
   424    1740       3       1
   425    1742       2       1
   426    1744       2       1
   427    1746       2       1
   428    1748       2       1
   429    1751       3       1
   430    1754       3       1
   431    1757       3       1
   432    1760       3       1
   433    1763       3       1
   434    1766       3       1
   435    1768       2       1
   436    1771       3       1
   437    1773       2       1
   438    1775       2       1
   439    1777       2       1
   440    1779       2       1
   441    1781       2       1
   442    1783       2       1
   443    1785       2       1
   444    1787       2       1
   445    1789       2       1
   446    1791       2       1
   447    1793       2       1
   448    1795       2       1
   449    1797       2       1
   450    1799       2       1
   451    1801       2       1
   452    1803       2       1
   453    1805       2       1
   454    1807       2       1
   455    1808       1       1
   456    1811       3       1
   457    1813       2       1
   458    1814       1       1
   459    1815       1       1
   460    1818       3       1
   461    1819       1       1
   462    1822       3       1
   463    1824       2       1
   464    1826       2       1
   465    1827       1       1
   466    1828       1       1
   467    1831       3       1
   468    1832       1       1
   469    1833       1       1
   470    1836       3       1
   471    1837       1       1
   472    1838       1       1
   473    1841       3       1
   474    1842       1       1
   475    1843       1       1
   476    1846       3       1
   477    1847       1       1
   478    1848       1       1
   479    1851       3       1
   480    1852       1       1
   481    1853       1       1
   482    1856       3       1
   483    1857       1       1
   484    1858       1       1
   485    1861       3       1
   486    1862       1       1
   487    1865       3       1
   488    1866       1       1
   489    1867       1       1
   490    1869       2       1
   491    1871       2       1
   492    1872       1       1
   493    1875       3       1
   494    1876       1       1
   495    1878       2       1
   496    1879       1       1
   497    1880       1       1
   498    1883       3       1
   499    1884       1       1
   500    1887       3       1