SUMMARY OF C0NVERGENCE INFORMATION
  STEP   INC  ATT   ITER     CONT.   RESID.        CORR.      RESID.      CORR.
                              EL.    FORCE         DISP       FLUX        TEMP.
                              (#)     (%)           (%)        (%)         (%)
     1     1     1     1        0  0.1092E+05  0.1000E+03  0.0000E+00  0.0000E+00
     1     1     1     2        0  0.0000E+00  0.2135E+01  0.0000E+00  0.0000E+00
     1     2     1     1        0  0.1967E+03  0.1216E+01  0.0000E+00  0.0000E+00
     1     2     1     2        0  0.0000E+00  0.4109E-02  0.0000E+00  0.0000E+00
     1     3     1     1        0  0.1480E+05  0.8644E+01  0.0000E+00  0.0000E+00
     1     3     1     2        0  0.0000E+00  0.2015E+00  0.0000E+00  0.0000E+00
     1     4     1     1        0  0.9309E+06  0.1000E+03  0.0000E+00  0.0000E+00
     1     4     1     2        0  0.1812E+07  0.2782E+02  0.0000E+00  0.0000E+00
     1     4     1     3        0  0.1079E+08  0.1000E+03  0.0000E+00  0.0000E+00
     1     4     1     4        0  0.2098E+08  0.1000E+03  0.0000E+00  0.0000E+00
     1     4     2     1        0  0.9587E+05  0.7929E+02  0.0000E+00  0.0000E+00
     1     4     2     2        0  0.8433E+03  0.6769E+01  0.0000E+00  0.0000E+00
     1     4     2     3        0  0.6868E+04  0.1937E+02  0.0000E+00  0.0000E+00
     1     4     2     4        0  0.0000E+00  0.9320E+00  0.0000E+00  0.0000E+00
     1     5     1     1        0  0.6314E+02  0.2374E+02  0.0000E+00  0.0000E+00
     1     5     1     2        0  0.1599E+04  0.2050E+02  0.0000E+00  0.0000E+00
     1     5     1     3        0  0.0000E+00  0.2477E+01  0.0000E+00  0.0000E+00
     1     6     1     1        0  0.4928E+03  0.1000E+03  0.0000E+00  0.0000E+00
     1     6     1     2        0  0.1271E+05  0.6684E+02  0.0000E+00  0.0000E+00
     1     6     1     3        0  0.3622E+03  0.1000E+03  0.0000E+00  0.0000E+00
     1     6     1     4        0  0.3648E+03  0.1000E+03  0.0000E+00  0.0000E+00
     1     6     1     5        0  0.0000E+00  0.2648E+02  0.0000E+00  0.0000E+00
     1     7     1     1        0  0.2904E+03  0.5018E+02  0.0000E+00  0.0000E+00
     1     7     1     2        0  0.4259E+04  0.3229E+02  0.0000E+00  0.0000E+00
     1     7     1     3        0  0.2370E+02  0.1375E+02  0.0000E+00  0.0000E+00
     1     7     1     4        0  0.0000E+00  0.3087E+01  0.0000E+00  0.0000E+00
     1     8     1     1        0  0.1742E+03  0.1000E+03  0.0000E+00  0.0000E+00
     1     8     1     2        0  0.1063E+04  0.3646E+02  0.0000E+00  0.0000E+00
     1     8     1     3        0  0.0000E+00  0.1349E+02  0.0000E+00  0.0000E+00
     1     9     1     1        0  0.4943E+06  0.1000E+03  0.0000E+00  0.0000E+00
     1     9     1     2        0  0.2278E+07  0.8276E+02  0.0000E+00  0.0000E+00
     1     9     1     3        0  0.3269E+08  0.1000E+03  0.0000E+00  0.0000E+00
     1     9     1     4        0  0.8453E+08  0.1000E+03  0.0000E+00  0.0000E+00
     1     9     2     1        0  0.2667E+02  0.2471E+02  0.0000E+00  0.0000E+00
     1     9     2     2        0  0.0000E+00  0.1342E+01  0.0000E+00  0.0000E+00
     1    10     1     1        0  0.7948E+02  0.1097E+02  0.0000E+00  0.0000E+00
     1    10     1     2        0  0.0000E+00  0.3166E+00  0.0000E+00  0.0000E+00
     1    11     1     1        0  0.5572E+04  0.6696E+02  0.0000E+00  0.0000E+00
     1    11     1     2        0  0.1623E+03  0.1122E+02  0.0000E+00  0.0000E+00
     1    11     1     3        0  0.5095E+02  0.6398E+01  0.0000E+00  0.0000E+00
     1    11     1     4        0  0.0000E+00  0.3972E+00  0.0000E+00  0.0000E+00
     1    12     1     1        0  0.1213E+04  0.2240E+02  0.0000E+00  0.0000E+00
     1    12     1     2        0  0.1557E+03  0.7941E+01  0.0000E+00  0.0000E+00
     1    12     1     3        0  0.0000E+00  0.4493E+00  0.0000E+00  0.0000E+00
     1    13     1     1        0  0.1272E+04  0.1614E+02  0.0000E+00  0.0000E+00
     1    13     1     2        0  0.1250E+04  0.1638E+02  0.0000E+00  0.0000E+00
     1    13     1     3        0  0.3329E+02  0.2639E+01  0.0000E+00  0.0000E+00
     1    13     1     4        0  0.0000E+00  0.1145E+00  0.0000E+00  0.0000E+00
     1    14     1     1        0  0.8366E+03  0.1510E+02  0.0000E+00  0.0000E+00
     1    14     1     2        0  0.3671E+03  0.7237E+01  0.0000E+00  0.0000E+00
     1    14     1     3        0  0.0000E+00  0.5877E+00  0.0000E+00  0.0000E+00
     1    15     1     1        0  0.5954E+03  0.1698E+02  0.0000E+00  0.0000E+00
     1    15     1     2        0  0.4410E+03  0.3670E+01  0.0000E+00  0.0000E+00
     1    15     1     3        0  0.0000E+00  0.1905E+00  0.0000E+00  0.0000E+00
     1    16     1     1        0  0.2401E+03  0.1347E+02  0.0000E+00  0.0000E+00
     1    16     1     2        0  0.1980E+03  0.3283E+01  0.0000E+00  0.0000E+00
     1    16     1     3        0  0.0000E+00  0.8325E-01  0.0000E+00  0.0000E+00
     1    17     1     1        0  0.1062E+03  0.9165E+01  0.0000E+00  0.0000E+00
     1    17     1     2        0  0.6541E+02  0.2587E+01  0.0000E+00  0.0000E+00
     1    17     1     3        0  0.0000E+00  0.5053E-01  0.0000E+00  0.0000E+00
     1    18     1     1        0  0.7200E+02  0.7149E+01  0.0000E+00  0.0000E+00
     1    18     1     2        0  0.2541E+02  0.1627E+01  0.0000E+00  0.0000E+00
     1    18     1     3        0  0.0000E+00  0.3916E-01  0.0000E+00  0.0000E+00
     1    19     1     1        0  0.5052E+02  0.6331E+01  0.0000E+00  0.0000E+00
     1    19     1     2        0  0.1095E+02  0.9156E+00  0.0000E+00  0.0000E+00
     1    19     1     3        0  0.0000E+00  0.4450E-01  0.0000E+00  0.0000E+00
     1    20     1     1        0  0.3701E+02  0.5525E+01  0.0000E+00  0.0000E+00
     1    20     1     2        0  0.5088E+01  0.6456E+00  0.0000E+00  0.0000E+00
     1    20     1     3        0  0.0000E+00  0.5480E-01  0.0000E+00  0.0000E+00
     1    21     1     1        0  0.3431E+02  0.5055E+01  0.0000E+00  0.0000E+00
     1    21     1     2        0  0.0000E+00  0.4670E+00  0.0000E+00  0.0000E+00
     1    22     1     1        0  0.3072E+02  0.4834E+01  0.0000E+00  0.0000E+00
     1    22     1     2        0  0.0000E+00  0.3934E+00  0.0000E+00  0.0000E+00
     1    23     1     1        0  0.2675E+02  0.4518E+01  0.0000E+00  0.0000E+00
     1    23     1     2        0  0.0000E+00  0.4617E+00  0.0000E+00  0.0000E+00
     1    24     1     1        0  0.2034E+02  0.4128E+01  0.0000E+00  0.0000E+00
     1    24     1     2        0  0.0000E+00  0.4894E+00  0.0000E+00  0.0000E+00
     1    25     1     1        0  0.1656E+02  0.3736E+01  0.0000E+00  0.0000E+00
     1    25     1     2        0  0.0000E+00  0.4507E+00  0.0000E+00  0.0000E+00
     1    26     1     1        0  0.1719E+02  0.3706E+01  0.0000E+00  0.0000E+00
     1    26     1     2        0  0.0000E+00  0.3671E+00  0.0000E+00  0.0000E+00
     1    27     1     1        0  0.1878E+02  0.3790E+01  0.0000E+00  0.0000E+00
     1    27     1     2        0  0.0000E+00  0.5925E+00  0.0000E+00  0.0000E+00
     1    28     1     1        0  0.2003E+02  0.4156E+01  0.0000E+00  0.0000E+00
     1    28     1     2        0  0.0000E+00  0.9966E+00  0.0000E+00  0.0000E+00
     1    29     1     1        0  0.6037E+01  0.3762E+01  0.0000E+00  0.0000E+00
     1    29     1     2        0  0.0000E+00  0.8510E+00  0.0000E+00  0.0000E+00
