SUMMARY OF C0NVERGENCE INFORMATION
  STEP   INC  ATT   ITER     CONT.   RESID.        CORR.      RESID.      CORR.
                              EL.    FORCE         DISP       FLUX        TEMP.
                              (#)     (%)           (%)        (%)         (%)
     1     1     1     1        0  0.9274E+03  0.1000E+03  0.0000E+00  0.0000E+00
     1     1     1     2        0  0.0000E+00  0.2182E+01  0.0000E+00  0.0000E+00
     1     2     1     1        0  0.0000E+00  0.5361E+00  0.0000E+00  0.0000E+00
     1     2     1     2        0  0.0000E+00  0.3009E-02  0.0000E+00  0.0000E+00
     1     3     1     1        0  0.3305E+02  0.1057E+01  0.0000E+00  0.0000E+00
     1     3     1     2        0  0.0000E+00  0.2061E-01  0.0000E+00  0.0000E+00
     1     4     1     1        0  0.1233E+04  0.3909E+01  0.0000E+00  0.0000E+00
     1     4     1     2        0  0.1525E+02  0.4341E+00  0.0000E+00  0.0000E+00
     1     4     1     3        0  0.0000E+00  0.2685E-01  0.0000E+00  0.0000E+00
     1     5     1     1        0  0.1146E+06  0.1000E+03  0.0000E+00  0.0000E+00
     1     5     1     2        0  0.2881E+03  0.4444E+01  0.0000E+00  0.0000E+00
     1     5     1     3        0  0.3353E+05  0.2748E+02  0.0000E+00  0.0000E+00
     1     5     1     4        0  0.6971E+03  0.3581E+01  0.0000E+00  0.0000E+00
     1     5     2     1        0  0.4987E+03  0.1104E+02  0.0000E+00  0.0000E+00
     1     5     2     2        0  0.0000E+00  0.6452E-01  0.0000E+00  0.0000E+00
     1     6     1     1        0  0.1066E+04  0.1756E+02  0.0000E+00  0.0000E+00
     1     6     1     2        0  0.3891E+02  0.3359E+01  0.0000E+00  0.0000E+00
     1     6     1     3        0  0.0000E+00  0.4878E+00  0.0000E+00  0.0000E+00
     1     7     1     1        0  0.1950E+04  0.2672E+02  0.0000E+00  0.0000E+00
     1     7     1     2        0  0.1439E+05  0.4938E+02  0.0000E+00  0.0000E+00
     1     7     1     3        0  0.2609E+01  0.6311E+00  0.0000E+00  0.0000E+00
     1     7     1     4        0  0.3898E+01  0.7825E+00  0.0000E+00  0.0000E+00
     1     7     1     5        0  0.0000E+00  0.3920E-02  0.0000E+00  0.0000E+00
     1     8     1     1        0  0.3416E+04  0.7428E+02  0.0000E+00  0.0000E+00
     1     8     1     2        0  0.4817E+03  0.9693E+01  0.0000E+00  0.0000E+00
     1     8     1     3        0  0.2815E+01  0.2126E+01  0.0000E+00  0.0000E+00
     1     8     1     4        0  0.0000E+00  0.2890E-01  0.0000E+00  0.0000E+00
     1     9     1     1        0  0.3648E+03  0.2631E+02  0.0000E+00  0.0000E+00
     1     9     1     2        0  0.1200E+04  0.1618E+02  0.0000E+00  0.0000E+00
     1     9     1     3        0  0.6827E+01  0.1220E+01  0.0000E+00  0.0000E+00
     1     9     1     4        0  0.0000E+00  0.9762E-01  0.0000E+00  0.0000E+00
     1    10     1     1        0  0.2819E+03  0.6679E+02  0.0000E+00  0.0000E+00
     1    10     1     2        0  0.4951E+03  0.9572E+01  0.0000E+00  0.0000E+00
     1    10     1     3        0  0.3792E+01  0.7042E+01  0.0000E+00  0.0000E+00
     1    10     1     4        0  0.0000E+00  0.3258E+00  0.0000E+00  0.0000E+00
     1    11     1     1        0  0.3034E+03  0.1437E+02  0.0000E+00  0.0000E+00
     1    11     1     2        0  0.7031E+03  0.1043E+02  0.0000E+00  0.0000E+00
     1    11     1     3        0  0.2197E+01  0.1185E+01  0.0000E+00  0.0000E+00
     1    11     1     4        0  0.0000E+00  0.4625E-01  0.0000E+00  0.0000E+00
     1    12     1     1        0  0.2163E+03  0.1151E+02  0.0000E+00  0.0000E+00
     1    12     1     2        0  0.1041E+04  0.2465E+02  0.0000E+00  0.0000E+00
     1    12     1     3        0  0.5107E+01  0.3709E+01  0.0000E+00  0.0000E+00
     1    12     1     4        0  0.0000E+00  0.5778E+00  0.0000E+00  0.0000E+00
     1    13     1     1        0  0.1171E+03  0.8145E+01  0.0000E+00  0.0000E+00
     1    13     1     2        0  0.2914E+03  0.9458E+01  0.0000E+00  0.0000E+00
     1    13     1     3        0  0.0000E+00  0.5421E+00  0.0000E+00  0.0000E+00
     1    14     1     1        0  0.6750E+02  0.5682E+01  0.0000E+00  0.0000E+00
     1    14     1     2        0  0.7127E+02  0.4089E+01  0.0000E+00  0.0000E+00
     1    14     1     3        0  0.0000E+00  0.9149E-01  0.0000E+00  0.0000E+00
     1    15     1     1        0  0.4228E+02  0.4554E+01  0.0000E+00  0.0000E+00
     1    15     1     2        0  0.2085E+02  0.2047E+01  0.0000E+00  0.0000E+00
     1    15     1     3        0  0.0000E+00  0.2196E-01  0.0000E+00  0.0000E+00
     1    16     1     1        0  0.2820E+02  0.4144E+01  0.0000E+00  0.0000E+00
     1    16     1     2        0  0.7097E+01  0.1150E+01  0.0000E+00  0.0000E+00
     1    16     1     3        0  0.0000E+00  0.6270E-02  0.0000E+00  0.0000E+00
     1    17     1     1        0  0.1956E+02  0.5139E+01  0.0000E+00  0.0000E+00
     1    17     1     2        0  0.2715E+01  0.7564E+00  0.0000E+00  0.0000E+00
     1    17     1     3        0  0.0000E+00  0.2470E-02  0.0000E+00  0.0000E+00
     1    18     1     1        0  0.1402E+02  0.8916E+01  0.0000E+00  0.0000E+00
     1    18     1     2        0  0.1148E+01  0.5375E+00  0.0000E+00  0.0000E+00
     1    18     1     3        0  0.0000E+00  0.1144E-02  0.0000E+00  0.0000E+00
     1    19     1     1        0  0.1035E+02  0.1265E+02  0.0000E+00  0.0000E+00
     1    19     1     2        0  0.5273E+00  0.9232E+00  0.0000E+00  0.0000E+00
     1    19     1     3        0  0.0000E+00  0.1292E-01  0.0000E+00  0.0000E+00
     1    20     1     1        0  0.7804E+01  0.7631E+01  0.0000E+00  0.0000E+00
     1    20     1     2        0  0.0000E+00  0.2884E+00  0.0000E+00  0.0000E+00
     1    21     1     1        0  0.5961E+01  0.3560E+01  0.0000E+00  0.0000E+00
     1    21     1     2        0  0.0000E+00  0.2191E+00  0.0000E+00  0.0000E+00
     1    22     1     1        0  0.4639E+01  0.4192E+01  0.0000E+00  0.0000E+00
     1    22     1     2        0  0.0000E+00  0.1598E+00  0.0000E+00  0.0000E+00
     1    23     1     1        0  0.3685E+01  0.3356E+01  0.0000E+00  0.0000E+00
     1    23     1     2        0  0.0000E+00  0.1239E+00  0.0000E+00  0.0000E+00
     1    24     1     1        0  0.2975E+01  0.2538E+01  0.0000E+00  0.0000E+00
     1    24     1     2        0  0.0000E+00  0.9710E-01  0.0000E+00  0.0000E+00
     1    25     1     1        0  0.2436E+01  0.1956E+01  0.0000E+00  0.0000E+00
     1    25     1     2        0  0.0000E+00  0.7657E-01  0.0000E+00  0.0000E+00
     1    26     1     1        0  0.0000E+00  0.9948E+00  0.0000E+00  0.0000E+00
     1    26     1     2        0  0.0000E+00  0.5902E-02  0.0000E+00  0.0000E+00
