SUMMARY OF JOB INFORMATION
  STEP      INC     ATT  ITRS     TOT TIME     STEP TIME      INC TIME
     1          1     1     2  0.250000E-01  0.250000E-01  0.250000E-01
     1          2     1     2  0.500000E-01  0.500000E-01  0.250000E-01
     1          3     1     2  0.875000E-01  0.875000E-01  0.375000E-01
     1          4     1     3  0.137500E+00  0.137500E+00  0.500000E-01
     1          5     1U    4  0.137500E+00  0.137500E+00  0.500000E-01
     1          5     2     2  0.150000E+00  0.150000E+00  0.125000E-01
     1          6     1     3  0.162500E+00  0.162500E+00  0.125000E-01
     1          7     1     5  0.181250E+00  0.181250E+00  0.187500E-01
     1          8     1     4  0.200000E+00  0.200000E+00  0.187500E-01
     1          9     1     4  0.218750E+00  0.218750E+00  0.187500E-01
     1         10     1     4  0.246875E+00  0.246875E+00  0.281250E-01
     1         11     1     4  0.289062E+00  0.289062E+00  0.421875E-01
     1         12     1     4  0.339062E+00  0.339062E+00  0.500000E-01
     1         13     1     3  0.389062E+00  0.389062E+00  0.500000E-01
     1         14     1     3  0.439062E+00  0.439062E+00  0.500000E-01
     1         15     1     3  0.489062E+00  0.489062E+00  0.500000E-01
     1         16     1     3  0.539062E+00  0.539062E+00  0.500000E-01
     1         17     1     3  0.589063E+00  0.589063E+00  0.500000E-01
     1         18     1     3  0.639063E+00  0.639063E+00  0.500000E-01
     1         19     1     3  0.689063E+00  0.689063E+00  0.500000E-01
     1         20     1     2  0.739063E+00  0.739063E+00  0.500000E-01
     1         21     1     2  0.789063E+00  0.789063E+00  0.500000E-01
     1         22     1     2  0.839063E+00  0.839063E+00  0.500000E-01
     1         23     1     2  0.889063E+00  0.889063E+00  0.500000E-01
     1         24     1     2  0.939063E+00  0.939063E+00  0.500000E-01
     1         25     1     2  0.989063E+00  0.989063E+00  0.500000E-01
     1         26     1     2  0.100000E+01  0.100000E+01  0.109375E-01
