SUMMARY OF C0NVERGENCE INFORMATION
  STEP   INC  ATT   ITER     CONT.   RESID.        CORR.      RESID.      CORR.
                              EL.    FORCE         DISP       FLUX        TEMP.
                              (#)     (%)           (%)        (%)         (%)
     1     1     1     1        0  0.4393E+04  0.1000E+03  0.0000E+00  0.0000E+00
     1     1     1     2        0  0.2362E+02  0.5148E+01  0.0000E+00  0.0000E+00
     1     1     1     3        0  0.0000E+00  0.9660E-02  0.0000E+00  0.0000E+00
     1     2     1     1        0  0.0000E+00  0.2191E+00  0.0000E+00  0.0000E+00
     1     2     1     2        0  0.0000E+00  0.6694E-03  0.0000E+00  0.0000E+00
     1     3     1     1        0  0.1676E+01  0.4707E+00  0.0000E+00  0.0000E+00
     1     3     1     2        0  0.0000E+00  0.2719E-02  0.0000E+00  0.0000E+00
     1     4     1     1        0  0.4418E+01  0.6615E+00  0.0000E+00  0.0000E+00
     1     4     1     2        0  0.0000E+00  0.7749E-02  0.0000E+00  0.0000E+00
     1     5     1     1        0  0.4734E+01  0.7598E+00  0.0000E+00  0.0000E+00
     1     5     1     2        0  0.0000E+00  0.1145E-01  0.0000E+00  0.0000E+00
     1     6     1     1        0  0.4107E+01  0.7635E+00  0.0000E+00  0.0000E+00
     1     6     1     2        0  0.0000E+00  0.1314E-01  0.0000E+00  0.0000E+00
     1     7     1     1        0  0.3682E+01  0.7665E+00  0.0000E+00  0.0000E+00
     1     7     1     2        0  0.0000E+00  0.1503E-01  0.0000E+00  0.0000E+00
     1     8     1     1        0  0.3377E+01  0.7689E+00  0.0000E+00  0.0000E+00
     1     8     1     2        0  0.0000E+00  0.1715E-01  0.0000E+00  0.0000E+00
     1     9     1     1        0  0.3149E+01  0.7706E+00  0.0000E+00  0.0000E+00
     1     9     1     2        0  0.0000E+00  0.1950E-01  0.0000E+00  0.0000E+00
     1    10     1     1        0  0.2968E+01  0.7715E+00  0.0000E+00  0.0000E+00
     1    10     1     2        0  0.0000E+00  0.2211E-01  0.0000E+00  0.0000E+00
     1    11     1     1        0  0.2818E+01  0.7858E+00  0.0000E+00  0.0000E+00
     1    11     1     2        0  0.0000E+00  0.2497E-01  0.0000E+00  0.0000E+00
     1    12     1     1        0  0.2686E+01  0.8136E+00  0.0000E+00  0.0000E+00
     1    12     1     2        0  0.0000E+00  0.2807E-01  0.0000E+00  0.0000E+00
     1    13     1     1        0  0.2562E+01  0.8380E+00  0.0000E+00  0.0000E+00
     1    13     1     2        0  0.0000E+00  0.3140E-01  0.0000E+00  0.0000E+00
     1    14     1     1        0  0.2438E+01  0.8577E+00  0.0000E+00  0.0000E+00
     1    14     1     2        0  0.0000E+00  0.3489E-01  0.0000E+00  0.0000E+00
     1    15     1     1        0  0.2310E+01  0.8717E+00  0.0000E+00  0.0000E+00
     1    15     1     2        0  0.0000E+00  0.3848E-01  0.0000E+00  0.0000E+00
     1    16     1     1        0  0.2171E+01  0.8785E+00  0.0000E+00  0.0000E+00
     1    16     1     2        0  0.0000E+00  0.4205E-01  0.0000E+00  0.0000E+00
     1    17     1     1        0  0.2239E+01  0.8768E+00  0.0000E+00  0.0000E+00
     1    17     1     2        0  0.0000E+00  0.4544E-01  0.0000E+00  0.0000E+00
     1    18     1     1        0  0.2314E+01  0.8654E+00  0.0000E+00  0.0000E+00
     1    18     1     2        0  0.0000E+00  0.4846E-01  0.0000E+00  0.0000E+00
     1    19     1     1        0  0.2379E+01  0.8771E+00  0.0000E+00  0.0000E+00
     1    19     1     2        0  0.0000E+00  0.5087E-01  0.0000E+00  0.0000E+00
     1    20     1     1        0  0.2428E+01  0.9405E+00  0.0000E+00  0.0000E+00
     1    20     1     2        0  0.0000E+00  0.5417E-01  0.0000E+00  0.0000E+00
     1    21     1     1        0  0.2456E+01  0.1003E+01  0.0000E+00  0.0000E+00
     1    21     1     2        0  0.0000E+00  0.6444E-01  0.0000E+00  0.0000E+00
     1    22     1     1        0  0.0000E+00  0.6935E+00  0.0000E+00  0.0000E+00
     1    22     1     2        0  0.0000E+00  0.1201E-01  0.0000E+00  0.0000E+00
