SUMMARY OF C0NVERGENCE INFORMATION
  STEP   INC  ATT   ITER     CONT.   RESID.        CORR.      RESID.      CORR.
                              EL.    FORCE         DISP       FLUX        TEMP.
                              (#)     (%)           (%)        (%)         (%)
     1     1     1     1        0  0.6560E+04  0.1000E+03  0.0000E+00  0.0000E+00
     1     1     1     2        0  0.1033E+03  0.1069E+02  0.0000E+00  0.0000E+00
     1     1     1     3        0  0.0000E+00  0.2173E-01  0.0000E+00  0.0000E+00
     1     2     1     1        0  0.0000E+00  0.3288E+01  0.0000E+00  0.0000E+00
     1     2     1     2        0  0.0000E+00  0.1027E-01  0.0000E+00  0.0000E+00
     1     3     1     1        0  0.0000E+00  0.6598E+00  0.0000E+00  0.0000E+00
     1     3     1     2        0  0.0000E+00  0.4167E-02  0.0000E+00  0.0000E+00
     1     4     1     1        0  0.0000E+00  0.1005E+01  0.0000E+00  0.0000E+00
     1     4     1     2        0  0.0000E+00  0.1340E-01  0.0000E+00  0.0000E+00
     1     5     1     1        0  0.9004E+01  0.1278E+01  0.0000E+00  0.0000E+00
     1     5     1     2        0  0.0000E+00  0.2068E-01  0.0000E+00  0.0000E+00
     1     6     1     1        0  0.8966E+01  0.1543E+01  0.0000E+00  0.0000E+00
     1     6     1     2        0  0.0000E+00  0.2447E-01  0.0000E+00  0.0000E+00
     1     7     1     1        0  0.9451E+01  0.2333E+01  0.0000E+00  0.0000E+00
     1     7     1     2        0  0.0000E+00  0.2925E-01  0.0000E+00  0.0000E+00
     1     8     1     1        0  0.1019E+02  0.4698E+01  0.0000E+00  0.0000E+00
     1     8     1     2        0  0.0000E+00  0.3527E-01  0.0000E+00  0.0000E+00
     1     9     1     1        0  0.1111E+02  0.4440E+02  0.0000E+00  0.0000E+00
     1     9     1     2        0  0.0000E+00  0.3698E+01  0.0000E+00  0.0000E+00
     1    10     1     1        0  0.2324E+02  0.1000E+03  0.0000E+00  0.0000E+00
     1    10     1     2        0  0.0000E+00  0.7245E+01  0.0000E+00  0.0000E+00
     1    11     1     1        0  0.2079E+02  0.1000E+03  0.0000E+00  0.0000E+00
     1    11     1     2        0  0.0000E+00  0.1675E+02  0.0000E+00  0.0000E+00
     1    12     1     1        0  0.1355E+02  0.6606E+02  0.0000E+00  0.0000E+00
     1    12     1     2        0  0.0000E+00  0.1099E+01  0.0000E+00  0.0000E+00
     1    13     1     1        0  0.1437E+02  0.6139E+02  0.0000E+00  0.0000E+00
     1    13     1     2        0  0.0000E+00  0.1474E+01  0.0000E+00  0.0000E+00
     1    14     1     1        0  0.1798E+02  0.1000E+03  0.0000E+00  0.0000E+00
     1    14     1     2        0  0.0000E+00  0.1089E+02  0.0000E+00  0.0000E+00
     1    15     1     1        0  0.2800E+02  0.6675E+02  0.0000E+00  0.0000E+00
     1    15     1     2        0  0.0000E+00  0.6393E+01  0.0000E+00  0.0000E+00
     1    16     1     1        0  0.1314E+02  0.2820E+02  0.0000E+00  0.0000E+00
     1    16     1     2        0  0.0000E+00  0.2921E+01  0.0000E+00  0.0000E+00
     1    17     1     1        0  0.1223E+02  0.3730E+02  0.0000E+00  0.0000E+00
     1    17     1     2        0  0.0000E+00  0.8844E+01  0.0000E+00  0.0000E+00
     1    18     1     1        0  0.5287E+01  0.2101E+02  0.0000E+00  0.0000E+00
     1    18     1     2        0  0.0000E+00  0.1396E+01  0.0000E+00  0.0000E+00
     1    19     1     1        0  0.5090E+01  0.1372E+02  0.0000E+00  0.0000E+00
     1    19     1     2        0  0.0000E+00  0.5799E+00  0.0000E+00  0.0000E+00
     1    20     1     1        0  0.5865E+01  0.1149E+02  0.0000E+00  0.0000E+00
     1    20     1     2        0  0.0000E+00  0.3240E+00  0.0000E+00  0.0000E+00
     1    21     1     1        0  0.7844E+01  0.9341E+01  0.0000E+00  0.0000E+00
     1    21     1     2        0  0.0000E+00  0.1412E+00  0.0000E+00  0.0000E+00
     1    22     1     1        0  0.0000E+00  0.5257E+01  0.0000E+00  0.0000E+00
     1    22     1     2        0  0.0000E+00  0.5409E-01  0.0000E+00  0.0000E+00
