SUMMARY OF C0NVERGENCE INFORMATION
  STEP   INC  ATT   ITER     CONT.   RESID.        CORR.      RESID.      CORR.
                              EL.    FORCE         DISP       FLUX        TEMP.
                              (#)     (%)           (%)        (%)         (%)
     1     1     1     1        0  0.5214E+04  0.1000E+03  0.0000E+00  0.0000E+00
     1     1     1     2        0  0.6952E+02  0.1006E+02  0.0000E+00  0.0000E+00
     1     1     1     3        0  0.0000E+00  0.2024E-01  0.0000E+00  0.0000E+00
     1     2     1     1        0  0.0000E+00  0.3980E+01  0.0000E+00  0.0000E+00
     1     2     1     2        0  0.0000E+00  0.1140E-01  0.0000E+00  0.0000E+00
     1     3     1     1        0  0.0000E+00  0.4984E+00  0.0000E+00  0.0000E+00
     1     3     1     2        0  0.0000E+00  0.2362E-02  0.0000E+00  0.0000E+00
     1     4     1     1        0  0.0000E+00  0.7475E+00  0.0000E+00  0.0000E+00
     1     4     1     2        0  0.0000E+00  0.5561E-02  0.0000E+00  0.0000E+00
     1     5     1     1        0  0.0000E+00  0.9280E+00  0.0000E+00  0.0000E+00
     1     5     1     2        0  0.0000E+00  0.8180E-02  0.0000E+00  0.0000E+00
     1     6     1     1        0  0.0000E+00  0.1017E+01  0.0000E+00  0.0000E+00
     1     6     1     2        0  0.0000E+00  0.9364E-02  0.0000E+00  0.0000E+00
     1     7     1     1        0  0.0000E+00  0.1197E+01  0.0000E+00  0.0000E+00
     1     7     1     2        0  0.0000E+00  0.1160E-01  0.0000E+00  0.0000E+00
     1     8     1     1        0  0.0000E+00  0.1609E+01  0.0000E+00  0.0000E+00
     1     8     1     2        0  0.0000E+00  0.1388E-01  0.0000E+00  0.0000E+00
     1     9     1     1        0  0.0000E+00  0.2519E+01  0.0000E+00  0.0000E+00
     1     9     1     2        0  0.0000E+00  0.1621E-01  0.0000E+00  0.0000E+00
     1    10     1     1        0  0.0000E+00  0.4822E+01  0.0000E+00  0.0000E+00
     1    10     1     2        0  0.0000E+00  0.2669E-01  0.0000E+00  0.0000E+00
     1    11     1     1        0  0.0000E+00  0.1892E+02  0.0000E+00  0.0000E+00
     1    11     1     2        0  0.0000E+00  0.5268E+00  0.0000E+00  0.0000E+00
     1    12     1     1        0  0.2776E+02  0.1000E+03  0.0000E+00  0.0000E+00
     1    12     1     2        0  0.0000E+00  0.2108E+02  0.0000E+00  0.0000E+00
     1    13     1     1        0  0.1717E+05  0.1000E+03  0.0000E+00  0.0000E+00
     1    13     1     2        0  0.1270E+07  0.9395E+02  0.0000E+00  0.0000E+00
     1    13     1     3        0  0.5810E+06  0.1000E+03  0.0000E+00  0.0000E+00
     1    13     1     4        0  0.2577E+08  0.1000E+03  0.0000E+00  0.0000E+00
     1    13     1     5        0  0.9570E+07  0.1000E+03  0.0000E+00  0.0000E+00
     1    13     2     1        0  0.1870E+02  0.1000E+03  0.0000E+00  0.0000E+00
     1    13     2     2        0  0.0000E+00  0.3141E+02  0.0000E+00  0.0000E+00
     1    14     1     1        0  0.0000E+00  0.2384E+02  0.0000E+00  0.0000E+00
     1    14     1     2        0  0.0000E+00  0.5017E+01  0.0000E+00  0.0000E+00
     1    15     1     1        0  0.0000E+00  0.1161E+02  0.0000E+00  0.0000E+00
     1    15     1     2        0  0.0000E+00  0.1361E+01  0.0000E+00  0.0000E+00
     1    16     1     1        0  0.4258E+03  0.1000E+03  0.0000E+00  0.0000E+00
     1    16     1     2        0  0.3339E+02  0.2234E+02  0.0000E+00  0.0000E+00
     1    16     1     3        0  0.1381E+02  0.1795E+02  0.0000E+00  0.0000E+00
     1    16     1     4        0  0.1093E+03  0.5661E+02  0.0000E+00  0.0000E+00
     1    16     1     5        0  0.1157E+02  0.1701E+02  0.0000E+00  0.0000E+00
     1    16     1     6        0  0.2732E+02  0.2443E+02  0.0000E+00  0.0000E+00
     1    16     1     7        0  0.1572E+02  0.1915E+02  0.0000E+00  0.0000E+00
     1    16     2     1        0  0.0000E+00  0.1716E+02  0.0000E+00  0.0000E+00
     1    16     2     2        0  0.0000E+00  0.8608E+00  0.0000E+00  0.0000E+00
     1    17     1     1        0  0.0000E+00  0.9376E+01  0.0000E+00  0.0000E+00
     1    17     1     2        0  0.0000E+00  0.3898E+00  0.0000E+00  0.0000E+00
     1    18     1     1        0  0.0000E+00  0.2060E+02  0.0000E+00  0.0000E+00
     1    18     1     2        0  0.0000E+00  0.2178E+01  0.0000E+00  0.0000E+00
     1    19     1     1        0  0.2814E+01  0.7787E+02  0.0000E+00  0.0000E+00
     1    19     1     2        0  0.0000E+00  0.2823E+02  0.0000E+00  0.0000E+00
     1    20     1     1        0  0.9388E+01  0.7779E+02  0.0000E+00  0.0000E+00
     1    20     1     2        0  0.2520E+01  0.4018E+02  0.0000E+00  0.0000E+00
     1    20     1     3        0  0.0000E+00  0.4805E+01  0.0000E+00  0.0000E+00
     1    21     1     1        0  0.2675E+01  0.2667E+02  0.0000E+00  0.0000E+00
     1    21     1     2        0  0.0000E+00  0.1389E+02  0.0000E+00  0.0000E+00
     1    22     1     1        0  0.4595E+01  0.3134E+02  0.0000E+00  0.0000E+00
     1    22     1     2        0  0.0000E+00  0.1040E+02  0.0000E+00  0.0000E+00
     1    23     1     1        0  0.5773E+01  0.1523E+02  0.0000E+00  0.0000E+00
     1    23     1     2        0  0.0000E+00  0.1829E+01  0.0000E+00  0.0000E+00
     1    24     1     1        0  0.5076E+01  0.9773E+01  0.0000E+00  0.0000E+00
     1    24     1     2        0  0.0000E+00  0.5616E+00  0.0000E+00  0.0000E+00
     1    25     1     1        0  0.4281E+01  0.8052E+01  0.0000E+00  0.0000E+00
     1    25     1     2        0  0.0000E+00  0.4837E+00  0.0000E+00  0.0000E+00
     1    26     1     1        0  0.3345E+01  0.7885E+01  0.0000E+00  0.0000E+00
     1    26     1     2        0  0.0000E+00  0.5185E+00  0.0000E+00  0.0000E+00
     1    27     1     1        0  0.2464E+01  0.1054E+02  0.0000E+00  0.0000E+00
     1    27     1     2        0  0.0000E+00  0.6203E+00  0.0000E+00  0.0000E+00
     1    28     1     1        0  0.0000E+00  0.8607E+01  0.0000E+00  0.0000E+00
     1    28     1     2        0  0.0000E+00  0.1749E+00  0.0000E+00  0.0000E+00
