SUMMARY OF C0NVERGENCE INFORMATION
  STEP   INC  ATT   ITER     CONT.   RESID.        CORR.      RESID.      CORR.
                              EL.    FORCE         DISP       FLUX        TEMP.
                              (#)     (%)           (%)        (%)         (%)
     1     1     1     1        0  0.1124E+03  0.1000E+03  0.0000E+00  0.0000E+00
     1     1     1     2        0  0.0000E+00  0.4361E-01  0.0000E+00  0.0000E+00
     1     2     1     1        0  0.1085E+03  0.9966E+02  0.0000E+00  0.0000E+00
     1     2     1     2        0  0.0000E+00  0.1276E+00  0.0000E+00  0.0000E+00
     1     3     1     1        0  0.6537E+03  0.1000E+03  0.0000E+00  0.0000E+00
     1     3     1     2        0  0.0000E+00  0.3271E+00  0.0000E+00  0.0000E+00
     1     4     1     1        0  0.4909E+03  0.1000E+03  0.0000E+00  0.0000E+00
     1     4     1     2        0  0.0000E+00  0.1787E+00  0.0000E+00  0.0000E+00
     1     5     1     1        0  0.0000E+00  0.1000E+03  0.0000E+00  0.0000E+00
     1     5     1     2        0  0.0000E+00  0.1734E-02  0.0000E+00  0.0000E+00
     1     6     1     1        0  0.0000E+00  0.9988E+02  0.0000E+00  0.0000E+00
     1     6     1     2        0  0.0000E+00  0.1435E-02  0.0000E+00  0.0000E+00
     1     7     1     1        0  0.0000E+00  0.1000E+03  0.0000E+00  0.0000E+00
     1     7     1     2        0  0.0000E+00  0.2643E-02  0.0000E+00  0.0000E+00
     1     8     1     1        0  0.3099E+03  0.1000E+03  0.0000E+00  0.0000E+00
     1     8     1     2        0  0.0000E+00  0.1932E+00  0.0000E+00  0.0000E+00
     1     9     1     1        0  0.2758E+03  0.9997E+02  0.0000E+00  0.0000E+00
     1     9     1     2        0  0.0000E+00  0.1829E+00  0.0000E+00  0.0000E+00
     1    10     1     1        0  0.0000E+00  0.2446E+02  0.0000E+00  0.0000E+00
     1    10     1     2        0  0.0000E+00  0.2059E-03  0.0000E+00  0.0000E+00
     1    11     1     1        0  0.2208E+03  0.1000E+03  0.0000E+00  0.0000E+00
     1    11     1     2        0  0.0000E+00  0.1930E+00  0.0000E+00  0.0000E+00
     1    12     1     1        0  0.2005E+03  0.9982E+02  0.0000E+00  0.0000E+00
     1    12     1     2        0  0.0000E+00  0.1825E+00  0.0000E+00  0.0000E+00
     1    13     1     1        0  0.0000E+00  0.4901E+02  0.0000E+00  0.0000E+00
     1    13     1     2        0  0.0000E+00  0.7168E-03  0.0000E+00  0.0000E+00
     1    14     1     1        0  0.1680E+03  0.1000E+03  0.0000E+00  0.0000E+00
     1    14     1     2        0  0.0000E+00  0.1931E+00  0.0000E+00  0.0000E+00
     1    15     1     1        0  0.1550E+03  0.9967E+02  0.0000E+00  0.0000E+00
     1    15     1     2        0  0.0000E+00  0.1823E+00  0.0000E+00  0.0000E+00
     1    16     1     1        0  0.0000E+00  0.6596E+02  0.0000E+00  0.0000E+00
     1    16     1     2        0  0.0000E+00  0.9103E-03  0.0000E+00  0.0000E+00
     1    17     1     1        0  0.1347E+03  0.1000E+03  0.0000E+00  0.0000E+00
     1    17     1     2        0  0.0000E+00  0.1935E+00  0.0000E+00  0.0000E+00
     1    18     1     1        0  0.1257E+03  0.9952E+02  0.0000E+00  0.0000E+00
     1    18     1     2        0  0.0000E+00  0.1821E+00  0.0000E+00  0.0000E+00
     1    19     1     1        0  0.0000E+00  0.7440E+02  0.0000E+00  0.0000E+00
     1    19     1     2        0  0.0000E+00  0.1255E-02  0.0000E+00  0.0000E+00
     1    20     1     1        0  0.1123E+03  0.1000E+03  0.0000E+00  0.0000E+00
     1    20     1     2        0  0.0000E+00  0.1941E+00  0.0000E+00  0.0000E+00
     1    21     1     1        0  0.1055E+03  0.9937E+02  0.0000E+00  0.0000E+00
     1    21     1     2        0  0.0000E+00  0.1820E+00  0.0000E+00  0.0000E+00
     1    22     1     1        0  0.0000E+00  0.7947E+02  0.0000E+00  0.0000E+00
     1    22     1     2        0  0.0000E+00  0.2810E-02  0.0000E+00  0.0000E+00
     1    23     1     1        0  0.9625E+02  0.1000E+03  0.0000E+00  0.0000E+00
     1    23     1     2        0  0.0000E+00  0.1951E+00  0.0000E+00  0.0000E+00
     1    24     1     1        0  0.9085E+02  0.9922E+02  0.0000E+00  0.0000E+00
     1    24     1     2        0  0.0000E+00  0.1830E+00  0.0000E+00  0.0000E+00
     1    25     1     1        0  0.0000E+00  0.8280E+02  0.0000E+00  0.0000E+00
     1    25     1     2        0  0.0000E+00  0.7855E-02  0.0000E+00  0.0000E+00
     1    26     1     1        0  0.0000E+00  0.1000E+03  0.0000E+00  0.0000E+00
     1    26     1     2        0  0.0000E+00  0.7169E-02  0.0000E+00  0.0000E+00
     1    27     1     1        0  0.0000E+00  0.1000E+03  0.0000E+00  0.0000E+00
     1    27     1     2        0  0.0000E+00  0.2521E-03  0.0000E+00  0.0000E+00
     1    28     1     1        0  0.0000E+00  0.1000E+03  0.0000E+00  0.0000E+00
     1    28     1     2        0  0.0000E+00  0.8832E-04  0.0000E+00  0.0000E+00
     1    29     1     1        0  0.7721E+02  0.1000E+03  0.0000E+00  0.0000E+00
     1    29     1     2        0  0.0000E+00  0.1973E+00  0.0000E+00  0.0000E+00
     1    30     1     1        0  0.7360E+02  0.9906E+02  0.0000E+00  0.0000E+00
     1    30     1     2        0  0.0000E+00  0.1839E+00  0.0000E+00  0.0000E+00
