SUMMARY OF C0NVERGENCE INFORMATION
  STEP   INC  ATT   ITER     CONT.   RESID.        CORR.      RESID.      CORR.
                              EL.    FORCE         DISP       FLUX        TEMP.
                              (#)     (%)           (%)        (%)         (%)
     1     1     1     1        0  0.1124E+03  0.1000E+03  0.0000E+00  0.0000E+00
     1     1     1     2        0  0.0000E+00  0.4361E-01  0.0000E+00  0.0000E+00
     1     2     1     1        0  0.1103E+03  0.9985E+02  0.0000E+00  0.0000E+00
     1     2     1     2        0  0.0000E+00  0.1276E+00  0.0000E+00  0.0000E+00
     1     3     1     1        0  0.3344E+03  0.1000E+03  0.0000E+00  0.0000E+00
     1     3     1     2        0  0.0000E+00  0.3646E+00  0.0000E+00  0.0000E+00
     1     4     1     1        0  0.2610E+03  0.1000E+03  0.0000E+00  0.0000E+00
     1     4     1     2        0  0.0000E+00  0.1075E+00  0.0000E+00  0.0000E+00
     1     5     1     1        0  0.0000E+00  0.1000E+03  0.0000E+00  0.0000E+00
     1     5     1     2        0  0.0000E+00  0.2131E-02  0.0000E+00  0.0000E+00
     1     6     1     1        0  0.0000E+00  0.9994E+02  0.0000E+00  0.0000E+00
     1     6     1     2        0  0.0000E+00  0.1569E-02  0.0000E+00  0.0000E+00
     1     7     1     1        0  0.0000E+00  0.9076E+02  0.0000E+00  0.0000E+00
     1     7     1     2        0  0.0000E+00  0.3323E-02  0.0000E+00  0.0000E+00
     1     8     1     1        0  0.1716E+03  0.1000E+03  0.0000E+00  0.0000E+00
     1     8     1     2        0  0.0000E+00  0.1164E+00  0.0000E+00  0.0000E+00
     1     9     1     1        0  0.1537E+03  0.9998E+02  0.0000E+00  0.0000E+00
     1     9     1     2        0  0.0000E+00  0.1109E+00  0.0000E+00  0.0000E+00
     1    10     1     1        0  0.0000E+00  0.4169E+02  0.0000E+00  0.0000E+00
     1    10     1     2        0  0.0000E+00  0.3511E-03  0.0000E+00  0.0000E+00
     1    11     1     1        0  0.1245E+03  0.1000E+03  0.0000E+00  0.0000E+00
     1    11     1     2        0  0.0000E+00  0.1145E+00  0.0000E+00  0.0000E+00
     1    12     1     1        0  0.1134E+03  0.9990E+02  0.0000E+00  0.0000E+00
     1    12     1     2        0  0.0000E+00  0.1107E+00  0.0000E+00  0.0000E+00
     1    13     1     1        0  0.0000E+00  0.4891E+02  0.0000E+00  0.0000E+00
     1    13     1     2        0  0.0000E+00  0.7647E-03  0.0000E+00  0.0000E+00
     1    14     1     1        0  0.9555E+02  0.1000E+03  0.0000E+00  0.0000E+00
     1    14     1     2        0  0.0000E+00  0.1143E+00  0.0000E+00  0.0000E+00
     1    15     1     1        0  0.8840E+02  0.9981E+02  0.0000E+00  0.0000E+00
     1    15     1     2        0  0.0000E+00  0.1105E+00  0.0000E+00  0.0000E+00
     1    16     1     1        0  0.0000E+00  0.6602E+02  0.0000E+00  0.0000E+00
     1    16     1     2        0  0.0000E+00  0.9296E-03  0.0000E+00  0.0000E+00
     1    17     1     1        0  0.7691E+02  0.1000E+03  0.0000E+00  0.0000E+00
     1    17     1     2        0  0.0000E+00  0.1143E+00  0.0000E+00  0.0000E+00
     1    18     1     1        0  0.7197E+02  0.9972E+02  0.0000E+00  0.0000E+00
     1    18     1     2        0  0.0000E+00  0.1103E+00  0.0000E+00  0.0000E+00
     1    19     1     1        0  0.0000E+00  0.7451E+02  0.0000E+00  0.0000E+00
     1    19     1     2        0  0.0000E+00  0.1015E-02  0.0000E+00  0.0000E+00
     1    20     1     1        0  0.6418E+02  0.1000E+03  0.0000E+00  0.0000E+00
     1    20     1     2        0  0.0000E+00  0.1144E+00  0.0000E+00  0.0000E+00
     1    21     1     1        0  0.6053E+02  0.9964E+02  0.0000E+00  0.0000E+00
     1    21     1     2        0  0.0000E+00  0.1102E+00  0.0000E+00  0.0000E+00
