SUMMARY OF C0NVERGENCE INFORMATION
  STEP   INC  ATT   ITER     CONT.   RESID.        CORR.      RESID.      CORR.
                              EL.    FORCE         DISP       FLUX        TEMP.
                              (#)     (%)           (%)        (%)         (%)
     1     1     1     1        0  0.5843E+04  0.1000E+03  0.0000E+00  0.0000E+00
     1     1     1     2        0  0.4056E+02  0.5900E+01  0.0000E+00  0.0000E+00
     1     1     1     3        0  0.0000E+00  0.1102E-01  0.0000E+00  0.0000E+00
     1     2     1     1        0  0.0000E+00  0.2617E+00  0.0000E+00  0.0000E+00
     1     2     1     2        0  0.0000E+00  0.6309E-03  0.0000E+00  0.0000E+00
     1     3     1     1        0  0.0000E+00  0.5238E+00  0.0000E+00  0.0000E+00
     1     3     1     2        0  0.0000E+00  0.2199E-02  0.0000E+00  0.0000E+00
     1     4     1     1        0  0.1042E+02  0.7377E+00  0.0000E+00  0.0000E+00
     1     4     1     2        0  0.0000E+00  0.6760E-02  0.0000E+00  0.0000E+00
     1     5     1     1        0  0.1433E+02  0.8497E+00  0.0000E+00  0.0000E+00
     1     5     1     2        0  0.0000E+00  0.1313E-01  0.0000E+00  0.0000E+00
     1     6     1     1        0  0.1712E+02  0.8555E+00  0.0000E+00  0.0000E+00
     1     6     1     2        0  0.0000E+00  0.2112E-01  0.0000E+00  0.0000E+00
     1     7     1     1        0  0.2241E+02  0.9034E+00  0.0000E+00  0.0000E+00
     1     7     1     2        0  0.0000E+00  0.3592E-01  0.0000E+00  0.0000E+00
     1     8     1     1        0  0.3226E+02  0.1673E+01  0.0000E+00  0.0000E+00
     1     8     1     2        0  0.0000E+00  0.6595E-01  0.0000E+00  0.0000E+00
     1     9     1     1        0  0.6710E+02  0.4152E+01  0.0000E+00  0.0000E+00
     1     9     1     2        0  0.1802E+01  0.2379E+00  0.0000E+00  0.0000E+00
     1     9     1     3        0  0.0000E+00  0.1106E-02  0.0000E+00  0.0000E+00
     1    10     1     1        0  0.9294E+03  0.1669E+02  0.0000E+00  0.0000E+00
     1    10     1     2        0  0.1593E+03  0.2388E+01  0.0000E+00  0.0000E+00
     1    10     1     3        0  0.3096E+01  0.3323E+00  0.0000E+00  0.0000E+00
     1    10     1     4        0  0.0000E+00  0.1566E-01  0.0000E+00  0.0000E+00
     1    11     1     1        0  0.6592E+04  0.4626E+02  0.0000E+00  0.0000E+00
     1    11     1     2        0  0.5070E+04  0.1488E+02  0.0000E+00  0.0000E+00
     1    11     1     3        0  0.4893E+04  0.1490E+02  0.0000E+00  0.0000E+00
     1    11     1     4        0  0.1455E+04  0.8008E+01  0.0000E+00  0.0000E+00
     1    11     1     5        0  0.7958E+03  0.5932E+01  0.0000E+00  0.0000E+00
     1    11     1     6        0  0.1907E+02  0.9175E+00  0.0000E+00  0.0000E+00
     1    11     1     7        0  0.0000E+00  0.1095E+00  0.0000E+00  0.0000E+00
     1    12     1     1        0  0.4579E+03  0.1642E+02  0.0000E+00  0.0000E+00
     1    12     1     2        0  0.6763E+04  0.2162E+02  0.0000E+00  0.0000E+00
     1    12     1     3        0  0.1644E+02  0.1033E+01  0.0000E+00  0.0000E+00
     1    12     1     4        0  0.6914E+01  0.6902E+00  0.0000E+00  0.0000E+00
     1    12     1     5        0  0.0000E+00  0.4363E-02  0.0000E+00  0.0000E+00
     1    13     1     1        0  0.1756E+05  0.1000E+03  0.0000E+00  0.0000E+00
     1    13     1     2        0  0.2114E+04  0.1308E+02  0.0000E+00  0.0000E+00
     1    13     1     3        0  0.7392E+02  0.6678E+01  0.0000E+00  0.0000E+00
     1    13     1     4        0  0.0000E+00  0.4784E+00  0.0000E+00  0.0000E+00
     1    14     1     1        0  0.3734E+03  0.8140E+02  0.0000E+00  0.0000E+00
     1    14     1     2        0  0.3248E+03  0.3429E+02  0.0000E+00  0.0000E+00
     1    14     1     3        0  0.4910E+01  0.9882E+01  0.0000E+00  0.0000E+00
     1    14     1     4        0  0.0000E+00  0.7192E+00  0.0000E+00  0.0000E+00
     1    15     1     1        0  0.2939E+03  0.1540E+02  0.0000E+00  0.0000E+00
     1    15     1     2        0  0.2644E+03  0.1463E+02  0.0000E+00  0.0000E+00
     1    15     1     3        0  0.1463E+01  0.1196E+01  0.0000E+00  0.0000E+00
     1    15     1     4        0  0.0000E+00  0.5604E-01  0.0000E+00  0.0000E+00
     1    16     1     1        0  0.9023E+02  0.2260E+02  0.0000E+00  0.0000E+00
     1    16     1     2        0  0.1604E+03  0.2209E+02  0.0000E+00  0.0000E+00
     1    16     1     3        0  0.0000E+00  0.2434E+01  0.0000E+00  0.0000E+00
     1    17     1     1        0  0.5456E+02  0.1679E+02  0.0000E+00  0.0000E+00
     1    17     1     2        0  0.4880E+02  0.1107E+02  0.0000E+00  0.0000E+00
     1    17     1     3        0  0.0000E+00  0.4981E+00  0.0000E+00  0.0000E+00
     1    18     1     1        0  0.4280E+02  0.1579E+02  0.0000E+00  0.0000E+00
     1    18     1     2        0  0.2127E+02  0.1483E+02  0.0000E+00  0.0000E+00
     1    18     1     3        0  0.0000E+00  0.9672E+00  0.0000E+00  0.0000E+00
     1    19     1     1        0  0.2899E+02  0.1534E+02  0.0000E+00  0.0000E+00
     1    19     1     2        0  0.1320E+02  0.2296E+02  0.0000E+00  0.0000E+00
     1    19     1     3        0  0.0000E+00  0.1414E+01  0.0000E+00  0.0000E+00
     1    20     1     1        0  0.1836E+02  0.1625E+02  0.0000E+00  0.0000E+00
     1    20     1     2        0  0.9439E+01  0.1891E+02  0.0000E+00  0.0000E+00
     1    20     1     3        0  0.0000E+00  0.9412E+00  0.0000E+00  0.0000E+00
     1    21     1     1        0  0.1415E+02  0.1464E+02  0.0000E+00  0.0000E+00
     1    21     1     2        0  0.5821E+01  0.1622E+02  0.0000E+00  0.0000E+00
     1    21     1     3        0  0.0000E+00  0.1379E+01  0.0000E+00  0.0000E+00
     1    22     1     1        0  0.4367E+00  0.1670E+02  0.0000E+00  0.0000E+00
     1    22     1     2        0  0.0000E+00  0.4600E+01  0.0000E+00  0.0000E+00
