SUMMARY OF C0NVERGENCE INFORMATION
  STEP   INC  ATT   ITER     CONT.   RESID.        CORR.      RESID.      CORR.
                              EL.    FORCE         DISP       FLUX        TEMP.
                              (#)     (%)           (%)        (%)         (%)
     1     1     1     1        0  0.3290E+04  0.1000E+03  0.0000E+00  0.0000E+00
     1     1     1     2        0  0.5778E+02  0.1609E+02  0.0000E+00  0.0000E+00
     1     1     1     3        0  0.0000E+00  0.4044E-01  0.0000E+00  0.0000E+00
     1     2     1     1        0  0.5071E+02  0.1024E+01  0.0000E+00  0.0000E+00
     1     2     1     2        0  0.0000E+00  0.3913E-02  0.0000E+00  0.0000E+00
     1     3     1     1        0  0.5055E+03  0.2674E+01  0.0000E+00  0.0000E+00
     1     3     1     2        0  0.0000E+00  0.2012E-01  0.0000E+00  0.0000E+00
     1     4     1     1        0  0.2203E+05  0.1623E+02  0.0000E+00  0.0000E+00
     1     4     1     2        0  0.5569E+02  0.8004E+00  0.0000E+00  0.0000E+00
     1     4     1     3        0  0.4627E+02  0.7317E+00  0.0000E+00  0.0000E+00
     1     4     1     4        0  0.0000E+00  0.1617E-02  0.0000E+00  0.0000E+00
     1     5     1     1        0  0.2852E+05  0.2335E+02  0.0000E+00  0.0000E+00
     1     5     1     2        0  0.1808E+06  0.6875E+02  0.0000E+00  0.0000E+00
     1     5     1     3        0  0.9422E+04  0.1291E+02  0.0000E+00  0.0000E+00
     1     5     1     4        0  0.1206E+05  0.1515E+02  0.0000E+00  0.0000E+00
     1     5     1     5        0  0.2219E+03  0.1969E+01  0.0000E+00  0.0000E+00
     1     5     1     6        0  0.4379E+03  0.2905E+01  0.0000E+00  0.0000E+00
     1     5     1     7        0  0.0000E+00  0.3651E-01  0.0000E+00  0.0000E+00
     1     6     1     1        0  0.7400E+05  0.1000E+03  0.0000E+00  0.0000E+00
     1     6     1     2        0  0.2489E+05  0.2333E+02  0.0000E+00  0.0000E+00
     1     6     1     3        0  0.6899E+04  0.2949E+02  0.0000E+00  0.0000E+00
     1     6     1     4        0  0.5185E+04  0.2521E+02  0.0000E+00  0.0000E+00
     1     6     1     5        0  0.1428E+05  0.4245E+02  0.0000E+00  0.0000E+00
     1     6     1     6        0  0.3168E+04  0.2011E+02  0.0000E+00  0.0000E+00
     1     6     1     7        0  0.2389E+03  0.5453E+01  0.0000E+00  0.0000E+00
     1     6     1     8        0  0.1126E+02  0.1185E+01  0.0000E+00  0.0000E+00
     1     6     1     9        0  0.0000E+00  0.1312E-01  0.0000E+00  0.0000E+00
     1     7     1     1        0  0.3336E+06  0.1000E+03  0.0000E+00  0.0000E+00
     1     7     1     2        0  0.2396E+05  0.1776E+02  0.0000E+00  0.0000E+00
     1     7     1     3        0  0.8275E+05  0.4533E+02  0.0000E+00  0.0000E+00
     1     7     1     4        0  0.5257E+05  0.3294E+02  0.0000E+00  0.0000E+00
     1     7     2     1        0  0.2519E+04  0.1000E+03  0.0000E+00  0.0000E+00
     1     7     2     2        0  0.1490E+03  0.2439E+02  0.0000E+00  0.0000E+00
     1     7     2     3        0  0.1938E+01  0.2803E+01  0.0000E+00  0.0000E+00
     1     7     2     4        0  0.0000E+00  0.7462E-01  0.0000E+00  0.0000E+00
     1     8     1     1        0  0.6169E+02  0.1631E+02  0.0000E+00  0.0000E+00
     1     8     1     2        0  0.1375E+01  0.2441E+01  0.0000E+00  0.0000E+00
     1     8     1     3        0  0.0000E+00  0.8530E-02  0.0000E+00  0.0000E+00
     1     9     1     1        0  0.4905E+02  0.1090E+02  0.0000E+00  0.0000E+00
     1     9     1     2        0  0.4732E+01  0.7884E+01  0.0000E+00  0.0000E+00
     1     9     1     3        0  0.0000E+00  0.1694E+00  0.0000E+00  0.0000E+00
     1    10     1     1        0  0.8925E+02  0.2466E+02  0.0000E+00  0.0000E+00
     1    10     1     2        0  0.1022E+03  0.2418E+02  0.0000E+00  0.0000E+00
     1    10     1     3        0  0.1212E+01  0.2826E+01  0.0000E+00  0.0000E+00
     1    10     1     4        0  0.1012E+01  0.3121E+01  0.0000E+00  0.0000E+00
     1    10     1     5        0  0.0000E+00  0.3251E-01  0.0000E+00  0.0000E+00
     1    11     1     1        0  0.4557E+02  0.4797E+02  0.0000E+00  0.0000E+00
     1    11     1     2        0  0.5764E+03  0.7746E+02  0.0000E+00  0.0000E+00
     1    11     1     3        0  0.6131E+00  0.6966E+01  0.0000E+00  0.0000E+00
     1    11     1     4        0  0.6937E+01  0.1029E+02  0.0000E+00  0.0000E+00
     1    11     1     5        0  0.0000E+00  0.1240E+01  0.0000E+00  0.0000E+00
     1    12     1     1        0  0.2994E+02  0.3597E+02  0.0000E+00  0.0000E+00
     1    12     1     2        0  0.1634E+02  0.1699E+02  0.0000E+00  0.0000E+00
     1    12     1     3        0  0.1271E+01  0.1880E+01  0.0000E+00  0.0000E+00
     1    12     1     4        0  0.0000E+00  0.9704E+00  0.0000E+00  0.0000E+00
     1    13     1     1        0  0.2016E+02  0.2538E+02  0.0000E+00  0.0000E+00
     1    13     1     2        0  0.1473E+06  0.1000E+03  0.0000E+00  0.0000E+00
     1    13     1     3        0  0.2077E+07  0.1000E+03  0.0000E+00  0.0000E+00
     1    13     1     4        0  0.2277E+08  0.1000E+03  0.0000E+00  0.0000E+00
     1    13     2     1        0  0.1021E+01  0.2312E+02  0.0000E+00  0.0000E+00
     1    13     2     2        0  0.2564E+02  0.1000E+03  0.0000E+00  0.0000E+00
     1    13     2     3        0  0.6810E+00  0.2103E+02  0.0000E+00  0.0000E+00
     1    13     2     4        0  0.3362E+02  0.1000E+03  0.0000E+00  0.0000E+00
     1    13     2     5        0  0.0000E+00  0.7634E+01  0.0000E+00  0.0000E+00
     1    14     1     1        0  0.2520E+01  0.5148E+02  0.0000E+00  0.0000E+00
     1    14     1     2        0  0.6158E+03  0.1000E+03  0.0000E+00  0.0000E+00
     1    14     1     3        0  0.7929E+01  0.8536E+01  0.0000E+00  0.0000E+00
     1    14     1     4        0  0.9654E+02  0.3122E+02  0.0000E+00  0.0000E+00
     1    14     1     5        0  0.2151E+01  0.6247E+01  0.0000E+00  0.0000E+00
     1    14     1     6        0  0.6341E+02  0.2377E+02  0.0000E+00  0.0000E+00
     1    14     1     7        0  0.7847E+00  0.4415E+01  0.0000E+00  0.0000E+00
     1    14     1     8        0  0.7281E+02  0.3020E+02  0.0000E+00  0.0000E+00
     1    14     1     9        0  0.6284E+00  0.4050E+01  0.0000E+00  0.0000E+00
     1    14     1    10        0  0.9573E+02  0.3907E+02  0.0000E+00  0.0000E+00
     1    14     1    11        0  0.0000E+00  0.3090E+01  0.0000E+00  0.0000E+00
     1    15     1     1        0  0.3218E+01  0.5717E+02  0.0000E+00  0.0000E+00
     1    15     1     2        0  0.5087E+02  0.1000E+03  0.0000E+00  0.0000E+00
     1    15     1     3        0  0.1996E+01  0.3029E+02  0.0000E+00  0.0000E+00
     1    15     1     4        0  0.2340E+06  0.1000E+03  0.0000E+00  0.0000E+00
     1    15     1     5        0  0.2202E+07  0.1000E+03  0.0000E+00  0.0000E+00
     1    15     2     1        0  0.2348E+02  0.1000E+03  0.0000E+00  0.0000E+00
     1    15     2     2        0  0.3619E+01  0.3793E+02  0.0000E+00  0.0000E+00
     1    15     2     3        0  0.1035E+04  0.1000E+03  0.0000E+00  0.0000E+00
     1    15     2     4        0  0.1389E+02  0.9464E+01  0.0000E+00  0.0000E+00
     1    15     3     1        0  0.4895E+02  0.1000E+03  0.0000E+00  0.0000E+00
     1    15     3     2        0  0.6408E+00  0.1668E+02  0.0000E+00  0.0000E+00
     1    15     3     3        0  0.2293E+03  0.1000E+03  0.0000E+00  0.0000E+00
     1    15     3     4        0  0.9552E+00  0.8501E+01  0.0000E+00  0.0000E+00
     1    15     4     1        0  0.6089E+02  0.1000E+03  0.0000E+00  0.0000E+00
     1    15     4     2        0  0.5313E+00  0.1364E+02  0.0000E+00  0.0000E+00
     1    15     4     3        0  0.1327E+03  0.1000E+03  0.0000E+00  0.0000E+00
     1    15     4     4        0  0.4370E+00  0.8222E+01  0.0000E+00  0.0000E+00
     1    15     4     5        0  0.5258E+02  0.5253E+02  0.0000E+00  0.0000E+00
     1    15     4     6        0  0.4941E+00  0.7999E+01  0.0000E+00  0.0000E+00
     1    15     4     7        0  0.7884E+03  0.1000E+03  0.0000E+00  0.0000E+00
     1    15     4     8        0  0.8761E+01  0.9194E+01  0.0000E+00  0.0000E+00
     1    15     5     1        0  0.6449E+02  0.1000E+03  0.0000E+00  0.0000E+00
     1    15     5     2        0  0.5100E+00  0.1300E+02  0.0000E+00  0.0000E+00
     1    15     5     3        0  0.1192E+03  0.1000E+03  0.0000E+00  0.0000E+00
     1    15     5     4        0  0.0000E+00  0.8172E+01  0.0000E+00  0.0000E+00
     1    16     1     1        0  0.1264E+02  0.1000E+03  0.0000E+00  0.0000E+00
     1    16     1     2        0  0.1060E+02  0.9316E+02  0.0000E+00  0.0000E+00
     1    16     1     3        0  0.9243E+01  0.9201E+02  0.0000E+00  0.0000E+00
     1    16     1     4        0  0.1330E+02  0.1000E+03  0.0000E+00  0.0000E+00
     1    16     1     5        0  0.1544E+02  0.1000E+03  0.0000E+00  0.0000E+00
