SUMMARY OF JOB INFORMATION
  STEP      INC     ATT  ITRS     TOT TIME     STEP TIME      INC TIME
     1          1     1     3  0.250000E-01  0.250000E-01  0.250000E-01
     1          2     1     2  0.500000E-01  0.500000E-01  0.250000E-01
     1          3     1     2  0.875000E-01  0.875000E-01  0.375000E-01
     1          4     1     2  0.137500E+00  0.137500E+00  0.500000E-01
     1          5     1U    4  0.137500E+00  0.137500E+00  0.500000E-01
     1          5     2     3  0.150000E+00  0.150000E+00  0.125000E-01
     1          6     1     5  0.162500E+00  0.162500E+00  0.125000E-01
     1          7     1     6  0.175000E+00  0.175000E+00  0.125000E-01
     1          8     1U    5  0.175000E+00  0.175000E+00  0.125000E-01
     1          8     2     5  0.178125E+00  0.178125E+00  0.312500E-02
     1          9     1     4  0.181250E+00  0.181250E+00  0.312500E-02
     1         10     1     4  0.184375E+00  0.184375E+00  0.312500E-02
     1         11     1     3  0.189063E+00  0.189063E+00  0.468750E-02
     1         12     1     4  0.196094E+00  0.196094E+00  0.703125E-02
     1         13     1     3  0.206641E+00  0.206641E+00  0.105469E-01
     1         14     1     4  0.222461E+00  0.222461E+00  0.158203E-01
     1         15     1     6  0.246191E+00  0.246191E+00  0.237305E-01
     1         16     1     4  0.269922E+00  0.269922E+00  0.237305E-01
     1         17     1     3  0.293652E+00  0.293652E+00  0.237305E-01
     1         18     1     3  0.329248E+00  0.329248E+00  0.355957E-01
     1         19     1     3  0.379248E+00  0.379248E+00  0.500000E-01
     1         20     1     3  0.429248E+00  0.429248E+00  0.500000E-01
     1         21     1     3  0.479248E+00  0.479248E+00  0.500000E-01
     1         22     1     3  0.529248E+00  0.529248E+00  0.500000E-01
     1         23     1     3  0.579248E+00  0.579248E+00  0.500000E-01
     1         24     1     3  0.629248E+00  0.629248E+00  0.500000E-01
     1         25     1     3  0.679248E+00  0.679248E+00  0.500000E-01
     1         26     1     3  0.729248E+00  0.729248E+00  0.500000E-01
     1         27     1     2  0.779248E+00  0.779248E+00  0.500000E-01
     1         28     1     2  0.829248E+00  0.829248E+00  0.500000E-01
     1         29     1     2  0.879248E+00  0.879248E+00  0.500000E-01
     1         30     1     2  0.929248E+00  0.929248E+00  0.500000E-01
     1         31     1     2  0.979248E+00  0.979248E+00  0.500000E-01
     1         32     1     2  0.100000E+01  0.100000E+01  0.207520E-01
