SUMMARY OF C0NVERGENCE INFORMATION
  STEP   INC  ATT   ITER     CONT.   RESID.        CORR.      RESID.      CORR.
                              EL.    FORCE         DISP       FLUX        TEMP.
                              (#)     (%)           (%)        (%)         (%)
     1     1     1     1        0  0.2134E+04  0.1000E+03  0.0000E+00  0.0000E+00
     1     1     1     2        0  0.0000E+00  0.2023E+01  0.0000E+00  0.0000E+00
     1     2     1     1        0  0.0000E+00  0.5141E+00  0.0000E+00  0.0000E+00
     1     2     1     2        0  0.0000E+00  0.1955E-02  0.0000E+00  0.0000E+00
     1     3     1     1        0  0.2174E+02  0.8872E+00  0.0000E+00  0.0000E+00
     1     3     1     2        0  0.0000E+00  0.1401E-01  0.0000E+00  0.0000E+00
     1     4     1     1        0  0.1262E+04  0.3551E+01  0.0000E+00  0.0000E+00
     1     4     1     2        0  0.1799E+02  0.4234E+00  0.0000E+00  0.0000E+00
     1     4     1     3        0  0.0000E+00  0.2136E-01  0.0000E+00  0.0000E+00
     1     5     1     1        0  0.5154E+05  0.2745E+02  0.0000E+00  0.0000E+00
     1     5     1     2        0  0.4228E+02  0.7441E+00  0.0000E+00  0.0000E+00
     1     5     1     3        0  0.1350E+04  0.4256E+01  0.0000E+00  0.0000E+00
     1     5     1     4        0  0.0000E+00  0.1642E+00  0.0000E+00  0.0000E+00
     1     6     1     1        0  0.1945E+06  0.7682E+02  0.0000E+00  0.0000E+00
     1     6     1     2        0  0.8041E+06  0.1000E+03  0.0000E+00  0.0000E+00
     1     6     1     3        0  0.2695E+07  0.1000E+03  0.0000E+00  0.0000E+00
     1     6     1     4        0  0.4057E+07  0.1000E+03  0.0000E+00  0.0000E+00
     1     6     2     1        0  0.2839E+06  0.1000E+03  0.0000E+00  0.0000E+00
     1     6     2     2        0  0.7921E+03  0.5142E+01  0.0000E+00  0.0000E+00
     1     6     2     3        0  0.2357E+05  0.1895E+02  0.0000E+00  0.0000E+00
     1     6     2     4        0  0.7429E+03  0.3307E+01  0.0000E+00  0.0000E+00
     1     6     2     5        0  0.1300E+04  0.4373E+01  0.0000E+00  0.0000E+00
     1     6     2     6        0  0.5493E+02  0.9010E+00  0.0000E+00  0.0000E+00
     1     6     2     7        0  0.5726E+01  0.2941E+00  0.0000E+00  0.0000E+00
     1     6     2     8        0  0.0000E+00  0.7915E-02  0.0000E+00  0.0000E+00
     1     7     1     1        0  0.1485E+04  0.1781E+02  0.0000E+00  0.0000E+00
     1     7     1     2        0  0.6014E+05  0.4402E+02  0.0000E+00  0.0000E+00
     1     7     1     3        0  0.1615E+04  0.6909E+01  0.0000E+00  0.0000E+00
     1     7     1     4        0  0.5967E+04  0.1331E+02  0.0000E+00  0.0000E+00
     1     7     1     5        0  0.1771E+03  0.2288E+01  0.0000E+00  0.0000E+00
     1     7     1     6        0  0.3396E+02  0.9823E+00  0.0000E+00  0.0000E+00
     1     7     1     7        0  0.0000E+00  0.5125E-01  0.0000E+00  0.0000E+00
     1     8     1     1        0  0.1697E+03  0.1858E+02  0.0000E+00  0.0000E+00
     1     8     1     2        0  0.5850E+03  0.1406E+02  0.0000E+00  0.0000E+00
     1     8     1     3        0  0.3306E+01  0.1077E+01  0.0000E+00  0.0000E+00
     1     8     1     4        0  0.0000E+00  0.7580E-01  0.0000E+00  0.0000E+00
     1     9     1     1        0  0.8704E+03  0.5508E+02  0.0000E+00  0.0000E+00
     1     9     1     2        0  0.7895E+02  0.1669E+02  0.0000E+00  0.0000E+00
     1     9     1     3        0  0.2981E+01  0.3273E+01  0.0000E+00  0.0000E+00
     1     9     1     4        0  0.0000E+00  0.1471E+00  0.0000E+00  0.0000E+00
     1    10     1     1        0  0.1171E+05  0.1000E+03  0.0000E+00  0.0000E+00
     1    10     1     2        0  0.1411E+06  0.1000E+03  0.0000E+00  0.0000E+00
     1    10     1     3        0  0.7704E+04  0.2012E+02  0.0000E+00  0.0000E+00
     1    10     1     4        0  0.3746E+05  0.4464E+02  0.0000E+00  0.0000E+00
     1    10     1     5        0  0.2456E+04  0.1070E+02  0.0000E+00  0.0000E+00
     1    10     1     6        0  0.1562E+04  0.8705E+01  0.0000E+00  0.0000E+00
     1    10     1     7        0  0.2780E+03  0.3686E+01  0.0000E+00  0.0000E+00
     1    10     1     8        0  0.3910E+02  0.1371E+01  0.0000E+00  0.0000E+00
     1    10     1     9        0  0.0000E+00  0.1321E+00  0.0000E+00  0.0000E+00
     1    11     1     1        0  0.2249E+04  0.2094E+02  0.0000E+00  0.0000E+00
     1    11     1     2        0  0.4008E+04  0.2978E+02  0.0000E+00  0.0000E+00
     1    11     1     3        0  0.5794E+03  0.1144E+02  0.0000E+00  0.0000E+00
     1    11     1     4        0  0.6039E+02  0.3674E+01  0.0000E+00  0.0000E+00
     1    11     1     5        0  0.0000E+00  0.2889E+00  0.0000E+00  0.0000E+00
     1    12     1     1        0  0.3085E+03  0.1933E+02  0.0000E+00  0.0000E+00
     1    12     1     2        0  0.1511E+03  0.1213E+02  0.0000E+00  0.0000E+00
     1    12     1     3        0  0.1194E+01  0.9471E+00  0.0000E+00  0.0000E+00
     1    12     1     4        0  0.0000E+00  0.2798E-01  0.0000E+00  0.0000E+00
     1    13     1     1        0  0.7254E+02  0.1651E+02  0.0000E+00  0.0000E+00
     1    13     1     2        0  0.1520E+02  0.6266E+01  0.0000E+00  0.0000E+00
     1    13     1     3        0  0.0000E+00  0.1323E+00  0.0000E+00  0.0000E+00
     1    14     1     1        0  0.6655E+02  0.3586E+02  0.0000E+00  0.0000E+00
     1    14     1     2        0  0.2821E+02  0.5486E+01  0.0000E+00  0.0000E+00
     1    14     1     3        0  0.0000E+00  0.2374E+00  0.0000E+00  0.0000E+00
     1    15     1     1        0  0.9326E+02  0.1000E+03  0.0000E+00  0.0000E+00
     1    15     1     2        0  0.1337E+03  0.1700E+02  0.0000E+00  0.0000E+00
     1    15     1     3        0  0.4923E+01  0.1348E+02  0.0000E+00  0.0000E+00
     1    15     1     4        0  0.2118E+01  0.2276E+02  0.0000E+00  0.0000E+00
     1    15     1     5        0  0.6595E+01  0.3736E+02  0.0000E+00  0.0000E+00
     1    15     1     6        0  0.8824E+02  0.1000E+03  0.0000E+00  0.0000E+00
     1    15     2     1        0  0.5322E+01  0.1000E+03  0.0000E+00  0.0000E+00
     1    15     2     2        0  0.0000E+00  0.1287E+02  0.0000E+00  0.0000E+00
     1    16     1     1        0  0.1264E+01  0.2100E+02  0.0000E+00  0.0000E+00
     1    16     1     2        0  0.0000E+00  0.2310E+01  0.0000E+00  0.0000E+00
     1    17     1     1        0  0.2992E+01  0.1813E+02  0.0000E+00  0.0000E+00
     1    17     1     2        0  0.2961E+01  0.7673E+01  0.0000E+00  0.0000E+00
     1    17     1     3        0  0.0000E+00  0.4309E+00  0.0000E+00  0.0000E+00
     1    18     1     1        0  0.9086E+01  0.2294E+02  0.0000E+00  0.0000E+00
     1    18     1     2        0  0.5674E+02  0.1134E+02  0.0000E+00  0.0000E+00
     1    18     1     3        0  0.0000E+00  0.8400E+00  0.0000E+00  0.0000E+00
     1    19     1     1        0  0.2788E+02  0.2214E+02  0.0000E+00  0.0000E+00
     1    19     1     2        0  0.2332E+03  0.3357E+02  0.0000E+00  0.0000E+00
     1    19     1     3        0  0.1059E+01  0.1782E+01  0.0000E+00  0.0000E+00
     1    19     1     4        0  0.0000E+00  0.9171E+00  0.0000E+00  0.0000E+00
     1    20     1     1        0  0.7197E+02  0.1944E+02  0.0000E+00  0.0000E+00
     1    20     1     2        0  0.5649E+02  0.1965E+02  0.0000E+00  0.0000E+00
     1    20     1     3        0  0.1323E+02  0.4424E+01  0.0000E+00  0.0000E+00
     1    20     1     4        0  0.0000E+00  0.8767E+00  0.0000E+00  0.0000E+00
     1    21     1     1        0  0.6623E+02  0.1703E+02  0.0000E+00  0.0000E+00
     1    21     1     2        0  0.3809E+02  0.1929E+02  0.0000E+00  0.0000E+00
     1    21     1     3        0  0.7308E+01  0.3342E+01  0.0000E+00  0.0000E+00
     1    21     1     4        0  0.0000E+00  0.8619E+00  0.0000E+00  0.0000E+00
     1    22     1     1        0  0.4928E+02  0.1386E+02  0.0000E+00  0.0000E+00
     1    22     1     2        0  0.1170E+02  0.8728E+01  0.0000E+00  0.0000E+00
     1    22     1     3        0  0.0000E+00  0.5954E+00  0.0000E+00  0.0000E+00
     1    23     1     1        0  0.4290E+02  0.6174E+01  0.0000E+00  0.0000E+00
     1    23     1     2        0  0.7725E+01  0.4168E+01  0.0000E+00  0.0000E+00
     1    23     1     3        0  0.0000E+00  0.1079E+00  0.0000E+00  0.0000E+00
     1    24     1     1        0  0.3529E+02  0.6963E+01  0.0000E+00  0.0000E+00
     1    24     1     2        0  0.1957E+02  0.1880E+01  0.0000E+00  0.0000E+00
     1    24     1     3        0  0.0000E+00  0.2019E+00  0.0000E+00  0.0000E+00
     1    25     1     1        0  0.2623E+02  0.6210E+01  0.0000E+00  0.0000E+00
     1    25     1     2        0  0.5301E+02  0.2868E+01  0.0000E+00  0.0000E+00
     1    25     1     3        0  0.0000E+00  0.1941E+00  0.0000E+00  0.0000E+00
     1    26     1     1        0  0.1852E+02  0.4993E+01  0.0000E+00  0.0000E+00
     1    26     1     2        0  0.5355E+02  0.5471E+01  0.0000E+00  0.0000E+00
     1    26     1     3        0  0.0000E+00  0.4392E+00  0.0000E+00  0.0000E+00
     1    27     1     1        0  0.1745E+02  0.4546E+01  0.0000E+00  0.0000E+00
     1    27     1     2        0  0.1727E+02  0.1678E+02  0.0000E+00  0.0000E+00
     1    27     1     3        0  0.5012E+00  0.4258E+01  0.0000E+00  0.0000E+00
     1    27     1     4        0  0.7688E+00  0.5157E+01  0.0000E+00  0.0000E+00
     1    27     1     5        0  0.0000E+00  0.1166E+01  0.0000E+00  0.0000E+00
     1    28     1     1        0  0.3542E+02  0.1166E+02  0.0000E+00  0.0000E+00
     1    28     1     2        0  0.3106E+03  0.1000E+03  0.0000E+00  0.0000E+00
     1    28     1     3        0  0.1501E+01  0.8430E+01  0.0000E+00  0.0000E+00
     1    28     1     4        0  0.1147E+03  0.5694E+02  0.0000E+00  0.0000E+00
     1    28     1     5        0  0.2857E+01  0.1043E+02  0.0000E+00  0.0000E+00
     1    28     2     1        0  0.1432E+01  0.2301E+02  0.0000E+00  0.0000E+00
     1    28     2     2        0  0.1937E+04  0.1000E+03  0.0000E+00  0.0000E+00
     1    28     2     3        0  0.1684E+02  0.1144E+02  0.0000E+00  0.0000E+00
     1    28     2     4        0  0.2648E+03  0.3200E+02  0.0000E+00  0.0000E+00
     1    28     2     5        0  0.8439E+01  0.6945E+01  0.0000E+00  0.0000E+00
     1    28     2     6        0  0.9745E+02  0.2191E+02  0.0000E+00  0.0000E+00
     1    28     2     7        0  0.3093E+01  0.4347E+01  0.0000E+00  0.0000E+00
     1    28     2     8        0  0.3675E+02  0.1309E+02  0.0000E+00  0.0000E+00
     1    28     2     9        0  0.1589E+01  0.2992E+01  0.0000E+00  0.0000E+00
     1    28     2    10        0  0.2284E+02  0.1068E+02  0.0000E+00  0.0000E+00
     1    28     2    11        0  0.2504E+01  0.3691E+01  0.0000E+00  0.0000E+00
     1    28     3     1        0  0.3122E+00  0.5476E+02  0.0000E+00  0.0000E+00
     1    28     3     2        0  0.2610E+01  0.1000E+03  0.0000E+00  0.0000E+00
     1    28     3     3        0  0.3200E+01  0.1000E+03  0.0000E+00  0.0000E+00
     1    28     3     4        0  0.3110E+02  0.1000E+03  0.0000E+00  0.0000E+00
     1    28     4     1        0  0.0000E+00  0.9917E+02  0.0000E+00  0.0000E+00
     1    28     4     2        0  0.0000E+00  0.5261E+02  0.0000E+00  0.0000E+00
     1    29     1     1        0  0.0000E+00  0.2783E+02  0.0000E+00  0.0000E+00
     1    29     1     2        0  0.0000E+00  0.7926E+01  0.0000E+00  0.0000E+00
     1    30     1     1        0  0.8890E+00  0.9406E+02  0.0000E+00  0.0000E+00
     1    30     1     2        0  0.7552E+01  0.1000E+03  0.0000E+00  0.0000E+00
     1    30     1     3        0  0.0000E+00  0.1824E+02  0.0000E+00  0.0000E+00
     1    31     1     1        0  0.4215E+01  0.1000E+03  0.0000E+00  0.0000E+00
     1    31     1     2        0  0.2936E+01  0.8442E+02  0.0000E+00  0.0000E+00
     1    31     1     3        0  0.7549E+02  0.1000E+03  0.0000E+00  0.0000E+00
     1    31     1     4        0  0.5143E+00  0.9288E+01  0.0000E+00  0.0000E+00
     1    31     1     5        0  0.1098E+02  0.3696E+02  0.0000E+00  0.0000E+00
     1    31     1     6        0  0.6939E+00  0.9693E+01  0.0000E+00  0.0000E+00
     1    31     2     1        0  0.2220E+01  0.1000E+03  0.0000E+00  0.0000E+00
     1    31     2     2        0  0.1736E+01  0.8915E+02  0.0000E+00  0.0000E+00
     1    31     2     3        0  0.2012E+02  0.1000E+03  0.0000E+00  0.0000E+00
     1    31     2     4        0  0.2741E+00  0.1222E+02  0.0000E+00  0.0000E+00
     1    31     2     5        0  0.3032E+01  0.3828E+02  0.0000E+00  0.0000E+00
     1    31     2     6        0  0.5644E+00  0.1676E+02  0.0000E+00  0.0000E+00
     1    31     3     1        0  0.1632E+01  0.1000E+03  0.0000E+00  0.0000E+00
     1    31     3     2        0  0.1204E+01  0.8651E+02  0.0000E+00  0.0000E+00
     1    31     3     3        0  0.1266E+02  0.1000E+03  0.0000E+00  0.0000E+00
     1    31     3     4        0  0.0000E+00  0.1481E+02  0.0000E+00  0.0000E+00
     1    32     1     1        0  0.2049E+01  0.1000E+03  0.0000E+00  0.0000E+00
     1    32     1     2        0  0.6835E+00  0.5829E+02  0.0000E+00  0.0000E+00
     1    32     1     3        0  0.2240E+01  0.1000E+03  0.0000E+00  0.0000E+00
     1    32     1     4        0  0.8537E+03  0.1000E+03  0.0000E+00  0.0000E+00
     1    32     2     1        0  0.1992E+01  0.1000E+03  0.0000E+00  0.0000E+00
     1    32     2     2        0  0.5311E+00  0.5217E+02  0.0000E+00  0.0000E+00
     1    32     2     3        0  0.9767E+01  0.1000E+03  0.0000E+00  0.0000E+00
     1    32     2     4        0  0.1086E+02  0.1000E+03  0.0000E+00  0.0000E+00
     1    32     3     1        0  0.1952E+01  0.1000E+03  0.0000E+00  0.0000E+00
     1    32     3     2        0  0.5231E+00  0.5232E+02  0.0000E+00  0.0000E+00
     1    32     3     3        0  0.2269E+02  0.1000E+03  0.0000E+00  0.0000E+00
     1    32     3     4        0  0.4019E+01  0.4350E+02  0.0000E+00  0.0000E+00
     1    32     4     1        0  0.1939E+01  0.1000E+03  0.0000E+00  0.0000E+00
     1    32     4     2        0  0.5234E+00  0.5250E+02  0.0000E+00  0.0000E+00
     1    32     4     3        0  0.3033E+02  0.1000E+03  0.0000E+00  0.0000E+00
     1    32     4     4        0  0.3268E+01  0.3426E+02  0.0000E+00  0.0000E+00
