SUMMARY OF JOB INFORMATION
  STEP      INC     ATT  ITRS     TOT TIME     STEP TIME      INC TIME
     1          1     1     2  0.250000E-01  0.250000E-01  0.250000E-01
     1          2     1     2  0.500000E-01  0.500000E-01  0.250000E-01
     1          3     1     2  0.875000E-01  0.875000E-01  0.375000E-01
     1          4     1     3  0.137500E+00  0.137500E+00  0.500000E-01
     1          5     1     4  0.187500E+00  0.187500E+00  0.500000E-01
     1          6     1U    4  0.187500E+00  0.187500E+00  0.500000E-01
     1          6     2     8  0.200000E+00  0.200000E+00  0.125000E-01
     1          7     1     7  0.212500E+00  0.212500E+00  0.125000E-01
     1          8     1     4  0.225000E+00  0.225000E+00  0.125000E-01
     1          9     1     4  0.237500E+00  0.237500E+00  0.125000E-01
     1         10     1     9  0.256250E+00  0.256250E+00  0.187500E-01
     1         11     1     5  0.275000E+00  0.275000E+00  0.187500E-01
     1         12     1     4  0.293750E+00  0.293750E+00  0.187500E-01
     1         13     1     3  0.312500E+00  0.312500E+00  0.187500E-01
     1         14     1     3  0.340625E+00  0.340625E+00  0.281250E-01
     1         15     1U    6  0.340625E+00  0.340625E+00  0.421875E-01
     1         15     2     2  0.351172E+00  0.351172E+00  0.105469E-01
     1         16     1     2  0.361719E+00  0.361719E+00  0.105469E-01
     1         17     1     3  0.377539E+00  0.377539E+00  0.158203E-01
     1         18     1     3  0.401270E+00  0.401270E+00  0.237305E-01
     1         19     1     4  0.436865E+00  0.436865E+00  0.355957E-01
     1         20     1     4  0.486865E+00  0.486865E+00  0.500000E-01
     1         21     1     4  0.536865E+00  0.536865E+00  0.500000E-01
     1         22     1     3  0.586865E+00  0.586865E+00  0.500000E-01
     1         23     1     3  0.636865E+00  0.636865E+00  0.500000E-01
     1         24     1     3  0.686865E+00  0.686865E+00  0.500000E-01
     1         25     1     3  0.736865E+00  0.736865E+00  0.500000E-01
     1         26     1     3  0.786865E+00  0.786865E+00  0.500000E-01
     1         27     1     5  0.836865E+00  0.836865E+00  0.500000E-01
     1         28     1U    5  0.836865E+00  0.836865E+00  0.500000E-01
     1         28     2U   11  0.836865E+00  0.836865E+00  0.125000E-01
     1         28     3U    4  0.836865E+00  0.836865E+00  0.312500E-02
     1         28     4     2  0.837646E+00  0.837646E+00  0.781250E-03
     1         29     1     2  0.838428E+00  0.838428E+00  0.781250E-03
     1         30     1     3  0.839600E+00  0.839600E+00  0.117188E-02
     1         31     1U    6  0.839600E+00  0.839600E+00  0.175781E-02
     1         31     2U    6  0.839600E+00  0.839600E+00  0.439453E-03
     1         31     3     4  0.839709E+00  0.839709E+00  0.109863E-03
     1         32     1U    4  0.839709E+00  0.839709E+00  0.109863E-03
     1         32     2U    4  0.839709E+00  0.839709E+00  0.274658E-04
     1         32     3U    4  0.839709E+00  0.839709E+00  0.686646E-05
     1         32     4U    4  0.839709E+00  0.839709E+00  0.171661E-05
