SUMMARY OF JOB INFORMATION
  STEP      INC     ATT  ITRS     TOT TIME     STEP TIME      INC TIME
     1          1     1     3  0.250000E-01  0.250000E-01  0.250000E-01
     1          2     1     2  0.500000E-01  0.500000E-01  0.250000E-01
     1          3     1     2  0.875000E-01  0.875000E-01  0.375000E-01
     1          4     1     4  0.137500E+00  0.137500E+00  0.500000E-01
     1          5     1     7  0.187500E+00  0.187500E+00  0.500000E-01
     1          6     1     9  0.237500E+00  0.237500E+00  0.500000E-01
     1          7     1U    4  0.237500E+00  0.237500E+00  0.500000E-01
     1          7     2     4  0.250000E+00  0.250000E+00  0.125000E-01
     1          8     1     3  0.262500E+00  0.262500E+00  0.125000E-01
     1          9     1     3  0.281250E+00  0.281250E+00  0.187500E-01
     1         10     1     5  0.309375E+00  0.309375E+00  0.281250E-01
     1         11     1     5  0.337500E+00  0.337500E+00  0.281250E-01
     1         12     1     4  0.365625E+00  0.365625E+00  0.281250E-01
     1         13     1U    4  0.365625E+00  0.365625E+00  0.281250E-01
     1         13     2     5  0.372656E+00  0.372656E+00  0.703125E-02
     1         14     1    11  0.379688E+00  0.379688E+00  0.703125E-02
     1         15     1U    5  0.379688E+00  0.379688E+00  0.703125E-02
     1         15     2U    4  0.379688E+00  0.379688E+00  0.175781E-02
     1         15     3U    4  0.379688E+00  0.379688E+00  0.439453E-03
     1         15     4U    8  0.379688E+00  0.379688E+00  0.109863E-03
     1         15     5     4  0.379715E+00  0.379715E+00  0.274658E-04
     1         16     1U    5  0.379715E+00  0.379715E+00  0.274658E-04
