SUMMARY OF C0NVERGENCE INFORMATION
  STEP   INC  ATT   ITER     CONT.   RESID.        CORR.      RESID.      CORR.
                              EL.    FORCE         DISP       FLUX        TEMP.
                              (#)     (%)           (%)        (%)         (%)
     1     1     1     1        0  0.1227E+04  0.1000E+03  0.0000E+00  0.0000E+00
     1     1     1     2        0  0.0000E+00  0.2035E+01  0.0000E+00  0.0000E+00
     1     2     1     1        0  0.0000E+00  0.4685E+00  0.0000E+00  0.0000E+00
     1     2     1     2        0  0.0000E+00  0.1207E-02  0.0000E+00  0.0000E+00
     1     3     1     1        0  0.7243E+01  0.8247E+00  0.0000E+00  0.0000E+00
     1     3     1     2        0  0.0000E+00  0.9301E-02  0.0000E+00  0.0000E+00
     1     4     1     1        0  0.4471E+03  0.2070E+01  0.0000E+00  0.0000E+00
     1     4     1     2        0  0.1044E+02  0.3145E+00  0.0000E+00  0.0000E+00
     1     4     1     3        0  0.0000E+00  0.5518E-02  0.0000E+00  0.0000E+00
     1     5     1     1        0  0.1214E+05  0.1258E+02  0.0000E+00  0.0000E+00
     1     5     1     2        0  0.2863E+05  0.1965E+02  0.0000E+00  0.0000E+00
     1     5     1     3        0  0.2124E+05  0.1682E+02  0.0000E+00  0.0000E+00
     1     5     1     4        0  0.5211E+05  0.2868E+02  0.0000E+00  0.0000E+00
     1     5     1     5        0  0.1046E+05  0.1176E+02  0.0000E+00  0.0000E+00
     1     5     1     6        0  0.9138E+05  0.3766E+02  0.0000E+00  0.0000E+00
     1     5     1     7        0  0.2673E+03  0.1879E+01  0.0000E+00  0.0000E+00
     1     5     1     8        0  0.1323E+04  0.4212E+01  0.0000E+00  0.0000E+00
     1     5     1     9        0  0.4318E+01  0.2408E+00  0.0000E+00  0.0000E+00
     1     5     1    10        0  0.0000E+00  0.2057E-01  0.0000E+00  0.0000E+00
     1     6     1     1        0  0.8636E+04  0.3371E+02  0.0000E+00  0.0000E+00
     1     6     1     2        0  0.8221E+05  0.4866E+02  0.0000E+00  0.0000E+00
     1     6     1     3        0  0.4752E+05  0.3805E+02  0.0000E+00  0.0000E+00
     1     6     1     4        0  0.3787E+05  0.5181E+02  0.0000E+00  0.0000E+00
     1     6     1     5        0  0.9830E+05  0.4851E+02  0.0000E+00  0.0000E+00
     1     6     1     6        0  0.2349E+05  0.2186E+02  0.0000E+00  0.0000E+00
     1     6     1     7        0  0.2684E+06  0.8728E+02  0.0000E+00  0.0000E+00
     1     6     1     8        0  0.1663E+04  0.9038E+01  0.0000E+00  0.0000E+00
     1     6     1     9        0  0.3596E+05  0.2955E+02  0.0000E+00  0.0000E+00
     1     6     1    10        0  0.3036E+03  0.2657E+01  0.0000E+00  0.0000E+00
     1     6     1    11        0  0.1859E+03  0.2092E+01  0.0000E+00  0.0000E+00
     1     6     2     1        0  0.1528E+05  0.3269E+02  0.0000E+00  0.0000E+00
     1     6     2     2        0  0.3388E+06  0.1000E+03  0.0000E+00  0.0000E+00
     1     6     2     3        0  0.4666E+04  0.6285E+01  0.0000E+00  0.0000E+00
     1     6     2     4        0  0.1492E+06  0.3136E+02  0.0000E+00  0.0000E+00
     1     6     2     5        0  0.4349E+04  0.4578E+01  0.0000E+00  0.0000E+00
     1     6     2     6        0  0.2984E+05  0.1238E+02  0.0000E+00  0.0000E+00
     1     6     2     7        0  0.8514E+03  0.2046E+01  0.0000E+00  0.0000E+00
     1     6     2     8        0  0.3855E+03  0.1373E+01  0.0000E+00  0.0000E+00
     1     6     3     1        0  0.5852E+06  0.1000E+03  0.0000E+00  0.0000E+00
     1     6     3     2        0  0.1305E+07  0.1000E+03  0.0000E+00  0.0000E+00
     1     6     3     3        0  0.4025E+07  0.1000E+03  0.0000E+00  0.0000E+00
     1     6     3     4        0  0.1685E+08  0.1000E+03  0.0000E+00  0.0000E+00
     1     6     4     1        0  0.2477E+03  0.3171E+02  0.0000E+00  0.0000E+00
     1     6     4     2        0  0.2738E+03  0.3355E+02  0.0000E+00  0.0000E+00
     1     6     4     3        0  0.0000E+00  0.9015E+00  0.0000E+00  0.0000E+00
     1     7     1     1        0  0.1400E+02  0.6401E+01  0.0000E+00  0.0000E+00
     1     7     1     2        0  0.0000E+00  0.2414E+01  0.0000E+00  0.0000E+00
     1     8     1     1        0  0.2358E+02  0.6379E+01  0.0000E+00  0.0000E+00
     1     8     1     2        0  0.5599E+01  0.3108E+01  0.0000E+00  0.0000E+00
     1     8     1     3        0  0.0000E+00  0.1686E-01  0.0000E+00  0.0000E+00
     1     9     1     1        0  0.4732E+02  0.6946E+01  0.0000E+00  0.0000E+00
     1     9     1     2        0  0.2358E+02  0.4899E+01  0.0000E+00  0.0000E+00
     1     9     1     3        0  0.0000E+00  0.4948E-01  0.0000E+00  0.0000E+00
     1    10     1     1        0  0.8249E+02  0.8666E+01  0.0000E+00  0.0000E+00
     1    10     1     2        0  0.7386E+02  0.6243E+01  0.0000E+00  0.0000E+00
     1    10     1     3        0  0.0000E+00  0.1006E+00  0.0000E+00  0.0000E+00
     1    11     1     1        0  0.4253E+04  0.9749E+02  0.0000E+00  0.0000E+00
     1    11     1     2        0  0.2730E+03  0.2295E+02  0.0000E+00  0.0000E+00
     1    11     1     3        0  0.2438E+03  0.2317E+02  0.0000E+00  0.0000E+00
     1    11     1     4        0  0.2240E+02  0.7018E+01  0.0000E+00  0.0000E+00
     1    11     1     5        0  0.0000E+00  0.1297E+01  0.0000E+00  0.0000E+00
     1    12     1     1        0  0.2480E+05  0.1000E+03  0.0000E+00  0.0000E+00
     1    12     1     2        0  0.8786E+03  0.1844E+02  0.0000E+00  0.0000E+00
     1    12     1     3        0  0.7041E+03  0.1655E+02  0.0000E+00  0.0000E+00
     1    12     1     4        0  0.9812E+03  0.2007E+02  0.0000E+00  0.0000E+00
     1    12     1     5        0  0.1404E+02  0.2432E+01  0.0000E+00  0.0000E+00
     1    12     1     6        0  0.1143E+02  0.2173E+01  0.0000E+00  0.0000E+00
     1    12     1     7        0  0.0000E+00  0.7764E-01  0.0000E+00  0.0000E+00
     1    13     1     1        0  0.9244E+05  0.1000E+03  0.0000E+00  0.0000E+00
     1    13     1     2        0  0.9037E+04  0.1202E+02  0.0000E+00  0.0000E+00
     1    13     1     3        0  0.6972E+05  0.2903E+02  0.0000E+00  0.0000E+00
     1    13     1     4        0  0.1840E+04  0.9360E+01  0.0000E+00  0.0000E+00
     1    13     1     5        0  0.5418E+06  0.1000E+03  0.0000E+00  0.0000E+00
     1    13     1     6        0  0.3086E+04  0.4080E+01  0.0000E+00  0.0000E+00
     1    13     2     1        0  0.6877E+04  0.1000E+03  0.0000E+00  0.0000E+00
     1    13     2     2        0  0.1351E+03  0.1412E+02  0.0000E+00  0.0000E+00
     1    13     2     3        0  0.5231E+03  0.2789E+02  0.0000E+00  0.0000E+00
     1    13     2     4        0  0.1536E+02  0.4769E+01  0.0000E+00  0.0000E+00
     1    13     2     5        0  0.0000E+00  0.6697E+00  0.0000E+00  0.0000E+00
     1    14     1     1        0  0.5374E+03  0.1940E+02  0.0000E+00  0.0000E+00
     1    14     1     2        0  0.1345E+04  0.3185E+02  0.0000E+00  0.0000E+00
     1    14     1     3        0  0.2007E+03  0.1230E+02  0.0000E+00  0.0000E+00
     1    14     1     4        0  0.1782E+02  0.3651E+01  0.0000E+00  0.0000E+00
     1    14     1     5        0  0.0000E+00  0.2291E+00  0.0000E+00  0.0000E+00
     1    15     1     1        0  0.6494E+02  0.2207E+02  0.0000E+00  0.0000E+00
     1    15     1     2        0  0.7391E+01  0.7478E+01  0.0000E+00  0.0000E+00
     1    15     1     3        0  0.0000E+00  0.2225E+00  0.0000E+00  0.0000E+00
     1    16     1     1        0  0.1652E+02  0.1647E+02  0.0000E+00  0.0000E+00
     1    16     1     2        0  0.0000E+00  0.2388E+01  0.0000E+00  0.0000E+00
     1    17     1     1        0  0.1705E+02  0.1426E+02  0.0000E+00  0.0000E+00
     1    17     1     2        0  0.0000E+00  0.1963E+01  0.0000E+00  0.0000E+00
     1    18     1     1        0  0.2606E+02  0.1642E+02  0.0000E+00  0.0000E+00
     1    18     1     2        0  0.0000E+00  0.3257E+01  0.0000E+00  0.0000E+00
     1    19     1     1        0  0.3799E+02  0.1692E+02  0.0000E+00  0.0000E+00
     1    19     1     2        0  0.3753E+01  0.1614E+02  0.0000E+00  0.0000E+00
     1    19     1     3        0  0.0000E+00  0.1306E+00  0.0000E+00  0.0000E+00
     1    20     1     1        0  0.3441E+04  0.3240E+02  0.0000E+00  0.0000E+00
     1    20     1     2        0  0.7347E+04  0.4758E+02  0.0000E+00  0.0000E+00
     1    20     1     3        0  0.9219E+05  0.1000E+03  0.0000E+00  0.0000E+00
     1    20     1     4        0  0.5759E+03  0.8719E+01  0.0000E+00  0.0000E+00
     1    20     1     5        0  0.1618E+07  0.1000E+03  0.0000E+00  0.0000E+00
     1    20     1     6        0  0.1468E+08  0.1000E+03  0.0000E+00  0.0000E+00
     1    20     2     1        0  0.1868E+01  0.1096E+02  0.0000E+00  0.0000E+00
     1    20     2     2        0  0.0000E+00  0.3864E+01  0.0000E+00  0.0000E+00
     1    21     1     1        0  0.0000E+00  0.4457E+01  0.0000E+00  0.0000E+00
     1    21     1     2        0  0.0000E+00  0.6563E+00  0.0000E+00  0.0000E+00
     1    22     1     1        0  0.1073E+01  0.5000E+01  0.0000E+00  0.0000E+00
     1    22     1     2        0  0.0000E+00  0.2078E+01  0.0000E+00  0.0000E+00
     1    23     1     1        0  0.3978E+01  0.7180E+01  0.0000E+00  0.0000E+00
     1    23     1     2        0  0.0000E+00  0.4741E+01  0.0000E+00  0.0000E+00
     1    24     1     1        0  0.2133E+02  0.8462E+01  0.0000E+00  0.0000E+00
     1    24     1     2        0  0.2262E+01  0.7264E+01  0.0000E+00  0.0000E+00
     1    24     1     3        0  0.0000E+00  0.1780E+00  0.0000E+00  0.0000E+00
     1    25     1     1        0  0.1121E+05  0.5597E+02  0.0000E+00  0.0000E+00
     1    25     1     2        0  0.7352E+05  0.1000E+03  0.0000E+00  0.0000E+00
     1    25     1     3        0  0.4965E+04  0.2562E+02  0.0000E+00  0.0000E+00
     1    25     1     4        0  0.3558E+06  0.1000E+03  0.0000E+00  0.0000E+00
     1    25     1     5        0  0.1096E+04  0.1117E+02  0.0000E+00  0.0000E+00
     1    25     1     6        0  0.1158E+06  0.5574E+02  0.0000E+00  0.0000E+00
     1    25     1     7        0  0.1366E+04  0.1055E+02  0.0000E+00  0.0000E+00
     1    25     2     1        0  0.1442E+01  0.7997E+01  0.0000E+00  0.0000E+00
     1    25     2     2        0  0.0000E+00  0.1727E+01  0.0000E+00  0.0000E+00
     1    26     1     1        0  0.0000E+00  0.4834E+01  0.0000E+00  0.0000E+00
     1    26     1     2        0  0.0000E+00  0.3507E+00  0.0000E+00  0.0000E+00
     1    27     1     1        0  0.1157E+01  0.7915E+01  0.0000E+00  0.0000E+00
     1    27     1     2        0  0.0000E+00  0.5432E+00  0.0000E+00  0.0000E+00
     1    28     1     1        0  0.4269E+01  0.1699E+02  0.0000E+00  0.0000E+00
     1    28     1     2        0  0.0000E+00  0.1070E+01  0.0000E+00  0.0000E+00
     1    29     1     1        0  0.1352E+02  0.3740E+02  0.0000E+00  0.0000E+00
     1    29     1     2        0  0.1294E+01  0.3274E+01  0.0000E+00  0.0000E+00
     1    29     1     3        0  0.0000E+00  0.4677E-01  0.0000E+00  0.0000E+00
     1    30     1     1        0  0.3947E+02  0.1997E+02  0.0000E+00  0.0000E+00
     1    30     1     2        0  0.5598E+02  0.3358E+01  0.0000E+00  0.0000E+00
     1    30     1     3        0  0.0000E+00  0.5721E-01  0.0000E+00  0.0000E+00
     1    31     1     1        0  0.8941E+02  0.2097E+02  0.0000E+00  0.0000E+00
     1    31     1     2        0  0.5422E+02  0.2932E+01  0.0000E+00  0.0000E+00
     1    31     1     3        0  0.0000E+00  0.5056E-01  0.0000E+00  0.0000E+00
     1    32     1     1        0  0.9452E+02  0.1946E+02  0.0000E+00  0.0000E+00
     1    32     1     2        0  0.5029E+02  0.2199E+01  0.0000E+00  0.0000E+00
     1    32     1     3        0  0.0000E+00  0.2739E-01  0.0000E+00  0.0000E+00
     1    33     1     1        0  0.6882E+02  0.1179E+02  0.0000E+00  0.0000E+00
     1    33     1     2        0  0.2234E+02  0.1584E+01  0.0000E+00  0.0000E+00
     1    33     1     3        0  0.0000E+00  0.1898E-01  0.0000E+00  0.0000E+00
     1    34     1     1        0  0.4813E+02  0.7723E+01  0.0000E+00  0.0000E+00
     1    34     1     2        0  0.1258E+02  0.1120E+01  0.0000E+00  0.0000E+00
     1    34     1     3        0  0.0000E+00  0.1803E-01  0.0000E+00  0.0000E+00
     1    35     1     1        0  0.5339E+02  0.6139E+01  0.0000E+00  0.0000E+00
     1    35     1     2        0  0.9799E+01  0.1141E+01  0.0000E+00  0.0000E+00
     1    35     1     3        0  0.0000E+00  0.1610E-01  0.0000E+00  0.0000E+00
     1    36     1     1        0  0.7719E+02  0.5220E+01  0.0000E+00  0.0000E+00
     1    36     1     2        0  0.2425E+02  0.1654E+01  0.0000E+00  0.0000E+00
     1    36     1     3        0  0.0000E+00  0.1609E-01  0.0000E+00  0.0000E+00
     1    37     1     1        0  0.1699E+03  0.5443E+01  0.0000E+00  0.0000E+00
     1    37     1     2        0  0.1003E+03  0.3432E+01  0.0000E+00  0.0000E+00
     1    37     1     3        0  0.0000E+00  0.4026E-01  0.0000E+00  0.0000E+00
     1    38     1     1        0  0.4712E+03  0.9302E+01  0.0000E+00  0.0000E+00
     1    38     1     2        0  0.5146E+03  0.7945E+01  0.0000E+00  0.0000E+00
     1    38     1     3        0  0.5196E+00  0.2675E+00  0.0000E+00  0.0000E+00
     1    38     1     4        0  0.0000E+00  0.2663E-01  0.0000E+00  0.0000E+00
     1    39     1     1        0  0.7051E+03  0.1071E+02  0.0000E+00  0.0000E+00
     1    39     1     2        0  0.1700E+04  0.1379E+02  0.0000E+00  0.0000E+00
     1    39     1     3        0  0.2392E+01  0.5877E+00  0.0000E+00  0.0000E+00
     1    39     1     4        0  0.0000E+00  0.1742E+00  0.0000E+00  0.0000E+00
     1    40     1     1        0  0.4055E+03  0.8200E+01  0.0000E+00  0.0000E+00
     1    40     1     2        0  0.5160E+04  0.2935E+02  0.0000E+00  0.0000E+00
     1    40     1     3        0  0.4912E+02  0.2762E+01  0.0000E+00  0.0000E+00
     1    40     1     4        0  0.9409E+02  0.4170E+01  0.0000E+00  0.0000E+00
     1    40     1     5        0  0.0000E+00  0.4259E-01  0.0000E+00  0.0000E+00
     1    41     1     1        0  0.1732E+03  0.8416E+01  0.0000E+00  0.0000E+00
     1    41     1     2        0  0.1556E+05  0.5520E+02  0.0000E+00  0.0000E+00
     1    41     1     3        0  0.3471E+02  0.2865E+01  0.0000E+00  0.0000E+00
     1    41     1     4        0  0.1073E+03  0.4585E+01  0.0000E+00  0.0000E+00
     1    41     1     5        0  0.0000E+00  0.1186E+00  0.0000E+00  0.0000E+00
     1    42     1     1        0  0.8939E+02  0.7725E+01  0.0000E+00  0.0000E+00
     1    42     1     2        0  0.1834E+04  0.3367E+02  0.0000E+00  0.0000E+00
     1    42     1     3        0  0.4597E+02  0.5878E+01  0.0000E+00  0.0000E+00
     1    42     1     4        0  0.1930E+02  0.3416E+01  0.0000E+00  0.0000E+00
     1    42     1     5        0  0.0000E+00  0.6870E-01  0.0000E+00  0.0000E+00
