SUMMARY OF JOB INFORMATION
  STEP      INC     ATT  ITRS     TOT TIME     STEP TIME      INC TIME
     1          1     1     2  0.250000E-01  0.250000E-01  0.250000E-01
     1          2     1     2  0.500000E-01  0.500000E-01  0.250000E-01
     1          3     1     2  0.875000E-01  0.875000E-01  0.375000E-01
     1          4     1     3  0.137500E+00  0.137500E+00  0.500000E-01
     1          5     1U    4  0.137500E+00  0.137500E+00  0.500000E-01
     1          5     2     2  0.150000E+00  0.150000E+00  0.125000E-01
     1          6     1     5  0.162500E+00  0.162500E+00  0.125000E-01
     1          7     1     9  0.175000E+00  0.175000E+00  0.125000E-01
     1          8     1     5  0.187500E+00  0.187500E+00  0.125000E-01
     1          9     1     5  0.200000E+00  0.200000E+00  0.125000E-01
     1         10     1     4  0.212500E+00  0.212500E+00  0.125000E-01
     1         11     1     3  0.225000E+00  0.225000E+00  0.125000E-01
     1         12     1     5  0.243750E+00  0.243750E+00  0.187500E-01
     1         13     1     4  0.262500E+00  0.262500E+00  0.187500E-01
     1         14     1     8  0.281250E+00  0.281250E+00  0.187500E-01
     1         15     1U    9  0.281250E+00  0.281250E+00  0.187500E-01
     1         15     2     7  0.285938E+00  0.285938E+00  0.468750E-02
     1         16     1     7  0.290625E+00  0.290625E+00  0.468750E-02
     1         17     1     2  0.295313E+00  0.295313E+00  0.468750E-02
     1         18     1     2  0.300000E+00  0.300000E+00  0.468750E-02
     1         19     1     2  0.307031E+00  0.307031E+00  0.703125E-02
     1         20     1     2  0.317578E+00  0.317578E+00  0.105469E-01
     1         21     1     2  0.333398E+00  0.333398E+00  0.158203E-01
     1         22     1     3  0.357129E+00  0.357129E+00  0.237305E-01
     1         23     1     3  0.392725E+00  0.392725E+00  0.355957E-01
     1         24     1     3  0.442725E+00  0.442725E+00  0.500000E-01
     1         25     1     3  0.492725E+00  0.492725E+00  0.500000E-01
     1         26     1     3  0.542725E+00  0.542725E+00  0.500000E-01
     1         27     1     3  0.592725E+00  0.592725E+00  0.500000E-01
     1         28     1     3  0.642725E+00  0.642725E+00  0.500000E-01
     1         29     1     3  0.692725E+00  0.692725E+00  0.500000E-01
     1         30     1     2  0.742725E+00  0.742725E+00  0.500000E-01
     1         31     1     2  0.792725E+00  0.792725E+00  0.500000E-01
     1         32     1     2  0.842725E+00  0.842725E+00  0.500000E-01
     1         33     1     2  0.892725E+00  0.892725E+00  0.500000E-01
     1         34     1     2  0.942725E+00  0.942725E+00  0.500000E-01
     1         35     1     2  0.992725E+00  0.992725E+00  0.500000E-01
     1         36     1     2  0.100000E+01  0.100000E+01  0.727539E-02
