SUMMARY OF JOB INFORMATION
  STEP      INC     ATT  ITRS     TOT TIME     STEP TIME      INC TIME
     1          1     1     2  0.250000E-01  0.250000E-01  0.250000E-01
     1          2     1     2  0.500000E-01  0.500000E-01  0.250000E-01
     1          3     1     2  0.875000E-01  0.875000E-01  0.375000E-01
     1          4     1     3  0.137500E+00  0.137500E+00  0.500000E-01
     1          5     1    10  0.187500E+00  0.187500E+00  0.500000E-01
     1          6     1U   11  0.187500E+00  0.187500E+00  0.500000E-01
     1          6     2U    8  0.187500E+00  0.187500E+00  0.250000E-01
     1          6     3U    4  0.187500E+00  0.187500E+00  0.125000E-01
     1          6     4     3  0.190625E+00  0.190625E+00  0.312500E-02
     1          7     1     2  0.193750E+00  0.193750E+00  0.312500E-02
     1          8     1     3  0.198437E+00  0.198437E+00  0.468750E-02
     1          9     1     3  0.205469E+00  0.205469E+00  0.703125E-02
     1         10     1     3  0.216016E+00  0.216016E+00  0.105469E-01
     1         11     1     5  0.231836E+00  0.231836E+00  0.158203E-01
     1         12     1     7  0.247656E+00  0.247656E+00  0.158203E-01
     1         13     1U    6  0.247656E+00  0.247656E+00  0.158203E-01
     1         13     2     5  0.251611E+00  0.251611E+00  0.395508E-02
     1         14     1     5  0.255566E+00  0.255566E+00  0.395508E-02
     1         15     1     3  0.259521E+00  0.259521E+00  0.395508E-02
     1         16     1     2  0.263477E+00  0.263477E+00  0.395508E-02
     1         17     1     2  0.269409E+00  0.269409E+00  0.593262E-02
     1         18     1     2  0.278308E+00  0.278308E+00  0.889893E-02
     1         19     1     3  0.291656E+00  0.291656E+00  0.133484E-01
     1         20     1U    6  0.291656E+00  0.291656E+00  0.200226E-01
     1         20     2     2  0.296662E+00  0.296662E+00  0.500565E-02
     1         21     1     2  0.301668E+00  0.301668E+00  0.500565E-02
     1         22     1     2  0.309176E+00  0.309176E+00  0.750847E-02
     1         23     1     2  0.320439E+00  0.320439E+00  0.112627E-01
     1         24     1     3  0.337333E+00  0.337333E+00  0.168941E-01
     1         25     1U    7  0.337333E+00  0.337333E+00  0.253411E-01
     1         25     2     2  0.343668E+00  0.343668E+00  0.633527E-02
     1         26     1     2  0.350004E+00  0.350004E+00  0.633527E-02
     1         27     1     2  0.359506E+00  0.359506E+00  0.950291E-02
     1         28     1     2  0.373761E+00  0.373761E+00  0.142544E-01
     1         29     1     3  0.395142E+00  0.395142E+00  0.213815E-01
     1         30     1     3  0.427215E+00  0.427215E+00  0.320723E-01
     1         31     1     3  0.475323E+00  0.475323E+00  0.481085E-01
     1         32     1     3  0.525323E+00  0.525323E+00  0.500000E-01
     1         33     1     3  0.575323E+00  0.575323E+00  0.500000E-01
     1         34     1     3  0.625323E+00  0.625323E+00  0.500000E-01
     1         35     1     3  0.675323E+00  0.675323E+00  0.500000E-01
     1         36     1     3  0.725323E+00  0.725323E+00  0.500000E-01
     1         37     1     3  0.775323E+00  0.775323E+00  0.500000E-01
     1         38     1     4  0.825323E+00  0.825323E+00  0.500000E-01
     1         39     1     4  0.875323E+00  0.875323E+00  0.500000E-01
     1         40     1     5  0.925323E+00  0.925323E+00  0.500000E-01
     1         41     1     5  0.975323E+00  0.975323E+00  0.500000E-01
     1         42     1     5  0.100000E+01  0.100000E+01  0.246769E-01
