SUMMARY OF C0NVERGENCE INFORMATION
  STEP   INC  ATT   ITER     CONT.   RESID.        CORR.      RESID.      CORR.
                              EL.    FORCE         DISP       FLUX        TEMP.
                              (#)     (%)           (%)        (%)         (%)
     1     1     1     1        0  0.4812E+04  0.1000E+03  0.0000E+00  0.0000E+00
     1     1     1     2        0  0.4301E+02  0.2058E+01  0.0000E+00  0.0000E+00
     1     1     1     3        0  0.0000E+00  0.2568E-02  0.0000E+00  0.0000E+00
     1     2     1     1        0  0.2667E+03  0.1628E+01  0.0000E+00  0.0000E+00
     1     2     1     2        0  0.0000E+00  0.2152E-01  0.0000E+00  0.0000E+00
     1     3     1     1        0  0.1287E+06  0.1000E+03  0.0000E+00  0.0000E+00
     1     3     1     2        0  0.9330E+04  0.1090E+02  0.0000E+00  0.0000E+00
     1     3     1     3        0  0.1136E+06  0.3114E+02  0.0000E+00  0.0000E+00
     1     3     1     4        0  0.7680E+04  0.1005E+02  0.0000E+00  0.0000E+00
     1     3     1     5        0  0.9010E+05  0.1974E+02  0.0000E+00  0.0000E+00
     1     3     1     6        0  0.4397E+04  0.2886E+01  0.0000E+00  0.0000E+00
     1     3     1     7        0  0.6395E+05  0.1256E+02  0.0000E+00  0.0000E+00
     1     3     1     8        0  0.2291E+04  0.1872E+01  0.0000E+00  0.0000E+00
     1     3     1     9        0  0.4123E+05  0.8505E+01  0.0000E+00  0.0000E+00
     1     3     1    10        0  0.1152E+04  0.1265E+01  0.0000E+00  0.0000E+00
     1     3     1    11        0  0.3896E+05  0.7903E+01  0.0000E+00  0.0000E+00
     1     3     1    12        0  0.4906E+03  0.7867E+00  0.0000E+00  0.0000E+00
     1     3     1    13        0  0.9674E+05  0.2866E+02  0.0000E+00  0.0000E+00
     1     3     1    14        0  0.2480E+03  0.1443E+01  0.0000E+00  0.0000E+00
     1     3     1    15        0  0.2729E+05  0.6376E+01  0.0000E+00  0.0000E+00
     1     3     1    16        0  0.4721E+03  0.7822E+00  0.0000E+00  0.0000E+00
     1     3     2     1        0  0.8441E+02  0.2688E+01  0.0000E+00  0.0000E+00
     1     3     2     2        0  0.0000E+00  0.1266E-01  0.0000E+00  0.0000E+00
     1     4     1     1        0  0.1607E+03  0.3988E+01  0.0000E+00  0.0000E+00
     1     4     1     2        0  0.0000E+00  0.8934E-01  0.0000E+00  0.0000E+00
     1     5     1     1        0  0.1109E+05  0.2438E+02  0.0000E+00  0.0000E+00
     1     5     1     2        0  0.1058E+03  0.2338E+01  0.0000E+00  0.0000E+00
     1     5     1     3        0  0.3228E+03  0.4156E+01  0.0000E+00  0.0000E+00
     1     5     1     4        0  0.0000E+00  0.7518E-01  0.0000E+00  0.0000E+00
     1     6     1     1        0  0.3953E+04  0.3059E+02  0.0000E+00  0.0000E+00
     1     6     1     2        0  0.2058E+06  0.1000E+03  0.0000E+00  0.0000E+00
     1     6     1     3        0  0.2532E+04  0.3121E+02  0.0000E+00  0.0000E+00
     1     6     1     4        0  0.9748E+05  0.3608E+02  0.0000E+00  0.0000E+00
     1     6     1     5        0  0.2941E+04  0.9520E+01  0.0000E+00  0.0000E+00
     1     6     2     1        0  0.1481E+04  0.2502E+02  0.0000E+00  0.0000E+00
     1     6     2     2        0  0.6857E+04  0.5432E+02  0.0000E+00  0.0000E+00
     1     6     2     3        0  0.0000E+00  0.9003E+00  0.0000E+00  0.0000E+00
     1     7     1     1        0  0.0000E+00  0.5932E+01  0.0000E+00  0.0000E+00
     1     7     1     2        0  0.0000E+00  0.1760E+01  0.0000E+00  0.0000E+00
     1     8     1     1        0  0.3351E+03  0.2226E+02  0.0000E+00  0.0000E+00
     1     8     1     2        0  0.1473E+04  0.1647E+02  0.0000E+00  0.0000E+00
     1     8     1     3        0  0.0000E+00  0.1241E+01  0.0000E+00  0.0000E+00
     1     9     1     1        0  0.2637E+05  0.1000E+03  0.0000E+00  0.0000E+00
     1     9     1     2        0  0.1518E+04  0.1466E+02  0.0000E+00  0.0000E+00
     1     9     1     3        0  0.3186E+06  0.1000E+03  0.0000E+00  0.0000E+00
     1     9     1     4        0  0.4330E+08  0.1000E+03  0.0000E+00  0.0000E+00
     1     9     2     1        0  0.1006E+04  0.1000E+03  0.0000E+00  0.0000E+00
     1     9     2     2        0  0.1677E+02  0.1153E+02  0.0000E+00  0.0000E+00
     1     9     2     3        0  0.0000E+00  0.2183E+01  0.0000E+00  0.0000E+00
     1    10     1     1        0  0.4445E+03  0.6038E+02  0.0000E+00  0.0000E+00
     1    10     1     2        0  0.0000E+00  0.5684E+01  0.0000E+00  0.0000E+00
     1    11     1     1        0  0.1069E+03  0.1247E+02  0.0000E+00  0.0000E+00
     1    11     1     2        0  0.2766E+02  0.6442E+01  0.0000E+00  0.0000E+00
     1    11     1     3        0  0.0000E+00  0.2215E+00  0.0000E+00  0.0000E+00
     1    12     1     1        0  0.3176E+03  0.1908E+02  0.0000E+00  0.0000E+00
     1    12     1     2        0  0.1057E+03  0.1104E+02  0.0000E+00  0.0000E+00
     1    12     1     3        0  0.0000E+00  0.7883E+00  0.0000E+00  0.0000E+00
     1    13     1     1        0  0.2773E+03  0.5416E+02  0.0000E+00  0.0000E+00
     1    13     1     2        0  0.5856E+02  0.1083E+02  0.0000E+00  0.0000E+00
     1    13     1     3        0  0.0000E+00  0.4301E+00  0.0000E+00  0.0000E+00
     1    14     1     1        0  0.2404E+03  0.1000E+03  0.0000E+00  0.0000E+00
     1    14     1     2        0  0.3122E+03  0.2955E+02  0.0000E+00  0.0000E+00
     1    14     1     3        0  0.0000E+00  0.8569E+01  0.0000E+00  0.0000E+00
     1    15     1     1        0  0.2414E+03  0.2538E+02  0.0000E+00  0.0000E+00
     1    15     1     2        0  0.6549E+03  0.9416E+01  0.0000E+00  0.0000E+00
     1    15     1     3        0  0.0000E+00  0.9112E+00  0.0000E+00  0.0000E+00
     1    16     1     1        0  0.2554E+03  0.2872E+02  0.0000E+00  0.0000E+00
