SUMMARY OF C0NVERGENCE INFORMATION
  STEP   INC  ATT   ITER     CONT.   RESID.        CORR.      RESID.      CORR.
                              EL.    FORCE         DISP       FLUX        TEMP.
                              (#)     (%)           (%)        (%)         (%)
     1     1     1     1        0  0.1124E+03  0.1000E+03  0.0000E+00  0.0000E+00
     1     1     1     2        0  0.0000E+00  0.4361E-01  0.0000E+00  0.0000E+00
     1     2     1     1        0  0.1103E+03  0.9985E+02  0.0000E+00  0.0000E+00
     1     2     1     2        0  0.0000E+00  0.1276E+00  0.0000E+00  0.0000E+00
     1     3     1     1        0  0.3344E+03  0.1000E+03  0.0000E+00  0.0000E+00
     1     3     1     2        0  0.0000E+00  0.3646E+00  0.0000E+00  0.0000E+00
     1     4     1     1        0  0.2610E+03  0.1000E+03  0.0000E+00  0.0000E+00
     1     4     1     2        0  0.0000E+00  0.1075E+00  0.0000E+00  0.0000E+00
     1     5     1     1        0  0.0000E+00  0.1000E+03  0.0000E+00  0.0000E+00
     1     5     1     2        0  0.0000E+00  0.2132E-02  0.0000E+00  0.0000E+00
     1     6     1     1        0  0.0000E+00  0.9994E+02  0.0000E+00  0.0000E+00
     1     6     1     2        0  0.0000E+00  0.1569E-02  0.0000E+00  0.0000E+00
     1     7     1     1        0  0.0000E+00  0.9077E+02  0.0000E+00  0.0000E+00
     1     7     1     2        0  0.0000E+00  0.3319E-02  0.0000E+00  0.0000E+00
     1     8     1     1        0  0.1716E+03  0.1000E+03  0.0000E+00  0.0000E+00
     1     8     1     2        0  0.0000E+00  0.1164E+00  0.0000E+00  0.0000E+00
     1     9     1     1        0  0.1537E+03  0.9998E+02  0.0000E+00  0.0000E+00
     1     9     1     2        0  0.0000E+00  0.1109E+00  0.0000E+00  0.0000E+00
     1    10     1     1        0  0.0000E+00  0.4166E+02  0.0000E+00  0.0000E+00
     1    10     1     2        0  0.0000E+00  0.3507E-03  0.0000E+00  0.0000E+00
     1    11     1     1        0  0.1245E+03  0.1000E+03  0.0000E+00  0.0000E+00
     1    11     1     2        0  0.0000E+00  0.1145E+00  0.0000E+00  0.0000E+00
     1    12     1     1        0  0.1134E+03  0.9990E+02  0.0000E+00  0.0000E+00
     1    12     1     2        0  0.0000E+00  0.1107E+00  0.0000E+00  0.0000E+00
     1    13     1     1        0  0.0000E+00  0.4889E+02  0.0000E+00  0.0000E+00
     1    13     1     2        0  0.0000E+00  0.7660E-03  0.0000E+00  0.0000E+00
     1    14     1     1        0  0.9555E+02  0.1000E+03  0.0000E+00  0.0000E+00
     1    14     1     2        0  0.0000E+00  0.1143E+00  0.0000E+00  0.0000E+00
     1    15     1     1        0  0.8840E+02  0.9981E+02  0.0000E+00  0.0000E+00
     1    15     1     2        0  0.0000E+00  0.1105E+00  0.0000E+00  0.0000E+00
     1    16     1     1        0  0.0000E+00  0.1000E+03  0.0000E+00  0.0000E+00
     1    16     1     2        0  0.0000E+00  0.3949E+01  0.0000E+00  0.0000E+00
     1    17     1     1        0  0.7692E+02  0.1000E+03  0.0000E+00  0.0000E+00
     1    17     1     2        0  0.2612E+02  0.4349E+02  0.0000E+00  0.0000E+00
     1    17     1     3        0  0.0000E+00  0.2388E+00  0.0000E+00  0.0000E+00
     1    18     1     1        0  0.7197E+02  0.9972E+02  0.0000E+00  0.0000E+00
     1    18     1     2        0  0.0000E+00  0.8164E+00  0.0000E+00  0.0000E+00
     1    19     1     1        0  0.0000E+00  0.1000E+03  0.0000E+00  0.0000E+00
     1    19     1     2        0  0.0000E+00  0.8789E-01  0.0000E+00  0.0000E+00
     1    20     1     1        0  0.0000E+00  0.1000E+03  0.0000E+00  0.0000E+00
     1    20     1     2        0  0.0000E+00  0.2120E-01  0.0000E+00  0.0000E+00
     1    21     1     1        0  0.0000E+00  0.9274E+02  0.0000E+00  0.0000E+00
     1    21     1     2        0  0.0000E+00  0.3630E-01  0.0000E+00  0.0000E+00
     1    22     1     1        0  0.0000E+00  0.1000E+03  0.0000E+00  0.0000E+00
     1    22     1     2        0  0.0000E+00  0.9190E-02  0.0000E+00  0.0000E+00
     1    23     1     1        0  0.0000E+00  0.1000E+03  0.0000E+00  0.0000E+00
     1    23     1     2        0  0.0000E+00  0.1265E-01  0.0000E+00  0.0000E+00
     1    24     1     1        0  0.5638E+02  0.1000E+03  0.0000E+00  0.0000E+00
     1    24     1     2        0  0.0000E+00  0.1145E+00  0.0000E+00  0.0000E+00
     1    25     1     1        0  0.5410E+02  0.9964E+02  0.0000E+00  0.0000E+00
     1    25     1     2        0  0.0000E+00  0.6397E+00  0.0000E+00  0.0000E+00
     1    26     1     1        0  0.0000E+00  0.1000E+03  0.0000E+00  0.0000E+00
     1    26     1     2        0  0.0000E+00  0.4669E-01  0.0000E+00  0.0000E+00
     1    27     1     1        0  0.0000E+00  0.1000E+03  0.0000E+00  0.0000E+00
     1    27     1     2        0  0.0000E+00  0.9731E-02  0.0000E+00  0.0000E+00
     1    28     1     1        0  0.0000E+00  0.1313E+02  0.0000E+00  0.0000E+00
     1    28     1     2        0  0.0000E+00  0.2558E-04  0.0000E+00  0.0000E+00
     1    29     1     1        0  0.0000E+00  0.1000E+03  0.0000E+00  0.0000E+00
     1    29     1     2        0  0.0000E+00  0.8570E-03  0.0000E+00  0.0000E+00
