SUMMARY OF C0NVERGENCE INFORMATION
  STEP   INC  ATT   ITER     CONT.   RESID.        CORR.      RESID.      CORR.
                              EL.    FORCE         DISP       FLUX        TEMP.
                              (#)     (%)           (%)        (%)         (%)
     1     1     1     1        0  0.7998E+03  0.1000E+03  0.0000E+00  0.0000E+00
     1     1     1     2        0  0.0000E+00  0.2182E+01  0.0000E+00  0.0000E+00
     1     2     1     1        0  0.0000E+00  0.6029E+00  0.0000E+00  0.0000E+00
     1     2     1     2        0  0.0000E+00  0.3168E-02  0.0000E+00  0.0000E+00
     1     3     1     1        0  0.2616E+02  0.1211E+01  0.0000E+00  0.0000E+00
     1     3     1     2        0  0.0000E+00  0.2022E-01  0.0000E+00  0.0000E+00
     1     4     1     1        0  0.9313E+03  0.3977E+01  0.0000E+00  0.0000E+00
     1     4     1     2        0  0.9391E+01  0.3741E+00  0.0000E+00  0.0000E+00
     1     4     1     3        0  0.0000E+00  0.2126E-01  0.0000E+00  0.0000E+00
     1     5     1     1        0  0.8576E+05  0.7175E+02  0.0000E+00  0.0000E+00
     1     5     1     2        0  0.1269E+03  0.4965E+01  0.0000E+00  0.0000E+00
     1     5     1     3        0  0.2226E+05  0.2531E+02  0.0000E+00  0.0000E+00
     1     5     1     4        0  0.4107E+03  0.3318E+01  0.0000E+00  0.0000E+00
     1     5     2     1        0  0.3209E+03  0.9779E+01  0.0000E+00  0.0000E+00
     1     5     2     2        0  0.0000E+00  0.4569E-01  0.0000E+00  0.0000E+00
     1     6     1     1        0  0.8544E+03  0.1747E+02  0.0000E+00  0.0000E+00
     1     6     1     2        0  0.3361E+02  0.3473E+01  0.0000E+00  0.0000E+00
     1     6     1     3        0  0.0000E+00  0.7259E+00  0.0000E+00  0.0000E+00
     1     7     1     1        0  0.1077E+06  0.1000E+03  0.0000E+00  0.0000E+00
     1     7     1     2        0  0.2791E+04  0.1259E+02  0.0000E+00  0.0000E+00
     1     7     1     3        0  0.5811E+04  0.1841E+02  0.0000E+00  0.0000E+00
     1     7     1     4        0  0.2081E+02  0.1108E+01  0.0000E+00  0.0000E+00
     1     7     1     5        0  0.6076E+01  0.5964E+00  0.0000E+00  0.0000E+00
     1     7     1     6        0  0.0000E+00  0.2454E-02  0.0000E+00  0.0000E+00
     1     8     1     1        0  0.1650E+04  0.3711E+02  0.0000E+00  0.0000E+00
     1     8     1     2        0  0.6828E+04  0.2641E+02  0.0000E+00  0.0000E+00
     1     8     1     3        0  0.1366E+03  0.3709E+01  0.0000E+00  0.0000E+00
     1     8     1     4        0  0.3514E+02  0.1885E+01  0.0000E+00  0.0000E+00
     1     8     1     5        0  0.0000E+00  0.4323E-01  0.0000E+00  0.0000E+00
     1     9     1     1        0  0.9106E+04  0.1000E+03  0.0000E+00  0.0000E+00
     1     9     1     2        0  0.2663E+04  0.1757E+02  0.0000E+00  0.0000E+00
     1     9     1     3        0  0.4778E+03  0.2449E+02  0.0000E+00  0.0000E+00
     1     9     1     4        0  0.6235E+02  0.8489E+01  0.0000E+00  0.0000E+00
     1     9     1     5        0  0.7399E+01  0.3013E+01  0.0000E+00  0.0000E+00
     1     9     1     6        0  0.0000E+00  0.2298E+00  0.0000E+00  0.0000E+00
     1    10     1     1        0  0.1561E+03  0.5268E+02  0.0000E+00  0.0000E+00
     1    10     1     2        0  0.1340E+03  0.1151E+02  0.0000E+00  0.0000E+00
     1    10     1     3        0  0.0000E+00  0.1590E+01  0.0000E+00  0.0000E+00
     1    11     1     1        0  0.1423E+03  0.1943E+02  0.0000E+00  0.0000E+00
     1    11     1     2        0  0.7051E+02  0.2030E+02  0.0000E+00  0.0000E+00
     1    11     1     3        0  0.0000E+00  0.1634E+01  0.0000E+00  0.0000E+00
     1    12     1     1        0  0.5858E+02  0.1136E+02  0.0000E+00  0.0000E+00
     1    12     1     2        0  0.1147E+03  0.1949E+02  0.0000E+00  0.0000E+00
     1    12     1     3        0  0.0000E+00  0.2199E+01  0.0000E+00  0.0000E+00
     1    13     1     1        0  0.6898E+02  0.1178E+02  0.0000E+00  0.0000E+00
     1    13     1     2        0  0.2957E+03  0.1933E+02  0.0000E+00  0.0000E+00
     1    13     1     3        0  0.7103E+00  0.2070E+01  0.0000E+00  0.0000E+00
     1    13     1     4        0  0.0000E+00  0.1515E+00  0.0000E+00  0.0000E+00
     1    14     1     1        0  0.7473E+02  0.9030E+01  0.0000E+00  0.0000E+00
     1    14     1     2        0  0.2104E+03  0.1029E+02  0.0000E+00  0.0000E+00
     1    14     1     3        0  0.0000E+00  0.6307E+00  0.0000E+00  0.0000E+00
     1    15     1     1        0  0.5173E+02  0.6322E+01  0.0000E+00  0.0000E+00
     1    15     1     2        0  0.6558E+02  0.4798E+01  0.0000E+00  0.0000E+00
     1    15     1     3        0  0.0000E+00  0.1327E+00  0.0000E+00  0.0000E+00
     1    16     1     1        0  0.3273E+02  0.4915E+01  0.0000E+00  0.0000E+00
     1    16     1     2        0  0.1865E+02  0.2364E+01  0.0000E+00  0.0000E+00
     1    16     1     3        0  0.0000E+00  0.2824E-01  0.0000E+00  0.0000E+00
     1    17     1     1        0  0.2174E+02  0.4094E+01  0.0000E+00  0.0000E+00
     1    17     1     2        0  0.6270E+01  0.1302E+01  0.0000E+00  0.0000E+00
     1    17     1     3        0  0.0000E+00  0.8204E-02  0.0000E+00  0.0000E+00
     1    18     1     1        0  0.1517E+02  0.4180E+01  0.0000E+00  0.0000E+00
     1    18     1     2        0  0.2396E+01  0.8763E+00  0.0000E+00  0.0000E+00
     1    18     1     3        0  0.0000E+00  0.3275E-02  0.0000E+00  0.0000E+00
     1    19     1     1        0  0.1093E+02  0.4334E+01  0.0000E+00  0.0000E+00
     1    19     1     2        0  0.1018E+01  0.6545E+00  0.0000E+00  0.0000E+00
     1    19     1     3        0  0.0000E+00  0.1895E-02  0.0000E+00  0.0000E+00
     1    20     1     1        0  0.8080E+01  0.4866E+01  0.0000E+00  0.0000E+00
     1    20     1     2        0  0.4700E+00  0.4946E+00  0.0000E+00  0.0000E+00
     1    21     1     1        0  0.6108E+01  0.3983E+01  0.0000E+00  0.0000E+00
     1    21     1     2        0  0.2316E+00  0.3845E+00  0.0000E+00  0.0000E+00
     1    22     1     1        0  0.4694E+01  0.2166E+01  0.0000E+00  0.0000E+00
     1    22     1     2        0  0.0000E+00  0.2965E+00  0.0000E+00  0.0000E+00
     1    23     1     1        0  0.3672E+01  0.2040E+01  0.0000E+00  0.0000E+00
     1    23     1     2        0  0.0000E+00  0.2353E+00  0.0000E+00  0.0000E+00
     1    24     1     1        0  0.2920E+01  0.2179E+01  0.0000E+00  0.0000E+00
     1    24     1     2        0  0.0000E+00  0.1829E+00  0.0000E+00  0.0000E+00
     1    25     1     1        0  0.2356E+01  0.1956E+01  0.0000E+00  0.0000E+00
     1    25     1     2        0  0.0000E+00  0.1412E+00  0.0000E+00  0.0000E+00
     1    26     1     1        0  0.1927E+01  0.1942E+01  0.0000E+00  0.0000E+00
     1    26     1     2        0  0.0000E+00  0.1092E+00  0.0000E+00  0.0000E+00
     1    27     1     1        0  0.2048E+00  0.1428E+01  0.0000E+00  0.0000E+00
     1    27     1     2        0  0.0000E+00  0.2458E-01  0.0000E+00  0.0000E+00
