SUMMARY OF JOB INFORMATION
  STEP      INC     ATT  ITRS     TOT TIME     STEP TIME      INC TIME
     1          1     1     2  0.250000E-01  0.250000E-01  0.250000E-01
     1          2     1     2  0.500000E-01  0.500000E-01  0.250000E-01
     1          3     1     2  0.875000E-01  0.875000E-01  0.375000E-01
     1          4     1     3  0.137500E+00  0.137500E+00  0.500000E-01
     1          5     1U    4  0.137500E+00  0.137500E+00  0.500000E-01
     1          5     2     2  0.150000E+00  0.150000E+00  0.125000E-01
     1          6     1     3  0.162500E+00  0.162500E+00  0.125000E-01
     1          7     1     6  0.181250E+00  0.181250E+00  0.187500E-01
     1          8     1     5  0.200000E+00  0.200000E+00  0.187500E-01
     1          9     1     6  0.218750E+00  0.218750E+00  0.187500E-01
     1         10     1     3  0.237500E+00  0.237500E+00  0.187500E-01
     1         11     1     3  0.256250E+00  0.256250E+00  0.187500E-01
     1         12     1     3  0.284375E+00  0.284375E+00  0.281250E-01
     1         13     1     4  0.326562E+00  0.326562E+00  0.421875E-01
     1         14     1     3  0.376562E+00  0.376562E+00  0.500000E-01
     1         15     1     3  0.426562E+00  0.426562E+00  0.500000E-01
     1         16     1     3  0.476562E+00  0.476562E+00  0.500000E-01
     1         17     1     3  0.526562E+00  0.526562E+00  0.500000E-01
     1         18     1     3  0.576562E+00  0.576562E+00  0.500000E-01
     1         19     1     3  0.626563E+00  0.626563E+00  0.500000E-01
     1         20     1     2  0.676563E+00  0.676563E+00  0.500000E-01
     1         21     1     2  0.726563E+00  0.726563E+00  0.500000E-01
     1         22     1     2  0.776563E+00  0.776563E+00  0.500000E-01
     1         23     1     2  0.826563E+00  0.826563E+00  0.500000E-01
     1         24     1     2  0.876563E+00  0.876563E+00  0.500000E-01
     1         25     1     2  0.926563E+00  0.926563E+00  0.500000E-01
     1         26     1     2  0.976563E+00  0.976563E+00  0.500000E-01
     1         27     1     2  0.100000E+01  0.100000E+01  0.234375E-01
