  TimeWindow  Iteration  ResRel(Solid-Mesh:Displacement)  ResRel(Fluid-Mesh:Force)
     1       1   1.00000000e+00   1.00000000e+00
     1       2   6.16151963e-01   3.76423761e-01
     1       3   2.13425970e+00   7.22217727e-01
     1       4   1.03624516e-02   2.23999120e-01
     1       5   1.58928698e-02   1.05028216e-02
     1       6   6.30048558e-03   4.89651464e-04
     1       7   9.01938772e-04   2.71437177e-04
     1       8   8.28158997e-05   3.61799719e-05
     2       1   8.68588276e-01   6.84611613e-01
     2       2   3.66423017e-01   4.91299045e-01
     2       3   2.15578664e-01   3.72028091e-02
     2       4   2.16552845e-02   3.67638506e-02
     2       5   3.95231261e-03   2.46770418e-03
     2       6   1.80928695e-04   4.23887905e-04
     2       7   2.62432758e-05   3.92806523e-05
     3       1   6.32412945e-01   1.42262841e+00
     3       2   5.12127747e-02   6.70049081e-01
     3       3   2.28495585e-02   3.81000685e-02
     3       4   2.91984576e-03   8.59559286e-03
     3       5   1.41801233e-04   1.72553092e-03
     3       6   4.98680709e-05   8.10881916e-05
     4       1   1.56271516e-01   1.07470718e+00
     4       2   6.88198611e-02   3.97222200e-01
     4       3   9.84496075e-03   4.36444405e-02
     4       4   4.46894225e-03   1.33318777e-02
     4       5   4.99313315e-04   3.12070003e-03
     4       6   1.87761903e-05   3.33816190e-04
     4       7   9.26732953e-07   2.85133910e-05
     5       1   2.17363234e+00   2.11525602e+00
     5       2   8.84785247e-02   8.36808708e-01
     5       3   2.82641898e-02   8.31089976e-02
     5       4   1.75956030e-03   2.04606564e-02
     5       5   2.64974861e-05   1.21637085e-03
     5       6   5.56969568e-05   9.16558860e-05
     6       1   3.75942512e+00   2.25439233e+00
     6       2   2.75057825e-02   1.66281266e+00
     6       3   3.06532222e-02   3.11341609e-02
     6       4   1.82288152e-03   1.96035122e-02
     6       5   2.42710366e-04   1.66416109e-03
     6       6   1.55563365e-05   3.42931423e-04
     6       7   5.38332388e-06   1.39385272e-05
     7       1   1.97291191e+00   1.61427813e+00
     7       2   3.29155697e-01   2.81635665e+00
     7       3   1.54046490e-02   1.86375737e-01
     7       4   2.12258377e-03   3.17408199e-02
     7       5   2.32187668e-04   6.21696851e-03
     7       6   1.81129720e-05   5.13910280e-04
     7       7   5.34024973e-06   1.60881746e-05
     8       1   1.54417881e+00   1.34943569e+00
     8       2   9.00598658e-02   3.57091453e+00
     8       3   1.84927798e-02   1.57624216e-01
     8       4   3.25255142e-03   1.92095101e-02
     8       5   2.23666908e-04   1.66493363e-03
     8       6   2.92859546e-05   1.05231021e-04
     8       7   3.19721052e-06   1.25547524e-05
     9       1   1.32074650e+00   1.16966425e+00
     9       2   2.04577456e-02   4.49281020e+00
     9       3   8.35536261e-02   2.32924247e-02
     9       4   1.70579289e-03   2.47647407e-02
     9       5   3.03271468e-04   2.14118147e-03
     9       6   3.21398137e-05   2.42320997e-04
     9       7   3.66036245e-06   1.63194512e-05
    10       1   1.15686478e+00   1.01595487e+00
    10       2   4.15265521e-01   3.74038423e+00
    10       3   1.20423948e-01   2.64498931e-02
    10       4   1.43013469e-02   7.59776935e-03
    10       5   2.97967055e-03   8.21941992e-04
    10       6   2.97288713e-04   1.67322337e-04
    10       7   6.11655908e-05   1.61508650e-05
    11       1   9.99871523e-01   8.57404750e-01
    11       2   8.06777369e-01   2.59811404e+00
    11       3   5.30763672e-03   1.13174627e-01
    11       4   3.25522778e-03   2.50726822e-03
    11       5   7.19960203e-04   1.19543493e-03
    11       6   6.64791888e-05   1.94048570e-04
    11       7   3.13835820e-07   1.36931181e-05
    12       1   7.91305952e-01   6.37085650e-01
    12       2   2.40264151e-01   1.27646330e+00
    12       3   2.16662727e-02   5.50842351e-02
    12       4   5.05870161e-03   5.89223307e-03
    12       5   8.14255304e-05   1.88971163e-03
    12       6   6.13131414e-05   4.90046125e-05
    13       1   2.70558345e-01   1.71619573e-01
    13       2   5.58622751e-02   1.53583797e-01
    13       3   3.24314186e-02   2.91268026e-02
    13       4   1.53263269e-03   1.77168554e-02
    13       5   2.28949607e-05   1.04236277e-03
    13       6   2.20332164e-05   1.21632400e-05
    14       1   4.68829868e+00   1.97154643e+00
    14       2   2.72297496e-02   8.62901918e-01
    14       3   1.03888404e-02   1.87325631e-02
    14       4   1.06430040e-04   3.77449805e-03
    14       5   2.80603559e-05   1.25915403e-04
    14       6   2.41590602e-06   1.81861298e-05
    15       1   1.54727062e+00   1.64602975e+00
    15       2   4.18815830e-02   2.23528303e+00
    15       3   6.48863112e-02   1.36840863e-02
    15       4   1.23019596e-03   2.12407739e-02
    15       5   4.83336019e-04   2.16179985e-04
    15       6   1.00291642e-04   2.10343178e-04
    15       7   1.46255134e-05   3.88623467e-05
    16       1   1.21872358e+00   1.27822510e+00
    16       2   1.47712463e-01   4.32095808e+00
    16       3   4.22325903e-03   1.24943197e-02
    16       4   1.18278338e-02   1.06535075e-03
    16       5   5.02910412e-04   1.61883429e-03
    16       6   8.91643652e-05   1.25127801e-04
    16       7   6.05333273e-06   1.23091463e-05
    17       1   1.04807063e+00   1.08410611e+00
    17       2   2.96994816e-01   4.82212273e+00
    17       3   4.81562389e-02   1.37071659e-01
    17       4   9.21292849e-04   1.72022234e-02
    17       5   3.73096607e-04   4.68976967e-04
    17       6   3.87003568e-05   1.42529973e-04
    17       7   6.61971292e-07   9.97856365e-06
    18       1   9.10365802e-01   9.35359669e-01
    18       2   9.80586347e-02   3.14402444e+00
    18       3   1.19836475e-02   8.39825825e-02
    18       4   2.11170158e-03   3.83095287e-03
    18       5   3.05252724e-04   1.02787934e-03
    18       6   9.34736537e-06   1.91211559e-04
    18       7   3.27696255e-06   5.07348676e-06
    19       1   7.69114414e-01   7.87984351e-01
    19       2   7.31271245e-03   1.94566260e+00
    19       3   5.14620141e-03   2.41582193e-02
    19       4   8.12967408e-04   2.31861367e-03
    19       5   1.69760109e-05   4.89380977e-04
    19       6   1.05379269e-05   9.25538756e-06
    20       1   5.97710446e-01   6.10383586e-01
    20       2   4.47120729e-02   1.03719447e+00
    20       3   5.34518064e-03   3.79421596e-02
    20       4   1.71987924e-03   1.67331418e-03
    20       5   9.27693012e-05   1.00946543e-03
    20       6   1.85576711e-05   4.97072698e-05
    21       1   3.57642690e-01   3.53666172e-01
    21       2   4.11571501e-02   4.17763279e-01
    21       3   4.40279435e-03   2.80802218e-02
    21       4   6.71021366e-04   2.21727893e-03
    21       5   6.47411089e-05   3.74200200e-04
    21       6   2.56675674e-06   3.89445645e-05
    22       1   3.49601549e-02   1.13618699e-01
    22       2   6.35879259e-02   3.53647030e-02
    22       3   1.10014736e-02   4.01336102e-02
    22       4   2.79098469e-03   7.41331231e-03
    22       5   4.31961936e-05   1.49230842e-03
    22       6   3.47955621e-05   2.24551527e-05
    23       1   8.28909492e-01   7.93177451e-01
    23       2   4.00257845e-02   4.44886048e-01
    23       3   1.43936269e-02   1.72256694e-02
    23       4   4.57033222e-03   5.61986360e-03
    23       5   1.24575345e-04   2.73863580e-03
    23       6   7.41338936e-05   9.47381261e-05
    24       1   3.12897334e+00   1.30179286e+00
    24       2   5.12395208e-01   6.83906113e-01
    24       3   6.27975929e-02   2.43475681e-01
    24       4   4.63053024e-02   6.22262316e-02
    24       5   1.94859719e-02   1.40913816e-02
    24       6   6.37382258e-04   1.06735230e-02
    24       7   9.48328651e-04   1.18786350e-04
    24       8   3.26544109e-05   5.13003753e-04
    24       9   1.14632405e-05   1.63225389e-05
    25       1   1.53928310e+01   1.32588233e+00
    25       2   9.58363284e-02   9.67977869e-01
    25       3   6.08890201e-03   4.60788152e-02
    25       4   7.87721545e-04   3.88559870e-03
    25       5   5.21900897e-06   3.77393083e-04
    25       6   9.70232646e-06   2.12651650e-06
    26       1   1.02998620e+01   1.19395824e+00
    26       2   1.65143393e-02   9.99375441e-01
    26       3   1.00393529e-02   2.65039031e-03
    26       4   1.05391382e-03   4.67064488e-03
    26       5   1.00744802e-04   6.00890358e-04
    26       6   1.70190024e-05   5.29911551e-05
    27       1   1.09306145e+01   1.01783651e+00
    27       2   5.81408073e-02   9.00896945e-01
    27       3   3.74761579e-03   2.10370748e-02
    27       4   8.24056285e-04   1.62369105e-03
    27       5   1.00588804e-04   3.19992634e-04
    27       6   7.27776171e-06   4.66102968e-05
    28       1   5.99579149e+00   7.78632447e-01
    28       2   1.32701670e-01   6.23855989e-01
    28       3   2.22545815e-03   5.85127902e-02
    28       4   7.90961466e-04   4.46472597e-04
    28       5   1.40616783e-04   3.21763533e-04
    28       6   3.26136756e-05   4.91167177e-05
    29       1   1.15862540e+00   4.42985716e-01
    29       2   6.08944256e-02   3.84856390e-01
    29       3   1.01855463e-02   1.79639196e-02
    29       4   1.78827785e-04   4.50022134e-03
    29       5   1.58707260e-04   1.08510745e-04
    29       6   7.37689890e-07   6.38068269e-05
    30       1   1.23430737e-01   7.40458345e-02
    30       2   1.31210860e-01   1.63609856e-02
    30       3   3.80535045e-03   5.48359667e-02
    30       4   1.89871565e-04   1.22240340e-03
    30       5   3.23106070e-04   1.86037516e-04
    30       6   1.98122392e-05   1.29832002e-04
    30       7   2.64468170e-06   8.39485164e-06
    31       1   2.23941230e-01   2.28841904e-01
    31       2   2.90325363e-03   1.99136523e-01
    31       3   8.35904951e-04   2.52900637e-03
    31       4   2.10276740e-05   3.52824058e-04
    31       5   1.15740757e-05   8.94519580e-06
    32       1   3.56452960e-01   3.73326458e-01
    32       2   1.50161539e-03   3.82749925e-01
    32       3   6.71073485e-03   1.35537642e-03
    32       4   3.19991755e-04   2.96863308e-03
    32       5   9.55147888e-05   2.11754909e-04
    32       6   2.48269868e-06   4.20339265e-05
    33       1   3.96385718e-01   4.22114294e-01
    33       2   7.71577034e-03   4.73998856e-01
    33       3   5.71766463e-03   3.55138419e-03
    33       4   8.90884749e-04   2.32073024e-03
    33       5   5.39803452e-07   4.67814788e-04
    33       6   6.10708393e-06   4.40848333e-07
    34       1   3.87295580e-01   4.13606274e-01
    34       2   1.21145064e-02   4.64150269e-01
    34       3   5.34642809e-03   6.31185658e-03
    34       4   6.32203968e-05   2.88046316e-03
    34       5   4.11798416e-05   2.24949852e-05
    35       1   3.47113962e-01   3.68944452e-01
    35       2   2.75746164e-02   3.94693836e-01
    35       3   1.07138180e-03   1.70552097e-02
    35       4   1.35125650e-05   7.27387394e-04
    35       5   5.44598241e-06   2.96237129e-06
    36       1   2.84268023e-01   2.98576428e-01
    36       2   2.56689790e-02   3.02581172e-01
    36       3   7.74441151e-04   1.65823171e-02
    36       4   1.09842411e-04   2.48690045e-04
    36       5   2.69746839e-06   6.14582013e-05
    37       1   2.04626340e-01   2.10352505e-01
    37       2   3.39645610e-02   1.91019847e-01
    37       3   2.00778745e-03   1.92684250e-02
    37       4   1.25673393e-04   1.12992153e-03
    37       5   2.60388348e-05   6.92975307e-05
    38       1   1.13862918e-01   1.12281821e-01
    38       2   1.65748075e-02   9.69877826e-02
    38       3   8.15580919e-04   1.07579312e-02
    38       4   3.68820784e-04   5.69509552e-04
    38       5   2.25751362e-05   2.05772911e-04
    38       6   5.52842735e-06   1.35147161e-05
    39       1   1.99232344e-02   1.76738057e-02
    39       2   4.82903564e-02   4.17639349e-02
    39       3   7.52031318e-03   2.11811994e-02
    39       4   5.14603823e-04   4.05311501e-03
    39       5   1.11474623e-04   2.53798177e-04
    39       6   9.58874941e-06   5.75708670e-05
    40       1   6.69571542e-02   7.09577428e-02
    40       2   6.91580860e-03   5.92606324e-02
    40       3   1.02571914e-03   3.95309954e-03
    40       4   4.35998585e-05   5.42663795e-04
    40       5   1.18570708e-05   2.46108410e-05
    41       1   1.34411524e-01   1.30804205e-01
    41       2   4.07696617e-03   1.05522814e-01
    41       3   9.65917457e-04   2.10652633e-03
    41       4   1.47317491e-04   4.16640206e-04
    41       5   2.44497972e-05   7.13731870e-05
    42       1   1.71718592e-01   1.60178001e-01
    42       2   3.42306833e-03   1.25002343e-01
    42       3   1.04163177e-03   2.07546850e-03
    42       4   5.14944942e-04   8.38249850e-04
    42       5   6.69449410e-05   3.04004327e-04
    42       6   8.89484660e-06   3.79211815e-05
    43       1   1.75552058e-01   1.59627094e-01
    43       2   1.27483663e-02   1.33142408e-01
    43       3   1.12280998e-04   5.93291775e-03
    43       4   1.04836410e-05   1.28770984e-04
    43       5   1.24822218e-05   2.57512440e-06
    44       1   1.49822297e-01   1.34637934e-01
    44       2   4.14207807e-03   1.07572316e-01
    44       3   3.80334452e-03   4.76508799e-03
    44       4   4.50494202e-04   2.22904146e-03
    44       5   1.46104088e-05   2.13438308e-04
    44       6   3.60785692e-06   7.90009362e-06
    45       1   1.05826890e-01   9.44691561e-02
    45       2   1.73560736e-02   7.08855806e-02
    45       3   9.52259195e-04   8.82533970e-03
    45       4   6.42711215e-05   6.39286631e-04
    45       5   1.47301389e-06   2.88739597e-05
    46       1   5.60994374e-02   4.91086477e-02
    46       2   1.78932008e-02   5.12583738e-02
    46       3   2.08589162e-03   1.02088852e-02
    46       4   2.87983064e-04   1.20386835e-03
    46       5   3.67855308e-06   1.41361773e-04
    46       6   1.66713360e-06   1.25633182e-06
    47       1   1.02172814e-02   9.02444668e-03
    47       2   5.59479797e-02   3.64419604e-02
    47       3   1.04187732e-02   2.46595368e-02
    47       4   1.98864573e-03   4.63942315e-03
    47       5   9.16391250e-06   1.09627033e-03
    47       6   1.44481879e-05   2.74220465e-06
    48       1   2.62315516e-02   3.01959111e-02
    48       2   1.68385317e-02   3.24834248e-02
    48       3   1.30998920e-03   9.23609075e-03
    48       4   5.41015178e-05   6.28914705e-04
    48       5   3.13461817e-06   2.34739763e-05
    49       1   5.14616054e-02   5.41875303e-02
    49       2   9.67506614e-05   4.63451105e-02
    49       3   2.99698337e-04   7.58632393e-05
    49       4   1.24916650e-04   7.86412355e-05
    49       5   2.90318612e-05   5.19142708e-05
    50       1   6.50466535e-02   6.71947320e-02
    50       2   1.07428787e-03   5.93459727e-02
    50       3   7.03706047e-04   5.79902467e-04
    50       4   3.04506554e-05   3.49274729e-04
    50       5   8.54899363e-06   1.50910608e-05
    51       1   6.87580930e-02   7.04132680e-02
    51       2   1.63208954e-03   6.14016169e-02
    51       3   3.01195616e-04   1.07783632e-03
    51       4   8.78798101e-05   2.14217353e-04
    51       5   1.03159979e-05   5.05007951e-05
    52       1   6.42381967e-02   6.53771295e-02
    52       2   6.66029094e-03   5.43319461e-02
    52       3   7.50944937e-04   3.57197126e-03
    52       4   2.46443614e-06   4.30962050e-04
    52       5   5.45964371e-06   9.84792843e-07
    53       1   5.40444301e-02   5.45253797e-02
    53       2   1.61489831e-02   3.96627872e-02
    53       3   1.03894316e-03   9.68193476e-03
    53       4   2.33229635e-04   6.01439597e-04
    53       5   1.43950742e-05   1.25534700e-04
    53       6   1.05724575e-06   6.99772441e-06
    54       1   4.02944768e-02   4.04909006e-02
    54       2   4.34754351e-02   1.46264142e-02
    54       3   2.58619777e-03   2.28140792e-02
    54       4   4.99513948e-04   1.33575372e-03
    54       5   1.16445991e-04   3.38820341e-04
    54       6   6.88948575e-06   6.33570749e-05
    55       1   2.51952401e-02   2.53157067e-02
    55       2   2.33089902e-02   1.04045047e-02
    55       3   1.66761939e-03   1.20660750e-02
    55       4   3.29382802e-04   8.22945223e-04
    55       5   7.50991332e-06   1.88073197e-04
    55       6   4.27884993e-06   4.76053295e-06
    56       1   1.09866148e-02   1.12781349e-02
    56       2   3.50595470e-03   7.78059344e-03
    56       3   7.76178470e-04   1.51057968e-03
    56       4   7.60573170e-05   3.88935602e-04
    56       5   2.75274203e-06   4.25615357e-05
    57       1   8.07084078e-04   2.18589106e-03
    57       2   5.22801058e-04   3.18541754e-04
    57       3   3.12118860e-05   2.50827876e-04
    57       4   1.26525713e-06   1.84175287e-05
    58       1   9.22639202e-03   8.69111752e-03
    58       2   1.77636992e-04   7.43790161e-03
    58       3   1.68867355e-04   5.45541836e-05
    58       4   1.30705921e-05   8.52002375e-05
    59       1   1.37966996e-02   1.27881139e-02
    59       2   1.01780639e-03   1.07355750e-02
    59       3   7.83065694e-04   1.03394864e-03
    59       4   8.90886830e-05   3.74537778e-04
    59       5   6.06532913e-06   4.87082462e-05
    60       1   1.48517683e-02   1.35017466e-02
    60       2   7.41913537e-04   1.23864033e-02
    60       3   3.92753530e-06   3.22209892e-04
    60       4   6.88295303e-06   3.02490372e-06
    61       1   1.27627349e-02   1.12522204e-02
    61       2   1.73948275e-03   1.10997511e-02
    61       3   2.56695824e-04   7.48592555e-04
    61       4   2.76944934e-06   1.47783640e-04
    61       5   3.87632676e-06   2.37411035e-06
    62       1   8.59481459e-03   7.19834926e-03
    62       2   3.61629439e-04   6.44515565e-03
    62       3   2.05452555e-05   2.39827236e-04
    62       4   9.92855386e-06   6.83399728e-06
    63       1   3.35362099e-03   3.39978356e-03
    63       2   7.97837924e-03   2.24123507e-03
    63       3   1.95605934e-03   3.22997469e-03
    63       4   3.62177186e-04   1.28956055e-03
    63       5   8.88637110e-05   1.35725539e-04
    63       6   2.93406665e-06   4.74244880e-05
    64       1   1.84538473e-03   5.27520499e-03
    64       2   5.64396910e-04   2.71005491e-03
    64       3   1.17486486e-04   3.50870660e-04
    64       4   1.77974430e-06   5.21581360e-05
    65       1   6.48575972e-03   9.42678608e-03
    65       2   2.76769015e-04   6.21084908e-03
    65       3   7.31698556e-05   1.44497004e-04
    65       4   1.85682687e-06   4.12946686e-05
    66       1   1.00104527e-02   1.28680836e-02
    66       2   2.70352066e-04   9.52036196e-03
    66       3   9.15973642e-05   1.40152351e-04
    66       4   3.77028518e-05   2.68917214e-05
    67       1   1.19152541e-02   1.48412372e-02
    67       2   2.27061727e-03   1.22138278e-02
    67       3   1.39784422e-04   1.22989958e-03
    67       4   7.46308414e-05   1.02599691e-04
    67       5   5.03827712e-06   3.65913175e-05
    68       1   1.30282073e-02   1.60117974e-02
    68       2   3.49519820e-03   1.38234375e-02
    68       3   1.05817019e-04   1.75002583e-03
    68       4   2.50690241e-05   8.46242251e-05
    69       1   1.24893851e-02   1.56778858e-02
    69       2   1.39473052e-03   1.09055151e-02
    69       3   3.47660163e-04   6.17926166e-04
    69       4   3.89003937e-05   2.13825893e-04
    69       5   6.53311935e-06   1.58243253e-05
    70       1   1.14269997e-02   1.47965122e-02
    70       2   9.23061947e-04   1.11628299e-02
    70       3   1.34570680e-04   5.09888142e-04
    70       4   2.18277675e-05   5.59551062e-05
    71       1   9.47740282e-03   1.32034914e-02
    71       2   1.07882927e-04   9.11997744e-03
    71       3   6.13157713e-05   4.55411496e-05
    72       1   7.18196191e-03   1.14097476e-02
    72       2   8.59821476e-03   1.15538889e-02
    72       3   4.71387579e-04   4.81515465e-03
    72       4   1.09869332e-04   2.70353740e-04
    72       5   6.85216171e-06   5.96809647e-05
    73       1   5.53875752e-03   1.01437351e-02
    73       2   3.66056022e-03   7.61144705e-03
    73       3   5.16379077e-04   1.65367149e-03
    73       4   8.73398023e-05   2.50291664e-04
    73       5   8.35906821e-06   5.39538172e-05
    74       1   3.78816868e-03   9.08459883e-03
    74       2   2.19673486e-04   4.50145063e-03
    74       3   4.14546043e-05   1.14594079e-04
    74       4   9.34878558e-06   1.60885882e-05
    75       1   2.40023661e-03   8.43193237e-03
    75       2   1.58841507e-03   2.77582609e-03
    75       3   5.71337404e-05   8.80827459e-04
    75       4   1.35694465e-05   3.06191804e-05
    76       1   1.46940631e-03   8.02496788e-03
    76       2   2.41909603e-05   2.73615216e-03
    76       3   1.50121998e-05   4.79270461e-06
    77       1   1.16113116e-03   8.13010324e-03
    77       2   1.53684484e-04   2.61807681e-03
    77       3   1.80404670e-05   9.00752105e-05
    78       1   8.11549099e-04   8.24089538e-03
    78       2   3.97023257e-04   2.28498021e-03
    78       3   2.84614889e-05   1.96968308e-04
    78       4   1.60974888e-06   1.64266960e-05
    79       1   1.03994995e-03   8.51683271e-03
    79       2   5.20123185e-04   2.78931591e-03
    79       3   6.46019210e-05   3.10880567e-04
    79       4   2.86941087e-05   3.92247951e-05
    80       1   1.40452011e-03   8.92575481e-03
    80       2   3.21134730e-04   3.00897757e-03
    80       3   4.01687040e-05   1.39882006e-04
    80       4   2.60327065e-05   1.84243996e-05
    81       1   1.58590437e-03   9.15884993e-03
    81       2   9.95572754e-04   3.44561263e-03
    81       3   5.59328458e-04   2.23858229e-04
    81       4   2.20577738e-04   1.84923780e-04
    81       5   1.70031360e-05   1.21778727e-04
    81       6   1.42953861e-06   1.00301431e-05
    82       1   1.50956689e-03   9.16463284e-03
    82       2   1.21413698e-04   2.95138320e-03
    82       3   2.17679280e-05   5.92720165e-05
    83       1   1.32127950e-03   9.00166652e-03
    83       2   1.34820526e-04   2.89673207e-03
    83       3   1.25431786e-05   7.72121916e-05
    84       1   1.12318449e-03   8.83583379e-03
    84       2   1.09160431e-04   2.64394534e-03
    84       3   8.24556106e-06   6.07794801e-05
    85       1   7.21543148e-04   8.45463553e-03
    85       2   2.33547492e-04   2.45617289e-03
    85       3   4.25086339e-05   1.40600478e-04
    85       4   1.55593796e-05   2.09974249e-05
    86       1   3.41889252e-04   8.03259540e-03
    86       2   1.06081027e-03   1.84914072e-03
    86       3   5.40084859e-04   2.88508609e-04
    86       4   1.28191066e-04   3.67929184e-04
    86       5   2.18939779e-05   7.12391503e-05
    87       1   7.67615193e-04   7.36279603e-03
    87       2   4.67266792e-04   1.60611609e-03
    87       3   6.36562695e-05   2.08551841e-04
    87       4   2.39488410e-05   3.22545234e-05
    88       1   1.56381065e-03   6.78543961e-03
    88       2   1.20738151e-03   1.84631743e-03
    88       3   4.28768365e-04   8.80077768e-04
    88       4   1.70882247e-04   3.15277230e-04
    88       5   1.57107405e-05   1.01396807e-04
    88       6   4.49791125e-06   6.05059032e-06
    89       1   2.20771266e-03   6.27375511e-03
    89       2   1.49637888e-03   1.30165277e-03
    89       3   3.91735692e-05   8.03141655e-04
    89       4   1.50956825e-05   1.98100222e-05
    90       1   2.94301479e-03   5.88993318e-03
    90       2   2.75441114e-04   1.94448548e-03
    90       3   7.80685514e-05   2.09985943e-04
    90       4   2.47620262e-06   3.94721426e-05
    91       1   3.84192630e-03   5.66810404e-03
    91       2   1.12752801e-03   3.27272443e-03
    91       3   3.51070422e-05   6.14813332e-04
    91       4   2.83834212e-06   1.80780031e-05
    92       1   4.56582511e-03   5.53919324e-03
    92       2   1.10823579e-05   3.28157871e-03
    92       3   4.10776785e-05   2.84458610e-06
    93       1   4.89971862e-03   5.33667730e-03
    93       2   1.15108691e-06   3.58605041e-03
    93       3   6.34942163e-05   9.37727297e-06
    94       1   5.24314707e-03   5.29659074e-03
    94       2   3.51812028e-04   4.07599095e-03
    94       3   1.78681127e-04   6.36222918e-05
    94       4   6.27684702e-05   6.43307302e-05
    95       1   6.46952141e-03   5.85083010e-03
    95       2   5.79379511e-04   5.22122803e-03
    95       3   1.59723083e-04   3.62841563e-04
    95       4   7.24921551e-06   7.91541408e-05
    96       1   6.37890056e-03   5.75496222e-03
    96       2   1.43712917e-04   4.97970526e-03
    96       3   8.72633597e-05   8.94808495e-05
    97       1   6.14202594e-03   5.52276981e-03
    97       2   5.21030850e-05   4.73041550e-03
    97       3   8.71869790e-05   1.44199877e-05
    98       1   6.34900865e-03   5.61282412e-03
    98       2   8.83035629e-04   5.42357007e-03
    98       3   4.37862112e-04   2.03879028e-04
    98       4   2.45597098e-04   1.06139003e-04
    98       5   2.08321304e-05   1.23370260e-04
    98       6   7.60410769e-06   1.65549047e-05
    99       1   7.04529168e-03   6.15783456e-03
    99       2   1.04512963e-04   5.61717285e-03
    99       3   1.19826815e-04   8.19950665e-05
    99       4   5.11869895e-05   3.59893111e-05
   100       1   6.94413178e-03   6.13834028e-03
   100       2   7.98732489e-04   5.12280540e-03
   100       3   7.36221867e-05   4.27538386e-04
   100       4   1.12959099e-05   3.72694718e-05
   101       1   7.32718843e-03   6.50099029e-03
   101       2   6.76001861e-04   6.24608195e-03
   101       3   1.53513864e-04   4.07548090e-04
   101       4   9.36369575e-06   7.41597915e-05
   102       1   7.45933555e-03   6.65922008e-03
   102       2   3.07412124e-04   6.18907942e-03
   102       3   6.64704324e-05   1.59905151e-04
   102       4   1.26647298e-05   2.71106353e-05
   103       1   7.49609379e-03   6.76960728e-03
   103       2   1.70601836e-04   6.01394631e-03
   103       3   9.18725343e-05   8.28813658e-05
   104       1   7.01061917e-03   6.38631367e-03
   104       2   6.08472857e-05   5.75656550e-03
   104       3   7.38697022e-05   3.46465819e-05
   105       1   7.08562085e-03   6.46832399e-03
   105       2   9.86646743e-05   5.85139275e-03
   105       3   5.38196164e-05   4.39151798e-05
   106       1   7.16812239e-03   6.55633242e-03
   106       2   8.87132653e-05   5.92037943e-03
   106       3   2.85032198e-05   2.33829900e-05
   107       1   7.25469418e-03   6.71957309e-03
   107       2   6.00416029e-05   6.01106741e-03
   107       3   4.34988080e-05   1.59851392e-05
   108       1   7.06262707e-03   6.54526363e-03
   108       2   2.99565558e-06   5.82453806e-03
   108       3   4.97043666e-05   9.94341086e-06
   109       1   6.89743147e-03   6.38384864e-03
   109       2   3.14557872e-04   5.84601954e-03
   109       3   1.80899577e-04   3.22088053e-05
   109       4   1.48843918e-04   1.84686715e-05
   109       5   7.24701128e-05   4.16979603e-05
   110       1   7.55612914e-03   6.94346864e-03
   110       2   4.57581109e-03   3.92263913e-03
   110       3   5.10358976e-05   2.52763983e-03
   110       4   2.08394361e-05   1.68089601e-05
   111       1   6.79380909e-03   6.28233505e-03
   111       2   1.05210153e-03   5.05769104e-03
   111       3   1.47039494e-04   6.82249523e-04
   111       4   7.42479439e-07   7.48940754e-05
   112       1   6.72478111e-03   6.14924811e-03
   112       2   7.42093285e-04   5.90153968e-03
   112       3   7.64555357e-05   4.03264028e-04
   112       4   6.37350980e-06   3.38838537e-05
   113       1   6.46944637e-03   5.90053601e-03
   113       2   1.14439459e-04   5.36038204e-03
   113       3   7.01066782e-05   6.42457527e-05
   114       1   5.83494111e-03   5.30251667e-03
   114       2   2.43922547e-04   4.64121016e-03
   114       3   1.68490772e-04   7.13475758e-05
   114       4   2.65915530e-05   1.05903249e-04
   114       5   2.08060335e-06   1.45938806e-05
   115       1   6.05791016e-03   5.39093950e-03
   115       2   1.30989259e-03   5.58831451e-03
   115       3   1.46156584e-04   7.50281075e-04
   115       4   5.85158283e-07   7.25545571e-05
   116       1   5.87612768e-03   5.20940013e-03
   116       2   3.05394480e-04   4.58786257e-03
   116       3   6.48284684e-05   1.60803051e-04
   116       4   5.60023958e-06   3.91161366e-05
   117       1   5.74242694e-03   5.06642134e-03
   117       2   1.71164018e-04   4.71312696e-03
   117       3   7.69468913e-05   1.01787758e-04
   117       4   1.62960192e-05   3.14438869e-05
   118       1   5.42781463e-03   4.75552823e-03
   118       2   5.39704150e-05   4.31611610e-03
   118       3   5.23914838e-05   3.05951226e-05
   119       1   5.00590720e-03   4.36284065e-03
   119       2   7.65938157e-05   3.93203342e-03
   119       3   1.07617661e-04   1.01379701e-05
   119       4   3.02921300e-04   1.06310114e-04
   119       5   3.43104854e-06   1.65237661e-04
   119       6   2.25213870e-06   1.61394887e-06
   120       1   5.13933859e-03   4.42302569e-03
   120       2   1.38034768e-03   3.33632084e-03
   120       3   2.58028093e-03   6.25781677e-04
   120       4   7.05485742e-04   1.00741685e-03
   120       5   3.35001415e-04   2.09786330e-04
   120       6   1.34512715e-05   1.90668801e-04
   120       7   1.25457576e-05   1.24181066e-05
   121       1   4.88216230e-03   4.21548347e-03
   121       2   9.68636951e-04   3.30740027e-03
   121       3   1.39209071e-04   4.70902440e-04
   121       4   5.50898828e-05   1.09453708e-04
   121       5   1.51313788e-06   2.81607651e-05
   122       1   4.81096904e-03   4.17042496e-03
   122       2   1.26785457e-04   3.64173794e-03
   122       3   3.65157816e-04   1.01282394e-04
   122       4   5.74721214e-04   1.14857602e-04
   122       5   1.98717723e-05   3.21103849e-04
   122       6   5.91401120e-06   1.11339495e-05
   123       1   4.62056029e-03   4.02717008e-03
   123       2   8.95257227e-05   3.59007467e-03
   123       3   3.49339992e-05   4.00170667e-06
   124       1   4.76692109e-03   4.14666420e-03
   124       2   3.35824786e-05   3.65159562e-03
   124       3   9.88286319e-05   4.45858957e-05
   125       1   3.79434053e-03   3.65585511e-03
   125       2   1.86507898e-03   3.80270990e-03
   125       3   4.27386567e-04   7.49437171e-04
   125       4   2.48608115e-04   1.06081696e-04
   125       5   6.23022704e-06   1.37391242e-04
   125       6   1.42210214e-06   2.88332490e-06
   126       1   4.33386700e-03   3.96548524e-03
   126       2   5.52899605e-03   8.67038247e-04
   126       3   1.43374714e-03   2.21630461e-03
   126       4   5.98036797e-05   8.29738307e-04
   126       5   1.32283249e-05   3.27417746e-05
   127       1   4.14709159e-03   3.89353978e-03
   127       2   1.13003122e-03   3.66304180e-03
   127       3   7.75840997e-05   5.45228385e-04
   127       4   1.37590706e-05   5.13452189e-05
   128       1   4.05839725e-03   3.88834340e-03
   128       2   6.04168668e-04   2.67465239e-03
   128       3   1.24722684e-04   2.78964064e-04
   128       4   1.74792242e-05   7.88946233e-05
   129       1   4.16588183e-03   3.97956635e-03
   129       2   1.71689490e-03   2.18138063e-03
   129       3   1.56518837e-04   8.56978926e-04
   129       4   9.53063460e-07   9.29479611e-05
   130       1   3.96963301e-03   3.96605721e-03
   130       2   3.71952709e-04   2.69342823e-03
   130       3   1.60720438e-04   3.07512404e-04
   130       4   1.17251538e-05   7.83076732e-05
   131       1   3.93235052e-03   4.01464324e-03
   131       2   2.16902774e-04   2.72733822e-03
   131       3   2.96910540e-04   2.27778247e-05
   131       4   2.31372683e-05   1.46843870e-04
   131       5   1.68203274e-05   4.85830222e-06
   132       1   3.65290034e-03   4.12842423e-03
   132       2   4.44222427e-04   2.82086125e-03
   132       3   1.09502846e-04   2.76928118e-04
   132       4   1.20419753e-05   6.29869013e-05
   133       1   3.74530764e-03   4.28161071e-03
   133       2   2.17863134e-03   1.57290854e-03
   133       3   6.13948029e-04   8.51273129e-04
   133       4   2.28273061e-04   2.15821526e-04
   133       5   4.78979081e-05   1.50507696e-04
   133       6   5.63450019e-06   2.75142463e-05
   134       1   3.54938285e-03   4.25788827e-03
   134       2   1.43351052e-03   1.77984698e-03
   134       3   6.94521510e-05   7.44795974e-04
   134       4   5.76210122e-05   1.22576861e-05
   135       1   3.11164123e-03   4.15941363e-03
   135       2   4.98160292e-04   2.40291593e-03
   135       3   7.29329519e-06   2.45455424e-04
   135       4   9.11380328e-06   2.35514304e-07
   136       1   3.46143169e-03   4.36210122e-03
   136       2   2.59132381e-03   1.19355406e-03
   136       3   4.85410385e-04   1.13808137e-03
   136       4   1.22598281e-04   2.04415011e-04
   136       5   8.17506688e-06   6.32129303e-05
   137       1   3.29222706e-03   4.46955622e-03
   137       2   3.01426309e-04   2.41461173e-03
   137       3   9.74502201e-05   1.94196091e-04
   137       4   1.19232664e-05   4.37466939e-05
   138       1   3.22919160e-03   4.60411499e-03
   138       2   1.64802129e-03   1.43612288e-03
   138       3   3.77737342e-04   6.90901926e-04
   138       4   5.94943617e-05   1.76699731e-04
   138       5   6.37562857e-06   3.68362382e-05
   139       1   3.30505488e-03   4.67848352e-03
   139       2   7.90797328e-04   1.86968002e-03
   139       3   6.30623852e-05   4.04985281e-04
   139       4   4.53421033e-07   3.77707872e-05
   140       1   3.23694568e-03   4.71595781e-03
   140       2   5.92048172e-04   2.49746765e-03
   140       3   5.16817318e-05   2.72327182e-04
   140       4   4.96933105e-05   2.08170008e-06
   141       1   3.53449084e-03   4.90484808e-03
   141       2   4.43114448e-04   2.18927541e-03
   141       3   1.10178131e-04   1.95508302e-04
   141       4   2.13765826e-05   7.20179156e-05
   142       1   3.33708132e-03   4.96325502e-03
   142       2   3.52913851e-04   2.08979004e-03
   142       3   7.12817649e-06   2.09302781e-04
   142       4   1.33208671e-05   9.62257294e-06
   143       1   3.06445490e-03   4.92438385e-03
   143       2   1.04276395e-03   1.58401944e-03
   143       3   1.46338818e-04   6.46344637e-04
   143       4   2.88024784e-05   5.65377658e-05
   144       1   3.29865693e-03   5.10996773e-03
   144       2   8.31346959e-04   1.82773852e-03
   144       3   2.34192096e-05   4.45450078e-04
   144       4   2.63860612e-05   1.74958341e-06
   145       1   2.90500975e-03   5.19625185e-03
   145       2   1.34799772e-03   1.37008701e-03
   145       3   4.15848538e-05   7.49819899e-04
   145       4   3.21585530e-05   3.21680295e-05
   146       1   2.83101453e-03   5.29136041e-03
   146       2   1.93182046e-03   1.14838356e-03
   146       3   6.63898137e-05   1.06944759e-03
   146       4   2.64397796e-05   4.05535425e-05
   147       1   2.83904729e-03   5.44039473e-03
   147       2   5.36042251e-04   1.66139939e-03
   147       3   3.49743256e-05   2.79514352e-04
   147       4   4.18796591e-05   1.25009137e-06
   148       1   2.73182582e-03   5.52658016e-03
   148       2   1.22176948e-04   1.88292936e-03
   148       3   2.88847244e-05   3.56828387e-05
   149       1   3.18449837e-03   5.53822517e-03
   149       2   9.88098709e-04   2.58383896e-03
   149       3   4.15016769e-04   7.23518328e-04
   149       4   2.29714907e-05   2.26606890e-04
   149       5   6.05131423e-06   6.85620774e-06
   150       1   3.05095940e-03   5.61427424e-03
   150       2   3.19360679e-04   1.88648229e-03
   150       3   5.09391781e-05   2.10814971e-04
   150       4   7.71498738e-06   2.14583033e-05
   151       1   3.04986448e-03   5.59761927e-03
   151       2   5.87290702e-04   1.76268131e-03
   151       3   2.09906979e-05   3.35192442e-04
   151       4   1.24488204e-05   1.49185724e-06
   152       1   3.07537746e-03   5.81025864e-03
   152       2   1.79792280e-05   2.04657173e-03
   152       3   2.17118894e-05   5.29669157e-06
   153       1   2.84091833e-03   5.95181714e-03
   153       2   2.50393819e-04   1.78783646e-03
   153       3   2.70717857e-05   1.60178767e-04
   153       4   1.71618800e-06   1.22932801e-05
   154       1   2.97570334e-03   6.00424856e-03
   154       2   3.04988951e-04   1.84127950e-03
   154       3   2.26014858e-04   5.58755435e-05
   154       4   1.23774227e-04   1.84744343e-04
   154       5   7.80085223e-06   6.78469754e-05
   155       1   2.89635625e-03   6.07035134e-03
   155       2   1.71210350e-04   1.85043837e-03
   155       3   4.11354630e-05   1.26031096e-04
   155       4   7.68695998e-06   1.66592667e-05
   156       1   2.98835033e-03   6.16582196e-03
   156       2   7.72308312e-05   1.94486375e-03
   156       3   6.03234262e-05   2.36653391e-05
   157       1   2.53320059e-03   6.30567140e-03
   157       2   1.20465210e-03   2.22503915e-03
   157       3   1.28025275e-03   5.91947417e-05
   157       4   3.32232175e-04   4.95646414e-04
   157       5   1.73398797e-04   2.72519741e-04
   157       6   1.99646001e-05   7.81759894e-05
   158       1   2.77075827e-03   6.38604931e-03
   158       2   2.79476092e-04   1.74278777e-03
   158       3   6.94017878e-05   1.23078983e-04
   158       4   6.83944856e-05   7.32921180e-05
   159       1   3.33193328e-03   6.39771483e-03
   159       2   3.93622582e-05   2.19431772e-03
   159       3   4.17439366e-04   2.20567601e-04
   159       4   2.20260854e-05   2.04473661e-04
   159       5   7.44796145e-06   9.53646559e-06
   160       1   2.85264848e-03   6.51485146e-03
   160       2   3.39181036e-05   1.91873949e-03
   160       3   2.81124340e-04   1.41758695e-04
   160       4   6.81211665e-05   1.12487249e-04
   160       5   1.63579271e-05   4.54795795e-05
   161       1   2.77755733e-03   6.62236197e-03
   161       2   1.10864361e-03   1.48547999e-03
   161       3   1.80331781e-04   4.91844086e-04
   161       4   4.05604698e-06   9.64333081e-05
   162       1   2.84027650e-03   6.74942039e-03
   162       2   1.18004314e-04   1.85262218e-03
   162       3   2.81777844e-05   6.06853034e-05
   163       1   2.66378032e-03   6.84014698e-03
   163       2   3.54364532e-04   1.68854304e-03
   163       3   2.67938086e-04   3.34708752e-04
   163       4   4.66935921e-05   1.12245374e-04
   163       5   1.47655361e-06   2.42687427e-05
   164       1   2.83291445e-03   6.89770577e-03
   164       2   8.73467071e-05   1.86363852e-03
   164       3   5.86293779e-05   2.90195646e-05
   165       1   2.43871613e-03   7.14046139e-03
   165       2   1.38072354e-03   1.41159621e-03
   165       3   2.36113947e-04   5.97250906e-04
   165       4   6.79545140e-05   1.61988425e-04
   165       5   2.38913620e-05   2.13971654e-05
   166       1   2.95299629e-03   7.13360789e-03
   166       2   8.31675420e-04   1.67957034e-03
   166       3   3.12576536e-05   4.56572550e-04
   166       4   5.97145985e-05   4.34778172e-05
   167       1   2.40635252e-03   7.29281675e-03
   167       2   1.37896061e-05   1.72487820e-03
   167       3   7.04568059e-05   1.81725781e-05
   168       1   2.31803485e-03   7.41605488e-03
   168       2   2.70659926e-03   1.50740252e-03
   168       3   5.72957666e-03   1.55662084e-03
   168       4   5.38485247e-05   2.94797688e-03
   168       5   7.81123871e-05   4.14989462e-05
   169       1   2.24328663e-03   7.50697756e-03
   169       2   3.19476808e-04   1.77588723e-03
   169       3   5.31641846e-05   1.78864374e-04
   169       4   3.15228576e-06   2.45107576e-05
   170       1   2.71825680e-03   7.52354370e-03
   170       2   7.55954337e-04   1.65080125e-03
   170       3   1.81672789e-04   3.04051464e-04
   170       4   2.86437395e-05   1.10015991e-04
   170       5   4.09026140e-06   1.57940244e-05
   171       1   2.72944682e-03   7.60421408e-03
   171       2   1.44373267e-03   2.41354260e-03
   171       3   2.52101979e-04   5.85152405e-04
   171       4   1.50860154e-05   1.45672112e-04
   171       5   3.51460012e-06   8.27373960e-06
   172       1   2.79397742e-03   7.66078681e-03
   172       2   3.36312218e-06   1.91331359e-03
   172       3   3.01984311e-05   2.57149729e-06
   173       1   2.57384874e-03   7.78818900e-03
   173       2   1.80522279e-04   1.78052998e-03
   173       3   6.68505205e-05   1.37068688e-04
   173       4   4.98312716e-06   3.54489061e-05
   174       1   2.70859671e-03   7.86050953e-03
   174       2   2.16738601e-04   1.95668972e-03
   174       3   7.84896367e-05   1.35115110e-04
   174       4   4.21034627e-05   1.70213452e-05
   175       1   2.43033413e-03   8.00144790e-03
   175       2   9.90430499e-05   1.77629586e-03
   175       3   2.82843086e-04   2.03807233e-04
   175       4   1.51346686e-04   6.56430786e-05
   175       5   1.53184677e-05   6.85306909e-05
   176       1   2.74245239e-03   7.96080739e-03
   176       2   1.29348301e-04   1.94602170e-03
   176       3   1.16076851e-04   1.09578592e-04
   176       4   5.40466771e-05   3.00970546e-05
   177       1   2.25288855e-03   8.27097685e-03
   177       2   1.03830800e-03   2.05589493e-03
   177       3   1.15143444e-04   5.68082729e-04
   177       4   3.80547996e-06   5.78440308e-05
   178       1   2.57248848e-03   8.27635402e-03
   178       2   2.89459262e-04   1.95405204e-03
   178       3   1.17817895e-04   1.90149850e-04
   178       4   4.97631367e-05   3.22042167e-05
   179       1   2.17633083e-03   8.40025255e-03
   179       2   4.07019953e-04   1.86668660e-03
   179       3   5.85034616e-05   2.21384640e-04
   179       4   8.71793737e-06   3.21446649e-05
   180       1   2.50912084e-03   8.39310807e-03
   180       2   7.14845670e-05   1.85007070e-03
   180       3   5.83749873e-05   1.84540540e-05
   181       1   2.05364347e-03   8.52992458e-03
   181       2   8.61294979e-04   1.69114166e-03
   181       3   9.69864228e-05   3.85551258e-04
   181       4   2.26449190e-05   4.03182081e-05
   182       1   2.25244026e-03   8.56738229e-03
   182       2   7.68646468e-04   1.71280333e-03
   182       3   5.31595543e-04   6.51246466e-04
   182       4   4.38579673e-06   2.56496248e-04
   182       5   2.01874380e-06   4.24691734e-06
   183       1   2.36410893e-03   8.62222129e-03
   183       2   4.36616106e-05   1.84329387e-03
   183       3   1.80207776e-05   2.36375713e-05
   184       1   2.24485456e-03   8.70779910e-03
   184       2   3.70764428e-05   1.84331619e-03
   184       3   1.27696932e-05   1.35520660e-06
   185       1   2.41915394e-03   8.67619799e-03
   185       2   5.45395169e-05   1.85914071e-03
   185       3   2.80392174e-05   5.15935259e-05
   186       1   2.48608292e-03   8.71227024e-03
   186       2   1.47737930e-04   1.92199552e-03
   186       3   1.28736591e-04   1.23193696e-04
   186       4   6.25211088e-06   5.86665766e-05
   187       1   2.22119091e-03   8.85213413e-03
   187       2   8.13282339e-04   1.76448194e-03
   187       3   9.46794166e-05   4.49042500e-04
   187       4   4.47276722e-06   3.99602682e-05
   188       1   2.23182789e-03   8.87582141e-03
   188       2   4.89458163e-04   1.79434680e-03
   188       3   1.16126861e-04   1.90480074e-04
   188       4   5.99439291e-06   5.49246795e-05
   189       1   2.11483229e-03   8.93058683e-03
   189       2   4.37045929e-05   1.84034546e-03
   189       3   8.06318225e-06   2.68740297e-05
   190       1   2.04683033e-03   9.06393897e-03
   190       2   2.64462962e-04   1.83402492e-03
   190       3   2.16972951e-05   1.46003665e-04
   190       4   2.74279907e-06   8.25416812e-06
   191       1   2.06414798e-03   9.04851879e-03
   191       2   3.51905802e-05   1.85514222e-03
   191       3   7.12719727e-05   7.98123468e-06
   192       1   1.54451728e-03   9.18871303e-03
   192       2   1.34369974e-03   1.94225194e-03
   192       3   1.92611860e-03   2.77681271e-04
   192       4   2.29763620e-04   8.09073664e-04
   192       5   8.13218576e-07   1.17667684e-04
   192       6   7.29303398e-08   5.69166851e-07
   193       1   1.95215551e-03   9.09888287e-03
   193       2   7.82044813e-04   1.82263771e-03
   193       3   3.75921791e-04   5.55169632e-04
   193       4   9.47384262e-06   1.70185751e-04
   193       5   2.15147323e-05   1.54588282e-05
   194       1   1.78884647e-03   9.13611006e-03
   194       2   2.16592297e-04   1.86953714e-03
   194       3   5.13530333e-05   1.19093597e-04
   194       4   1.98172635e-05   1.39631892e-05
   195       1   1.77366303e-03   9.12782861e-03
   195       2   2.90632809e-04   1.87111187e-03
   195       3   4.85815359e-05   1.05797411e-04
   195       4   1.18697516e-05   1.73838702e-05
   196       1   1.95158645e-03   9.09546100e-03
   196       2   8.69549606e-05   1.86458972e-03
   196       3   7.30521500e-05   4.15443514e-06
   197       1   2.32633922e-03   8.95446612e-03
   197       2   9.39807446e-04   2.05870489e-03
   197       3   1.05919804e-04   3.82279026e-04
   197       4   1.16178757e-05   5.62994161e-05
   198       1   1.75437012e-03   9.08600473e-03
   198       2   6.91597886e-04   1.83650446e-03
   198       3   1.42000082e-04   3.97911237e-04
   198       4   6.17331027e-05   3.51348780e-05
   199       1   2.15821898e-03   8.98505621e-03
   199       2   6.81721552e-04   1.80328435e-03
   199       3   1.26439011e-04   3.83003049e-04
   199       4   3.97256171e-05   7.33414009e-05
   200       1   1.45420505e-03   9.12859108e-03
   200       2   9.43916234e-04   1.90535878e-03
   200       3   1.35582643e-04   3.61545876e-04
   200       4   1.74919583e-05   7.81575562e-05
   201       1   1.50542545e-03   9.10905939e-03
   201       2   1.23263906e-04   1.85379904e-03
   201       3   1.67018022e-04   1.32616674e-05
   201       4   1.46077095e-04   9.51650681e-06
   201       5   2.43025763e-04   4.46311199e-05
   201       6   2.51149734e-05   1.23359358e-04
   201       7   4.43083574e-06   1.25401762e-05
   202       1   1.52218917e-03   9.04201418e-03
   202       2   5.22700830e-05   1.83923809e-03
   202       3   5.25226624e-07   1.80725240e-05
   203       1   1.50081950e-03   9.02417538e-03
   203       2   1.75295606e-04   1.83878490e-03
   203       3   5.97937695e-05   4.61981180e-05
   204       1   1.85443194e-03   8.88248375e-03
   204       2   7.49358031e-05   1.80421599e-03
   204       3   6.78241917e-05   1.05878266e-05
   205       1   1.01269740e-03   9.04048735e-03
   205       2   4.78238977e-05   1.89441001e-03
   205       3   2.94462909e-05   3.72150857e-05
   206       1   1.57576123e-03   8.79439281e-03
   206       2   1.02489702e-03   1.82834991e-03
   206       3   6.20798209e-04   1.85978902e-04
   206       4   1.66038692e-04   2.07255397e-04
   206       5   1.89860809e-05   6.83310055e-05
   207       1   1.22873709e-03   8.82024599e-03
   207       2   2.61082196e-04   1.82711379e-03
   207       3   8.41169662e-06   1.17564220e-04
   207       4   9.03927402e-06   5.85614150e-07
   208       1   1.25891036e-03   8.72447046e-03
   208       2   3.11454863e-04   1.80609615e-03
   208       3   9.32112569e-06   1.47713358e-04
   208       4   4.09088127e-07   3.62657878e-06
   209       1   1.27749159e-03   8.62621802e-03
   209       2   1.23711423e-04   1.77318434e-03
   209       3   3.76099371e-05   4.38889084e-05
   210       1   1.02082211e-03   8.61631649e-03
   210       2   2.55265491e-04   1.81588152e-03
   210       3   1.50800997e-04   1.82935319e-04
   210       4   1.28094650e-05   7.25629481e-05
   211       1   1.14658859e-03   8.50050302e-03
   211       2   3.58207518e-04   1.77879256e-03
   211       3   1.83890520e-05   1.53762284e-04
   211       4   2.30291540e-06   8.31870228e-06
   212       1   1.18801412e-03   8.34312502e-03
   212       2   1.96719736e-04   1.71192757e-03
   212       3   5.53032018e-05   1.08135619e-04
   212       4   1.49722055e-05   3.10123317e-05
   213       1   1.27294669e-03   8.20355990e-03
   213       2   3.50349589e-04   1.67902251e-03
   213       3   5.81211629e-06   1.51054304e-04
   213       4   4.68339416e-06   4.37348667e-06
   214       1   1.19069493e-03   8.09224869e-03
   214       2   2.15462804e-04   1.65705845e-03
   214       3   2.44694648e-05   1.01957133e-04
   214       4   1.00974441e-06   1.12356736e-05
   215       1   1.13113789e-03   7.98993024e-03
   215       2   4.48329176e-04   1.67578688e-03
   215       3   6.67424366e-06   2.01645014e-04
   215       4   3.01243876e-06   3.77994128e-07
   216       1   1.10295339e-03   7.86668778e-03
   216       2   3.41763865e-04   1.64332984e-03
   216       3   9.84168525e-06   1.47165927e-04
   216       4   1.16120424e-06   4.24789796e-06
   217       1   1.02224227e-03   7.73034274e-03
   217       2   4.52025445e-04   1.63779362e-03
   217       3   1.62873142e-05   2.05182148e-04
   217       4   6.36758853e-06   8.57403527e-06
   218       1   9.38482607e-04   7.62516880e-03
   218       2   9.29330679e-04   1.69785569e-03
   218       3   2.42431524e-05   3.90432302e-04
   218       4   2.20904917e-05   2.24014506e-05
   219       1   1.06782582e-03   7.50297589e-03
   219       2   9.24689705e-04   1.55904624e-03
   219       3   6.12629074e-04   1.24309972e-04
   219       4   1.73649065e-04   1.95011008e-04
   219       5   2.97757753e-05   8.67337544e-05
   220       1   7.11529219e-04   7.42925634e-03
   220       2   9.92210135e-04   1.73160786e-03
   220       3   5.23107522e-05   4.46855217e-04
   220       4   7.00683767e-05   9.53950414e-06
   221       1   1.30132429e-03   7.06213267e-03
   221       2   2.73702169e-04   1.43920550e-03
   221       3   7.73756906e-05   1.52955431e-04
   221       4   1.15353104e-05   2.73485625e-05
   222       1   9.21694410e-04   6.97642262e-03
   222       2   1.45543156e-03   1.49610566e-03
   222       3   2.50610923e-04   5.03552640e-04
   222       4   1.25443967e-05   1.07482623e-04
   222       5   4.53716340e-06   7.20323018e-06
   223       1   7.85171766e-04   6.86621622e-03
   223       2   1.80872062e-04   1.45818115e-03
   223       3   4.68097352e-06   8.07356119e-05
   224       1   8.03284847e-04   6.69845023e-03
   224       2   6.36377056e-05   1.40744719e-03
   224       3   7.28164233e-05   2.28868759e-06
   225       1   3.22640402e-04   6.72328632e-03
   225       2   3.88137611e-03   2.59189939e-03
   225       3   4.82419041e-05   1.63373927e-03
   225       4   6.00068861e-05   3.31045828e-05
   226       1   3.51784057e-04   6.53869213e-03
   226       2   9.24865068e-04   1.63861914e-03
   226       3   7.68242978e-05   3.53953922e-04
   226       4   1.23344801e-05   3.84456967e-05
   227       1   7.69936527e-04   6.19890560e-03
   227       2   5.11471924e-04   1.34519684e-03
   227       3   2.37852063e-05   2.25031327e-04
   227       4   5.63057921e-07   9.37775883e-06
   228       1   7.03130881e-04   6.01086215e-03
   228       2   8.90763140e-04   1.24557281e-03
   228       3   1.72628889e-05   3.69860157e-04
   228       4   5.57102604e-06   2.37913844e-06
   229       1   7.45948154e-04   5.76638684e-03
   229       2   1.23516246e-05   1.19879602e-03
   229       3   1.21833751e-05   8.60521102e-06
   230       1   6.30587815e-04   5.61819314e-03
   230       2   5.99785429e-05   1.18599111e-03
   230       3   3.15049242e-05   1.23121848e-05
   231       1   4.97288761e-04   5.48982715e-03
   231       2   3.94833103e-05   1.17306936e-03
   231       3   5.19112542e-06   1.75882544e-05
   232       1   6.39456652e-04   5.24737771e-03
   232       2   1.76171900e-04   1.11108643e-03
   232       3   2.33799750e-06   7.25308747e-05
   233       1   6.44151965e-04   5.04643545e-03
   233       2   2.01871893e-04   1.04013892e-03
   233       3   2.89427546e-06   8.31526232e-05
   234       1   6.22651961e-04   4.83535661e-03
   234       2   3.30111805e-06   1.00514154e-03
   234       3   1.06935620e-05   6.10531049e-06
   235       1   6.84407292e-04   4.62458579e-03
   235       2   7.32545610e-06   9.51091814e-04
   235       3   3.18689399e-05   8.90122061e-06
   236       1   3.96788589e-04   4.48310831e-03
   236       2   1.37617788e-04   9.46743499e-04
   236       3   1.56914735e-04   7.46584891e-06
   236       4   1.57859360e-04   3.50497965e-07
   236       5   3.20563397e-05   5.09558865e-05
   237       1   7.66529270e-04   4.21003224e-03
   237       2   1.73529646e-04   8.58064441e-04
   237       3   2.66939179e-05   6.07793025e-05
   238       1   3.83172733e-04   4.13506843e-03
   238       2   6.46220833e-04   8.54442471e-04
   238       3   8.64813779e-05   2.88817301e-04
   238       4   2.99915859e-05   1.55238897e-05
   239       1   3.37112027e-04   3.97276944e-03
   239       2   6.49338180e-04   9.59385062e-04
   239       3   6.67875149e-05   2.88991329e-04
   239       4   4.62438493e-05   4.54798548e-05
   240       1   2.18094082e-04   3.72695299e-03
   240       2   3.38885696e-04   8.80615194e-04
   240       3   1.32423151e-04   1.89440876e-04
   240       4   1.04434005e-05   5.74215207e-05
   241       1   4.17299006e-04   3.49862664e-03
   241       2   1.83241032e-04   7.47420429e-04
   241       3   2.44501233e-05   6.37652692e-05
   242       1   3.27304936e-04   3.30932884e-03
   242       2   4.92029967e-04   6.81387284e-04
   242       3   1.25259984e-04   2.39990450e-04
   242       4   1.03804277e-05   4.69765266e-05
   243       1   5.51099705e-04   3.05604084e-03
   243       2   4.36057790e-05   6.19029473e-04
   243       3   3.58987898e-05   3.14760029e-05
   244       1   7.27312001e-04   2.78630999e-03
   244       2   2.08857144e-05   5.69208765e-04
   244       3   1.71865414e-05   1.00755178e-06
   245       1   6.17433169e-04   2.62869142e-03
   245       2   7.07653626e-04   6.35716730e-04
   245       3   5.08231637e-04   7.20697084e-05
   245       4   1.00342337e-04   1.62247905e-04
   245       5   1.77129066e-05   4.03777537e-05
   246       1   6.12101767e-04   2.41189781e-03
   246       2   1.36815854e-04   4.81348050e-04
   246       3   3.00533875e-05   4.28729819e-05
   247       1   2.87841377e-04   2.32148090e-03
   247       2   3.20990940e-04   4.74617261e-04
   247       3   1.29434441e-04   1.77783815e-04
   247       4   2.50638339e-05   4.14833799e-05
   248       1   2.88073035e-04   2.15053276e-03
   248       2   2.92731493e-04   4.71582797e-04
   248       3   7.41626030e-05   8.67116515e-05
   249       1   8.54217387e-05   2.07221815e-03
   249       2   2.28068365e-04   4.58613147e-04
   249       3   3.98061824e-05   7.49359097e-05
   250       1   6.58223756e-04   1.68583402e-03
   250       2   5.03833824e-04   3.26718905e-04
   250       3   1.69917943e-04   2.68920955e-04
   250       4   1.06346025e-05   7.15060109e-05
   251       1   3.37392922e-04   1.55277124e-03
   251       2   8.05910973e-04   4.19703395e-04
   251       3   1.68544050e-04   3.85892442e-04
   251       4   2.53520754e-05   5.13236642e-05
   252       1   5.72296105e-04   1.30917670e-03
   252       2   2.23059718e-04   3.74597922e-04
   252       3   1.56076644e-05   8.20550212e-05
   253       1   5.20720107e-04   1.16408423e-03
   253       2   1.26305240e-04   3.17309619e-04
   253       3   1.02599699e-06   5.01364408e-05
   254       1   4.02030114e-04   1.00787331e-03
   254       2   3.78695612e-05   2.21901022e-04
   254       3   3.69465581e-05   3.91688009e-07
   255       1   1.50903009e-04   9.20315637e-04
   255       2   8.08912193e-06   1.81285035e-04
   255       3   1.81378212e-05   3.75672863e-06
   256       1   2.52684315e-04   7.20509073e-04
   256       2   9.18736432e-04   3.21728648e-04
   256       3   6.93029518e-05   3.35224107e-04
   256       4   3.66117565e-05   1.35243474e-05
   257       1   1.25635041e-04   6.04317241e-04
   257       2   1.10216787e-03   4.70332820e-04
   257       3   1.32439305e-05   4.39547437e-04
   257       4   2.40726493e-05   7.42265613e-06
   258       1   5.17423154e-04   4.38890177e-04
   258       2   1.74562163e-03   9.56915269e-04
   258       3   2.66359181e-04   5.80226701e-04
   258       4   2.13231257e-04   2.38387768e-05
   258       5   1.73797825e-05   8.15761973e-05
   259       1   4.89106639e-04   3.51089362e-04
   259       2   8.78342568e-05   2.38026835e-04
   259       3   7.39794643e-05   6.41287145e-05
   260       1   8.49736586e-04   5.38710598e-04
   260       2   3.48429289e-04   6.35238124e-04
   260       3   4.64029623e-04   3.17563655e-04
   260       4   1.49627984e-04   2.40993538e-04
   260       5   1.15266074e-05   5.28572575e-05
   261       1   4.57445578e-04   3.79764422e-04
   261       2   5.53731925e-05   2.78655432e-04
   261       3   7.32535216e-07   2.22760193e-05
   262       1   3.54709146e-04   3.82654496e-04
   262       2   3.96098691e-04   1.24874264e-04
   262       3   3.43526625e-05   1.43136973e-04
   262       4   1.91582849e-07   1.36523024e-05
   263       1   3.09641956e-04   4.62196304e-04
   263       2   1.97957958e-04   1.82984655e-04
   263       3   1.28832802e-05   7.30710815e-05
   264       1   2.00286980e-04   5.33828818e-04
   264       2   1.70200318e-04   2.68188351e-04
   264       3   1.27619779e-05   5.45733590e-05
   265       1   3.41575725e-04   7.34380506e-04
   265       2   5.55424267e-04   5.23117503e-04
   265       3   1.01806109e-04   2.58279726e-04
   265       4   3.12888894e-05   4.49028662e-05
   266       1   4.57487191e-04   9.34056268e-04
   266       2   6.46454258e-04   6.53523907e-04
   266       3   2.94649189e-04   1.39816283e-04
   266       4   1.36593846e-04   6.24973244e-05
   266       5   1.59921084e-06   5.48276425e-05
   267       1   2.53393483e-04   9.61568068e-04
   267       2   1.37818899e-04   3.72369203e-04
   267       3   1.09905828e-04   9.13074314e-05
   267       4   1.09947829e-04   6.03864414e-06
   267       5   9.08668665e-07   4.28812067e-05
   268       1   2.47774152e-04   1.06164083e-03
   268       2   6.39602435e-05   3.31467557e-04
   268       3   3.80178158e-05   1.00666487e-05
   269       1   3.97410432e-05   1.06486978e-03
   269       2   4.69190990e-04   3.69425150e-04
   269       3   3.06748533e-04   3.00234443e-04
   269       4   4.97906407e-04   8.23604626e-05
   269       5   1.12924400e-05   2.01527564e-04
   269       6   6.59068144e-06   5.48765617e-06
   270       1   2.67708247e-04   1.29485709e-03
   270       2   9.23754234e-04   3.02007462e-04
   270       3   5.07489736e-05   3.48305406e-04
   270       4   2.65083584e-06   1.82490242e-05
   271       1   1.98373585e-04   1.40003624e-03
   271       2   1.71546303e-04   4.49111372e-04
   271       3   5.78135547e-05   3.84489778e-05
   272       1   6.03118836e-04   1.68597921e-03
   272       2   5.16833168e-04   8.08265754e-04
   272       3   1.83609335e-05   1.88489764e-04
   272       4   1.36339665e-05   9.28893945e-06
   273       1   3.18287467e-04   1.70141521e-03
   273       2   7.34756301e-04   7.54738161e-04
   273       3   9.05621650e-06   2.87199387e-04
   273       4   5.58277851e-05   3.30720406e-05
   274       1   1.50868467e-04   1.57472332e-03
   274       2   1.00832112e-03   4.58604758e-04
   274       3   6.77169795e-05   4.28001714e-04
   274       4   5.98316592e-06   1.77393546e-05
   275       1   2.24196720e-04   1.78352017e-03
   275       2   1.29868500e-03   4.43329947e-04
   275       3   9.20133398e-06   5.19391959e-04
   275       4   2.30273107e-05   4.54264838e-06
   276       1   7.17766718e-05   1.82605267e-03
   276       2   1.39967575e-04   4.23033186e-04
   276       3   2.97149433e-05   4.39803032e-05
   277       1   7.06634460e-05   1.88603468e-03
   277       2   3.58745567e-04   5.19486147e-04
   277       3   9.29805242e-06   1.46212298e-04
   277       4   1.45849620e-05   9.37757732e-06
   278       1   2.54312211e-04   2.09034412e-03
   278       2   1.02214341e-03   4.59307061e-04
   278       3   2.83380583e-05   4.19952687e-04
   278       4   3.34630285e-04   1.44783414e-04
   278       5   2.66276839e-04   2.74380710e-05
   278       6   2.28151641e-04   1.55016914e-05
   278       7   1.15982558e-04   4.32824363e-05
   278       8   1.08939724e-05   4.16186754e-05
   279       1   1.01811805e-04   2.12425074e-03
   279       2   3.88991850e-04   6.25101806e-04
   279       3   3.02731157e-05   1.43094272e-04
   279       4   8.26054482e-07   1.19599381e-05
   280       1   1.58350530e-04   2.22120240e-03
   280       2   3.03802895e-04   6.52122891e-04
   280       3   2.13586809e-05   1.30326884e-04
   280       4   5.56022039e-06   6.44864882e-06
   281       1   1.15872842e-04   2.27675121e-03
   281       2   1.65657807e-05   5.75244020e-04
   281       3   1.47667774e-04   5.39605953e-05
   281       4   9.84046170e-05   9.85118598e-05
   282       1   5.26978295e-04   2.14805201e-03
   282       2   5.89611914e-04   5.29973512e-04
   282       3   3.10411654e-05   2.41109445e-04
   282       4   1.14524709e-05   5.01904450e-07
   283       1   1.65697436e-04   2.40790849e-03
   283       2   1.05478403e-03   5.26055949e-04
   283       3   1.76020997e-04   4.93210356e-04
   283       4   7.09029709e-05   9.11506216e-05
   284       1   3.84019376e-04   2.32013397e-03
   284       2   2.45521995e-04   4.96723597e-04
   284       3   2.42103774e-05   8.86723159e-05
   285       1   2.33241461e-04   2.57303417e-03
   285       2   6.16232165e-05   6.93354437e-04
   285       3   7.27838097e-06   1.99229006e-05
   286       1   9.29416697e-05   2.58015866e-03
   286       2   1.67810290e-04   6.57053658e-04
   286       3   4.01909987e-05   8.35646049e-05
   287       1   2.02896706e-04   2.54546243e-03
   287       2   1.51182845e-04   5.79342052e-04
   287       3   1.62760926e-05   5.42675754e-05
   288       1   1.73499739e-04   2.71443338e-03
   288       2   4.43361694e-04   6.11951796e-04
   288       3   2.36762674e-05   1.68914008e-04
   288       4   1.18521061e-04   6.48680311e-05
   288       5   3.47619102e-05   3.36252668e-05
   289       1   2.73747200e-04   2.81345500e-03
   289       2   2.18011139e-04   8.05682932e-04
   289       3   7.60093214e-05   5.03207336e-05
   290       1   5.27126431e-04   2.96809778e-03
   290       2   2.23807729e-04   9.51200607e-04
   290       3   1.51398233e-04   2.17246658e-05
   290       4   2.18879938e-05   5.22556144e-05
   291       1   1.81807784e-04   2.88038033e-03
   291       2   5.13565557e-04   8.66197717e-04
   291       3   1.80232446e-04   1.34512381e-04
   291       4   9.20322069e-05   3.59208777e-05
   292       1   5.85953964e-04   3.05908489e-03
   292       2   5.97876925e-05   9.14930592e-04
   292       3   3.79422331e-05   3.98322945e-05
   293       1   2.13152818e-04   2.95274732e-03
   293       2   8.64869853e-05   7.39887111e-04
   293       3   4.38917643e-05   6.01745284e-05
   294       1   2.04740446e-04   2.96435674e-03
   294       2   3.79355496e-04   6.85663450e-04
   294       3   2.05934489e-04   7.04258585e-05
   294       4   6.50407226e-05   1.10232291e-04
   294       5   5.66262464e-06   1.67849488e-05
   295       1   1.34389036e-04   2.88678169e-03
   295       2   3.98287907e-05   6.50105463e-04
   295       3   4.80632608e-05   3.50855871e-06
   296       1   4.98513754e-04   2.77506380e-03
   296       2   1.54834056e-04   5.68945659e-04
   296       3   3.24861439e-05   5.00072294e-05
   297       1   4.25810704e-04   2.81246008e-03
   297       2   2.20286392e-04   5.78479052e-04
   297       3   1.63525529e-04   1.52077163e-05
   297       4   7.45461109e-05   4.38290647e-05
   298       1   7.04003766e-04   2.74787665e-03
   298       2   3.96387495e-05   5.59084324e-04
   298       3   4.01273799e-05   1.30088499e-06
   299       1   1.13800103e-04   3.00180957e-03
   299       2   8.04388570e-05   7.40543353e-04
   299       3   1.46988872e-04   9.14462676e-05
   299       4   9.25409051e-05   1.46621895e-05
   300       1   7.63700494e-04   2.78755602e-03
   300       2   1.71073127e-04   5.62147163e-04
   300       3   3.78898392e-05   5.61733776e-05
   301       1   1.42965049e-04   3.04743670e-03
   301       2   2.43759438e-05   7.53482694e-04
   301       3   4.06718396e-05   1.28193299e-05
   302       1   2.00413838e-04   3.09509130e-03
   302       2   2.35534293e-04   8.46008931e-04
   302       3   5.04966400e-05   1.16864450e-04
   302       4   5.81309814e-06   1.84698276e-05
   303       1   1.30576312e-04   3.02809660e-03
   303       2   2.60245370e-04   7.41247553e-04
   303       3   5.68116187e-05   8.42134709e-05
   304       1   3.31923503e-04   3.17782751e-03
   304       2   3.20153411e-04   9.42366159e-04
   304       3   1.38216178e-04   7.00522706e-05
   304       4   4.95574201e-06   5.48951310e-05
   305       1   1.02370418e-04   3.06117436e-03
   305       2   1.46088056e-04   6.93797617e-04
   305       3   9.74965237e-05   1.02466040e-04
   305       4   4.36779678e-05   5.83141210e-05
   306       1   3.73176058e-04   2.92757482e-03
   306       2   1.88674794e-04   6.03515159e-04
   306       3   1.46353079e-04   1.05146555e-05
   306       4   1.05958659e-05   7.20347835e-05
   307       1   1.11338904e-04   3.00189358e-03
   307       2   1.38080455e-04   6.70199338e-04
   307       3   1.34873847e-04   1.12475960e-04
   307       4   5.59957975e-06   5.34559529e-05
   308       1   1.46848268e-04   2.98297339e-03
   308       2   2.14701798e-04   6.43888423e-04
   308       3   2.17653601e-05   7.28678198e-05
   309       1   3.33070934e-04   2.90992047e-03
   309       2   5.10762056e-05   6.15931906e-04
   309       3   3.44240664e-05   7.19090586e-06
   310       1   9.94460501e-05   3.00108852e-03
   310       2   3.28817509e-04   7.83362484e-04
   310       3   4.09474422e-05   1.54180314e-04
   310       4   3.19065571e-05   3.03858739e-05
   311       1   9.88897442e-05   3.00377607e-03
   311       2   2.34094100e-05   7.06454535e-04
   311       3   3.23548971e-05   3.81448891e-06
   312       1   4.17893469e-04   2.85983399e-03
   312       2   1.92487260e-04   6.03206431e-04
   312       3   4.15138037e-05   6.27261183e-05
   313       1   1.07518066e-04   2.97978854e-03
   313       2   3.75271032e-05   7.25787176e-04
   313       3   5.08751923e-06   1.31918054e-05
   314       1   1.91078804e-04   2.89016410e-03
   314       2   1.08305044e-04   6.52019197e-04
   314       3   6.98226651e-05   7.44485945e-05
   315       1   6.68181434e-04   2.71805721e-03
   315       2   2.61158559e-05   5.54556833e-04
   315       3   7.48285788e-05   4.31682842e-05
   316       1   7.16829121e-04   2.65829938e-03
   316       2   2.07914259e-06   5.50767022e-04
   316       3   3.64427026e-05   1.66557690e-05
   317       1   4.71049877e-04   2.70138358e-03
   317       2   5.69457007e-05   5.50491887e-04
   317       3   1.43727396e-04   3.63575880e-05
   317       4   1.55443137e-04   5.01892803e-06
   317       5   1.70943642e-04   6.47748438e-06
   317       6   7.18027515e-05   1.02264809e-04
   317       7   4.26977530e-06   3.21547820e-05
   318       1   1.93447587e-04   2.77233710e-03
   318       2   3.31303396e-04   6.62438942e-04
   318       3   3.01752624e-05   1.27172292e-04
   318       4   8.50313664e-06   9.09946725e-06
   319       1   1.39950721e-04   2.80392237e-03
   319       2   2.76914830e-04   6.80946991e-04
   319       3   1.35796624e-07   1.17048853e-04
   319       4   3.19184919e-05   1.34034132e-05
   320       1   1.08520009e-04   2.83670184e-03
   320       2   4.27377139e-04   6.20816576e-04
   320       3   1.29941321e-04   2.36019550e-04
   320       4   4.06310655e-05   6.44607677e-05
   321       1   3.89782226e-04   2.66890659e-03
   321       2   5.89889320e-04   6.27100308e-04
   321       3   2.15539061e-04   3.41897205e-04
   321       4   5.65848798e-05   1.14659471e-04
   321       5   2.91812393e-06   2.28365929e-05
   322       1   1.39702360e-04   2.69639486e-03
   322       2   2.43811206e-05   5.99127362e-04
   322       3   3.34117776e-06   1.19220854e-05
   323       1   1.42379063e-04   2.66986863e-03
   323       2   2.03461628e-04   5.71924013e-04
   323       3   4.67703963e-06   8.29947302e-05
   324       1   1.42161904e-04   2.62915651e-03
   324       2   2.41679353e-04   6.28781397e-04
   324       3   9.82721726e-05   6.11514992e-05
   325       1   4.69982497e-04   2.83574818e-03
   325       2   2.60549362e-04   9.16252552e-04
   325       3   2.19999644e-04   9.22047895e-06
   325       4   3.72488672e-05   7.79075447e-05
   326       1   1.11092106e-04   2.66683588e-03
   326       2   1.11887924e-04   6.31167505e-04
   326       3   1.99974810e-05   4.54613658e-05
   327       1   3.20861235e-04   2.48797276e-03
   327       2   5.16135339e-06   5.16425082e-04
   327       3   3.42659007e-05   1.71347618e-05
   328       1   8.01610212e-05   2.52207079e-03
   328       2   8.46451408e-05   5.73742439e-04
   328       3   1.77757176e-04   4.35959628e-05
   328       4   1.53156624e-04   1.04897059e-05
   328       5   2.54312349e-06   6.48356328e-05
   329       1   2.67754924e-04   2.41244243e-03
   329       2   5.92168950e-05   5.01979445e-04
   329       3   1.04045718e-06   2.57622974e-05
   330       1   2.63115667e-04   2.36020009e-03
   330       2   1.30964990e-04   5.09040657e-04
   330       3   3.81693195e-05   7.26510268e-05
   331       1   5.13212586e-04   2.25706216e-03
   331       2   3.96770013e-05   4.63211401e-04
   331       3   5.27012953e-05   3.94040406e-05
   332       1   1.05841755e-04   2.40324499e-03
   332       2   9.53310671e-05   6.13708978e-04
   332       3   2.64458118e-05   2.93840140e-05
   333       1   8.87203306e-05   2.34578474e-03
   333       2   3.02039834e-04   6.01369044e-04
   333       3   1.12206274e-04   8.10005464e-05
   333       4   1.80259074e-04   2.88919826e-05
   333       5   1.80338848e-04   6.98111807e-08
   333       6   1.40803996e-04   1.69389088e-05
   333       7   2.29589985e-06   6.17235887e-05
   334       1   2.24383528e-04   2.24577017e-03
   334       2   3.10251380e-04   5.23158695e-04
   334       3   2.06970960e-05   1.42582909e-04
   334       4   6.87132493e-06   1.21756156e-05
   335       1   1.57977470e-04   2.22537195e-03
   335       2   3.51096635e-05   4.81158712e-04
   335       3   2.28705157e-05   2.51045878e-05
   336       1   7.50058710e-05   2.22182263e-03
   336       2   1.21970501e-04   5.38190679e-04
   336       3   5.40702128e-05   2.93286043e-05
   337       1   1.86178405e-04   2.27604642e-03
   337       2   1.25572643e-04   6.28870037e-04
   337       3   1.57301144e-05   3.92295537e-05
   338       1   8.57715181e-05   2.15471023e-03
   338       2   1.68067049e-04   4.68101588e-04
   338       3   5.95430909e-05   4.28294124e-05
   339       1   5.62752344e-04   1.94771306e-03
   339       2   1.85261403e-05   4.14315287e-04
   339       3   4.52784199e-05   1.18146543e-05
   340       1   4.95001614e-04   1.89824067e-03
   340       2   3.06492870e-05   3.90259586e-04
   340       3   1.43121067e-05   7.43299413e-06
   341       1   1.20915012e-04   1.98070141e-03
   341       2   6.76418953e-05   4.46489099e-04
   341       3   8.49574019e-05   6.62430863e-05
   342       1   7.34930626e-04   1.78978387e-03
   342       2   1.59362767e-04   3.97464924e-04
   342       3   3.29050257e-05   8.48999288e-05
   343       1   3.95748282e-04   1.82037905e-03
   343       2   2.24461369e-04   3.70096395e-04
   343       3   4.69345341e-06   9.94733779e-05
   344       1   1.91555099e-04   1.84991634e-03
   344       2   3.10767558e-04   4.38686684e-04
   344       3   4.71440518e-06   1.37074084e-04
   344       4   2.58982791e-06   1.09009969e-06
   345       1   1.49329332e-04   1.84363958e-03
   345       2   5.83980300e-05   4.06552181e-04
   345       3   5.53527067e-07   2.56059894e-05
   346       1   1.15936064e-04   1.82162240e-03
   346       2   6.36479513e-05   4.11404936e-04
   346       3   1.31295610e-05   3.32110733e-05
   347       1   1.80954017e-04   1.76068042e-03
   347       2   1.01119935e-04   3.84668199e-04
   347       3   8.44703791e-07   4.34470180e-05
   348       1   9.72328731e-05   1.74756762e-03
   348       2   1.36416053e-05   3.90058541e-04
   348       3   5.96766739e-05   3.10712747e-05
   349       1   4.83233942e-04   1.58827189e-03
   349       2   5.74192016e-06   3.42188560e-04
   349       3   5.07666119e-05   1.88602042e-05
   350       1   4.49051160e-04   1.55316886e-03
   350       2   3.32572156e-04   4.02546258e-04
   350       3   7.27986880e-05   9.71159387e-05
   351       1   6.18096761e-04   1.45742552e-03
   351       2   1.17786685e-04   4.00801523e-04
   351       3   1.26815135e-04   3.11692368e-06
   351       4   3.16976746e-05   4.06740965e-05
   352       1   3.45728883e-04   1.50508918e-03
   352       2   1.00541950e-04   3.17691999e-04
   352       3   3.34850585e-05   3.36891422e-05
   353       1   9.41072940e-05   1.63664620e-03
   353       2   9.66496246e-05   3.80998881e-04
   353       3   2.25888639e-04   1.56911214e-04
   353       4   9.99595793e-05   5.47569174e-05
   354       1   5.64550239e-04   1.85988298e-03
   354       2   3.51156455e-04   8.14870039e-04
   354       3   1.14559061e-04   9.27920087e-05
   354       4   8.37263165e-06   5.73562759e-05
   355       1   5.00085569e-05   1.57702511e-03
   355       2   7.85844389e-05   3.55292767e-04
   355       3   2.24172087e-04   1.48324275e-04
   355       4   2.92533446e-04   2.30917102e-04
   355       5   1.11897197e-03   6.10874346e-04
   355       6   9.61810025e-04   6.40898918e-05
   355       7   3.45607961e-04   2.70922281e-04
   355       8   2.34774000e-04   4.48851261e-05
   355       9   3.09307851e-04   2.88564292e-05
   355      10   1.97437527e-04   4.60122715e-05
   355      11   2.24150649e-05   1.01771812e-04
   355      12   2.15960304e-05   3.28828693e-07
   356       1   2.25811265e-04   1.42206646e-03
   356       2   2.36458927e-04   3.13114073e-04
   356       3   9.77955020e-05   5.40725500e-05
   357       1   5.51986843e-04   1.74378859e-03
   357       2   2.78418732e-04   7.65806435e-04
   357       3   2.04451919e-05   1.13075740e-04
   357       4   1.02751818e-05   2.32487113e-05
   358       1   1.77703123e-04   1.38652262e-03
   358       2   2.96401463e-04   2.94594875e-04
   358       3   5.18306041e-05   1.29502042e-04
   358       4   1.78390842e-05   2.81691510e-05
   359       1   4.58870928e-05   1.40122688e-03
   359       2   1.24073296e-04   3.00518681e-04
   359       3   1.46490287e-06   5.80173255e-05
   360       1   1.73106302e-04   1.30794179e-03
   360       2   1.93403774e-04   2.90417016e-04
   360       3   4.96373315e-05   1.05518506e-04
   360       4   3.72898240e-05   5.40603001e-06
   361       1   4.20086085e-04   1.19914285e-03
   361       2   3.85810342e-04   2.27559561e-04
   361       3   1.79792633e-05   1.53971630e-04
   361       4   5.94493970e-05   1.63760196e-05
   362       1   1.94832605e-04   1.38035439e-03
   362       2   8.52119722e-05   3.70707038e-04
   362       3   1.83549766e-05   3.26163562e-05
   363       1   2.83572494e-04   1.19727655e-03
   363       2   3.30093465e-05   2.48657912e-04
   363       3   7.73040288e-06   1.84422100e-05
   364       1   1.14147922e-04   1.20723071e-03
   364       2   5.69894007e-05   2.67441282e-04
   364       3   2.51476118e-05   3.82012307e-05
   365       1   3.03632885e-04   1.12848623e-03
   365       2   3.38764477e-05   2.32484306e-04
   365       3   5.44233775e-06   1.28654341e-05
   366       1   1.00817386e-04   1.15724351e-03
   366       2   1.45229061e-04   2.72422402e-04
   366       3   4.57010428e-05   4.40331397e-05
   367       1   1.81640334e-04   1.25266320e-03
   367       2   9.79009519e-05   3.39168866e-04
   367       3   1.31730905e-04   1.50265417e-05
   367       4   3.11292257e-06   5.63771381e-05
   368       1   1.12480818e-04   1.11752675e-03
   368       2   1.27848852e-04   2.56108721e-04
   368       3   2.51638419e-05   4.58260297e-05
   369       1   7.73607320e-05   1.15354332e-03
   369       2   1.18437624e-04   3.33187710e-04
   369       3   1.89067576e-04   1.42734274e-04
   369       4   1.20165308e-05   8.81109804e-05
   370       1   3.44149437e-05   1.09530768e-03
   370       2   2.30412508e-04   3.15883603e-04
   370       3   4.19913619e-05   8.38851431e-05
   371       1   1.80654214e-04   1.14620432e-03
   371       2   3.00841427e-04   4.44381337e-04
   371       3   3.55358904e-04   2.94928993e-04
   371       4   7.49806128e-05   1.88256305e-04
   371       5   1.82037002e-05   3.17323854e-05
   372       1   2.00041592e-04   9.84958041e-04
   372       2   1.29174892e-05   2.01058266e-04
   372       3   9.09563161e-05   4.58774436e-05
   373       1   6.87056151e-04   8.79639622e-04
   373       2   4.78187160e-05   3.58219316e-04
   373       3   2.44864341e-04   8.39348531e-05
   373       4   1.71463960e-04   3.23263736e-05
   373       5   1.77662513e-05   6.82871847e-05
   374       1   3.11429815e-05   9.59320823e-04
   374       2   9.98112216e-04   4.14457293e-04
   374       3   2.68119349e-05   4.59912175e-04
   374       4   6.96692841e-06   9.44680265e-07
   375       1   6.24256444e-05   9.53642070e-04
   375       2   9.08256026e-05   2.02543322e-04
   375       3   3.41392145e-05   1.63820604e-05
   376       1   3.24464762e-04   8.51729286e-04
   376       2   2.78520573e-04   1.67244722e-04
   376       3   7.30014516e-06   1.25580035e-04
   376       4   5.11882285e-06   7.10984044e-07
   377       1   1.27238439e-04   8.71974138e-04
   377       2   1.04199223e-03   5.02243988e-04
   377       3   5.09047656e-04   6.83940589e-04
   377       4   4.81056253e-05   1.94468150e-04
   377       5   3.20558716e-05   1.53243892e-05
   378       1   2.90948164e-04   8.11474410e-04
   378       2   1.07018214e-04   1.67981931e-04
   378       3   1.63933189e-04   2.50737005e-05
   378       4   5.70205577e-05   4.80495641e-05
   379       1   2.89964908e-04   1.01081159e-03
   379       2   3.67093216e-06   3.62535876e-04
   379       3   3.54427436e-05   1.47211682e-05
   380       1   2.81971228e-04   7.91560495e-04
   380       2   4.52897359e-04   3.36837083e-04
   380       3   1.71930175e-04   2.75861779e-04
   380       4   1.40252438e-04   5.94912860e-06
   380       5   7.27647387e-06   5.95807674e-05
   381       1   2.63307817e-05   8.35551264e-04
   381       2   2.12733677e-04   2.50974716e-04
   381       3   1.42059153e-04   1.56497383e-04
   381       4   1.09956358e-05   5.88228802e-05
   382       1   2.63008243e-05   8.23086874e-04
   382       2   4.35176658e-04   3.28299902e-04
   382       3   2.72203656e-04   3.07582667e-04
   382       4   1.39579248e-04   4.98363261e-05
   382       5   8.40017599e-06   5.76085727e-05
   383       1   1.12326561e-04   7.63786305e-04
   383       2   3.33723982e-04   2.15676754e-04
   383       3   1.45764795e-04   2.12023063e-04
   383       4   5.27159675e-06   5.39070875e-05
   384       1   3.42184498e-05   7.65200858e-04
   384       2   2.85507044e-04   1.79918291e-04
   384       3   4.00792955e-05   1.08375084e-04
   384       4   3.91790412e-05   4.36192465e-05
   385       1   1.84944588e-04   8.49215947e-04
   385       2   5.19665578e-04   1.92099236e-04
   385       3   5.25307440e-05   2.06961210e-04
   385       4   1.29960223e-04   3.39434169e-05
   385       5   1.12067764e-05   5.24064247e-05
   386       1   1.33306724e-04   7.12970044e-04
   386       2   3.98573316e-04   2.23988513e-04
   386       3   1.14891685e-04   1.27371910e-04
   386       4   2.28618509e-05   4.08425245e-05
   387       1   6.82324402e-05   7.48658095e-04
   387       2   1.27471076e-04   2.43963618e-04
   387       3   3.65475961e-05   3.90936569e-05
   388       1   1.58790701e-04   7.89605496e-04
   388       2   5.75560075e-05   2.70839037e-04
   388       3   3.31668107e-05   3.15474240e-05
   389       1   2.87749352e-04   6.16014137e-04
   389       2   1.92192823e-04   1.23116938e-04
   389       3   2.69980484e-04   3.42460779e-05
   389       4   1.06348749e-04   7.28191557e-05
   389       5   1.05640636e-04   4.60633326e-07
   389       6   1.00144669e-05   5.20234914e-05
   390       1   1.55497969e-04   6.18690803e-04
   390       2   2.23012181e-05   1.31898920e-04
   390       3   1.04755726e-05   1.44717249e-05
   391       1   3.00900729e-05   6.35458227e-04
   391       2   2.84500195e-05   1.48832187e-04
   391       3   4.64100724e-06   1.06506239e-05
   392       1   5.93406023e-05   6.24168504e-04
   392       2   3.40291270e-05   1.31106224e-04
   392       3   8.13603457e-06   1.89715552e-05
   393       1   3.25714870e-05   6.15233169e-04
   393       2   8.38737328e-06   1.39989958e-04
   393       3   8.82436210e-06   7.65333766e-06
   394       1   1.33944382e-04   5.72103784e-04
   394       2   3.31417655e-04   1.71680337e-04
   394       3   7.84151960e-05   1.13250861e-04
   394       4   1.10871983e-04   1.44309846e-05
   394       5   2.27025557e-06   4.81784460e-05
   395       1   5.90828930e-05   5.74519396e-04
   395       2   1.23265045e-05   1.21385312e-04
   395       3   4.33045752e-05   1.89149256e-05
   396       1   3.54237427e-04   4.90051384e-04
   396       2   1.63700684e-04   2.66782534e-04
   396       3   1.53908922e-05   6.01790264e-05
   397       1   1.83630469e-04   4.86297052e-04
   397       2   1.44885115e-04   1.64061553e-04
   397       3   2.02563713e-05   6.46241355e-05
   398       1   4.77442207e-05   5.51072306e-04
   398       2   5.44745563e-05   1.64019036e-04
   398       3   1.74180048e-05   1.17378353e-05
   399       1   6.02631277e-05   5.74239210e-04
   399       2   1.27861025e-04   2.08599691e-04
   399       3   1.48385888e-05   5.07237429e-05
   400       1   6.21611458e-05   5.67465973e-04
   400       2   1.31230044e-05   1.56431410e-04
   400       3   8.91657072e-06   5.80143476e-06
   401       1   7.11287554e-05   4.94874356e-04
   401       2   3.89384592e-05   1.04579458e-04
   401       3   2.58025430e-05   2.86895698e-05
   402       1   1.27933112e-04   5.50560516e-04
   402       2   1.64023675e-04   2.49045819e-04
   402       3   3.75267365e-05   8.70695967e-05
   403       1   2.66284456e-04   4.23978900e-04
   403       2   4.37572668e-04   1.09845991e-04
   403       3   3.54552500e-04   3.62498301e-05
   403       4   2.39887269e-04   5.15194291e-05
   403       5   9.75734725e-05   6.39913295e-05
   404       1   5.84798884e-04   7.86686516e-04
   404       2   2.07999059e-04   5.63009753e-04
   404       3   5.67988869e-06   8.49528551e-05
   405       1   1.69680341e-05   4.93316287e-04
   405       2   6.04672281e-06   1.22617390e-04
   405       3   5.14877439e-05   2.88130171e-05
   406       1   3.90283606e-04   3.94898801e-04
   406       2   1.01657298e-05   2.22328548e-04
   406       3   1.27940265e-05   9.80492266e-06
   407       1   1.68003261e-04   3.63317852e-04
   407       2   2.22233915e-04   7.68944819e-05
   407       3   6.82397261e-05   6.91776602e-05
   408       1   3.52502863e-04   5.94761293e-04
   408       2   2.25076894e-04   2.27338586e-04
   408       3   8.97629744e-06   1.05403722e-04
   408       4   1.96465498e-05   1.27632265e-05
   409       1   1.95786352e-04   3.72948095e-04
   409       2   8.47384398e-05   1.41308095e-04
   409       3   3.04532727e-05   5.06524150e-05
   410       1   1.07522248e-04   4.45246877e-04
   410       2   1.78809773e-05   1.45710280e-04
   410       3   3.58370981e-05   8.09403431e-06
   411       1   2.96726183e-04   3.37504767e-04
   411       2   3.87886601e-05   1.53087050e-04
   411       3   7.33460107e-06   1.40488654e-05
   412       1   2.17342784e-05   3.54511917e-04
   412       2   2.29829509e-05   7.61746971e-05
   413       1   2.00251822e-04   3.15237620e-04
   413       2   4.31561415e-05   9.56513924e-05
   414       1   2.27117703e-04   4.69387397e-04
   414       2   1.40299828e-05   2.12318216e-04
   414       3   2.85605442e-06   7.90791508e-06
   415       1   1.17937093e-05   3.54792286e-04
   415       2   7.24106626e-06   8.21242036e-05
   416       1   6.83121736e-05   3.13162100e-04
   416       2   5.47713413e-05   7.26211814e-05
   417       1   3.77346859e-04   3.00833466e-04
   417       2   2.37991109e-05   2.33712915e-04
   417       3   1.39436996e-05   4.51828749e-06
   418       1   1.20917446e-04   2.69060369e-04
   418       2   1.22550722e-05   6.84917345e-05
   419       1   4.31600219e-05   3.29211938e-04
   419       2   2.60215798e-05   1.07575399e-04
   419       3   1.62657389e-05   1.29771201e-05
   420       1   1.19280605e-04   2.72324445e-04
   420       2   2.13152075e-05   7.69807442e-05
   421       1   1.48817765e-04   2.56584522e-04
   421       2   1.10039153e-05   7.99294172e-05
   422       1   5.01360855e-05   3.15896504e-04
   422       2   9.17014108e-06   1.00802653e-04
   422       3   7.00355546e-06   7.12023093e-07
   423       1   5.12978337e-05   2.65200241e-04
   423       2   2.23087053e-05   5.56659607e-05
   424       1   1.24845637e-04   3.40158307e-04
   424       2   5.11045832e-06   1.42218791e-04
   424       3   5.69679873e-06   1.45050475e-06
   425       1   1.54205585e-05   2.80924896e-04
   425       2   6.70375612e-06   7.77250369e-05
   426       1   1.28559706e-05   2.66489163e-04
   426       2   3.49013761e-06   6.86955591e-05
   427       1   5.21865498e-05   2.26884352e-04
   427       2   3.70670720e-06   4.79949684e-05
   428       1   6.12614775e-05   2.14893355e-04
   428       2   2.53366491e-05   5.20896488e-05
   429       1   2.00970613e-04   2.02658695e-04
   429       2   3.70082237e-05   1.30155295e-04
   429       3   5.33788548e-05   9.05409460e-06
   430       1   3.93118969e-04   2.67226310e-04
   430       2   1.33009077e-04   3.06531248e-04
   430       3   6.28801962e-05   2.38622111e-05
   431       1   4.71459291e-04   3.25013032e-04
   431       2   9.91041182e-05   3.48117888e-04
   431       3   6.62544003e-05   1.20552468e-05
   432       1   4.89507933e-04   3.31166163e-04
   432       2   7.00919392e-05   3.48785849e-04
   432       3   5.45551478e-05   6.27976625e-06
   433       1   3.84515580e-04   2.61082098e-04
   433       2   2.79241298e-05   2.54914862e-04
   433       3   3.26826209e-05   2.94406187e-06
   434       1   2.12666196e-04   1.83824974e-04
   434       2   1.13719619e-05   1.31663231e-04
   434       3   7.54513619e-06   8.00916821e-06
   435       1   7.06702929e-05   2.33301016e-04
   435       2   1.56149600e-05   9.16761128e-05
   436       1   1.58245020e-04   2.91263161e-04
   436       2   6.63564380e-07   1.48222828e-04
   436       3   2.56784902e-07   1.71232042e-06
   437       1   6.87624257e-05   2.35463332e-04
   437       2   4.00952913e-06   8.43416196e-05
   438       1   3.63697162e-05   2.05468138e-04
   438       2   5.14823504e-06   6.65952229e-05
   439       1   8.17360913e-05   2.15305354e-04
   439       2   9.35617876e-06   9.07033098e-05
   440       1   8.70979146e-05   2.12253702e-04
   440       2   7.87703128e-06   9.38583393e-05
   441       1   5.83272890e-05   1.95688765e-04
   441       2   3.81880036e-06   7.22496899e-05
   442       1   8.51826394e-06   1.67595384e-04
   442       2   1.49281160e-06   4.33159637e-05
   443       1   8.86345086e-06   1.47250574e-04
   443       2   4.95981977e-06   3.17815712e-05
   444       1   5.09668633e-06   1.46816905e-04
   444       2   2.34528801e-06   3.81168912e-05
   445       1   4.39468135e-05   1.41958404e-04
   445       2   1.28272522e-06   3.12739604e-05
   446       1   2.32816616e-05   1.34232200e-04
   446       2   1.47603146e-06   2.84792027e-05
   447       1   1.87195292e-05   1.35373550e-04
   447       2   1.66016347e-06   2.81654686e-05
   448       1   1.57514290e-05   1.29722269e-04
   448       2   3.60042654e-07   2.85501926e-05
   449       1   2.20440335e-05   1.29297935e-04
   449       2   1.88137111e-06   3.00625413e-05
   450       1   9.24551246e-06   1.31061586e-04
   450       2   1.69790995e-06   2.73966720e-05
   451       1   2.88821256e-05   1.10923250e-04
   451       2   9.44289135e-07   2.36541457e-05
   452       1   2.41208651e-05   1.13517049e-04
   452       2   1.87389723e-06   2.19732976e-05
   453       1   4.14993252e-06   1.17844467e-04
   453       2   3.63538009e-06   3.19691287e-05
   454       1   3.30494505e-05   1.16979360e-04
   454       2   2.00355025e-06   2.43497090e-05
   455       1   2.56773006e-05   9.36047259e-05
   456       1   1.63546783e-04   1.69982390e-04
   456       2   1.94677095e-05   1.37063373e-04
   456       3   5.63425919e-06   7.62929105e-06
   457       1   6.21493360e-06   1.63507916e-04
   457       2   4.74691450e-07   4.10770363e-05
   458       1   1.47110455e-05   9.98881448e-05
   459       1   7.29263959e-05   8.10153924e-05
   460       1   6.30813942e-04   4.75666112e-04
   460       2   8.58113013e-06   4.27486538e-04
   460       3   9.41094342e-06   7.67887109e-06
   461       1   7.56224044e-05   9.86273356e-05
   462       1   5.48450187e-04   4.52560280e-04
   462       2   3.12384375e-06   3.86759887e-04
   462       3   4.05178869e-06   6.42924874e-06
   463       1   2.11261629e-05   1.59419752e-04
   463       2   4.27537477e-06   5.04988789e-05
   464       1   2.97995625e-05   1.18326553e-04
   464       2   1.03483237e-06   4.16600960e-05
   465       1   5.54000049e-06   6.88589903e-05
   466       1   2.77719028e-05   4.78315835e-05
   467       1   2.45347542e-04   1.86396105e-04
   467       2   6.18292256e-06   1.65477145e-04
   467       3   2.38410673e-06   1.63771605e-06
   468       1   3.42260944e-06   9.25749261e-05
   469       1   1.61448359e-05   1.54943204e-05
   470       1   1.20970970e-04   2.01101040e-04
   470       2   4.98084512e-06   1.14223068e-04
   470       3   4.44744554e-07   1.43238908e-06
   471       1   3.14744255e-06   8.35024513e-05
   472       1   1.72391477e-05   3.09248560e-05
   473       1   1.43368924e-04   2.14060258e-04
   473       2   1.61671835e-06   1.26549324e-04
   473       3   1.39537117e-06   4.10470413e-07
   474       1   2.44860623e-06   6.52690118e-05
   475       1   1.70132860e-05   2.51849640e-05
   476       1   1.34589940e-04   1.93935915e-04
   476       2   3.13628299e-06   1.23129644e-04
   476       3   3.32713378e-07   3.80712907e-06
   477       1   1.00993698e-05   5.58580569e-05
   478       1   6.01306103e-05   6.88969517e-05
   479       1   5.20114197e-04   4.15471641e-04
   479       2   1.72100284e-06   3.64483297e-04
   479       3   1.35004268e-06   5.10296770e-07
   480       1   1.27936486e-05   5.76632685e-05
   481       1   6.14218327e-05   6.25078229e-05
   482       1   5.09041207e-04   3.96523751e-04
   482       2   8.00825852e-06   3.57573881e-04
   482       3   1.88733686e-06   3.94882718e-06
   483       1   4.61064987e-06   6.41976282e-05
   484       1   2.72755242e-05   4.16341443e-05
   485       1   2.61349218e-04   2.91991361e-04
   485       2   4.95613242e-06   2.01654792e-04
   485       3   7.30777809e-07   5.12525502e-06
   486       1   4.13921690e-05   6.85498463e-05
   487       1   3.01592750e-04   2.67444660e-04
   487       2   2.08859200e-06   2.19970817e-04
   487       3   1.63414282e-06   3.08961249e-06
   488       1   2.96030886e-06   5.95450758e-05
   489       1   6.11793926e-06   1.88662506e-05
   490       1   6.83361740e-05   1.29912662e-04
   490       2   1.12985926e-05   7.86504408e-05
   491       1   1.01875128e-04   1.16713926e-04
   491       2   8.27264547e-06   7.75533382e-05
   492       1   4.64191037e-05   4.44560191e-05
   493       1   3.84734698e-04   3.39064070e-04
   493       2   1.23940403e-05   2.73156764e-04
   493       3   2.15286822e-06   1.19047130e-05
   494       1   1.24508395e-05   5.46486630e-05
   495       1   1.17287384e-04   1.19709921e-04
   495       2   1.09703052e-06   9.15721580e-05
   496       1   1.26389840e-05   3.84934849e-05
   497       1   6.24696971e-05   6.55469875e-05
   498       1   5.48589685e-04   4.46820064e-04
   498       2   5.93886561e-06   3.95215174e-04
   498       3   7.61146613e-07   4.81152260e-06
   499       1   2.62092485e-05   1.94348088e-05
   500       1   1.82391172e-04   1.67234496e-04
   500       2   6.37326430e-07   1.37975149e-04
   500       3   8.67052407e-07   1.04319097e-06