SUMMARY OF C0NVERGENCE INFORMATION
  STEP   INC  ATT   ITER     CONT.   RESID.        CORR.      RESID.      CORR.
                              EL.    FORCE         DISP       FLUX        TEMP.
                              (#)     (%)           (%)        (%)         (%)
     1     1     1     1        0  0.1163E+04  0.1000E+03  0.0000E+00  0.0000E+00
     1     1     1     2        0  0.0000E+00  0.2084E+01  0.0000E+00  0.0000E+00
     1     2     1     1        0  0.0000E+00  0.4336E+00  0.0000E+00  0.0000E+00
     1     2     1     2        0  0.0000E+00  0.3307E-03  0.0000E+00  0.0000E+00
     1     3     1     1        0  0.0000E+00  0.7843E+00  0.0000E+00  0.0000E+00
     1     3     1     2        0  0.0000E+00  0.2855E-02  0.0000E+00  0.0000E+00
     1     4     1     1        0  0.5234E+02  0.1992E+01  0.0000E+00  0.0000E+00
     1     4     1     2        0  0.0000E+00  0.1262E+00  0.0000E+00  0.0000E+00
     1     5     1     1        0  0.9566E+03  0.5597E+01  0.0000E+00  0.0000E+00
     1     5     1     2        0  0.1172E+03  0.1223E+01  0.0000E+00  0.0000E+00
     1     5     1     3        0  0.0000E+00  0.1424E+00  0.0000E+00  0.0000E+00
     1     6     1     1        0  0.4744E+04  0.2780E+02  0.0000E+00  0.0000E+00
     1     6     1     2        0  0.7010E+04  0.3304E+02  0.0000E+00  0.0000E+00
     1     6     1     3        0  0.5507E+04  0.2996E+02  0.0000E+00  0.0000E+00
     1     6     1     4        0  0.2127E+04  0.1892E+02  0.0000E+00  0.0000E+00
     1     6     1     5        0  0.1101E+03  0.4309E+01  0.0000E+00  0.0000E+00
     1     6     1     6        0  0.0000E+00  0.5035E+00  0.0000E+00  0.0000E+00
     1     7     1     1        0  0.1255E+04  0.1620E+02  0.0000E+00  0.0000E+00
     1     7     1     2        0  0.1432E+04  0.1910E+02  0.0000E+00  0.0000E+00
     1     7     1     3        0  0.1916E+02  0.2240E+01  0.0000E+00  0.0000E+00
     1     7     1     4        0  0.0000E+00  0.1103E+00  0.0000E+00  0.0000E+00
     1     8     1     1        0  0.1629E+04  0.2155E+02  0.0000E+00  0.0000E+00
     1     8     1     2        0  0.1311E+04  0.2005E+02  0.0000E+00  0.0000E+00
     1     8     1     3        0  0.3423E+02  0.3274E+01  0.0000E+00  0.0000E+00
     1     8     1     4        0  0.0000E+00  0.1460E+00  0.0000E+00  0.0000E+00
     1     9     1     1        0  0.2268E+03  0.2058E+02  0.0000E+00  0.0000E+00
     1     9     1     2        0  0.2200E+02  0.3123E+01  0.0000E+00  0.0000E+00
     1     9     1     3        0  0.0000E+00  0.6064E-01  0.0000E+00  0.0000E+00
     1    10     1     1        0  0.6891E+03  0.1000E+03  0.0000E+00  0.0000E+00
     1    10     1     2        0  0.1747E+03  0.2982E+02  0.0000E+00  0.0000E+00
     1    10     1     3        0  0.5481E+02  0.2383E+02  0.0000E+00  0.0000E+00
     1    10     1     4        0  0.1632E+02  0.1411E+02  0.0000E+00  0.0000E+00
     1    10     1     5        0  0.7834E+04  0.3136E+02  0.0000E+00  0.0000E+00
     1    10     1     6        0  0.2485E+05  0.2691E+02  0.0000E+00  0.0000E+00
     1    10     2     1        0  0.2656E+01  0.2439E+02  0.0000E+00  0.0000E+00
     1    10     2     2        0  0.0000E+00  0.2395E+01  0.0000E+00  0.0000E+00
     1    11     1     1        0  0.2255E+02  0.8911E+02  0.0000E+00  0.0000E+00
     1    11     1     2        0  0.0000E+00  0.7857E+01  0.0000E+00  0.0000E+00
     1    12     1     1        0  0.6236E+00  0.2311E+02  0.0000E+00  0.0000E+00
     1    12     1     2        0  0.3897E+01  0.2627E+02  0.0000E+00  0.0000E+00
     1    12     1     3        0  0.0000E+00  0.5812E+01  0.0000E+00  0.0000E+00
     1    13     1     1        0  0.1913E+01  0.1650E+02  0.0000E+00  0.0000E+00
     1    13     1     2        0  0.9291E+00  0.9010E+01  0.0000E+00  0.0000E+00
     1    13     1     3        0  0.0000E+00  0.8068E+00  0.0000E+00  0.0000E+00
     1    14     1     1        0  0.5802E+01  0.2094E+02  0.0000E+00  0.0000E+00
     1    14     1     2        0  0.1059E+01  0.6622E+01  0.0000E+00  0.0000E+00
     1    14     1     3        0  0.0000E+00  0.4961E+00  0.0000E+00  0.0000E+00
     1    15     1     1        0  0.1582E+02  0.5712E+02  0.0000E+00  0.0000E+00
     1    15     1     2        0  0.0000E+00  0.5083E+01  0.0000E+00  0.0000E+00
     1    16     1     1        0  0.5054E+02  0.1742E+02  0.0000E+00  0.0000E+00
     1    16     1     2        0  0.0000E+00  0.3396E+01  0.0000E+00  0.0000E+00
     1    17     1     1        0  0.1753E+03  0.1394E+02  0.0000E+00  0.0000E+00
     1    17     1     2        0  0.0000E+00  0.3121E+01  0.0000E+00  0.0000E+00
     1    18     1     1        0  0.5437E+03  0.8499E+01  0.0000E+00  0.0000E+00
     1    18     1     2        0  0.3556E+02  0.2215E+01  0.0000E+00  0.0000E+00
     1    18     1     3        0  0.0000E+00  0.2202E+00  0.0000E+00  0.0000E+00
     1    19     1     1        0  0.5940E+03  0.8990E+01  0.0000E+00  0.0000E+00
     1    19     1     2        0  0.1314E+04  0.1368E+02  0.0000E+00  0.0000E+00
     1    19     1     3        0  0.4106E+01  0.8170E+00  0.0000E+00  0.0000E+00
     1    19     1     4        0  0.8514E+01  0.1075E+01  0.0000E+00  0.0000E+00
     1    19     1     5        0  0.0000E+00  0.1798E-01  0.0000E+00  0.0000E+00
     1    20     1     1        0  0.1341E+03  0.5498E+01  0.0000E+00  0.0000E+00
     1    20     1     2        0  0.2427E+06  0.1000E+03  0.0000E+00  0.0000E+00
     1    20     1     3        0  0.4213E+04  0.4150E+02  0.0000E+00  0.0000E+00
     1    20     1     4        0  0.3550E+05  0.1000E+03  0.0000E+00  0.0000E+00
     1    20     1     5        0  0.3628E+07  0.1000E+03  0.0000E+00  0.0000E+00
     1    20     2     1        0  0.3919E+02  0.9293E+01  0.0000E+00  0.0000E+00
     1    20     2     2        0  0.3119E+02  0.8776E+01  0.0000E+00  0.0000E+00
     1    20     2     3        0  0.0000E+00  0.1071E+00  0.0000E+00  0.0000E+00
     1    21     1     1        0  0.6659E+02  0.1241E+02  0.0000E+00  0.0000E+00
     1    21     1     2        0  0.7841E+02  0.1280E+02  0.0000E+00  0.0000E+00
     1    21     1     3        0  0.0000E+00  0.8180E+00  0.0000E+00  0.0000E+00
     1    22     1     1        0  0.1766E+02  0.5627E+01  0.0000E+00  0.0000E+00
     1    22     1     2        0  0.1506E+04  0.4278E+02  0.0000E+00  0.0000E+00
     1    22     1     3        0  0.3039E+01  0.2066E+01  0.0000E+00  0.0000E+00
     1    22     1     4        0  0.1611E+02  0.4428E+01  0.0000E+00  0.0000E+00
     1    22     1     5        0  0.0000E+00  0.1458E+00  0.0000E+00  0.0000E+00
     1    23     1     1        0  0.1119E+02  0.1054E+02  0.0000E+00  0.0000E+00
     1    23     1     2        0  0.1246E+04  0.3885E+02  0.0000E+00  0.0000E+00
     1    23     1     3        0  0.4274E+01  0.2256E+01  0.0000E+00  0.0000E+00
     1    23     1     4        0  0.6788E+01  0.2864E+01  0.0000E+00  0.0000E+00
     1    23     1     5        0  0.0000E+00  0.6377E-01  0.0000E+00  0.0000E+00
     1    24     1     1        0  0.3331E+02  0.1904E+02  0.0000E+00  0.0000E+00
     1    24     1     2        0  0.1552E+03  0.1457E+02  0.0000E+00  0.0000E+00
     1    24     1     3        0  0.2558E+01  0.1760E+01  0.0000E+00  0.0000E+00
     1    24     1     4        0  0.0000E+00  0.2225E+00  0.0000E+00  0.0000E+00
     1    25     1     1        0  0.2208E+02  0.1153E+02  0.0000E+00  0.0000E+00
     1    25     1     2        0  0.9831E+02  0.1269E+02  0.0000E+00  0.0000E+00
     1    25     1     3        0  0.5592E+00  0.8483E+00  0.0000E+00  0.0000E+00
     1    25     1     4        0  0.0000E+00  0.5436E-01  0.0000E+00  0.0000E+00
     1    26     1     1        0  0.2919E+02  0.9477E+01  0.0000E+00  0.0000E+00
     1    26     1     2        0  0.1154E+03  0.1068E+02  0.0000E+00  0.0000E+00
     1    26     1     3        0  0.6007E+00  0.6046E+00  0.0000E+00  0.0000E+00
     1    26     1     4        0  0.0000E+00  0.3774E-01  0.0000E+00  0.0000E+00
     1    27     1     1        0  0.6009E+02  0.1024E+02  0.0000E+00  0.0000E+00
     1    27     1     2        0  0.2353E+03  0.1142E+02  0.0000E+00  0.0000E+00
     1    27     1     3        0  0.3240E+01  0.9103E+00  0.0000E+00  0.0000E+00
     1    27     1     4        0  0.0000E+00  0.1089E+00  0.0000E+00  0.0000E+00
     1    28     1     1        0  0.6890E+03  0.1149E+02  0.0000E+00  0.0000E+00
     1    28     1     2        0  0.3174E+04  0.2525E+02  0.0000E+00  0.0000E+00
     1    28     1     3        0  0.1081E+03  0.4326E+01  0.0000E+00  0.0000E+00
     1    28     1     4        0  0.1197E+06  0.1000E+03  0.0000E+00  0.0000E+00
     1    28     1     5        0  0.7498E+03  0.7621E+01  0.0000E+00  0.0000E+00
     1    28     2     1        0  0.4064E+01  0.3808E+01  0.0000E+00  0.0000E+00
     1    28     2     2        0  0.1001E+02  0.5491E+01  0.0000E+00  0.0000E+00
     1    28     2     3        0  0.0000E+00  0.9564E-01  0.0000E+00  0.0000E+00
     1    29     1     1        0  0.1998E+01  0.2344E+01  0.0000E+00  0.0000E+00
     1    29     1     2        0  0.1434E+02  0.6443E+01  0.0000E+00  0.0000E+00
     1    29     1     3        0  0.0000E+00  0.3072E+00  0.0000E+00  0.0000E+00
     1    30     1     1        0  0.3298E+01  0.2128E+01  0.0000E+00  0.0000E+00
     1    30     1     2        0  0.1140E+03  0.1234E+02  0.0000E+00  0.0000E+00
     1    30     1     3        0  0.4119E+01  0.2369E+01  0.0000E+00  0.0000E+00
     1    30     1     4        0  0.2868E+00  0.6171E+00  0.0000E+00  0.0000E+00
     1    31     1     1        0  0.1094E+02  0.4196E+01  0.0000E+00  0.0000E+00
     1    31     1     2        0  0.2957E+03  0.1367E+02  0.0000E+00  0.0000E+00
     1    31     1     3        0  0.3083E+02  0.4318E+01  0.0000E+00  0.0000E+00
     1    31     1     4        0  0.4353E+01  0.1620E+01  0.0000E+00  0.0000E+00
     1    31     1     5        0  0.0000E+00  0.1166E+00  0.0000E+00  0.0000E+00
     1    32     1     1        0  0.2152E+01  0.5416E+01  0.0000E+00  0.0000E+00
     1    32     1     2        0  0.9102E+00  0.3320E+01  0.0000E+00  0.0000E+00
     1    32     1     3        0  0.0000E+00  0.1033E-01  0.0000E+00  0.0000E+00
