SUMMARY OF C0NVERGENCE INFORMATION
  STEP   INC  ATT   ITER     CONT.   RESID.        CORR.      RESID.      CORR.
                              EL.    FORCE         DISP       FLUX        TEMP.
                              (#)     (%)           (%)        (%)         (%)
     1     1     1     1        0  0.4090E+04  0.1000E+03  0.0000E+00  0.0000E+00
     1     1     1     2        0  0.3367E+02  0.5930E+01  0.0000E+00  0.0000E+00
     1     1     1     3        0  0.0000E+00  0.6940E-02  0.0000E+00  0.0000E+00
     1     2     1     1        0  0.0000E+00  0.4655E+00  0.0000E+00  0.0000E+00
     1     2     1     2        0  0.0000E+00  0.7401E-03  0.0000E+00  0.0000E+00
     1     3     1     1        0  0.0000E+00  0.5115E+00  0.0000E+00  0.0000E+00
     1     3     1     2        0  0.0000E+00  0.1661E-02  0.0000E+00  0.0000E+00
     1     4     1     1        0  0.0000E+00  0.7071E+00  0.0000E+00  0.0000E+00
     1     4     1     2        0  0.0000E+00  0.3574E-02  0.0000E+00  0.0000E+00
     1     5     1     1        0  0.0000E+00  0.7973E+00  0.0000E+00  0.0000E+00
     1     5     1     2        0  0.0000E+00  0.5577E-02  0.0000E+00  0.0000E+00
     1     6     1     1        0  0.0000E+00  0.8560E+00  0.0000E+00  0.0000E+00
     1     6     1     2        0  0.0000E+00  0.7066E-02  0.0000E+00  0.0000E+00
     1     7     1     1        0  0.0000E+00  0.1703E+01  0.0000E+00  0.0000E+00
     1     7     1     2        0  0.0000E+00  0.8519E-02  0.0000E+00  0.0000E+00
     1     8     1     1        0  0.4177E+01  0.4580E+01  0.0000E+00  0.0000E+00
     1     8     1     2        0  0.0000E+00  0.3508E-01  0.0000E+00  0.0000E+00
     1     9     1     1        0  0.8190E+01  0.2980E+02  0.0000E+00  0.0000E+00
     1     9     1     2        0  0.0000E+00  0.1480E+01  0.0000E+00  0.0000E+00
     1    10     1     1        0  0.1240E+04  0.1000E+03  0.0000E+00  0.0000E+00
     1    10     1     2        0  0.4400E+03  0.2825E+02  0.0000E+00  0.0000E+00
     1    10     1     3        0  0.1162E+03  0.2232E+02  0.0000E+00  0.0000E+00
     1    10     1     4        0  0.2892E+02  0.1431E+02  0.0000E+00  0.0000E+00
     1    10     1     5        0  0.1452E+02  0.1056E+02  0.0000E+00  0.0000E+00
     1    10     1     6        0  0.1079E+02  0.9212E+01  0.0000E+00  0.0000E+00
     1    10     1     7        0  0.2306E+02  0.1269E+02  0.0000E+00  0.0000E+00
     1    10     1     8        0  0.3182E+02  0.1508E+02  0.0000E+00  0.0000E+00
     1    10     2     1        0  0.0000E+00  0.1000E+03  0.0000E+00  0.0000E+00
     1    10     2     2        0  0.0000E+00  0.1818E+02  0.0000E+00  0.0000E+00
     1    11     1     1        0  0.8633E+02  0.1000E+03  0.0000E+00  0.0000E+00
     1    11     1     2        0  0.8197E+01  0.3162E+02  0.0000E+00  0.0000E+00
     1    11     1     3        0  0.6196E+01  0.2524E+02  0.0000E+00  0.0000E+00
     1    11     1     4        0  0.0000E+00  0.1289E+02  0.0000E+00  0.0000E+00
     1    12     1     1        0  0.2414E+01  0.2995E+02  0.0000E+00  0.0000E+00
     1    12     1     2        0  0.0000E+00  0.1420E+02  0.0000E+00  0.0000E+00
     1    13     1     1        0  0.3202E+01  0.2738E+02  0.0000E+00  0.0000E+00
     1    13     1     2        0  0.0000E+00  0.7045E+01  0.0000E+00  0.0000E+00
     1    14     1     1        0  0.5058E+02  0.2117E+02  0.0000E+00  0.0000E+00
     1    14     1     2        0  0.0000E+00  0.3989E+01  0.0000E+00  0.0000E+00
     1    15     1     1        0  0.8881E+03  0.2071E+02  0.0000E+00  0.0000E+00
     1    15     1     2        0  0.3615E+02  0.2550E+01  0.0000E+00  0.0000E+00
     1    15     1     3        0  0.0000E+00  0.1180E+00  0.0000E+00  0.0000E+00
     1    16     1     1        0  0.3850E+04  0.1709E+02  0.0000E+00  0.0000E+00
     1    16     1     2        0  0.4212E+04  0.1093E+02  0.0000E+00  0.0000E+00
     1    16     1     3        0  0.6694E+03  0.4420E+01  0.0000E+00  0.0000E+00
     1    16     1     4        0  0.3636E+03  0.3248E+01  0.0000E+00  0.0000E+00
     1    16     1     5        0  0.1708E+01  0.2240E+00  0.0000E+00  0.0000E+00
     1    16     1     6        0  0.0000E+00  0.1428E-01  0.0000E+00  0.0000E+00
     1    17     1     1        0  0.2190E+03  0.1392E+02  0.0000E+00  0.0000E+00
     1    17     1     2        0  0.3257E+04  0.1225E+02  0.0000E+00  0.0000E+00
     1    17     1     3        0  0.3055E+02  0.1182E+01  0.0000E+00  0.0000E+00
     1    17     1     4        0  0.3501E+01  0.4005E+00  0.0000E+00  0.0000E+00
     1    17     1     5        0  0.0000E+00  0.2993E-02  0.0000E+00  0.0000E+00
     1    18     1     1        0  0.1533E+04  0.2702E+02  0.0000E+00  0.0000E+00
     1    18     1     2        0  0.2597E+04  0.1261E+02  0.0000E+00  0.0000E+00
     1    18     1     3        0  0.1991E+02  0.1112E+01  0.0000E+00  0.0000E+00
     1    18     1     4        0  0.0000E+00  0.1524E+00  0.0000E+00  0.0000E+00
     1    19     1     1        0  0.7241E+03  0.2102E+02  0.0000E+00  0.0000E+00
     1    19     1     2        0  0.4180E+03  0.5866E+01  0.0000E+00  0.0000E+00
     1    19     1     3        0  0.0000E+00  0.2229E+00  0.0000E+00  0.0000E+00
     1    20     1     1        0  0.1578E+04  0.3776E+02  0.0000E+00  0.0000E+00
     1    20     1     2        0  0.7071E+02  0.2690E+01  0.0000E+00  0.0000E+00
     1    20     1     3        0  0.0000E+00  0.7387E-01  0.0000E+00  0.0000E+00
     1    21     1     1        0  0.1318E+03  0.2551E+02  0.0000E+00  0.0000E+00
     1    21     1     2        0  0.2773E+02  0.5874E+01  0.0000E+00  0.0000E+00
     1    21     1     3        0  0.0000E+00  0.9337E+00  0.0000E+00  0.0000E+00
     1    22     1     1        0  0.2637E+03  0.2625E+02  0.0000E+00  0.0000E+00
     1    22     1     2        0  0.2221E+02  0.2481E+02  0.0000E+00  0.0000E+00
     1    22     1     3        0  0.0000E+00  0.7251E+00  0.0000E+00  0.0000E+00
     1    23     1     1        0  0.3072E+04  0.6330E+02  0.0000E+00  0.0000E+00
     1    23     1     2        0  0.3305E+03  0.2119E+02  0.0000E+00  0.0000E+00
     1    23     1     3        0  0.6284E+02  0.9116E+01  0.0000E+00  0.0000E+00
     1    23     1     4        0  0.0000E+00  0.7110E+00  0.0000E+00  0.0000E+00
     1    24     1     1        0  0.9500E+02  0.1081E+02  0.0000E+00  0.0000E+00
     1    24     1     2        0  0.7932E+02  0.1077E+02  0.0000E+00  0.0000E+00
     1    24     1     3        0  0.0000E+00  0.7354E+00  0.0000E+00  0.0000E+00
