 Container myopenfoam-fsi-run-1f66d4d3f548 Creating 
 Container myopenfoam-fsi-run-1f66d4d3f548 Created 
=== on-caso-2: blockMesh (4 zonas, ~16320 cells) ===
/*---------------------------------------------------------------------------*\
| =========                 |                                                 |
| \\      /  F ield         | OpenFOAM: The Open Source CFD Toolbox           |
|  \\    /   O peration     | Version:  2512                                  |
|   \\  /    A nd           | Website:  www.openfoam.com                      |
|    \\/     M anipulation  |                                                 |
\*---------------------------------------------------------------------------*/
Build  : _bd2b6720-20260127 OPENFOAM=2512 version=2512
Arch   : "LSB;label=32;scalar=64"
Exec   : blockMesh
Date   : May 26 2026
Time   : 23:25:47
Host   : 4214181e97fe
PID    : 221
I/O    : uncollated
Case   : /simulation/on-caso-2/solid
nProcs : 1
trapFpe: Floating point exception trapping enabled (FOAM_SIGFPE).
memory pool : not available
fileModificationChecking : Monitoring run-time modified files using timeStampMaster (fileModificationSkew 5, maxFileModificationPolls 20)
allowSystemOperations : Allowing user-supplied system call operations

// * * * * * * * * * * * * * * * * * * * * * * * * * * * * * * * * * * * * * //
Create time

Creating block mesh from "system/blockMeshDict"
Creating block edges
No non-planar block faces defined
Creating topology blocks

Creating topology patches - from boundary section

Creating block mesh topology - scaling/transform applied later

Check topology

	Basic statistics
		Number of internal faces : 32
		Number of boundary faces : 38
		Number of defined boundary faces : 38
		Number of undefined boundary faces : 0
	Checking patch -> block consistency

Creating block offsets
Creating merge list (topological search)...

Creating polyMesh from blockMesh
Creating patches
Creating cells
Creating points with scale (0.001 0.001 0.001)
    Block 0 cell size :
        i : 0.0001875 .. 0.0001875
        j : 0.0001875 .. 0.0001875
        k : 0.001 .. 0.001

    Block 1 cell size :
        i : 7.3223264e-05 .. 7.3223264e-05
        j : 0.0001875 .. 0.0001875
        k : 0.001 .. 0.001

    Block 2 cell size :
        i : 7.3223264e-05 .. 7.3223264e-05
        j : 0.0001875 .. 0.0001875
        k : 0.001 .. 0.001

    Block 3 cell size :
        i : 7.3223264e-05 .. 7.3223264e-05
        j : 0.0001875 .. 0.0001875
        k : 0.001 .. 0.001

    Block 4 cell size :
        i : 7.3223264e-05 .. 7.3223264e-05
        j : 0.0001875 .. 0.0001875
        k : 0.001 .. 0.001

    Block 5 cell size :
        i : 5.0000935e-05 .. 5.0000935e-05
        j : 0.0002940514 .. 0.0002940514
        k : 0.001 .. 0.001

    Block 6 cell size :
        i : 5.0000935e-05 .. 5.0000935e-05
        j : 0.0002940514 .. 0.0002940514
        k : 0.001 .. 0.001

    Block 7 cell size :
        i : 5.0000935e-05 .. 5.0000935e-05
        j : 0.0002940514 .. 0.0002940514
        k : 0.001 .. 0.001

    Block 8 cell size :
        i : 5.0000935e-05 .. 5.0000935e-05
        j : 0.0002940514 .. 0.0002940514
        k : 0.001 .. 0.001

    Block 9 cell size :
        i : 0.00013333323 .. 0.00013333323
        j : 0.00030385318 .. 0.00030385318
        k : 0.001 .. 0.001

    Block 10 cell size :
        i : 0.00013333323 .. 0.00013333323
        j : 0.00030385318 .. 0.00030385318
        k : 0.001 .. 0.001

    Block 11 cell size :
        i : 0.00013333323 .. 0.00013333323
        j : 0.00030385318 .. 0.00030385318
        k : 0.001 .. 0.001

    Block 12 cell size :
        i : 0.00013333323 .. 0.00013333323
        j : 0.00030385318 .. 0.00030385318
        k : 0.001 .. 0.001

    Block 13 cell size :
        i : 7.4999988e-05 .. 7.4999988e-05
        j : 0.00046068057 .. 0.00046068057
        k : 0.001 .. 0.001

    Block 14 cell size :
        i : 7.4999988e-05 .. 7.4999988e-05
        j : 0.00046068057 .. 0.00046068057
        k : 0.001 .. 0.001

    Block 15 cell size :
        i : 7.4999988e-05 .. 7.4999988e-05
        j : 0.00046068057 .. 0.00046068057
        k : 0.001 .. 0.001

    Block 16 cell size :
        i : 7.4999988e-05 .. 7.4999988e-05
        j : 0.00046068057 .. 0.00046068057
        k : 0.001 .. 0.001

Adding cell zones
    0	on
    1	pia
    2	sas
    3	dura
No patch pairs to merge

Writing polyMesh with 4 cellZones
----------------
Mesh Information
----------------
  boundingBox: (-0.0025 -0.0025 0) (0.0025 0.0025 0.03)
  nPoints: 17391
  nCells: 16320
  nFaces: 49984
  nInternalFaces: 47936
----------------
Cell Zones
----------------
  zone 0 (size: 7680) name: on
  zone 1 (size: 960) name: pia
  zone 2 (size: 5760) name: sas
  zone 3 (size: 1920) name: dura
----------------
Patches
----------------
  patch 0 (start: 47936 size: 256) name: posterior_on
  patch 1 (start: 48192 size: 32) name: posterior_pia
  patch 2 (start: 48224 size: 192) name: posterior_sas
  patch 3 (start: 48416 size: 64) name: posterior_dura
  patch 4 (start: 48480 size: 256) name: anterior_on
  patch 5 (start: 48736 size: 32) name: anterior_pia
  patch 6 (start: 48768 size: 192) name: anterior_sas
  patch 7 (start: 48960 size: 64) name: anterior_dura
  patch 8 (start: 49024 size: 960) name: dura_outer

End

=== on-caso-2: topoSet (extrai perturbation_strip do dura_outer) ===
/*---------------------------------------------------------------------------*\
| =========                 |                                                 |
| \\      /  F ield         | OpenFOAM: The Open Source CFD Toolbox           |
|  \\    /   O peration     | Version:  2512                                  |
|   \\  /    A nd           | Website:  www.openfoam.com                      |
|    \\/     M anipulation  |                                                 |
\*---------------------------------------------------------------------------*/
Build  : _bd2b6720-20260127 OPENFOAM=2512 version=2512
Arch   : "LSB;label=32;scalar=64"
Exec   : topoSet -dict system/topoSetDict_perturbation
Date   : May 26 2026
Time   : 23:25:47
Host   : 4214181e97fe
PID    : 223
I/O    : uncollated
Case   : /simulation/on-caso-2/solid
nProcs : 1
trapFpe: Floating point exception trapping enabled (FOAM_SIGFPE).
memory pool : not available
fileModificationChecking : Monitoring run-time modified files using timeStampMaster (fileModificationSkew 5, maxFileModificationPolls 20)
allowSystemOperations : Allowing user-supplied system call operations

// * * * * * * * * * * * * * * * * * * * * * * * * * * * * * * * * * * * * * //
Create time

Create polyMesh for time = 0

Reading topoSetDict_perturbation

Time = 0
    mesh not changed.
Created faceSet perturbation_strip
    Applying source patchToFace
--> FOAM IOWarning :
    Found [v1806] 'name' entry instead of 'patch' in dictionary "system/topoSetDict_perturbation/actions/sourceInfo"

    This keyword is 90 months old.

    Adding all faces of patches: (dura_outer) ...
    Found matching patch dura_outer with 960 faces
    faceSet perturbation_strip now size 960
Read set faceSet perturbation_strip size:960
    Applying source boxToFace
    Adding faces with centre within boxes 1((0.0024 -0.0005 0.012) (0.00265 0.0005 0.018))
    faceSet perturbation_strip now size 12

End

=== on-caso-2: createPatch (cria perturbation_strip) ===
/*---------------------------------------------------------------------------*\
| =========                 |                                                 |
| \\      /  F ield         | OpenFOAM: The Open Source CFD Toolbox           |
|  \\    /   O peration     | Version:  2512                                  |
|   \\  /    A nd           | Website:  www.openfoam.com                      |
|    \\/     M anipulation  |                                                 |
\*---------------------------------------------------------------------------*/
Build  : _bd2b6720-20260127 OPENFOAM=2512 version=2512
Arch   : "LSB;label=32;scalar=64"
Exec   : createPatch -overwrite -dict system/createPatchDict_perturbation
Date   : May 26 2026
Time   : 23:25:48
Host   : 4214181e97fe
PID    : 225
I/O    : uncollated
Case   : /simulation/on-caso-2/solid
nProcs : 1
trapFpe: Floating point exception trapping enabled (FOAM_SIGFPE).
memory pool : not available
fileModificationChecking : Monitoring run-time modified files using timeStampMaster (fileModificationSkew 5, maxFileModificationPolls 20)
allowSystemOperations : Allowing user-supplied system call operations

// * * * * * * * * * * * * * * * * * * * * * * * * * * * * * * * * * * * * * //
Create time

Create mesh for time = 0

Reading "system/createPatchDict_perturbation"



Adding patches to mesh region0

Adding new patch perturbation_strip from 
{
    type            wall;
    nFaces          0;
    startFace       0;
}




Repatching mesh region0

Read 12 faces from faceSet perturbation_strip
Doing topology modification to order faces.

Not synchronising points.

Removing patches with no faces in them.



Writing repatched mesh region0 to 0

End

=== on-caso-2: checkMesh ===
/*---------------------------------------------------------------------------*\
| =========                 |                                                 |
| \\      /  F ield         | OpenFOAM: The Open Source CFD Toolbox           |
|  \\    /   O peration     | Version:  2512                                  |
|   \\  /    A nd           | Website:  www.openfoam.com                      |
|    \\/     M anipulation  |                                                 |
\*---------------------------------------------------------------------------*/
Build  : _bd2b6720-20260127 OPENFOAM=2512 version=2512
Arch   : "LSB;label=32;scalar=64"
Exec   : checkMesh
Date   : May 26 2026
Time   : 23:25:49
Host   : 4214181e97fe
PID    : 227
I/O    : uncollated
Case   : /simulation/on-caso-2/solid
nProcs : 1
trapFpe: Floating point exception trapping enabled (FOAM_SIGFPE).
memory pool : not available
fileModificationChecking : Monitoring run-time modified files using timeStampMaster (fileModificationSkew 5, maxFileModificationPolls 20)
allowSystemOperations : Allowing user-supplied system call operations

// * * * * * * * * * * * * * * * * * * * * * * * * * * * * * * * * * * * * * //
Create time

Create mesh for time = 0

Check mesh...

Time = 0

Mesh stats 
    points:           17391
    faces:            49984
    internal faces:   47936
    cells:            16320
    faces per cell:   6
    boundary patches: 10
    point zones:      0
    face zones:       0
    cell zones:       4

Overall number of cells of each type:
    hexahedra:     16320
    prisms:        0
    wedges:        0
    pyramids:      0
    tet wedges:    0
    tetrahedra:    0
    polyhedra:     0

Checking topology...
    Boundary definition OK.
    Cell to face addressing OK.
    Point usage OK.
    Upper triangular ordering OK.
    Face vertices OK.
    Number of regions: 1 (OK).

Checking patch topology for multiply connected surfaces...
    Patch               Faces    Points     Surface topology
    posterior_on        256      273      ok (non-closed singly connected)  
    posterior_pia       32       64       ok (non-closed singly connected)  
    posterior_sas       192      224      ok (non-closed singly connected)  
    posterior_dura      64       96       ok (non-closed singly connected)  
    anterior_on         256      273      ok (non-closed singly connected)  
    anterior_pia        32       64       ok (non-closed singly connected)  
    anterior_sas        192      224      ok (non-closed singly connected)  
    anterior_dura       64       96       ok (non-closed singly connected)  
    dura_outer          948      987      ok (non-closed singly connected)  
    perturbation_strip  12       21       ok (non-closed singly connected)  
    ".*"                2048     2050     ok (closed singly connected)      


Checking faceZone topology for multiply connected surfaces...
    No faceZones found.

Checking basic cellZone addressing...
    CellZone            Cells        Points       Volume       BoundingBox
    on                  7680         8463         2.1069752e-07 (-0.0015 -0.0015 0) (0.0015 0.0015 0.03)
    pia                 960          1984         1.4280706e-08 (-0.00155 -0.00155 0) (0.00155 0.00155 0.03)
    sas                 5760         6944         2.9216721e-07 (-0.00235 -0.00235 0) (0.00235 0.00235 0.03)
    dura                1920         2976         6.8125537e-08 (-0.0025 -0.0025 0) (0.0025 0.0025 0.03)

Checking basic pointZone addressing...
    No pointZones found.

Checking geometry...
    Overall domain bounding box (-0.0025 -0.0025 0) (0.0025 0.0025 0.03)
    Mesh has 3 geometric (non-empty/wedge) directions (1 1 1)
    Mesh has 3 solution (non-empty) directions (1 1 1)
    Boundary openness (-1.9284741e-16 -2.3731869e-16 1.9905573e-16) OK.
    Max cell openness = 2.0777987e-16 OK.
    Max aspect ratio = 20.32786 OK.
    Minimum face area = 1.3599513e-08. Maximum face area = 4.9008571e-07.  Face area magnitudes OK.
    Min volume = 1.3599513e-11. Max volume = 5.9394165e-11.  Total volume = 5.8527098e-07.  Cell volumes OK.
    Mesh non-orthogonality Max: 26.648322 average: 4.0908808
    Non-orthogonality check OK.
    Face pyramids OK.
    Max skewness = 1.7867315 OK.
    Coupled point location match (average 0) OK.

Mesh OK.

End

=== on-caso-2: solids4Foam (40 passos com Dz ramped) ===
/*---------------------------------------------------------------------------*\
| =========                 |                                                 |
| \\      /  F ield         | OpenFOAM: The Open Source CFD Toolbox           |
|  \\    /   O peration     | Version:  2512                                  |
|   \\  /    A nd           | Website:  www.openfoam.com                      |
|    \\/     M anipulation  |                                                 |
\*---------------------------------------------------------------------------*/
Build  : _bd2b6720-20260127 OPENFOAM=2512 version=2512
Arch   : "LSB;label=32;scalar=64"
Exec   : solids4Foam
Date   : May 26 2026
Time   : 23:25:49
Host   : 4214181e97fe
PID    : 229
I/O    : uncollated
Case   : /simulation/on-caso-2/solid
nProcs : 1
trapFpe: Floating point exception trapping enabled (FOAM_SIGFPE).
memory pool : not available
fileModificationChecking : Monitoring run-time modified files using timeStampMaster (fileModificationSkew 5, maxFileModificationPolls 20)
allowSystemOperations : Allowing user-supplied system call operations

// * * * * * * * * * * * * * * * * * * * * * * * * * * * * * * * * * * * * * //
Create time

/*---------------------------------------------------------------------------*\
|    For further information on the solids4Foam toolbox implementations,      |
|    please see www.solids4foam.com and the following publication:            |
|                                                                             |
|    P. Cardiff, I. Batistić Ž. Tuković: solids4foam: A toolbox for           |
|    performing solid mechanics and fluid-solid interaction simulations in    |
|    OpenFOAM. Journal of Open Source Software. 2025, 10(108), 7407,          |
|    10.21105/joss.07407.                                                     |
\*---------------------------------------------------------------------------*/

Selecting physicsModel solidModel
Selecting solidModel nonLinearGeometryTotalLagrangianTotalDisplacement
Creating fixedDisplacement boundary condition
Creating fixedDisplacement boundary condition
Creating solidTraction boundary condition
Creating fixedDisplacement boundary condition
Creating fixedDisplacement boundary condition
    displacement is time-varying
Creating fixedDisplacement boundary condition
    displacement is time-varying
Creating fixedDisplacement boundary condition
    displacement is time-varying
Creating fixedDisplacement boundary condition
    displacement is time-varying
Creating solidTraction boundary condition
    Winkler stiffness k = 200000 Pa/m
Creating solidTraction boundary condition
    under-relaxation method: fixed
No finite volume options present
Creating the mechanicalModel
Number of cells in new mesh : 7680
Number of faces in new mesh : 23776
Number of points in new mesh: 8463
    oldInternalFaces : 960
Number of cells in new mesh : 960
Number of faces in new mesh : 3872
Number of points in new mesh: 1984
    oldInternalFaces : 1920
Number of cells in new mesh : 5760
Number of faces in new mesh : 18432
Number of points in new mesh: 6944
    oldInternalFaces : 1920
Number of cells in new mesh : 1920
Number of faces in new mesh : 6784
Number of points in new mesh: 2976
    oldInternalFaces : 960
Selecting mechanical law neoHookeanElastic
Selecting mechanical law neoHookeanElastic
Selecting mechanical law neoHookeanElastic
Selecting mechanical law neoHookeanElastic
solvePressure = false
Creating forces_anterior_dura function object.
Creating forces_anterior_pia function object.
Creating forces_anterior_on function object.
Creating forces_anterior_sas function object.
Time = 1

Evolving solid solver using an implicit segregated approach
Solving the total Lagrangian form of the momentum equation for D
setCellDisplacements: reading cellDisplacements
Initial Residual Norm = 1.7320508
Initial Solution Norm = 0.00017343623
 Iteration       Residual Norm           Step Norm
        10           1.6506536         0.095401463
        20                 nan                -nan
        30                 nan                -nan
        40                 nan                -nan
        50                 nan                -nan
        60                 nan                -nan
        70                 nan                -nan
        80                 nan                -nan
        90                 nan                -nan

