=== on-caso-3F2: blockMesh + topoSet/createPatch (pert + 2 contatos) ===
/*---------------------------------------------------------------------------*\
| =========                 |                                                 |
| \\      /  F ield         | OpenFOAM: The Open Source CFD Toolbox           |
|  \\    /   O peration     | Version:  2512                                  |
|   \\  /    A nd           | Website:  www.openfoam.com                      |
|    \\/     M anipulation  |                                                 |
\*---------------------------------------------------------------------------*/
Build  : _bd2b6720-20260127 OPENFOAM=2512 version=2512
Arch   : "LSB;label=32;scalar=64"
Exec   : blockMesh
Date   : Jun 20 2026
Time   : 18:21:56
Host   : 55b8b3d01082
PID    : 220
I/O    : uncollated
Case   : /simulation/_mi/on-caso-3F2__radpia3dura4/solid
nProcs : 1
trapFpe: Floating point exception trapping enabled (FOAM_SIGFPE).
memory pool : not available
fileModificationChecking : Monitoring run-time modified files using timeStampMaster (fileModificationSkew 5, maxFileModificationPolls 20)
allowSystemOperations : Allowing user-supplied system call operations

// * * * * * * * * * * * * * * * * * * * * * * * * * * * * * * * * * * * * * //
Create time

--> FOAM Warning : 
    From void* Foam::dlLibraryTable::openLibrary(const Foam::fileName&, bool)
    in file db/dynamicLibrary/dlLibraryTable/dlLibraryTable.C at line 188
    Could not load "$FOAM_CASE/../src/elasticFoundation/libsolidTractionElasticFoundation.so"
/simulation/_mi/on-caso-3F2__radpia3dura4/solid/../src/elasticFoundation/libsolidTractionElasticFoundation.so: cannot open shared object file: No such file or directory
Creating block mesh from "system/blockMeshDict"
Creating block edges
No non-planar block faces defined
Creating topology blocks

Creating topology patches - from boundary section

Creating block mesh topology - scaling/transform applied later

Check topology

	Basic statistics
		Number of internal faces : 162
		Number of boundary faces : 54
		Number of defined boundary faces : 54
		Number of undefined boundary faces : 0
	Checking patch -> block consistency

Creating block offsets
Creating merge list (topological search)...

Creating polyMesh from blockMesh
Creating patches
Creating cells
Creating points with scale (0.001 0.001 0.001)
    Block 0 cell size :
        i : 0.00025 .. 0.00025
        j : 0.00025 .. 0.00025
        k : 0.003 .. 0.003

    Block 1 cell size :
        i : 7.3223264e-05 .. 7.3223264e-05
        j : 0.00025 .. 0.00025
        k : 0.003 .. 0.003

    Block 2 cell size :
        i : 7.3223264e-05 .. 7.3223264e-05
        j : 0.00025 .. 0.00025
        k : 0.003 .. 0.003

    Block 3 cell size :
        i : 7.3223264e-05 .. 7.3223264e-05
        j : 0.00025 .. 0.00025
        k : 0.003 .. 0.003

    Block 4 cell size :
        i : 7.3223264e-05 .. 7.3223264e-05
        j : 0.00025 .. 0.00025
        k : 0.003 .. 0.003

    Block 5 cell size :
        i : 1.6666978e-05 .. 1.6666978e-05
        j : 0.00039157855 .. 0.00039157855
        k : 0.003 .. 0.003

    Block 6 cell size :
        i : 1.6666978e-05 .. 1.6666978e-05
        j : 0.00039157855 .. 0.00039157855
        k : 0.003 .. 0.003

    Block 7 cell size :
        i : 1.6666978e-05 .. 1.6666978e-05
        j : 0.00039157855 .. 0.00039157855
        k : 0.003 .. 0.003

    Block 8 cell size :
        i : 1.6666978e-05 .. 1.6666978e-05
        j : 0.00039157855 .. 0.00039157855
        k : 0.003 .. 0.003

    Block 9 cell size :
        i : 0.00014999998 .. 0.00014999998
        j : 0.00040463126 .. 0.00040463126
        k : 0.003 .. 0.003

    Block 10 cell size :
        i : 0.00014999998 .. 0.00014999998
        j : 0.00040463126 .. 0.00040463126
        k : 0.003 .. 0.003

    Block 11 cell size :
        i : 0.00014999998 .. 0.00014999998
        j : 0.00040463126 .. 0.00040463126
        k : 0.003 .. 0.003

    Block 12 cell size :
        i : 0.00014999998 .. 0.00014999998
        j : 0.00040463126 .. 0.00040463126
        k : 0.003 .. 0.003

    Block 13 cell size :
        i : 0.00011666649 .. 0.00011666649
        j : 0.00052210483 .. 0.00052210483
        k : 0.003 .. 0.003

    Block 14 cell size :
        i : 0.00011666649 .. 0.00011666649
        j : 0.00052210483 .. 0.00052210483
        k : 0.003 .. 0.003

    Block 15 cell size :
        i : 0.00011666649 .. 0.00011666649
        j : 0.00052210483 .. 0.00052210483
        k : 0.003 .. 0.003

    Block 16 cell size :
        i : 0.00011666649 .. 0.00011666649
        j : 0.00052210483 .. 0.00052210483
        k : 0.003 .. 0.003

    Block 17 cell size :
        i : 3.7499994e-05 .. 3.7499994e-05
        j : 0.00061347311 .. 0.00061347311
        k : 0.003 .. 0.003

    Block 18 cell size :
        i : 3.7499994e-05 .. 3.7499994e-05
        j : 0.00061347311 .. 0.00061347311
        k : 0.003 .. 0.003

    Block 19 cell size :
        i : 3.7499994e-05 .. 3.7499994e-05
        j : 0.00061347311 .. 0.00061347311
        k : 0.003 .. 0.003

    Block 20 cell size :
        i : 3.7499994e-05 .. 3.7499994e-05
        j : 0.00061347311 .. 0.00061347311
        k : 0.003 .. 0.003

    Block 21 cell size :
        i : 0.00025 .. 0.00025
        j : 0.00025 .. 0.00025
        k : 0.0003 .. 0.0003

    Block 22 cell size :
        i : 7.3223264e-05 .. 7.3223264e-05
        j : 0.00025 .. 0.00025
        k : 0.0003 .. 0.0003

    Block 23 cell size :
        i : 7.3223264e-05 .. 7.3223264e-05
        j : 0.00025 .. 0.00025
        k : 0.0003 .. 0.0003

    Block 24 cell size :
        i : 7.3223264e-05 .. 7.3223264e-05
        j : 0.00025 .. 0.00025
        k : 0.0003 .. 0.0003

    Block 25 cell size :
        i : 7.3223264e-05 .. 7.3223264e-05
        j : 0.00025 .. 0.00025
        k : 0.0003 .. 0.0003

    Block 26 cell size :
        i : 1.6666978e-05 .. 1.6666978e-05
        j : 0.00039157855 .. 0.00039157855
        k : 0.0003 .. 0.0003

    Block 27 cell size :
        i : 1.6666978e-05 .. 1.6666978e-05
        j : 0.00039157855 .. 0.00039157855
        k : 0.0003 .. 0.0003

    Block 28 cell size :
        i : 1.6666978e-05 .. 1.6666978e-05
        j : 0.00039157855 .. 0.00039157855
        k : 0.0003 .. 0.0003

    Block 29 cell size :
        i : 1.6666978e-05 .. 1.6666978e-05
        j : 0.00039157855 .. 0.00039157855
        k : 0.0003 .. 0.0003

    Block 30 cell size :
        i : 0.00014999998 .. 0.00014999998
        j : 0.00040463126 .. 0.00040463126
        k : 0.0003 .. 0.0003

    Block 31 cell size :
        i : 0.00014999998 .. 0.00014999998
        j : 0.00040463126 .. 0.00040463126
        k : 0.0003 .. 0.0003

    Block 32 cell size :
        i : 0.00014999998 .. 0.00014999998
        j : 0.00040463126 .. 0.00040463126
        k : 0.0003 .. 0.0003

    Block 33 cell size :
        i : 0.00014999998 .. 0.00014999998
        j : 0.00040463126 .. 0.00040463126
        k : 0.0003 .. 0.0003

    Block 34 cell size :
        i : 0.00011666649 .. 0.00011666649
        j : 0.00052210483 .. 0.00052210483
        k : 0.0003 .. 0.0003

    Block 35 cell size :
        i : 0.00011666649 .. 0.00011666649
        j : 0.00052210483 .. 0.00052210483
        k : 0.0003 .. 0.0003

    Block 36 cell size :
        i : 0.00011666649 .. 0.00011666649
        j : 0.00052210483 .. 0.00052210483
        k : 0.0003 .. 0.0003

    Block 37 cell size :
        i : 0.00011666649 .. 0.00011666649
        j : 0.00052210483 .. 0.00052210483
        k : 0.0003 .. 0.0003

    Block 38 cell size :
        i : 3.7499994e-05 .. 3.7499994e-05
        j : 0.00061347311 .. 0.00061347311
        k : 0.0003 .. 0.0003

    Block 39 cell size :
        i : 3.7499994e-05 .. 3.7499994e-05
        j : 0.00061347311 .. 0.00061347311
        k : 0.0003 .. 0.0003

    Block 40 cell size :
        i : 3.7499994e-05 .. 3.7499994e-05
        j : 0.00061347311 .. 0.00061347311
        k : 0.0003 .. 0.0003

    Block 41 cell size :
        i : 3.7499994e-05 .. 3.7499994e-05
        j : 0.00061347311 .. 0.00061347311
        k : 0.0003 .. 0.0003

    Block 42 cell size :
        i : 0.00025 .. 0.00025
        j : 0.00025 .. 0.00025
        k : 0.0005 .. 0.0005

    Block 43 cell size :
        i : 7.3223264e-05 .. 7.3223264e-05
        j : 0.00025 .. 0.00025
        k : 0.0005 .. 0.0005

    Block 44 cell size :
        i : 7.3223264e-05 .. 7.3223264e-05
        j : 0.00025 .. 0.00025
        k : 0.0005 .. 0.0005

    Block 45 cell size :
        i : 7.3223264e-05 .. 7.3223264e-05
        j : 0.00025 .. 0.00025
        k : 0.0005 .. 0.0005

    Block 46 cell size :
        i : 7.3223264e-05 .. 7.3223264e-05
        j : 0.00025 .. 0.00025
        k : 0.0005 .. 0.0005

    Block 47 cell size :
        i : 1.6666978e-05 .. 1.6666978e-05
        j : 0.00039157855 .. 0.00039157855
        k : 0.0005 .. 0.0005

    Block 48 cell size :
        i : 1.6666978e-05 .. 1.6666978e-05
        j : 0.00039157855 .. 0.00039157855
        k : 0.0005 .. 0.0005

    Block 49 cell size :
        i : 1.6666978e-05 .. 1.6666978e-05
        j : 0.00039157855 .. 0.00039157855
        k : 0.0005 .. 0.0005

    Block 50 cell size :
        i : 1.6666978e-05 .. 1.6666978e-05
        j : 0.00039157855 .. 0.00039157855
        k : 0.0005 .. 0.0005

    Block 51 cell size :
        i : 0.00014999998 .. 0.00014999998
        j : 0.00040463126 .. 0.00040463126
        k : 0.0005 .. 0.0005

    Block 52 cell size :
        i : 0.00014999998 .. 0.00014999998
        j : 0.00040463126 .. 0.00040463126
        k : 0.0005 .. 0.0005

    Block 53 cell size :
        i : 0.00014999998 .. 0.00014999998
        j : 0.00040463126 .. 0.00040463126
        k : 0.0005 .. 0.0005

    Block 54 cell size :
        i : 0.00014999998 .. 0.00014999998
        j : 0.00040463126 .. 0.00040463126
        k : 0.0005 .. 0.0005

    Block 55 cell size :
        i : 0.00011666649 .. 0.00011666649
        j : 0.00052210483 .. 0.00052210483
        k : 0.0005 .. 0.0005

    Block 56 cell size :
        i : 0.00011666649 .. 0.00011666649
        j : 0.00052210483 .. 0.00052210483
        k : 0.0005 .. 0.0005

    Block 57 cell size :
        i : 0.00011666649 .. 0.00011666649
        j : 0.00052210483 .. 0.00052210483
        k : 0.0005 .. 0.0005

    Block 58 cell size :
        i : 0.00011666649 .. 0.00011666649
        j : 0.00052210483 .. 0.00052210483
        k : 0.0005 .. 0.0005

    Block 59 cell size :
        i : 3.7499994e-05 .. 3.7499994e-05
        j : 0.00061347311 .. 0.00061347311
        k : 0.0005 .. 0.0005

    Block 60 cell size :
        i : 3.7499994e-05 .. 3.7499994e-05
        j : 0.00061347311 .. 0.00061347311
        k : 0.0005 .. 0.0005

    Block 61 cell size :
        i : 3.7499994e-05 .. 3.7499994e-05
        j : 0.00061347311 .. 0.00061347311
        k : 0.0005 .. 0.0005

    Block 62 cell size :
        i : 3.7499994e-05 .. 3.7499994e-05
        j : 0.00061347311 .. 0.00061347311
        k : 0.0005 .. 0.0005

Adding cell zones
    0	on
    1	pia
    2	sas
    3	dura
    4	lc
    5	sclera_peri
    6	sclera_ring
    7	globo
No patch pairs to merge

Writing polyMesh with 8 cellZones
----------------
Mesh Information
----------------
  boundingBox: (-0.0025 -0.0025 0) (0.0025 0.0025 0.0308)
  nPoints: 6565
  nCells: 5904
  nFaces: 18348
  nInternalFaces: 17076
----------------
Cell Zones
----------------
  zone 0 (size: 1800) name: on
  zone 1 (size: 720) name: pia
  zone 2 (size: 1440) name: sas
  zone 3 (size: 960) name: dura
  zone 4 (size: 180) name: lc
  zone 5 (size: 144) name: sclera_peri
  zone 6 (size: 168) name: sclera_ring
  zone 7 (size: 492) name: globo
----------------
Patches
----------------
  patch 0 (start: 17076 size: 180) name: posterior_on
  patch 1 (start: 17256 size: 72) name: posterior_pia
  patch 2 (start: 17328 size: 144) name: posterior_sas
  patch 3 (start: 17472 size: 96) name: posterior_dura
  patch 4 (start: 17568 size: 240) name: dura_outer
  patch 5 (start: 17808 size: 24) name: sclera_ring_outer
  patch 6 (start: 17832 size: 24) name: globo_outer
  patch 7 (start: 17856 size: 492) name: anterior_globo

End

/*---------------------------------------------------------------------------*\
| =========                 |                                                 |
| \\      /  F ield         | OpenFOAM: The Open Source CFD Toolbox           |
|  \\    /   O peration     | Version:  2512                                  |
|   \\  /    A nd           | Website:  www.openfoam.com                      |
|    \\/     M anipulation  |                                                 |
\*---------------------------------------------------------------------------*/
Build  : _bd2b6720-20260127 OPENFOAM=2512 version=2512
Arch   : "LSB;label=32;scalar=64"
Exec   : topoSet -dict system/topoSetDict_perturbation
Date   : Jun 20 2026
Time   : 18:21:56
Host   : 55b8b3d01082
PID    : 222
I/O    : uncollated
Case   : /simulation/_mi/on-caso-3F2__radpia3dura4/solid
nProcs : 1
trapFpe: Floating point exception trapping enabled (FOAM_SIGFPE).
memory pool : not available
fileModificationChecking : Monitoring run-time modified files using timeStampMaster (fileModificationSkew 5, maxFileModificationPolls 20)
allowSystemOperations : Allowing user-supplied system call operations

// * * * * * * * * * * * * * * * * * * * * * * * * * * * * * * * * * * * * * //
Create time

--> FOAM Warning : 
    From void* Foam::dlLibraryTable::openLibrary(const Foam::fileName&, bool)
    in file db/dynamicLibrary/dlLibraryTable/dlLibraryTable.C at line 188
    Could not load "$FOAM_CASE/../src/elasticFoundation/libsolidTractionElasticFoundation.so"
/simulation/_mi/on-caso-3F2__radpia3dura4/solid/../src/elasticFoundation/libsolidTractionElasticFoundation.so: cannot open shared object file: No such file or directory
Create polyMesh for time = 0

Reading topoSetDict_perturbation

Time = 0
    mesh not changed.
--> FOAM IOWarning :
    Found [v1806] 'name' entry instead of 'patch' in dictionary "system/topoSetDict_perturbation/actions/sourceInfo"

    This keyword is 90 months old.

Created faceSet perturbation_strip
    Applying source patchToFace
    Adding all faces of patches: (dura_outer) ...
    Found matching patch dura_outer with 240 faces
    faceSet perturbation_strip now size 240
Read set faceSet perturbation_strip size:240
    Applying source boxToFace
    Adding faces with centre within boxes 1((0.0024 -0.0005 0.01) (0.00265 0.0005 0.02))
    faceSet perturbation_strip now size 8

End

/*---------------------------------------------------------------------------*\
| =========                 |                                                 |
| \\      /  F ield         | OpenFOAM: The Open Source CFD Toolbox           |
|  \\    /   O peration     | Version:  2512                                  |
|   \\  /    A nd           | Website:  www.openfoam.com                      |
|    \\/     M anipulation  |                                                 |
\*---------------------------------------------------------------------------*/
Build  : _bd2b6720-20260127 OPENFOAM=2512 version=2512
Arch   : "LSB;label=32;scalar=64"
Exec   : createPatch -overwrite -dict system/createPatchDict_perturbation
Date   : Jun 20 2026
Time   : 18:21:57
Host   : 55b8b3d01082
PID    : 224
I/O    : uncollated
Case   : /simulation/_mi/on-caso-3F2__radpia3dura4/solid
nProcs : 1
trapFpe: Floating point exception trapping enabled (FOAM_SIGFPE).
memory pool : not available
fileModificationChecking : Monitoring run-time modified files using timeStampMaster (fileModificationSkew 5, maxFileModificationPolls 20)
allowSystemOperations : Allowing user-supplied system call operations

// * * * * * * * * * * * * * * * * * * * * * * * * * * * * * * * * * * * * * //
Create time

--> FOAM Warning : 
    From void* Foam::dlLibraryTable::openLibrary(const Foam::fileName&, bool)
    in file db/dynamicLibrary/dlLibraryTable/dlLibraryTable.C at line 188
    Could not load "$FOAM_CASE/../src/elasticFoundation/libsolidTractionElasticFoundation.so"
/simulation/_mi/on-caso-3F2__radpia3dura4/solid/../src/elasticFoundation/libsolidTractionElasticFoundation.so: cannot open shared object file: No such file or directory
Create mesh for time = 0

Reading "system/createPatchDict_perturbation"



Adding patches to mesh region0

Adding new patch perturbation_strip from 
{
    type            wall;
    nFaces          0;
    startFace       0;
}




Repatching mesh region0

Read 8 faces from faceSet perturbation_strip
Doing topology modification to order faces.

Not synchronising points.

Removing patches with no faces in them.



Writing repatched mesh region0 to 0

End

/*---------------------------------------------------------------------------*\
| =========                 |                                                 |
| \\      /  F ield         | OpenFOAM: The Open Source CFD Toolbox           |
|  \\    /   O peration     | Version:  2512                                  |
|   \\  /    A nd           | Website:  www.openfoam.com                      |
|    \\/     M anipulation  |                                                 |
\*---------------------------------------------------------------------------*/
Build  : _bd2b6720-20260127 OPENFOAM=2512 version=2512
Arch   : "LSB;label=32;scalar=64"
Exec   : topoSet -dict system/topoSetDict_contact
Date   : Jun 20 2026
Time   : 18:21:57
Host   : 55b8b3d01082
PID    : 226
I/O    : uncollated
Case   : /simulation/_mi/on-caso-3F2__radpia3dura4/solid
nProcs : 1
trapFpe: Floating point exception trapping enabled (FOAM_SIGFPE).
memory pool : not available
fileModificationChecking : Monitoring run-time modified files using timeStampMaster (fileModificationSkew 5, maxFileModificationPolls 20)
allowSystemOperations : Allowing user-supplied system call operations

// * * * * * * * * * * * * * * * * * * * * * * * * * * * * * * * * * * * * * //
Create time

--> FOAM Warning : 
    From void* Foam::dlLibraryTable::openLibrary(const Foam::fileName&, bool)
    in file db/dynamicLibrary/dlLibraryTable/dlLibraryTable.C at line 188
    Could not load "$FOAM_CASE/../src/elasticFoundation/libsolidTractionElasticFoundation.so"
/simulation/_mi/on-caso-3F2__radpia3dura4/solid/../src/elasticFoundation/libsolidTractionElasticFoundation.so: cannot open shared object file: No such file or directory
Create polyMesh for time = 0

Reading topoSetDict_contact

Time = 0
    mesh not changed.
Created faceSet contact_local
    Applying source patchToFace
--> FOAM IOWarning :
    Found [v1806] 'name' entry instead of 'patch' in dictionary "system/topoSetDict_contact/actions/sourceInfo"

    This keyword is 90 months old.

    Adding all faces of patches: (dura_outer) ...
    Found matching patch dura_outer with 232 faces
    faceSet contact_local now size 232
Read set faceSet contact_local size:232
    Applying source boxToFace
    Adding faces with centre within boxes 1((0.0024 -0.0005 0.021) (0.0026 0.0005 0.024))
    faceSet contact_local now size 2

End

/*---------------------------------------------------------------------------*\
| =========                 |                                                 |
| \\      /  F ield         | OpenFOAM: The Open Source CFD Toolbox           |
|  \\    /   O peration     | Version:  2512                                  |
|   \\  /    A nd           | Website:  www.openfoam.com                      |
|    \\/     M anipulation  |                                                 |
\*---------------------------------------------------------------------------*/
Build  : _bd2b6720-20260127 OPENFOAM=2512 version=2512
Arch   : "LSB;label=32;scalar=64"
Exec   : createPatch -overwrite -dict system/createPatchDict_contact
Date   : Jun 20 2026
Time   : 18:21:58
Host   : 55b8b3d01082
PID    : 228
I/O    : uncollated
Case   : /simulation/_mi/on-caso-3F2__radpia3dura4/solid
nProcs : 1
trapFpe: Floating point exception trapping enabled (FOAM_SIGFPE).
memory pool : not available
fileModificationChecking : Monitoring run-time modified files using timeStampMaster (fileModificationSkew 5, maxFileModificationPolls 20)
allowSystemOperations : Allowing user-supplied system call operations

// * * * * * * * * * * * * * * * * * * * * * * * * * * * * * * * * * * * * * //
Create time

--> FOAM Warning : 
    From void* Foam::dlLibraryTable::openLibrary(const Foam::fileName&, bool)
    in file db/dynamicLibrary/dlLibraryTable/dlLibraryTable.C at line 188
    Could not load "$FOAM_CASE/../src/elasticFoundation/libsolidTractionElasticFoundation.so"
/simulation/_mi/on-caso-3F2__radpia3dura4/solid/../src/elasticFoundation/libsolidTractionElasticFoundation.so: cannot open shared object file: No such file or directory
Create mesh for time = 0

Reading "system/createPatchDict_contact"



Adding patches to mesh region0

Adding new patch contact_local from 
{
    type            wall;
    nFaces          0;
    startFace       0;
}




Repatching mesh region0

Read 2 faces from faceSet contact_local
Doing topology modification to order faces.

Not synchronising points.

Removing patches with no faces in them.



Writing repatched mesh region0 to 0

End

/*---------------------------------------------------------------------------*\
| =========                 |                                                 |
| \\      /  F ield         | OpenFOAM: The Open Source CFD Toolbox           |
|  \\    /   O peration     | Version:  2512                                  |
|   \\  /    A nd           | Website:  www.openfoam.com                      |
|    \\/     M anipulation  |                                                 |
\*---------------------------------------------------------------------------*/
Build  : _bd2b6720-20260127 OPENFOAM=2512 version=2512
Arch   : "LSB;label=32;scalar=64"
Exec   : topoSet -dict system/topoSetDict_contact2
Date   : Jun 20 2026
Time   : 18:21:58
Host   : 55b8b3d01082
PID    : 230
I/O    : uncollated
Case   : /simulation/_mi/on-caso-3F2__radpia3dura4/solid
nProcs : 1
trapFpe: Floating point exception trapping enabled (FOAM_SIGFPE).
memory pool : not available
fileModificationChecking : Monitoring run-time modified files using timeStampMaster (fileModificationSkew 5, maxFileModificationPolls 20)
allowSystemOperations : Allowing user-supplied system call operations

// * * * * * * * * * * * * * * * * * * * * * * * * * * * * * * * * * * * * * //
Create time

--> FOAM Warning : 
    From void* Foam::dlLibraryTable::openLibrary(const Foam::fileName&, bool)
    in file db/dynamicLibrary/dlLibraryTable/dlLibraryTable.C at line 188
    Could not load "$FOAM_CASE/../src/elasticFoundation/libsolidTractionElasticFoundation.so"
/simulation/_mi/on-caso-3F2__radpia3dura4/solid/../src/elasticFoundation/libsolidTractionElasticFoundation.so: cannot open shared object file: No such file or directory
Create polyMesh for time = 0

Reading topoSetDict_contact2

Time = 0
    mesh not changed.
--> FOAM IOWarning :
    Found [v1806] 'name' entry instead of 'patch' in dictionary "Created faceSet contact_local2
    Applying source patchToFace
system/topoSetDict_contact2/actions/sourceInfo"

    This keyword is 90 months old.

    Adding all faces of patches: (dura_outer) ...
    Found matching patch dura_outer with 230 faces
    faceSet contact_local2 now size 230
Read set faceSet contact_local2 size:230
    Applying source boxToFace
    Adding faces with centre within boxes 1((-0.0026 -0.0005 0.006) (-0.0024 0.0005 0.009))
    faceSet contact_local2 now size 2

End

/*---------------------------------------------------------------------------*\
| =========                 |                                                 |
| \\      /  F ield         | OpenFOAM: The Open Source CFD Toolbox           |
|  \\    /   O peration     | Version:  2512                                  |
|   \\  /    A nd           | Website:  www.openfoam.com                      |
|    \\/     M anipulation  |                                                 |
\*---------------------------------------------------------------------------*/
Build  : _bd2b6720-20260127 OPENFOAM=2512 version=2512
Arch   : "LSB;label=32;scalar=64"
Exec   : createPatch -overwrite -dict system/createPatchDict_contact2
Date   : Jun 20 2026
Time   : 18:21:58
Host   : 55b8b3d01082
PID    : 232
I/O    : uncollated
Case   : /simulation/_mi/on-caso-3F2__radpia3dura4/solid
nProcs : 1
trapFpe: Floating point exception trapping enabled (FOAM_SIGFPE).
memory pool : not available
fileModificationChecking : Monitoring run-time modified files using timeStampMaster (fileModificationSkew 5, maxFileModificationPolls 20)
allowSystemOperations : Allowing user-supplied system call operations

// * * * * * * * * * * * * * * * * * * * * * * * * * * * * * * * * * * * * * //
Create time

--> FOAM Warning : 
    From void* Foam::dlLibraryTable::openLibrary(const Foam::fileName&, bool)
    in file db/dynamicLibrary/dlLibraryTable/dlLibraryTable.C at line 188
    Could not load "$FOAM_CASE/../src/elasticFoundation/libsolidTractionElasticFoundation.so"
/simulation/_mi/on-caso-3F2__radpia3dura4/solid/../src/elasticFoundation/libsolidTractionElasticFoundation.so: cannot open shared object file: No such file or directory
Create mesh for time = 0

Reading "system/createPatchDict_contact2"



Adding patches to mesh region0

Adding new patch contact_local2 from 
{
    type            wall;
    nFaces          0;
    startFace       0;
}




Repatching mesh region0

Read 2 faces from faceSet contact_local2
Doing topology modification to order faces.

Not synchronising points.

Removing patches with no faces in them.



Writing repatched mesh region0 to 0

End

=== on-caso-3F2 (CCX): polyMesh -> CalculiX .inp  [k_winkler=200000 Pa/m] ===
[1/5] Lendo polyMesh em ../solid/constant/polyMesh
      nodes=6565, faces=18348, cells=5904, patches=11, zones=['on', 'pia', 'sas', 'dura', 'lc', 'sclera_peri', 'sclera_ring', 'globo']
[2/5] Reconstruindo conectividade C3D8 (5904 celulas)
      OK
[3/5] Escrevendo malha em on-caso-3F2_mesh.inp
      DURA_INNER_SURF: 240 faces (interface dura<->sas)
[4/5] Escrevendo Winkler em on-caso-3F2_winkler.inp
[5/5] Concluido. Total: 6565 nodes, 5904 hex C3D8I.
=== Conferindo que CONTACT_LOCAL2_SURF foi emitida ===
13955:*SURFACE, NAME=CONTACT_LOCAL_SURF, TYPE=ELEMENT
13958:*SURFACE, NAME=CONTACT_LOCAL2_SURF, TYPE=ELEMENT
312:CONTACT_LOCAL_SURF, P, 9034
321:CONTACT_LOCAL2_SURF, P, 9034
=== on-caso-3F2 (CCX): ccx_preCICE -i on-caso-3F2  [tag=<none>] ===

************************************************************

CalculiX Version 2.20, Copyright(C) 1998-2022 Guido Dhondt
CalculiX comes with ABSOLUTELY NO WARRANTY. This is free
software, and you are welcome to redistribute it under
certain conditions, see gpl.htm

************************************************************

You are using an executable made on Sun Jul 31 18:08:37 CEST 2022

  The numbers below are estimated upper bounds

  number of:

   nodes:        24526
   elements:         6153
   one-dimensional elements:            0
   two-dimensional elements:            0
   integration points per element:            8
   degrees of freedom per node:            3
   layers per element:            1

   distributed facial loads:          244
   distributed volumetric loads:            0
   concentrated loads:          505
   single point constraints:         3993
   multiple point constraints:            1
   terms in all multiple point constraints:            1
   tie constraints:            0
   dependent nodes tied by cyclic constraints:            0
   dependent nodes in pre-tension constraints:            0

   sets:          282
   terms in all sets:        22509

   materials:          257
   constants per material and temperature:            9
   temperature points per material:            1
   plastic data points per material:            0

   orientations:            1
   amplitudes:            9
   data points in all amplitudes:           12
   print requests:            8
   transformations:            0
   property cards:            0

 *INFO reading *HYPERELASTIC: nonlinear geometric
       effects are turned on

 *INFO reading *HYPERELASTIC: nonlinear geometric
       effects are turned on

 *INFO reading *HYPERELASTIC: nonlinear geometric
       effects are turned on

 *INFO reading *HYPERELASTIC: nonlinear geometric
       effects are turned on

 *INFO reading *HYPERELASTIC: nonlinear geometric
       effects are turned on

 *INFO reading *HYPERELASTIC: nonlinear geometric
       effects are turned on

 *INFO reading *HYPERELASTIC: nonlinear geometric
       effects are turned on

 *INFO reading *STEP: nonlinear geometric
       effects are turned on

 *WARNING reading *STATIC: parameter not recognized:
          RIKS
 *WARNING reading *STATIC. Card image:
          *STATIC,RIKS


 STEP            1

 Static analysis was selected

 Nonlinear material laws are taken into account

 Newton-Raphson iterative procedure is active

 Nonlinear geometric effects are taken into account

 Decascading the MPC's

 Determining the structure of the matrix:
 Using up to 1 cpu(s) for setting up the structure of the matrix.
 number of equations
 69801
 number of nonzero lower triangular matrix elements
 1996071

 increment 1 attempt 1 
 increment size= 2.500000e-02
 sum of previous increments=0.000000e+00
 actual step time=2.500000e-02
 actual total time=2.500000e-02

 iteration 1

 Using up to 1 cpu(s) for the stress calculation.

 Using up to 1 cpu(s) for the symmetric stiffness/mass contributions.

 Factoring the system of equations using the symmetric spooles solver
 Using up to 1 cpu(s) for spooles.

 Using up to 1 cpu(s) for the stress calculation.

 average force= 0.000007
 time avg. forc= 0.000007
 largest residual force= 0.000141 in node 4719 and dof 1
 largest increment of disp= 2.499657e-05
 largest correction to disp= 2.499657e-05 in node 5831 and dof 3

 no convergence

 iteration 2

 Using up to 1 cpu(s) for the symmetric stiffness/mass contributions.

 Factoring the system of equations using the symmetric spooles solver
 Using up to 1 cpu(s) for spooles.

 Using up to 1 cpu(s) for the stress calculation.

 average force= 0.000007
 time avg. forc= 0.000007
 largest residual force= 0.000000 in node 2651 and dof 1
 largest increment of disp= 2.499657e-05
 largest correction to disp= 5.260598e-07 in node 5227 and dof 3

 convergence

 increment 2 attempt 1 
 increment size= 2.500000e-02
 sum of previous increments=2.500000e-02
 actual step time=5.000000e-02
 actual total time=5.000000e-02

 iteration 1

 Using up to 1 cpu(s) for the stress calculation.

 Using up to 1 cpu(s) for the symmetric stiffness/mass contributions.

 Factoring the system of equations using the symmetric spooles solver
 Using up to 1 cpu(s) for spooles.

 Using up to 1 cpu(s) for the stress calculation.

 average force= 0.000015
 time avg. forc= 0.000011
 largest residual force= 0.000000 in node 2723 and dof 1
 largest increment of disp= 2.499673e-05
 largest correction to disp= 1.150760e-07 in node 21396 and dof 2

 no convergence

 iteration 2

 Using up to 1 cpu(s) for the symmetric stiffness/mass contributions.

 Factoring the system of equations using the symmetric spooles solver
 Using up to 1 cpu(s) for spooles.

 Using up to 1 cpu(s) for the stress calculation.

 average force= 0.000015
 time avg. forc= 0.000011
 largest residual force= 0.000000 in node 815 and dof 1
 largest increment of disp= 2.499673e-05
 largest correction to disp= 3.575856e-10 in node 4654 and dof 1

 convergence; the increment size is increased to 3.750000e-02

 increment 3 attempt 1 
 increment size= 3.750000e-02
 sum of previous increments=5.000000e-02
 actual step time=8.750000e-02
 actual total time=8.750000e-02

 iteration 1

 Using up to 1 cpu(s) for the stress calculation.

 Using up to 1 cpu(s) for the symmetric stiffness/mass contributions.

 Factoring the system of equations using the symmetric spooles solver
 Using up to 1 cpu(s) for spooles.

 Using up to 1 cpu(s) for the stress calculation.

 average force= 0.000027
 time avg. forc= 0.000016
 largest residual force= 0.000002 in node 2723 and dof 1
 largest increment of disp= 3.749526e-05
 largest correction to disp= 2.722861e-07 in node 21396 and dof 2

 no convergence

 iteration 2

 Using up to 1 cpu(s) for the symmetric stiffness/mass contributions.

 Factoring the system of equations using the symmetric spooles solver
 Using up to 1 cpu(s) for spooles.

 Using up to 1 cpu(s) for the stress calculation.

 average force= 0.000027
 time avg. forc= 0.000016
 largest residual force= 0.000000 in node 2502 and dof 2
 largest increment of disp= 3.749526e-05
 largest correction to disp= 9.505539e-10 in node 4655 and dof 1

 convergence; the increment size is increased to 5.625000e-02

 the increment size exceeds the maximum allowed and is decreased to 5.000000e-02

 increment 4 attempt 1 
 increment size= 5.000000e-02
 sum of previous increments=8.750000e-02
 actual step time=1.375000e-01
 actual total time=1.375000e-01

 iteration 1

 Using up to 1 cpu(s) for the stress calculation.

 Using up to 1 cpu(s) for the symmetric stiffness/mass contributions.

 Factoring the system of equations using the symmetric spooles solver
 Using up to 1 cpu(s) for spooles.

 Using up to 1 cpu(s) for the stress calculation.

 average force= 0.000043
 time avg. forc= 0.000023
 largest residual force= 0.000019 in node 815 and dof 1
 largest increment of disp= 4.999393e-05
 largest correction to disp= 7.429753e-07 in node 19944 and dof 2

 no convergence

 iteration 2

 Using up to 1 cpu(s) for the symmetric stiffness/mass contributions.

 Factoring the system of equations using the symmetric spooles solver
 Using up to 1 cpu(s) for spooles.

 Using up to 1 cpu(s) for the stress calculation.

 average force= 0.000043
 time avg. forc= 0.000023
 largest residual force= 0.000000 in node 2057 and dof 2
 largest increment of disp= 4.999393e-05
 largest correction to disp= 5.975230e-09 in node 19224 and dof 1

 convergence; the increment size is increased to 7.500000e-02

 the increment size exceeds the maximum allowed and is decreased to 5.000000e-02

 increment 5 attempt 1 
 increment size= 5.000000e-02
 sum of previous increments=1.375000e-01
 actual step time=1.875000e-01
 actual total time=1.875000e-01

 iteration 1

 Using up to 1 cpu(s) for the stress calculation.

 Using up to 1 cpu(s) for the symmetric stiffness/mass contributions.

 Factoring the system of equations using the symmetric spooles solver
 Using up to 1 cpu(s) for spooles.

 Using up to 1 cpu(s) for the stress calculation.

 average force= 0.000061
 time avg. forc= 0.000031
 largest residual force= 0.000135 in node 2259 and dof 1
 largest increment of disp= 4.999514e-05
 largest correction to disp= 1.957278e-06 in node 12558 and dof 1

 no convergence

 iteration 2

 Using up to 1 cpu(s) for the symmetric stiffness/mass contributions.

 Factoring the system of equations using the symmetric spooles solver
 Using up to 1 cpu(s) for spooles.

 Using up to 1 cpu(s) for the stress calculation.

 average force= 0.000061
 time avg. forc= 0.000031
 largest residual force= 0.000000 in node 2723 and dof 1
 largest increment of disp= 4.999514e-05
 largest correction to disp= 2.380622e-08 in node 19232 and dof 1

 convergence; the increment size is increased to 7.500000e-02

 the increment size exceeds the maximum allowed and is decreased to 5.000000e-02

 Using up to 1 cpu(s) for the stress calculation.

 increment 6 attempt 1 
 increment size= 5.000000e-02
 sum of previous increments=1.875000e-01
 actual step time=2.375000e-01
 actual total time=2.375000e-01

 iteration 1

 Using up to 1 cpu(s) for the stress calculation.

 Using up to 1 cpu(s) for the symmetric stiffness/mass contributions.

 Factoring the system of equations using the symmetric spooles solver
 Using up to 1 cpu(s) for spooles.

 Using up to 1 cpu(s) for the stress calculation.

 average force= 0.000089
 time avg. forc= 0.000040
 largest residual force= 0.002331 in node 899 and dof 1
 largest increment of disp= 5.000153e-05
 largest correction to disp= 8.237848e-06 in node 12621 and dof 1

 no convergence

 iteration 2

 Using up to 1 cpu(s) for the symmetric stiffness/mass contributions.

 Factoring the system of equations using the symmetric spooles solver
 Using up to 1 cpu(s) for spooles.

 Using up to 1 cpu(s) for the stress calculation.

 average force= 0.000090
 time avg. forc= 0.000041
 largest residual force= 0.000017 in node 2301 and dof 1
 largest increment of disp= 5.000153e-05
 largest correction to disp= 7.085838e-07 in node 12612 and dof 1

 no convergence

 iteration 3

 Using up to 1 cpu(s) for the symmetric stiffness/mass contributions.

 Factoring the system of equations using the symmetric spooles solver
 Using up to 1 cpu(s) for spooles.

 Using up to 1 cpu(s) for the stress calculation.

 average force= 0.000090
 time avg. forc= 0.000041
 largest residual force= 0.000005 in node 899 and dof 1
 largest increment of disp= 5.000153e-05
 largest correction to disp= 3.825506e-07 in node 12612 and dof 1

 no convergence

 iteration 4

 Using up to 1 cpu(s) for the symmetric stiffness/mass contributions.

 Factoring the system of equations using the symmetric spooles solver
 Using up to 1 cpu(s) for spooles.

 Using up to 1 cpu(s) for the stress calculation.

 average force= 0.000090
 time avg. forc= 0.000041
 largest residual force= 0.000000 in node 2301 and dof 1
 largest increment of disp= 5.000153e-05
 largest correction to disp= 1.520769e-10 in node 12621 and dof 1

 convergence; the increment size is increased to 7.500000e-02

 the increment size exceeds the maximum allowed and is decreased to 5.000000e-02

 increment 7 attempt 1 
 increment size= 5.000000e-02
 sum of previous increments=2.375000e-01
 actual step time=2.875000e-01
 actual total time=2.875000e-01

 iteration 1

 Using up to 1 cpu(s) for the stress calculation.

 Using up to 1 cpu(s) for the symmetric stiffness/mass contributions.

 Factoring the system of equations using the symmetric spooles solver
 Using up to 1 cpu(s) for spooles.

 Using up to 1 cpu(s) for the stress calculation.

 average force= 0.000187
 time avg. forc= 0.000061
 largest residual force= 0.024146 in node 2303 and dof 1
 largest increment of disp= 5.007630e-05
 largest correction to disp= 3.050327e-05 in node 19232 and dof 1

 no convergence

 iteration 2

 Using up to 1 cpu(s) for the symmetric stiffness/mass contributions.

 Factoring the system of equations using the symmetric spooles solver
 Using up to 1 cpu(s) for spooles.

 Using up to 1 cpu(s) for the stress calculation.

 average force= 0.000177
 time avg. forc= 0.000060
 largest residual force= 0.017193 in node 899 and dof 1
 largest increment of disp= 5.007630e-05
 largest correction to disp= 2.236277e-05 in node 12612 and dof 1

 no convergence

 iteration 3

 Using up to 1 cpu(s) for the symmetric stiffness/mass contributions.

 Factoring the system of equations using the symmetric spooles solver
 Using up to 1 cpu(s) for spooles.

 Using up to 1 cpu(s) for the stress calculation.

 average force= 0.002012
 time avg. forc= 0.000322
 largest residual force= 1.253747 in node 2303 and dof 1
 largest increment of disp= 1.868233e-04
 largest correction to disp= 1.868233e-04 in node 12617 and dof 1

 no convergence

 iteration 4

 Using up to 1 cpu(s) for the symmetric stiffness/mass contributions.

 Factoring the system of equations using the symmetric spooles solver
 Using up to 1 cpu(s) for spooles.

 Using up to 1 cpu(s) for the stress calculation.

 average force= 0.000203
 time avg. forc= 0.000064
 largest residual force= 0.005575 in node 2301 and dof 1
 largest increment of disp= 1.868233e-04
 largest correction to disp= 1.264992e-05 in node 12621 and dof 1

 no convergence

 iteration 5

 Using up to 1 cpu(s) for the symmetric stiffness/mass contributions.

 Factoring the system of equations using the symmetric spooles solver
 Using up to 1 cpu(s) for spooles.

 Using up to 1 cpu(s) for the stress calculation.

 average force= 0.000247
 time avg. forc= 0.000070
 largest residual force= 0.085543 in node 2303 and dof 1
 largest increment of disp= 1.868233e-04
 largest correction to disp= 4.893322e-05 in node 12671 and dof 1

 no convergence

 iteration 6

 Using up to 1 cpu(s) for the symmetric stiffness/mass contributions.

 Factoring the system of equations using the symmetric spooles solver
 Using up to 1 cpu(s) for spooles.

 Using up to 1 cpu(s) for the stress calculation.

 average force= 0.000182
 time avg. forc= 0.000061
 largest residual force= 0.001800 in node 2303 and dof 1
 largest increment of disp= 1.868233e-04
 largest correction to disp= 7.064077e-06 in node 12626 and dof 1

 no convergence

 iteration 7

 Using up to 1 cpu(s) for the symmetric stiffness/mass contributions.

 Factoring the system of equations using the symmetric spooles solver
 Using up to 1 cpu(s) for spooles.

 Using up to 1 cpu(s) for the stress calculation.

 average force= 0.000184
 time avg. forc= 0.000061
 largest residual force= 0.021920 in node 2303 and dof 1
 largest increment of disp= 1.868233e-04
 largest correction to disp= 2.450538e-05 in node 12671 and dof 1

 no convergence

 iteration 8

 Using up to 1 cpu(s) for the symmetric stiffness/mass contributions.

 Factoring the system of equations using the symmetric spooles solver
 Using up to 1 cpu(s) for spooles.

 Using up to 1 cpu(s) for the stress calculation.

 average force= 0.000175
 time avg. forc= 0.000060
 largest residual force= 0.000741 in node 2303 and dof 1
 largest increment of disp= 1.868233e-04
 largest correction to disp= 4.540914e-06 in node 12617 and dof 1

 estimated number of iterations till convergence = 11
 no convergence

 iteration 9

 Using up to 1 cpu(s) for the symmetric stiffness/mass contributions.

 Factoring the system of equations using the symmetric spooles solver
 Using up to 1 cpu(s) for spooles.

 Using up to 1 cpu(s) for the stress calculation.

 average force= 0.000173
 time avg. forc= 0.000059
 largest residual force= 0.001721 in node 2303 and dof 1
 largest increment of disp= 1.868233e-04
 largest correction to disp= 6.874060e-06 in node 12617 and dof 1

 no convergence

 iteration 10

 Using up to 1 cpu(s) for the symmetric stiffness/mass contributions.

 Factoring the system of equations using the symmetric spooles solver
 Using up to 1 cpu(s) for spooles.

 Using up to 1 cpu(s) for the stress calculation.

 average force= 0.000173
 time avg. forc= 0.000059
 largest residual force= 0.000030 in node 2303 and dof 1
 largest increment of disp= 1.868233e-04
 largest correction to disp= 9.075234e-07 in node 12617 and dof 1

 estimated number of iterations till convergence = 12
 no convergence

 iteration 11

 Using up to 1 cpu(s) for the symmetric stiffness/mass contributions.

 Factoring the system of equations using the symmetric spooles solver
 Using up to 1 cpu(s) for spooles.

 Using up to 1 cpu(s) for the stress calculation.

 average force= 0.000173
 time avg. forc= 0.000059
 largest residual force= 0.000000 in node 2303 and dof 1
 largest increment of disp= 1.868233e-04
 largest correction to disp= 1.342983e-07 in node 12626 and dof 1

convergence

 increment 8 attempt 1 
 increment size= 5.000000e-02
 sum of previous increments=2.875000e-01
 actual step time=3.375000e-01
 actual total time=3.375000e-01

 iteration 1

 Using up to 1 cpu(s) for the stress calculation.

 Using up to 1 cpu(s) for the symmetric stiffness/mass contributions.

 Factoring the system of equations using the symmetric spooles solver
 Using up to 1 cpu(s) for spooles.

 Using up to 1 cpu(s) for the stress calculation.

 average force= 0.000303
 time avg. forc= 0.000090
 largest residual force= 0.003689 in node 4289 and dof 1
 largest increment of disp= 8.766592e-05
 largest correction to disp= 8.766592e-05 in node 16881 and dof 1

 no convergence

 iteration 2

 Using up to 1 cpu(s) for the symmetric stiffness/mass contributions.

 Factoring the system of equations using the symmetric spooles solver
 Using up to 1 cpu(s) for spooles.

 Using up to 1 cpu(s) for the stress calculation.

 average force= 0.000311
 time avg. forc= 0.000091
 largest residual force= 0.014276 in node 2303 and dof 1
 largest increment of disp= 8.766592e-05
 largest correction to disp= 2.436538e-05 in node 14784 and dof 1

 no convergence

 iteration 3

 Using up to 1 cpu(s) for the symmetric stiffness/mass contributions.

 Factoring the system of equations using the symmetric spooles solver
 Using up to 1 cpu(s) for spooles.

 Using up to 1 cpu(s) for the stress calculation.

 average force= 0.000286
 time avg. forc= 0.000088
 largest residual force= 0.000369 in node 2303 and dof 1
 largest increment of disp= 8.766592e-05
 largest correction to disp= 8.473159e-06 in node 14721 and dof 1

 no convergence

 iteration 4

 Using up to 1 cpu(s) for the symmetric stiffness/mass contributions.

 Factoring the system of equations using the symmetric spooles solver
 Using up to 1 cpu(s) for spooles.

 Using up to 1 cpu(s) for the stress calculation.

 average force= 0.000284
 time avg. forc= 0.000088
 largest residual force= 0.000243 in node 2303 and dof 1
 largest increment of disp= 8.766592e-05
 largest correction to disp= 2.860702e-06 in node 8586 and dof 1

 no convergence

 iteration 5

 Using up to 1 cpu(s) for the symmetric stiffness/mass contributions.

 Factoring the system of equations using the symmetric spooles solver
 Using up to 1 cpu(s) for spooles.

 Using up to 1 cpu(s) for the stress calculation.

 average force= 0.000284
 time avg. forc= 0.000088
 largest residual force= 0.000000 in node 2303 and dof 1
 largest increment of disp= 8.766592e-05
 largest correction to disp= 1.222233e-07 in node 12626 and dof 1

 convergence

 increment 9 attempt 1 
 increment size= 5.000000e-02
 sum of previous increments=3.375000e-01
 actual step time=3.875000e-01
 actual total time=3.875000e-01

 iteration 1

 Using up to 1 cpu(s) for the stress calculation.

 Using up to 1 cpu(s) for the symmetric stiffness/mass contributions.

 Factoring the system of equations using the symmetric spooles solver
 Using up to 1 cpu(s) for spooles.

 Using up to 1 cpu(s) for the stress calculation.

 average force= 0.000465
 time avg. forc= 0.000130
 largest residual force= 0.041255 in node 4738 and dof 1
 largest increment of disp= 5.098121e-04
 largest correction to disp= 5.098121e-04 in node 17745 and dof 1

 no convergence

 iteration 2

 Using up to 1 cpu(s) for the symmetric stiffness/mass contributions.

 Factoring the system of equations using the symmetric spooles solver
 Using up to 1 cpu(s) for spooles.

 Using up to 1 cpu(s) for the stress calculation.

 average force= 0.000406
 time avg. forc= 0.000123
 largest residual force= 0.010530 in node 4709 and dof 1
 largest increment of disp= 5.098121e-04
 largest correction to disp= 1.111024e-04 in node 15594 and dof 1

 no convergence

 iteration 3

 Using up to 1 cpu(s) for the symmetric stiffness/mass contributions.

 Factoring the system of equations using the symmetric spooles solver
 Using up to 1 cpu(s) for spooles.

 Using up to 1 cpu(s) for the stress calculation.

 average force= 0.000462
 time avg. forc= 0.000129
 largest residual force= 0.011158 in node 5272 and dof 1
 largest increment of disp= 5.098121e-04
 largest correction to disp= 1.036261e-04 in node 17745 and dof 1

 no convergence

 iteration 4

 Using up to 1 cpu(s) for the symmetric stiffness/mass contributions.

 Factoring the system of equations using the symmetric spooles solver
 Using up to 1 cpu(s) for spooles.

 Using up to 1 cpu(s) for the stress calculation.

 average force= 0.000437
 time avg. forc= 0.000126
 largest residual force= 0.000516 in node 4710 and dof 1
 largest increment of disp= 5.098121e-04
 largest correction to disp= 6.444493e-05 in node 17745 and dof 1

 no convergence

 iteration 5

 Using up to 1 cpu(s) for the symmetric stiffness/mass contributions.

 Factoring the system of equations using the symmetric spooles solver
 Using up to 1 cpu(s) for spooles.

 Using up to 1 cpu(s) for the stress calculation.

 average force= 0.000431
 time avg. forc= 0.000126
 largest residual force= 0.000178 in node 5272 and dof 1
 largest increment of disp= 5.098121e-04
 largest correction to disp= 5.006135e-05 in node 17754 and dof 1

 no convergence

 iteration 6

 Using up to 1 cpu(s) for the symmetric stiffness/mass contributions.

 Factoring the system of equations using the symmetric spooles solver
 Using up to 1 cpu(s) for spooles.

 Using up to 1 cpu(s) for the stress calculation.

 average force= 0.000431
 time avg. forc= 0.000126
 largest residual force= 0.000010 in node 4197 and dof 1
 largest increment of disp= 5.098121e-04
 largest correction to disp= 7.234285e-05 in node 17742 and dof 1

 no convergence

 iteration 7

 Using up to 1 cpu(s) for the symmetric stiffness/mass contributions.

 Factoring the system of equations using the symmetric spooles solver
 Using up to 1 cpu(s) for spooles.

 Using up to 1 cpu(s) for the stress calculation.

 average force= 0.000431
 time avg. forc= 0.000126
 largest residual force= 0.000019 in node 3405 and dof 1
 largest increment of disp= 5.098121e-04
 largest correction to disp= 1.261230e-04 in node 15641 and dof 1

 no convergence

 iteration 8

 Using up to 1 cpu(s) for the symmetric stiffness/mass contributions.

 Factoring the system of equations using the symmetric spooles solver
 Using up to 1 cpu(s) for spooles.

 Using up to 1 cpu(s) for the stress calculation.

 average force= 0.000431
 time avg. forc= 0.000126
 largest residual force= 0.000048 in node 4197 and dof 1
 largest increment of disp= 5.098121e-04
 largest correction to disp= 1.868927e-04 in node 17745 and dof 1

 divergence; the increment size is decreased to 1.250000e-02
 the increment is reattempted

 increment 9 attempt 2 
 increment size= 1.250000e-02
 sum of previous increments=3.375000e-01
 actual step time=3.500000e-01
 actual total time=3.500000e-01

 iteration 1

 Using up to 1 cpu(s) for the stress calculation.

 Using up to 1 cpu(s) for the symmetric stiffness/mass contributions.

 Factoring the system of equations using the symmetric spooles solver
 Using up to 1 cpu(s) for spooles.

 Using up to 1 cpu(s) for the stress calculation.

 average force= 0.000310
 time avg. forc= 0.000112
 largest residual force= 0.003861 in node 4738 and dof 1
 largest increment of disp= 3.824198e-05
 largest correction to disp= 3.824198e-05 in node 15639 and dof 1

 no convergence

 iteration 2

 Using up to 1 cpu(s) for the symmetric stiffness/mass contributions.

 Factoring the system of equations using the symmetric spooles solver
 Using up to 1 cpu(s) for spooles.

 Using up to 1 cpu(s) for the stress calculation.

 average force= 0.001801
 time avg. forc= 0.000278
 largest residual force= 0.332778 in node 4736 and dof 1
 largest increment of disp= 2.974273e-04
 largest correction to disp= 2.974273e-04 in node 19239 and dof 1

 no convergence

 iteration 3

 Using up to 1 cpu(s) for the symmetric stiffness/mass contributions.

 Factoring the system of equations using the symmetric spooles solver
 Using up to 1 cpu(s) for spooles.

 Using up to 1 cpu(s) for the stress calculation.

 average force= 0.000575
 time avg. forc= 0.000142
 largest residual force= 0.018348 in node 4736 and dof 1
 largest increment of disp= 2.974273e-04
 largest correction to disp= 4.496809e-05 in node 19239 and dof 1

 no convergence

 iteration 4

 Using up to 1 cpu(s) for the symmetric stiffness/mass contributions.

 Factoring the system of equations using the symmetric spooles solver
 Using up to 1 cpu(s) for spooles.

 Using up to 1 cpu(s) for the stress calculation.

 average force= 0.000697
 time avg. forc= 0.000155
 largest residual force= 0.244280 in node 5275 and dof 1
 largest increment of disp= 2.974273e-04
 largest correction to disp= 2.389933e-04 in node 20744 and dof 1

 no convergence

 iteration 5

 Using up to 1 cpu(s) for the symmetric stiffness/mass contributions.

 Factoring the system of equations using the symmetric spooles solver
 Using up to 1 cpu(s) for spooles.

 Using up to 1 cpu(s) for the stress calculation.

 average force= 0.000446
 time avg. forc= 0.000127
 largest residual force= 0.011195 in node 5275 and dof 1
 largest increment of disp= 2.974273e-04
 largest correction to disp= 3.953656e-05 in node 19311 and dof 1

 no convergence

 iteration 6

 Using up to 1 cpu(s) for the symmetric stiffness/mass contributions.

 Factoring the system of equations using the symmetric spooles solver
 Using up to 1 cpu(s) for spooles.

 Using up to 1 cpu(s) for the stress calculation.

 average force= 0.000442
 time avg. forc= 0.000127
 largest residual force= 0.089864 in node 4739 and dof 1
 largest increment of disp= 2.974273e-04
 largest correction to disp= 1.445662e-04 in node 19232 and dof 1

 no convergence

 iteration 7

 Using up to 1 cpu(s) for the symmetric stiffness/mass contributions.

 Factoring the system of equations using the symmetric spooles solver
 Using up to 1 cpu(s) for spooles.

 Using up to 1 cpu(s) for the stress calculation.

 average force= 0.000369
 time avg. forc= 0.000119
 largest residual force= 0.004419 in node 5251 and dof 1
 largest increment of disp= 2.974273e-04
 largest correction to disp= 3.210688e-05 in node 20672 and dof 1

 no convergence

 iteration 8

 Using up to 1 cpu(s) for the symmetric stiffness/mass contributions.

 Factoring the system of equations using the symmetric spooles solver
 Using up to 1 cpu(s) for spooles.

 Using up to 1 cpu(s) for the stress calculation.

 average force= 0.000348
 time avg. forc= 0.000116
 largest residual force= 0.002165 in node 5275 and dof 1
 largest increment of disp= 2.974273e-04
 largest correction to disp= 2.252562e-05 in node 20744 and dof 1

 estimated number of iterations till convergence = 20
 too slow convergence; the increment size is decreased to 6.250000e-03
 the increment is reattempted

 increment 9 attempt 3 
 increment size= 6.250000e-03
 sum of previous increments=3.375000e-01
 actual step time=3.437500e-01
 actual total time=3.437500e-01

 iteration 1

 Using up to 1 cpu(s) for the stress calculation.

 Using up to 1 cpu(s) for the symmetric stiffness/mass contributions.

 Factoring the system of equations using the symmetric spooles solver
 Using up to 1 cpu(s) for spooles.

 Using up to 1 cpu(s) for the stress calculation.

 average force= 0.000295
 time avg. forc= 0.000111
 largest residual force= 0.001258 in node 4738 and dof 1
 largest increment of disp= 1.759667e-05
 largest correction to disp= 1.759667e-05 in node 19230 and dof 1

 no convergence

 iteration 2

 Using up to 1 cpu(s) for the symmetric stiffness/mass contributions.

 Factoring the system of equations using the symmetric spooles solver
 Using up to 1 cpu(s) for spooles.

 Using up to 1 cpu(s) for the stress calculation.

 average force= 0.000296
 time avg. forc= 0.000111
 largest residual force= 0.000504 in node 4738 and dof 1
 largest increment of disp= 1.759667e-05
 largest correction to disp= 1.121389e-05 in node 19230 and dof 1

 no convergence

 iteration 3

 Using up to 1 cpu(s) for the symmetric stiffness/mass contributions.

 Factoring the system of equations using the symmetric spooles solver
 Using up to 1 cpu(s) for spooles.

 Using up to 1 cpu(s) for the stress calculation.

 average force= 0.000295
 time avg. forc= 0.000111
 largest residual force= 0.000164 in node 4738 and dof 1
 largest increment of disp= 1.759667e-05
 largest correction to disp= 6.455921e-06 in node 19227 and dof 1

 no convergence

 iteration 4

 Using up to 1 cpu(s) for the symmetric stiffness/mass contributions.

 Factoring the system of equations using the symmetric spooles solver
 Using up to 1 cpu(s) for spooles.

 Using up to 1 cpu(s) for the stress calculation.

 average force= 0.000295
 time avg. forc= 0.000111
 largest residual force= 0.000015 in node 4738 and dof 1
 largest increment of disp= 1.759667e-05
 largest correction to disp= 1.948697e-06 in node 19242 and dof 1

 no convergence

 iteration 5

 Using up to 1 cpu(s) for the symmetric stiffness/mass contributions.

 Factoring the system of equations using the symmetric spooles solver
 Using up to 1 cpu(s) for spooles.

 Using up to 1 cpu(s) for the stress calculation.

 average force= 0.000295
 time avg. forc= 0.000111
 largest residual force= 0.000000 in node 4738 and dof 1
 largest increment of disp= 1.759667e-05
 largest correction to disp= 1.114001e-07 in node 19227 and dof 1

 convergence

 increment 10 attempt 1 
 increment size= 6.250000e-03
 sum of previous increments=3.437500e-01
 actual step time=3.500000e-01
 actual total time=3.500000e-01

 iteration 1

 Using up to 1 cpu(s) for the stress calculation.

 Using up to 1 cpu(s) for the symmetric stiffness/mass contributions.

 Factoring the system of equations using the symmetric spooles solver
 Using up to 1 cpu(s) for spooles.

 Using up to 1 cpu(s) for the stress calculation.

 average force= 0.000308
 time avg. forc= 0.000130
 largest residual force= 0.000155 in node 4736 and dof 1
 largest increment of disp= 1.555940e-05
 largest correction to disp= 6.427330e-06 in node 19227 and dof 1

 no convergence

 iteration 2

 Using up to 1 cpu(s) for the symmetric stiffness/mass contributions.

 Factoring the system of equations using the symmetric spooles solver
 Using up to 1 cpu(s) for spooles.

 Using up to 1 cpu(s) for the stress calculation.

 average force= 0.000307
 time avg. forc= 0.000130
 largest residual force= 0.000004 in node 4736 and dof 1
 largest increment of disp= 1.555940e-05
 largest correction to disp= 1.072511e-06 in node 19239 and dof 1

 no convergence

 iteration 3

 Using up to 1 cpu(s) for the symmetric stiffness/mass contributions.

 Factoring the system of equations using the symmetric spooles solver
 Using up to 1 cpu(s) for spooles.

 Using up to 1 cpu(s) for the stress calculation.

 average force= 0.000307
 time avg. forc= 0.000130
 largest residual force= 0.000000 in node 4738 and dof 1
 largest increment of disp= 1.555940e-05
 largest correction to disp= 5.389018e-08 in node 19230 and dof 1

 convergence

 Using up to 1 cpu(s) for the stress calculation.

 increment 11 attempt 1 
 increment size= 6.250000e-03
 sum of previous increments=3.500000e-01
 actual step time=3.562500e-01
 actual total time=3.562500e-01

 iteration 1

 Using up to 1 cpu(s) for the stress calculation.

 Using up to 1 cpu(s) for the symmetric stiffness/mass contributions.

 Factoring the system of equations using the symmetric spooles solver
 Using up to 1 cpu(s) for spooles.

 Using up to 1 cpu(s) for the stress calculation.

 average force= 0.000319
 time avg. forc= 0.000147
 largest residual force= 0.000008 in node 4736 and dof 1
 largest increment of disp= 1.714363e-05
 largest correction to disp= 2.114805e-06 in node 15596 and dof 1

 no convergence

 iteration 2

 Using up to 1 cpu(s) for the symmetric stiffness/mass contributions.

 Factoring the system of equations using the symmetric spooles solver
 Using up to 1 cpu(s) for spooles.

 Using up to 1 cpu(s) for the stress calculation.

 average force= 0.000319
 time avg. forc= 0.000147
 largest residual force= 0.000000 in node 1629 and dof 1
 largest increment of disp= 1.714363e-05
 largest correction to disp= 2.090781e-07 in node 10638 and dof 1

 convergence; the increment size is increased to 9.375000e-03

 increment 12 attempt 1 
 increment size= 9.375000e-03
 sum of previous increments=3.562500e-01
 actual step time=3.656250e-01
 actual total time=3.656250e-01

 iteration 1

 Using up to 1 cpu(s) for the stress calculation.

 Using up to 1 cpu(s) for the symmetric stiffness/mass contributions.

 Factoring the system of equations using the symmetric spooles solver
 Using up to 1 cpu(s) for spooles.

 Using up to 1 cpu(s) for the stress calculation.

 average force= 0.000336
 time avg. forc= 0.000163
 largest residual force= 0.000008 in node 4708 and dof 1
 largest increment of disp= 2.685589e-05
 largest correction to disp= 6.178740e-06 in node 17796 and dof 1

 no convergence

 iteration 2

 Using up to 1 cpu(s) for the symmetric stiffness/mass contributions.

 Factoring the system of equations using the symmetric spooles solver
 Using up to 1 cpu(s) for spooles.

 Using up to 1 cpu(s) for the stress calculation.

 average force= 0.000336
 time avg. forc= 0.000163
 largest residual force= 0.000000 in node 813 and dof 1
 largest increment of disp= 2.685589e-05
 largest correction to disp= 5.981966e-07 in node 8586 and dof 1

 convergence; the increment size is increased to 1.406250e-02

 increment 13 attempt 1 
 increment size= 1.406250e-02
 sum of previous increments=3.656250e-01
 actual step time=3.796875e-01
 actual total time=3.796875e-01

 iteration 1

 Using up to 1 cpu(s) for the stress calculation.

 Using up to 1 cpu(s) for the symmetric stiffness/mass contributions.

 Factoring the system of equations using the symmetric spooles solver
 Using up to 1 cpu(s) for spooles.

 Using up to 1 cpu(s) for the stress calculation.

 average force= 0.000362
 time avg. forc= 0.000178
 largest residual force= 0.000024 in node 4708 and dof 1
 largest increment of disp= 3.824313e-05
 largest correction to disp= 1.899257e-05 in node 17751 and dof 1

 no convergence

 iteration 2

 Using up to 1 cpu(s) for the symmetric stiffness/mass contributions.

 Factoring the system of equations using the symmetric spooles solver
 Using up to 1 cpu(s) for spooles.

 Using up to 1 cpu(s) for the stress calculation.

 average force= 0.000362
 time avg. forc= 0.000178
 largest residual force= 0.000000 in node 2687 and dof 1
 largest increment of disp= 3.824313e-05
 largest correction to disp= 2.635143e-06 in node 16878 and dof 1

 convergence; the increment size is increased to 2.109375e-02

 increment 14 attempt 1 
 increment size= 2.109375e-02
 sum of previous increments=3.796875e-01
 actual step time=4.007812e-01
 actual total time=4.007812e-01

 iteration 1

 Using up to 1 cpu(s) for the stress calculation.

 Using up to 1 cpu(s) for the symmetric stiffness/mass contributions.

 Factoring the system of equations using the symmetric spooles solver
 Using up to 1 cpu(s) for spooles.

 Using up to 1 cpu(s) for the stress calculation.

 average force= 0.000400
 time avg. forc= 0.000194
 largest residual force= 0.000219 in node 4710 and dof 1
 largest increment of disp= 5.986344e-05
 largest correction to disp= 4.773036e-05 in node 16932 and dof 1

 no convergence

 iteration 2

 Using up to 1 cpu(s) for the symmetric stiffness/mass contributions.

 Factoring the system of equations using the symmetric spooles solver
 Using up to 1 cpu(s) for spooles.

 Using up to 1 cpu(s) for the stress calculation.

 average force= 0.000399
 time avg. forc= 0.000194
 largest residual force= 0.000007 in node 2687 and dof 1
 largest increment of disp= 5.986344e-05
 largest correction to disp= 5.108498e-06 in node 16932 and dof 1

 no convergence

 iteration 3

 Using up to 1 cpu(s) for the symmetric stiffness/mass contributions.

 Factoring the system of equations using the symmetric spooles solver
 Using up to 1 cpu(s) for spooles.

 Using up to 1 cpu(s) for the stress calculation.

 average force= 0.000399
 time avg. forc= 0.000194
 largest residual force= 0.000000 in node 5272 and dof 1
 largest increment of disp= 5.986344e-05
 largest correction to disp= 1.302388e-06 in node 16941 and dof 1

 convergence; the increment size is increased to 3.164063e-02

 increment 15 attempt 1 
 increment size= 3.164063e-02
 sum of previous increments=4.007812e-01
 actual step time=4.324219e-01
 actual total time=4.324219e-01

 iteration 1

 Using up to 1 cpu(s) for the stress calculation.

 Using up to 1 cpu(s) for the symmetric stiffness/mass contributions.

 Factoring the system of equations using the symmetric spooles solver
 Using up to 1 cpu(s) for spooles.

 Using up to 1 cpu(s) for the stress calculation.

 average force= 0.000474
 time avg. forc= 0.000213
 largest residual force= 0.005949 in node 4708 and dof 1
 largest increment of disp= 1.064734e-04
 largest correction to disp= 3.791353e-05 in node 19239 and dof 1

 no convergence

 iteration 2

 Using up to 1 cpu(s) for the symmetric stiffness/mass contributions.

 Factoring the system of equations using the symmetric spooles solver
 Using up to 1 cpu(s) for spooles.

 Using up to 1 cpu(s) for the stress calculation.

 average force= 0.000473
 time avg. forc= 0.000213
 largest residual force= 0.000516 in node 4738 and dof 1
 largest increment of disp= 1.064734e-04
 largest correction to disp= 1.514562e-05 in node 16932 and dof 1

 no convergence

 iteration 3

 Using up to 1 cpu(s) for the symmetric stiffness/mass contributions.

 Factoring the system of equations using the symmetric spooles solver
 Using up to 1 cpu(s) for spooles.

 Using up to 1 cpu(s) for the stress calculation.

 average force= 0.000470
 time avg. forc= 0.000213
 largest residual force= 0.000148 in node 4709 and dof 1
 largest increment of disp= 1.064734e-04
 largest correction to disp= 5.975788e-06 in node 19239 and dof 1

 no convergence

 iteration 4

 Using up to 1 cpu(s) for the symmetric stiffness/mass contributions.

 Factoring the system of equations using the symmetric spooles solver
 Using up to 1 cpu(s) for spooles.

 Using up to 1 cpu(s) for the stress calculation.

 average force= 0.000470
 time avg. forc= 0.000213
 largest residual force= 0.000005 in node 4708 and dof 1
 largest increment of disp= 1.064734e-04
 largest correction to disp= 1.080342e-06 in node 19239 and dof 1

 no convergence

 iteration 5

 Using up to 1 cpu(s) for the symmetric stiffness/mass contributions.

 Factoring the system of equations using the symmetric spooles solver
 Using up to 1 cpu(s) for spooles.

 Using up to 1 cpu(s) for the stress calculation.

 average force= 0.000470
 time avg. forc= 0.000213
 largest residual force= 0.000000 in node 4708 and dof 1
 largest increment of disp= 1.064734e-04
 largest correction to disp= 4.104856e-08 in node 19227 and dof 1

 convergence

 Using up to 1 cpu(s) for the stress calculation.

 increment 16 attempt 1 
 increment size= 3.164063e-02
 sum of previous increments=4.324219e-01
 actual step time=4.640625e-01
 actual total time=4.640625e-01

 iteration 1

 Using up to 1 cpu(s) for the stress calculation.

 Using up to 1 cpu(s) for the symmetric stiffness/mass contributions.

 Factoring the system of equations using the symmetric spooles solver
 Using up to 1 cpu(s) for spooles.

 Using up to 1 cpu(s) for the stress calculation.

 average force= 0.000555
 time avg. forc= 0.000234
 largest residual force= 0.001391 in node 5249 and dof 1
 largest increment of disp= 6.766864e-05
 largest correction to disp= 1.827601e-05 in node 20595 and dof 1

 no convergence

 iteration 2

 Using up to 1 cpu(s) for the symmetric stiffness/mass contributions.

 Factoring the system of equations using the symmetric spooles solver
 Using up to 1 cpu(s) for spooles.

 Using up to 1 cpu(s) for the stress calculation.

 average force= 0.000555
 time avg. forc= 0.000234
 largest residual force= 0.000253 in node 5274 and dof 1
 largest increment of disp= 6.766864e-05
 largest correction to disp= 7.810171e-06 in node 20742 and dof 1

 no convergence

 iteration 3

 Using up to 1 cpu(s) for the symmetric stiffness/mass contributions.

 Factoring the system of equations using the symmetric spooles solver
 Using up to 1 cpu(s) for spooles.

 Using up to 1 cpu(s) for the stress calculation.

 average force= 0.000554
 time avg. forc= 0.000234
 largest residual force= 0.000052 in node 5250 and dof 1
 largest increment of disp= 6.766864e-05
 largest correction to disp= 3.559562e-06 in node 20670 and dof 1

 no convergence

 iteration 4

 Using up to 1 cpu(s) for the symmetric stiffness/mass contributions.

 Factoring the system of equations using the symmetric spooles solver
 Using up to 1 cpu(s) for spooles.

 Using up to 1 cpu(s) for the stress calculation.

 average force= 0.000554
 time avg. forc= 0.000234
 largest residual force= 0.000009 in node 5274 and dof 1
 largest increment of disp= 6.766864e-05
 largest correction to disp= 1.447118e-06 in node 20682 and dof 1

 no convergence

 iteration 5

 Using up to 1 cpu(s) for the symmetric stiffness/mass contributions.

 Factoring the system of equations using the symmetric spooles solver
 Using up to 1 cpu(s) for spooles.

 Using up to 1 cpu(s) for the stress calculation.

 average force= 0.000554
 time avg. forc= 0.000234
 largest residual force= 0.000000 in node 5274 and dof 1
 largest increment of disp= 6.766864e-05
 largest correction to disp= 2.039277e-07 in node 20670 and dof 1

 convergence

 increment 17 attempt 1 
 increment size= 3.164063e-02
 sum of previous increments=4.640625e-01
 actual step time=4.957031e-01
 actual total time=4.957031e-01

 iteration 1

 Using up to 1 cpu(s) for the stress calculation.

 Using up to 1 cpu(s) for the symmetric stiffness/mass contributions.

 Factoring the system of equations using the symmetric spooles solver
 Using up to 1 cpu(s) for spooles.

 Using up to 1 cpu(s) for the stress calculation.

 average force= 0.000640
 time avg. forc= 0.000258
 largest residual force= 0.001784 in node 5274 and dof 1
 largest increment of disp= 5.042778e-05
 largest correction to disp= 2.047957e-05 in node 20670 and dof 1

 no convergence

 iteration 2

 Using up to 1 cpu(s) for the symmetric stiffness/mass contributions.

 Factoring the system of equations using the symmetric spooles solver
 Using up to 1 cpu(s) for spooles.

 Using up to 1 cpu(s) for the stress calculation.

 average force= 0.000631
 time avg. forc= 0.000257
 largest residual force= 0.000578 in node 5273 and dof 1
 largest increment of disp= 5.042778e-05
 largest correction to disp= 1.175947e-05 in node 20679 and dof 1

 no convergence

 iteration 3

 Using up to 1 cpu(s) for the symmetric stiffness/mass contributions.

 Factoring the system of equations using the symmetric spooles solver
 Using up to 1 cpu(s) for spooles.

 Using up to 1 cpu(s) for the stress calculation.

 average force= 0.000630
 time avg. forc= 0.000257
 largest residual force= 0.000027 in node 5272 and dof 1
 largest increment of disp= 5.042778e-05
 largest correction to disp= 2.612282e-06 in node 20679 and dof 1

 no convergence

 iteration 4

 Using up to 1 cpu(s) for the symmetric stiffness/mass contributions.

 Factoring the system of equations using the symmetric spooles solver
 Using up to 1 cpu(s) for spooles.

 Using up to 1 cpu(s) for the stress calculation.

 average force= 0.000630
 time avg. forc= 0.000257
 largest residual force= 0.000000 in node 5272 and dof 1
 largest increment of disp= 5.042778e-05
 largest correction to disp= 1.699794e-07 in node 20667 and dof 1

 convergence

 increment 18 attempt 1 
 increment size= 3.164063e-02
 sum of previous increments=4.957031e-01
 actual step time=5.273437e-01
 actual total time=5.273437e-01

 iteration 1

 Using up to 1 cpu(s) for the stress calculation.

 Using up to 1 cpu(s) for the symmetric stiffness/mass contributions.

 Factoring the system of equations using the symmetric spooles solver
 Using up to 1 cpu(s) for spooles.

 Using up to 1 cpu(s) for the stress calculation.

 average force= 0.000702
 time avg. forc= 0.000282
 largest residual force= 0.000402 in node 5249 and dof 1
 largest increment of disp= 4.111865e-05
 largest correction to disp= 9.878513e-06 in node 20682 and dof 1

 no convergence

 iteration 2

 Using up to 1 cpu(s) for the symmetric stiffness/mass contributions.

 Factoring the system of equations using the symmetric spooles solver
 Using up to 1 cpu(s) for spooles.

 Using up to 1 cpu(s) for the stress calculation.

 average force= 0.000698
 time avg. forc= 0.000282
 largest residual force= 0.000099 in node 5250 and dof 1
 largest increment of disp= 4.111865e-05
 largest correction to disp= 4.933792e-06 in node 20682 and dof 1

 no convergence

 iteration 3

 Using up to 1 cpu(s) for the symmetric stiffness/mass contributions.

 Factoring the system of equations using the symmetric spooles solver
 Using up to 1 cpu(s) for spooles.

 Using up to 1 cpu(s) for the stress calculation.

 average force= 0.000698
 time avg. forc= 0.000282
 largest residual force= 0.000000 in node 5274 and dof 1
 largest increment of disp= 4.111865e-05
 largest correction to disp= 3.704047e-07 in node 20670 and dof 1

 convergence; the increment size is increased to 4.746094e-02

 increment 19 attempt 1 
 increment size= 4.746094e-02
 sum of previous increments=5.273437e-01
 actual step time=5.748047e-01
 actual total time=5.748047e-01

 iteration 1

 Using up to 1 cpu(s) for the stress calculation.

 Using up to 1 cpu(s) for the symmetric stiffness/mass contributions.

 Factoring the system of equations using the symmetric spooles solver
 Using up to 1 cpu(s) for spooles.

 Using up to 1 cpu(s) for the stress calculation.

 average force= 0.000791
 time avg. forc= 0.000309
 largest residual force= 0.000122 in node 5250 and dof 1
 largest increment of disp= 5.393855e-05
 largest correction to disp= 6.555622e-06 in node 16878 and dof 1

 no convergence

 iteration 2

 Using up to 1 cpu(s) for the symmetric stiffness/mass contributions.

 Factoring the system of equations using the symmetric spooles solver
 Using up to 1 cpu(s) for spooles.

 Using up to 1 cpu(s) for the stress calculation.

 average force= 0.000789
 time avg. forc= 0.000308
 largest residual force= 0.000019 in node 2723 and dof 1
 largest increment of disp= 5.393855e-05
 largest correction to disp= 1.456141e-06 in node 20682 and dof 1

 no convergence

 iteration 3

 Using up to 1 cpu(s) for the symmetric stiffness/mass contributions.

 Factoring the system of equations using the symmetric spooles solver
 Using up to 1 cpu(s) for spooles.

 Using up to 1 cpu(s) for the stress calculation.

 average force= 0.000789
 time avg. forc= 0.000308
 largest residual force= 0.000000 in node 5274 and dof 1
 largest increment of disp= 5.393855e-05
 largest correction to disp= 4.601345e-08 in node 17756 and dof 1

 convergence; the increment size is increased to 7.119141e-02

 the increment size exceeds the maximum allowed and is decreased to 5.000000e-02

 increment 20 attempt 1 
 increment size= 5.000000e-02
 sum of previous increments=5.748047e-01
 actual step time=6.248047e-01
 actual total time=6.248047e-01

 iteration 1

 Using up to 1 cpu(s) for the stress calculation.

 Using up to 1 cpu(s) for the symmetric stiffness/mass contributions.

 Factoring the system of equations using the symmetric spooles solver
 Using up to 1 cpu(s) for spooles.

 Using up to 1 cpu(s) for the stress calculation.

 average force= 0.000875
 time avg. forc= 0.000337
 largest residual force= 0.000070 in node 5250 and dof 1
 largest increment of disp= 5.238677e-05
 largest correction to disp= 6.234853e-06 in node 16932 and dof 1

 no convergence

 iteration 2

 Using up to 1 cpu(s) for the symmetric stiffness/mass contributions.

 Factoring the system of equations using the symmetric spooles solver
 Using up to 1 cpu(s) for spooles.

 Using up to 1 cpu(s) for the stress calculation.

 average force= 0.000873
 time avg. forc= 0.000337
 largest residual force= 0.000017 in node 2705 and dof 1
 largest increment of disp= 5.238677e-05
 largest correction to disp= 1.089248e-06 in node 9810 and dof 2

 no convergence

 iteration 3

 Using up to 1 cpu(s) for the symmetric stiffness/mass contributions.

 Factoring the system of equations using the symmetric spooles solver
 Using up to 1 cpu(s) for spooles.

 Using up to 1 cpu(s) for the stress calculation.

 average force= 0.000873
 time avg. forc= 0.000337
 largest residual force= 0.000000 in node 5139 and dof 1
 largest increment of disp= 5.238677e-05
 largest correction to disp= 3.514567e-08 in node 17747 and dof 1

 convergence; the increment size is increased to 7.500000e-02

 the increment size exceeds the maximum allowed and is decreased to 5.000000e-02

 Using up to 1 cpu(s) for the stress calculation.

 increment 21 attempt 1 
 increment size= 5.000000e-02
 sum of previous increments=6.248047e-01
 actual step time=6.748047e-01
 actual total time=6.748047e-01

 iteration 1

 Using up to 1 cpu(s) for the stress calculation.

 Using up to 1 cpu(s) for the symmetric stiffness/mass contributions.

 Factoring the system of equations using the symmetric spooles solver
 Using up to 1 cpu(s) for spooles.

 Using up to 1 cpu(s) for the stress calculation.

 average force= 0.000949
 time avg. forc= 0.000366
 largest residual force= 0.000035 in node 2687 and dof 1
 largest increment of disp= 5.133309e-05
 largest correction to disp= 4.942686e-06 in node 16941 and dof 1

 no convergence

 iteration 2

 Using up to 1 cpu(s) for the symmetric stiffness/mass contributions.

 Factoring the system of equations using the symmetric spooles solver
 Using up to 1 cpu(s) for spooles.

 Using up to 1 cpu(s) for the stress calculation.

 average force= 0.000948
 time avg. forc= 0.000366
 largest residual force= 0.000008 in node 2705 and dof 1
 largest increment of disp= 5.133309e-05
 largest correction to disp= 6.717191e-07 in node 11931 and dof 2

 no convergence

 iteration 3

 Using up to 1 cpu(s) for the symmetric stiffness/mass contributions.

 Factoring the system of equations using the symmetric spooles solver
 Using up to 1 cpu(s) for spooles.

 Using up to 1 cpu(s) for the stress calculation.

 average force= 0.000948
 time avg. forc= 0.000366
 largest residual force= 0.000000 in node 5123 and dof 1
 largest increment of disp= 5.133309e-05
 largest correction to disp= 2.036856e-08 in node 17747 and dof 1

 convergence; the increment size is increased to 7.500000e-02

 the increment size exceeds the maximum allowed and is decreased to 5.000000e-02

 increment 22 attempt 1 
 increment size= 5.000000e-02
 sum of previous increments=6.748047e-01
 actual step time=7.248047e-01
 actual total time=7.248047e-01

 iteration 1

 Using up to 1 cpu(s) for the stress calculation.

 Using up to 1 cpu(s) for the symmetric stiffness/mass contributions.

 Factoring the system of equations using the symmetric spooles solver
 Using up to 1 cpu(s) for spooles.

 Using up to 1 cpu(s) for the stress calculation.

 average force= 0.001018
 time avg. forc= 0.000395
 largest residual force= 0.000027 in node 2687 and dof 1
 largest increment of disp= 5.118064e-05
 largest correction to disp= 3.993611e-06 in node 16932 and dof 1

 no convergence

 iteration 2

 Using up to 1 cpu(s) for the symmetric stiffness/mass contributions.

 Factoring the system of equations using the symmetric spooles solver
 Using up to 1 cpu(s) for spooles.

 Using up to 1 cpu(s) for the stress calculation.

 average force= 0.001017
 time avg. forc= 0.000395
 largest residual force= 0.000003 in node 2705 and dof 1
 largest increment of disp= 5.118064e-05
 largest correction to disp= 4.273925e-07 in node 9696 and dof 2

 no convergence

 iteration 3

 Using up to 1 cpu(s) for the symmetric stiffness/mass contributions.

 Factoring the system of equations using the symmetric spooles solver
 Using up to 1 cpu(s) for spooles.

 Using up to 1 cpu(s) for the stress calculation.

 average force= 0.001017
 time avg. forc= 0.000395
 largest residual force= 0.000000 in node 5123 and dof 1
 largest increment of disp= 5.118064e-05
 largest correction to disp= 1.337174e-08 in node 17747 and dof 1

 convergence; the increment size is increased to 7.500000e-02

 the increment size exceeds the maximum allowed and is decreased to 5.000000e-02

 increment 23 attempt 1 
 increment size= 5.000000e-02
 sum of previous increments=7.248047e-01
 actual step time=7.748047e-01
 actual total time=7.748047e-01

 iteration 1

 Using up to 1 cpu(s) for the stress calculation.

 Using up to 1 cpu(s) for the symmetric stiffness/mass contributions.

 Factoring the system of equations using the symmetric spooles solver
 Using up to 1 cpu(s) for spooles.

 Using up to 1 cpu(s) for the stress calculation.

 average force= 0.001081
 time avg. forc= 0.000425
 largest residual force= 0.000021 in node 2281 and dof 3
 largest increment of disp= 5.107001e-05
 largest correction to disp= 3.328787e-06 in node 16932 and dof 1

 no convergence

 iteration 2

 Using up to 1 cpu(s) for the symmetric stiffness/mass contributions.

 Factoring the system of equations using the symmetric spooles solver
 Using up to 1 cpu(s) for spooles.

 Using up to 1 cpu(s) for the stress calculation.

 average force= 0.001081
 time avg. forc= 0.000425
 largest residual force= 0.000002 in node 2705 and dof 1
 largest increment of disp= 5.107001e-05
 largest correction to disp= 3.114466e-07 in node 11802 and dof 2

 convergence; the increment size is increased to 7.500000e-02

 the increment size exceeds the maximum allowed and is decreased to 5.000000e-02

 increment 24 attempt 1 
 increment size= 5.000000e-02
 sum of previous increments=7.748047e-01
 actual step time=8.248047e-01
 actual total time=8.248047e-01

 iteration 1

 Using up to 1 cpu(s) for the stress calculation.

 Using up to 1 cpu(s) for the symmetric stiffness/mass contributions.

 Factoring the system of equations using the symmetric spooles solver
 Using up to 1 cpu(s) for spooles.

 Using up to 1 cpu(s) for the stress calculation.

 average force= 0.001140
 time avg. forc= 0.000455
 largest residual force= 0.000017 in node 2281 and dof 3
 largest increment of disp= 5.098419e-05
 largest correction to disp= 2.828429e-06 in node 16941 and dof 1

 no convergence

 iteration 2

 Using up to 1 cpu(s) for the symmetric stiffness/mass contributions.

 Factoring the system of equations using the symmetric spooles solver
 Using up to 1 cpu(s) for spooles.

 Using up to 1 cpu(s) for the stress calculation.

 average force= 0.001140
 time avg. forc= 0.000455
 largest residual force= 0.000000 in node 2705 and dof 1
 largest increment of disp= 5.098419e-05
 largest correction to disp= 2.347029e-07 in node 12018 and dof 2

 convergence; the increment size is increased to 7.500000e-02

 the increment size exceeds the maximum allowed and is decreased to 5.000000e-02

 increment 25 attempt 1 
 increment size= 5.000000e-02
 sum of previous increments=8.248047e-01
 actual step time=8.748047e-01
 actual total time=8.748047e-01

 iteration 1

 Using up to 1 cpu(s) for the stress calculation.

 Using up to 1 cpu(s) for the symmetric stiffness/mass contributions.

 Factoring the system of equations using the symmetric spooles solver
 Using up to 1 cpu(s) for spooles.

 Using up to 1 cpu(s) for the stress calculation.

 average force= 0.001196
 time avg. forc= 0.000485
 largest residual force= 0.000014 in node 2281 and dof 3
 largest increment of disp= 5.091485e-05
 largest correction to disp= 2.451114e-06 in node 16932 and dof 1

 no convergence

 iteration 2

 Using up to 1 cpu(s) for the symmetric stiffness/mass contributions.

 Factoring the system of equations using the symmetric spooles solver
 Using up to 1 cpu(s) for spooles.

 Using up to 1 cpu(s) for the stress calculation.

 average force= 0.001196
 time avg. forc= 0.000485
 largest residual force= 0.000000 in node 2705 and dof 1
 largest increment of disp= 5.091485e-05
 largest correction to disp= 1.823749e-07 in node 8826 and dof 1

 convergence; the increment size is increased to 7.500000e-02

 the increment size exceeds the maximum allowed and is decreased to 5.000000e-02

 Using up to 1 cpu(s) for the stress calculation.

 increment 26 attempt 1 
 increment size= 5.000000e-02
 sum of previous increments=8.748047e-01
 actual step time=9.248047e-01
 actual total time=9.248047e-01

 iteration 1

 Using up to 1 cpu(s) for the stress calculation.

 Using up to 1 cpu(s) for the symmetric stiffness/mass contributions.

 Factoring the system of equations using the symmetric spooles solver
 Using up to 1 cpu(s) for spooles.

 Using up to 1 cpu(s) for the stress calculation.

 average force= 0.001248
 time avg. forc= 0.000514
 largest residual force= 0.000012 in node 2281 and dof 3
 largest increment of disp= 5.085703e-05
 largest correction to disp= 2.144996e-06 in node 16941 and dof 1

 no convergence

 iteration 2

 Using up to 1 cpu(s) for the symmetric stiffness/mass contributions.

 Factoring the system of equations using the symmetric spooles solver
 Using up to 1 cpu(s) for spooles.

 Using up to 1 cpu(s) for the stress calculation.

 average force= 0.001248
 time avg. forc= 0.000514
 largest residual force= 0.000000 in node 2705 and dof 1
 largest increment of disp= 5.085703e-05
 largest correction to disp= 1.431697e-07 in node 8808 and dof 1

 convergence; the increment size is increased to 7.500000e-02

 the increment size exceeds the maximum allowed and is decreased to 5.000000e-02

 increment 27 attempt 1 
 increment size= 5.000000e-02
 sum of previous increments=9.248047e-01
 actual step time=9.748047e-01
 actual total time=9.748047e-01

 iteration 1

 Using up to 1 cpu(s) for the stress calculation.

 Using up to 1 cpu(s) for the symmetric stiffness/mass contributions.

 Factoring the system of equations using the symmetric spooles solver
 Using up to 1 cpu(s) for spooles.

 Using up to 1 cpu(s) for the stress calculation.

 average force= 0.001298
 time avg. forc= 0.000543
 largest residual force= 0.000010 in node 2281 and dof 3
 largest increment of disp= 5.080777e-05
 largest correction to disp= 1.895227e-06 in node 16941 and dof 1

 no convergence

 iteration 2

 Using up to 1 cpu(s) for the symmetric stiffness/mass contributions.

 Factoring the system of equations using the symmetric spooles solver
 Using up to 1 cpu(s) for spooles.

 Using up to 1 cpu(s) for the stress calculation.

 average force= 0.001298
 time avg. forc= 0.000543
 largest residual force= 0.000000 in node 2705 and dof 1
 largest increment of disp= 5.080777e-05
 largest correction to disp= 1.137001e-07 in node 8810 and dof 1

 convergence; the increment size is increased to 7.500000e-02

 the increment size exceeds the maximum allowed and is decreased to 5.000000e-02

 the increment size exceeds the remainder of the step and is decreased to 2.519531e-02

 increment 28 attempt 1 
 increment size= 2.519531e-02
 sum of previous increments=9.748047e-01
 actual step time=1.000000e+00
 actual total time=1.000000e+00

 iteration 1

 Using up to 1 cpu(s) for the stress calculation.

 Using up to 1 cpu(s) for the symmetric stiffness/mass contributions.

 Factoring the system of equations using the symmetric spooles solver
 Using up to 1 cpu(s) for spooles.

 Using up to 1 cpu(s) for the stress calculation.

 average force= 0.001322
 time avg. forc= 0.000571
 largest residual force= 0.000001 in node 2281 and dof 3
 largest increment of disp= 2.558084e-05
 largest correction to disp= 6.561371e-07 in node 16932 and dof 1

 no convergence

 iteration 2

 Using up to 1 cpu(s) for the symmetric stiffness/mass contributions.

 Factoring the system of equations using the symmetric spooles solver
 Using up to 1 cpu(s) for spooles.

 Using up to 1 cpu(s) for the stress calculation.

 average force= 0.001322
 time avg. forc= 0.000571
 largest residual force= 0.000000 in node 2303 and dof 1
 largest increment of disp= 2.558084e-05
 largest correction to disp= 2.791783e-08 in node 16941 and dof 1

 convergence; the increment size is increased to 3.779297e-02

 the increment size exceeds the remainder of the step and is decreased to 0.000000e+00

 Using up to 1 cpu(s) for the stress calculation.


 Job finished

________________________________________

Total CalculiX Time: 419.410219
________________________________________

=== Concluido. .sta tail: ===
     1         26     1     2  0.924805E+00  0.924805E+00  0.500000E-01
     1         27     1     2  0.974805E+00  0.974805E+00  0.500000E-01
     1         28     1     2  0.100000E+01  0.100000E+01  0.251953E-01
