
************************************************************

CalculiX Version 2.20, Copyright(C) 1998-2022 Guido Dhondt
CalculiX comes with ABSOLUTELY NO WARRANTY. This is free
software, and you are welcome to redistribute it under
certain conditions, see gpl.htm

************************************************************

You are using an executable made on Sun Jul 31 18:08:37 CEST 2022

  The numbers below are estimated upper bounds

  number of:

   nodes:        68152
   elements:        17138
   one-dimensional elements:            0
   two-dimensional elements:            0
   integration points per element:            8
   degrees of freedom per node:            3
   layers per element:            1

   distributed facial loads:          545
   distributed volumetric loads:            0
   concentrated loads:          892
   single point constraints:         7329
   multiple point constraints:            1
   terms in all multiple point constraints:            1
   tie constraints:            0
   dependent nodes tied by cyclic constraints:            0
   dependent nodes in pre-tension constraints:            0

   sets:          582
   terms in all sets:        59048

   materials:          559
   constants per material and temperature:            9
   temperature points per material:            1
   plastic data points per material:            0

   orientations:            1
   amplitudes:            8
   data points in all amplitudes:           11
   print requests:            8
   transformations:            0
   property cards:            0

 *INFO reading *HYPERELASTIC: nonlinear geometric
       effects are turned on

 *INFO reading *HYPERELASTIC: nonlinear geometric
       effects are turned on

 *INFO reading *HYPERELASTIC: nonlinear geometric
       effects are turned on

 *INFO reading *HYPERELASTIC: nonlinear geometric
       effects are turned on

 *INFO reading *HYPERELASTIC: nonlinear geometric
       effects are turned on

 *INFO reading *HYPERELASTIC: nonlinear geometric
       effects are turned on

 *INFO reading *HYPERELASTIC: nonlinear geometric
       effects are turned on

 *INFO reading *STEP: nonlinear geometric
       effects are turned on

 *WARNING reading *STATIC: parameter not recognized:
          RIKS
 *WARNING reading *STATIC. Card image:
          *STATIC,RIKS


 STEP            1

 Static analysis was selected

 Nonlinear material laws are taken into account

 Newton-Raphson iterative procedure is active

 Nonlinear geometric effects are taken into account

 Decascading the MPC's

 Determining the structure of the matrix:
 Using up to 1 cpu(s) for setting up the structure of the matrix.
 number of equations
 197451
 number of nonzero lower triangular matrix elements
 5818680

 increment 1 attempt 1 
 increment size= 2.500000e-02
 sum of previous increments=0.000000e+00
 actual step time=2.500000e-02
 actual total time=2.500000e-02

 iteration 1

 Using up to 1 cpu(s) for the stress calculation.

 Using up to 1 cpu(s) for the symmetric stiffness/mass contributions.

 Factoring the system of equations using the symmetric spooles solver
 Using up to 1 cpu(s) for spooles.

 Using up to 1 cpu(s) for the stress calculation.

 average force= 0.000003
 time avg. forc= 0.000003
 largest residual force= 0.000153 in node 12883 and dof 1
 largest increment of disp= 3.750384e-05
 largest correction to disp= 3.750384e-05 in node 16957 and dof 3

 no convergence

 iteration 2

 Using up to 1 cpu(s) for the symmetric stiffness/mass contributions.

 Factoring the system of equations using the symmetric spooles solver
 Using up to 1 cpu(s) for spooles.

 Using up to 1 cpu(s) for the stress calculation.

 average force= 0.000003
 time avg. forc= 0.000003
 largest residual force= 0.000001 in node 7634 and dof 1
 largest increment of disp= 3.750384e-05
 largest correction to disp= 7.717102e-07 in node 11760 and dof 3

 no convergence

 iteration 3

 Using up to 1 cpu(s) for the symmetric stiffness/mass contributions.

 Factoring the system of equations using the symmetric spooles solver
 Using up to 1 cpu(s) for spooles.

 Using up to 1 cpu(s) for the stress calculation.

 average force= 0.000003
 time avg. forc= 0.000003
 largest residual force= 0.000000 in node 6914 and dof 1
 largest increment of disp= 3.750384e-05
 largest correction to disp= 9.631745e-10 in node 53826 and dof 1

 convergence

 increment 2 attempt 1 
 increment size= 2.500000e-02
 sum of previous increments=2.500000e-02
 actual step time=5.000000e-02
 actual total time=5.000000e-02

 iteration 1

 Using up to 1 cpu(s) for the stress calculation.

 Using up to 1 cpu(s) for the symmetric stiffness/mass contributions.

 Factoring the system of equations using the symmetric spooles solver
 Using up to 1 cpu(s) for spooles.

 Using up to 1 cpu(s) for the stress calculation.

 average force= 0.000007
 time avg. forc= 0.000005
 largest residual force= 0.000013 in node 7616 and dof 1
 largest increment of disp= 3.750442e-05
 largest correction to disp= 6.105865e-07 in node 38858 and dof 1

 no convergence

 iteration 2

 Using up to 1 cpu(s) for the symmetric stiffness/mass contributions.

 Factoring the system of equations using the symmetric spooles solver
 Using up to 1 cpu(s) for spooles.

 Using up to 1 cpu(s) for the stress calculation.

 average force= 0.000007
 time avg. forc= 0.000005
 largest residual force= 0.000000 in node 6994 and dof 1
 largest increment of disp= 3.750442e-05
 largest correction to disp= 8.069606e-09 in node 37130 and dof 1

 convergence; the increment size is increased to 3.750000e-02

 increment 3 attempt 1 
 increment size= 3.750000e-02
 sum of previous increments=5.000000e-02
 actual step time=8.750000e-02
 actual total time=8.750000e-02

 iteration 1

 Using up to 1 cpu(s) for the stress calculation.

 Using up to 1 cpu(s) for the symmetric stiffness/mass contributions.

 Factoring the system of equations using the symmetric spooles solver
 Using up to 1 cpu(s) for spooles.

 Using up to 1 cpu(s) for the stress calculation.

 average force= 0.001501
 time avg. forc= 0.000504
 largest residual force= 0.648576 in node 2725 and dof 1
 largest increment of disp= 1.368669e-04
 largest correction to disp= 1.368669e-04 in node 37290 and dof 1

 no convergence

 iteration 2

 Using up to 1 cpu(s) for the symmetric stiffness/mass contributions.

 Factoring the system of equations using the symmetric spooles solver
 Using up to 1 cpu(s) for spooles.

 Using up to 1 cpu(s) for the stress calculation.

 average force= 0.000044
 time avg. forc= 0.000018
 largest residual force= 0.001680 in node 7053 and dof 3
 largest increment of disp= 1.368669e-04
 largest correction to disp= 1.492485e-05 in node 2184 and dof 3

 no convergence

 iteration 3

 Using up to 1 cpu(s) for the symmetric stiffness/mass contributions.

 Factoring the system of equations using the symmetric spooles solver
 Using up to 1 cpu(s) for spooles.

 Using up to 1 cpu(s) for the stress calculation.

 average force= 0.000155
 time avg. forc= 0.000055
 largest residual force= 0.062518 in node 2725 and dof 1
 largest increment of disp= 1.368669e-04
 largest correction to disp= 4.262534e-05 in node 37236 and dof 1

 no convergence

 iteration 4

 Using up to 1 cpu(s) for the symmetric stiffness/mass contributions.

 Factoring the system of equations using the symmetric spooles solver
 Using up to 1 cpu(s) for spooles.

 Using up to 1 cpu(s) for the stress calculation.

 average force= 0.000032
 time avg. forc= 0.000014
 largest residual force= 0.001083 in node 2734 and dof 1
 largest increment of disp= 1.368669e-04
 largest correction to disp= 1.376093e-05 in node 24558 and dof 1

 no convergence

 iteration 5

 Using up to 1 cpu(s) for the symmetric stiffness/mass contributions.

 Factoring the system of equations using the symmetric spooles solver
 Using up to 1 cpu(s) for spooles.

 Using up to 1 cpu(s) for the stress calculation.

 average force= 0.000073
 time avg. forc= 0.000028
 largest residual force= 0.024865 in node 2725 and dof 1
 largest increment of disp= 1.368669e-04
 largest correction to disp= 2.701569e-05 in node 37236 and dof 1

 no convergence

 iteration 6

 Using up to 1 cpu(s) for the symmetric stiffness/mass contributions.

 Factoring the system of equations using the symmetric spooles solver
 Using up to 1 cpu(s) for spooles.

 Using up to 1 cpu(s) for the stress calculation.

 average force= 0.000024
 time avg. forc= 0.000011
 largest residual force= 0.000505 in node 2725 and dof 1
 largest increment of disp= 1.368669e-04
 largest correction to disp= 3.950158e-06 in node 24315 and dof 1

 no convergence

 iteration 7

 Using up to 1 cpu(s) for the symmetric stiffness/mass contributions.

 Factoring the system of equations using the symmetric spooles solver
 Using up to 1 cpu(s) for spooles.

 Using up to 1 cpu(s) for the stress calculation.

 average force= 0.000038
 time avg. forc= 0.000016
 largest residual force= 0.010165 in node 2725 and dof 1
 largest increment of disp= 1.368669e-04
 largest correction to disp= 1.718852e-05 in node 37236 and dof 1

 no convergence

 iteration 8

 Using up to 1 cpu(s) for the symmetric stiffness/mass contributions.

 Factoring the system of equations using the symmetric spooles solver
 Using up to 1 cpu(s) for spooles.

 Using up to 1 cpu(s) for the stress calculation.

 average force= 0.000020
 time avg. forc= 0.000010
 largest residual force= 0.000228 in node 2725 and dof 1
 largest increment of disp= 1.368669e-04
 largest correction to disp= 2.562176e-06 in node 37290 and dof 1

 estimated number of iterations till convergence = 11
 no convergence

 iteration 9

 Using up to 1 cpu(s) for the symmetric stiffness/mass contributions.

 Factoring the system of equations using the symmetric spooles solver
 Using up to 1 cpu(s) for spooles.

 Using up to 1 cpu(s) for the stress calculation.

 average force= 0.000024
 time avg. forc= 0.000011
 largest residual force= 0.004697 in node 2725 and dof 1
 largest increment of disp= 1.368669e-04
 largest correction to disp= 1.164079e-05 in node 37236 and dof 1

 estimated number of iterations till convergence = 6
 no convergence

 iteration 10

 Using up to 1 cpu(s) for the symmetric stiffness/mass contributions.

 Factoring the system of equations using the symmetric spooles solver
 Using up to 1 cpu(s) for spooles.

 Using up to 1 cpu(s) for the stress calculation.

 average force= 0.000017
 time avg. forc= 0.000009
 largest residual force= 0.000104 in node 2725 and dof 1
 largest increment of disp= 1.368669e-04
 largest correction to disp= 1.731002e-06 in node 37236 and dof 1

 estimated number of iterations till convergence = 13
 no convergence

 iteration 11

 Using up to 1 cpu(s) for the symmetric stiffness/mass contributions.

 Factoring the system of equations using the symmetric spooles solver
 Using up to 1 cpu(s) for spooles.

 Using up to 1 cpu(s) for the stress calculation.

 average force= 0.000021
 time avg. forc= 0.000010
 largest residual force= 0.004055 in node 2725 and dof 1
 largest increment of disp= 1.368669e-04
 largest correction to disp= 1.081592e-05 in node 37290 and dof 1

 estimated number of iterations till convergence = 8
 no convergence

 iteration 12

 Using up to 1 cpu(s) for the symmetric stiffness/mass contributions.

 Factoring the system of equations using the symmetric spooles solver
 Using up to 1 cpu(s) for spooles.

 Using up to 1 cpu(s) for the stress calculation.

 average force= 0.000014
 time avg. forc= 0.000008
 largest residual force= 0.000040 in node 2725 and dof 1
 largest increment of disp= 1.368669e-04
 largest correction to disp= 1.076713e-06 in node 37290 and dof 1

 estimated number of iterations till convergence = 14
 no convergence

 iteration 13

 Using up to 1 cpu(s) for the symmetric stiffness/mass contributions.

 Factoring the system of equations using the symmetric spooles solver
 Using up to 1 cpu(s) for spooles.

 Using up to 1 cpu(s) for the stress calculation.

 average force= 0.000155
 time avg. forc= 0.000055
 largest residual force= 0.053349 in node 2725 and dof 1
 largest increment of disp= 1.368669e-04
 largest correction to disp= 3.922778e-05 in node 37290 and dof 1

 estimated number of iterations till convergence = 12
 no convergence

 iteration 14

 Using up to 1 cpu(s) for the symmetric stiffness/mass contributions.

 Factoring the system of equations using the symmetric spooles solver
 Using up to 1 cpu(s) for spooles.

 Using up to 1 cpu(s) for the stress calculation.

 average force= 0.000017
 time avg. forc= 0.000009
 largest residual force= 0.000023 in node 7034 and dof 1
 largest increment of disp= 1.368669e-04
 largest correction to disp= 1.974364e-06 in node 6934 and dof 3

 estimated number of iterations till convergence = 15
 no convergence

 iteration 15

 Using up to 1 cpu(s) for the symmetric stiffness/mass contributions.

 Factoring the system of equations using the symmetric spooles solver
 Using up to 1 cpu(s) for spooles.

 Using up to 1 cpu(s) for the stress calculation.

 average force= 0.000020
 time avg. forc= 0.000010
 largest residual force= 0.002722 in node 7616 and dof 1
 largest increment of disp= 1.368669e-04
 largest correction to disp= 8.726401e-06 in node 38858 and dof 1

 estimated number of iterations till convergence = 13
 no convergence

 iteration 16

 Using up to 1 cpu(s) for the symmetric stiffness/mass contributions.

 Factoring the system of equations using the symmetric spooles solver
 Using up to 1 cpu(s) for spooles.

 Using up to 1 cpu(s) for the stress calculation.

 average force= 0.000015
 time avg. forc= 0.000008
 largest residual force= 0.000040 in node 7618 and dof 1
 largest increment of disp= 1.368669e-04
 largest correction to disp= 1.070604e-06 in node 39720 and dof 2

 divergence; the increment size is decreased to 9.375000e-03
 the increment is reattempted

 increment 3 attempt 2 
 increment size= 9.375000e-03
 sum of previous increments=5.000000e-02
 actual step time=5.937500e-02
 actual total time=5.937500e-02

 iteration 1

 Using up to 1 cpu(s) for the stress calculation.

 Using up to 1 cpu(s) for the symmetric stiffness/mass contributions.

 Factoring the system of equations using the symmetric spooles solver
 Using up to 1 cpu(s) for spooles.

 Using up to 1 cpu(s) for the stress calculation.

 average force= 0.000008
 time avg. forc= 0.000006
 largest residual force= 0.000005 in node 7616 and dof 1
 largest increment of disp= 1.406415e-05
 largest correction to disp= 3.780372e-07 in node 38858 and dof 1

 no convergence

 iteration 2

 Using up to 1 cpu(s) for the symmetric stiffness/mass contributions.

 Factoring the system of equations using the symmetric spooles solver
 Using up to 1 cpu(s) for spooles.

 Using up to 1 cpu(s) for the stress calculation.

 average force= 0.000008
 time avg. forc= 0.000006
 largest residual force= 0.000000 in node 7616 and dof 1
 largest increment of disp= 1.406415e-05
 largest correction to disp= 1.781012e-09 in node 38912 and dof 1

 convergence

 increment 4 attempt 1 
 increment size= 9.375000e-03
 sum of previous increments=5.937500e-02
 actual step time=6.875000e-02
 actual total time=6.875000e-02

 iteration 1

 Using up to 1 cpu(s) for the stress calculation.

 Using up to 1 cpu(s) for the symmetric stiffness/mass contributions.

 Factoring the system of equations using the symmetric spooles solver
 Using up to 1 cpu(s) for spooles.

 Using up to 1 cpu(s) for the stress calculation.

 average force= 0.000010
 time avg. forc= 0.000007
 largest residual force= 0.000011 in node 7616 and dof 1
 largest increment of disp= 1.406422e-05
 largest correction to disp= 5.609355e-07 in node 38858 and dof 1

 no convergence

 iteration 2

 Using up to 1 cpu(s) for the symmetric stiffness/mass contributions.

 Factoring the system of equations using the symmetric spooles solver
 Using up to 1 cpu(s) for spooles.

 Using up to 1 cpu(s) for the stress calculation.

 average force= 0.000010
 time avg. forc= 0.000007
 largest residual force= 0.000000 in node 7616 and dof 1
 largest increment of disp= 1.406422e-05
 largest correction to disp= 1.256440e-08 in node 38858 and dof 1

 convergence; the increment size is increased to 1.406250e-02

 increment 5 attempt 1 
 increment size= 1.406250e-02
 sum of previous increments=6.875000e-02
 actual step time=8.281250e-02
 actual total time=8.281250e-02

 iteration 1

 Using up to 1 cpu(s) for the stress calculation.

 Using up to 1 cpu(s) for the symmetric stiffness/mass contributions.

 Factoring the system of equations using the symmetric spooles solver
 Using up to 1 cpu(s) for spooles.

 Using up to 1 cpu(s) for the stress calculation.

 average force= 0.000013
 time avg. forc= 0.000008
 largest residual force= 0.000917 in node 2725 and dof 1
 largest increment of disp= 2.109744e-05
 largest correction to disp= 5.142900e-06 in node 37290 and dof 1

 no convergence

 iteration 2

 Using up to 1 cpu(s) for the symmetric stiffness/mass contributions.

 Factoring the system of equations using the symmetric spooles solver
 Using up to 1 cpu(s) for spooles.

 Using up to 1 cpu(s) for the stress calculation.

 average force= 0.000013
 time avg. forc= 0.000008
 largest residual force= 0.000009 in node 7616 and dof 1
 largest increment of disp= 2.109744e-05
 largest correction to disp= 4.932840e-07 in node 38858 and dof 1

 no convergence

 iteration 3

 Using up to 1 cpu(s) for the symmetric stiffness/mass contributions.

 Factoring the system of equations using the symmetric spooles solver
 Using up to 1 cpu(s) for spooles.

 Using up to 1 cpu(s) for the stress calculation.

 average force= 0.000013
 time avg. forc= 0.000008
 largest residual force= 0.000027 in node 2725 and dof 1
 largest increment of disp= 2.109744e-05
 largest correction to disp= 8.768003e-07 in node 37290 and dof 1

 no convergence

 iteration 4

 Using up to 1 cpu(s) for the symmetric stiffness/mass contributions.

 Factoring the system of equations using the symmetric spooles solver
 Using up to 1 cpu(s) for spooles.

 Using up to 1 cpu(s) for the stress calculation.

 average force= 0.000013
 time avg. forc= 0.000008
 largest residual force= 0.000000 in node 2725 and dof 1
 largest increment of disp= 2.109744e-05
 largest correction to disp= 1.586107e-08 in node 37236 and dof 1

 convergence; the increment size is increased to 2.109375e-02

 Using up to 1 cpu(s) for the stress calculation.

 increment 6 attempt 1 
 increment size= 2.109375e-02
 sum of previous increments=8.281250e-02
 actual step time=1.039063e-01
 actual total time=1.039063e-01

 iteration 1

 Using up to 1 cpu(s) for the stress calculation.

 Using up to 1 cpu(s) for the symmetric stiffness/mass contributions.

 Factoring the system of equations using the symmetric spooles solver
 Using up to 1 cpu(s) for spooles.

 Using up to 1 cpu(s) for the stress calculation.

 average force= 0.000020
 time avg. forc= 0.000010
 largest residual force= 0.000403 in node 12889 and dof 1
 largest increment of disp= 3.178071e-05
 largest correction to disp= 9.720996e-06 in node 53750 and dof 1

 no convergence

 iteration 2

 Using up to 1 cpu(s) for the symmetric stiffness/mass contributions.

 Factoring the system of equations using the symmetric spooles solver
 Using up to 1 cpu(s) for spooles.

 Using up to 1 cpu(s) for the stress calculation.

 average force= 0.000343
 time avg. forc= 0.000064
 largest residual force= 0.131706 in node 2725 and dof 1
 largest increment of disp= 6.171066e-05
 largest correction to disp= 6.171066e-05 in node 37290 and dof 1

 no convergence

 iteration 3

 Using up to 1 cpu(s) for the symmetric stiffness/mass contributions.

 Factoring the system of equations using the symmetric spooles solver
 Using up to 1 cpu(s) for spooles.

 Using up to 1 cpu(s) for the stress calculation.

 average force= 0.000032
 time avg. forc= 0.000012
 largest residual force= 0.000308 in node 7033 and dof 3
 largest increment of disp= 6.171066e-05
 largest correction to disp= 1.925803e-05 in node 24315 and dof 1

 no convergence

 iteration 4

 Using up to 1 cpu(s) for the symmetric stiffness/mass contributions.

 Factoring the system of equations using the symmetric spooles solver
 Using up to 1 cpu(s) for spooles.

 Using up to 1 cpu(s) for the stress calculation.

 average force= 0.000064
 time avg. forc= 0.000017
 largest residual force= 0.017021 in node 2725 and dof 1
 largest increment of disp= 6.171066e-05
 largest correction to disp= 2.226455e-05 in node 37290 and dof 1

 no convergence

 iteration 5

 Using up to 1 cpu(s) for the symmetric stiffness/mass contributions.

 Factoring the system of equations using the symmetric spooles solver
 Using up to 1 cpu(s) for spooles.

 Using up to 1 cpu(s) for the stress calculation.

 average force= 0.000025
 time avg. forc= 0.000011
 largest residual force= 0.000326 in node 2725 and dof 1
 largest increment of disp= 6.171066e-05
 largest correction to disp= 5.874669e-06 in node 24315 and dof 1

 divergence; the increment size is decreased to 5.273438e-03
 the increment is reattempted

 increment 6 attempt 2 
 increment size= 5.273438e-03
 sum of previous increments=8.281250e-02
 actual step time=8.808594e-02
 actual total time=8.808594e-02

 iteration 1

 Using up to 1 cpu(s) for the stress calculation.

 Using up to 1 cpu(s) for the symmetric stiffness/mass contributions.

 Factoring the system of equations using the symmetric spooles solver
 Using up to 1 cpu(s) for spooles.

 Using up to 1 cpu(s) for the stress calculation.

 average force= 0.000014
 time avg. forc= 0.000009
 largest residual force= 0.000137 in node 2725 and dof 1
 largest increment of disp= 7.945176e-06
 largest correction to disp= 1.988236e-06 in node 37236 and dof 1

 no convergence

 iteration 2

 Using up to 1 cpu(s) for the symmetric stiffness/mass contributions.

 Factoring the system of equations using the symmetric spooles solver
 Using up to 1 cpu(s) for spooles.

 Using up to 1 cpu(s) for the stress calculation.

 average force= 0.000015
 time avg. forc= 0.000009
 largest residual force= 0.000643 in node 2725 and dof 1
 largest increment of disp= 7.945176e-06
 largest correction to disp= 4.315611e-06 in node 37290 and dof 1

 no convergence

 iteration 3

 Using up to 1 cpu(s) for the symmetric stiffness/mass contributions.

 Factoring the system of equations using the symmetric spooles solver
 Using up to 1 cpu(s) for spooles.

 Using up to 1 cpu(s) for the stress calculation.

 average force= 0.000015
 time avg. forc= 0.000009
 largest residual force= 0.000000 in node 5425 and dof 1
 largest increment of disp= 7.945176e-06
 largest correction to disp= 7.153170e-08 in node 38910 and dof 1

 convergence

 increment 7 attempt 1 
 increment size= 5.273438e-03
 sum of previous increments=8.808594e-02
 actual step time=9.335938e-02
 actual total time=9.335938e-02

 iteration 1

 Using up to 1 cpu(s) for the stress calculation.

 Using up to 1 cpu(s) for the symmetric stiffness/mass contributions.

 Factoring the system of equations using the symmetric spooles solver
 Using up to 1 cpu(s) for spooles.

 Using up to 1 cpu(s) for the stress calculation.

 average force= 0.000017
 time avg. forc= 0.000010
 largest residual force= 0.000000 in node 7053 and dof 3
 largest increment of disp= 9.215790e-06
 largest correction to disp= 5.466520e-07 in node 24594 and dof 1

 no convergence

 iteration 2

 Using up to 1 cpu(s) for the symmetric stiffness/mass contributions.

 Factoring the system of equations using the symmetric spooles solver
 Using up to 1 cpu(s) for spooles.

 Using up to 1 cpu(s) for the stress calculation.

 average force= 0.000017
 time avg. forc= 0.000010
 largest residual force= 0.000000 in node 7014 and dof 1
 largest increment of disp= 9.215790e-06
 largest correction to disp= 1.621752e-07 in node 37238 and dof 1

 convergence; the increment size is increased to 7.910156e-03

 increment 8 attempt 1 
 increment size= 7.910156e-03
 sum of previous increments=9.335938e-02
 actual step time=1.012695e-01
 actual total time=1.012695e-01

 iteration 1

 Using up to 1 cpu(s) for the stress calculation.

 Using up to 1 cpu(s) for the symmetric stiffness/mass contributions.

 Factoring the system of equations using the symmetric spooles solver
 Using up to 1 cpu(s) for spooles.

 Using up to 1 cpu(s) for the stress calculation.

 average force= 0.000020
 time avg. forc= 0.000012
 largest residual force= 0.000039 in node 12889 and dof 1
 largest increment of disp= 1.356099e-05
 largest correction to disp= 3.018921e-06 in node 53750 and dof 1

 no convergence

 iteration 2

 Using up to 1 cpu(s) for the symmetric stiffness/mass contributions.

 Factoring the system of equations using the symmetric spooles solver
 Using up to 1 cpu(s) for spooles.

 Using up to 1 cpu(s) for the stress calculation.

 average force= 0.000020
 time avg. forc= 0.000012
 largest residual force= 0.000171 in node 2725 and dof 1
 largest increment of disp= 1.356099e-05
 largest correction to disp= 2.233077e-06 in node 37290 and dof 1

 no convergence

 iteration 3

 Using up to 1 cpu(s) for the symmetric stiffness/mass contributions.

 Factoring the system of equations using the symmetric spooles solver
 Using up to 1 cpu(s) for spooles.

 Using up to 1 cpu(s) for the stress calculation.

 average force= 0.000020
 time avg. forc= 0.000012
 largest residual force= 0.000000 in node 2725 and dof 1
 largest increment of disp= 1.356099e-05
 largest correction to disp= 1.682291e-07 in node 37290 and dof 1

 convergence; the increment size is increased to 1.186523e-02

 increment 9 attempt 1 
 increment size= 1.186523e-02
 sum of previous increments=1.012695e-01
 actual step time=1.131348e-01
 actual total time=1.131348e-01

 iteration 1

 Using up to 1 cpu(s) for the stress calculation.

 Using up to 1 cpu(s) for the symmetric stiffness/mass contributions.

 Factoring the system of equations using the symmetric spooles solver
 Using up to 1 cpu(s) for spooles.

 Using up to 1 cpu(s) for the stress calculation.

 average force= 0.000035
 time avg. forc= 0.000014
 largest residual force= 0.003741 in node 12889 and dof 1
 largest increment of disp= 2.957691e-05
 largest correction to disp= 2.957691e-05 in node 53669 and dof 1

 no convergence

 iteration 2

 Using up to 1 cpu(s) for the symmetric stiffness/mass contributions.

 Factoring the system of equations using the symmetric spooles solver
 Using up to 1 cpu(s) for spooles.

 Using up to 1 cpu(s) for the stress calculation.

 average force= 0.000029
 time avg. forc= 0.000014
 largest residual force= 0.000205 in node 2734 and dof 1
 largest increment of disp= 2.957691e-05
 largest correction to disp= 4.334500e-06 in node 53745 and dof 1

 no convergence

 iteration 3

 Using up to 1 cpu(s) for the symmetric stiffness/mass contributions.

 Factoring the system of equations using the symmetric spooles solver
 Using up to 1 cpu(s) for spooles.

 Using up to 1 cpu(s) for the stress calculation.

 average force= 0.074647
 time avg. forc= 0.008304
 largest residual force= 26.456666 in node 12888 and dof 3
 largest increment of disp= 1.905603e-03
 largest correction to disp= 1.905603e-03 in node 53750 and dof 1

 no convergence

 iteration 4

 Using up to 1 cpu(s) for the symmetric stiffness/mass contributions.

 Factoring the system of equations using the symmetric spooles solver
 Using up to 1 cpu(s) for spooles.

 Using up to 1 cpu(s) for the stress calculation.

 average force= 2.086993
 time avg. forc= 0.231898
 largest residual force= 100407.003820 in node 62742 and dof 2
 largest increment of disp= 2.393622e-03
 largest correction to disp= 2.393622e-03 in node 10460 and dof 3

 divergence; the increment size is decreased to 2.966309e-03
 the increment is reattempted

 increment 9 attempt 2 
 increment size= 2.966309e-03
 sum of previous increments=1.012695e-01
 actual step time=1.042358e-01
 actual total time=1.042358e-01

 iteration 1

 Using up to 1 cpu(s) for the stress calculation.

 Using up to 1 cpu(s) for the symmetric stiffness/mass contributions.

 Factoring the system of equations using the symmetric spooles solver
 Using up to 1 cpu(s) for spooles.

 Using up to 1 cpu(s) for the stress calculation.

 average force= 0.000023
 time avg. forc= 0.000013
 largest residual force= 0.000129 in node 12889 and dof 1
 largest increment of disp= 5.499248e-06
 largest correction to disp= 5.499248e-06 in node 53669 and dof 1

 no convergence

 iteration 2

 Using up to 1 cpu(s) for the symmetric stiffness/mass contributions.

 Factoring the system of equations using the symmetric spooles solver
 Using up to 1 cpu(s) for spooles.

 Using up to 1 cpu(s) for the stress calculation.

 average force= 0.000023
 time avg. forc= 0.000013
 largest residual force= 0.000002 in node 2725 and dof 1
 largest increment of disp= 5.499248e-06
 largest correction to disp= 6.338329e-07 in node 53669 and dof 1

 no convergence

 iteration 3

 Using up to 1 cpu(s) for the symmetric stiffness/mass contributions.

 Factoring the system of equations using the symmetric spooles solver
 Using up to 1 cpu(s) for spooles.

 Using up to 1 cpu(s) for the stress calculation.

 average force= 0.000023
 time avg. forc= 0.000013
 largest residual force= 0.000000 in node 12889 and dof 1
 largest increment of disp= 5.499248e-06
 largest correction to disp= 1.200267e-07 in node 53669 and dof 1

 convergence

 increment 10 attempt 1 
 increment size= 2.966309e-03
 sum of previous increments=1.042358e-01
 actual step time=1.072021e-01
 actual total time=1.072021e-01

 iteration 1

 Using up to 1 cpu(s) for the stress calculation.

 Using up to 1 cpu(s) for the symmetric stiffness/mass contributions.

 Factoring the system of equations using the symmetric spooles solver
 Using up to 1 cpu(s) for spooles.

 Using up to 1 cpu(s) for the stress calculation.

 average force= 0.000027
 time avg. forc= 0.000014
 largest residual force= 0.000063 in node 12889 and dof 1
 largest increment of disp= 6.371025e-06
 largest correction to disp= 3.846970e-06 in node 53669 and dof 1

 no convergence

 iteration 2

 Using up to 1 cpu(s) for the symmetric stiffness/mass contributions.

 Factoring the system of equations using the symmetric spooles solver
 Using up to 1 cpu(s) for spooles.

 Using up to 1 cpu(s) for the stress calculation.

 average force= 0.000027
 time avg. forc= 0.000014
 largest residual force= 0.000000 in node 12889 and dof 1
 largest increment of disp= 6.371025e-06
 largest correction to disp= 3.621400e-07 in node 53669 and dof 1

 convergence; the increment size is increased to 4.449463e-03

 Using up to 1 cpu(s) for the stress calculation.

 increment 11 attempt 1 
 increment size= 4.449463e-03
 sum of previous increments=1.072021e-01
 actual step time=1.116516e-01
 actual total time=1.116516e-01

 iteration 1

 Using up to 1 cpu(s) for the stress calculation.

 Using up to 1 cpu(s) for the symmetric stiffness/mass contributions.

 Factoring the system of equations using the symmetric spooles solver
 Using up to 1 cpu(s) for spooles.

 Using up to 1 cpu(s) for the stress calculation.

 average force= 0.000034
 time avg. forc= 0.000016
 largest residual force= 0.000017 in node 12889 and dof 1
 largest increment of disp= 1.583624e-05
 largest correction to disp= 1.975190e-06 in node 53750 and dof 1

 no convergence

 iteration 2

 Using up to 1 cpu(s) for the symmetric stiffness/mass contributions.

 Factoring the system of equations using the symmetric spooles solver
 Using up to 1 cpu(s) for spooles.

 Using up to 1 cpu(s) for the stress calculation.

 average force= 0.000034
 time avg. forc= 0.000016
 largest residual force= 0.000004 in node 12889 and dof 1
 largest increment of disp= 1.583624e-05
 largest correction to disp= 1.020242e-06 in node 53669 and dof 1

 no convergence

 iteration 3

 Using up to 1 cpu(s) for the symmetric stiffness/mass contributions.

 Factoring the system of equations using the symmetric spooles solver
 Using up to 1 cpu(s) for spooles.

 Using up to 1 cpu(s) for the stress calculation.

 average force= 0.000034
 time avg. forc= 0.000016
 largest residual force= 0.000000 in node 12859 and dof 1
 largest increment of disp= 1.583624e-05
 largest correction to disp= 3.508282e-08 in node 53669 and dof 1

 convergence; the increment size is increased to 6.674194e-03

 increment 12 attempt 1 
 increment size= 6.674194e-03
 sum of previous increments=1.116516e-01
 actual step time=1.183258e-01
 actual total time=1.183258e-01

 iteration 1

 Using up to 1 cpu(s) for the stress calculation.

 Using up to 1 cpu(s) for the symmetric stiffness/mass contributions.

 Factoring the system of equations using the symmetric spooles solver
 Using up to 1 cpu(s) for spooles.

 Using up to 1 cpu(s) for the stress calculation.

 average force= 0.000043
 time avg. forc= 0.000018
 largest residual force= 0.000058 in node 12889 and dof 1
 largest increment of disp= 1.921460e-05
 largest correction to disp= 3.665801e-06 in node 53669 and dof 1

 no convergence

 iteration 2

 Using up to 1 cpu(s) for the symmetric stiffness/mass contributions.

 Factoring the system of equations using the symmetric spooles solver
 Using up to 1 cpu(s) for spooles.

 Using up to 1 cpu(s) for the stress calculation.

 average force= 0.000042
 time avg. forc= 0.000018
 largest residual force= 0.000019 in node 12889 and dof 1
 largest increment of disp= 1.921460e-05
 largest correction to disp= 2.120528e-06 in node 53669 and dof 1

 no convergence

 iteration 3

 Using up to 1 cpu(s) for the symmetric stiffness/mass contributions.

 Factoring the system of equations using the symmetric spooles solver
 Using up to 1 cpu(s) for spooles.

 Using up to 1 cpu(s) for the stress calculation.

 average force= 0.000042
 time avg. forc= 0.000018
 largest residual force= 0.000000 in node 12859 and dof 1
 largest increment of disp= 1.921460e-05
 largest correction to disp= 1.514637e-07 in node 53669 and dof 1

 convergence; the increment size is increased to 1.001129e-02

 increment 13 attempt 1 
 increment size= 1.001129e-02
 sum of previous increments=1.183258e-01
 actual step time=1.283371e-01
 actual total time=1.283371e-01

 iteration 1

 Using up to 1 cpu(s) for the stress calculation.

 Using up to 1 cpu(s) for the symmetric stiffness/mass contributions.

 Factoring the system of equations using the symmetric spooles solver
 Using up to 1 cpu(s) for spooles.

 Using up to 1 cpu(s) for the stress calculation.

 average force= 0.000052
 time avg. forc= 0.000021
 largest residual force= 0.000058 in node 12889 and dof 1
 largest increment of disp= 1.993636e-05
 largest correction to disp= 1.079673e-05 in node 47469 and dof 1

 no convergence

 iteration 2

 Using up to 1 cpu(s) for the symmetric stiffness/mass contributions.

 Factoring the system of equations using the symmetric spooles solver
 Using up to 1 cpu(s) for spooles.

 Using up to 1 cpu(s) for the stress calculation.

 average force= 0.000051
 time avg. forc= 0.000021
 largest residual force= 0.000012 in node 13792 and dof 1
 largest increment of disp= 1.993636e-05
 largest correction to disp= 2.159843e-06 in node 47469 and dof 1

 no convergence

 iteration 3

 Using up to 1 cpu(s) for the symmetric stiffness/mass contributions.

 Factoring the system of equations using the symmetric spooles solver
 Using up to 1 cpu(s) for spooles.

 Using up to 1 cpu(s) for the stress calculation.

 average force= 0.000051
 time avg. forc= 0.000021
 largest residual force= 0.000000 in node 13792 and dof 1
 largest increment of disp= 1.993636e-05
 largest correction to disp= 8.575615e-08 in node 56180 and dof 1

 convergence; the increment size is increased to 1.501694e-02

 increment 14 attempt 1 
 increment size= 1.501694e-02
 sum of previous increments=1.283371e-01
 actual step time=1.433540e-01
 actual total time=1.433540e-01

 iteration 1

 Using up to 1 cpu(s) for the stress calculation.

 Using up to 1 cpu(s) for the symmetric stiffness/mass contributions.

 Factoring the system of equations using the symmetric spooles solver
 Using up to 1 cpu(s) for spooles.

 Using up to 1 cpu(s) for the stress calculation.

 average force= 0.000064
 time avg. forc= 0.000024
 largest residual force= 0.000057 in node 12889 and dof 1
 largest increment of disp= 3.853116e-05
 largest correction to disp= 3.853116e-05 in node 47466 and dof 1

 no convergence

 iteration 2

 Using up to 1 cpu(s) for the symmetric stiffness/mass contributions.

 Factoring the system of equations using the symmetric spooles solver
 Using up to 1 cpu(s) for spooles.

 Using up to 1 cpu(s) for the stress calculation.

 average force= 0.000063
 time avg. forc= 0.000024
 largest residual force= 0.000074 in node 2725 and dof 1
 largest increment of disp= 3.853116e-05
 largest correction to disp= 1.138764e-05 in node 47466 and dof 1

 no convergence

 iteration 3

 Using up to 1 cpu(s) for the symmetric stiffness/mass contributions.

 Factoring the system of equations using the symmetric spooles solver
 Using up to 1 cpu(s) for spooles.

 Using up to 1 cpu(s) for the stress calculation.

 average force= 0.000063
 time avg. forc= 0.000024
 largest residual force= 0.000000 in node 2725 and dof 1
 largest increment of disp= 3.853116e-05
 largest correction to disp= 3.301623e-06 in node 47466 and dof 1

 convergence; the increment size is increased to 2.252541e-02

 increment 15 attempt 1 
 increment size= 2.252541e-02
 sum of previous increments=1.433540e-01
 actual step time=1.658794e-01
 actual total time=1.658794e-01

 iteration 1

 Using up to 1 cpu(s) for the stress calculation.

 Using up to 1 cpu(s) for the symmetric stiffness/mass contributions.

 Factoring the system of equations using the symmetric spooles solver
 Using up to 1 cpu(s) for spooles.

 Using up to 1 cpu(s) for the stress calculation.

 average force= 0.000078
 time avg. forc= 0.000027
 largest residual force= 0.000066 in node 13738 and dof 1
 largest increment of disp= 6.396822e-05
 largest correction to disp= 1.623760e-05 in node 47361 and dof 1

 no convergence

 iteration 2

 Using up to 1 cpu(s) for the symmetric stiffness/mass contributions.

 Factoring the system of equations using the symmetric spooles solver
 Using up to 1 cpu(s) for spooles.

 Using up to 1 cpu(s) for the stress calculation.

 average force= 0.000077
 time avg. forc= 0.000027
 largest residual force= 0.000179 in node 5344 and dof 1
 largest increment of disp= 6.396822e-05
 largest correction to disp= 6.023165e-06 in node 24342 and dof 1

 no convergence

 iteration 3

 Using up to 1 cpu(s) for the symmetric stiffness/mass contributions.

 Factoring the system of equations using the symmetric spooles solver
 Using up to 1 cpu(s) for spooles.

 Using up to 1 cpu(s) for the stress calculation.

 average force= 0.000077
 time avg. forc= 0.000027
 largest residual force= 0.000000 in node 5344 and dof 1
 largest increment of disp= 6.396822e-05
 largest correction to disp= 5.828625e-07 in node 24342 and dof 1

 convergence; the increment size is increased to 3.378811e-02

 Using up to 1 cpu(s) for the stress calculation.

 increment 16 attempt 1 
 increment size= 3.378811e-02
 sum of previous increments=1.658794e-01
 actual step time=1.996675e-01
 actual total time=1.996675e-01

 iteration 1

 Using up to 1 cpu(s) for the stress calculation.

 Using up to 1 cpu(s) for the symmetric stiffness/mass contributions.

 Factoring the system of equations using the symmetric spooles solver
 Using up to 1 cpu(s) for spooles.

 Using up to 1 cpu(s) for the stress calculation.

 average force= 0.000096
 time avg. forc= 0.000032
 largest residual force= 0.000081 in node 13738 and dof 1
 largest increment of disp= 7.640077e-05
 largest correction to disp= 2.194511e-05 in node 47358 and dof 1

