=== on-caso-4: (re)gerando polyMesh com CONTACT_BOX=(2.3941e-03 -5.3702e-04 1.4840e-02) (2.6000e-03 5.3702e-04 3.0160e-02) ===
50:            box (2.3941e-03 -5.3702e-04 1.4840e-02) (2.6000e-03 5.3702e-04 3.0160e-02);
/*---------------------------------------------------------------------------*\
| =========                 |                                                 |
| \\      /  F ield         | OpenFOAM: The Open Source CFD Toolbox           |
|  \\    /   O peration     | Version:  2512                                  |
|   \\  /    A nd           | Website:  www.openfoam.com                      |
|    \\/     M anipulation  |                                                 |
\*---------------------------------------------------------------------------*/
Build  : _bd2b6720-20260127 OPENFOAM=2512 version=2512
Arch   : "LSB;label=32;scalar=64"
Exec   : blockMesh
Date   : Jun 02 2026
Time   : 01:37:17
Host   : 98c2ac09a5b9
PID    : 223
I/O    : uncollated
Case   : /simulation/on-caso-4/solid
nProcs : 1
trapFpe: Floating point exception trapping enabled (FOAM_SIGFPE).
memory pool : not available
fileModificationChecking : Monitoring run-time modified files using timeStampMaster (fileModificationSkew 5, maxFileModificationPolls 20)
allowSystemOperations : Allowing user-supplied system call operations

// * * * * * * * * * * * * * * * * * * * * * * * * * * * * * * * * * * * * * //
Create time

--> FOAM Warning : 
    From void* Foam::dlLibraryTable::openLibrary(const Foam::fileName&, bool)
    in file db/dynamicLibrary/dlLibraryTable/dlLibraryTable.C at line 188
    Could not load "$FOAM_CASE/../src/elasticFoundation/libsolidTractionElasticFoundation.so"
/simulation/on-caso-4/solid/../src/elasticFoundation/libsolidTractionElasticFoundation.so: cannot open shared object file: No such file or directory
Creating block mesh from "system/blockMeshDict"
Creating block edges
No non-planar block faces defined
Creating topology blocks

Creating topology patches - from boundary section

Creating block mesh topology - scaling/transform applied later

Check topology

	Basic statistics
		Number of internal faces : 162
		Number of boundary faces : 54
		Number of defined boundary faces : 54
		Number of undefined boundary faces : 0
	Checking patch -> block consistency

Creating block offsets
Creating merge list (topological search)...
Deleting polyMesh directory "constant/polyMesh"

Creating polyMesh from blockMesh
Creating patches
Creating cells
Creating points with scale (0.001 0.001 0.001)
    Block 0 cell size :
        i : 8.3333333e-05 .. 8.3333333e-05
        j : 8.3333333e-05 .. 8.3333333e-05
        k : 0.001 .. 0.001

    Block 1 cell size :
        i : 2.4407755e-05 .. 2.4407755e-05
        j : 8.3333333e-05 .. 8.3333333e-05
        k : 0.001 .. 0.001

    Block 2 cell size :
        i : 2.4407755e-05 .. 2.4407755e-05
        j : 8.3333333e-05 .. 8.3333333e-05
        k : 0.001 .. 0.001

    Block 3 cell size :
        i : 2.4407755e-05 .. 2.4407755e-05
        j : 8.3333333e-05 .. 8.3333333e-05
        k : 0.001 .. 0.001

    Block 4 cell size :
        i : 2.4407755e-05 .. 2.4407755e-05
        j : 8.3333333e-05 .. 8.3333333e-05
        k : 0.001 .. 0.001

    Block 5 cell size :
        i : 1.6666978e-05 .. 1.6666978e-05
        j : 0.00013085815 .. 0.00013085815
        k : 0.001 .. 0.001

    Block 6 cell size :
        i : 1.6666978e-05 .. 1.6666978e-05
        j : 0.00013085815 .. 0.00013085815
        k : 0.001 .. 0.001

    Block 7 cell size :
        i : 1.6666978e-05 .. 1.6666978e-05
        j : 0.00013085815 .. 0.00013085815
        k : 0.001 .. 0.001

    Block 8 cell size :
        i : 1.6666978e-05 .. 1.6666978e-05
        j : 0.00013085815 .. 0.00013085815
        k : 0.001 .. 0.001

    Block 9 cell size :
        i : 4.9999992e-05 .. 4.9999992e-05
        j : 0.00013522012 .. 0.00013522012
        k : 0.001 .. 0.001

    Block 10 cell size :
        i : 4.9999992e-05 .. 4.9999992e-05
        j : 0.00013522012 .. 0.00013522012
        k : 0.001 .. 0.001

    Block 11 cell size :
        i : 4.9999992e-05 .. 4.9999992e-05
        j : 0.00013522012 .. 0.00013522012
        k : 0.001 .. 0.001

    Block 12 cell size :
        i : 4.9999992e-05 .. 4.9999992e-05
        j : 0.00013522012 .. 0.00013522012
        k : 0.001 .. 0.001

    Block 13 cell size :
        i : 3.888883e-05 .. 3.888883e-05
        j : 0.00017447757 .. 0.00017447757
        k : 0.001 .. 0.001

    Block 14 cell size :
        i : 3.888883e-05 .. 3.888883e-05
        j : 0.00017447757 .. 0.00017447757
        k : 0.001 .. 0.001

    Block 15 cell size :
        i : 3.888883e-05 .. 3.888883e-05
        j : 0.00017447757 .. 0.00017447757
        k : 0.001 .. 0.001

    Block 16 cell size :
        i : 3.888883e-05 .. 3.888883e-05
        j : 0.00017447757 .. 0.00017447757
        k : 0.001 .. 0.001

    Block 17 cell size :
        i : 2.4999996e-05 .. 2.4999996e-05
        j : 0.00020501112 .. 0.00020501112
        k : 0.001 .. 0.001

    Block 18 cell size :
        i : 2.4999996e-05 .. 2.4999996e-05
        j : 0.00020501112 .. 0.00020501112
        k : 0.001 .. 0.001

    Block 19 cell size :
        i : 2.4999996e-05 .. 2.4999996e-05
        j : 0.00020501112 .. 0.00020501112
        k : 0.001 .. 0.001

    Block 20 cell size :
        i : 2.4999996e-05 .. 2.4999996e-05
        j : 0.00020501112 .. 0.00020501112
        k : 0.001 .. 0.001

    Block 21 cell size :
        i : 8.3333333e-05 .. 8.3333333e-05
        j : 8.3333333e-05 .. 8.3333333e-05
        k : 0.0001 .. 0.0001

    Block 22 cell size :
        i : 2.4407755e-05 .. 2.4407755e-05
        j : 8.3333333e-05 .. 8.3333333e-05
        k : 0.0001 .. 0.0001

    Block 23 cell size :
        i : 2.4407755e-05 .. 2.4407755e-05
        j : 8.3333333e-05 .. 8.3333333e-05
        k : 0.0001 .. 0.0001

    Block 24 cell size :
        i : 2.4407755e-05 .. 2.4407755e-05
        j : 8.3333333e-05 .. 8.3333333e-05
        k : 0.0001 .. 0.0001

    Block 25 cell size :
        i : 2.4407755e-05 .. 2.4407755e-05
        j : 8.3333333e-05 .. 8.3333333e-05
        k : 0.0001 .. 0.0001

    Block 26 cell size :
        i : 1.6666978e-05 .. 1.6666978e-05
        j : 0.00013085815 .. 0.00013085815
        k : 0.0001 .. 0.0001

    Block 27 cell size :
        i : 1.6666978e-05 .. 1.6666978e-05
        j : 0.00013085815 .. 0.00013085815
        k : 0.0001 .. 0.0001

    Block 28 cell size :
        i : 1.6666978e-05 .. 1.6666978e-05
        j : 0.00013085815 .. 0.00013085815
        k : 0.0001 .. 0.0001

    Block 29 cell size :
        i : 1.6666978e-05 .. 1.6666978e-05
        j : 0.00013085815 .. 0.00013085815
        k : 0.0001 .. 0.0001

    Block 30 cell size :
        i : 4.9999992e-05 .. 4.9999992e-05
        j : 0.00013522012 .. 0.00013522012
        k : 0.0001 .. 0.0001

    Block 31 cell size :
        i : 4.9999992e-05 .. 4.9999992e-05
        j : 0.00013522012 .. 0.00013522012
        k : 0.0001 .. 0.0001

    Block 32 cell size :
        i : 4.9999992e-05 .. 4.9999992e-05
        j : 0.00013522012 .. 0.00013522012
        k : 0.0001 .. 0.0001

    Block 33 cell size :
        i : 4.9999992e-05 .. 4.9999992e-05
        j : 0.00013522012 .. 0.00013522012
        k : 0.0001 .. 0.0001

    Block 34 cell size :
        i : 3.888883e-05 .. 3.888883e-05
        j : 0.00017447757 .. 0.00017447757
        k : 0.0001 .. 0.0001

    Block 35 cell size :
        i : 3.888883e-05 .. 3.888883e-05
        j : 0.00017447757 .. 0.00017447757
        k : 0.0001 .. 0.0001

    Block 36 cell size :
        i : 3.888883e-05 .. 3.888883e-05
        j : 0.00017447757 .. 0.00017447757
        k : 0.0001 .. 0.0001

    Block 37 cell size :
        i : 3.888883e-05 .. 3.888883e-05
        j : 0.00017447757 .. 0.00017447757
        k : 0.0001 .. 0.0001

    Block 38 cell size :
        i : 2.4999996e-05 .. 2.4999996e-05
        j : 0.00020501112 .. 0.00020501112
        k : 0.0001 .. 0.0001

    Block 39 cell size :
        i : 2.4999996e-05 .. 2.4999996e-05
        j : 0.00020501112 .. 0.00020501112
        k : 0.0001 .. 0.0001

    Block 40 cell size :
        i : 2.4999996e-05 .. 2.4999996e-05
        j : 0.00020501112 .. 0.00020501112
        k : 0.0001 .. 0.0001

    Block 41 cell size :
        i : 2.4999996e-05 .. 2.4999996e-05
        j : 0.00020501112 .. 0.00020501112
        k : 0.0001 .. 0.0001

    Block 42 cell size :
        i : 8.3333333e-05 .. 8.3333333e-05
        j : 8.3333333e-05 .. 8.3333333e-05
        k : 0.00016666667 .. 0.00016666667

    Block 43 cell size :
        i : 2.4407755e-05 .. 2.4407755e-05
        j : 8.3333333e-05 .. 8.3333333e-05
        k : 0.00016666667 .. 0.00016666667

    Block 44 cell size :
        i : 2.4407755e-05 .. 2.4407755e-05
        j : 8.3333333e-05 .. 8.3333333e-05
        k : 0.00016666667 .. 0.00016666667

    Block 45 cell size :
        i : 2.4407755e-05 .. 2.4407755e-05
        j : 8.3333333e-05 .. 8.3333333e-05
        k : 0.00016666667 .. 0.00016666667

    Block 46 cell size :
        i : 2.4407755e-05 .. 2.4407755e-05
        j : 8.3333333e-05 .. 8.3333333e-05
        k : 0.00016666667 .. 0.00016666667

    Block 47 cell size :
        i : 1.6666978e-05 .. 1.6666978e-05
        j : 0.00013085815 .. 0.00013085815
        k : 0.00016666667 .. 0.00016666667

    Block 48 cell size :
        i : 1.6666978e-05 .. 1.6666978e-05
        j : 0.00013085815 .. 0.00013085815
        k : 0.00016666667 .. 0.00016666667

    Block 49 cell size :
        i : 1.6666978e-05 .. 1.6666978e-05
        j : 0.00013085815 .. 0.00013085815
        k : 0.00016666667 .. 0.00016666667

    Block 50 cell size :
        i : 1.6666978e-05 .. 1.6666978e-05
        j : 0.00013085815 .. 0.00013085815
        k : 0.00016666667 .. 0.00016666667

    Block 51 cell size :
        i : 4.9999992e-05 .. 4.9999992e-05
        j : 0.00013522012 .. 0.00013522012
        k : 0.00016666667 .. 0.00016666667

    Block 52 cell size :
        i : 4.9999992e-05 .. 4.9999992e-05
        j : 0.00013522012 .. 0.00013522012
        k : 0.00016666667 .. 0.00016666667

    Block 53 cell size :
        i : 4.9999992e-05 .. 4.9999992e-05
        j : 0.00013522012 .. 0.00013522012
        k : 0.00016666667 .. 0.00016666667

    Block 54 cell size :
        i : 4.9999992e-05 .. 4.9999992e-05
        j : 0.00013522012 .. 0.00013522012
        k : 0.00016666667 .. 0.00016666667

    Block 55 cell size :
        i : 3.888883e-05 .. 3.888883e-05
        j : 0.00017447757 .. 0.00017447757
        k : 0.00016666667 .. 0.00016666667

    Block 56 cell size :
        i : 3.888883e-05 .. 3.888883e-05
        j : 0.00017447757 .. 0.00017447757
        k : 0.00016666667 .. 0.00016666667

    Block 57 cell size :
        i : 3.888883e-05 .. 3.888883e-05
        j : 0.00017447757 .. 0.00017447757
        k : 0.00016666667 .. 0.00016666667

    Block 58 cell size :
        i : 3.888883e-05 .. 3.888883e-05
        j : 0.00017447757 .. 0.00017447757
        k : 0.00016666667 .. 0.00016666667

    Block 59 cell size :
        i : 2.4999996e-05 .. 2.4999996e-05
        j : 0.00020501112 .. 0.00020501112
        k : 0.00016666667 .. 0.00016666667

    Block 60 cell size :
        i : 2.4999996e-05 .. 2.4999996e-05
        j : 0.00020501112 .. 0.00020501112
        k : 0.00016666667 .. 0.00016666667

    Block 61 cell size :
        i : 2.4999996e-05 .. 2.4999996e-05
        j : 0.00020501112 .. 0.00020501112
        k : 0.00016666667 .. 0.00016666667

    Block 62 cell size :
        i : 2.4999996e-05 .. 2.4999996e-05
        j : 0.00020501112 .. 0.00020501112
        k : 0.00016666667 .. 0.00016666667

Adding cell zones
    0	on
    1	pia
    2	sas
    3	dura
    4	lc
    5	sclera_peri
    6	sclera_ring
    7	globo
No patch pairs to merge

Writing polyMesh with 8 cellZones
----------------
Mesh Information
----------------
  boundingBox: (-0.0025 -0.0025 0) (0.0025 0.0025 0.0308)
  nPoints: 133237
  nCells: 128304
  nFaces: 389772
  nInternalFaces: 380052
----------------
Cell Zones
----------------
  zone 0 (size: 48600) name: on
  zone 1 (size: 6480) name: pia
  zone 2 (size: 38880) name: sas
  zone 3 (size: 12960) name: dura
  zone 4 (size: 4860) name: lc
  zone 5 (size: 2592) name: sclera_peri
  zone 6 (size: 3240) name: sclera_ring
  zone 7 (size: 10692) name: globo
----------------
Patches
----------------
  patch 0 (start: 380052 size: 1620) name: posterior_on
  patch 1 (start: 381672 size: 216) name: posterior_pia
  patch 2 (start: 381888 size: 1296) name: posterior_sas
  patch 3 (start: 383184 size: 432) name: posterior_dura
  patch 4 (start: 383616 size: 2160) name: dura_outer
  patch 5 (start: 385776 size: 216) name: sclera_ring_outer
  patch 6 (start: 385992 size: 216) name: globo_outer
  patch 7 (start: 386208 size: 3564) name: anterior_globo

End

/*---------------------------------------------------------------------------*\
| =========                 |                                                 |
| \\      /  F ield         | OpenFOAM: The Open Source CFD Toolbox           |
|  \\    /   O peration     | Version:  2512                                  |
|   \\  /    A nd           | Website:  www.openfoam.com                      |
|    \\/     M anipulation  |                                                 |
\*---------------------------------------------------------------------------*/
Build  : _bd2b6720-20260127 OPENFOAM=2512 version=2512
Arch   : "LSB;label=32;scalar=64"
Exec   : topoSet -dict system/topoSetDict_contact
Date   : Jun 02 2026
Time   : 01:37:19
Host   : 98c2ac09a5b9
PID    : 225
I/O    : uncollated
Case   : /simulation/on-caso-4/solid
nProcs : 1
trapFpe: Floating point exception trapping enabled (FOAM_SIGFPE).
memory pool : not available
fileModificationChecking : Monitoring run-time modified files using timeStampMaster (fileModificationSkew 5, maxFileModificationPolls 20)
allowSystemOperations : Allowing user-supplied system call operations

// * * * * * * * * * * * * * * * * * * * * * * * * * * * * * * * * * * * * * //
Create time

--> FOAM Warning : 
    From void* Foam::dlLibraryTable::openLibrary(const Foam::fileName&, bool)
    in file db/dynamicLibrary/dlLibraryTable/dlLibraryTable.C at line 188
    Could not load "$FOAM_CASE/../src/elasticFoundation/libsolidTractionElasticFoundation.so"
/simulation/on-caso-4/solid/../src/elasticFoundation/libsolidTractionElasticFoundation.so: cannot open shared object file: No such file or directory
Create polyMesh for time = 0

Reading topoSetDict_contact

Time = 0
    mesh not changed.
Created faceSet contact_local
    Applying source patchToFace
--> FOAM IOWarning :
    Found [v1806] 'name' entry instead of 'patch' in dictionary "system/topoSetDict_contact/actions/sourceInfo"

    This keyword is 90 months old.

    Adding all faces of patches: (dura_outer) ...
    Found matching patch dura_outer with 2160 faces
    faceSet contact_local now size 2160
Read set faceSet contact_local size:2160
    Applying source boxToFace
    Adding faces with centre within boxes 1((0.0023941 -0.00053702 0.01484) (0.0026 0.00053702 0.03016))
    faceSet contact_local now size 60

End

/*---------------------------------------------------------------------------*\
| =========                 |                                                 |
| \\      /  F ield         | OpenFOAM: The Open Source CFD Toolbox           |
|  \\    /   O peration     | Version:  2512                                  |
|   \\  /    A nd           | Website:  www.openfoam.com                      |
|    \\/     M anipulation  |                                                 |
\*---------------------------------------------------------------------------*/
Build  : _bd2b6720-20260127 OPENFOAM=2512 version=2512
Arch   : "LSB;label=32;scalar=64"
Exec   : createPatch -overwrite -dict system/createPatchDict_contact
Date   : Jun 02 2026
Time   : 01:37:20
Host   : 98c2ac09a5b9
PID    : 227
I/O    : uncollated
Case   : /simulation/on-caso-4/solid
nProcs : 1
trapFpe: Floating point exception trapping enabled (FOAM_SIGFPE).
memory pool : not available
fileModificationChecking : Monitoring run-time modified files using timeStampMaster (fileModificationSkew 5, maxFileModificationPolls 20)
allowSystemOperations : Allowing user-supplied system call operations

// * * * * * * * * * * * * * * * * * * * * * * * * * * * * * * * * * * * * * //
Create time

--> FOAM Warning : 
    From void* Foam::dlLibraryTable::openLibrary(const Foam::fileName&, bool)
    in file db/dynamicLibrary/dlLibraryTable/dlLibraryTable.C at line 188
    Could not load "$FOAM_CASE/../src/elasticFoundation/libsolidTractionElasticFoundation.so"
/simulation/on-caso-4/solid/../src/elasticFoundation/libsolidTractionElasticFoundation.so: cannot open shared object file: No such file or directory
Create mesh for time = 0

Reading "system/createPatchDict_contact"



Adding patches to mesh region0

Adding new patch contact_local from 
{
    type            wall;
    nFaces          0;
    startFace       0;
}




Repatching mesh region0

Read 60 faces from faceSet contact_local
Doing topology modification to order faces.

Not synchronising points.

Removing patches with no faces in them.



Writing repatched mesh region0 to 0

End

=== on-caso-4 (CCX): polyMesh -> CalculiX .inp  [k_winkler=2000000 Pa/m] ===
[1/5] Lendo polyMesh em ../solid/constant/polyMesh
      nodes=133237, faces=389772, cells=128304, patches=9, zones=['on', 'pia', 'sas', 'dura', 'lc', 'sclera_peri', 'sclera_ring', 'globo']
[2/5] Reconstruindo conectividade C3D8 (128304 celulas)
      OK
[3/5] Escrevendo malha em on-caso-4_mesh.inp
      DURA_INNER_SURF: 2160 faces (interface dura<->sas)
[4/5] Escrevendo Winkler em on-caso-4_winkler.inp
[5/5] Concluido. Total: 133237 nodes, 128304 hex C3D8I.
=== on-caso-4 (CCX): P_CONTACT = 18068.0 Pa (arteria) | P_CSF = 3800 Pa (inchaco) ===
221:CONTACT_LOCAL_SURF, P, 18068.0
237:DURA_INNER_SURF, P, 3800
=== on-caso-4 (CCX): solver ccx_preCICE -i on-caso-4  [tag=mesh3] ===

************************************************************

CalculiX Version 2.20, Copyright(C) 1998-2022 Guido Dhondt
CalculiX comes with ABSOLUTELY NO WARRANTY. This is free
software, and you are welcome to redistribute it under
certain conditions, see gpl.htm

************************************************************

You are using an executable made on Sun Jul 31 18:08:37 CEST 2022

  The numbers below are estimated upper bounds

  number of:

   nodes:       520336
   elements:       130491
   one-dimensional elements:            0
   two-dimensional elements:            0
   integration points per element:            8
   degrees of freedom per node:            3
   layers per element:            1

   distributed facial loads:         2220
   distributed volumetric loads:            0
   concentrated loads:            0
   single point constraints:        25214
   multiple point constraints:            1
   terms in all multiple point constraints:            1
   tie constraints:            0
   dependent nodes tied by cyclic constraints:            0
   dependent nodes in pre-tension constraints:            0

   sets:         2216
   terms in all sets:       421293

   materials:         2195
   constants per material and temperature:            9
   temperature points per material:            1
   plastic data points per material:            0

   orientations:            1
   amplitudes:            5
   data points in all amplitudes:            5
   print requests:            8
   transformations:            0
   property cards:            0

 *INFO reading *HYPERELASTIC: nonlinear geometric
       effects are turned on

 *INFO reading *HYPERELASTIC: nonlinear geometric
       effects are turned on

 *INFO reading *HYPERELASTIC: nonlinear geometric
       effects are turned on

 *INFO reading *HYPERELASTIC: nonlinear geometric
       effects are turned on

 *INFO reading *HYPERELASTIC: nonlinear geometric
       effects are turned on

 *INFO reading *HYPERELASTIC: nonlinear geometric
       effects are turned on

 *INFO reading *HYPERELASTIC: nonlinear geometric
       effects are turned on

 *INFO reading *STEP: nonlinear geometric
       effects are turned on

 *WARNING reading *STATIC: parameter not recognized:
          RIKS
 *WARNING reading *STATIC. Card image:
          *STATIC,RIKS

 *WARNING reading *STATIC:
          the minimum increment    1.0000000000000001E-009
          is smaller then 1.e-6 times the 
          step time;
          the minimum increment is changed
          to    9.9999999999999995E-007
          which is the minimum of the initial
          increment time and 1.e-6 times the step time

 *INFO: field control parameters set to:
        ran =    5.0000000000000001E-003
        can =    2.0000000000000000E-002
        qa0 =    0.0000000000000000     
        qau =   0.10000000000000001     
        rap =    2.0000000000000000E-002
         ea =    1.0000000000000001E-005
        cae =    1.0000000000000000E-003
        ral =    1.0000000000000000E-008

 STEP            1

 Static analysis was selected

 Nonlinear material laws are taken into account

 Newton-Raphson iterative procedure is active

 Nonlinear geometric effects are taken into account

