=== on-caso-3F2: blockMesh + topoSet/createPatch (pert + 2 contatos) ===
/*---------------------------------------------------------------------------*\
| =========                 |                                                 |
| \\      /  F ield         | OpenFOAM: The Open Source CFD Toolbox           |
|  \\    /   O peration     | Version:  2512                                  |
|   \\  /    A nd           | Website:  www.openfoam.com                      |
|    \\/     M anipulation  |                                                 |
\*---------------------------------------------------------------------------*/
Build  : _bd2b6720-20260127 OPENFOAM=2512 version=2512
Arch   : "LSB;label=32;scalar=64"
Exec   : blockMesh
Date   : Jun 20 2026
Time   : 18:38:14
Host   : 1b831b652044
PID    : 221
I/O    : uncollated
Case   : /simulation/_mi/on-caso-3F2__tangax/solid
nProcs : 1
trapFpe: Floating point exception trapping enabled (FOAM_SIGFPE).
memory pool : not available
fileModificationChecking : Monitoring run-time modified files using timeStampMaster (fileModificationSkew 5, maxFileModificationPolls 20)
allowSystemOperations : Allowing user-supplied system call operations

// * * * * * * * * * * * * * * * * * * * * * * * * * * * * * * * * * * * * * //
Create time

--> FOAM Warning : 
    From void* Foam::dlLibraryTable::openLibrary(const Foam::fileName&, bool)
    in file db/dynamicLibrary/dlLibraryTable/dlLibraryTable.C at line 188
    Could not load "$FOAM_CASE/../src/elasticFoundation/libsolidTractionElasticFoundation.so"
/simulation/_mi/on-caso-3F2__tangax/solid/../src/elasticFoundation/libsolidTractionElasticFoundation.so: cannot open shared object file: No such file or directory
Creating block mesh from "system/blockMeshDict"
Creating block edges
No non-planar block faces defined
Creating topology blocks

Creating topology patches - from boundary section

Creating block mesh topology - scaling/transform applied later

Check topology

	Basic statistics
		Number of internal faces : 162
		Number of boundary faces : 54
		Number of defined boundary faces : 54
		Number of undefined boundary faces : 0
	Checking patch -> block consistency

Creating block offsets
Creating merge list (topological search)...

Creating polyMesh from blockMesh
Creating patches
Creating cells
Creating points with scale (0.001 0.001 0.001)
    Block 0 cell size :
        i : 0.000125 .. 0.000125
        j : 0.000125 .. 0.000125
        k : 0.0015 .. 0.0015

    Block 1 cell size :
        i : 3.6611632e-05 .. 3.6611632e-05
        j : 0.000125 .. 0.000125
        k : 0.0015 .. 0.0015

    Block 2 cell size :
        i : 3.6611632e-05 .. 3.6611632e-05
        j : 0.000125 .. 0.000125
        k : 0.0015 .. 0.0015

    Block 3 cell size :
        i : 3.6611632e-05 .. 3.6611632e-05
        j : 0.000125 .. 0.000125
        k : 0.0015 .. 0.0015

    Block 4 cell size :
        i : 3.6611632e-05 .. 3.6611632e-05
        j : 0.000125 .. 0.000125
        k : 0.0015 .. 0.0015

    Block 5 cell size :
        i : 5.0000935e-05 .. 5.0000935e-05
        j : 0.00019620938 .. 0.00019620938
        k : 0.0015 .. 0.0015

    Block 6 cell size :
        i : 5.0000935e-05 .. 5.0000935e-05
        j : 0.00019620938 .. 0.00019620938
        k : 0.0015 .. 0.0015

    Block 7 cell size :
        i : 5.0000935e-05 .. 5.0000935e-05
        j : 0.00019620938 .. 0.00019620938
        k : 0.0015 .. 0.0015

    Block 8 cell size :
        i : 5.0000935e-05 .. 5.0000935e-05
        j : 0.00019620938 .. 0.00019620938
        k : 0.0015 .. 0.0015

    Block 9 cell size :
        i : 0.00014999998 .. 0.00014999998
        j : 0.00020274973 .. 0.00020274973
        k : 0.0015 .. 0.0015

    Block 10 cell size :
        i : 0.00014999998 .. 0.00014999998
        j : 0.00020274973 .. 0.00020274973
        k : 0.0015 .. 0.0015

    Block 11 cell size :
        i : 0.00014999998 .. 0.00014999998
        j : 0.00020274973 .. 0.00020274973
        k : 0.0015 .. 0.0015

    Block 12 cell size :
        i : 0.00014999998 .. 0.00014999998
        j : 0.00020274973 .. 0.00020274973
        k : 0.0015 .. 0.0015

    Block 13 cell size :
        i : 0.00011666649 .. 0.00011666649
        j : 0.00026161254 .. 0.00026161254
        k : 0.0015 .. 0.0015

    Block 14 cell size :
        i : 0.00011666649 .. 0.00011666649
        j : 0.00026161254 .. 0.00026161254
        k : 0.0015 .. 0.0015

    Block 15 cell size :
        i : 0.00011666649 .. 0.00011666649
        j : 0.00026161254 .. 0.00026161254
        k : 0.0015 .. 0.0015

    Block 16 cell size :
        i : 0.00011666649 .. 0.00011666649
        j : 0.00026161254 .. 0.00026161254
        k : 0.0015 .. 0.0015

    Block 17 cell size :
        i : 7.4999988e-05 .. 7.4999988e-05
        j : 0.00030739471 .. 0.00030739471
        k : 0.0015 .. 0.0015

    Block 18 cell size :
        i : 7.4999988e-05 .. 7.4999988e-05
        j : 0.00030739471 .. 0.00030739471
        k : 0.0015 .. 0.0015

    Block 19 cell size :
        i : 7.4999988e-05 .. 7.4999988e-05
        j : 0.00030739471 .. 0.00030739471
        k : 0.0015 .. 0.0015

    Block 20 cell size :
        i : 7.4999988e-05 .. 7.4999988e-05
        j : 0.00030739471 .. 0.00030739471
        k : 0.0015 .. 0.0015

    Block 21 cell size :
        i : 0.000125 .. 0.000125
        j : 0.000125 .. 0.000125
        k : 0.00015 .. 0.00015

    Block 22 cell size :
        i : 3.6611632e-05 .. 3.6611632e-05
        j : 0.000125 .. 0.000125
        k : 0.00015 .. 0.00015

    Block 23 cell size :
        i : 3.6611632e-05 .. 3.6611632e-05
        j : 0.000125 .. 0.000125
        k : 0.00015 .. 0.00015

    Block 24 cell size :
        i : 3.6611632e-05 .. 3.6611632e-05
        j : 0.000125 .. 0.000125
        k : 0.00015 .. 0.00015

    Block 25 cell size :
        i : 3.6611632e-05 .. 3.6611632e-05
        j : 0.000125 .. 0.000125
        k : 0.00015 .. 0.00015

    Block 26 cell size :
        i : 5.0000935e-05 .. 5.0000935e-05
        j : 0.00019620938 .. 0.00019620938
        k : 0.00015 .. 0.00015

    Block 27 cell size :
        i : 5.0000935e-05 .. 5.0000935e-05
        j : 0.00019620938 .. 0.00019620938
        k : 0.00015 .. 0.00015

    Block 28 cell size :
        i : 5.0000935e-05 .. 5.0000935e-05
        j : 0.00019620938 .. 0.00019620938
        k : 0.00015 .. 0.00015

    Block 29 cell size :
        i : 5.0000935e-05 .. 5.0000935e-05
        j : 0.00019620938 .. 0.00019620938
        k : 0.00015 .. 0.00015

    Block 30 cell size :
        i : 0.00014999998 .. 0.00014999998
        j : 0.00020274973 .. 0.00020274973
        k : 0.00015 .. 0.00015

    Block 31 cell size :
        i : 0.00014999998 .. 0.00014999998
        j : 0.00020274973 .. 0.00020274973
        k : 0.00015 .. 0.00015

    Block 32 cell size :
        i : 0.00014999998 .. 0.00014999998
        j : 0.00020274973 .. 0.00020274973
        k : 0.00015 .. 0.00015

    Block 33 cell size :
        i : 0.00014999998 .. 0.00014999998
        j : 0.00020274973 .. 0.00020274973
        k : 0.00015 .. 0.00015

    Block 34 cell size :
        i : 0.00011666649 .. 0.00011666649
        j : 0.00026161254 .. 0.00026161254
        k : 0.00015 .. 0.00015

    Block 35 cell size :
        i : 0.00011666649 .. 0.00011666649
        j : 0.00026161254 .. 0.00026161254
        k : 0.00015 .. 0.00015

    Block 36 cell size :
        i : 0.00011666649 .. 0.00011666649
        j : 0.00026161254 .. 0.00026161254
        k : 0.00015 .. 0.00015

    Block 37 cell size :
        i : 0.00011666649 .. 0.00011666649
        j : 0.00026161254 .. 0.00026161254
        k : 0.00015 .. 0.00015

    Block 38 cell size :
        i : 7.4999988e-05 .. 7.4999988e-05
        j : 0.00030739471 .. 0.00030739471
        k : 0.00015 .. 0.00015

    Block 39 cell size :
        i : 7.4999988e-05 .. 7.4999988e-05
        j : 0.00030739471 .. 0.00030739471
        k : 0.00015 .. 0.00015

    Block 40 cell size :
        i : 7.4999988e-05 .. 7.4999988e-05
        j : 0.00030739471 .. 0.00030739471
        k : 0.00015 .. 0.00015

    Block 41 cell size :
        i : 7.4999988e-05 .. 7.4999988e-05
        j : 0.00030739471 .. 0.00030739471
        k : 0.00015 .. 0.00015

    Block 42 cell size :
        i : 0.000125 .. 0.000125
        j : 0.000125 .. 0.000125
        k : 0.00025 .. 0.00025

    Block 43 cell size :
        i : 3.6611632e-05 .. 3.6611632e-05
        j : 0.000125 .. 0.000125
        k : 0.00025 .. 0.00025

    Block 44 cell size :
        i : 3.6611632e-05 .. 3.6611632e-05
        j : 0.000125 .. 0.000125
        k : 0.00025 .. 0.00025

    Block 45 cell size :
        i : 3.6611632e-05 .. 3.6611632e-05
        j : 0.000125 .. 0.000125
        k : 0.00025 .. 0.00025

    Block 46 cell size :
        i : 3.6611632e-05 .. 3.6611632e-05
        j : 0.000125 .. 0.000125
        k : 0.00025 .. 0.00025

    Block 47 cell size :
        i : 5.0000935e-05 .. 5.0000935e-05
        j : 0.00019620938 .. 0.00019620938
        k : 0.00025 .. 0.00025

    Block 48 cell size :
        i : 5.0000935e-05 .. 5.0000935e-05
        j : 0.00019620938 .. 0.00019620938
        k : 0.00025 .. 0.00025

    Block 49 cell size :
        i : 5.0000935e-05 .. 5.0000935e-05
        j : 0.00019620938 .. 0.00019620938
        k : 0.00025 .. 0.00025

    Block 50 cell size :
        i : 5.0000935e-05 .. 5.0000935e-05
        j : 0.00019620938 .. 0.00019620938
        k : 0.00025 .. 0.00025

    Block 51 cell size :
        i : 0.00014999998 .. 0.00014999998
        j : 0.00020274973 .. 0.00020274973
        k : 0.00025 .. 0.00025

    Block 52 cell size :
        i : 0.00014999998 .. 0.00014999998
        j : 0.00020274973 .. 0.00020274973
        k : 0.00025 .. 0.00025

    Block 53 cell size :
        i : 0.00014999998 .. 0.00014999998
        j : 0.00020274973 .. 0.00020274973
        k : 0.00025 .. 0.00025

    Block 54 cell size :
        i : 0.00014999998 .. 0.00014999998
        j : 0.00020274973 .. 0.00020274973
        k : 0.00025 .. 0.00025

    Block 55 cell size :
        i : 0.00011666649 .. 0.00011666649
        j : 0.00026161254 .. 0.00026161254
        k : 0.00025 .. 0.00025

    Block 56 cell size :
        i : 0.00011666649 .. 0.00011666649
        j : 0.00026161254 .. 0.00026161254
        k : 0.00025 .. 0.00025

    Block 57 cell size :
        i : 0.00011666649 .. 0.00011666649
        j : 0.00026161254 .. 0.00026161254
        k : 0.00025 .. 0.00025

    Block 58 cell size :
        i : 0.00011666649 .. 0.00011666649
        j : 0.00026161254 .. 0.00026161254
        k : 0.00025 .. 0.00025

    Block 59 cell size :
        i : 7.4999988e-05 .. 7.4999988e-05
        j : 0.00030739471 .. 0.00030739471
        k : 0.00025 .. 0.00025

    Block 60 cell size :
        i : 7.4999988e-05 .. 7.4999988e-05
        j : 0.00030739471 .. 0.00030739471
        k : 0.00025 .. 0.00025

    Block 61 cell size :
        i : 7.4999988e-05 .. 7.4999988e-05
        j : 0.00030739471 .. 0.00030739471
        k : 0.00025 .. 0.00025

    Block 62 cell size :
        i : 7.4999988e-05 .. 7.4999988e-05
        j : 0.00030739471 .. 0.00030739471
        k : 0.00025 .. 0.00025

Adding cell zones
    0	on
    1	pia
    2	sas
    3	dura
    4	lc
    5	sclera_peri
    6	sclera_ring
    7	globo
No patch pairs to merge

Writing polyMesh with 8 cellZones
----------------
Mesh Information
----------------
  boundingBox: (-0.0025 -0.0025 0) (0.0025 0.0025 0.0308)
  nPoints: 29425
  nCells: 27648
  nFaces: 84672
  nInternalFaces: 81216
----------------
Cell Zones
----------------
  zone 0 (size: 14400) name: on
  zone 1 (size: 960) name: pia
  zone 2 (size: 5760) name: sas
  zone 3 (size: 1920) name: dura
  zone 4 (size: 1440) name: lc
  zone 5 (size: 384) name: sclera_peri
  zone 6 (size: 480) name: sclera_ring
  zone 7 (size: 2304) name: globo
----------------
Patches
----------------
  patch 0 (start: 81216 size: 720) name: posterior_on
  patch 1 (start: 81936 size: 48) name: posterior_pia
  patch 2 (start: 81984 size: 288) name: posterior_sas
  patch 3 (start: 82272 size: 96) name: posterior_dura
  patch 4 (start: 82368 size: 960) name: dura_outer
  patch 5 (start: 83328 size: 96) name: sclera_ring_outer
  patch 6 (start: 83424 size: 96) name: globo_outer
  patch 7 (start: 83520 size: 1152) name: anterior_globo

End

/*---------------------------------------------------------------------------*\
| =========                 |                                                 |
| \\      /  F ield         | OpenFOAM: The Open Source CFD Toolbox           |
|  \\    /   O peration     | Version:  2512                                  |
|   \\  /    A nd           | Website:  www.openfoam.com                      |
|    \\/     M anipulation  |                                                 |
\*---------------------------------------------------------------------------*/
Build  : _bd2b6720-20260127 OPENFOAM=2512 version=2512
Arch   : "LSB;label=32;scalar=64"
Exec   : topoSet -dict system/topoSetDict_perturbation
Date   : Jun 20 2026
Time   : 18:38:15
Host   : 1b831b652044
PID    : 223
I/O    : uncollated
Case   : /simulation/_mi/on-caso-3F2__tangax/solid
nProcs : 1
trapFpe: Floating point exception trapping enabled (FOAM_SIGFPE).
memory pool : not available
fileModificationChecking : Monitoring run-time modified files using timeStampMaster (fileModificationSkew 5, maxFileModificationPolls 20)
allowSystemOperations : Allowing user-supplied system call operations

// * * * * * * * * * * * * * * * * * * * * * * * * * * * * * * * * * * * * * //
Create time

--> FOAM Warning : 
    From void* Foam::dlLibraryTable::openLibrary(const Foam::fileName&, bool)
    in file db/dynamicLibrary/dlLibraryTable/dlLibraryTable.C at line 188
    Could not load "$FOAM_CASE/../src/elasticFoundation/libsolidTractionElasticFoundation.so"
/simulation/_mi/on-caso-3F2__tangax/solid/../src/elasticFoundation/libsolidTractionElasticFoundation.so: cannot open shared object file: No such file or directory
Create polyMesh for time = 0

Reading topoSetDict_perturbation

Time = 0
    mesh not changed.
Created faceSet perturbation_strip
--> FOAM IOWarning :
    Found [v1806] 'name' entry instead of 'patch' in dictionary "system/topoSetDict_perturbation/actions/sourceInfo"

    This keyword is 90 months old.

    Applying source patchToFace
    Adding all faces of patches: (dura_outer) ...
    Found matching patch dura_outer with 960 faces
    faceSet perturbation_strip now size 960
Read set faceSet perturbation_strip size:960
    Applying source boxToFace
    Adding faces with centre within boxes 1((0.0024 -0.0005 0.01) (0.00265 0.0005 0.02))
    faceSet perturbation_strip now size 24

End

/*---------------------------------------------------------------------------*\
| =========                 |                                                 |
| \\      /  F ield         | OpenFOAM: The Open Source CFD Toolbox           |
|  \\    /   O peration     | Version:  2512                                  |
|   \\  /    A nd           | Website:  www.openfoam.com                      |
|    \\/     M anipulation  |                                                 |
\*---------------------------------------------------------------------------*/
Build  : _bd2b6720-20260127 OPENFOAM=2512 version=2512
Arch   : "LSB;label=32;scalar=64"
Exec   : createPatch -overwrite -dict system/createPatchDict_perturbation
Date   : Jun 20 2026
Time   : 18:38:15
Host   : 1b831b652044
PID    : 225
I/O    : uncollated
Case   : /simulation/_mi/on-caso-3F2__tangax/solid
nProcs : 1
trapFpe: Floating point exception trapping enabled (FOAM_SIGFPE).
memory pool : not available
fileModificationChecking : Monitoring run-time modified files using timeStampMaster (fileModificationSkew 5, maxFileModificationPolls 20)
allowSystemOperations : Allowing user-supplied system call operations

// * * * * * * * * * * * * * * * * * * * * * * * * * * * * * * * * * * * * * //
Create time

--> FOAM Warning : 
    From void* Foam::dlLibraryTable::openLibrary(const Foam::fileName&, bool)
    in file db/dynamicLibrary/dlLibraryTable/dlLibraryTable.C at line 188
    Could not load "$FOAM_CASE/../src/elasticFoundation/libsolidTractionElasticFoundation.so"
/simulation/_mi/on-caso-3F2__tangax/solid/../src/elasticFoundation/libsolidTractionElasticFoundation.so: cannot open shared object file: No such file or directory
Create mesh for time = 0

Reading "system/createPatchDict_perturbation"



Adding patches to mesh region0

Adding new patch perturbation_strip from 
{
    type            wall;
    nFaces          0;
    startFace       0;
}




Repatching mesh region0

Read 24 faces from faceSet perturbation_strip
Doing topology modification to order faces.

Not synchronising points.

Removing patches with no faces in them.



Writing repatched mesh region0 to 0

End

/*---------------------------------------------------------------------------*\
| =========                 |                                                 |
| \\      /  F ield         | OpenFOAM: The Open Source CFD Toolbox           |
|  \\    /   O peration     | Version:  2512                                  |
|   \\  /    A nd           | Website:  www.openfoam.com                      |
|    \\/     M anipulation  |                                                 |
\*---------------------------------------------------------------------------*/
Build  : _bd2b6720-20260127 OPENFOAM=2512 version=2512
Arch   : "LSB;label=32;scalar=64"
Exec   : topoSet -dict system/topoSetDict_contact
Date   : Jun 20 2026
Time   : 18:38:16
Host   : 1b831b652044
PID    : 227
I/O    : uncollated
Case   : /simulation/_mi/on-caso-3F2__tangax/solid
nProcs : 1
trapFpe: Floating point exception trapping enabled (FOAM_SIGFPE).
memory pool : not available
fileModificationChecking : Monitoring run-time modified files using timeStampMaster (fileModificationSkew 5, maxFileModificationPolls 20)
allowSystemOperations : Allowing user-supplied system call operations

// * * * * * * * * * * * * * * * * * * * * * * * * * * * * * * * * * * * * * //
Create time

--> FOAM Warning : 
    From void* Foam::dlLibraryTable::openLibrary(const Foam::fileName&, bool)
    in file db/dynamicLibrary/dlLibraryTable/dlLibraryTable.C at line 188
    Could not load "$FOAM_CASE/../src/elasticFoundation/libsolidTractionElasticFoundation.so"
/simulation/_mi/on-caso-3F2__tangax/solid/../src/elasticFoundation/libsolidTractionElasticFoundation.so: cannot open shared object file: No such file or directory
Create polyMesh for time = 0

Reading topoSetDict_contact

Time = 0
    mesh not changed.
Created faceSet contact_local
--> FOAM IOWarning :
    Found [v1806] 'name' entry instead of 'patch' in dictionary "system/topoSetDict_contact/actions/sourceInfo"

    This keyword is 90 months old.

    Applying source patchToFace
    Adding all faces of patches: (dura_outer) ...
    Found matching patch dura_outer with 936 faces
    faceSet contact_local now size 936
Read set faceSet contact_local size:936
    Applying source boxToFace
    Adding faces with centre within boxes 1((0.0024 -0.0005 0.021) (0.0026 0.0005 0.024))
    faceSet contact_local now size 8

End

/*---------------------------------------------------------------------------*\
| =========                 |                                                 |
| \\      /  F ield         | OpenFOAM: The Open Source CFD Toolbox           |
|  \\    /   O peration     | Version:  2512                                  |
|   \\  /    A nd           | Website:  www.openfoam.com                      |
|    \\/     M anipulation  |                                                 |
\*---------------------------------------------------------------------------*/
Build  : _bd2b6720-20260127 OPENFOAM=2512 version=2512
Arch   : "LSB;label=32;scalar=64"
Exec   : createPatch -overwrite -dict system/createPatchDict_contact
Date   : Jun 20 2026
Time   : 18:38:16
Host   : 1b831b652044
PID    : 229
I/O    : uncollated
Case   : /simulation/_mi/on-caso-3F2__tangax/solid
nProcs : 1
trapFpe: Floating point exception trapping enabled (FOAM_SIGFPE).
memory pool : not available
fileModificationChecking : Monitoring run-time modified files using timeStampMaster (fileModificationSkew 5, maxFileModificationPolls 20)
allowSystemOperations : Allowing user-supplied system call operations

// * * * * * * * * * * * * * * * * * * * * * * * * * * * * * * * * * * * * * //
Create time

--> FOAM Warning : 
    From void* Foam::dlLibraryTable::openLibrary(const Foam::fileName&, bool)
    in file db/dynamicLibrary/dlLibraryTable/dlLibraryTable.C at line 188
    Could not load "$FOAM_CASE/../src/elasticFoundation/libsolidTractionElasticFoundation.so"
/simulation/_mi/on-caso-3F2__tangax/solid/../src/elasticFoundation/libsolidTractionElasticFoundation.so: cannot open shared object file: No such file or directory
Create mesh for time = 0

Reading "system/createPatchDict_contact"



Adding patches to mesh region0

Adding new patch contact_local from 
{
    type            wall;
    nFaces          0;
    startFace       0;
}




Repatching mesh region0

Read 8 faces from faceSet contact_local
Doing topology modification to order faces.

Not synchronising points.

Removing patches with no faces in them.



Writing repatched mesh region0 to 0

End

/*---------------------------------------------------------------------------*\
| =========                 |                                                 |
| \\      /  F ield         | OpenFOAM: The Open Source CFD Toolbox           |
|  \\    /   O peration     | Version:  2512                                  |
|   \\  /    A nd           | Website:  www.openfoam.com                      |
|    \\/     M anipulation  |                                                 |
\*---------------------------------------------------------------------------*/
Build  : _bd2b6720-20260127 OPENFOAM=2512 version=2512
Arch   : "LSB;label=32;scalar=64"
Exec   : topoSet -dict system/topoSetDict_contact2
Date   : Jun 20 2026
Time   : 18:38:17
Host   : 1b831b652044
PID    : 231
I/O    : uncollated
Case   : /simulation/_mi/on-caso-3F2__tangax/solid
nProcs : 1
trapFpe: Floating point exception trapping enabled (FOAM_SIGFPE).
memory pool : not available
fileModificationChecking : Monitoring run-time modified files using timeStampMaster (fileModificationSkew 5, maxFileModificationPolls 20)
allowSystemOperations : Allowing user-supplied system call operations

// * * * * * * * * * * * * * * * * * * * * * * * * * * * * * * * * * * * * * //
Create time

--> FOAM Warning : 
    From void* Foam::dlLibraryTable::openLibrary(const Foam::fileName&, bool)
    in file db/dynamicLibrary/dlLibraryTable/dlLibraryTable.C at line 188
    Could not load "$FOAM_CASE/../src/elasticFoundation/libsolidTractionElasticFoundation.so"
/simulation/_mi/on-caso-3F2__tangax/solid/../src/elasticFoundation/libsolidTractionElasticFoundation.so: cannot open shared object file: No such file or directory
Create polyMesh for time = 0

Reading topoSetDict_contact2

Time = 0
    mesh not changed.
Created faceSet contact_local2
--> FOAM IOWarning :
    Found [v1806] 'name' entry instead of 'patch' in dictionary "system/topoSetDict_contact2/actions/sourceInfo"

    This keyword is 90 months old.

    Applying source patchToFace
    Adding all faces of patches: (dura_outer) ...
    Found matching patch dura_outer with 928 faces
    faceSet contact_local2 now size 928
Read set faceSet contact_local2 size:928
    Applying source boxToFace
    Adding faces with centre within boxes 1((-0.0026 -0.0005 0.006) (-0.0024 0.0005 0.009))
    faceSet contact_local2 now size 8

End

/*---------------------------------------------------------------------------*\
| =========                 |                                                 |
| \\      /  F ield         | OpenFOAM: The Open Source CFD Toolbox           |
|  \\    /   O peration     | Version:  2512                                  |
|   \\  /    A nd           | Website:  www.openfoam.com                      |
|    \\/     M anipulation  |                                                 |
\*---------------------------------------------------------------------------*/
Build  : _bd2b6720-20260127 OPENFOAM=2512 version=2512
Arch   : "LSB;label=32;scalar=64"
Exec   : createPatch -overwrite -dict system/createPatchDict_contact2
Date   : Jun 20 2026
Time   : 18:38:17
Host   : 1b831b652044
PID    : 233
I/O    : uncollated
Case   : /simulation/_mi/on-caso-3F2__tangax/solid
nProcs : 1
trapFpe: Floating point exception trapping enabled (FOAM_SIGFPE).
memory pool : not available
fileModificationChecking : Monitoring run-time modified files using timeStampMaster (fileModificationSkew 5, maxFileModificationPolls 20)
allowSystemOperations : Allowing user-supplied system call operations

// * * * * * * * * * * * * * * * * * * * * * * * * * * * * * * * * * * * * * //
Create time

--> FOAM Warning : 
    From void* Foam::dlLibraryTable::openLibrary(const Foam::fileName&, bool)
    in file db/dynamicLibrary/dlLibraryTable/dlLibraryTable.C at line 188
    Could not load "$FOAM_CASE/../src/elasticFoundation/libsolidTractionElasticFoundation.so"
/simulation/_mi/on-caso-3F2__tangax/solid/../src/elasticFoundation/libsolidTractionElasticFoundation.so: cannot open shared object file: No such file or directory
Create mesh for time = 0

Reading "system/createPatchDict_contact2"



Adding patches to mesh region0

Adding new patch contact_local2 from 
{
    type            wall;
    nFaces          0;
    startFace       0;
}




Repatching mesh region0

Read 8 faces from faceSet contact_local2
Doing topology modification to order faces.

Not synchronising points.

Removing patches with no faces in them.



Writing repatched mesh region0 to 0

End

=== on-caso-3F2 (CCX): polyMesh -> CalculiX .inp  [k_winkler=200000 Pa/m] ===
[1/5] Lendo polyMesh em ../solid/constant/polyMesh
      nodes=29425, faces=84672, cells=27648, patches=11, zones=['on', 'pia', 'sas', 'dura', 'lc', 'sclera_peri', 'sclera_ring', 'globo']
[2/5] Reconstruindo conectividade C3D8 (27648 celulas)
      OK
[3/5] Escrevendo malha em on-caso-3F2_mesh.inp
      DURA_INNER_SURF: 960 faces (interface dura<->sas)
[4/5] Escrevendo Winkler em on-caso-3F2_winkler.inp
[5/5] Concluido. Total: 29425 nodes, 27648 hex C3D8I.
=== Conferindo que CONTACT_LOCAL2_SURF foi emitida ===
61028:*SURFACE, NAME=CONTACT_LOCAL_SURF, TYPE=ELEMENT
61037:*SURFACE, NAME=CONTACT_LOCAL2_SURF, TYPE=ELEMENT
312:CONTACT_LOCAL_SURF, P, 9034
321:CONTACT_LOCAL2_SURF, P, 9034
=== on-caso-3F2 (CCX): ccx_preCICE -i on-caso-3F2  [tag=<none>] ===

************************************************************

CalculiX Version 2.20, Copyright(C) 1998-2022 Guido Dhondt
CalculiX comes with ABSOLUTELY NO WARRANTY. This is free
software, and you are welcome to redistribute it under
certain conditions, see gpl.htm

************************************************************

You are using an executable made on Sun Jul 31 18:08:37 CEST 2022

  The numbers below are estimated upper bounds

  number of:

   nodes:       113336
   elements:        28615
   one-dimensional elements:            0
   two-dimensional elements:            0
   integration points per element:            8
   degrees of freedom per node:            3
   layers per element:            1

   distributed facial loads:          976
   distributed volumetric loads:            0
   concentrated loads:         1177
   single point constraints:        10395
   multiple point constraints:            1
   terms in all multiple point constraints:            1
   tie constraints:            0
   dependent nodes tied by cyclic constraints:            0
   dependent nodes in pre-tension constraints:            0

   sets:         1000
   terms in all sets:        96686

   materials:          975
   constants per material and temperature:            9
   temperature points per material:            1
   plastic data points per material:            0

   orientations:            1
   amplitudes:            9
   data points in all amplitudes:           12
   print requests:            8
   transformations:            0
   property cards:            0

 *INFO reading *HYPERELASTIC: nonlinear geometric
       effects are turned on

 *INFO reading *HYPERELASTIC: nonlinear geometric
       effects are turned on

 *INFO reading *HYPERELASTIC: nonlinear geometric
       effects are turned on

 *INFO reading *HYPERELASTIC: nonlinear geometric
       effects are turned on

 *INFO reading *HYPERELASTIC: nonlinear geometric
       effects are turned on

 *INFO reading *HYPERELASTIC: nonlinear geometric
       effects are turned on

 *INFO reading *HYPERELASTIC: nonlinear geometric
       effects are turned on

 *INFO reading *STEP: nonlinear geometric
       effects are turned on

 *WARNING reading *STATIC: parameter not recognized:
          RIKS
 *WARNING reading *STATIC. Card image:
          *STATIC,RIKS


 STEP            1

 Static analysis was selected

 Nonlinear material laws are taken into account

 Newton-Raphson iterative procedure is active

 Nonlinear geometric effects are taken into account

 Decascading the MPC's

 Determining the structure of the matrix:
 Using up to 1 cpu(s) for setting up the structure of the matrix.
 number of equations
 330045
 number of nonzero lower triangular matrix elements
 9825819

 increment 1 attempt 1 
 increment size= 2.500000e-02
 sum of previous increments=0.000000e+00
 actual step time=2.500000e-02
 actual total time=2.500000e-02

 iteration 1

 Using up to 1 cpu(s) for the stress calculation.

 Using up to 1 cpu(s) for the symmetric stiffness/mass contributions.

 Factoring the system of equations using the symmetric spooles solver
 Using up to 1 cpu(s) for spooles.

 Using up to 1 cpu(s) for the stress calculation.

 average force= 0.000001
 time avg. forc= 0.000001
 largest residual force= 0.000124 in node 23111 and dof 1
 largest increment of disp= 2.500149e-05
 largest correction to disp= 2.500149e-05 in node 28884 and dof 3

 no convergence

 iteration 2

 Using up to 1 cpu(s) for the symmetric stiffness/mass contributions.

 Factoring the system of equations using the symmetric spooles solver
 Using up to 1 cpu(s) for spooles.

 Using up to 1 cpu(s) for the stress calculation.

 average force= 0.000001
 time avg. forc= 0.000001
 largest residual force= 0.000000 in node 16368 and dof 1
 largest increment of disp= 2.500149e-05
 largest correction to disp= 5.338553e-07 in node 24050 and dof 3

 convergence

 increment 2 attempt 1 
 increment size= 2.500000e-02
 sum of previous increments=2.500000e-02
 actual step time=5.000000e-02
 actual total time=5.000000e-02

 iteration 1

 Using up to 1 cpu(s) for the stress calculation.

 Using up to 1 cpu(s) for the symmetric stiffness/mass contributions.

 Factoring the system of equations using the symmetric spooles solver
 Using up to 1 cpu(s) for spooles.

 Using up to 1 cpu(s) for the stress calculation.

 average force= 0.000002
 time avg. forc= 0.000002
 largest residual force= 0.000003 in node 16344 and dof 1
 largest increment of disp= 2.500173e-05
 largest correction to disp= 3.041400e-07 in node 75552 and dof 1

 no convergence

 iteration 2

 Using up to 1 cpu(s) for the symmetric stiffness/mass contributions.

 Factoring the system of equations using the symmetric spooles solver
 Using up to 1 cpu(s) for spooles.

 Using up to 1 cpu(s) for the stress calculation.

 average force= 0.000002
 time avg. forc= 0.000002
 largest residual force= 0.000000 in node 16380 and dof 1
 largest increment of disp= 2.500173e-05
 largest correction to disp= 1.027228e-09 in node 75663 and dof 1

 convergence; the increment size is increased to 3.750000e-02

 increment 3 attempt 1 
 increment size= 3.750000e-02
 sum of previous increments=5.000000e-02
 actual step time=8.750000e-02
 actual total time=8.750000e-02

 iteration 1

 Using up to 1 cpu(s) for the stress calculation.

 Using up to 1 cpu(s) for the symmetric stiffness/mass contributions.

 Factoring the system of equations using the symmetric spooles solver
 Using up to 1 cpu(s) for spooles.

 Using up to 1 cpu(s) for the stress calculation.

 average force= 0.000004
 time avg. forc= 0.000003
 largest residual force= 0.000381 in node 16308 and dof 1
 largest increment of disp= 3.750265e-05
 largest correction to disp= 3.241676e-06 in node 75447 and dof 1

 no convergence

 iteration 2

 Using up to 1 cpu(s) for the symmetric stiffness/mass contributions.

 Factoring the system of equations using the symmetric spooles solver
 Using up to 1 cpu(s) for spooles.

 Using up to 1 cpu(s) for the stress calculation.

 average force= 0.000004
 time avg. forc= 0.000002
 largest residual force= 0.000000 in node 16356 and dof 1
 largest increment of disp= 3.750265e-05
 largest correction to disp= 7.556038e-08 in node 75591 and dof 1

 convergence; the increment size is increased to 5.625000e-02

 the increment size exceeds the maximum allowed and is decreased to 5.000000e-02

 increment 4 attempt 1 
 increment size= 5.000000e-02
 sum of previous increments=8.750000e-02
 actual step time=1.375000e-01
 actual total time=1.375000e-01

 iteration 1

 Using up to 1 cpu(s) for the stress calculation.

 Using up to 1 cpu(s) for the symmetric stiffness/mass contributions.

 Factoring the system of equations using the symmetric spooles solver
 Using up to 1 cpu(s) for spooles.

 Using up to 1 cpu(s) for the stress calculation.

 average force= 0.000242
 time avg. forc= 0.000062
 largest residual force= 0.579369 in node 15795 and dof 1
 largest increment of disp= 1.260455e-04
 largest correction to disp= 1.260455e-04 in node 74004 and dof 1

 no convergence

 iteration 2

 Using up to 1 cpu(s) for the symmetric stiffness/mass contributions.

 Factoring the system of equations using the symmetric spooles solver
 Using up to 1 cpu(s) for spooles.

 Using up to 1 cpu(s) for the stress calculation.

 average force= 0.000015
 time avg. forc= 0.000006
 largest residual force= 0.103238 in node 15795 and dof 1
 largest increment of disp= 1.260455e-04
 largest correction to disp= 3.506529e-05 in node 86671 and dof 1

 no convergence

 iteration 3

 Using up to 1 cpu(s) for the symmetric stiffness/mass contributions.

 Factoring the system of equations using the symmetric spooles solver
 Using up to 1 cpu(s) for spooles.

 Using up to 1 cpu(s) for the stress calculation.

 average force= 0.001038
 time avg. forc= 0.000261
 largest residual force= 28.201632 in node 15807 and dof 2
 largest increment of disp= 4.815501e-04
 largest correction to disp= 4.815501e-04 in node 15808 and dof 1

 no convergence

 iteration 4

 Using up to 1 cpu(s) for the symmetric stiffness/mass contributions.

 Factoring the system of equations using the symmetric spooles solver
 Using up to 1 cpu(s) for spooles.

 Using up to 1 cpu(s) for the stress calculation.

 average force= 32.105322
 time avg. forc= 8.026332
 largest residual force= 1684124.777729 in node 5347 and dof 1
 largest increment of disp= 2.344034e-02
 largest correction to disp= 2.344034e-02 in node 43600 and dof 1

 divergence; the increment size is decreased to 1.250000e-02
 the increment is reattempted

 increment 4 attempt 2 
 increment size= 1.250000e-02
 sum of previous increments=8.750000e-02
 actual step time=1.000000e-01
 actual total time=1.000000e-01

 iteration 1

 Using up to 1 cpu(s) for the stress calculation.

 Using up to 1 cpu(s) for the symmetric stiffness/mass contributions.

 Factoring the system of equations using the symmetric spooles solver
 Using up to 1 cpu(s) for spooles.

 Using up to 1 cpu(s) for the stress calculation.

 average force= 0.000008
 time avg. forc= 0.000004
 largest residual force= 0.003583 in node 15808 and dof 1
 largest increment of disp= 1.250364e-05
 largest correction to disp= 9.913858e-06 in node 74040 and dof 1

 no convergence

 iteration 2

 Using up to 1 cpu(s) for the symmetric stiffness/mass contributions.

 Factoring the system of equations using the symmetric spooles solver
 Using up to 1 cpu(s) for spooles.

 Using up to 1 cpu(s) for the stress calculation.

 average force= 0.000005
 time avg. forc= 0.000003
 largest residual force= 0.000026 in node 16320 and dof 1
 largest increment of disp= 1.250364e-05
 largest correction to disp= 8.463291e-07 in node 75447 and dof 1

 no convergence

 iteration 3

 Using up to 1 cpu(s) for the symmetric stiffness/mass contributions.

 Factoring the system of equations using the symmetric spooles solver
 Using up to 1 cpu(s) for spooles.

 Using up to 1 cpu(s) for the stress calculation.

 average force= 0.000005
 time avg. forc= 0.000003
 largest residual force= 0.000214 in node 16296 and dof 1
 largest increment of disp= 1.250364e-05
 largest correction to disp= 2.421592e-06 in node 75408 and dof 1

 no convergence

 iteration 4

 Using up to 1 cpu(s) for the symmetric stiffness/mass contributions.

 Factoring the system of equations using the symmetric spooles solver
 Using up to 1 cpu(s) for spooles.

 Using up to 1 cpu(s) for the stress calculation.

 average force= 0.000005
 time avg. forc= 0.000003
 largest residual force= 0.000000 in node 16058 and dof 2
 largest increment of disp= 1.250364e-05
 largest correction to disp= 1.165291e-07 in node 74730 and dof 2

 convergence

 increment 5 attempt 1 
 increment size= 1.250000e-02
 sum of previous increments=1.000000e-01
 actual step time=1.125000e-01
 actual total time=1.125000e-01

 iteration 1

 Using up to 1 cpu(s) for the stress calculation.

 Using up to 1 cpu(s) for the symmetric stiffness/mass contributions.

 Factoring the system of equations using the symmetric spooles solver
 Using up to 1 cpu(s) for spooles.

 Using up to 1 cpu(s) for the stress calculation.

 average force= 0.000006
 time avg. forc= 0.000004
 largest residual force= 0.000002 in node 16248 and dof 1
 largest increment of disp= 1.260043e-05
 largest correction to disp= 2.990851e-06 in node 44419 and dof 1

 no convergence

 iteration 2

 Using up to 1 cpu(s) for the symmetric stiffness/mass contributions.

 Factoring the system of equations using the symmetric spooles solver
 Using up to 1 cpu(s) for spooles.

 Using up to 1 cpu(s) for the stress calculation.

 average force= 0.000006
 time avg. forc= 0.000004
 largest residual force= 0.000059 in node 15795 and dof 1
 largest increment of disp= 1.260043e-05
 largest correction to disp= 2.583339e-06 in node 44461 and dof 1

 no convergence

 iteration 3

 Using up to 1 cpu(s) for the symmetric stiffness/mass contributions.

 Factoring the system of equations using the symmetric spooles solver
 Using up to 1 cpu(s) for spooles.

 Using up to 1 cpu(s) for the stress calculation.

 average force= 0.000006
 time avg. forc= 0.000004
 largest residual force= 0.000000 in node 15808 and dof 1
 largest increment of disp= 1.260043e-05
 largest correction to disp= 3.121585e-07 in node 43984 and dof 1

 convergence; the increment size is increased to 1.875000e-02

 Using up to 1 cpu(s) for the stress calculation.

 increment 6 attempt 1 
 increment size= 1.875000e-02
 sum of previous increments=1.125000e-01
 actual step time=1.312500e-01
 actual total time=1.312500e-01

 iteration 1

 Using up to 1 cpu(s) for the stress calculation.

 Using up to 1 cpu(s) for the symmetric stiffness/mass contributions.

 Factoring the system of equations using the symmetric spooles solver
 Using up to 1 cpu(s) for spooles.

 Using up to 1 cpu(s) for the stress calculation.

 average force= 0.000008
 time avg. forc= 0.000004
 largest residual force= 0.000022 in node 15821 and dof 1
 largest increment of disp= 3.819395e-05
 largest correction to disp= 3.819395e-05 in node 90028 and dof 1

 no convergence

 iteration 2

 Using up to 1 cpu(s) for the symmetric stiffness/mass contributions.

 Factoring the system of equations using the symmetric spooles solver
 Using up to 1 cpu(s) for spooles.

 Using up to 1 cpu(s) for the stress calculation.

 average force= 0.000008
 time avg. forc= 0.000004
 largest residual force= 0.000563 in node 15808 and dof 1
 largest increment of disp= 3.819395e-05
 largest correction to disp= 2.553067e-05 in node 86680 and dof 1

 no convergence

 iteration 3

 Using up to 1 cpu(s) for the symmetric stiffness/mass contributions.

 Factoring the system of equations using the symmetric spooles solver
 Using up to 1 cpu(s) for spooles.

 Using up to 1 cpu(s) for the stress calculation.

 average force= 0.000008
 time avg. forc= 0.000004
 largest residual force= 0.000016 in node 20282 and dof 1
 largest increment of disp= 1.131946e-04
 largest correction to disp= 1.131946e-04 in node 86671 and dof 1

 no convergence

 iteration 4

 Using up to 1 cpu(s) for the symmetric stiffness/mass contributions.

 Factoring the system of equations using the symmetric spooles solver
 Using up to 1 cpu(s) for spooles.

 Using up to 1 cpu(s) for the stress calculation.

 average force= 0.000008
 time avg. forc= 0.000004
 largest residual force= 0.000016 in node 21449 and dof 1
 largest increment of disp= 1.132884e-04
 largest correction to disp= 1.132884e-04 in node 90028 and dof 1

 no convergence

 iteration 5

 Using up to 1 cpu(s) for the symmetric stiffness/mass contributions.

 Factoring the system of equations using the symmetric spooles solver
 Using up to 1 cpu(s) for spooles.

 Using up to 1 cpu(s) for the stress calculation.

 average force= 0.000008
 time avg. forc= 0.000004
 largest residual force= 0.000000 in node 21448 and dof 3
 largest increment of disp= 1.132884e-04
 largest correction to disp= 2.999807e-05 in node 90028 and dof 1

 convergence

 increment 7 attempt 1 
 increment size= 1.875000e-02
 sum of previous increments=1.312500e-01
 actual step time=1.500000e-01
 actual total time=1.500000e-01

 iteration 1

 Using up to 1 cpu(s) for the stress calculation.

 Using up to 1 cpu(s) for the symmetric stiffness/mass contributions.

 Factoring the system of equations using the symmetric spooles solver
 Using up to 1 cpu(s) for spooles.

 Using up to 1 cpu(s) for the stress calculation.

 average force= 0.000009
 time avg. forc= 0.000005
 largest residual force= 0.000015 in node 15821 and dof 1
 largest increment of disp= 8.209200e-05
 largest correction to disp= 4.119548e-05 in node 90019 and dof 1

 no convergence

 iteration 2

 Using up to 1 cpu(s) for the symmetric stiffness/mass contributions.

 Factoring the system of equations using the symmetric spooles solver
 Using up to 1 cpu(s) for spooles.

 Using up to 1 cpu(s) for the stress calculation.

 average force= 0.000009
 time avg. forc= 0.000005
 largest residual force= 0.000216 in node 15808 and dof 1
 largest increment of disp= 8.209200e-05
 largest correction to disp= 2.651089e-05 in node 90019 and dof 1

 no convergence

 iteration 3

 Using up to 1 cpu(s) for the symmetric stiffness/mass contributions.

 Factoring the system of equations using the symmetric spooles solver
 Using up to 1 cpu(s) for spooles.

 Using up to 1 cpu(s) for the stress calculation.

 average force= 0.000009
 time avg. forc= 0.000005
 largest residual force= 0.000001 in node 15808 and dof 1
 largest increment of disp= 8.209200e-05
 largest correction to disp= 1.128613e-05 in node 90031 and dof 1

 no convergence

 iteration 4

 Using up to 1 cpu(s) for the symmetric stiffness/mass contributions.

 Factoring the system of equations using the symmetric spooles solver
 Using up to 1 cpu(s) for spooles.

 Using up to 1 cpu(s) for the stress calculation.

 average force= 0.000009
 time avg. forc= 0.000005
 largest residual force= 0.000000 in node 15782 and dof 1
 largest increment of disp= 8.209200e-05
 largest correction to disp= 2.533818e-06 in node 90022 and dof 1

 convergence

 increment 8 attempt 1 
 increment size= 1.875000e-02
 sum of previous increments=1.500000e-01
 actual step time=1.687500e-01
 actual total time=1.687500e-01

 iteration 1

 Using up to 1 cpu(s) for the stress calculation.

 Using up to 1 cpu(s) for the symmetric stiffness/mass contributions.

 Factoring the system of equations using the symmetric spooles solver
 Using up to 1 cpu(s) for spooles.

 Using up to 1 cpu(s) for the stress calculation.

 average force= 0.000011
 time avg. forc= 0.000006
 largest residual force= 0.000010 in node 15821 and dof 1
 largest increment of disp= 6.298998e-05
 largest correction to disp= 6.298998e-05 in node 90022 and dof 1

 no convergence

 iteration 2

 Using up to 1 cpu(s) for the symmetric stiffness/mass contributions.

 Factoring the system of equations using the symmetric spooles solver
 Using up to 1 cpu(s) for spooles.

 Using up to 1 cpu(s) for the stress calculation.

 average force= 0.000011
 time avg. forc= 0.000006
 largest residual force= 0.000061 in node 15808 and dof 1
 largest increment of disp= 6.298998e-05
 largest correction to disp= 2.296422e-05 in node 90022 and dof 1

 no convergence

 iteration 3

 Using up to 1 cpu(s) for the symmetric stiffness/mass contributions.

 Factoring the system of equations using the symmetric spooles solver
 Using up to 1 cpu(s) for spooles.

 Using up to 1 cpu(s) for the stress calculation.

 average force= 0.000011
 time avg. forc= 0.000006
 largest residual force= 0.000000 in node 21449 and dof 1
 largest increment of disp= 6.298998e-05
 largest correction to disp= 8.496490e-06 in node 90022 and dof 1

 convergence; the increment size is increased to 2.812500e-02

 increment 9 attempt 1 
 increment size= 2.812500e-02
 sum of previous increments=1.687500e-01
 actual step time=1.968750e-01
 actual total time=1.968750e-01

 iteration 1

 Using up to 1 cpu(s) for the stress calculation.

 Using up to 1 cpu(s) for the symmetric stiffness/mass contributions.

 Factoring the system of equations using the symmetric spooles solver
 Using up to 1 cpu(s) for spooles.

 Using up to 1 cpu(s) for the stress calculation.

 average force= 0.001771
 time avg. forc= 0.000202
 largest residual force= 0.997881 in node 23105 and dof 1
 largest increment of disp= 4.822091e-04
 largest correction to disp= 4.822091e-04 in node 94794 and dof 1

 no convergence

 iteration 2

 Using up to 1 cpu(s) for the symmetric stiffness/mass contributions.

 Factoring the system of equations using the symmetric spooles solver
 Using up to 1 cpu(s) for spooles.

 Using up to 1 cpu(s) for the stress calculation.

 average force= 0.000739
 time avg. forc= 0.000087
 largest residual force= 1.985579 in node 106056 and dof 3
 largest increment of disp= 4.822091e-04
 largest correction to disp= 3.990884e-04 in node 22922 and dof 3

 no convergence

 iteration 3

 Using up to 1 cpu(s) for the symmetric stiffness/mass contributions.

 Factoring the system of equations using the symmetric spooles solver
 Using up to 1 cpu(s) for spooles.

 Using up to 1 cpu(s) for the stress calculation.

 average force= 60196.854751
 time avg. forc= 6688.539422
 largest residual force= 2186768776.712136 in node 106087 and dof 1
 largest increment of disp= 1.019306e-02
 largest correction to disp= 1.019306e-02 in node 106077 and dof 3

 no convergence

 iteration 4

 Using up to 1 cpu(s) for the symmetric stiffness/mass contributions.

 Factoring the system of equations using the symmetric spooles solver
 Using up to 1 cpu(s) for spooles.

 Using up to 1 cpu(s) for the stress calculation.

 average force= 118141182638637.453125
 time avg. forc= 13126798070959.716797
 largest residual force= 11096323102173564928.000000 in node 47561 and dof 1
 largest increment of disp= 1.246204e+01
 largest correction to disp= 1.246204e+01 in node 47560 and dof 2

 divergence; the increment size is decreased to 7.031250e-03
 the increment is reattempted

 increment 9 attempt 2 
 increment size= 7.031250e-03
 sum of previous increments=1.687500e-01
 actual step time=1.757812e-01
 actual total time=1.757812e-01

 iteration 1

 Using up to 1 cpu(s) for the stress calculation.

 Using up to 1 cpu(s) for the symmetric stiffness/mass contributions.

 Factoring the system of equations using the symmetric spooles solver
 Using up to 1 cpu(s) for spooles.

 Using up to 1 cpu(s) for the stress calculation.

 average force= 0.000011
 time avg. forc= 0.000006
 largest residual force= 0.000002 in node 15808 and dof 1
 largest increment of disp= 1.272792e-05
 largest correction to disp= 3.145418e-06 in node 90019 and dof 1

 no convergence

 iteration 2

 Using up to 1 cpu(s) for the symmetric stiffness/mass contributions.

 Factoring the system of equations using the symmetric spooles solver
 Using up to 1 cpu(s) for spooles.

 Using up to 1 cpu(s) for the stress calculation.

 average force= 0.000011
 time avg. forc= 0.000006
 largest residual force= 0.000000 in node 15795 and dof 1
 largest increment of disp= 1.272792e-05
 largest correction to disp= 1.708526e-07 in node 60679 and dof 1

 convergence

 increment 10 attempt 1 
 increment size= 7.031250e-03
 sum of previous increments=1.757812e-01
 actual step time=1.828125e-01
 actual total time=1.828125e-01

 iteration 1

 Using up to 1 cpu(s) for the stress calculation.

 Using up to 1 cpu(s) for the symmetric stiffness/mass contributions.

 Factoring the system of equations using the symmetric spooles solver
 Using up to 1 cpu(s) for spooles.

 Using up to 1 cpu(s) for the stress calculation.

 average force= 0.000012
 time avg. forc= 0.000007
 largest residual force= 0.000005 in node 23105 and dof 1
 largest increment of disp= 1.019591e-05
 largest correction to disp= 1.118668e-06 in node 94866 and dof 1

 no convergence

 iteration 2

 Using up to 1 cpu(s) for the symmetric stiffness/mass contributions.

 Factoring the system of equations using the symmetric spooles solver
 Using up to 1 cpu(s) for spooles.

 Using up to 1 cpu(s) for the stress calculation.

 average force= 0.000012
 time avg. forc= 0.000007
 largest residual force= 0.000000 in node 16284 and dof 1
 largest increment of disp= 1.019591e-05
 largest correction to disp= 3.227596e-08 in node 61039 and dof 1

 convergence; the increment size is increased to 1.054688e-02

 Using up to 1 cpu(s) for the stress calculation.

 increment 11 attempt 1 
 increment size= 1.054688e-02
 sum of previous increments=1.828125e-01
 actual step time=1.933594e-01
 actual total time=1.933594e-01

 iteration 1

 Using up to 1 cpu(s) for the stress calculation.

 Using up to 1 cpu(s) for the symmetric stiffness/mass contributions.

 Factoring the system of equations using the symmetric spooles solver
 Using up to 1 cpu(s) for spooles.

 Using up to 1 cpu(s) for the stress calculation.

 average force= 0.000014
 time avg. forc= 0.000007
 largest residual force= 0.000415 in node 23105 and dof 1
 largest increment of disp= 1.472729e-05
 largest correction to disp= 9.860971e-06 in node 94794 and dof 1

 no convergence

 iteration 2

 Using up to 1 cpu(s) for the symmetric stiffness/mass contributions.

 Factoring the system of equations using the symmetric spooles solver
 Using up to 1 cpu(s) for spooles.

 Using up to 1 cpu(s) for the stress calculation.

 average force= 0.000013
 time avg. forc= 0.000007
 largest residual force= 0.000012 in node 23105 and dof 1
 largest increment of disp= 1.472729e-05
 largest correction to disp= 1.652511e-06 in node 94800 and dof 1

 no convergence

 iteration 3

 Using up to 1 cpu(s) for the symmetric stiffness/mass contributions.

 Factoring the system of equations using the symmetric spooles solver
 Using up to 1 cpu(s) for spooles.

 Using up to 1 cpu(s) for the stress calculation.

 average force= 0.000013
 time avg. forc= 0.000007
 largest residual force= 0.000004 in node 23079 and dof 1
 largest increment of disp= 1.472729e-05
 largest correction to disp= 9.423023e-07 in node 94794 and dof 1

 no convergence

 iteration 4

 Using up to 1 cpu(s) for the symmetric stiffness/mass contributions.

 Factoring the system of equations using the symmetric spooles solver
 Using up to 1 cpu(s) for spooles.

 Using up to 1 cpu(s) for the stress calculation.

 average force= 0.000013
 time avg. forc= 0.000007
 largest residual force= 0.000000 in node 23079 and dof 1
 largest increment of disp= 1.472729e-05
 largest correction to disp= 5.849594e-08 in node 94800 and dof 1

 convergence; the increment size is increased to 1.582031e-02

 increment 12 attempt 1 
 increment size= 1.582031e-02
 sum of previous increments=1.933594e-01
 actual step time=2.091797e-01
 actual total time=2.091797e-01

 iteration 1

 Using up to 1 cpu(s) for the stress calculation.

 Using up to 1 cpu(s) for the symmetric stiffness/mass contributions.

 Factoring the system of equations using the symmetric spooles solver
 Using up to 1 cpu(s) for spooles.

 Using up to 1 cpu(s) for the stress calculation.

 average force= 0.000017
 time avg. forc= 0.000008
 largest residual force= 0.000100 in node 24099 and dof 1
 largest increment of disp= 2.154383e-05
 largest correction to disp= 4.826600e-06 in node 97608 and dof 1

 no convergence

 iteration 2

 Using up to 1 cpu(s) for the symmetric stiffness/mass contributions.

 Factoring the system of equations using the symmetric spooles solver
 Using up to 1 cpu(s) for spooles.

 Using up to 1 cpu(s) for the stress calculation.

 average force= 0.000017
 time avg. forc= 0.000008
 largest residual force= 0.000013 in node 23079 and dof 1
 largest increment of disp= 2.154383e-05
 largest correction to disp= 1.710896e-06 in node 94794 and dof 1

 no convergence

 iteration 3

 Using up to 1 cpu(s) for the symmetric stiffness/mass contributions.

 Factoring the system of equations using the symmetric spooles solver
 Using up to 1 cpu(s) for spooles.

 Using up to 1 cpu(s) for the stress calculation.

 average force= 0.000017
 time avg. forc= 0.000008
 largest residual force= 0.000000 in node 23105 and dof 1
 largest increment of disp= 2.154383e-05
 largest correction to disp= 9.679177e-08 in node 94794 and dof 1

 convergence; the increment size is increased to 2.373047e-02

 increment 13 attempt 1 
 increment size= 2.373047e-02
 sum of previous increments=2.091797e-01
 actual step time=2.329102e-01
 actual total time=2.329102e-01

 iteration 1

 Using up to 1 cpu(s) for the stress calculation.

 Using up to 1 cpu(s) for the symmetric stiffness/mass contributions.

 Factoring the system of equations using the symmetric spooles solver
 Using up to 1 cpu(s) for spooles.

 Using up to 1 cpu(s) for the stress calculation.

 average force= 0.000023
 time avg. forc= 0.000009
 largest residual force= 0.000119 in node 23131 and dof 1
 largest increment of disp= 3.147523e-05
 largest correction to disp= 5.079626e-06 in node 94872 and dof 1

 no convergence

 iteration 2

 Using up to 1 cpu(s) for the symmetric stiffness/mass contributions.

 Factoring the system of equations using the symmetric spooles solver
 Using up to 1 cpu(s) for spooles.

 Using up to 1 cpu(s) for the stress calculation.

 average force= 0.000022
 time avg. forc= 0.000009
 largest residual force= 0.000116 in node 23079 and dof 1
 largest increment of disp= 3.147523e-05
 largest correction to disp= 5.155526e-06 in node 94800 and dof 1

 no convergence

 iteration 3

 Using up to 1 cpu(s) for the symmetric stiffness/mass contributions.

 Factoring the system of equations using the symmetric spooles solver
 Using up to 1 cpu(s) for spooles.

 Using up to 1 cpu(s) for the stress calculation.

 average force= 0.000022
 time avg. forc= 0.000009
 largest residual force= 0.000003 in node 23079 and dof 1
 largest increment of disp= 3.147523e-05
 largest correction to disp= 8.305614e-07 in node 94794 and dof 1

 no convergence

 iteration 4

 Using up to 1 cpu(s) for the symmetric stiffness/mass contributions.

 Factoring the system of equations using the symmetric spooles solver
 Using up to 1 cpu(s) for spooles.

 Using up to 1 cpu(s) for the stress calculation.

 average force= 0.000022
 time avg. forc= 0.000009
 largest residual force= 0.000000 in node 23079 and dof 1
 largest increment of disp= 3.147523e-05
 largest correction to disp= 3.604356e-08 in node 94728 and dof 1

 convergence; the increment size is increased to 3.559570e-02

 increment 14 attempt 1 
 increment size= 3.559570e-02
 sum of previous increments=2.329102e-01
 actual step time=2.685059e-01
 actual total time=2.685059e-01

 iteration 1

 Using up to 1 cpu(s) for the stress calculation.

 Using up to 1 cpu(s) for the symmetric stiffness/mass contributions.

 Factoring the system of equations using the symmetric spooles solver
 Using up to 1 cpu(s) for spooles.

 Using up to 1 cpu(s) for the stress calculation.

 average force= 0.000029
 time avg. forc= 0.000011
 largest residual force= 0.000089 in node 23131 and dof 1
 largest increment of disp= 4.114502e-05
 largest correction to disp= 6.211252e-06 in node 78034 and dof 1

 no convergence

 iteration 2

 Using up to 1 cpu(s) for the symmetric stiffness/mass contributions.

 Factoring the system of equations using the symmetric spooles solver
 Using up to 1 cpu(s) for spooles.

 Using up to 1 cpu(s) for the stress calculation.

 average force= 0.000028
 time avg. forc= 0.000011
 largest residual force= 0.000039 in node 23079 and dof 1
 largest increment of disp= 4.114502e-05
 largest correction to disp= 2.977498e-06 in node 94794 and dof 1

 no convergence

 iteration 3

 Using up to 1 cpu(s) for the symmetric stiffness/mass contributions.

 Factoring the system of equations using the symmetric spooles solver
 Using up to 1 cpu(s) for spooles.

 Using up to 1 cpu(s) for the stress calculation.

 average force= 0.000028
 time avg. forc= 0.000011
 largest residual force= 0.000000 in node 24099 and dof 1
 largest increment of disp= 4.114502e-05
 largest correction to disp= 2.418119e-07 in node 97680 and dof 1

 convergence; the increment size is increased to 5.339355e-02

 the increment size exceeds the maximum allowed and is decreased to 5.000000e-02

 increment 15 attempt 1 
 increment size= 5.000000e-02
 sum of previous increments=2.685059e-01
 actual step time=3.185059e-01
 actual total time=3.185059e-01

 iteration 1

 Using up to 1 cpu(s) for the stress calculation.

 Using up to 1 cpu(s) for the symmetric stiffness/mass contributions.

 Factoring the system of equations using the symmetric spooles solver
 Using up to 1 cpu(s) for spooles.

 Using up to 1 cpu(s) for the stress calculation.

 average force= 0.000035
 time avg. forc= 0.000012
 largest residual force= 0.000073 in node 23131 and dof 1
 largest increment of disp= 5.165146e-05
 largest correction to disp= 8.767952e-06 in node 78034 and dof 1

 no convergence

 iteration 2

 Using up to 1 cpu(s) for the symmetric stiffness/mass contributions.

 Factoring the system of equations using the symmetric spooles solver
 Using up to 1 cpu(s) for spooles.

 Using up to 1 cpu(s) for the stress calculation.

 average force= 0.000034
 time avg. forc= 0.000012
 largest residual force= 0.000054 in node 15821 and dof 1
 largest increment of disp= 5.165146e-05
 largest correction to disp= 1.895677e-06 in node 94794 and dof 1

 no convergence

 iteration 3

 Using up to 1 cpu(s) for the symmetric stiffness/mass contributions.

 Factoring the system of equations using the symmetric spooles solver
 Using up to 1 cpu(s) for spooles.

 Using up to 1 cpu(s) for the stress calculation.

 average force= 0.000034
 time avg. forc= 0.000012
 largest residual force= 0.000000 in node 24099 and dof 1
 largest increment of disp= 5.165146e-05
 largest correction to disp= 9.837106e-08 in node 86784 and dof 1

 convergence; the increment size is increased to 7.500000e-02

 the increment size exceeds the maximum allowed and is decreased to 5.000000e-02

 Using up to 1 cpu(s) for the stress calculation.

 increment 16 attempt 1 
 increment size= 5.000000e-02
 sum of previous increments=3.185059e-01
 actual step time=3.685059e-01
 actual total time=3.685059e-01

 iteration 1

 Using up to 1 cpu(s) for the stress calculation.

 Using up to 1 cpu(s) for the symmetric stiffness/mass contributions.

 Factoring the system of equations using the symmetric spooles solver
 Using up to 1 cpu(s) for spooles.

 Using up to 1 cpu(s) for the stress calculation.

 average force= 0.000040
 time avg. forc= 0.000014
 largest residual force= 0.000034 in node 23131 and dof 1
 largest increment of disp= 5.125558e-05
 largest correction to disp= 6.906678e-06 in node 78034 and dof 1

 no convergence

 iteration 2

 Using up to 1 cpu(s) for the symmetric stiffness/mass contributions.

 Factoring the system of equations using the symmetric spooles solver
 Using up to 1 cpu(s) for spooles.

 Using up to 1 cpu(s) for the stress calculation.

 average force= 0.000040
 time avg. forc= 0.000014
 largest residual force= 0.000028 in node 15821 and dof 1
 largest increment of disp= 5.125558e-05
 largest correction to disp= 1.682591e-06 in node 52534 and dof 2

 no convergence

 iteration 3

 Using up to 1 cpu(s) for the symmetric stiffness/mass contributions.

 Factoring the system of equations using the symmetric spooles solver
 Using up to 1 cpu(s) for spooles.

 Using up to 1 cpu(s) for the stress calculation.

 average force= 0.000040
 time avg. forc= 0.000014
 largest residual force= 0.000000 in node 16320 and dof 1
 largest increment of disp= 5.125558e-05
 largest correction to disp= 4.267230e-08 in node 69961 and dof 2

 convergence; the increment size is increased to 7.500000e-02

 the increment size exceeds the maximum allowed and is decreased to 5.000000e-02

 increment 17 attempt 1 
 increment size= 5.000000e-02
 sum of previous increments=3.685059e-01
 actual step time=4.185059e-01
 actual total time=4.185059e-01

 iteration 1

 Using up to 1 cpu(s) for the stress calculation.

 Using up to 1 cpu(s) for the symmetric stiffness/mass contributions.

 Factoring the system of equations using the symmetric spooles solver
 Using up to 1 cpu(s) for spooles.

 Using up to 1 cpu(s) for the stress calculation.

 average force= 0.000045
 time avg. forc= 0.000016
 largest residual force= 0.000017 in node 15756 and dof 1
 largest increment of disp= 5.102239e-05
 largest correction to disp= 4.675982e-06 in node 78043 and dof 1

 no convergence

 iteration 2

 Using up to 1 cpu(s) for the symmetric stiffness/mass contributions.

 Factoring the system of equations using the symmetric spooles solver
 Using up to 1 cpu(s) for spooles.

 Using up to 1 cpu(s) for the stress calculation.

 average force= 0.000045
 time avg. forc= 0.000016
 largest residual force= 0.000010 in node 15821 and dof 1
 largest increment of disp= 5.102239e-05
 largest correction to disp= 1.319735e-06 in node 52534 and dof 2

 no convergence

 iteration 3

 Using up to 1 cpu(s) for the symmetric stiffness/mass contributions.

 Factoring the system of equations using the symmetric spooles solver
 Using up to 1 cpu(s) for spooles.

 Using up to 1 cpu(s) for the stress calculation.

 average force= 0.000045
 time avg. forc= 0.000016
 largest residual force= 0.000000 in node 16320 and dof 1
 largest increment of disp= 5.102239e-05
 largest correction to disp= 2.577940e-08 in node 69994 and dof 2

 convergence; the increment size is increased to 7.500000e-02

 the increment size exceeds the maximum allowed and is decreased to 5.000000e-02

 increment 18 attempt 1 
 increment size= 5.000000e-02
 sum of previous increments=4.185059e-01
 actual step time=4.685059e-01
 actual total time=4.685059e-01

 iteration 1

 Using up to 1 cpu(s) for the stress calculation.

 Using up to 1 cpu(s) for the symmetric stiffness/mass contributions.

 Factoring the system of equations using the symmetric spooles solver
 Using up to 1 cpu(s) for spooles.

 Using up to 1 cpu(s) for the stress calculation.

 average force= 0.000050
 time avg. forc= 0.000018
 largest residual force= 0.000013 in node 16284 and dof 1
 largest increment of disp= 5.088135e-05
 largest correction to disp= 3.637383e-06 in node 86782 and dof 1

 no convergence

 iteration 2

 Using up to 1 cpu(s) for the symmetric stiffness/mass contributions.

 Factoring the system of equations using the symmetric spooles solver
 Using up to 1 cpu(s) for spooles.

 Using up to 1 cpu(s) for the stress calculation.

 average force= 0.000050
 time avg. forc= 0.000018
 largest residual force= 0.000004 in node 15821 and dof 1
 largest increment of disp= 5.088135e-05
 largest correction to disp= 8.279516e-07 in node 52966 and dof 2

 no convergence

 iteration 3

 Using up to 1 cpu(s) for the symmetric stiffness/mass contributions.

 Factoring the system of equations using the symmetric spooles solver
 Using up to 1 cpu(s) for spooles.

 Using up to 1 cpu(s) for the stress calculation.

 average force= 0.000050
 time avg. forc= 0.000018
 largest residual force= 0.000000 in node 23877 and dof 1
 largest increment of disp= 5.088135e-05
 largest correction to disp= 1.992584e-08 in node 23882 and dof 1

 convergence; the increment size is increased to 7.500000e-02

 the increment size exceeds the maximum allowed and is decreased to 5.000000e-02

 increment 19 attempt 1 
 increment size= 5.000000e-02
 sum of previous increments=4.685059e-01
 actual step time=5.185059e-01
 actual total time=5.185059e-01

 iteration 1

 Using up to 1 cpu(s) for the stress calculation.

 Using up to 1 cpu(s) for the symmetric stiffness/mass contributions.

 Factoring the system of equations using the symmetric spooles solver
 Using up to 1 cpu(s) for spooles.

 Using up to 1 cpu(s) for the stress calculation.

 average force= 0.000055
 time avg. forc= 0.000020
 largest residual force= 0.000010 in node 16284 and dof 1
 largest increment of disp= 5.078362e-05
 largest correction to disp= 3.215361e-06 in node 86791 and dof 1

 no convergence

 iteration 2

 Using up to 1 cpu(s) for the symmetric stiffness/mass contributions.

 Factoring the system of equations using the symmetric spooles solver
 Using up to 1 cpu(s) for spooles.

 Using up to 1 cpu(s) for the stress calculation.

 average force= 0.000055
 time avg. forc= 0.000020
 largest residual force= 0.000002 in node 15821 and dof 1
 largest increment of disp= 5.078362e-05
 largest correction to disp= 4.649876e-07 in node 53038 and dof 2

 no convergence

 iteration 3

 Using up to 1 cpu(s) for the symmetric stiffness/mass contributions.

 Factoring the system of equations using the symmetric spooles solver
 Using up to 1 cpu(s) for spooles.

 Using up to 1 cpu(s) for the stress calculation.

 average force= 0.000055
 time avg. forc= 0.000020
 largest residual force= 0.000000 in node 23877 and dof 1
 largest increment of disp= 5.078362e-05
 largest correction to disp= 2.259712e-08 in node 23882 and dof 1

 convergence; the increment size is increased to 7.500000e-02

 the increment size exceeds the maximum allowed and is decreased to 5.000000e-02

 increment 20 attempt 1 
 increment size= 5.000000e-02
 sum of previous increments=5.185059e-01
 actual step time=5.685059e-01
 actual total time=5.685059e-01

 iteration 1

 Using up to 1 cpu(s) for the stress calculation.

 Using up to 1 cpu(s) for the symmetric stiffness/mass contributions.

 Factoring the system of equations using the symmetric spooles solver
 Using up to 1 cpu(s) for spooles.

 Using up to 1 cpu(s) for the stress calculation.

 average force= 0.000060
 time avg. forc= 0.000022
 largest residual force= 0.000008 in node 23859 and dof 1
 largest increment of disp= 5.071122e-05
 largest correction to disp= 2.801751e-06 in node 86782 and dof 1

 no convergence

 iteration 2

 Using up to 1 cpu(s) for the symmetric stiffness/mass contributions.

 Factoring the system of equations using the symmetric spooles solver
 Using up to 1 cpu(s) for spooles.

 Using up to 1 cpu(s) for the stress calculation.

 average force= 0.000060
 time avg. forc= 0.000022
 largest residual force= 0.000001 in node 15821 and dof 1
 largest increment of disp= 5.071122e-05
 largest correction to disp= 3.273978e-07 in node 36205 and dof 1

 no convergence

 iteration 3

 Using up to 1 cpu(s) for the symmetric stiffness/mass contributions.

 Factoring the system of equations using the symmetric spooles solver
 Using up to 1 cpu(s) for spooles.

 Using up to 1 cpu(s) for the stress calculation.

 average force= 0.000060
 time avg. forc= 0.000022
 largest residual force= 0.000000 in node 23877 and dof 1
 largest increment of disp= 5.071122e-05
 largest correction to disp= 2.778897e-08 in node 23882 and dof 1

 convergence; the increment size is increased to 7.500000e-02

 the increment size exceeds the maximum allowed and is decreased to 5.000000e-02

 Using up to 1 cpu(s) for the stress calculation.

 increment 21 attempt 1 
 increment size= 5.000000e-02
 sum of previous increments=5.685059e-01
 actual step time=6.185059e-01
 actual total time=6.185059e-01

 iteration 1

 Using up to 1 cpu(s) for the stress calculation.

 Using up to 1 cpu(s) for the symmetric stiffness/mass contributions.

 Factoring the system of equations using the symmetric spooles solver
 Using up to 1 cpu(s) for spooles.

 Using up to 1 cpu(s) for the stress calculation.

 average force= 0.000064
 time avg. forc= 0.000024
 largest residual force= 0.000008 in node 23859 and dof 1
 largest increment of disp= 5.065467e-05
 largest correction to disp= 2.560455e-06 in node 86793 and dof 1

 no convergence

 iteration 2

 Using up to 1 cpu(s) for the symmetric stiffness/mass contributions.

 Factoring the system of equations using the symmetric spooles solver
 Using up to 1 cpu(s) for spooles.

 Using up to 1 cpu(s) for the stress calculation.

 average force= 0.000064
 time avg. forc= 0.000024
 largest residual force= 0.000000 in node 15821 and dof 1
 largest increment of disp= 5.065467e-05
 largest correction to disp= 2.365453e-07 in node 36313 and dof 1

 convergence; the increment size is increased to 7.500000e-02

 the increment size exceeds the maximum allowed and is decreased to 5.000000e-02

 increment 22 attempt 1 
 increment size= 5.000000e-02
 sum of previous increments=6.185059e-01
 actual step time=6.685059e-01
 actual total time=6.685059e-01

 iteration 1

 Using up to 1 cpu(s) for the stress calculation.

 Using up to 1 cpu(s) for the symmetric stiffness/mass contributions.

 Factoring the system of equations using the symmetric spooles solver
 Using up to 1 cpu(s) for spooles.

 Using up to 1 cpu(s) for the stress calculation.

 average force= 0.000068
 time avg. forc= 0.000026
 largest residual force= 0.000008 in node 23859 and dof 1
 largest increment of disp= 5.060873e-05
 largest correction to disp= 2.446407e-06 in node 86793 and dof 1

 no convergence

 iteration 2

 Using up to 1 cpu(s) for the symmetric stiffness/mass contributions.

 Factoring the system of equations using the symmetric spooles solver
 Using up to 1 cpu(s) for spooles.

 Using up to 1 cpu(s) for the stress calculation.

 average force= 0.000068
 time avg. forc= 0.000026
 largest residual force= 0.000000 in node 15821 and dof 1
 largest increment of disp= 5.060873e-05
 largest correction to disp= 1.991142e-07 in node 21450 and dof 1

 convergence; the increment size is increased to 7.500000e-02

 the increment size exceeds the maximum allowed and is decreased to 5.000000e-02

 increment 23 attempt 1 
 increment size= 5.000000e-02
 sum of previous increments=6.685059e-01
 actual step time=7.185059e-01
 actual total time=7.185059e-01

 iteration 1

 Using up to 1 cpu(s) for the stress calculation.

 Using up to 1 cpu(s) for the symmetric stiffness/mass contributions.

 Factoring the system of equations using the symmetric spooles solver
 Using up to 1 cpu(s) for spooles.

 Using up to 1 cpu(s) for the stress calculation.

 average force= 0.000072
 time avg. forc= 0.000028
 largest residual force= 0.000007 in node 23859 and dof 1
 largest increment of disp= 5.057055e-05
 largest correction to disp= 2.284803e-06 in node 86784 and dof 1

 no convergence

 iteration 2

 Using up to 1 cpu(s) for the symmetric stiffness/mass contributions.

 Factoring the system of equations using the symmetric spooles solver
 Using up to 1 cpu(s) for spooles.

 Using up to 1 cpu(s) for the stress calculation.

 average force= 0.000072
 time avg. forc= 0.000028
 largest residual force= 0.000000 in node 15821 and dof 1
 largest increment of disp= 5.057055e-05
 largest correction to disp= 2.334891e-07 in node 21450 and dof 1

 convergence; the increment size is increased to 7.500000e-02

 the increment size exceeds the maximum allowed and is decreased to 5.000000e-02

 increment 24 attempt 1 
 increment size= 5.000000e-02
 sum of previous increments=7.185059e-01
 actual step time=7.685059e-01
 actual total time=7.685059e-01

 iteration 1

 Using up to 1 cpu(s) for the stress calculation.

 Using up to 1 cpu(s) for the symmetric stiffness/mass contributions.

 Factoring the system of equations using the symmetric spooles solver
 Using up to 1 cpu(s) for spooles.

 Using up to 1 cpu(s) for the stress calculation.

 average force= 0.000076
 time avg. forc= 0.000030
 largest residual force= 0.000006 in node 23859 and dof 1
 largest increment of disp= 5.053816e-05
 largest correction to disp= 2.086320e-06 in node 86793 and dof 1

 no convergence

 iteration 2

 Using up to 1 cpu(s) for the symmetric stiffness/mass contributions.

 Factoring the system of equations using the symmetric spooles solver
 Using up to 1 cpu(s) for spooles.

 Using up to 1 cpu(s) for the stress calculation.

 average force= 0.000076
 time avg. forc= 0.000030
 largest residual force= 0.000000 in node 15847 and dof 1
 largest increment of disp= 5.053816e-05
 largest correction to disp= 2.473106e-07 in node 21450 and dof 1

 convergence; the increment size is increased to 7.500000e-02

 the increment size exceeds the maximum allowed and is decreased to 5.000000e-02

 increment 25 attempt 1 
 increment size= 5.000000e-02
 sum of previous increments=7.685059e-01
 actual step time=8.185059e-01
 actual total time=8.185059e-01

 iteration 1

 Using up to 1 cpu(s) for the stress calculation.

 Using up to 1 cpu(s) for the symmetric stiffness/mass contributions.

 Factoring the system of equations using the symmetric spooles solver
 Using up to 1 cpu(s) for spooles.

 Using up to 1 cpu(s) for the stress calculation.

 average force= 0.000081
 time avg. forc= 0.000032
 largest residual force= 0.000005 in node 23889 and dof 1
 largest increment of disp= 5.051029e-05
 largest correction to disp= 1.887010e-06 in node 86793 and dof 1

 no convergence

 iteration 2

 Using up to 1 cpu(s) for the symmetric stiffness/mass contributions.

 Factoring the system of equations using the symmetric spooles solver
 Using up to 1 cpu(s) for spooles.

 Using up to 1 cpu(s) for the stress calculation.

 average force= 0.000081
 time avg. forc= 0.000032
 largest residual force= 0.000000 in node 23859 and dof 1
 largest increment of disp= 5.051029e-05
 largest correction to disp= 2.276596e-07 in node 21450 and dof 1

 convergence; the increment size is increased to 7.500000e-02

 the increment size exceeds the maximum allowed and is decreased to 5.000000e-02

 Using up to 1 cpu(s) for the stress calculation.

 increment 26 attempt 1 
 increment size= 5.000000e-02
 sum of previous increments=8.185059e-01
 actual step time=8.685059e-01
 actual total time=8.685059e-01

 iteration 1

 Using up to 1 cpu(s) for the stress calculation.

 Using up to 1 cpu(s) for the symmetric stiffness/mass contributions.

 Factoring the system of equations using the symmetric spooles solver
 Using up to 1 cpu(s) for spooles.

 Using up to 1 cpu(s) for the stress calculation.

 average force= 0.000084
 time avg. forc= 0.000034
 largest residual force= 0.000006 in node 23877 and dof 1
 largest increment of disp= 5.048671e-05
 largest correction to disp= 1.871020e-06 in node 89907 and dof 1

 no convergence

 iteration 2

 Using up to 1 cpu(s) for the symmetric stiffness/mass contributions.

 Factoring the system of equations using the symmetric spooles solver
 Using up to 1 cpu(s) for spooles.

 Using up to 1 cpu(s) for the stress calculation.

 average force= 0.000084
 time avg. forc= 0.000034
 largest residual force= 0.000000 in node 15847 and dof 1
 largest increment of disp= 5.048671e-05
 largest correction to disp= 1.853610e-07 in node 70930 and dof 2

 convergence; the increment size is increased to 7.500000e-02

 the increment size exceeds the maximum allowed and is decreased to 5.000000e-02

 increment 27 attempt 1 
 increment size= 5.000000e-02
 sum of previous increments=8.685059e-01
 actual step time=9.185059e-01
 actual total time=9.185059e-01

 iteration 1

 Using up to 1 cpu(s) for the stress calculation.

 Using up to 1 cpu(s) for the symmetric stiffness/mass contributions.

 Factoring the system of equations using the symmetric spooles solver
 Using up to 1 cpu(s) for spooles.

 Using up to 1 cpu(s) for the stress calculation.

 average force= 0.000088
 time avg. forc= 0.000036
 largest residual force= 0.000007 in node 23877 and dof 1
 largest increment of disp= 5.046650e-05
 largest correction to disp= 1.912438e-06 in node 89923 and dof 1

 no convergence

 iteration 2

 Using up to 1 cpu(s) for the symmetric stiffness/mass contributions.

 Factoring the system of equations using the symmetric spooles solver
 Using up to 1 cpu(s) for spooles.

 Using up to 1 cpu(s) for the stress calculation.

 average force= 0.000088
 time avg. forc= 0.000036
 largest residual force= 0.000000 in node 15847 and dof 1
 largest increment of disp= 5.046650e-05
 largest correction to disp= 2.990390e-07 in node 70930 and dof 2

 convergence; the increment size is increased to 7.500000e-02

 the increment size exceeds the maximum allowed and is decreased to 5.000000e-02

 increment 28 attempt 1 
 increment size= 5.000000e-02
 sum of previous increments=9.185059e-01
 actual step time=9.685059e-01
 actual total time=9.685059e-01

 iteration 1

 Using up to 1 cpu(s) for the stress calculation.

 Using up to 1 cpu(s) for the symmetric stiffness/mass contributions.

 Factoring the system of equations using the symmetric spooles solver
 Using up to 1 cpu(s) for spooles.

 Using up to 1 cpu(s) for the stress calculation.

 average force= 0.000092
 time avg. forc= 0.000038
 largest residual force= 0.000008 in node 23889 and dof 1
 largest increment of disp= 5.044888e-05
 largest correction to disp= 2.096440e-06 in node 89914 and dof 1

 no convergence

 iteration 2

 Using up to 1 cpu(s) for the symmetric stiffness/mass contributions.

 Factoring the system of equations using the symmetric spooles solver
 Using up to 1 cpu(s) for spooles.

 Using up to 1 cpu(s) for the stress calculation.

 average force= 0.000092
 time avg. forc= 0.000038
 largest residual force= 0.000000 in node 2525 and dof 2
 largest increment of disp= 5.044888e-05
 largest correction to disp= 5.027530e-07 in node 70930 and dof 2

 convergence; the increment size is increased to 7.500000e-02

 the increment size exceeds the maximum allowed and is decreased to 5.000000e-02

 the increment size exceeds the remainder of the step and is decreased to 3.149414e-02

 increment 29 attempt 1 
 increment size= 3.149414e-02
 sum of previous increments=9.685059e-01
 actual step time=1.000000e+00
 actual total time=1.000000e+00

 iteration 1

 Using up to 1 cpu(s) for the stress calculation.

 Using up to 1 cpu(s) for the symmetric stiffness/mass contributions.

 Factoring the system of equations using the symmetric spooles solver
 Using up to 1 cpu(s) for spooles.

 Using up to 1 cpu(s) for the stress calculation.

 average force= 0.000095
 time avg. forc= 0.000040
 largest residual force= 0.000002 in node 23889 and dof 1
 largest increment of disp= 3.176732e-05
 largest correction to disp= 1.195215e-06 in node 90033 and dof 1

 no convergence

 iteration 2

 Using up to 1 cpu(s) for the symmetric stiffness/mass contributions.

 Factoring the system of equations using the symmetric spooles solver
 Using up to 1 cpu(s) for spooles.

 Using up to 1 cpu(s) for the stress calculation.

 average force= 0.000095
 time avg. forc= 0.000040
 largest residual force= 0.000000 in node 23873 and dof 1
 largest increment of disp= 3.176732e-05
 largest correction to disp= 2.703454e-07 in node 53326 and dof 2

 convergence; the increment size is increased to 4.724121e-02

 the increment size exceeds the remainder of the step and is decreased to 0.000000e+00

 Using up to 1 cpu(s) for the stress calculation.


 Job finished

________________________________________

Total CalculiX Time: 8340.391445
________________________________________

=== Concluido. .sta tail: ===
     1         27     1     2  0.918506E+00  0.918506E+00  0.500000E-01
     1         28     1     2  0.968506E+00  0.968506E+00  0.500000E-01
     1         29     1     2  0.100000E+01  0.100000E+01  0.314941E-01
