Riks (estudo de malha): 0.02, 1.0, 1e-9, 0.1, 1.0
=== on-caso-4: independencia de malha (estagio S0_baseline) ===
Tue Jun  2 21:47:26 -03 2026

---- [21:47:26] malha fator medx ----
   [meshmed] instalando blockMeshDict.meshmed e rodando ccx...
      meshmed rc=0       1         14     1     2  0.100000E+01  0.100000E+01  0.175000E-01
        nCells: 27648

=== runs concluidos. Analise: python3 brunaStuff/analyze_mesh_independence_on-caso-4.py ===
  mesh1    (1x base    ):    5581 nos | kink_on=0.0928 mm kink_dura=0.2854 mm offset=0.0844 mm vM=109.99 kPa
  meshmed  (theta,z 2x ):   30430 nos | kink_on=0.1219 mm kink_dura=0.5296 mm offset=0.1066 mm vM=396.80 kPa
  mesh2    (2x uniforme):   41230 nos | kink_on=0.1248 mm kink_dura=0.5310 mm offset=0.1083 mm vM=392.78 kPa

on-caso-4 - independencia de malha (estagio S0_baseline; cargas fisicas fixas)
========================================================================================
Malhas: 1x/2x/3x as contagens de celula do blockMesh (refino uniforme r,theta,z).
Patch de contato (box em metros) e pressoes (Pa) IDENTICOS -> so a discretizacao muda.

metrica                       1x base   theta,z 2x  2x uniforme var.%(int->fim)
n_nos                            5581        30430        41230                
----------------------------------------------------------------------------------------
kink nervo (r=0.5) [mm]        0.0928       0.1219       0.1248           2.32%
kink dura (r=2.5) [mm]         0.2854       0.5296       0.5310           0.25%
offset centroide [mm]          0.0844       0.1066       0.1083           1.59%
|U_lat| max global [mm]        0.2854       0.5320       0.5316           0.07%
sigma_vM contato [kPa]       109.9873     396.7954     392.7833           1.02%
----------------------------------------------------------------------------------------
Criterio: metrica considerada independente da malha quando var.% (malha
intermediaria -> mais fina) < ~2-3%. Variacoes maiores indicam que vale
refinar mais ou que a metrica e' local (pico pontual sensivel ao no).

Grafico: brunaStuff/on-caso-4_mesh_independence.png
Tabela:  brunaStuff/on-caso-4_mesh_independence.txt
Tue Jun  2 22:15:44 -03 2026
