=== on-caso-3F2: blockMesh + topoSet/createPatch (pert + 2 contatos) ===
/*---------------------------------------------------------------------------*\
| =========                 |                                                 |
| \\      /  F ield         | OpenFOAM: The Open Source CFD Toolbox           |
|  \\    /   O peration     | Version:  2512                                  |
|   \\  /    A nd           | Website:  www.openfoam.com                      |
|    \\/     M anipulation  |                                                 |
\*---------------------------------------------------------------------------*/
Build  : _bd2b6720-20260127 OPENFOAM=2512 version=2512
Arch   : "LSB;label=32;scalar=64"
Exec   : blockMesh
Date   : Jun 20 2026
Time   : 18:29:03
Host   : 6b9b9f56fd16
PID    : 221
I/O    : uncollated
Case   : /simulation/_mi/on-caso-3F2__radpia4dura5/solid
nProcs : 1
trapFpe: Floating point exception trapping enabled (FOAM_SIGFPE).
memory pool : not available
fileModificationChecking : Monitoring run-time modified files using timeStampMaster (fileModificationSkew 5, maxFileModificationPolls 20)
allowSystemOperations : Allowing user-supplied system call operations

// * * * * * * * * * * * * * * * * * * * * * * * * * * * * * * * * * * * * * //
Create time

--> FOAM Warning : 
    From void* Foam::dlLibraryTable::openLibrary(const Foam::fileName&, bool)
    in file db/dynamicLibrary/dlLibraryTable/dlLibraryTable.C at line 188
    Could not load "$FOAM_CASE/../src/elasticFoundation/libsolidTractionElasticFoundation.so"
/simulation/_mi/on-caso-3F2__radpia4dura5/solid/../src/elasticFoundation/libsolidTractionElasticFoundation.so: cannot open shared object file: No such file or directory
Creating block mesh from "system/blockMeshDict"
Creating block edges
No non-planar block faces defined
Creating topology blocks

Creating topology patches - from boundary section

Creating block mesh topology - scaling/transform applied later

Check topology

	Basic statistics
		Number of internal faces : 162
		Number of boundary faces : 54
		Number of defined boundary faces : 54
		Number of undefined boundary faces : 0
	Checking patch -> block consistency

Creating block offsets
Creating merge list (topological search)...

Creating polyMesh from blockMesh
Creating patches
Creating cells
Creating points with scale (0.001 0.001 0.001)
    Block 0 cell size :
        i : 0.00025 .. 0.00025
        j : 0.00025 .. 0.00025
        k : 0.003 .. 0.003

    Block 1 cell size :
        i : 7.3223264e-05 .. 7.3223264e-05
        j : 0.00025 .. 0.00025
        k : 0.003 .. 0.003

    Block 2 cell size :
        i : 7.3223264e-05 .. 7.3223264e-05
        j : 0.00025 .. 0.00025
        k : 0.003 .. 0.003

    Block 3 cell size :
        i : 7.3223264e-05 .. 7.3223264e-05
        j : 0.00025 .. 0.00025
        k : 0.003 .. 0.003

    Block 4 cell size :
        i : 7.3223264e-05 .. 7.3223264e-05
        j : 0.00025 .. 0.00025
        k : 0.003 .. 0.003

    Block 5 cell size :
        i : 1.2500234e-05 .. 1.2500234e-05
        j : 0.00039157855 .. 0.00039157855
        k : 0.003 .. 0.003

    Block 6 cell size :
        i : 1.2500234e-05 .. 1.2500234e-05
        j : 0.00039157855 .. 0.00039157855
        k : 0.003 .. 0.003

    Block 7 cell size :
        i : 1.2500234e-05 .. 1.2500234e-05
        j : 0.00039157855 .. 0.00039157855
        k : 0.003 .. 0.003

    Block 8 cell size :
        i : 1.2500234e-05 .. 1.2500234e-05
        j : 0.00039157855 .. 0.00039157855
        k : 0.003 .. 0.003

    Block 9 cell size :
        i : 0.00014999998 .. 0.00014999998
        j : 0.00040463126 .. 0.00040463126
        k : 0.003 .. 0.003

    Block 10 cell size :
        i : 0.00014999998 .. 0.00014999998
        j : 0.00040463126 .. 0.00040463126
        k : 0.003 .. 0.003

    Block 11 cell size :
        i : 0.00014999998 .. 0.00014999998
        j : 0.00040463126 .. 0.00040463126
        k : 0.003 .. 0.003

    Block 12 cell size :
        i : 0.00014999998 .. 0.00014999998
        j : 0.00040463126 .. 0.00040463126
        k : 0.003 .. 0.003

    Block 13 cell size :
        i : 0.00011666649 .. 0.00011666649
        j : 0.00052210483 .. 0.00052210483
        k : 0.003 .. 0.003

    Block 14 cell size :
        i : 0.00011666649 .. 0.00011666649
        j : 0.00052210483 .. 0.00052210483
        k : 0.003 .. 0.003

    Block 15 cell size :
        i : 0.00011666649 .. 0.00011666649
        j : 0.00052210483 .. 0.00052210483
        k : 0.003 .. 0.003

    Block 16 cell size :
        i : 0.00011666649 .. 0.00011666649
        j : 0.00052210483 .. 0.00052210483
        k : 0.003 .. 0.003

    Block 17 cell size :
        i : 2.9999995e-05 .. 2.9999995e-05
        j : 0.00061347311 .. 0.00061347311
        k : 0.003 .. 0.003

    Block 18 cell size :
        i : 2.9999995e-05 .. 2.9999995e-05
        j : 0.00061347311 .. 0.00061347311
        k : 0.003 .. 0.003

    Block 19 cell size :
        i : 2.9999995e-05 .. 2.9999995e-05
        j : 0.00061347311 .. 0.00061347311
        k : 0.003 .. 0.003

    Block 20 cell size :
        i : 2.9999995e-05 .. 2.9999995e-05
        j : 0.00061347311 .. 0.00061347311
        k : 0.003 .. 0.003

    Block 21 cell size :
        i : 0.00025 .. 0.00025
        j : 0.00025 .. 0.00025
        k : 0.0003 .. 0.0003

    Block 22 cell size :
        i : 7.3223264e-05 .. 7.3223264e-05
        j : 0.00025 .. 0.00025
        k : 0.0003 .. 0.0003

    Block 23 cell size :
        i : 7.3223264e-05 .. 7.3223264e-05
        j : 0.00025 .. 0.00025
        k : 0.0003 .. 0.0003

    Block 24 cell size :
        i : 7.3223264e-05 .. 7.3223264e-05
        j : 0.00025 .. 0.00025
        k : 0.0003 .. 0.0003

    Block 25 cell size :
        i : 7.3223264e-05 .. 7.3223264e-05
        j : 0.00025 .. 0.00025
        k : 0.0003 .. 0.0003

    Block 26 cell size :
        i : 1.2500234e-05 .. 1.2500234e-05
        j : 0.00039157855 .. 0.00039157855
        k : 0.0003 .. 0.0003

    Block 27 cell size :
        i : 1.2500234e-05 .. 1.2500234e-05
        j : 0.00039157855 .. 0.00039157855
        k : 0.0003 .. 0.0003

    Block 28 cell size :
        i : 1.2500234e-05 .. 1.2500234e-05
        j : 0.00039157855 .. 0.00039157855
        k : 0.0003 .. 0.0003

    Block 29 cell size :
        i : 1.2500234e-05 .. 1.2500234e-05
        j : 0.00039157855 .. 0.00039157855
        k : 0.0003 .. 0.0003

    Block 30 cell size :
        i : 0.00014999998 .. 0.00014999998
        j : 0.00040463126 .. 0.00040463126
        k : 0.0003 .. 0.0003

    Block 31 cell size :
        i : 0.00014999998 .. 0.00014999998
        j : 0.00040463126 .. 0.00040463126
        k : 0.0003 .. 0.0003

    Block 32 cell size :
        i : 0.00014999998 .. 0.00014999998
        j : 0.00040463126 .. 0.00040463126
        k : 0.0003 .. 0.0003

    Block 33 cell size :
        i : 0.00014999998 .. 0.00014999998
        j : 0.00040463126 .. 0.00040463126
        k : 0.0003 .. 0.0003

    Block 34 cell size :
        i : 0.00011666649 .. 0.00011666649
        j : 0.00052210483 .. 0.00052210483
        k : 0.0003 .. 0.0003

    Block 35 cell size :
        i : 0.00011666649 .. 0.00011666649
        j : 0.00052210483 .. 0.00052210483
        k : 0.0003 .. 0.0003

    Block 36 cell size :
        i : 0.00011666649 .. 0.00011666649
        j : 0.00052210483 .. 0.00052210483
        k : 0.0003 .. 0.0003

    Block 37 cell size :
        i : 0.00011666649 .. 0.00011666649
        j : 0.00052210483 .. 0.00052210483
        k : 0.0003 .. 0.0003

    Block 38 cell size :
        i : 2.9999995e-05 .. 2.9999995e-05
        j : 0.00061347311 .. 0.00061347311
        k : 0.0003 .. 0.0003

    Block 39 cell size :
        i : 2.9999995e-05 .. 2.9999995e-05
        j : 0.00061347311 .. 0.00061347311
        k : 0.0003 .. 0.0003

    Block 40 cell size :
        i : 2.9999995e-05 .. 2.9999995e-05
        j : 0.00061347311 .. 0.00061347311
        k : 0.0003 .. 0.0003

    Block 41 cell size :
        i : 2.9999995e-05 .. 2.9999995e-05
        j : 0.00061347311 .. 0.00061347311
        k : 0.0003 .. 0.0003

    Block 42 cell size :
        i : 0.00025 .. 0.00025
        j : 0.00025 .. 0.00025
        k : 0.0005 .. 0.0005

    Block 43 cell size :
        i : 7.3223264e-05 .. 7.3223264e-05
        j : 0.00025 .. 0.00025
        k : 0.0005 .. 0.0005

    Block 44 cell size :
        i : 7.3223264e-05 .. 7.3223264e-05
        j : 0.00025 .. 0.00025
        k : 0.0005 .. 0.0005

    Block 45 cell size :
        i : 7.3223264e-05 .. 7.3223264e-05
        j : 0.00025 .. 0.00025
        k : 0.0005 .. 0.0005

    Block 46 cell size :
        i : 7.3223264e-05 .. 7.3223264e-05
        j : 0.00025 .. 0.00025
        k : 0.0005 .. 0.0005

    Block 47 cell size :
        i : 1.2500234e-05 .. 1.2500234e-05
        j : 0.00039157855 .. 0.00039157855
        k : 0.0005 .. 0.0005

    Block 48 cell size :
        i : 1.2500234e-05 .. 1.2500234e-05
        j : 0.00039157855 .. 0.00039157855
        k : 0.0005 .. 0.0005

    Block 49 cell size :
        i : 1.2500234e-05 .. 1.2500234e-05
        j : 0.00039157855 .. 0.00039157855
        k : 0.0005 .. 0.0005

    Block 50 cell size :
        i : 1.2500234e-05 .. 1.2500234e-05
        j : 0.00039157855 .. 0.00039157855
        k : 0.0005 .. 0.0005

    Block 51 cell size :
        i : 0.00014999998 .. 0.00014999998
        j : 0.00040463126 .. 0.00040463126
        k : 0.0005 .. 0.0005

    Block 52 cell size :
        i : 0.00014999998 .. 0.00014999998
        j : 0.00040463126 .. 0.00040463126
        k : 0.0005 .. 0.0005

    Block 53 cell size :
        i : 0.00014999998 .. 0.00014999998
        j : 0.00040463126 .. 0.00040463126
        k : 0.0005 .. 0.0005

    Block 54 cell size :
        i : 0.00014999998 .. 0.00014999998
        j : 0.00040463126 .. 0.00040463126
        k : 0.0005 .. 0.0005

    Block 55 cell size :
        i : 0.00011666649 .. 0.00011666649
        j : 0.00052210483 .. 0.00052210483
        k : 0.0005 .. 0.0005

    Block 56 cell size :
        i : 0.00011666649 .. 0.00011666649
        j : 0.00052210483 .. 0.00052210483
        k : 0.0005 .. 0.0005

    Block 57 cell size :
        i : 0.00011666649 .. 0.00011666649
        j : 0.00052210483 .. 0.00052210483
        k : 0.0005 .. 0.0005

    Block 58 cell size :
        i : 0.00011666649 .. 0.00011666649
        j : 0.00052210483 .. 0.00052210483
        k : 0.0005 .. 0.0005

    Block 59 cell size :
        i : 2.9999995e-05 .. 2.9999995e-05
        j : 0.00061347311 .. 0.00061347311
        k : 0.0005 .. 0.0005

    Block 60 cell size :
        i : 2.9999995e-05 .. 2.9999995e-05
        j : 0.00061347311 .. 0.00061347311
        k : 0.0005 .. 0.0005

    Block 61 cell size :
        i : 2.9999995e-05 .. 2.9999995e-05
        j : 0.00061347311 .. 0.00061347311
        k : 0.0005 .. 0.0005

    Block 62 cell size :
        i : 2.9999995e-05 .. 2.9999995e-05
        j : 0.00061347311 .. 0.00061347311
        k : 0.0005 .. 0.0005

Adding cell zones
    0	on
    1	pia
    2	sas
    3	dura
    4	lc
    5	sclera_peri
    6	sclera_ring
    7	globo
No patch pairs to merge

Writing polyMesh with 8 cellZones
----------------
Mesh Information
----------------
  boundingBox: (-0.0025 -0.0025 0) (0.0025 0.0025 0.0308)
  nPoints: 7189
  nCells: 6480
  nFaces: 20124
  nInternalFaces: 18756
----------------
Cell Zones
----------------
  zone 0 (size: 1800) name: on
  zone 1 (size: 960) name: pia
  zone 2 (size: 1440) name: sas
  zone 3 (size: 1200) name: dura
  zone 4 (size: 180) name: lc
  zone 5 (size: 168) name: sclera_peri
  zone 6 (size: 192) name: sclera_ring
  zone 7 (size: 540) name: globo
----------------
Patches
----------------
  patch 0 (start: 18756 size: 180) name: posterior_on
  patch 1 (start: 18936 size: 96) name: posterior_pia
  patch 2 (start: 19032 size: 144) name: posterior_sas
  patch 3 (start: 19176 size: 120) name: posterior_dura
  patch 4 (start: 19296 size: 240) name: dura_outer
  patch 5 (start: 19536 size: 24) name: sclera_ring_outer
  patch 6 (start: 19560 size: 24) name: globo_outer
  patch 7 (start: 19584 size: 540) name: anterior_globo

End

/*---------------------------------------------------------------------------*\
| =========                 |                                                 |
| \\      /  F ield         | OpenFOAM: The Open Source CFD Toolbox           |
|  \\    /   O peration     | Version:  2512                                  |
|   \\  /    A nd           | Website:  www.openfoam.com                      |
|    \\/     M anipulation  |                                                 |
\*---------------------------------------------------------------------------*/
Build  : _bd2b6720-20260127 OPENFOAM=2512 version=2512
Arch   : "LSB;label=32;scalar=64"
Exec   : topoSet -dict system/topoSetDict_perturbation
Date   : Jun 20 2026
Time   : 18:29:03
Host   : 6b9b9f56fd16
PID    : 223
I/O    : uncollated
Case   : /simulation/_mi/on-caso-3F2__radpia4dura5/solid
nProcs : 1
trapFpe: Floating point exception trapping enabled (FOAM_SIGFPE).
memory pool : not available
fileModificationChecking : Monitoring run-time modified files using timeStampMaster (fileModificationSkew 5, maxFileModificationPolls 20)
allowSystemOperations : Allowing user-supplied system call operations

// * * * * * * * * * * * * * * * * * * * * * * * * * * * * * * * * * * * * * //
Create time

--> FOAM Warning : 
    From void* Foam::dlLibraryTable::openLibrary(const Foam::fileName&, bool)
    in file db/dynamicLibrary/dlLibraryTable/dlLibraryTable.C at line 188
    Could not load "$FOAM_CASE/../src/elasticFoundation/libsolidTractionElasticFoundation.so"
/simulation/_mi/on-caso-3F2__radpia4dura5/solid/../src/elasticFoundation/libsolidTractionElasticFoundation.so: cannot open shared object file: No such file or directory
Create polyMesh for time = 0

Reading topoSetDict_perturbation

Time = 0
    mesh not changed.
Created faceSet perturbation_strip
    Applying source patchToFace
--> FOAM IOWarning :
    Found [v1806] 'name' entry instead of 'patch' in dictionary "system/topoSetDict_perturbation/actions/sourceInfo"

    This keyword is 90 months old.

    Adding all faces of patches: (dura_outer) ...
    Found matching patch dura_outer with 240 faces
    faceSet perturbation_strip now size 240
Read set faceSet perturbation_strip size:240
    Applying source boxToFace
    Adding faces with centre within boxes 1((0.0024 -0.0005 0.01) (0.00265 0.0005 0.02))
    faceSet perturbation_strip now size 8

End

/*---------------------------------------------------------------------------*\
| =========                 |                                                 |
| \\      /  F ield         | OpenFOAM: The Open Source CFD Toolbox           |
|  \\    /   O peration     | Version:  2512                                  |
|   \\  /    A nd           | Website:  www.openfoam.com                      |
|    \\/     M anipulation  |                                                 |
\*---------------------------------------------------------------------------*/
Build  : _bd2b6720-20260127 OPENFOAM=2512 version=2512
Arch   : "LSB;label=32;scalar=64"
Exec   : createPatch -overwrite -dict system/createPatchDict_perturbation
Date   : Jun 20 2026
Time   : 18:29:03
Host   : 6b9b9f56fd16
PID    : 225
I/O    : uncollated
Case   : /simulation/_mi/on-caso-3F2__radpia4dura5/solid
nProcs : 1
trapFpe: Floating point exception trapping enabled (FOAM_SIGFPE).
memory pool : not available
fileModificationChecking : Monitoring run-time modified files using timeStampMaster (fileModificationSkew 5, maxFileModificationPolls 20)
allowSystemOperations : Allowing user-supplied system call operations

// * * * * * * * * * * * * * * * * * * * * * * * * * * * * * * * * * * * * * //
Create time

--> FOAM Warning : 
    From void* Foam::dlLibraryTable::openLibrary(const Foam::fileName&, bool)
    in file db/dynamicLibrary/dlLibraryTable/dlLibraryTable.C at line 188
    Could not load "$FOAM_CASE/../src/elasticFoundation/libsolidTractionElasticFoundation.so"
/simulation/_mi/on-caso-3F2__radpia4dura5/solid/../src/elasticFoundation/libsolidTractionElasticFoundation.so: cannot open shared object file: No such file or directory
Create mesh for time = 0

Reading "system/createPatchDict_perturbation"



Adding patches to mesh region0

Adding new patch perturbation_strip from 
{
    type            wall;
    nFaces          0;
    startFace       0;
}




Repatching mesh region0

Read 8 faces from faceSet perturbation_strip
Doing topology modification to order faces.

Not synchronising points.

Removing patches with no faces in them.



Writing repatched mesh region0 to 0

End

/*---------------------------------------------------------------------------*\
| =========                 |                                                 |
| \\      /  F ield         | OpenFOAM: The Open Source CFD Toolbox           |
|  \\    /   O peration     | Version:  2512                                  |
|   \\  /    A nd           | Website:  www.openfoam.com                      |
|    \\/     M anipulation  |                                                 |
\*---------------------------------------------------------------------------*/
Build  : _bd2b6720-20260127 OPENFOAM=2512 version=2512
Arch   : "LSB;label=32;scalar=64"
Exec   : topoSet -dict system/topoSetDict_contact
Date   : Jun 20 2026
Time   : 18:29:04
Host   : 6b9b9f56fd16
PID    : 227
I/O    : uncollated
Case   : /simulation/_mi/on-caso-3F2__radpia4dura5/solid
nProcs : 1
trapFpe: Floating point exception trapping enabled (FOAM_SIGFPE).
memory pool : not available
fileModificationChecking : Monitoring run-time modified files using timeStampMaster (fileModificationSkew 5, maxFileModificationPolls 20)
allowSystemOperations : Allowing user-supplied system call operations

// * * * * * * * * * * * * * * * * * * * * * * * * * * * * * * * * * * * * * //
Create time

--> FOAM Warning : 
    From void* Foam::dlLibraryTable::openLibrary(const Foam::fileName&, bool)
    in file db/dynamicLibrary/dlLibraryTable/dlLibraryTable.C at line 188
    Could not load "$FOAM_CASE/../src/elasticFoundation/libsolidTractionElasticFoundation.so"
/simulation/_mi/on-caso-3F2__radpia4dura5/solid/../src/elasticFoundation/libsolidTractionElasticFoundation.so: cannot open shared object file: No such file or directory
Create polyMesh for time = 0

Reading topoSetDict_contact

Time = 0
    mesh not changed.
Created faceSet contact_local
    Applying source patchToFace
--> FOAM IOWarning :
    Found [v1806] 'name' entry instead of 'patch' in dictionary "system/topoSetDict_contact/actions/sourceInfo"

    This keyword is 90 months old.

    Adding all faces of patches: (dura_outer) ...
    Found matching patch dura_outer with 232 faces
    faceSet contact_local now size 232
Read set faceSet contact_local size:232
    Applying source boxToFace
    Adding faces with centre within boxes 1((0.0024 -0.0005 0.021) (0.0026 0.0005 0.024))
    faceSet contact_local now size 2

End

/*---------------------------------------------------------------------------*\
| =========                 |                                                 |
| \\      /  F ield         | OpenFOAM: The Open Source CFD Toolbox           |
|  \\    /   O peration     | Version:  2512                                  |
|   \\  /    A nd           | Website:  www.openfoam.com                      |
|    \\/     M anipulation  |                                                 |
\*---------------------------------------------------------------------------*/
Build  : _bd2b6720-20260127 OPENFOAM=2512 version=2512
Arch   : "LSB;label=32;scalar=64"
Exec   : createPatch -overwrite -dict system/createPatchDict_contact
Date   : Jun 20 2026
Time   : 18:29:04
Host   : 6b9b9f56fd16
PID    : 229
I/O    : uncollated
Case   : /simulation/_mi/on-caso-3F2__radpia4dura5/solid
nProcs : 1
trapFpe: Floating point exception trapping enabled (FOAM_SIGFPE).
memory pool : not available
fileModificationChecking : Monitoring run-time modified files using timeStampMaster (fileModificationSkew 5, maxFileModificationPolls 20)
allowSystemOperations : Allowing user-supplied system call operations

// * * * * * * * * * * * * * * * * * * * * * * * * * * * * * * * * * * * * * //
Create time

--> FOAM Warning : 
    From void* Foam::dlLibraryTable::openLibrary(const Foam::fileName&, bool)
    in file db/dynamicLibrary/dlLibraryTable/dlLibraryTable.C at line 188
    Could not load "$FOAM_CASE/../src/elasticFoundation/libsolidTractionElasticFoundation.so"
/simulation/_mi/on-caso-3F2__radpia4dura5/solid/../src/elasticFoundation/libsolidTractionElasticFoundation.so: cannot open shared object file: No such file or directory
Create mesh for time = 0

Reading "system/createPatchDict_contact"



Adding patches to mesh region0

Adding new patch contact_local from 
{
    type            wall;
    nFaces          0;
    startFace       0;
}




Repatching mesh region0

Read 2 faces from faceSet contact_local
Doing topology modification to order faces.

Not synchronising points.

Removing patches with no faces in them.



Writing repatched mesh region0 to 0

End

/*---------------------------------------------------------------------------*\
| =========                 |                                                 |
| \\      /  F ield         | OpenFOAM: The Open Source CFD Toolbox           |
|  \\    /   O peration     | Version:  2512                                  |
|   \\  /    A nd           | Website:  www.openfoam.com                      |
|    \\/     M anipulation  |                                                 |
\*---------------------------------------------------------------------------*/
Build  : _bd2b6720-20260127 OPENFOAM=2512 version=2512
Arch   : "LSB;label=32;scalar=64"
Exec   : topoSet -dict system/topoSetDict_contact2
Date   : Jun 20 2026
Time   : 18:29:04
Host   : 6b9b9f56fd16
PID    : 231
I/O    : uncollated
Case   : /simulation/_mi/on-caso-3F2__radpia4dura5/solid
nProcs : 1
trapFpe: Floating point exception trapping enabled (FOAM_SIGFPE).
memory pool : not available
fileModificationChecking : Monitoring run-time modified files using timeStampMaster (fileModificationSkew 5, maxFileModificationPolls 20)
allowSystemOperations : Allowing user-supplied system call operations

// * * * * * * * * * * * * * * * * * * * * * * * * * * * * * * * * * * * * * //
Create time

--> FOAM Warning : 
    From void* Foam::dlLibraryTable::openLibrary(const Foam::fileName&, bool)
    in file db/dynamicLibrary/dlLibraryTable/dlLibraryTable.C at line 188
    Could not load "$FOAM_CASE/../src/elasticFoundation/libsolidTractionElasticFoundation.so"
/simulation/_mi/on-caso-3F2__radpia4dura5/solid/../src/elasticFoundation/libsolidTractionElasticFoundation.so: cannot open shared object file: No such file or directory
Create polyMesh for time = 0

Reading topoSetDict_contact2

Time = 0
    mesh not changed.
Created faceSet contact_local2
--> FOAM IOWarning :
    Found [v1806] 'name' entry instead of 'patch' in dictionary "system/topoSetDict_contact2/actions/sourceInfo"

    This keyword is 90 months old.

    Applying source patchToFace
    Adding all faces of patches: (dura_outer) ...
    Found matching patch dura_outer with 230 faces
    faceSet contact_local2 now size 230
Read set faceSet contact_local2 size:230
    Applying source boxToFace
    Adding faces with centre within boxes 1((-0.0026 -0.0005 0.006) (-0.0024 0.0005 0.009))
    faceSet contact_local2 now size 2

End

/*---------------------------------------------------------------------------*\
| =========                 |                                                 |
| \\      /  F ield         | OpenFOAM: The Open Source CFD Toolbox           |
|  \\    /   O peration     | Version:  2512                                  |
|   \\  /    A nd           | Website:  www.openfoam.com                      |
|    \\/     M anipulation  |                                                 |
\*---------------------------------------------------------------------------*/
Build  : _bd2b6720-20260127 OPENFOAM=2512 version=2512
Arch   : "LSB;label=32;scalar=64"
Exec   : createPatch -overwrite -dict system/createPatchDict_contact2
Date   : Jun 20 2026
Time   : 18:29:05
Host   : 6b9b9f56fd16
PID    : 233
I/O    : uncollated
Case   : /simulation/_mi/on-caso-3F2__radpia4dura5/solid
nProcs : 1
trapFpe: Floating point exception trapping enabled (FOAM_SIGFPE).
memory pool : not available
fileModificationChecking : Monitoring run-time modified files using timeStampMaster (fileModificationSkew 5, maxFileModificationPolls 20)
allowSystemOperations : Allowing user-supplied system call operations

// * * * * * * * * * * * * * * * * * * * * * * * * * * * * * * * * * * * * * //
Create time

--> FOAM Warning : 
    From void* Foam::dlLibraryTable::openLibrary(const Foam::fileName&, bool)
    in file db/dynamicLibrary/dlLibraryTable/dlLibraryTable.C at line 188
    Could not load "$FOAM_CASE/../src/elasticFoundation/libsolidTractionElasticFoundation.so"
/simulation/_mi/on-caso-3F2__radpia4dura5/solid/../src/elasticFoundation/libsolidTractionElasticFoundation.so: cannot open shared object file: No such file or directory
Create mesh for time = 0

Reading "system/createPatchDict_contact2"



Adding patches to mesh region0

Adding new patch contact_local2 from 
{
    type            wall;
    nFaces          0;
    startFace       0;
}




Repatching mesh region0

Read 2 faces from faceSet contact_local2
Doing topology modification to order faces.

Not synchronising points.

Removing patches with no faces in them.



Writing repatched mesh region0 to 0

End

=== on-caso-3F2 (CCX): polyMesh -> CalculiX .inp  [k_winkler=200000 Pa/m] ===
[1/5] Lendo polyMesh em ../solid/constant/polyMesh
      nodes=7189, faces=20124, cells=6480, patches=11, zones=['on', 'pia', 'sas', 'dura', 'lc', 'sclera_peri', 'sclera_ring', 'globo']
[2/5] Reconstruindo conectividade C3D8 (6480 celulas)
      OK
[3/5] Escrevendo malha em on-caso-3F2_mesh.inp
      DURA_INNER_SURF: 240 faces (interface dura<->sas)
[4/5] Escrevendo Winkler em on-caso-3F2_winkler.inp
[5/5] Concluido. Total: 7189 nodes, 6480 hex C3D8I.
=== Conferindo que CONTACT_LOCAL2_SURF foi emitida ===
15263:*SURFACE, NAME=CONTACT_LOCAL_SURF, TYPE=ELEMENT
15266:*SURFACE, NAME=CONTACT_LOCAL2_SURF, TYPE=ELEMENT
312:CONTACT_LOCAL_SURF, P, 9034
321:CONTACT_LOCAL2_SURF, P, 9034
=== on-caso-3F2 (CCX): ccx_preCICE -i on-caso-3F2  [tag=<none>] ===

************************************************************

CalculiX Version 2.20, Copyright(C) 1998-2022 Guido Dhondt
CalculiX comes with ABSOLUTELY NO WARRANTY. This is free
software, and you are welcome to redistribute it under
certain conditions, see gpl.htm

************************************************************

You are using an executable made on Sun Jul 31 18:08:37 CEST 2022

  The numbers below are estimated upper bounds

  number of:

   nodes:        26878
   elements:         6729
   one-dimensional elements:            0
   two-dimensional elements:            0
   integration points per element:            8
   degrees of freedom per node:            3
   layers per element:            1

   distributed facial loads:          244
   distributed volumetric loads:            0
   concentrated loads:          553
   single point constraints:         4281
   multiple point constraints:            1
   terms in all multiple point constraints:            1
   tie constraints:            0
   dependent nodes tied by cyclic constraints:            0
   dependent nodes in pre-tension constraints:            0

   sets:          282
   terms in all sets:        24525

   materials:          257
   constants per material and temperature:            9
   temperature points per material:            1
   plastic data points per material:            0

   orientations:            1
   amplitudes:            9
   data points in all amplitudes:           12
   print requests:            8
   transformations:            0
   property cards:            0

 *INFO reading *HYPERELASTIC: nonlinear geometric
       effects are turned on

 *INFO reading *HYPERELASTIC: nonlinear geometric
       effects are turned on

 *INFO reading *HYPERELASTIC: nonlinear geometric
       effects are turned on

 *INFO reading *HYPERELASTIC: nonlinear geometric
       effects are turned on

 *INFO reading *HYPERELASTIC: nonlinear geometric
       effects are turned on

 *INFO reading *HYPERELASTIC: nonlinear geometric
       effects are turned on

 *INFO reading *HYPERELASTIC: nonlinear geometric
       effects are turned on

 *INFO reading *STEP: nonlinear geometric
       effects are turned on

 *WARNING reading *STATIC: parameter not recognized:
          RIKS
 *WARNING reading *STATIC. Card image:
          *STATIC,RIKS


 STEP            1

 Static analysis was selected

 Nonlinear material laws are taken into account

 Newton-Raphson iterative procedure is active

 Nonlinear geometric effects are taken into account

 Decascading the MPC's

 Determining the structure of the matrix:
 Using up to 1 cpu(s) for setting up the structure of the matrix.
 number of equations
 76569
 number of nonzero lower triangular matrix elements
 2190327

 increment 1 attempt 1 
 increment size= 2.500000e-02
 sum of previous increments=0.000000e+00
 actual step time=2.500000e-02
 actual total time=2.500000e-02

 iteration 1

 Using up to 1 cpu(s) for the stress calculation.

 Using up to 1 cpu(s) for the symmetric stiffness/mass contributions.

 Factoring the system of equations using the symmetric spooles solver
 Using up to 1 cpu(s) for spooles.

 Using up to 1 cpu(s) for the stress calculation.

 average force= 0.000008
 time avg. forc= 0.000008
 largest residual force= 0.000142 in node 5018 and dof 1
 largest increment of disp= 2.499657e-05
 largest correction to disp= 2.499657e-05 in node 6383 and dof 3

 no convergence

 iteration 2

 Using up to 1 cpu(s) for the symmetric stiffness/mass contributions.

 Factoring the system of equations using the symmetric spooles solver
 Using up to 1 cpu(s) for spooles.

 Using up to 1 cpu(s) for the stress calculation.

 average force= 0.000008
 time avg. forc= 0.000008
 largest residual force= 0.000000 in node 2827 and dof 1
 largest increment of disp= 2.499657e-05
 largest correction to disp= 5.260512e-07 in node 5673 and dof 3

 convergence

 increment 2 attempt 1 
 increment size= 2.500000e-02
 sum of previous increments=2.500000e-02
 actual step time=5.000000e-02
 actual total time=5.000000e-02

 iteration 1

 Using up to 1 cpu(s) for the stress calculation.

 Using up to 1 cpu(s) for the symmetric stiffness/mass contributions.

 Factoring the system of equations using the symmetric spooles solver
 Using up to 1 cpu(s) for spooles.

 Using up to 1 cpu(s) for the stress calculation.

 average force= 0.000017
 time avg. forc= 0.000013
 largest residual force= 0.000000 in node 2923 and dof 1
 largest increment of disp= 2.499674e-05
 largest correction to disp= 1.219970e-07 in node 21600 and dof 2

 no convergence

 iteration 2

 Using up to 1 cpu(s) for the symmetric stiffness/mass contributions.

 Factoring the system of equations using the symmetric spooles solver
 Using up to 1 cpu(s) for spooles.

 Using up to 1 cpu(s) for the stress calculation.

 average force= 0.000017
 time avg. forc= 0.000013
 largest residual force= 0.000000 in node 815 and dof 1
 largest increment of disp= 2.499674e-05
 largest correction to disp= 3.577281e-10 in node 4957 and dof 1

 convergence; the increment size is increased to 3.750000e-02

 increment 3 attempt 1 
 increment size= 3.750000e-02
 sum of previous increments=5.000000e-02
 actual step time=8.750000e-02
 actual total time=8.750000e-02

 iteration 1

 Using up to 1 cpu(s) for the stress calculation.

 Using up to 1 cpu(s) for the symmetric stiffness/mass contributions.

 Factoring the system of equations using the symmetric spooles solver
 Using up to 1 cpu(s) for spooles.

 Using up to 1 cpu(s) for the stress calculation.

 average force= 0.000030
 time avg. forc= 0.000018
 largest residual force= 0.000003 in node 2923 and dof 1
 largest increment of disp= 3.749527e-05
 largest correction to disp= 2.915574e-07 in node 23415 and dof 2

 no convergence

 iteration 2

 Using up to 1 cpu(s) for the symmetric stiffness/mass contributions.

 Factoring the system of equations using the symmetric spooles solver
 Using up to 1 cpu(s) for spooles.

 Using up to 1 cpu(s) for the stress calculation.

 average force= 0.000030
 time avg. forc= 0.000018
 largest residual force= 0.000000 in node 2628 and dof 2
 largest increment of disp= 3.749527e-05
 largest correction to disp= 9.508489e-10 in node 4958 and dof 1

 convergence; the increment size is increased to 5.625000e-02

 the increment size exceeds the maximum allowed and is decreased to 5.000000e-02

 increment 4 attempt 1 
 increment size= 5.000000e-02
 sum of previous increments=8.750000e-02
 actual step time=1.375000e-01
 actual total time=1.375000e-01

 iteration 1

 Using up to 1 cpu(s) for the stress calculation.

 Using up to 1 cpu(s) for the symmetric stiffness/mass contributions.

 Factoring the system of equations using the symmetric spooles solver
 Using up to 1 cpu(s) for spooles.

 Using up to 1 cpu(s) for the stress calculation.

 average force= 0.000048
 time avg. forc= 0.000026
 largest residual force= 0.000024 in node 815 and dof 1
 largest increment of disp= 4.999395e-05
 largest correction to disp= 8.089567e-07 in node 23415 and dof 2

 no convergence

 iteration 2

 Using up to 1 cpu(s) for the symmetric stiffness/mass contributions.

 Factoring the system of equations using the symmetric spooles solver
 Using up to 1 cpu(s) for spooles.

 Using up to 1 cpu(s) for the stress calculation.

 average force= 0.000048
 time avg. forc= 0.000026
 largest residual force= 0.000000 in node 2628 and dof 2
 largest increment of disp= 4.999395e-05
 largest correction to disp= 6.958111e-09 in node 20700 and dof 1

 convergence; the increment size is increased to 7.500000e-02

 the increment size exceeds the maximum allowed and is decreased to 5.000000e-02

 increment 5 attempt 1 
 increment size= 5.000000e-02
 sum of previous increments=1.375000e-01
 actual step time=1.875000e-01
 actual total time=1.875000e-01

 iteration 1

 Using up to 1 cpu(s) for the stress calculation.

 Using up to 1 cpu(s) for the symmetric stiffness/mass contributions.

 Factoring the system of equations using the symmetric spooles solver
 Using up to 1 cpu(s) for spooles.

 Using up to 1 cpu(s) for the stress calculation.

 average force= 0.000068
 time avg. forc= 0.000034
 largest residual force= 0.000184 in node 2332 and dof 1
 largest increment of disp= 4.999521e-05
 largest correction to disp= 2.295005e-06 in node 13380 and dof 1

 no convergence

 iteration 2

 Using up to 1 cpu(s) for the symmetric stiffness/mass contributions.

 Factoring the system of equations using the symmetric spooles solver
 Using up to 1 cpu(s) for spooles.

 Using up to 1 cpu(s) for the stress calculation.

 average force= 0.000068
 time avg. forc= 0.000034
 largest residual force= 0.000000 in node 2923 and dof 1
 largest increment of disp= 4.999521e-05
 largest correction to disp= 3.843860e-08 in node 14828 and dof 1

 convergence; the increment size is increased to 7.500000e-02

 the increment size exceeds the maximum allowed and is decreased to 5.000000e-02

 Using up to 1 cpu(s) for the stress calculation.

 increment 6 attempt 1 
 increment size= 5.000000e-02
 sum of previous increments=1.875000e-01
 actual step time=2.375000e-01
 actual total time=2.375000e-01

 iteration 1

 Using up to 1 cpu(s) for the stress calculation.

 Using up to 1 cpu(s) for the symmetric stiffness/mass contributions.

 Factoring the system of equations using the symmetric spooles solver
 Using up to 1 cpu(s) for spooles.

 Using up to 1 cpu(s) for the stress calculation.

 average force= 0.000099
 time avg. forc= 0.000045
 largest residual force= 0.003267 in node 899 and dof 1
 largest increment of disp= 5.000012e-05
 largest correction to disp= 9.732010e-06 in node 13368 and dof 1

 no convergence

 iteration 2

 Using up to 1 cpu(s) for the symmetric stiffness/mass contributions.

 Factoring the system of equations using the symmetric spooles solver
 Using up to 1 cpu(s) for spooles.

 Using up to 1 cpu(s) for the stress calculation.

 average force= 0.000100
 time avg. forc= 0.000045
 largest residual force= 0.000041 in node 2360 and dof 1
 largest increment of disp= 5.000012e-05
 largest correction to disp= 1.091962e-06 in node 13380 and dof 1

 no convergence

 iteration 3

 Using up to 1 cpu(s) for the symmetric stiffness/mass contributions.

 Factoring the system of equations using the symmetric spooles solver
 Using up to 1 cpu(s) for spooles.

 Using up to 1 cpu(s) for the stress calculation.

 average force= 0.000100
 time avg. forc= 0.000045
 largest residual force= 0.000026 in node 899 and dof 1
 largest increment of disp= 5.000012e-05
 largest correction to disp= 8.572762e-07 in node 13380 and dof 1

 no convergence

 iteration 4

 Using up to 1 cpu(s) for the symmetric stiffness/mass contributions.

 Factoring the system of equations using the symmetric spooles solver
 Using up to 1 cpu(s) for spooles.

 Using up to 1 cpu(s) for the stress calculation.

 average force= 0.000100
 time avg. forc= 0.000045
 largest residual force= 0.000000 in node 2051 and dof 2
 largest increment of disp= 5.000012e-05
 largest correction to disp= 1.031185e-09 in node 15600 and dof 2

 convergence; the increment size is increased to 7.500000e-02

 the increment size exceeds the maximum allowed and is decreased to 5.000000e-02

 increment 7 attempt 1 
 increment size= 5.000000e-02
 sum of previous increments=2.375000e-01
 actual step time=2.875000e-01
 actual total time=2.875000e-01

 iteration 1

 Using up to 1 cpu(s) for the stress calculation.

 Using up to 1 cpu(s) for the symmetric stiffness/mass contributions.

 Factoring the system of equations using the symmetric spooles solver
 Using up to 1 cpu(s) for spooles.

 Using up to 1 cpu(s) for the stress calculation.

 average force= 0.000258
 time avg. forc= 0.000075
 largest residual force= 0.100106 in node 2363 and dof 1
 largest increment of disp= 5.275564e-05
 largest correction to disp= 5.275564e-05 in node 13388 and dof 1

 no convergence

 iteration 2

 Using up to 1 cpu(s) for the symmetric stiffness/mass contributions.

 Factoring the system of equations using the symmetric spooles solver
 Using up to 1 cpu(s) for spooles.

 Using up to 1 cpu(s) for the stress calculation.

 average force= 0.000208
 time avg. forc= 0.000068
 largest residual force= 0.025451 in node 899 and dof 1
 largest increment of disp= 5.275564e-05
 largest correction to disp= 2.704896e-05 in node 13368 and dof 1

 no convergence

 iteration 3

 Using up to 1 cpu(s) for the symmetric stiffness/mass contributions.

 Factoring the system of equations using the symmetric spooles solver
 Using up to 1 cpu(s) for spooles.

 Using up to 1 cpu(s) for the stress calculation.

 average force= 0.000215
 time avg. forc= 0.000069
 largest residual force= 0.020987 in node 3127 and dof 2
 largest increment of disp= 5.275564e-05
 largest correction to disp= 2.417668e-05 in node 15536 and dof 2

 no convergence

 iteration 4

 Using up to 1 cpu(s) for the symmetric stiffness/mass contributions.

 Factoring the system of equations using the symmetric spooles solver
 Using up to 1 cpu(s) for spooles.

 Using up to 1 cpu(s) for the stress calculation.

 average force= 0.000242
 time avg. forc= 0.000073
 largest residual force= 0.037021 in node 2360 and dof 1
 largest increment of disp= 5.275564e-05
 largest correction to disp= 3.299289e-05 in node 13455 and dof 1

 no convergence

 iteration 5

 Using up to 1 cpu(s) for the symmetric stiffness/mass contributions.

 Factoring the system of equations using the symmetric spooles solver
 Using up to 1 cpu(s) for spooles.

 Using up to 1 cpu(s) for the stress calculation.

 average force= 0.000194
 time avg. forc= 0.000066
 largest residual force= 0.001783 in node 2631 and dof 2
 largest increment of disp= 5.275564e-05
 largest correction to disp= 7.160630e-06 in node 14168 and dof 2

 no convergence

 iteration 6

 Using up to 1 cpu(s) for the symmetric stiffness/mass contributions.

 Factoring the system of equations using the symmetric spooles solver
 Using up to 1 cpu(s) for spooles.

 Using up to 1 cpu(s) for the stress calculation.

 average force= 0.000496
 time avg. forc= 0.000110
 largest residual force= 0.147967 in node 2899 and dof 1
 largest increment of disp= 6.377089e-05
 largest correction to disp= 6.377089e-05 in node 14828 and dof 1

 no convergence

 iteration 7

 Using up to 1 cpu(s) for the symmetric stiffness/mass contributions.

 Factoring the system of equations using the symmetric spooles solver
 Using up to 1 cpu(s) for spooles.

 Using up to 1 cpu(s) for the stress calculation.

 average force= 0.000218
 time avg. forc= 0.000070
 largest residual force= 0.000109 in node 2360 and dof 1
 largest increment of disp= 6.377089e-05
 largest correction to disp= 1.891358e-06 in node 13455 and dof 1

 no convergence

 iteration 8

 Using up to 1 cpu(s) for the symmetric stiffness/mass contributions.

 Factoring the system of equations using the symmetric spooles solver
 Using up to 1 cpu(s) for spooles.

 Using up to 1 cpu(s) for the stress calculation.

 average force= 0.000404
 time avg. forc= 0.000096
 largest residual force= 0.133584 in node 2360 and dof 1
 largest increment of disp= 6.377089e-05
 largest correction to disp= 6.174746e-05 in node 13443 and dof 1

 estimated number of iterations till convergence = 7
 no convergence

 iteration 9

 Using up to 1 cpu(s) for the symmetric stiffness/mass contributions.

 Factoring the system of equations using the symmetric spooles solver
 Using up to 1 cpu(s) for spooles.

 Using up to 1 cpu(s) for the stress calculation.

 average force= 0.000235
 time avg. forc= 0.000072
 largest residual force= 0.000174 in node 2362 and dof 1
 largest increment of disp= 6.377089e-05
 largest correction to disp= 2.384879e-06 in node 13386 and dof 1

 divergence; the increment size is decreased to 1.250000e-02
 the increment is reattempted

 increment 7 attempt 2 
 increment size= 1.250000e-02
 sum of previous increments=2.375000e-01
 actual step time=2.500000e-01
 actual total time=2.500000e-01

 iteration 1

 Using up to 1 cpu(s) for the stress calculation.

 Using up to 1 cpu(s) for the symmetric stiffness/mass contributions.

 Factoring the system of equations using the symmetric spooles solver
 Using up to 1 cpu(s) for spooles.

 Using up to 1 cpu(s) for the stress calculation.

 average force= 0.000112
 time avg. forc= 0.000055
 largest residual force= 0.000742 in node 1307 and dof 2
 largest increment of disp= 1.251886e-05
 largest correction to disp= 4.614744e-06 in node 14172 and dof 2

 no convergence

 iteration 2

 Using up to 1 cpu(s) for the symmetric stiffness/mass contributions.

 Factoring the system of equations using the symmetric spooles solver
 Using up to 1 cpu(s) for spooles.

 Using up to 1 cpu(s) for the stress calculation.

 average force= 0.000113
 time avg. forc= 0.000055
 largest residual force= 0.000277 in node 899 and dof 1
 largest increment of disp= 1.251886e-05
 largest correction to disp= 2.826936e-06 in node 13368 and dof 1

 no convergence

 iteration 3

 Using up to 1 cpu(s) for the symmetric stiffness/mass contributions.

 Factoring the system of equations using the symmetric spooles solver
 Using up to 1 cpu(s) for spooles.

 Using up to 1 cpu(s) for the stress calculation.

 average force= 0.000114
 time avg. forc= 0.000055
 largest residual force= 0.000016 in node 2051 and dof 2
 largest increment of disp= 1.251886e-05
 largest correction to disp= 6.867514e-07 in node 15600 and dof 2

 no convergence

 iteration 4

 Using up to 1 cpu(s) for the symmetric stiffness/mass contributions.

 Factoring the system of equations using the symmetric spooles solver
 Using up to 1 cpu(s) for spooles.

 Using up to 1 cpu(s) for the stress calculation.

 average force= 0.000114
 time avg. forc= 0.000055
 largest residual force= 0.000000 in node 899 and dof 1
 largest increment of disp= 1.251886e-05
 largest correction to disp= 4.770054e-08 in node 13368 and dof 1

 convergence

 increment 8 attempt 1 
 increment size= 1.250000e-02
 sum of previous increments=2.500000e-01
 actual step time=2.625000e-01
 actual total time=2.625000e-01

 iteration 1

 Using up to 1 cpu(s) for the stress calculation.

 Using up to 1 cpu(s) for the symmetric stiffness/mass contributions.

 Factoring the system of equations using the symmetric spooles solver
 Using up to 1 cpu(s) for spooles.

 Using up to 1 cpu(s) for the stress calculation.

 average force= 0.000132
 time avg. forc= 0.000065
 largest residual force= 0.001422 in node 2363 and dof 1
 largest increment of disp= 1.259573e-05
 largest correction to disp= 6.262466e-06 in node 13388 and dof 1

 no convergence

 iteration 2

 Using up to 1 cpu(s) for the symmetric stiffness/mass contributions.

 Factoring the system of equations using the symmetric spooles solver
 Using up to 1 cpu(s) for spooles.

 Using up to 1 cpu(s) for the stress calculation.

 average force= 0.000137
 time avg. forc= 0.000065
 largest residual force= 0.001780 in node 2360 and dof 1
 largest increment of disp= 1.259573e-05
 largest correction to disp= 7.943126e-06 in node 13383 and dof 1

 no convergence

 iteration 3

 Using up to 1 cpu(s) for the symmetric stiffness/mass contributions.

 Factoring the system of equations using the symmetric spooles solver
 Using up to 1 cpu(s) for spooles.

 Using up to 1 cpu(s) for the stress calculation.

 average force= 0.000135
 time avg. forc= 0.000065
 largest residual force= 0.000280 in node 2363 and dof 1
 largest increment of disp= 1.259573e-05
 largest correction to disp= 2.786258e-06 in node 13388 and dof 1

 no convergence

 iteration 4

 Using up to 1 cpu(s) for the symmetric stiffness/mass contributions.

 Factoring the system of equations using the symmetric spooles solver
 Using up to 1 cpu(s) for spooles.

 Using up to 1 cpu(s) for the stress calculation.

 average force= 0.000135
 time avg. forc= 0.000065
 largest residual force= 0.000132 in node 2363 and dof 1
 largest increment of disp= 1.259573e-05
 largest correction to disp= 1.909222e-06 in node 13388 and dof 1

 no convergence

 iteration 5

 Using up to 1 cpu(s) for the symmetric stiffness/mass contributions.

 Factoring the system of equations using the symmetric spooles solver
 Using up to 1 cpu(s) for spooles.

 Using up to 1 cpu(s) for the stress calculation.

 average force= 0.000135
 time avg. forc= 0.000065
 largest residual force= 0.000000 in node 2363 and dof 1
 largest increment of disp= 1.259573e-05
 largest correction to disp= 1.190538e-07 in node 13376 and dof 1

 convergence

 increment 9 attempt 1 
 increment size= 1.250000e-02
 sum of previous increments=2.625000e-01
 actual step time=2.750000e-01
 actual total time=2.750000e-01

 iteration 1

 Using up to 1 cpu(s) for the stress calculation.

 Using up to 1 cpu(s) for the symmetric stiffness/mass contributions.

 Factoring the system of equations using the symmetric spooles solver
 Using up to 1 cpu(s) for spooles.

 Using up to 1 cpu(s) for the stress calculation.

 average force= 0.000162
 time avg. forc= 0.000076
 largest residual force= 0.000083 in node 5063 and dof 1
 largest increment of disp= 2.215938e-05
 largest correction to disp= 4.406465e-06 in node 20726 and dof 1

 no convergence

 iteration 2

 Using up to 1 cpu(s) for the symmetric stiffness/mass contributions.

 Factoring the system of equations using the symmetric spooles solver
 Using up to 1 cpu(s) for spooles.

 Using up to 1 cpu(s) for the stress calculation.

 average force= 0.000161
 time avg. forc= 0.000076
 largest residual force= 0.000314 in node 2335 and dof 1
 largest increment of disp= 2.215938e-05
 largest correction to disp= 2.979589e-06 in node 13376 and dof 1

 no convergence

 iteration 3

 Using up to 1 cpu(s) for the symmetric stiffness/mass contributions.

 Factoring the system of equations using the symmetric spooles solver
 Using up to 1 cpu(s) for spooles.

 Using up to 1 cpu(s) for the stress calculation.

 average force= 0.000161
 time avg. forc= 0.000076
 largest residual force= 0.000000 in node 2363 and dof 1
 largest increment of disp= 2.215938e-05
 largest correction to disp= 1.358178e-07 in node 13376 and dof 1

 convergence

 increment 10 attempt 1 
 increment size= 1.250000e-02
 sum of previous increments=2.750000e-01
 actual step time=2.875000e-01
 actual total time=2.875000e-01

 iteration 1

 Using up to 1 cpu(s) for the stress calculation.

 Using up to 1 cpu(s) for the symmetric stiffness/mass contributions.

 Factoring the system of equations using the symmetric spooles solver
 Using up to 1 cpu(s) for spooles.

 Using up to 1 cpu(s) for the stress calculation.

 average force= 0.000195
 time avg. forc= 0.000088
 largest residual force= 0.000090 in node 5063 and dof 1
 largest increment of disp= 2.184739e-05
 largest correction to disp= 5.494104e-06 in node 20706 and dof 1

 no convergence

 iteration 2

 Using up to 1 cpu(s) for the symmetric stiffness/mass contributions.

 Factoring the system of equations using the symmetric spooles solver
 Using up to 1 cpu(s) for spooles.

 Using up to 1 cpu(s) for the stress calculation.

 average force= 0.000193
 time avg. forc= 0.000087
 largest residual force= 0.000646 in node 2363 and dof 1
 largest increment of disp= 2.184739e-05
 largest correction to disp= 4.705634e-06 in node 13458 and dof 1

 no convergence

 iteration 3

 Using up to 1 cpu(s) for the symmetric stiffness/mass contributions.

 Factoring the system of equations using the symmetric spooles solver
 Using up to 1 cpu(s) for spooles.

 Using up to 1 cpu(s) for the stress calculation.

 average force= 0.000193
 time avg. forc= 0.000087
 largest residual force= 0.000006 in node 2363 and dof 1
 largest increment of disp= 2.184739e-05
 largest correction to disp= 4.163796e-07 in node 13446 and dof 1

 no convergence

 iteration 4

 Using up to 1 cpu(s) for the symmetric stiffness/mass contributions.

 Factoring the system of equations using the symmetric spooles solver
 Using up to 1 cpu(s) for spooles.

 Using up to 1 cpu(s) for the stress calculation.

 average force= 0.000193
 time avg. forc= 0.000087
 largest residual force= 0.000000 in node 2363 and dof 1
 largest increment of disp= 2.184739e-05
 largest correction to disp= 5.473268e-08 in node 13376 and dof 1

 convergence; the increment size is increased to 1.875000e-02

 Using up to 1 cpu(s) for the stress calculation.

 increment 11 attempt 1 
 increment size= 1.875000e-02
 sum of previous increments=2.875000e-01
 actual step time=3.062500e-01
 actual total time=3.062500e-01

 iteration 1

 Using up to 1 cpu(s) for the stress calculation.

 Using up to 1 cpu(s) for the symmetric stiffness/mass contributions.

 Factoring the system of equations using the symmetric spooles solver
 Using up to 1 cpu(s) for spooles.

 Using up to 1 cpu(s) for the stress calculation.

 average force= 0.000259
 time avg. forc= 0.000103
 largest residual force= 0.001489 in node 5059 and dof 1
 largest increment of disp= 2.424499e-05
 largest correction to disp= 2.124416e-05 in node 20796 and dof 1

 no convergence

 iteration 2

 Using up to 1 cpu(s) for the symmetric stiffness/mass contributions.

 Factoring the system of equations using the symmetric spooles solver
 Using up to 1 cpu(s) for spooles.

 Using up to 1 cpu(s) for the stress calculation.

 average force= 0.000257
 time avg. forc= 0.000103
 largest residual force= 0.000357 in node 2363 and dof 1
 largest increment of disp= 2.424499e-05
 largest correction to disp= 3.402842e-06 in node 13446 and dof 1

 no convergence

 iteration 3

 Using up to 1 cpu(s) for the symmetric stiffness/mass contributions.

 Factoring the system of equations using the symmetric spooles solver
 Using up to 1 cpu(s) for spooles.

 Using up to 1 cpu(s) for the stress calculation.

 average force= 0.000256
 time avg. forc= 0.000103
 largest residual force= 0.000002 in node 2363 and dof 1
 largest increment of disp= 2.424499e-05
 largest correction to disp= 3.849489e-07 in node 20811 and dof 1

 no convergence

 iteration 4

 Using up to 1 cpu(s) for the symmetric stiffness/mass contributions.

 Factoring the system of equations using the symmetric spooles solver
 Using up to 1 cpu(s) for spooles.

 Using up to 1 cpu(s) for the stress calculation.

 average force= 0.000256
 time avg. forc= 0.000103
 largest residual force= 0.000000 in node 2363 and dof 1
 largest increment of disp= 2.424499e-05
 largest correction to disp= 9.469982e-09 in node 13376 and dof 1

 convergence; the increment size is increased to 2.812500e-02

 increment 12 attempt 1 
 increment size= 2.812500e-02
 sum of previous increments=3.062500e-01
 actual step time=3.343750e-01
 actual total time=3.343750e-01

 iteration 1

 Using up to 1 cpu(s) for the stress calculation.

 Using up to 1 cpu(s) for the symmetric stiffness/mass contributions.

 Factoring the system of equations using the symmetric spooles solver
 Using up to 1 cpu(s) for spooles.

 Using up to 1 cpu(s) for the stress calculation.

 average force= 0.000351
 time avg. forc= 0.000123
 largest residual force= 0.000133 in node 4993 and dof 1
 largest increment of disp= 4.995458e-05
 largest correction to disp= 4.266153e-05 in node 18234 and dof 1

 no convergence

 iteration 2

 Using up to 1 cpu(s) for the symmetric stiffness/mass contributions.

 Factoring the system of equations using the symmetric spooles solver
 Using up to 1 cpu(s) for spooles.

 Using up to 1 cpu(s) for the stress calculation.

 average force= 0.000346
 time avg. forc= 0.000123
 largest residual force= 0.000551 in node 2363 and dof 1
 largest increment of disp= 4.995458e-05
 largest correction to disp= 9.635268e-06 in node 18231 and dof 1

 no convergence

 iteration 3

 Using up to 1 cpu(s) for the symmetric stiffness/mass contributions.

 Factoring the system of equations using the symmetric spooles solver
 Using up to 1 cpu(s) for spooles.

 Using up to 1 cpu(s) for the stress calculation.

 average force= 0.000346
 time avg. forc= 0.000123
 largest residual force= 0.000002 in node 2363 and dof 1
 largest increment of disp= 4.995458e-05
 largest correction to disp= 1.928799e-06 in node 18222 and dof 1

 no convergence

 iteration 4

 Using up to 1 cpu(s) for the symmetric stiffness/mass contributions.

 Factoring the system of equations using the symmetric spooles solver
 Using up to 1 cpu(s) for spooles.

 Using up to 1 cpu(s) for the stress calculation.

 average force= 0.000346
 time avg. forc= 0.000123
 largest residual force= 0.000000 in node 2363 and dof 1
 largest increment of disp= 4.995458e-05
 largest correction to disp= 4.165608e-08 in node 18231 and dof 1

 convergence; the increment size is increased to 4.218750e-02

 increment 13 attempt 1 
 increment size= 4.218750e-02
 sum of previous increments=3.343750e-01
 actual step time=3.765625e-01
 actual total time=3.765625e-01

 iteration 1

 Using up to 1 cpu(s) for the stress calculation.

 Using up to 1 cpu(s) for the symmetric stiffness/mass contributions.

 Factoring the system of equations using the symmetric spooles solver
 Using up to 1 cpu(s) for spooles.

 Using up to 1 cpu(s) for the stress calculation.

 average force= 0.000468
 time avg. forc= 0.000150
 largest residual force= 0.000662 in node 308 and dof 1
 largest increment of disp= 2.252949e-04
 largest correction to disp= 2.252949e-04 in node 18231 and dof 1

 no convergence

 iteration 2

 Using up to 1 cpu(s) for the symmetric stiffness/mass contributions.

 Factoring the system of equations using the symmetric spooles solver
 Using up to 1 cpu(s) for spooles.

 Using up to 1 cpu(s) for the stress calculation.

 average force= 0.000454
 time avg. forc= 0.000148
 largest residual force= 0.005406 in node 4462 and dof 3
 largest increment of disp= 1.899064e-03
 largest correction to disp= 1.899064e-03 in node 19089 and dof 1

 no convergence

 iteration 3

 Using up to 1 cpu(s) for the symmetric stiffness/mass contributions.

 Factoring the system of equations using the symmetric spooles solver
 Using up to 1 cpu(s) for spooles.

 Using up to 1 cpu(s) for the stress calculation.

 average force= 0.000513
 time avg. forc= 0.000153
 largest residual force= 0.883510 in node 19081 and dof 1
 largest increment of disp= 1.899064e-03
 largest correction to disp= 1.327751e-03 in node 19152 and dof 2

 no convergence

 iteration 4

 Using up to 1 cpu(s) for the symmetric stiffness/mass contributions.

 Factoring the system of equations using the symmetric spooles solver
 Using up to 1 cpu(s) for spooles.

 Using up to 1 cpu(s) for the stress calculation.

 average force= 0.008787
 time avg. forc= 0.000789
 largest residual force= 242.149930 in node 19151 and dof 2
 largest increment of disp= 3.503748e-03
 largest correction to disp= 3.503748e-03 in node 19089 and dof 2

 divergence; the increment size is decreased to 1.054688e-02
 the increment is reattempted

 increment 13 attempt 2 
 increment size= 1.054688e-02
 sum of previous increments=3.343750e-01
 actual step time=3.449219e-01
 actual total time=3.449219e-01

 iteration 1

 Using up to 1 cpu(s) for the stress calculation.

 Using up to 1 cpu(s) for the symmetric stiffness/mass contributions.

 Factoring the system of equations using the symmetric spooles solver
 Using up to 1 cpu(s) for spooles.

 Using up to 1 cpu(s) for the stress calculation.

 average force= 0.000375
 time avg. forc= 0.000142
 largest residual force= 0.000027 in node 5094 and dof 1
 largest increment of disp= 1.223542e-04
 largest correction to disp= 1.223542e-04 in node 16076 and dof 1

 no convergence

 iteration 2

 Using up to 1 cpu(s) for the symmetric stiffness/mass contributions.

 Factoring the system of equations using the symmetric spooles solver
 Using up to 1 cpu(s) for spooles.

 Using up to 1 cpu(s) for the stress calculation.

 average force= 0.000374
 time avg. forc= 0.000142
 largest residual force= 0.000007 in node 2363 and dof 1
 largest increment of disp= 1.223542e-04
 largest correction to disp= 4.056775e-05 in node 16076 and dof 1

 no convergence

 iteration 3

 Using up to 1 cpu(s) for the symmetric stiffness/mass contributions.

 Factoring the system of equations using the symmetric spooles solver
 Using up to 1 cpu(s) for spooles.

 Using up to 1 cpu(s) for the stress calculation.

 average force= 0.000374
 time avg. forc= 0.000142
 largest residual force= 0.000001 in node 3336 and dof 1
 largest increment of disp= 1.223542e-04
 largest correction to disp= 3.051535e-05 in node 16067 and dof 1

 no convergence

 iteration 4

 Using up to 1 cpu(s) for the symmetric stiffness/mass contributions.

 Factoring the system of equations using the symmetric spooles solver
 Using up to 1 cpu(s) for spooles.

 Using up to 1 cpu(s) for the stress calculation.

 average force= 0.000374
 time avg. forc= 0.000142
 largest residual force= 0.000000 in node 3336 and dof 1
 largest increment of disp= 1.223542e-04
 largest correction to disp= 1.544094e-05 in node 16074 and dof 1

 convergence

 increment 14 attempt 1 
 increment size= 1.054688e-02
 sum of previous increments=3.449219e-01
 actual step time=3.554688e-01
 actual total time=3.554688e-01

 iteration 1

 Using up to 1 cpu(s) for the stress calculation.

 Using up to 1 cpu(s) for the symmetric stiffness/mass contributions.

 Factoring the system of equations using the symmetric spooles solver
 Using up to 1 cpu(s) for spooles.

 Using up to 1 cpu(s) for the stress calculation.

 average force= 0.000402
 time avg. forc= 0.000161
 largest residual force= 0.001298 in node 3670 and dof 3
 largest increment of disp= 1.095350e-03
 largest correction to disp= 1.095350e-03 in node 16983 and dof 1

 no convergence

 iteration 2

 Using up to 1 cpu(s) for the symmetric stiffness/mass contributions.

 Factoring the system of equations using the symmetric spooles solver
 Using up to 1 cpu(s) for spooles.

 Using up to 1 cpu(s) for the stress calculation.

 average force= 0.000400
 time avg. forc= 0.000161
 largest residual force= 0.001846 in node 2775 and dof 1
 largest increment of disp= 1.095350e-03
 largest correction to disp= 3.550954e-04 in node 16992 and dof 1

 no convergence

 iteration 3

 Using up to 1 cpu(s) for the symmetric stiffness/mass contributions.

 Factoring the system of equations using the symmetric spooles solver
 Using up to 1 cpu(s) for spooles.

 Using up to 1 cpu(s) for the stress calculation.

 average force= 0.000400
 time avg. forc= 0.000161
 largest residual force= 0.000723 in node 2775 and dof 1
 largest increment of disp= 1.095350e-03
 largest correction to disp= 2.564404e-04 in node 16938 and dof 1

 no convergence

 iteration 4

 Using up to 1 cpu(s) for the symmetric stiffness/mass contributions.

 Factoring the system of equations using the symmetric spooles solver
 Using up to 1 cpu(s) for spooles.

 Using up to 1 cpu(s) for the stress calculation.

 average force= 0.000400
 time avg. forc= 0.000161
 largest residual force= 0.000049 in node 2775 and dof 1
 largest increment of disp= 1.095350e-03
 largest correction to disp= 1.491584e-04 in node 16983 and dof 1

 no convergence

 iteration 5

 Using up to 1 cpu(s) for the symmetric stiffness/mass contributions.

 Factoring the system of equations using the symmetric spooles solver
 Using up to 1 cpu(s) for spooles.

 Using up to 1 cpu(s) for the stress calculation.

 average force= 0.000401
 time avg. forc= 0.000161
 largest residual force= 0.000014 in node 3669 and dof 1
 largest increment of disp= 1.095350e-03
 largest correction to disp= 1.061041e-04 in node 16983 and dof 1

 no convergence

 iteration 6

 Using up to 1 cpu(s) for the symmetric stiffness/mass contributions.

 Factoring the system of equations using the symmetric spooles solver
 Using up to 1 cpu(s) for spooles.

 Using up to 1 cpu(s) for the stress calculation.

 average force= 0.000401
 time avg. forc= 0.000161
 largest residual force= 0.000006 in node 3669 and dof 1
 largest increment of disp= 1.095350e-03
 largest correction to disp= 7.124732e-05 in node 16983 and dof 1

 no convergence

 iteration 7

 Using up to 1 cpu(s) for the symmetric stiffness/mass contributions.

 Factoring the system of equations using the symmetric spooles solver
 Using up to 1 cpu(s) for spooles.

 Using up to 1 cpu(s) for the stress calculation.

 average force= 0.000401
 time avg. forc= 0.000161
 largest residual force= 0.000003 in node 3669 and dof 1
 largest increment of disp= 1.095350e-03
 largest correction to disp= 4.748771e-05 in node 16983 and dof 1

 no convergence

 iteration 8

 Using up to 1 cpu(s) for the symmetric stiffness/mass contributions.

 Factoring the system of equations using the symmetric spooles solver
 Using up to 1 cpu(s) for spooles.

 Using up to 1 cpu(s) for the stress calculation.

 average force= 0.000401
 time avg. forc= 0.000161
 largest residual force= 0.000001 in node 3669 and dof 1
 largest increment of disp= 1.095350e-03
 largest correction to disp= 3.164236e-05 in node 19149 and dof 1

 estimated number of iterations till convergence = 9
 no convergence

 iteration 9

 Using up to 1 cpu(s) for the symmetric stiffness/mass contributions.

 Factoring the system of equations using the symmetric spooles solver
 Using up to 1 cpu(s) for spooles.

 Using up to 1 cpu(s) for the stress calculation.

 average force= 0.000401
 time avg. forc= 0.000161
 largest residual force= 0.000001 in node 4461 and dof 1
 largest increment of disp= 1.095350e-03
 largest correction to disp= 3.815527e-05 in node 19140 and dof 1

 estimated number of iterations till convergence = 7
 no convergence

 iteration 10

 Using up to 1 cpu(s) for the symmetric stiffness/mass contributions.

 Factoring the system of equations using the symmetric spooles solver
 Using up to 1 cpu(s) for spooles.

 Using up to 1 cpu(s) for the stress calculation.

 average force= 0.000401
 time avg. forc= 0.000161
 largest residual force= 0.000004 in node 4461 and dof 1
 largest increment of disp= 1.095350e-03
 largest correction to disp= 5.677504e-05 in node 19149 and dof 1

 divergence; the increment size is decreased to 2.636719e-03
 the increment is reattempted

 increment 14 attempt 2 
 increment size= 2.636719e-03
 sum of previous increments=3.449219e-01
 actual step time=3.475586e-01
 actual total time=3.475586e-01

 iteration 1

 Using up to 1 cpu(s) for the stress calculation.

 Using up to 1 cpu(s) for the symmetric stiffness/mass contributions.

 Factoring the system of equations using the symmetric spooles solver
 Using up to 1 cpu(s) for spooles.

 Using up to 1 cpu(s) for the stress calculation.

 average force= 0.000381
 time avg. forc= 0.000159
 largest residual force= 0.000000 in node 5024 and dof 1
 largest increment of disp= 1.107335e-05
 largest correction to disp= 5.977114e-06 in node 19149 and dof 1

 no convergence

 iteration 2

 Using up to 1 cpu(s) for the symmetric stiffness/mass contributions.

 Factoring the system of equations using the symmetric spooles solver
 Using up to 1 cpu(s) for spooles.

 Using up to 1 cpu(s) for the stress calculation.

 average force= 0.000381
 time avg. forc= 0.000159
 largest residual force= 0.000000 in node 813 and dof 1
 largest increment of disp= 1.107335e-05
 largest correction to disp= 5.991578e-07 in node 19149 and dof 1

 convergence

 increment 15 attempt 1 
 increment size= 2.636719e-03
 sum of previous increments=3.475586e-01
 actual step time=3.501953e-01
 actual total time=3.501953e-01

 iteration 1

 Using up to 1 cpu(s) for the stress calculation.

 Using up to 1 cpu(s) for the symmetric stiffness/mass contributions.

 Factoring the system of equations using the symmetric spooles solver
 Using up to 1 cpu(s) for spooles.

 Using up to 1 cpu(s) for the stress calculation.

 average force= 0.000388
 time avg. forc= 0.000175
 largest residual force= 0.000000 in node 3336 and dof 1
 largest increment of disp= 1.054461e-05
 largest correction to disp= 4.680338e-06 in node 16074 and dof 1

 no convergence

 iteration 2

 Using up to 1 cpu(s) for the symmetric stiffness/mass contributions.

 Factoring the system of equations using the symmetric spooles solver
 Using up to 1 cpu(s) for spooles.

 Using up to 1 cpu(s) for the stress calculation.

 average force= 0.000388
 time avg. forc= 0.000175
 largest residual force= 0.000000 in node 3336 and dof 1
 largest increment of disp= 1.054461e-05
 largest correction to disp= 3.532957e-07 in node 16065 and dof 1

 convergence; the increment size is increased to 3.955078e-03

 Using up to 1 cpu(s) for the stress calculation.

 increment 16 attempt 1 
 increment size= 3.955078e-03
 sum of previous increments=3.501953e-01
 actual step time=3.541504e-01
 actual total time=3.541504e-01

 iteration 1

 Using up to 1 cpu(s) for the stress calculation.

 Using up to 1 cpu(s) for the symmetric stiffness/mass contributions.

 Factoring the system of equations using the symmetric spooles solver
 Using up to 1 cpu(s) for spooles.

 Using up to 1 cpu(s) for the stress calculation.

 average force= 0.000398
 time avg. forc= 0.000189
 largest residual force= 0.000000 in node 5394 and dof 2
 largest increment of disp= 1.876208e-05
 largest correction to disp= 3.383895e-06 in node 16983 and dof 1

 no convergence

 iteration 2

 Using up to 1 cpu(s) for the symmetric stiffness/mass contributions.

 Factoring the system of equations using the symmetric spooles solver
 Using up to 1 cpu(s) for spooles.

 Using up to 1 cpu(s) for the stress calculation.

 average force= 0.000398
 time avg. forc= 0.000189
 largest residual force= 0.000000 in node 1629 and dof 1
 largest increment of disp= 1.876208e-05
 largest correction to disp= 1.058459e-07 in node 16983 and dof 1

 convergence; the increment size is increased to 5.932617e-03

 increment 17 attempt 1 
 increment size= 5.932617e-03
 sum of previous increments=3.541504e-01
 actual step time=3.600830e-01
 actual total time=3.600830e-01

 iteration 1

 Using up to 1 cpu(s) for the stress calculation.

 Using up to 1 cpu(s) for the symmetric stiffness/mass contributions.

 Factoring the system of equations using the symmetric spooles solver
 Using up to 1 cpu(s) for spooles.

 Using up to 1 cpu(s) for the stress calculation.

 average force= 0.000412
 time avg. forc= 0.000202
 largest residual force= 0.000000 in node 6024 and dof 2
 largest increment of disp= 2.757798e-05
 largest correction to disp= 5.262959e-06 in node 19149 and dof 1

 no convergence

 iteration 2

 Using up to 1 cpu(s) for the symmetric stiffness/mass contributions.

 Factoring the system of equations using the symmetric spooles solver
 Using up to 1 cpu(s) for spooles.

 Using up to 1 cpu(s) for the stress calculation.

 average force= 0.000412
 time avg. forc= 0.000202
 largest residual force= 0.000000 in node 813 and dof 1
 largest increment of disp= 2.757798e-05
 largest correction to disp= 4.897982e-07 in node 19149 and dof 1

 convergence; the increment size is increased to 8.898926e-03

 increment 18 attempt 1 
 increment size= 8.898926e-03
 sum of previous increments=3.600830e-01
 actual step time=3.689819e-01
 actual total time=3.689819e-01

 iteration 1

 Using up to 1 cpu(s) for the stress calculation.

 Using up to 1 cpu(s) for the symmetric stiffness/mass contributions.

 Factoring the system of equations using the symmetric spooles solver
 Using up to 1 cpu(s) for spooles.

 Using up to 1 cpu(s) for the stress calculation.

 average force= 0.000433
 time avg. forc= 0.000215
 largest residual force= 0.000000 in node 2391 and dof 1
 largest increment of disp= 3.515858e-05
 largest correction to disp= 7.821434e-06 in node 16985 and dof 1

 no convergence

 iteration 2

 Using up to 1 cpu(s) for the symmetric stiffness/mass contributions.

 Factoring the system of equations using the symmetric spooles solver
 Using up to 1 cpu(s) for spooles.

 Using up to 1 cpu(s) for the stress calculation.

 average force= 0.000433
 time avg. forc= 0.000215
 largest residual force= 0.000000 in node 813 and dof 1
 largest increment of disp= 3.515858e-05
 largest correction to disp= 1.147642e-06 in node 16994 and dof 1

 convergence; the increment size is increased to 1.334839e-02

 increment 19 attempt 1 
 increment size= 1.334839e-02
 sum of previous increments=3.689819e-01
 actual step time=3.823303e-01
 actual total time=3.823303e-01

 iteration 1

 Using up to 1 cpu(s) for the stress calculation.

 Using up to 1 cpu(s) for the symmetric stiffness/mass contributions.

 Factoring the system of equations using the symmetric spooles solver
 Using up to 1 cpu(s) for spooles.

 Using up to 1 cpu(s) for the stress calculation.

 average force= 0.000463
 time avg. forc= 0.000228
 largest residual force= 0.000003 in node 2391 and dof 1
 largest increment of disp= 4.113705e-05
 largest correction to disp= 9.206254e-06 in node 16985 and dof 1

 no convergence

 iteration 2

 Using up to 1 cpu(s) for the symmetric stiffness/mass contributions.

 Factoring the system of equations using the symmetric spooles solver
 Using up to 1 cpu(s) for spooles.

 Using up to 1 cpu(s) for the stress calculation.

 average force= 0.000463
 time avg. forc= 0.000228
 largest residual force= 0.000001 in node 2363 and dof 1
 largest increment of disp= 4.113705e-05
 largest correction to disp= 1.883870e-06 in node 9210 and dof 1

 no convergence

 iteration 3

 Using up to 1 cpu(s) for the symmetric stiffness/mass contributions.

 Factoring the system of equations using the symmetric spooles solver
 Using up to 1 cpu(s) for spooles.

 Using up to 1 cpu(s) for the stress calculation.

 average force= 0.000463
 time avg. forc= 0.000228
 largest residual force= 0.000000 in node 813 and dof 1
 largest increment of disp= 4.113705e-05
 largest correction to disp= 4.149907e-08 in node 9228 and dof 1

 convergence; the increment size is increased to 2.002258e-02

 increment 20 attempt 1 
 increment size= 2.002258e-02
 sum of previous increments=3.823303e-01
 actual step time=4.023529e-01
 actual total time=4.023529e-01

 iteration 1

 Using up to 1 cpu(s) for the stress calculation.

 Using up to 1 cpu(s) for the symmetric stiffness/mass contributions.

 Factoring the system of equations using the symmetric spooles solver
 Using up to 1 cpu(s) for spooles.

 Using up to 1 cpu(s) for the stress calculation.

 average force= 0.000505
 time avg. forc= 0.000241
 largest residual force= 0.000011 in node 2391 and dof 1
 largest increment of disp= 4.720009e-05
 largest correction to disp= 1.031953e-05 in node 16983 and dof 1

 no convergence

 iteration 2

 Using up to 1 cpu(s) for the symmetric stiffness/mass contributions.

 Factoring the system of equations using the symmetric spooles solver
 Using up to 1 cpu(s) for spooles.

 Using up to 1 cpu(s) for the stress calculation.

 average force= 0.000504
 time avg. forc= 0.000241
 largest residual force= 0.000006 in node 2363 and dof 1
 largest increment of disp= 4.720009e-05
 largest correction to disp= 3.078776e-06 in node 11262 and dof 1

 no convergence

 iteration 3

 Using up to 1 cpu(s) for the symmetric stiffness/mass contributions.

 Factoring the system of equations using the symmetric spooles solver
 Using up to 1 cpu(s) for spooles.

 Using up to 1 cpu(s) for the stress calculation.

 average force= 0.000504
 time avg. forc= 0.000241
 largest residual force= 0.000000 in node 1629 and dof 1
 largest increment of disp= 4.720009e-05
 largest correction to disp= 1.016632e-07 in node 11280 and dof 1

 convergence; the increment size is increased to 3.003387e-02

 Using up to 1 cpu(s) for the stress calculation.

 increment 21 attempt 1 
 increment size= 3.003387e-02
 sum of previous increments=4.023529e-01
 actual step time=4.323868e-01
 actual total time=4.323868e-01

 iteration 1

 Using up to 1 cpu(s) for the stress calculation.

 Using up to 1 cpu(s) for the symmetric stiffness/mass contributions.

 Factoring the system of equations using the symmetric spooles solver
 Using up to 1 cpu(s) for spooles.

 Using up to 1 cpu(s) for the stress calculation.

 average force= 0.000562
 time avg. forc= 0.000257
 largest residual force= 0.000030 in node 2391 and dof 1
 largest increment of disp= 5.606557e-05
 largest correction to disp= 1.195514e-05 in node 16992 and dof 1

 no convergence

 iteration 2

 Using up to 1 cpu(s) for the symmetric stiffness/mass contributions.

 Factoring the system of equations using the symmetric spooles solver
 Using up to 1 cpu(s) for spooles.

 Using up to 1 cpu(s) for the stress calculation.

 average force= 0.000561
 time avg. forc= 0.000257
 largest residual force= 0.000029 in node 2363 and dof 1
 largest increment of disp= 5.606557e-05
 largest correction to disp= 4.454549e-06 in node 11280 and dof 1

 no convergence

 iteration 3

 Using up to 1 cpu(s) for the symmetric stiffness/mass contributions.

 Factoring the system of equations using the symmetric spooles solver
 Using up to 1 cpu(s) for spooles.

 Using up to 1 cpu(s) for the stress calculation.

 average force= 0.000561
 time avg. forc= 0.000257
 largest residual force= 0.000000 in node 1739 and dof 1
 largest increment of disp= 5.606557e-05
 largest correction to disp= 1.967050e-07 in node 11262 and dof 1

 convergence; the increment size is increased to 4.505081e-02

 increment 22 attempt 1 
 increment size= 4.505081e-02
 sum of previous increments=4.323868e-01
 actual step time=4.774376e-01
 actual total time=4.774376e-01

 iteration 1

 Using up to 1 cpu(s) for the stress calculation.

 Using up to 1 cpu(s) for the symmetric stiffness/mass contributions.

 Factoring the system of equations using the symmetric spooles solver
 Using up to 1 cpu(s) for spooles.

 Using up to 1 cpu(s) for the stress calculation.

 average force= 0.000641
 time avg. forc= 0.000274
 largest residual force= 0.000069 in node 2363 and dof 1
 largest increment of disp= 6.985874e-05
 largest correction to disp= 1.421276e-05 in node 16992 and dof 1

 no convergence

 iteration 2

 Using up to 1 cpu(s) for the symmetric stiffness/mass contributions.

 Factoring the system of equations using the symmetric spooles solver
 Using up to 1 cpu(s) for spooles.

 Using up to 1 cpu(s) for the stress calculation.

 average force= 0.000639
 time avg. forc= 0.000274
 largest residual force= 0.000102 in node 2363 and dof 1
 largest increment of disp= 6.985874e-05
 largest correction to disp= 5.310944e-06 in node 11370 and dof 1

 no convergence

 iteration 3

 Using up to 1 cpu(s) for the symmetric stiffness/mass contributions.

 Factoring the system of equations using the symmetric spooles solver
 Using up to 1 cpu(s) for spooles.

 Using up to 1 cpu(s) for the stress calculation.

 average force= 0.000639
 time avg. forc= 0.000274
 largest residual force= 0.000000 in node 1739 and dof 1
 largest increment of disp= 6.985874e-05
 largest correction to disp= 2.598170e-07 in node 11280 and dof 1

 convergence; the increment size is increased to 6.757622e-02

 the increment size exceeds the maximum allowed and is decreased to 5.000000e-02

 increment 23 attempt 1 
 increment size= 5.000000e-02
 sum of previous increments=4.774376e-01
 actual step time=5.274376e-01
 actual total time=5.274376e-01

 iteration 1

 Using up to 1 cpu(s) for the stress calculation.

 Using up to 1 cpu(s) for the symmetric stiffness/mass contributions.

 Factoring the system of equations using the symmetric spooles solver
 Using up to 1 cpu(s) for spooles.

 Using up to 1 cpu(s) for the stress calculation.

 average force= 0.000719
 time avg. forc= 0.000293
 largest residual force= 0.000084 in node 2363 and dof 1
 largest increment of disp= 6.711399e-05
 largest correction to disp= 1.147233e-05 in node 16992 and dof 1

 no convergence

 iteration 2

 Using up to 1 cpu(s) for the symmetric stiffness/mass contributions.

 Factoring the system of equations using the symmetric spooles solver
 Using up to 1 cpu(s) for spooles.

 Using up to 1 cpu(s) for the stress calculation.

 average force= 0.000717
 time avg. forc= 0.000293
 largest residual force= 0.000090 in node 2363 and dof 1
 largest increment of disp= 6.711399e-05
 largest correction to disp= 3.485298e-06 in node 11334 and dof 1

 no convergence

 iteration 3

 Using up to 1 cpu(s) for the symmetric stiffness/mass contributions.

 Factoring the system of equations using the symmetric spooles solver
 Using up to 1 cpu(s) for spooles.

 Using up to 1 cpu(s) for the stress calculation.

 average force= 0.000717
 time avg. forc= 0.000293
 largest residual force= 0.000000 in node 2335 and dof 1
 largest increment of disp= 6.711399e-05
 largest correction to disp= 1.030558e-07 in node 11406 and dof 1

 convergence; the increment size is increased to 7.500000e-02

 the increment size exceeds the maximum allowed and is decreased to 5.000000e-02

 increment 24 attempt 1 
 increment size= 5.000000e-02
 sum of previous increments=5.274376e-01
 actual step time=5.774376e-01
 actual total time=5.774376e-01

 iteration 1

 Using up to 1 cpu(s) for the stress calculation.

 Using up to 1 cpu(s) for the symmetric stiffness/mass contributions.

 Factoring the system of equations using the symmetric spooles solver
 Using up to 1 cpu(s) for spooles.

 Using up to 1 cpu(s) for the stress calculation.

 average force= 0.000790
 time avg. forc= 0.000314
 largest residual force= 0.000067 in node 2363 and dof 1
 largest increment of disp= 5.833993e-05
 largest correction to disp= 7.820297e-06 in node 19152 and dof 1

 no convergence

 iteration 2

 Using up to 1 cpu(s) for the symmetric stiffness/mass contributions.

 Factoring the system of equations using the symmetric spooles solver
 Using up to 1 cpu(s) for spooles.

 Using up to 1 cpu(s) for the stress calculation.

 average force= 0.000789
 time avg. forc= 0.000314
 largest residual force= 0.000036 in node 2363 and dof 1
 largest increment of disp= 5.833993e-05
 largest correction to disp= 1.856795e-06 in node 10452 and dof 2

 no convergence

 iteration 3

 Using up to 1 cpu(s) for the symmetric stiffness/mass contributions.

 Factoring the system of equations using the symmetric spooles solver
 Using up to 1 cpu(s) for spooles.

 Using up to 1 cpu(s) for the stress calculation.

 average force= 0.000789
 time avg. forc= 0.000314
 largest residual force= 0.000000 in node 2335 and dof 1
 largest increment of disp= 5.833993e-05
 largest correction to disp= 2.874730e-08 in node 12432 and dof 2

 convergence; the increment size is increased to 7.500000e-02

 the increment size exceeds the maximum allowed and is decreased to 5.000000e-02

 increment 25 attempt 1 
 increment size= 5.000000e-02
 sum of previous increments=5.774376e-01
 actual step time=6.274376e-01
 actual total time=6.274376e-01

 iteration 1

 Using up to 1 cpu(s) for the stress calculation.

 Using up to 1 cpu(s) for the symmetric stiffness/mass contributions.

 Factoring the system of equations using the symmetric spooles solver
 Using up to 1 cpu(s) for spooles.

 Using up to 1 cpu(s) for the stress calculation.

 average force= 0.000857
 time avg. forc= 0.000336
 largest residual force= 0.000049 in node 2363 and dof 1
 largest increment of disp= 5.179238e-05
 largest correction to disp= 5.711852e-06 in node 19152 and dof 1

 no convergence

 iteration 2

 Using up to 1 cpu(s) for the symmetric stiffness/mass contributions.

 Factoring the system of equations using the symmetric spooles solver
 Using up to 1 cpu(s) for spooles.

 Using up to 1 cpu(s) for the stress calculation.

 average force= 0.000856
 time avg. forc= 0.000336
 largest residual force= 0.000014 in node 2335 and dof 1
 largest increment of disp= 5.179238e-05
 largest correction to disp= 1.047412e-06 in node 10434 and dof 2

 no convergence

 iteration 3

 Using up to 1 cpu(s) for the symmetric stiffness/mass contributions.

 Factoring the system of equations using the symmetric spooles solver
 Using up to 1 cpu(s) for spooles.

 Using up to 1 cpu(s) for the stress calculation.

 average force= 0.000856
 time avg. forc= 0.000336
 largest residual force= 0.000000 in node 2391 and dof 1
 largest increment of disp= 5.179238e-05
 largest correction to disp= 1.156154e-08 in node 19089 and dof 1

 convergence; the increment size is increased to 7.500000e-02

 the increment size exceeds the maximum allowed and is decreased to 5.000000e-02

 Using up to 1 cpu(s) for the stress calculation.

 increment 26 attempt 1 
 increment size= 5.000000e-02
 sum of previous increments=6.274376e-01
 actual step time=6.774376e-01
 actual total time=6.774376e-01

 iteration 1

 Using up to 1 cpu(s) for the stress calculation.

 Using up to 1 cpu(s) for the symmetric stiffness/mass contributions.

 Factoring the system of equations using the symmetric spooles solver
 Using up to 1 cpu(s) for spooles.

 Using up to 1 cpu(s) for the stress calculation.

 average force= 0.000921
 time avg. forc= 0.000358
 largest residual force= 0.000037 in node 2363 and dof 1
 largest increment of disp= 5.084882e-05
 largest correction to disp= 4.364648e-06 in node 19143 and dof 1

 no convergence

 iteration 2

 Using up to 1 cpu(s) for the symmetric stiffness/mass contributions.

 Factoring the system of equations using the symmetric spooles solver
 Using up to 1 cpu(s) for spooles.

 Using up to 1 cpu(s) for the stress calculation.

 average force= 0.000920
 time avg. forc= 0.000358
 largest residual force= 0.000006 in node 2335 and dof 1
 largest increment of disp= 5.084882e-05
 largest correction to disp= 6.185613e-07 in node 10413 and dof 2

 no convergence

 iteration 3

 Using up to 1 cpu(s) for the symmetric stiffness/mass contributions.

 Factoring the system of equations using the symmetric spooles solver
 Using up to 1 cpu(s) for spooles.

 Using up to 1 cpu(s) for the stress calculation.

 average force= 0.000920
 time avg. forc= 0.000358
 largest residual force= 0.000000 in node 2391 and dof 1
 largest increment of disp= 5.084882e-05
 largest correction to disp= 9.684370e-09 in node 19091 and dof 1

 convergence; the increment size is increased to 7.500000e-02

 the increment size exceeds the maximum allowed and is decreased to 5.000000e-02

 increment 27 attempt 1 
 increment size= 5.000000e-02
 sum of previous increments=6.774376e-01
 actual step time=7.274376e-01
 actual total time=7.274376e-01

 iteration 1

 Using up to 1 cpu(s) for the stress calculation.

 Using up to 1 cpu(s) for the symmetric stiffness/mass contributions.

 Factoring the system of equations using the symmetric spooles solver
 Using up to 1 cpu(s) for spooles.

 Using up to 1 cpu(s) for the stress calculation.

 average force= 0.000981
 time avg. forc= 0.000381
 largest residual force= 0.000028 in node 2363 and dof 1
 largest increment of disp= 5.081869e-05
 largest correction to disp= 3.437550e-06 in node 19152 and dof 1

 no convergence

 iteration 2

 Using up to 1 cpu(s) for the symmetric stiffness/mass contributions.

 Factoring the system of equations using the symmetric spooles solver
 Using up to 1 cpu(s) for spooles.

 Using up to 1 cpu(s) for the stress calculation.

 average force= 0.000981
 time avg. forc= 0.000381
 largest residual force= 0.000003 in node 2335 and dof 1
 largest increment of disp= 5.081869e-05
 largest correction to disp= 3.945091e-07 in node 10536 and dof 2

 no convergence

 iteration 3

 Using up to 1 cpu(s) for the symmetric stiffness/mass contributions.

 Factoring the system of equations using the symmetric spooles solver
 Using up to 1 cpu(s) for spooles.

 Using up to 1 cpu(s) for the stress calculation.

 average force= 0.000981
 time avg. forc= 0.000381
 largest residual force= 0.000000 in node 5543 and dof 1
 largest increment of disp= 5.081869e-05
 largest correction to disp= 8.524117e-09 in node 19091 and dof 1

 convergence; the increment size is increased to 7.500000e-02

 the increment size exceeds the maximum allowed and is decreased to 5.000000e-02

 increment 28 attempt 1 
 increment size= 5.000000e-02
 sum of previous increments=7.274376e-01
 actual step time=7.774376e-01
 actual total time=7.774376e-01

 iteration 1

 Using up to 1 cpu(s) for the stress calculation.

 Using up to 1 cpu(s) for the symmetric stiffness/mass contributions.

 Factoring the system of equations using the symmetric spooles solver
 Using up to 1 cpu(s) for spooles.

 Using up to 1 cpu(s) for the stress calculation.

 average force= 0.001040
 time avg. forc= 0.000405
 largest residual force= 0.000022 in node 2363 and dof 1
 largest increment of disp= 5.081599e-05
 largest correction to disp= 2.818843e-06 in node 19098 and dof 1

 no convergence

 iteration 2

 Using up to 1 cpu(s) for the symmetric stiffness/mass contributions.

 Factoring the system of equations using the symmetric spooles solver
 Using up to 1 cpu(s) for spooles.

 Using up to 1 cpu(s) for the stress calculation.

 average force= 0.001039
 time avg. forc= 0.000405
 largest residual force= 0.000001 in node 2335 and dof 1
 largest increment of disp= 5.081599e-05
 largest correction to disp= 2.934727e-07 in node 12642 and dof 2

 convergence; the increment size is increased to 7.500000e-02

 the increment size exceeds the maximum allowed and is decreased to 5.000000e-02

 increment 29 attempt 1 
 increment size= 5.000000e-02
 sum of previous increments=7.774376e-01
 actual step time=8.274376e-01
 actual total time=8.274376e-01

 iteration 1

 Using up to 1 cpu(s) for the stress calculation.

 Using up to 1 cpu(s) for the symmetric stiffness/mass contributions.

 Factoring the system of equations using the symmetric spooles solver
 Using up to 1 cpu(s) for spooles.

 Using up to 1 cpu(s) for the stress calculation.

 average force= 0.001096
 time avg. forc= 0.000429
 largest residual force= 0.000017 in node 2363 and dof 1
 largest increment of disp= 5.080875e-05
 largest correction to disp= 2.422470e-06 in node 19089 and dof 1

 no convergence

 iteration 2

 Using up to 1 cpu(s) for the symmetric stiffness/mass contributions.

 Factoring the system of equations using the symmetric spooles solver
 Using up to 1 cpu(s) for spooles.

 Using up to 1 cpu(s) for the stress calculation.

 average force= 0.001096
 time avg. forc= 0.000429
 largest residual force= 0.000000 in node 2335 and dof 1
 largest increment of disp= 5.080875e-05
 largest correction to disp= 2.217969e-07 in node 12642 and dof 2

 convergence; the increment size is increased to 7.500000e-02

 the increment size exceeds the maximum allowed and is decreased to 5.000000e-02

 increment 30 attempt 1 
 increment size= 5.000000e-02
 sum of previous increments=8.274376e-01
 actual step time=8.774376e-01
 actual total time=8.774376e-01

 iteration 1

 Using up to 1 cpu(s) for the stress calculation.

 Using up to 1 cpu(s) for the symmetric stiffness/mass contributions.

 Factoring the system of equations using the symmetric spooles solver
 Using up to 1 cpu(s) for spooles.

 Using up to 1 cpu(s) for the stress calculation.

 average force= 0.001151
 time avg. forc= 0.000453
 largest residual force= 0.000014 in node 2334 and dof 3
 largest increment of disp= 5.079766e-05
 largest correction to disp= 2.094453e-06 in node 19089 and dof 1

 no convergence

 iteration 2

 Using up to 1 cpu(s) for the symmetric stiffness/mass contributions.

 Factoring the system of equations using the symmetric spooles solver
 Using up to 1 cpu(s) for spooles.

 Using up to 1 cpu(s) for the stress calculation.

 average force= 0.001151
 time avg. forc= 0.000453
 largest residual force= 0.000000 in node 2335 and dof 1
 largest increment of disp= 5.079766e-05
 largest correction to disp= 1.789553e-07 in node 9450 and dof 1

 convergence; the increment size is increased to 7.500000e-02

 the increment size exceeds the maximum allowed and is decreased to 5.000000e-02

 Using up to 1 cpu(s) for the stress calculation.

 increment 31 attempt 1 
 increment size= 5.000000e-02
 sum of previous increments=8.774376e-01
 actual step time=9.274376e-01
 actual total time=9.274376e-01

 iteration 1

 Using up to 1 cpu(s) for the stress calculation.

 Using up to 1 cpu(s) for the symmetric stiffness/mass contributions.

 Factoring the system of equations using the symmetric spooles solver
 Using up to 1 cpu(s) for spooles.

 Using up to 1 cpu(s) for the stress calculation.

 average force= 0.001204
 time avg. forc= 0.000477
 largest residual force= 0.000012 in node 2334 and dof 3
 largest increment of disp= 5.078368e-05
 largest correction to disp= 1.888094e-06 in node 19091 and dof 1

 no convergence

 iteration 2

 Using up to 1 cpu(s) for the symmetric stiffness/mass contributions.

 Factoring the system of equations using the symmetric spooles solver
 Using up to 1 cpu(s) for spooles.

 Using up to 1 cpu(s) for the stress calculation.

 average force= 0.001204
 time avg. forc= 0.000477
 largest residual force= 0.000000 in node 2335 and dof 1
 largest increment of disp= 5.078368e-05
 largest correction to disp= 1.426280e-07 in node 9432 and dof 1

 convergence; the increment size is increased to 7.500000e-02

 the increment size exceeds the maximum allowed and is decreased to 5.000000e-02

 increment 32 attempt 1 
 increment size= 5.000000e-02
 sum of previous increments=9.274376e-01
 actual step time=9.774376e-01
 actual total time=9.774376e-01

 iteration 1

 Using up to 1 cpu(s) for the stress calculation.

 Using up to 1 cpu(s) for the symmetric stiffness/mass contributions.

 Factoring the system of equations using the symmetric spooles solver
 Using up to 1 cpu(s) for spooles.

 Using up to 1 cpu(s) for the stress calculation.

 average force= 0.001256
 time avg. forc= 0.000501
 largest residual force= 0.000010 in node 2334 and dof 3
 largest increment of disp= 5.076772e-05
 largest correction to disp= 1.780966e-06 in node 19091 and dof 1

 no convergence

 iteration 2

 Using up to 1 cpu(s) for the symmetric stiffness/mass contributions.

 Factoring the system of equations using the symmetric spooles solver
 Using up to 1 cpu(s) for spooles.

 Using up to 1 cpu(s) for the stress calculation.

 average force= 0.001256
 time avg. forc= 0.000501
 largest residual force= 0.000000 in node 2335 and dof 1
 largest increment of disp= 5.076772e-05
 largest correction to disp= 1.140312e-07 in node 9434 and dof 1

 convergence; the increment size is increased to 7.500000e-02

 the increment size exceeds the maximum allowed and is decreased to 5.000000e-02

 the increment size exceeds the remainder of the step and is decreased to 2.256241e-02

 increment 33 attempt 1 
 increment size= 2.256241e-02
 sum of previous increments=9.774376e-01
 actual step time=1.000000e+00
 actual total time=1.000000e+00

 iteration 1

 Using up to 1 cpu(s) for the stress calculation.

 Using up to 1 cpu(s) for the symmetric stiffness/mass contributions.

 Factoring the system of equations using the symmetric spooles solver
 Using up to 1 cpu(s) for spooles.

 Using up to 1 cpu(s) for the stress calculation.

 average force= 0.001279
 time avg. forc= 0.000525
 largest residual force= 0.000001 in node 2334 and dof 3
 largest increment of disp= 2.290111e-05
 largest correction to disp= 5.604250e-07 in node 19091 and dof 1

 no convergence

 iteration 2

 Using up to 1 cpu(s) for the symmetric stiffness/mass contributions.

 Factoring the system of equations using the symmetric spooles solver
 Using up to 1 cpu(s) for spooles.

 Using up to 1 cpu(s) for the stress calculation.

 average force= 0.001279
 time avg. forc= 0.000525
 largest residual force= 0.000000 in node 2335 and dof 1
 largest increment of disp= 2.290111e-05
 largest correction to disp= 2.369250e-08 in node 19100 and dof 1

 convergence; the increment size is increased to 3.384361e-02

 the increment size exceeds the remainder of the step and is decreased to 0.000000e+00

 Using up to 1 cpu(s) for the stress calculation.


 Job finished

________________________________________

Total CalculiX Time: 544.591368
________________________________________

=== Concluido. .sta tail: ===
     1         31     1     2  0.927438E+00  0.927438E+00  0.500000E-01
     1         32     1     2  0.977438E+00  0.977438E+00  0.500000E-01
     1         33     1     2  0.100000E+01  0.100000E+01  0.225624E-01
