 Container myopenfoam-fsi-run-ca30336c70d6 Creating 
 Container myopenfoam-fsi-run-ca30336c70d6 Created 
=== on-caso-2 (CCX): polyMesh -> CalculiX .inp ===
[1/5] Lendo polyMesh em ../solid/constant/polyMesh
      nodes=3493, faces=8940, cells=2736, patches=12, zones=['on', 'pia', 'dura', 'lc', 'sclera_peri', 'sclera_ring', 'globo']
[2/5] Reconstruindo conectividade C3D8 (2736 celulas)
      OK
[3/5] Escrevendo malha em on-caso-2_mesh.inp
[4/5] Escrevendo Winkler em on-caso-2_winkler.inp
[5/5] Concluido. Total: 3493 nodes, 2736 hex C3D8I.
=== on-caso-2 (CCX): solver ccx_preCICE -i on-caso-2 ===

************************************************************

CalculiX Version 2.20, Copyright(C) 1998-2022 Guido Dhondt
CalculiX comes with ABSOLUTELY NO WARRANTY. This is free
software, and you are welcome to redistribute it under
certain conditions, see gpl.htm

************************************************************

You are using an executable made on Sun Jul 31 18:08:37 CEST 2022

  The numbers below are estimated upper bounds

  number of:

   nodes:        11950
   elements:         2985
   one-dimensional elements:            0
   two-dimensional elements:            0
   integration points per element:            8
   degrees of freedom per node:            3
   layers per element:            1

   distributed facial loads:          480
   distributed volumetric loads:            0
   concentrated loads:           12
   single point constraints:         2625
   multiple point constraints:            1
   terms in all multiple point constraints:            1
   tie constraints:            0
   dependent nodes tied by cyclic constraints:            0
   dependent nodes in pre-tension constraints:            0

   sets:          284
   terms in all sets:        13414

   materials:          256
   constants per material and temperature:            2
   temperature points per material:            1
   plastic data points per material:            0

   orientations:            0
   amplitudes:            7
   data points in all amplitudes:           10
   print requests:            8
   transformations:            0
   property cards:            0

 *INFO reading *HYPERELASTIC: nonlinear geometric
       effects are turned on

 *INFO reading *HYPERELASTIC: nonlinear geometric
       effects are turned on

 *INFO reading *HYPERELASTIC: nonlinear geometric
       effects are turned on

 *INFO reading *HYPERELASTIC: nonlinear geometric
       effects are turned on

 *INFO reading *HYPERELASTIC: nonlinear geometric
       effects are turned on

 *INFO reading *HYPERELASTIC: nonlinear geometric
       effects are turned on

 *INFO reading *HYPERELASTIC: nonlinear geometric
       effects are turned on

 *INFO reading *STEP: nonlinear geometric
       effects are turned on

 *WARNING reading *STATIC: parameter not recognized:
          RIKS
 *WARNING reading *STATIC. Card image:
          *STATIC,RIKS


 STEP            1

 Static analysis was selected

 Nonlinear material laws are taken into account

 Newton-Raphson iterative procedure is active

 Nonlinear geometric effects are taken into account

 Decascading the MPC's

 Determining the structure of the matrix:
 Using up to 1 cpu(s) for setting up the structure of the matrix.
 number of equations
 33297
 number of nonzero lower triangular matrix elements
 918879

 increment 1 attempt 1 
 increment size= 2.500000e-02
 sum of previous increments=0.000000e+00
 actual step time=2.500000e-02
 actual total time=2.500000e-02

 iteration 1

 Using up to 1 cpu(s) for the stress calculation.

 Using up to 1 cpu(s) for the symmetric stiffness/mass contributions.

 Factoring the system of equations using the symmetric spooles solver
 Using up to 1 cpu(s) for spooles.

 Using up to 1 cpu(s) for the stress calculation.

 average force= 0.000023
 time avg. forc= 0.000023
 largest residual force= 0.003590 in node 1627 and dof 1
 largest increment of disp= 3.757946e-05
 largest correction to disp= 3.757946e-05 in node 835 and dof 3

 no convergence

 iteration 2

 Using up to 1 cpu(s) for the symmetric stiffness/mass contributions.

 Factoring the system of equations using the symmetric spooles solver
 Using up to 1 cpu(s) for spooles.

 Using up to 1 cpu(s) for the stress calculation.

 average force= 0.000021
 time avg. forc= 0.000021
 largest residual force= 0.000021 in node 1641 and dof 1
 largest increment of disp= 3.757946e-05
 largest correction to disp= 8.247499e-07 in node 2410 and dof 3

 no convergence

 iteration 3

 Using up to 1 cpu(s) for the symmetric stiffness/mass contributions.

 Factoring the system of equations using the symmetric spooles solver
 Using up to 1 cpu(s) for spooles.

 Using up to 1 cpu(s) for the stress calculation.

 average force= 0.000021
 time avg. forc= 0.000021
 largest residual force= 0.000000 in node 1641 and dof 1
 largest increment of disp= 3.757946e-05
 largest correction to disp= 4.895156e-08 in node 7802 and dof 1

 convergence

 increment 2 attempt 1 
 increment size= 2.500000e-02
 sum of previous increments=2.500000e-02
 actual step time=5.000000e-02
 actual total time=5.000000e-02

 iteration 1

 Using up to 1 cpu(s) for the stress calculation.

 Using up to 1 cpu(s) for the symmetric stiffness/mass contributions.

 Factoring the system of equations using the symmetric spooles solver
 Using up to 1 cpu(s) for spooles.

 Using up to 1 cpu(s) for the stress calculation.

 average force= 0.000043
 time avg. forc= 0.000032
 largest residual force= 0.000135 in node 1641 and dof 1
 largest increment of disp= 3.760346e-05
 largest correction to disp= 1.950564e-06 in node 7820 and dof 1

 no convergence

 iteration 2

 Using up to 1 cpu(s) for the symmetric stiffness/mass contributions.

 Factoring the system of equations using the symmetric spooles solver
 Using up to 1 cpu(s) for spooles.

 Using up to 1 cpu(s) for the stress calculation.

 average force= 0.000043
 time avg. forc= 0.000032
 largest residual force= 0.000005 in node 1641 and dof 1
 largest increment of disp= 3.760346e-05
 largest correction to disp= 3.506224e-07 in node 7817 and dof 1

 no convergence

 iteration 3

 Using up to 1 cpu(s) for the symmetric stiffness/mass contributions.

 Factoring the system of equations using the symmetric spooles solver
 Using up to 1 cpu(s) for spooles.

 Using up to 1 cpu(s) for the stress calculation.

 average force= 0.000043
 time avg. forc= 0.000032
 largest residual force= 0.000000 in node 1648 and dof 1
 largest increment of disp= 3.760346e-05
 largest correction to disp= 2.157274e-09 in node 7820 and dof 1

 convergence; the increment size is increased to 3.750000e-02

 increment 3 attempt 1 
 increment size= 3.750000e-02
 sum of previous increments=5.000000e-02
 actual step time=8.750000e-02
 actual total time=8.750000e-02

 iteration 1

 Using up to 1 cpu(s) for the stress calculation.

 Using up to 1 cpu(s) for the symmetric stiffness/mass contributions.

 Factoring the system of equations using the symmetric spooles solver
 Using up to 1 cpu(s) for spooles.

 Using up to 1 cpu(s) for the stress calculation.

 average force= 0.000076
 time avg. forc= 0.000047
 largest residual force= 0.000921 in node 1648 and dof 1
 largest increment of disp= 5.651713e-05
 largest correction to disp= 5.056943e-06 in node 7820 and dof 1

 no convergence

 iteration 2

 Using up to 1 cpu(s) for the symmetric stiffness/mass contributions.

 Factoring the system of equations using the symmetric spooles solver
 Using up to 1 cpu(s) for spooles.

 Using up to 1 cpu(s) for the stress calculation.

 average force= 0.000076
 time avg. forc= 0.000047
 largest residual force= 0.000483 in node 1641 and dof 1
 largest increment of disp= 5.651713e-05
 largest correction to disp= 3.650466e-06 in node 7817 and dof 1

 no convergence

 iteration 3

 Using up to 1 cpu(s) for the symmetric stiffness/mass contributions.

 Factoring the system of equations using the symmetric spooles solver
 Using up to 1 cpu(s) for spooles.

 Using up to 1 cpu(s) for the stress calculation.

 average force= 0.000076
 time avg. forc= 0.000047
 largest residual force= 0.000001 in node 1648 and dof 1
 largest increment of disp= 5.651713e-05
 largest correction to disp= 1.950711e-07 in node 7817 and dof 1

 no convergence

 iteration 4

 Using up to 1 cpu(s) for the symmetric stiffness/mass contributions.

 Factoring the system of equations using the symmetric spooles solver
 Using up to 1 cpu(s) for spooles.

 Using up to 1 cpu(s) for the stress calculation.

 average force= 0.000076
 time avg. forc= 0.000047
 largest residual force= 0.000000 in node 1648 and dof 1
 largest increment of disp= 5.651713e-05
 largest correction to disp= 6.320886e-09 in node 7820 and dof 1

 convergence; the increment size is increased to 5.625000e-02

 the increment size exceeds the maximum allowed and is decreased to 5.000000e-02

 increment 4 attempt 1 
 increment size= 5.000000e-02
 sum of previous increments=8.750000e-02
 actual step time=1.375000e-01
 actual total time=1.375000e-01

 iteration 1

 Using up to 1 cpu(s) for the stress calculation.

 Using up to 1 cpu(s) for the symmetric stiffness/mass contributions.

 Factoring the system of equations using the symmetric spooles solver
 Using up to 1 cpu(s) for spooles.

 Using up to 1 cpu(s) for the stress calculation.

 average force= 0.000124
 time avg. forc= 0.000066
 largest residual force= 0.001309 in node 1647 and dof 1
 largest increment of disp= 7.574992e-05
 largest correction to disp= 5.884198e-06 in node 7838 and dof 1

 no convergence

 iteration 2

 Using up to 1 cpu(s) for the symmetric stiffness/mass contributions.

 Factoring the system of equations using the symmetric spooles solver
 Using up to 1 cpu(s) for spooles.

 Using up to 1 cpu(s) for the stress calculation.

 average force= 0.000156
 time avg. forc= 0.000074
 largest residual force= 0.033465 in node 1648 and dof 1
 largest increment of disp= 7.574992e-05
 largest correction to disp= 3.052725e-05 in node 7817 and dof 1

 no convergence

 iteration 3

 Using up to 1 cpu(s) for the symmetric stiffness/mass contributions.

 Factoring the system of equations using the symmetric spooles solver
 Using up to 1 cpu(s) for spooles.

 Using up to 1 cpu(s) for the stress calculation.

 average force= 0.000130
 time avg. forc= 0.000068
 largest residual force= 0.000057 in node 1641 and dof 1
 largest increment of disp= 7.574992e-05
 largest correction to disp= 1.191359e-06 in node 7799 and dof 1

 no convergence

 iteration 4

 Using up to 1 cpu(s) for the symmetric stiffness/mass contributions.

 Factoring the system of equations using the symmetric spooles solver
 Using up to 1 cpu(s) for spooles.

 Using up to 1 cpu(s) for the stress calculation.

 average force= 0.000129
 time avg. forc= 0.000067
 largest residual force= 0.000210 in node 1648 and dof 1
 largest increment of disp= 7.574992e-05
 largest correction to disp= 2.377988e-06 in node 7817 and dof 1

 no convergence

 iteration 5

 Using up to 1 cpu(s) for the symmetric stiffness/mass contributions.

 Factoring the system of equations using the symmetric spooles solver
 Using up to 1 cpu(s) for spooles.

 Using up to 1 cpu(s) for the stress calculation.

 average force= 0.000129
 time avg. forc= 0.000067
 largest residual force= 0.000000 in node 1655 and dof 1
 largest increment of disp= 7.574992e-05
 largest correction to disp= 5.522223e-08 in node 7835 and dof 1

 convergence

 increment 5 attempt 1 
 increment size= 5.000000e-02
 sum of previous increments=1.375000e-01
 actual step time=1.875000e-01
 actual total time=1.875000e-01

 iteration 1

 Using up to 1 cpu(s) for the stress calculation.

 Using up to 1 cpu(s) for the symmetric stiffness/mass contributions.

 Factoring the system of equations using the symmetric spooles solver
 Using up to 1 cpu(s) for spooles.

 Using up to 1 cpu(s) for the stress calculation.

 average force= 0.000188
 time avg. forc= 0.000092
 largest residual force= 0.000728 in node 2441 and dof 1
 largest increment of disp= 7.695386e-05
 largest correction to disp= 1.558854e-05 in node 5199 and dof 1

 no convergence

 iteration 2

 Using up to 1 cpu(s) for the symmetric stiffness/mass contributions.

 Factoring the system of equations using the symmetric spooles solver
 Using up to 1 cpu(s) for spooles.

 Using up to 1 cpu(s) for the stress calculation.

 average force= 0.000195
 time avg. forc= 0.000093
 largest residual force= 0.010003 in node 1765 and dof 1
 largest increment of disp= 7.695386e-05
 largest correction to disp= 1.631401e-05 in node 8141 and dof 1

 no convergence

 iteration 3

 Using up to 1 cpu(s) for the symmetric stiffness/mass contributions.

 Factoring the system of equations using the symmetric spooles solver
 Using up to 1 cpu(s) for spooles.

 Using up to 1 cpu(s) for the stress calculation.

 average force= 0.000192
 time avg. forc= 0.000092
 largest residual force= 0.000049 in node 1777 and dof 1
 largest increment of disp= 7.695386e-05
 largest correction to disp= 3.954668e-06 in node 5316 and dof 1

 no convergence

 iteration 4

 Using up to 1 cpu(s) for the symmetric stiffness/mass contributions.

 Factoring the system of equations using the symmetric spooles solver
 Using up to 1 cpu(s) for spooles.

 Using up to 1 cpu(s) for the stress calculation.

 average force= 0.000192
 time avg. forc= 0.000092
 largest residual force= 0.000028 in node 1789 and dof 1
 largest increment of disp= 7.695386e-05
 largest correction to disp= 8.666134e-07 in node 8216 and dof 1

 no convergence

 iteration 5

 Using up to 1 cpu(s) for the symmetric stiffness/mass contributions.

 Factoring the system of equations using the symmetric spooles solver
 Using up to 1 cpu(s) for spooles.

 Using up to 1 cpu(s) for the stress calculation.

 average force= 0.000192
 time avg. forc= 0.000092
 largest residual force= 0.000000 in node 1795 and dof 1
 largest increment of disp= 7.695386e-05
 largest correction to disp= 1.543027e-08 in node 1832 and dof 1

 convergence

 Using up to 1 cpu(s) for the stress calculation.

 increment 6 attempt 1 
 increment size= 5.000000e-02
 sum of previous increments=1.875000e-01
 actual step time=2.375000e-01
 actual total time=2.375000e-01

 iteration 1

 Using up to 1 cpu(s) for the stress calculation.

 Using up to 1 cpu(s) for the symmetric stiffness/mass contributions.

 Factoring the system of equations using the symmetric spooles solver
 Using up to 1 cpu(s) for spooles.

 Using up to 1 cpu(s) for the stress calculation.

 average force= 0.000419
 time avg. forc= 0.000147
 largest residual force= 0.029789 in node 2039 and dof 1
 largest increment of disp= 7.801738e-05
 largest correction to disp= 7.712821e-05 in node 5964 and dof 2

 no convergence

 iteration 2

 Using up to 1 cpu(s) for the symmetric stiffness/mass contributions.

 Factoring the system of equations using the symmetric spooles solver
 Using up to 1 cpu(s) for spooles.

 Using up to 1 cpu(s) for the stress calculation.

 average force= 0.000271
 time avg. forc= 0.000122
 largest residual force= 0.002342 in node 1655 and dof 1
 largest increment of disp= 7.801738e-05
 largest correction to disp= 2.710261e-05 in node 5316 and dof 1

 no convergence

 iteration 3

 Using up to 1 cpu(s) for the symmetric stiffness/mass contributions.

 Factoring the system of equations using the symmetric spooles solver
 Using up to 1 cpu(s) for spooles.

 Using up to 1 cpu(s) for the stress calculation.

 average force= 0.000268
 time avg. forc= 0.000122
 largest residual force= 0.000808 in node 2039 and dof 1
 largest increment of disp= 7.801738e-05
 largest correction to disp= 7.878670e-06 in node 7464 and dof 2

 no convergence

 iteration 4

 Using up to 1 cpu(s) for the symmetric stiffness/mass contributions.

 Factoring the system of equations using the symmetric spooles solver
 Using up to 1 cpu(s) for spooles.

 Using up to 1 cpu(s) for the stress calculation.

 average force= 0.000268
 time avg. forc= 0.000122
 largest residual force= 0.000001 in node 1717 and dof 2
 largest increment of disp= 7.801738e-05
 largest correction to disp= 5.287983e-07 in node 5223 and dof 1

 no convergence

 iteration 5

 Using up to 1 cpu(s) for the symmetric stiffness/mass contributions.

 Factoring the system of equations using the symmetric spooles solver
 Using up to 1 cpu(s) for spooles.

 Using up to 1 cpu(s) for the stress calculation.

 average force= 0.000268
 time avg. forc= 0.000122
 largest residual force= 0.000000 in node 2441 and dof 1
 largest increment of disp= 7.801738e-05
 largest correction to disp= 2.617056e-08 in node 9446 and dof 1

 convergence

 increment 7 attempt 1 
 increment size= 5.000000e-02
 sum of previous increments=2.375000e-01
 actual step time=2.875000e-01
 actual total time=2.875000e-01

 iteration 1

 Using up to 1 cpu(s) for the stress calculation.

 Using up to 1 cpu(s) for the symmetric stiffness/mass contributions.

 Factoring the system of equations using the symmetric spooles solver
 Using up to 1 cpu(s) for spooles.

 Using up to 1 cpu(s) for the stress calculation.

 average force= 0.000480
 time avg. forc= 0.000173
 largest residual force= 0.022068 in node 2441 and dof 1
 largest increment of disp= 1.011410e-04
 largest correction to disp= 1.939704e-05 in node 9410 and dof 1

 no convergence

 iteration 2

 Using up to 1 cpu(s) for the symmetric stiffness/mass contributions.

 Factoring the system of equations using the symmetric spooles solver
 Using up to 1 cpu(s) for spooles.

 Using up to 1 cpu(s) for the stress calculation.

 average force= 0.001076
 time avg. forc= 0.000258
 largest residual force= 0.121619 in node 2039 and dof 1
 largest increment of disp= 1.011410e-04
 largest correction to disp= 4.597119e-05 in node 8726 and dof 1

 no convergence

 iteration 3

 Using up to 1 cpu(s) for the symmetric stiffness/mass contributions.

 Factoring the system of equations using the symmetric spooles solver
 Using up to 1 cpu(s) for spooles.

 Using up to 1 cpu(s) for the stress calculation.

 average force= 0.000467
 time avg. forc= 0.000171
 largest residual force= 0.004948 in node 2441 and dof 1
 largest increment of disp= 1.011410e-04
 largest correction to disp= 9.242881e-06 in node 9408 and dof 1

 no convergence

 iteration 4

 Using up to 1 cpu(s) for the symmetric stiffness/mass contributions.

 Factoring the system of equations using the symmetric spooles solver
 Using up to 1 cpu(s) for spooles.

 Using up to 1 cpu(s) for the stress calculation.

 average force= 0.004408
 time avg. forc= 0.000734
 largest residual force= 0.524920 in node 2243 and dof 2
 largest increment of disp= 1.011410e-04
 largest correction to disp= 9.534559e-05 in node 9086 and dof 2

 no convergence

 iteration 5

 Using up to 1 cpu(s) for the symmetric stiffness/mass contributions.

 Factoring the system of equations using the symmetric spooles solver
 Using up to 1 cpu(s) for spooles.

 Using up to 1 cpu(s) for the stress calculation.

 average force= 0.000596
 time avg. forc= 0.000189
 largest residual force= 0.001830 in node 2039 and dof 1
 largest increment of disp= 1.011410e-04
 largest correction to disp= 1.041859e-05 in node 1974 and dof 3

 no convergence

 iteration 6

 Using up to 1 cpu(s) for the symmetric stiffness/mass contributions.

 Factoring the system of equations using the symmetric spooles solver
 Using up to 1 cpu(s) for spooles.

 Using up to 1 cpu(s) for the stress calculation.

 average force= 0.000863
 time avg. forc= 0.000227
 largest residual force= 0.059514 in node 2039 and dof 1
 largest increment of disp= 1.011410e-04
 largest correction to disp= 3.199409e-05 in node 8732 and dof 1

 no convergence

 iteration 7

 Using up to 1 cpu(s) for the symmetric stiffness/mass contributions.

 Factoring the system of equations using the symmetric spooles solver
 Using up to 1 cpu(s) for spooles.

 Using up to 1 cpu(s) for the stress calculation.

 average force= 0.000547
 time avg. forc= 0.000182
 largest residual force= 0.001128 in node 2039 and dof 1
 largest increment of disp= 1.011410e-04
 largest correction to disp= 4.422268e-06 in node 8726 and dof 1

 no convergence

 iteration 8

 Using up to 1 cpu(s) for the symmetric stiffness/mass contributions.

 Factoring the system of equations using the symmetric spooles solver
 Using up to 1 cpu(s) for spooles.

 Using up to 1 cpu(s) for the stress calculation.

 average force= 0.000537
 time avg. forc= 0.000181
 largest residual force= 0.004308 in node 2039 and dof 1
 largest increment of disp= 1.011410e-04
 largest correction to disp= 8.634793e-06 in node 8726 and dof 1

 estimated number of iterations till convergence = 2
 no convergence

 iteration 9

 Using up to 1 cpu(s) for the symmetric stiffness/mass contributions.

 Factoring the system of equations using the symmetric spooles solver
 Using up to 1 cpu(s) for spooles.

 Using up to 1 cpu(s) for the stress calculation.

 average force= 0.000535
 time avg. forc= 0.000181
 largest residual force= 0.000057 in node 2039 and dof 1
 largest increment of disp= 1.011410e-04
 largest correction to disp= 9.963137e-07 in node 8732 and dof 1

 estimated number of iterations till convergence = 10
 no convergence

 iteration 10

 Using up to 1 cpu(s) for the symmetric stiffness/mass contributions.

 Factoring the system of equations using the symmetric spooles solver
 Using up to 1 cpu(s) for spooles.

 Using up to 1 cpu(s) for the stress calculation.

 average force= 0.000535
 time avg. forc= 0.000181
 largest residual force= 0.000002 in node 2039 and dof 1
 largest increment of disp= 1.011410e-04
 largest correction to disp= 1.669313e-07 in node 8732 and dof 1

 convergence

 increment 8 attempt 1 
 increment size= 5.000000e-02
 sum of previous increments=2.875000e-01
 actual step time=3.375000e-01
 actual total time=3.375000e-01

 iteration 1

 Using up to 1 cpu(s) for the stress calculation.

 Using up to 1 cpu(s) for the symmetric stiffness/mass contributions.

 Factoring the system of equations using the symmetric spooles solver
 Using up to 1 cpu(s) for spooles.

 Using up to 1 cpu(s) for the stress calculation.

 average force= 0.000789
 time avg. forc= 0.000257
 largest residual force= 0.007698 in node 2458 and dof 3
 largest increment of disp= 1.293913e-04
 largest correction to disp= 3.450907e-05 in node 1974 and dof 3

 no convergence

 iteration 2

 Using up to 1 cpu(s) for the symmetric stiffness/mass contributions.

 Factoring the system of equations using the symmetric spooles solver
 Using up to 1 cpu(s) for spooles.

 Using up to 1 cpu(s) for the stress calculation.

 average force= 0.001576
 time avg. forc= 0.000355
 largest residual force= 0.127474 in node 2441 and dof 1
 largest increment of disp= 1.293913e-04
 largest correction to disp= 4.663294e-05 in node 9452 and dof 1

 no convergence

 iteration 3

 Using up to 1 cpu(s) for the symmetric stiffness/mass contributions.

 Factoring the system of equations using the symmetric spooles solver
 Using up to 1 cpu(s) for spooles.

 Using up to 1 cpu(s) for the stress calculation.

 average force= 0.000680
 time avg. forc= 0.000243
 largest residual force= 0.004889 in node 2441 and dof 1
 largest increment of disp= 1.293913e-04
 largest correction to disp= 9.390533e-06 in node 9446 and dof 1

 no convergence

 iteration 4

 Using up to 1 cpu(s) for the symmetric stiffness/mass contributions.

 Factoring the system of equations using the symmetric spooles solver
 Using up to 1 cpu(s) for spooles.

 Using up to 1 cpu(s) for the stress calculation.

 average force= 0.000731
 time avg. forc= 0.000249
 largest residual force= 0.021997 in node 2441 and dof 1
 largest increment of disp= 1.293913e-04
 largest correction to disp= 1.950834e-05 in node 9452 and dof 1

 no convergence

 iteration 5

 Using up to 1 cpu(s) for the symmetric stiffness/mass contributions.

 Factoring the system of equations using the symmetric spooles solver
 Using up to 1 cpu(s) for spooles.

 Using up to 1 cpu(s) for the stress calculation.

 average force= 0.000649
 time avg. forc= 0.000239
 largest residual force= 0.000659 in node 2441 and dof 1
 largest increment of disp= 1.293913e-04
 largest correction to disp= 3.390881e-06 in node 9446 and dof 1

 no convergence

 iteration 6

 Using up to 1 cpu(s) for the symmetric stiffness/mass contributions.

 Factoring the system of equations using the symmetric spooles solver
 Using up to 1 cpu(s) for spooles.

 Using up to 1 cpu(s) for the stress calculation.

 average force= 0.000647
 time avg. forc= 0.000239
 largest residual force= 0.000167 in node 2441 and dof 1
 largest increment of disp= 1.293913e-04
 largest correction to disp= 1.702238e-06 in node 9446 and dof 1

 no convergence

 iteration 7

 Using up to 1 cpu(s) for the symmetric stiffness/mass contributions.

 Factoring the system of equations using the symmetric spooles solver
 Using up to 1 cpu(s) for spooles.

 Using up to 1 cpu(s) for the stress calculation.

 average force= 0.000646
 time avg. forc= 0.000239
 largest residual force= 0.000000 in node 2441 and dof 1
 largest increment of disp= 1.293913e-04
 largest correction to disp= 4.719374e-08 in node 9446 and dof 1

 convergence

 increment 9 attempt 1 
 increment size= 5.000000e-02
 sum of previous increments=3.375000e-01
 actual step time=3.875000e-01
 actual total time=3.875000e-01

 iteration 1

 Using up to 1 cpu(s) for the stress calculation.

 Using up to 1 cpu(s) for the symmetric stiffness/mass contributions.

 Factoring the system of equations using the symmetric spooles solver
 Using up to 1 cpu(s) for spooles.

 Using up to 1 cpu(s) for the stress calculation.

 average force= 0.000751
 time avg. forc= 0.000296
 largest residual force= 0.000436 in node 2459 and dof 1
 largest increment of disp= 8.035670e-05
 largest correction to disp= 7.640231e-06 in node 7344 and dof 2

 no convergence

 iteration 2

 Using up to 1 cpu(s) for the symmetric stiffness/mass contributions.

 Factoring the system of equations using the symmetric spooles solver
 Using up to 1 cpu(s) for spooles.

 Using up to 1 cpu(s) for the stress calculation.

 average force= 0.000742
 time avg. forc= 0.000295
 largest residual force= 0.002611 in node 2243 and dof 2
 largest increment of disp= 8.035670e-05
 largest correction to disp= 9.072561e-06 in node 6579 and dof 1

 no convergence

 iteration 3

 Using up to 1 cpu(s) for the symmetric stiffness/mass contributions.

 Factoring the system of equations using the symmetric spooles solver
 Using up to 1 cpu(s) for spooles.

 Using up to 1 cpu(s) for the stress calculation.

 average force= 0.000741
 time avg. forc= 0.000295
 largest residual force= 0.000007 in node 2615 and dof 2
 largest increment of disp= 8.035670e-05
 largest correction to disp= 3.488470e-07 in node 9812 and dof 2

 no convergence

 iteration 4

 Using up to 1 cpu(s) for the symmetric stiffness/mass contributions.

 Factoring the system of equations using the symmetric spooles solver
 Using up to 1 cpu(s) for spooles.

 Using up to 1 cpu(s) for the stress calculation.

 average force= 0.000741
 time avg. forc= 0.000295
 largest residual force= 0.000000 in node 2615 and dof 2
 largest increment of disp= 8.035670e-05
 largest correction to disp= 2.367614e-08 in node 1238 and dof 1

 convergence

 increment 10 attempt 1 
 increment size= 5.000000e-02
 sum of previous increments=3.875000e-01
 actual step time=4.375000e-01
 actual total time=4.375000e-01

 iteration 1

 Using up to 1 cpu(s) for the stress calculation.

 Using up to 1 cpu(s) for the symmetric stiffness/mass contributions.

 Factoring the system of equations using the symmetric spooles solver
 Using up to 1 cpu(s) for spooles.

 Using up to 1 cpu(s) for the stress calculation.

 average force= 0.000831
 time avg. forc= 0.000348
 largest residual force= 0.000286 in node 1771 and dof 1
 largest increment of disp= 8.047120e-05
 largest correction to disp= 5.829786e-06 in node 6612 and dof 1

 no convergence

 iteration 2

 Using up to 1 cpu(s) for the symmetric stiffness/mass contributions.

 Factoring the system of equations using the symmetric spooles solver
 Using up to 1 cpu(s) for spooles.

 Using up to 1 cpu(s) for the stress calculation.

 average force= 0.000826
 time avg. forc= 0.000348
 largest residual force= 0.000606 in node 2039 and dof 1
 largest increment of disp= 8.047120e-05
 largest correction to disp= 5.242270e-06 in node 6522 and dof 1

 no convergence

 iteration 3

 Using up to 1 cpu(s) for the symmetric stiffness/mass contributions.

 Factoring the system of equations using the symmetric spooles solver
 Using up to 1 cpu(s) for spooles.

 Using up to 1 cpu(s) for the stress calculation.

 average force= 0.000826
 time avg. forc= 0.000348
 largest residual force= 0.000000 in node 2039 and dof 1
 largest increment of disp= 8.047120e-05
 largest correction to disp= 1.520155e-07 in node 1503 and dof 1

 convergence; the increment size is increased to 7.500000e-02

 the increment size exceeds the maximum allowed and is decreased to 5.000000e-02

 Using up to 1 cpu(s) for the stress calculation.

 increment 11 attempt 1 
 increment size= 5.000000e-02
 sum of previous increments=4.375000e-01
 actual step time=4.875000e-01
 actual total time=4.875000e-01

 iteration 1

 Using up to 1 cpu(s) for the stress calculation.

 Using up to 1 cpu(s) for the symmetric stiffness/mass contributions.

 Factoring the system of equations using the symmetric spooles solver
 Using up to 1 cpu(s) for spooles.

 Using up to 1 cpu(s) for the stress calculation.

 average force= 0.000910
 time avg. forc= 0.000399
 largest residual force= 0.000222 in node 1771 and dof 1
 largest increment of disp= 8.063306e-05
 largest correction to disp= 5.785123e-06 in node 6552 and dof 1

 no convergence

 iteration 2

 Using up to 1 cpu(s) for the symmetric stiffness/mass contributions.

 Factoring the system of equations using the symmetric spooles solver
 Using up to 1 cpu(s) for spooles.

 Using up to 1 cpu(s) for the stress calculation.

 average force= 0.000907
 time avg. forc= 0.000399
 largest residual force= 0.000185 in node 2039 and dof 1
 largest increment of disp= 8.063306e-05
 largest correction to disp= 3.306909e-06 in node 6576 and dof 1

 no convergence

 iteration 3

 Using up to 1 cpu(s) for the symmetric stiffness/mass contributions.

 Factoring the system of equations using the symmetric spooles solver
 Using up to 1 cpu(s) for spooles.

 Using up to 1 cpu(s) for the stress calculation.

 average force= 0.000907
 time avg. forc= 0.000399
 largest residual force= 0.000000 in node 1841 and dof 2
 largest increment of disp= 8.063306e-05
 largest correction to disp= 1.270386e-07 in node 6564 and dof 1

 convergence; the increment size is increased to 7.500000e-02

 the increment size exceeds the maximum allowed and is decreased to 5.000000e-02

 increment 12 attempt 1 
 increment size= 5.000000e-02
 sum of previous increments=4.875000e-01
 actual step time=5.375000e-01
 actual total time=5.375000e-01

 iteration 1

 Using up to 1 cpu(s) for the stress calculation.

 Using up to 1 cpu(s) for the symmetric stiffness/mass contributions.

 Factoring the system of equations using the symmetric spooles solver
 Using up to 1 cpu(s) for spooles.

 Using up to 1 cpu(s) for the stress calculation.

 average force= 0.000986
 time avg. forc= 0.000448
 largest residual force= 0.000173 in node 1771 and dof 1
 largest increment of disp= 8.077472e-05
 largest correction to disp= 4.595635e-06 in node 6552 and dof 1

 no convergence

 iteration 2

 Using up to 1 cpu(s) for the symmetric stiffness/mass contributions.

 Factoring the system of equations using the symmetric spooles solver
 Using up to 1 cpu(s) for spooles.

 Using up to 1 cpu(s) for the stress calculation.

 average force= 0.000984
 time avg. forc= 0.000447
 largest residual force= 0.000067 in node 2039 and dof 1
 largest increment of disp= 8.077472e-05
 largest correction to disp= 3.656132e-06 in node 6519 and dof 1

 no convergence

 iteration 3

 Using up to 1 cpu(s) for the symmetric stiffness/mass contributions.

 Factoring the system of equations using the symmetric spooles solver
 Using up to 1 cpu(s) for spooles.

 Using up to 1 cpu(s) for the stress calculation.

 average force= 0.000984
 time avg. forc= 0.000447
 largest residual force= 0.000000 in node 1836 and dof 2
 largest increment of disp= 8.077472e-05
 largest correction to disp= 1.702443e-07 in node 6507 and dof 1

 convergence; the increment size is increased to 7.500000e-02

 the increment size exceeds the maximum allowed and is decreased to 5.000000e-02

 increment 13 attempt 1 
 increment size= 5.000000e-02
 sum of previous increments=5.375000e-01
 actual step time=5.875000e-01
 actual total time=5.875000e-01

 iteration 1

 Using up to 1 cpu(s) for the stress calculation.

 Using up to 1 cpu(s) for the symmetric stiffness/mass contributions.

 Factoring the system of equations using the symmetric spooles solver
 Using up to 1 cpu(s) for spooles.

 Using up to 1 cpu(s) for the stress calculation.

 average force= 0.001061
 time avg. forc= 0.000495
 largest residual force= 0.000134 in node 1771 and dof 1
 largest increment of disp= 8.084672e-05
 largest correction to disp= 3.887966e-06 in node 6576 and dof 1

 no convergence

 iteration 2

 Using up to 1 cpu(s) for the symmetric stiffness/mass contributions.

 Factoring the system of equations using the symmetric spooles solver
 Using up to 1 cpu(s) for spooles.

 Using up to 1 cpu(s) for the stress calculation.

 average force= 0.001060
 time avg. forc= 0.000495
 largest residual force= 0.000029 in node 1711 and dof 2
 largest increment of disp= 8.084672e-05
 largest correction to disp= 3.307552e-06 in node 6519 and dof 1

 no convergence

 iteration 3

 Using up to 1 cpu(s) for the symmetric stiffness/mass contributions.

 Factoring the system of equations using the symmetric spooles solver
 Using up to 1 cpu(s) for spooles.

 Using up to 1 cpu(s) for the stress calculation.

 average force= 0.001060
 time avg. forc= 0.000495
 largest residual force= 0.000000 in node 1826 and dof 2
 largest increment of disp= 8.084672e-05
 largest correction to disp= 1.094268e-07 in node 6507 and dof 1

 convergence; the increment size is increased to 7.500000e-02

 the increment size exceeds the maximum allowed and is decreased to 5.000000e-02

 increment 14 attempt 1 
 increment size= 5.000000e-02
 sum of previous increments=5.875000e-01
 actual step time=6.375000e-01
 actual total time=6.375000e-01

 iteration 1

 Using up to 1 cpu(s) for the stress calculation.

 Using up to 1 cpu(s) for the symmetric stiffness/mass contributions.

 Factoring the system of equations using the symmetric spooles solver
 Using up to 1 cpu(s) for spooles.

 Using up to 1 cpu(s) for the stress calculation.

 average force= 0.001134
 time avg. forc= 0.000540
 largest residual force= 0.000103 in node 1771 and dof 1
 largest increment of disp= 8.081595e-05
 largest correction to disp= 3.245048e-06 in node 6591 and dof 1

 no convergence

 iteration 2

 Using up to 1 cpu(s) for the symmetric stiffness/mass contributions.

 Factoring the system of equations using the symmetric spooles solver
 Using up to 1 cpu(s) for spooles.

 Using up to 1 cpu(s) for the stress calculation.

 average force= 0.001133
 time avg. forc= 0.000540
 largest residual force= 0.000017 in node 1705 and dof 2
 largest increment of disp= 8.081595e-05
 largest correction to disp= 2.554833e-06 in node 6519 and dof 1

 no convergence

 iteration 3

 Using up to 1 cpu(s) for the symmetric stiffness/mass contributions.

 Factoring the system of equations using the symmetric spooles solver
 Using up to 1 cpu(s) for spooles.

 Using up to 1 cpu(s) for the stress calculation.

 average force= 0.001133
 time avg. forc= 0.000540
 largest residual force= 0.000000 in node 1771 and dof 1
 largest increment of disp= 8.081595e-05
 largest correction to disp= 1.120888e-07 in node 1837 and dof 1

 convergence; the increment size is increased to 7.500000e-02

 the increment size exceeds the maximum allowed and is decreased to 5.000000e-02

 increment 15 attempt 1 
 increment size= 5.000000e-02
 sum of previous increments=6.375000e-01
 actual step time=6.875000e-01
 actual total time=6.875000e-01

 iteration 1

 Using up to 1 cpu(s) for the stress calculation.

 Using up to 1 cpu(s) for the symmetric stiffness/mass contributions.

 Factoring the system of equations using the symmetric spooles solver
 Using up to 1 cpu(s) for spooles.

 Using up to 1 cpu(s) for the stress calculation.

 average force= 0.001206
 time avg. forc= 0.000585
 largest residual force= 0.000087 in node 1223 and dof 3
 largest increment of disp= 8.068701e-05
 largest correction to disp= 3.056834e-06 in node 6531 and dof 1

 no convergence

 iteration 2

 Using up to 1 cpu(s) for the symmetric stiffness/mass contributions.

 Factoring the system of equations using the symmetric spooles solver
 Using up to 1 cpu(s) for spooles.

 Using up to 1 cpu(s) for the stress calculation.

 average force= 0.001206
 time avg. forc= 0.000584
 largest residual force= 0.000010 in node 1705 and dof 2
 largest increment of disp= 8.068701e-05
 largest correction to disp= 1.877108e-06 in node 6519 and dof 1

 no convergence

 iteration 3

 Using up to 1 cpu(s) for the symmetric stiffness/mass contributions.

 Factoring the system of equations using the symmetric spooles solver
 Using up to 1 cpu(s) for spooles.

 Using up to 1 cpu(s) for the stress calculation.

 average force= 0.001206
 time avg. forc= 0.000584
 largest residual force= 0.000000 in node 1795 and dof 1
 largest increment of disp= 8.068701e-05
 largest correction to disp= 1.529880e-07 in node 1507 and dof 1

 convergence; the increment size is increased to 7.500000e-02

 the increment size exceeds the maximum allowed and is decreased to 5.000000e-02

 Using up to 1 cpu(s) for the stress calculation.

 increment 16 attempt 1 
 increment size= 5.000000e-02
 sum of previous increments=6.875000e-01
 actual step time=7.375000e-01
 actual total time=7.375000e-01

 iteration 1

 Using up to 1 cpu(s) for the stress calculation.

 Using up to 1 cpu(s) for the symmetric stiffness/mass contributions.

 Factoring the system of equations using the symmetric spooles solver
 Using up to 1 cpu(s) for spooles.

 Using up to 1 cpu(s) for the stress calculation.

 average force= 0.001278
 time avg. forc= 0.000628
 largest residual force= 0.000076 in node 1223 and dof 3
 largest increment of disp= 8.048727e-05
 largest correction to disp= 3.173385e-06 in node 6531 and dof 1

 no convergence

 iteration 2

 Using up to 1 cpu(s) for the symmetric stiffness/mass contributions.

 Factoring the system of equations using the symmetric spooles solver
 Using up to 1 cpu(s) for spooles.

 Using up to 1 cpu(s) for the stress calculation.

 average force= 0.001277
 time avg. forc= 0.000628
 largest residual force= 0.000021 in node 1700 and dof 2
 largest increment of disp= 8.048727e-05
 largest correction to disp= 1.321236e-06 in node 6519 and dof 1

 no convergence

 iteration 3

 Using up to 1 cpu(s) for the symmetric stiffness/mass contributions.

 Factoring the system of equations using the symmetric spooles solver
 Using up to 1 cpu(s) for spooles.

 Using up to 1 cpu(s) for the stress calculation.

 average force= 0.029173
 time avg. forc= 0.002371
 largest residual force= 10.210185 in node 1825 and dof 2
 largest increment of disp= 5.302701e-04
 largest correction to disp= 5.302701e-04 in node 1765 and dof 2

 no convergence

 iteration 4

 Using up to 1 cpu(s) for the symmetric stiffness/mass contributions.

 Factoring the system of equations using the symmetric spooles solver
 Using up to 1 cpu(s) for spooles.

 Using up to 1 cpu(s) for the stress calculation.

 average force= 10.423055
 time avg. forc= 0.651989
 largest residual force= 117022.372271 in node 8384 and dof 1
 largest increment of disp= 1.253038e-02
 largest correction to disp= 1.253038e-02 in node 5247 and dof 2

 divergence; the increment size is decreased to 1.250000e-02
 the increment is reattempted

 increment 16 attempt 2 
 increment size= 1.250000e-02
 sum of previous increments=6.875000e-01
 actual step time=7.000000e-01
 actual total time=7.000000e-01

 iteration 1

 Using up to 1 cpu(s) for the stress calculation.

 Using up to 1 cpu(s) for the symmetric stiffness/mass contributions.

 Factoring the system of equations using the symmetric spooles solver
 Using up to 1 cpu(s) for spooles.

 Using up to 1 cpu(s) for the stress calculation.

 average force= 0.001224
 time avg. forc= 0.000624
 largest residual force= 0.000002 in node 1223 and dof 3
 largest increment of disp= 2.012182e-05
 largest correction to disp= 5.968830e-07 in node 6531 and dof 1

 no convergence

 iteration 2

 Using up to 1 cpu(s) for the symmetric stiffness/mass contributions.

 Factoring the system of equations using the symmetric spooles solver
 Using up to 1 cpu(s) for spooles.

 Using up to 1 cpu(s) for the stress calculation.

 average force= 0.001224
 time avg. forc= 0.000624
 largest residual force= 0.000000 in node 1826 and dof 2
 largest increment of disp= 2.012182e-05
 largest correction to disp= 1.276567e-07 in node 1765 and dof 2

 convergence

 increment 17 attempt 1 
 increment size= 1.250000e-02
 sum of previous increments=7.000000e-01
 actual step time=7.125000e-01
 actual total time=7.125000e-01

 iteration 1

 Using up to 1 cpu(s) for the stress calculation.

 Using up to 1 cpu(s) for the symmetric stiffness/mass contributions.

 Factoring the system of equations using the symmetric spooles solver
 Using up to 1 cpu(s) for spooles.

 Using up to 1 cpu(s) for the stress calculation.

 average force= 0.001241
 time avg. forc= 0.000661
 largest residual force= 0.000120 in node 1711 and dof 2
 largest increment of disp= 2.008134e-05
 largest correction to disp= 2.147713e-06 in node 1771 and dof 2

 no convergence

 iteration 2

 Using up to 1 cpu(s) for the symmetric stiffness/mass contributions.

 Factoring the system of equations using the symmetric spooles solver
 Using up to 1 cpu(s) for spooles.

 Using up to 1 cpu(s) for the stress calculation.

 average force= 0.001391
 time avg. forc= 0.000670
 largest residual force= 0.111270 in node 1712 and dof 2
 largest increment of disp= 5.954749e-05
 largest correction to disp= 5.954749e-05 in node 1765 and dof 2

 no convergence

 iteration 3

 Using up to 1 cpu(s) for the symmetric stiffness/mass contributions.

 Factoring the system of equations using the symmetric spooles solver
 Using up to 1 cpu(s) for spooles.

 Using up to 1 cpu(s) for the stress calculation.

 average force= 0.001242
 time avg. forc= 0.000661
 largest residual force= 0.004914 in node 1772 and dof 1
 largest increment of disp= 5.954749e-05
 largest correction to disp= 1.449034e-05 in node 1771 and dof 2

 no convergence

 iteration 4

 Using up to 1 cpu(s) for the symmetric stiffness/mass contributions.

 Factoring the system of equations using the symmetric spooles solver
 Using up to 1 cpu(s) for spooles.

 Using up to 1 cpu(s) for the stress calculation.

 average force= 0.002961
 time avg. forc= 0.000762
 largest residual force= 0.613918 in node 1837 and dof 2
 largest increment of disp= 1.621930e-04
 largest correction to disp= 1.621930e-04 in node 1771 and dof 2

 no convergence

 iteration 5

 Using up to 1 cpu(s) for the symmetric stiffness/mass contributions.

 Factoring the system of equations using the symmetric spooles solver
 Using up to 1 cpu(s) for spooles.

 Using up to 1 cpu(s) for the stress calculation.

 average force= 0.001243
 time avg. forc= 0.000661
 largest residual force= 0.004752 in node 1825 and dof 2
 largest increment of disp= 1.621930e-04
 largest correction to disp= 9.662842e-06 in node 1830 and dof 2

 no convergence

 iteration 6

 Using up to 1 cpu(s) for the symmetric stiffness/mass contributions.

 Factoring the system of equations using the symmetric spooles solver
 Using up to 1 cpu(s) for spooles.

 Using up to 1 cpu(s) for the stress calculation.

 average force= 0.030422
 time avg. forc= 0.002377
 largest residual force= 7.905260 in node 1772 and dof 1
 largest increment of disp= 6.121413e-04
 largest correction to disp= 6.121413e-04 in node 1771 and dof 2

 no convergence

 iteration 7

 Using up to 1 cpu(s) for the symmetric stiffness/mass contributions.

 Factoring the system of equations using the symmetric spooles solver
 Using up to 1 cpu(s) for spooles.

 Using up to 1 cpu(s) for the stress calculation.

 average force= 0.909277
 time avg. forc= 0.054075
 largest residual force= 6161.658500 in node 5137 and dof 2
 largest increment of disp= 3.113105e-03
 largest correction to disp= 3.113105e-03 in node 6795 and dof 1

 divergence; the increment size is decreased to 3.125000e-03
 the increment is reattempted

 increment 17 attempt 2 
 increment size= 3.125000e-03
 sum of previous increments=7.000000e-01
 actual step time=7.031250e-01
 actual total time=7.031250e-01

 iteration 1

 Using up to 1 cpu(s) for the stress calculation.

 Using up to 1 cpu(s) for the symmetric stiffness/mass contributions.

 Factoring the system of equations using the symmetric spooles solver
 Using up to 1 cpu(s) for spooles.

 Using up to 1 cpu(s) for the stress calculation.

 average force= 0.001228
 time avg. forc= 0.000660
 largest residual force= 0.000276 in node 1712 and dof 2
 largest increment of disp= 5.020336e-06
 largest correction to disp= 3.006178e-06 in node 1765 and dof 2

 no convergence

 iteration 2

 Using up to 1 cpu(s) for the symmetric stiffness/mass contributions.

 Factoring the system of equations using the symmetric spooles solver
 Using up to 1 cpu(s) for spooles.

 Using up to 1 cpu(s) for the stress calculation.

 average force= 0.001379
 time avg. forc= 0.000669
 largest residual force= 0.108457 in node 1712 and dof 2
 largest increment of disp= 6.005206e-05
 largest correction to disp= 6.005206e-05 in node 1765 and dof 2

 no convergence

 iteration 3

 Using up to 1 cpu(s) for the symmetric stiffness/mass contributions.

 Factoring the system of equations using the symmetric spooles solver
 Using up to 1 cpu(s) for spooles.

 Using up to 1 cpu(s) for the stress calculation.

 average force= 0.001229
 time avg. forc= 0.000660
 largest residual force= 0.004685 in node 1772 and dof 1
 largest increment of disp= 6.005206e-05
 largest correction to disp= 1.424827e-05 in node 1771 and dof 2

 no convergence

 iteration 4

 Using up to 1 cpu(s) for the symmetric stiffness/mass contributions.

 Factoring the system of equations using the symmetric spooles solver
 Using up to 1 cpu(s) for spooles.

 Using up to 1 cpu(s) for the stress calculation.

 average force= 0.002911
 time avg. forc= 0.000759
 largest residual force= 0.594694 in node 1837 and dof 2
 largest increment of disp= 1.606989e-04
 largest correction to disp= 1.606989e-04 in node 1771 and dof 2

 no convergence

 iteration 5

 Using up to 1 cpu(s) for the symmetric stiffness/mass contributions.

 Factoring the system of equations using the symmetric spooles solver
 Using up to 1 cpu(s) for spooles.

 Using up to 1 cpu(s) for the stress calculation.

 average force= 0.001229
 time avg. forc= 0.000660
 largest residual force= 0.004529 in node 1825 and dof 2
 largest increment of disp= 1.606989e-04
 largest correction to disp= 9.521070e-06 in node 1830 and dof 2

 no convergence

 iteration 6

 Using up to 1 cpu(s) for the symmetric stiffness/mass contributions.

 Factoring the system of equations using the symmetric spooles solver
 Using up to 1 cpu(s) for spooles.

 Using up to 1 cpu(s) for the stress calculation.

 average force= 0.027905
 time avg. forc= 0.002229
 largest residual force= 7.226575 in node 1772 and dof 1
 largest increment of disp= 5.855734e-04
 largest correction to disp= 5.855734e-04 in node 1771 and dof 2

 no convergence

 iteration 7

 Using up to 1 cpu(s) for the symmetric stiffness/mass contributions.

 Factoring the system of equations using the symmetric spooles solver
 Using up to 1 cpu(s) for spooles.

 Using up to 1 cpu(s) for the stress calculation.

 average force= 50.207106
 time avg. forc= 2.953947
 largest residual force= 411795.979702 in node 3857 and dof 2
 largest increment of disp= 2.234739e-02
 largest correction to disp= 2.234739e-02 in node 7488 and dof 2

 divergence; the increment size is decreased to 7.812500e-04
 the increment is reattempted

 increment 17 attempt 3 
 increment size= 7.812500e-04
 sum of previous increments=7.000000e-01
 actual step time=7.007813e-01
 actual total time=7.007813e-01

 iteration 1

 Using up to 1 cpu(s) for the stress calculation.

 Using up to 1 cpu(s) for the symmetric stiffness/mass contributions.

 Factoring the system of equations using the symmetric spooles solver
 Using up to 1 cpu(s) for spooles.

 Using up to 1 cpu(s) for the stress calculation.

 average force= 0.001225
 time avg. forc= 0.000660
 largest residual force= 0.000303 in node 1836 and dof 2
 largest increment of disp= 3.080993e-06
 largest correction to disp= 3.080993e-06 in node 1765 and dof 2

 no convergence

 iteration 2

 Using up to 1 cpu(s) for the symmetric stiffness/mass contributions.

 Factoring the system of equations using the symmetric spooles solver
 Using up to 1 cpu(s) for spooles.

 Using up to 1 cpu(s) for the stress calculation.

 average force= 0.001362
 time avg. forc= 0.000668
 largest residual force= 0.101028 in node 1712 and dof 2
 largest increment of disp= 5.813921e-05
 largest correction to disp= 5.813921e-05 in node 1765 and dof 2

 no convergence

 iteration 3

 Using up to 1 cpu(s) for the symmetric stiffness/mass contributions.

 Factoring the system of equations using the symmetric spooles solver
 Using up to 1 cpu(s) for spooles.

 Using up to 1 cpu(s) for the stress calculation.

 average force= 0.001225
 time avg. forc= 0.000660
 largest residual force= 0.004940 in node 1772 and dof 1
 largest increment of disp= 5.813921e-05
 largest correction to disp= 1.471302e-05 in node 1771 and dof 2

 no convergence

 iteration 4

 Using up to 1 cpu(s) for the symmetric stiffness/mass contributions.

 Factoring the system of equations using the symmetric spooles solver
 Using up to 1 cpu(s) for spooles.

 Using up to 1 cpu(s) for the stress calculation.

 average force= 0.002514
 time avg. forc= 0.000736
 largest residual force= 0.472559 in node 1837 and dof 2
 largest increment of disp= 1.437532e-04
 largest correction to disp= 1.437532e-04 in node 1771 and dof 2

 no convergence

 iteration 5

 Using up to 1 cpu(s) for the symmetric stiffness/mass contributions.

 Factoring the system of equations using the symmetric spooles solver
 Using up to 1 cpu(s) for spooles.

 Using up to 1 cpu(s) for the stress calculation.

 average force= 0.001226
 time avg. forc= 0.000660
 largest residual force= 0.003235 in node 1825 and dof 2
 largest increment of disp= 1.437532e-04
 largest correction to disp= 8.366395e-06 in node 1774 and dof 2

 no convergence

 iteration 6

 Using up to 1 cpu(s) for the symmetric stiffness/mass contributions.

 Factoring the system of equations using the symmetric spooles solver
 Using up to 1 cpu(s) for spooles.

 Using up to 1 cpu(s) for the stress calculation.

 average force= 0.031775
 time avg. forc= 0.002457
 largest residual force= 8.344774 in node 1700 and dof 2
 largest increment of disp= 6.191645e-04
 largest correction to disp= 6.191645e-04 in node 1771 and dof 2

 no convergence

 iteration 7

 Using up to 1 cpu(s) for the symmetric stiffness/mass contributions.

 Factoring the system of equations using the symmetric spooles solver
 Using up to 1 cpu(s) for spooles.

 Using up to 1 cpu(s) for the stress calculation.

 average force= 88.518495
 time avg. forc= 5.207558
 largest residual force= 79099.154878 in node 5113 and dof 2
 largest increment of disp= 1.910253e-02
 largest correction to disp= 1.910253e-02 in node 7500 and dof 2

 divergence; the increment size is decreased to 1.953125e-04
 the increment is reattempted

 increment 17 attempt 4 
 increment size= 1.953125e-04
 sum of previous increments=7.000000e-01
 actual step time=7.001953e-01
 actual total time=7.001953e-01

 iteration 1

 Using up to 1 cpu(s) for the stress calculation.

 Using up to 1 cpu(s) for the symmetric stiffness/mass contributions.

 Factoring the system of equations using the symmetric spooles solver
 Using up to 1 cpu(s) for spooles.

 Using up to 1 cpu(s) for the stress calculation.

 average force= 0.001224
 time avg. forc= 0.000660
 largest residual force= 0.000303 in node 1836 and dof 2
 largest increment of disp= 3.067850e-06
 largest correction to disp= 3.067850e-06 in node 1765 and dof 2

 no convergence

 iteration 2

 Using up to 1 cpu(s) for the symmetric stiffness/mass contributions.

 Factoring the system of equations using the symmetric spooles solver
 Using up to 1 cpu(s) for spooles.

 Using up to 1 cpu(s) for the stress calculation.

 average force= 0.001355
 time avg. forc= 0.000667
 largest residual force= 0.098285 in node 1712 and dof 2
 largest increment of disp= 5.734436e-05
 largest correction to disp= 5.734436e-05 in node 1765 and dof 2

 no convergence

 iteration 3

 Using up to 1 cpu(s) for the symmetric stiffness/mass contributions.

 Factoring the system of equations using the symmetric spooles solver
 Using up to 1 cpu(s) for spooles.

 Using up to 1 cpu(s) for the stress calculation.

 average force= 0.001224
 time avg. forc= 0.000660
 largest residual force= 0.005060 in node 1772 and dof 1
 largest increment of disp= 5.734436e-05
 largest correction to disp= 1.491787e-05 in node 1771 and dof 2

 no convergence

 iteration 4

 Using up to 1 cpu(s) for the symmetric stiffness/mass contributions.

 Factoring the system of equations using the symmetric spooles solver
 Using up to 1 cpu(s) for spooles.

 Using up to 1 cpu(s) for the stress calculation.

 average force= 0.002376
 time avg. forc= 0.000727
 largest residual force= 0.430028 in node 1837 and dof 2
 largest increment of disp= 1.372682e-04
 largest correction to disp= 1.372682e-04 in node 1771 and dof 2

 no convergence

 iteration 5

 Using up to 1 cpu(s) for the symmetric stiffness/mass contributions.

 Factoring the system of equations using the symmetric spooles solver
 Using up to 1 cpu(s) for spooles.

 Using up to 1 cpu(s) for the stress calculation.

 average force= 0.001225
 time avg. forc= 0.000660
 largest residual force= 0.002847 in node 1825 and dof 2
 largest increment of disp= 1.372682e-04
 largest correction to disp= 8.034950e-06 in node 1774 and dof 2

 no convergence

 iteration 6

 Using up to 1 cpu(s) for the symmetric stiffness/mass contributions.

 Factoring the system of equations using the symmetric spooles solver
 Using up to 1 cpu(s) for spooles.

 Using up to 1 cpu(s) for the stress calculation.

 average force= 0.032354
 time avg. forc= 0.002491
 largest residual force= 8.608892 in node 1700 and dof 2
 largest increment of disp= 6.223658e-04
 largest correction to disp= 6.223658e-04 in node 1771 and dof 2

 no convergence

 iteration 7

 Using up to 1 cpu(s) for the symmetric stiffness/mass contributions.

 Factoring the system of equations using the symmetric spooles solver
 Using up to 1 cpu(s) for spooles.

 Using up to 1 cpu(s) for the stress calculation.

 average force= 249.441588
 time avg. forc= 14.673622
 largest residual force= 4220953.159570 in node 5716 and dof 2
 largest increment of disp= 6.398631e-03
 largest correction to disp= 6.398631e-03 in node 4026 and dof 2

 divergence; the increment size is decreased to 4.882813e-05
 the increment is reattempted

 increment 17 attempt 5 
 increment size= 4.882813e-05
 sum of previous increments=7.000000e-01
 actual step time=7.000488e-01
 actual total time=7.000488e-01

 iteration 1

 Using up to 1 cpu(s) for the stress calculation.

 Using up to 1 cpu(s) for the symmetric stiffness/mass contributions.

 Factoring the system of equations using the symmetric spooles solver
 Using up to 1 cpu(s) for spooles.

 Using up to 1 cpu(s) for the stress calculation.

 average force= 0.001224
 time avg. forc= 0.000660
 largest residual force= 0.000303 in node 1836 and dof 2
 largest increment of disp= 3.062062e-06
 largest correction to disp= 3.062062e-06 in node 1765 and dof 2

 no convergence

 iteration 2

 Using up to 1 cpu(s) for the symmetric stiffness/mass contributions.

 Factoring the system of equations using the symmetric spooles solver
 Using up to 1 cpu(s) for spooles.

 Using up to 1 cpu(s) for the stress calculation.

 average force= 0.001353
 time avg. forc= 0.000667
 largest residual force= 0.097533 in node 1712 and dof 2
 largest increment of disp= 5.712081e-05
 largest correction to disp= 5.712081e-05 in node 1765 and dof 2

 no convergence

 iteration 3

 Using up to 1 cpu(s) for the symmetric stiffness/mass contributions.

 Factoring the system of equations using the symmetric spooles solver
 Using up to 1 cpu(s) for spooles.

 Using up to 1 cpu(s) for the stress calculation.

 average force= 0.001224
 time avg. forc= 0.000660
 largest residual force= 0.005095 in node 1772 and dof 1
 largest increment of disp= 5.712081e-05
 largest correction to disp= 1.497664e-05 in node 1771 and dof 2

 no convergence

 iteration 4

 Using up to 1 cpu(s) for the symmetric stiffness/mass contributions.

 Factoring the system of equations using the symmetric spooles solver
 Using up to 1 cpu(s) for spooles.

 Using up to 1 cpu(s) for the stress calculation.

 average force= 0.002339
 time avg. forc= 0.000725
 largest residual force= 0.418706 in node 1837 and dof 2
 largest increment of disp= 1.354833e-04
 largest correction to disp= 1.354833e-04 in node 1771 and dof 2

 no convergence

 iteration 5

 Using up to 1 cpu(s) for the symmetric stiffness/mass contributions.

 Factoring the system of equations using the symmetric spooles solver
 Using up to 1 cpu(s) for spooles.

 Using up to 1 cpu(s) for the stress calculation.

 average force= 0.001224
 time avg. forc= 0.000660
 largest residual force= 0.002750 in node 1825 and dof 2
 largest increment of disp= 1.354833e-04
 largest correction to disp= 7.950981e-06 in node 1774 and dof 2

 no convergence

 iteration 6

 Using up to 1 cpu(s) for the symmetric stiffness/mass contributions.

 Factoring the system of equations using the symmetric spooles solver
 Using up to 1 cpu(s) for spooles.

 Using up to 1 cpu(s) for the stress calculation.

 average force= 0.032381
 time avg. forc= 0.002492
 largest residual force= 8.645896 in node 1700 and dof 2
 largest increment of disp= 6.219796e-04
 largest correction to disp= 6.219796e-04 in node 1771 and dof 2

 no convergence

 iteration 7

 Using up to 1 cpu(s) for the symmetric stiffness/mass contributions.

 Factoring the system of equations using the symmetric spooles solver
 Using up to 1 cpu(s) for spooles.

 Using up to 1 cpu(s) for the stress calculation.

 average force= 0.939700
 time avg. forc= 0.055864
 largest residual force= 10510.493918 in node 5841 and dof 3
 largest increment of disp= 5.891575e-03
 largest correction to disp= 5.891575e-03 in node 5328 and dof 1

 divergence; the increment size is decreased to 1.220703e-05
 the increment is reattempted

 increment 17 attempt 6 
 increment size= 1.220703e-05
 sum of previous increments=7.000000e-01
 actual step time=7.000122e-01
 actual total time=7.000122e-01

 iteration 1

 Using up to 1 cpu(s) for the stress calculation.

 Using up to 1 cpu(s) for the symmetric stiffness/mass contributions.

 Factoring the system of equations using the symmetric spooles solver
 Using up to 1 cpu(s) for spooles.

 Using up to 1 cpu(s) for the stress calculation.

 average force= 0.001224
 time avg. forc= 0.000660
 largest residual force= 0.000303 in node 1836 and dof 2
 largest increment of disp= 3.060452e-06
 largest correction to disp= 3.060452e-06 in node 1765 and dof 2

 no convergence

 iteration 2

 Using up to 1 cpu(s) for the symmetric stiffness/mass contributions.

 Factoring the system of equations using the symmetric spooles solver
 Using up to 1 cpu(s) for spooles.

 Using up to 1 cpu(s) for the stress calculation.

 average force= 0.001353
 time avg. forc= 0.000667
 largest residual force= 0.097340 in node 1712 and dof 2
 largest increment of disp= 5.706328e-05
 largest correction to disp= 5.706328e-05 in node 1765 and dof 2

 no convergence

 iteration 3

 Using up to 1 cpu(s) for the symmetric stiffness/mass contributions.

 Factoring the system of equations using the symmetric spooles solver
 Using up to 1 cpu(s) for spooles.

 Using up to 1 cpu(s) for the stress calculation.

 average force= 0.001224
 time avg. forc= 0.000660
 largest residual force= 0.005104 in node 1772 and dof 1
 largest increment of disp= 5.706328e-05
 largest correction to disp= 1.499185e-05 in node 1771 and dof 2

 no convergence

 iteration 4

 Using up to 1 cpu(s) for the symmetric stiffness/mass contributions.

 Factoring the system of equations using the symmetric spooles solver
 Using up to 1 cpu(s) for spooles.

 Using up to 1 cpu(s) for the stress calculation.

 average force= 0.002330
 time avg. forc= 0.000725
 largest residual force= 0.415835 in node 1837 and dof 2
 largest increment of disp= 1.350265e-04
 largest correction to disp= 1.350265e-04 in node 1771 and dof 2

 no convergence

 iteration 5

 Using up to 1 cpu(s) for the symmetric stiffness/mass contributions.

 Factoring the system of equations using the symmetric spooles solver
 Using up to 1 cpu(s) for spooles.

 Using up to 1 cpu(s) for the stress calculation.

 average force= 0.001224
 time avg. forc= 0.000660
 largest residual force= 0.002726 in node 1825 and dof 2
 largest increment of disp= 1.350265e-04
 largest correction to disp= 7.929998e-06 in node 1774 and dof 2

 no convergence

 iteration 6

 Using up to 1 cpu(s) for the symmetric stiffness/mass contributions.

 Factoring the system of equations using the symmetric spooles solver
 Using up to 1 cpu(s) for spooles.

 Using up to 1 cpu(s) for the stress calculation.

 average force= 0.032377
 time avg. forc= 0.002492
 largest residual force= 8.652586 in node 1700 and dof 2
 largest increment of disp= 6.217860e-04
 largest correction to disp= 6.217860e-04 in node 1771 and dof 2

 no convergence

 iteration 7

 Using up to 1 cpu(s) for the symmetric stiffness/mass contributions.

 Factoring the system of equations using the symmetric spooles solver
 Using up to 1 cpu(s) for spooles.

 Using up to 1 cpu(s) for the stress calculation.

 average force= 445.891092
 time avg. forc= 26.229475
 largest residual force= 522642.396919 in node 4337 and dof 3
 largest increment of disp= 3.273681e-02
 largest correction to disp= 3.273681e-02 in node 5328 and dof 1

 divergence; the increment size is decreased to 3.051758e-06
 the increment is reattempted


 *ERROR: increment size smaller than minimum
 best solution and residuals are in the frd file


