 Container myopenfoam-fsi-run-1582c8016234 Creating 
 Container myopenfoam-fsi-run-1582c8016234 Created 
=== on-caso-2 (CCX): polyMesh -> CalculiX .inp ===
[1/5] Lendo polyMesh em ../solid/constant/polyMesh
      nodes=3493, faces=8940, cells=2736, patches=12, zones=['on', 'pia', 'dura', 'lc', 'sclera_peri', 'sclera_ring', 'globo']
[2/5] Reconstruindo conectividade C3D8 (2736 celulas)
      OK
[3/5] Escrevendo malha em on-caso-2_mesh.inp
[4/5] Escrevendo Winkler em on-caso-2_winkler.inp
[5/5] Concluido. Total: 3493 nodes, 2736 hex C3D8I.
=== on-caso-2 (CCX): solver ccx_preCICE -i on-caso-2 ===

************************************************************

CalculiX Version 2.20, Copyright(C) 1998-2022 Guido Dhondt
CalculiX comes with ABSOLUTELY NO WARRANTY. This is free
software, and you are welcome to redistribute it under
certain conditions, see gpl.htm

************************************************************

You are using an executable made on Sun Jul 31 18:08:37 CEST 2022

  The numbers below are estimated upper bounds

  number of:

   nodes:        11950
   elements:        50264
   one-dimensional elements:            0
   two-dimensional elements:            0
   integration points per element:            8
   degrees of freedom per node:            3
   layers per element:            1

   distributed facial loads:          480
   distributed volumetric loads:            0
   concentrated loads:          373
   single point constraints:         2625
   multiple point constraints:            1
   terms in all multiple point constraints:            1
   tie constraints:            0
   dependent nodes tied by cyclic constraints:            0
   dependent nodes in pre-tension constraints:            0

   sets:          285
   terms in all sets:        13678

   materials:          257
   constants per material and temperature:            9
   temperature points per material:            1
   plastic data points per material:            0

   orientations:            1
   amplitudes:            8
   data points in all amplitudes:           11
   print requests:            8
   transformations:            0
   property cards:            0

 *INFO reading *HYPERELASTIC: nonlinear geometric
       effects are turned on

 *INFO reading *HYPERELASTIC: nonlinear geometric
       effects are turned on

 *INFO reading *HYPERELASTIC: nonlinear geometric
       effects are turned on

 *INFO reading *HYPERELASTIC: nonlinear geometric
       effects are turned on

 *INFO reading *HYPERELASTIC: nonlinear geometric
       effects are turned on

 *INFO reading *HYPERELASTIC: nonlinear geometric
       effects are turned on

 *INFO reading *STEP: nonlinear geometric
       effects are turned on

 *WARNING reading *STATIC: parameter not recognized:
          RIKS
 *WARNING reading *STATIC. Card image:
          *STATIC,RIKS


 STEP            1

 Static analysis was selected

 Nonlinear material laws are taken into account

 Newton-Raphson iterative procedure is active

 Nonlinear geometric effects are taken into account

 Decascading the MPC's

 Determining the structure of the matrix:
 Using up to 1 cpu(s) for setting up the structure of the matrix.
 number of equations
 33297
 number of nonzero lower triangular matrix elements
 921039

 increment 1 attempt 1 
 increment size= 2.500000e-02
 sum of previous increments=0.000000e+00
 actual step time=2.500000e-02
 actual total time=2.500000e-02

 iteration 1

 Using up to 1 cpu(s) for the stress calculation.

 Using up to 1 cpu(s) for the symmetric stiffness/mass contributions.

 Factoring the system of equations using the symmetric spooles solver
 Using up to 1 cpu(s) for spooles.

 Using up to 1 cpu(s) for the stress calculation.

 average force= 0.000028
 time avg. forc= 0.000028
 largest residual force= 0.000456 in node 1627 and dof 1
 largest increment of disp= 3.750406e-05
 largest correction to disp= 3.750406e-05 in node 2800 and dof 3

 no convergence

 iteration 2

 Using up to 1 cpu(s) for the symmetric stiffness/mass contributions.

 Factoring the system of equations using the symmetric spooles solver
 Using up to 1 cpu(s) for spooles.

 Using up to 1 cpu(s) for the stress calculation.

 average force= 0.000028
 time avg. forc= 0.000028
 largest residual force= 0.000002 in node 1648 and dof 1
 largest increment of disp= 3.750406e-05
 largest correction to disp= 8.243826e-07 in node 2404 and dof 3

 no convergence

 iteration 3

 Using up to 1 cpu(s) for the symmetric stiffness/mass contributions.

 Factoring the system of equations using the symmetric spooles solver
 Using up to 1 cpu(s) for spooles.

 Using up to 1 cpu(s) for the stress calculation.

 average force= 0.000028
 time avg. forc= 0.000028
 largest residual force= 0.000000 in node 1627 and dof 1
 largest increment of disp= 3.750406e-05
 largest correction to disp= 1.085095e-09 in node 7763 and dof 1

 convergence

 increment 2 attempt 1 
 increment size= 2.500000e-02
 sum of previous increments=2.500000e-02
 actual step time=5.000000e-02
 actual total time=5.000000e-02

 iteration 1

 Using up to 1 cpu(s) for the stress calculation.

 Using up to 1 cpu(s) for the symmetric stiffness/mass contributions.

 Factoring the system of equations using the symmetric spooles solver
 Using up to 1 cpu(s) for spooles.

 Using up to 1 cpu(s) for the stress calculation.

 average force= 0.000057
 time avg. forc= 0.000043
 largest residual force= 0.000016 in node 1641 and dof 1
 largest increment of disp= 3.750660e-05
 largest correction to disp= 6.563628e-07 in node 7817 and dof 1

 no convergence

 iteration 2

 Using up to 1 cpu(s) for the symmetric stiffness/mass contributions.

 Factoring the system of equations using the symmetric spooles solver
 Using up to 1 cpu(s) for spooles.

 Using up to 1 cpu(s) for the stress calculation.

 average force= 0.000057
 time avg. forc= 0.000043
 largest residual force= 0.000000 in node 1627 and dof 1
 largest increment of disp= 3.750660e-05
 largest correction to disp= 8.219517e-09 in node 7781 and dof 1

 convergence; the increment size is increased to 3.750000e-02

 increment 3 attempt 1 
 increment size= 3.750000e-02
 sum of previous increments=5.000000e-02
 actual step time=8.750000e-02
 actual total time=8.750000e-02

 iteration 1

 Using up to 1 cpu(s) for the stress calculation.

 Using up to 1 cpu(s) for the symmetric stiffness/mass contributions.

 Factoring the system of equations using the symmetric spooles solver
 Using up to 1 cpu(s) for spooles.

 Using up to 1 cpu(s) for the stress calculation.

 average force= 0.000101
 time avg. forc= 0.000062
 largest residual force= 0.000191 in node 1641 and dof 1
 largest increment of disp= 5.626759e-05
 largest correction to disp= 2.304338e-06 in node 7817 and dof 1

 no convergence

 iteration 2

 Using up to 1 cpu(s) for the symmetric stiffness/mass contributions.

 Factoring the system of equations using the symmetric spooles solver
 Using up to 1 cpu(s) for spooles.

 Using up to 1 cpu(s) for the stress calculation.

 average force= 0.000101
 time avg. forc= 0.000062
 largest residual force= 0.000000 in node 1641 and dof 1
 largest increment of disp= 5.626759e-05
 largest correction to disp= 1.144631e-07 in node 7799 and dof 1

 convergence; the increment size is increased to 5.625000e-02

 the increment size exceeds the maximum allowed and is decreased to 5.000000e-02

 increment 4 attempt 1 
 increment size= 5.000000e-02
 sum of previous increments=8.750000e-02
 actual step time=1.375000e-01
 actual total time=1.375000e-01

 iteration 1

 Using up to 1 cpu(s) for the stress calculation.

 Using up to 1 cpu(s) for the symmetric stiffness/mass contributions.

 Factoring the system of equations using the symmetric spooles solver
 Using up to 1 cpu(s) for spooles.

 Using up to 1 cpu(s) for the stress calculation.

 average force= 0.000167
 time avg. forc= 0.000088
 largest residual force= 0.004384 in node 1648 and dof 1
 largest increment of disp= 7.507914e-05
 largest correction to disp= 1.094354e-05 in node 7820 and dof 1

 no convergence

 iteration 2

 Using up to 1 cpu(s) for the symmetric stiffness/mass contributions.

 Factoring the system of equations using the symmetric spooles solver
 Using up to 1 cpu(s) for spooles.

 Using up to 1 cpu(s) for the stress calculation.

 average force= 0.000165
 time avg. forc= 0.000088
 largest residual force= 0.000385 in node 1641 and dof 1
 largest increment of disp= 7.507914e-05
 largest correction to disp= 3.240649e-06 in node 7817 and dof 1

 no convergence

 iteration 3

 Using up to 1 cpu(s) for the symmetric stiffness/mass contributions.

 Factoring the system of equations using the symmetric spooles solver
 Using up to 1 cpu(s) for spooles.

 Using up to 1 cpu(s) for the stress calculation.

 average force= 0.000165
 time avg. forc= 0.000088
 largest residual force= 0.000132 in node 1648 and dof 1
 largest increment of disp= 7.507914e-05
 largest correction to disp= 1.890926e-06 in node 7817 and dof 1

 no convergence

 iteration 4

 Using up to 1 cpu(s) for the symmetric stiffness/mass contributions.

 Factoring the system of equations using the symmetric spooles solver
 Using up to 1 cpu(s) for spooles.

 Using up to 1 cpu(s) for the stress calculation.

 average force= 0.000165
 time avg. forc= 0.000088
 largest residual force= 0.000000 in node 1648 and dof 1
 largest increment of disp= 7.507914e-05
 largest correction to disp= 6.390771e-08 in node 7820 and dof 1

 convergence; the increment size is increased to 7.500000e-02

 the increment size exceeds the maximum allowed and is decreased to 5.000000e-02

 increment 5 attempt 1 
 increment size= 5.000000e-02
 sum of previous increments=1.375000e-01
 actual step time=1.875000e-01
 actual total time=1.875000e-01

 iteration 1

 Using up to 1 cpu(s) for the stress calculation.

 Using up to 1 cpu(s) for the symmetric stiffness/mass contributions.

 Factoring the system of equations using the symmetric spooles solver
 Using up to 1 cpu(s) for spooles.

 Using up to 1 cpu(s) for the stress calculation.

 average force= 0.000248
 time avg. forc= 0.000120
 largest residual force= 0.010988 in node 1783 and dof 1
 largest increment of disp= 7.565987e-05
 largest correction to disp= 1.741955e-05 in node 8195 and dof 1

 no convergence

 iteration 2

 Using up to 1 cpu(s) for the symmetric stiffness/mass contributions.

 Factoring the system of equations using the symmetric spooles solver
 Using up to 1 cpu(s) for spooles.

 Using up to 1 cpu(s) for the stress calculation.

 average force= 0.000449
 time avg. forc= 0.000160
 largest residual force= 0.124499 in node 1648 and dof 1
 largest increment of disp= 7.565987e-05
 largest correction to disp= 5.830619e-05 in node 7817 and dof 1

 no convergence

 iteration 3

 Using up to 1 cpu(s) for the symmetric stiffness/mass contributions.

 Factoring the system of equations using the symmetric spooles solver
 Using up to 1 cpu(s) for spooles.

 Using up to 1 cpu(s) for the stress calculation.

 average force= 0.000254
 time avg. forc= 0.000121
 largest residual force= 0.000285 in node 1648 and dof 1
 largest increment of disp= 7.565987e-05
 largest correction to disp= 3.485479e-06 in node 5199 and dof 1

 no convergence

 iteration 4

 Using up to 1 cpu(s) for the symmetric stiffness/mass contributions.

 Factoring the system of equations using the symmetric spooles solver
 Using up to 1 cpu(s) for spooles.

 Using up to 1 cpu(s) for the stress calculation.

 average force= 0.000283
 time avg. forc= 0.000127
 largest residual force= 0.013216 in node 1718 and dof 2
 largest increment of disp= 7.565987e-05
 largest correction to disp= 1.904528e-05 in node 8018 and dof 2

 no convergence

 iteration 5

 Using up to 1 cpu(s) for the symmetric stiffness/mass contributions.

 Factoring the system of equations using the symmetric spooles solver
 Using up to 1 cpu(s) for spooles.

 Using up to 1 cpu(s) for the stress calculation.

 average force= 0.000249
 time avg. forc= 0.000120
 largest residual force= 0.000164 in node 1648 and dof 1
 largest increment of disp= 7.565987e-05
 largest correction to disp= 2.127355e-06 in node 7835 and dof 1

 no convergence

 iteration 6

 Using up to 1 cpu(s) for the symmetric stiffness/mass contributions.

 Factoring the system of equations using the symmetric spooles solver
 Using up to 1 cpu(s) for spooles.

 Using up to 1 cpu(s) for the stress calculation.

 average force= 0.000248
 time avg. forc= 0.000120
 largest residual force= 0.000218 in node 1783 and dof 1
 largest increment of disp= 7.565987e-05
 largest correction to disp= 2.438490e-06 in node 8195 and dof 1

 no convergence

 iteration 7

 Using up to 1 cpu(s) for the symmetric stiffness/mass contributions.

 Factoring the system of equations using the symmetric spooles solver
 Using up to 1 cpu(s) for spooles.

 Using up to 1 cpu(s) for the stress calculation.

 average force= 0.000248
 time avg. forc= 0.000120
 largest residual force= 0.000000 in node 1783 and dof 1
 largest increment of disp= 7.565987e-05
 largest correction to disp= 1.191430e-07 in node 8177 and dof 1

 convergence

 Using up to 1 cpu(s) for the stress calculation.

 increment 6 attempt 1 
 increment size= 5.000000e-02
 sum of previous increments=1.875000e-01
 actual step time=2.375000e-01
 actual total time=2.375000e-01

 iteration 1

 Using up to 1 cpu(s) for the stress calculation.

 Using up to 1 cpu(s) for the symmetric stiffness/mass contributions.

 Factoring the system of equations using the symmetric spooles solver
 Using up to 1 cpu(s) for spooles.

 Using up to 1 cpu(s) for the stress calculation.

 average force= 0.000413
 time avg. forc= 0.000169
 largest residual force= 0.023243 in node 1997 and dof 1
 largest increment of disp= 7.735413e-05
 largest correction to disp= 3.970497e-05 in node 5904 and dof 2

 no convergence

 iteration 2

 Using up to 1 cpu(s) for the symmetric stiffness/mass contributions.

 Factoring the system of equations using the symmetric spooles solver
 Using up to 1 cpu(s) for spooles.

 Using up to 1 cpu(s) for the stress calculation.

 average force= 0.000469
 time avg. forc= 0.000178
 largest residual force= 0.046549 in node 1719 and dof 2
 largest increment of disp= 7.735413e-05
 largest correction to disp= 3.536987e-05 in node 8003 and dof 2

 no convergence

 iteration 3

 Using up to 1 cpu(s) for the symmetric stiffness/mass contributions.

 Factoring the system of equations using the symmetric spooles solver
 Using up to 1 cpu(s) for spooles.

 Using up to 1 cpu(s) for the stress calculation.

 average force= 0.000380
 time avg. forc= 0.000163
 largest residual force= 0.008694 in node 2459 and dof 1
 largest increment of disp= 7.735413e-05
 largest correction to disp= 1.289675e-05 in node 9488 and dof 1

 no convergence

 iteration 4

 Using up to 1 cpu(s) for the symmetric stiffness/mass contributions.

 Factoring the system of equations using the symmetric spooles solver
 Using up to 1 cpu(s) for spooles.

 Using up to 1 cpu(s) for the stress calculation.

 average force= 0.000380
 time avg. forc= 0.000163
 largest residual force= 0.007086 in node 1718 and dof 2
 largest increment of disp= 7.735413e-05
 largest correction to disp= 1.397539e-05 in node 8000 and dof 2

 no convergence

 iteration 5

 Using up to 1 cpu(s) for the symmetric stiffness/mass contributions.

 Factoring the system of equations using the symmetric spooles solver
 Using up to 1 cpu(s) for spooles.

 Using up to 1 cpu(s) for the stress calculation.

 average force= 0.000378
 time avg. forc= 0.000163
 largest residual force= 0.000576 in node 2264 and dof 2
 largest increment of disp= 7.735413e-05
 largest correction to disp= 2.723663e-06 in node 9482 and dof 1

 no convergence

 iteration 6

 Using up to 1 cpu(s) for the symmetric stiffness/mass contributions.

 Factoring the system of equations using the symmetric spooles solver
 Using up to 1 cpu(s) for spooles.

 Using up to 1 cpu(s) for the stress calculation.

 average force= 0.000377
 time avg. forc= 0.000163
 largest residual force= 0.000322 in node 1718 and dof 2
 largest increment of disp= 7.735413e-05
 largest correction to disp= 3.070395e-06 in node 8000 and dof 2

 no convergence

 iteration 7

 Using up to 1 cpu(s) for the symmetric stiffness/mass contributions.

 Factoring the system of equations using the symmetric spooles solver
 Using up to 1 cpu(s) for spooles.

 Using up to 1 cpu(s) for the stress calculation.

 average force= 0.000377
 time avg. forc= 0.000163
 largest residual force= 0.000000 in node 1718 and dof 2
 largest increment of disp= 7.735413e-05
 largest correction to disp= 1.000900e-07 in node 8003 and dof 2

 convergence

 increment 7 attempt 1 
 increment size= 5.000000e-02
 sum of previous increments=2.375000e-01
 actual step time=2.875000e-01
 actual total time=2.875000e-01

 iteration 1

 Using up to 1 cpu(s) for the stress calculation.

 Using up to 1 cpu(s) for the symmetric stiffness/mass contributions.

 Factoring the system of equations using the symmetric spooles solver
 Using up to 1 cpu(s) for spooles.

 Using up to 1 cpu(s) for the stress calculation.

 average force= 0.000564
 time avg. forc= 0.000220
 largest residual force= 0.025729 in node 2016 and dof 1
 largest increment of disp= 7.699814e-05
 largest correction to disp= 3.827983e-05 in node 5964 and dof 2

 no convergence

 iteration 2

 Using up to 1 cpu(s) for the symmetric stiffness/mass contributions.

 Factoring the system of equations using the symmetric spooles solver
 Using up to 1 cpu(s) for spooles.

 Using up to 1 cpu(s) for the stress calculation.

 average force= 0.000696
 time avg. forc= 0.000239
 largest residual force= 0.088992 in node 2018 and dof 1
 largest increment of disp= 7.699814e-05
 largest correction to disp= 4.338494e-05 in node 9768 and dof 2

 no convergence

 iteration 3

 Using up to 1 cpu(s) for the symmetric stiffness/mass contributions.

 Factoring the system of equations using the symmetric spooles solver
 Using up to 1 cpu(s) for spooles.

 Using up to 1 cpu(s) for the stress calculation.

 average force= 0.003466
 time avg. forc= 0.000635
 largest residual force= 0.925709 in node 2381 and dof 1
 largest increment of disp= 1.083506e-04
 largest correction to disp= 1.083506e-04 in node 2386 and dof 1

 no convergence

 iteration 4

 Using up to 1 cpu(s) for the symmetric stiffness/mass contributions.

 Factoring the system of equations using the symmetric spooles solver
 Using up to 1 cpu(s) for spooles.

 Using up to 1 cpu(s) for the stress calculation.

 average force= 0.060323
 time avg. forc= 0.008757
 largest residual force= 275.765442 in node 8443 and dof 2
 largest increment of disp= 2.334676e-04
 largest correction to disp= 2.334676e-04 in node 1940 and dof 1

 divergence; the increment size is decreased to 1.250000e-02
 the increment is reattempted

 increment 7 attempt 2 
 increment size= 1.250000e-02
 sum of previous increments=2.375000e-01
 actual step time=2.500000e-01
 actual total time=2.500000e-01

 iteration 1

 Using up to 1 cpu(s) for the stress calculation.

 Using up to 1 cpu(s) for the symmetric stiffness/mass contributions.

 Factoring the system of equations using the symmetric spooles solver
 Using up to 1 cpu(s) for spooles.

 Using up to 1 cpu(s) for the stress calculation.

 average force= 0.000401
 time avg. forc= 0.000197
 largest residual force= 0.002542 in node 2441 and dof 1
 largest increment of disp= 1.924953e-05
 largest correction to disp= 1.445918e-05 in node 5964 and dof 2

 no convergence

 iteration 2

 Using up to 1 cpu(s) for the symmetric stiffness/mass contributions.

 Factoring the system of equations using the symmetric spooles solver
 Using up to 1 cpu(s) for spooles.

 Using up to 1 cpu(s) for the stress calculation.

 average force= 0.000388
 time avg. forc= 0.000195
 largest residual force= 0.004604 in node 2459 and dof 1
 largest increment of disp= 1.924953e-05
 largest correction to disp= 9.530860e-06 in node 9482 and dof 1

 no convergence

 iteration 3

 Using up to 1 cpu(s) for the symmetric stiffness/mass contributions.

 Factoring the system of equations using the symmetric spooles solver
 Using up to 1 cpu(s) for spooles.

 Using up to 1 cpu(s) for the stress calculation.

 average force= 0.008266
 time avg. forc= 0.001320
 largest residual force= 1.235189 in node 2603 and dof 2
 largest increment of disp= 8.901974e-05
 largest correction to disp= 8.901974e-05 in node 2224 and dof 2

 no convergence

 iteration 4

 Using up to 1 cpu(s) for the symmetric stiffness/mass contributions.

 Factoring the system of equations using the symmetric spooles solver
 Using up to 1 cpu(s) for spooles.

 Using up to 1 cpu(s) for the stress calculation.

 average force= 35.292065
 time avg. forc= 5.041863
 largest residual force= 352490.627404 in node 8943 and dof 1
 largest increment of disp= 2.823887e-03
 largest correction to disp= 2.823887e-03 in node 9112 and dof 3

 divergence; the increment size is decreased to 3.125000e-03
 the increment is reattempted

 increment 7 attempt 3 
 increment size= 3.125000e-03
 sum of previous increments=2.375000e-01
 actual step time=2.406250e-01
 actual total time=2.406250e-01

 iteration 1

 Using up to 1 cpu(s) for the stress calculation.

 Using up to 1 cpu(s) for the symmetric stiffness/mass contributions.

 Factoring the system of equations using the symmetric spooles solver
 Using up to 1 cpu(s) for spooles.

 Using up to 1 cpu(s) for the stress calculation.

 average force= 0.000380
 time avg. forc= 0.000194
 largest residual force= 0.001541 in node 2060 and dof 1
 largest increment of disp= 5.152846e-06
 largest correction to disp= 5.152846e-06 in node 8762 and dof 1

 no convergence

 iteration 2

 Using up to 1 cpu(s) for the symmetric stiffness/mass contributions.

 Factoring the system of equations using the symmetric spooles solver
 Using up to 1 cpu(s) for spooles.

 Using up to 1 cpu(s) for the stress calculation.

 average force= 0.000390
 time avg. forc= 0.000195
 largest residual force= 0.003003 in node 2603 and dof 2
 largest increment of disp= 5.152846e-06
 largest correction to disp= 4.261686e-06 in node 2599 and dof 2

 no convergence

 iteration 3

 Using up to 1 cpu(s) for the symmetric stiffness/mass contributions.

 Factoring the system of equations using the symmetric spooles solver
 Using up to 1 cpu(s) for spooles.

 Using up to 1 cpu(s) for the stress calculation.

 average force= 0.000429
 time avg. forc= 0.000201
 largest residual force= 0.010254 in node 2021 and dof 1
 largest increment of disp= 8.144724e-06
 largest correction to disp= 8.144724e-06 in node 2017 and dof 1

 no convergence

 iteration 4

 Using up to 1 cpu(s) for the symmetric stiffness/mass contributions.

 Factoring the system of equations using the symmetric spooles solver
 Using up to 1 cpu(s) for spooles.

 Using up to 1 cpu(s) for the stress calculation.

 average force= 0.000521
 time avg. forc= 0.000214
 largest residual force= 0.004420 in node 2000 and dof 1
 largest increment of disp= 8.144724e-06
 largest correction to disp= 6.708528e-06 in node 9336 and dof 1

 divergence; the increment size is decreased to 7.812500e-04
 the increment is reattempted

 increment 7 attempt 4 
 increment size= 7.812500e-04
 sum of previous increments=2.375000e-01
 actual step time=2.382812e-01
 actual total time=2.382812e-01

 iteration 1

 Using up to 1 cpu(s) for the stress calculation.

 Using up to 1 cpu(s) for the symmetric stiffness/mass contributions.

 Factoring the system of equations using the symmetric spooles solver
 Using up to 1 cpu(s) for spooles.

 Using up to 1 cpu(s) for the stress calculation.

 average force= 0.000377
 time avg. forc= 0.000193
 largest residual force= 0.000091 in node 2060 and dof 1
 largest increment of disp= 1.391160e-06
 largest correction to disp= 1.391160e-06 in node 8732 and dof 1

 no convergence

 iteration 2

 Using up to 1 cpu(s) for the symmetric stiffness/mass contributions.

 Factoring the system of equations using the symmetric spooles solver
 Using up to 1 cpu(s) for spooles.

 Using up to 1 cpu(s) for the stress calculation.

 average force= 0.000376
 time avg. forc= 0.000193
 largest residual force= 0.000002 in node 2423 and dof 1
 largest increment of disp= 1.391160e-06
 largest correction to disp= 1.776684e-07 in node 9410 and dof 1

 no convergence

 iteration 3

 Using up to 1 cpu(s) for the symmetric stiffness/mass contributions.

 Factoring the system of equations using the symmetric spooles solver
 Using up to 1 cpu(s) for spooles.

 Using up to 1 cpu(s) for the stress calculation.

 average force= 0.000376
 time avg. forc= 0.000193
 largest residual force= 0.000000 in node 2021 and dof 1
 largest increment of disp= 1.391160e-06
 largest correction to disp= 3.939571e-09 in node 8768 and dof 1

 convergence

 increment 8 attempt 1 
 increment size= 7.812500e-04
 sum of previous increments=2.382812e-01
 actual step time=2.390625e-01
 actual total time=2.390625e-01

 iteration 1

 Using up to 1 cpu(s) for the stress calculation.

 Using up to 1 cpu(s) for the symmetric stiffness/mass contributions.

 Factoring the system of equations using the symmetric spooles solver
 Using up to 1 cpu(s) for spooles.

 Using up to 1 cpu(s) for the stress calculation.

 average force= 0.000376
 time avg. forc= 0.000216
 largest residual force= 0.000000 in node 2060 and dof 1
 largest increment of disp= 1.859791e-06
 largest correction to disp= 1.373721e-07 in node 8732 and dof 1

 no convergence

 iteration 2

 Using up to 1 cpu(s) for the symmetric stiffness/mass contributions.

 Factoring the system of equations using the symmetric spooles solver
 Using up to 1 cpu(s) for spooles.

 Using up to 1 cpu(s) for the stress calculation.

 average force= 0.000376
 time avg. forc= 0.000216
 largest residual force= 0.000000 in node 1997 and dof 1
 largest increment of disp= 1.859791e-06
 largest correction to disp= 3.531626e-09 in node 8766 and dof 1

 convergence; the increment size is increased to 1.171875e-03

 increment 9 attempt 1 
 increment size= 1.171875e-03
 sum of previous increments=2.390625e-01
 actual step time=2.402344e-01
 actual total time=2.402344e-01

 iteration 1

 Using up to 1 cpu(s) for the stress calculation.

 Using up to 1 cpu(s) for the symmetric stiffness/mass contributions.

 Factoring the system of equations using the symmetric spooles solver
 Using up to 1 cpu(s) for spooles.

 Using up to 1 cpu(s) for the stress calculation.

 average force= 0.000375
 time avg. forc= 0.000234
 largest residual force= 0.000002 in node 2060 and dof 1
 largest increment of disp= 2.775525e-06
 largest correction to disp= 1.949884e-07 in node 8726 and dof 1

 no convergence

 iteration 2

 Using up to 1 cpu(s) for the symmetric stiffness/mass contributions.

 Factoring the system of equations using the symmetric spooles solver
 Using up to 1 cpu(s) for spooles.

 Using up to 1 cpu(s) for the stress calculation.

 average force= 0.000375
 time avg. forc= 0.000234
 largest residual force= 0.000000 in node 1997 and dof 1
 largest increment of disp= 2.775525e-06
 largest correction to disp= 6.042873e-09 in node 8760 and dof 1

 convergence; the increment size is increased to 1.757813e-03

 increment 10 attempt 1 
 increment size= 1.757813e-03
 sum of previous increments=2.402344e-01
 actual step time=2.419922e-01
 actual total time=2.419922e-01

 iteration 1

 Using up to 1 cpu(s) for the stress calculation.

 Using up to 1 cpu(s) for the symmetric stiffness/mass contributions.

 Factoring the system of equations using the symmetric spooles solver
 Using up to 1 cpu(s) for spooles.

 Using up to 1 cpu(s) for the stress calculation.

 average force= 0.000376
 time avg. forc= 0.000248
 largest residual force= 0.000005 in node 2060 and dof 1
 largest increment of disp= 4.137090e-06
 largest correction to disp= 3.194270e-07 in node 8732 and dof 1

 no convergence

 iteration 2

 Using up to 1 cpu(s) for the symmetric stiffness/mass contributions.

 Factoring the system of equations using the symmetric spooles solver
 Using up to 1 cpu(s) for spooles.

 Using up to 1 cpu(s) for the stress calculation.

 average force= 0.000376
 time avg. forc= 0.000248
 largest residual force= 0.000000 in node 2600 and dof 2
 largest increment of disp= 4.137090e-06
 largest correction to disp= 1.404996e-08 in node 8724 and dof 1

 convergence; the increment size is increased to 2.636719e-03

 Using up to 1 cpu(s) for the stress calculation.

 increment 11 attempt 1 
 increment size= 2.636719e-03
 sum of previous increments=2.419922e-01
 actual step time=2.446289e-01
 actual total time=2.446289e-01

 iteration 1

 Using up to 1 cpu(s) for the stress calculation.

 Using up to 1 cpu(s) for the symmetric stiffness/mass contributions.

 Factoring the system of equations using the symmetric spooles solver
 Using up to 1 cpu(s) for spooles.

 Using up to 1 cpu(s) for the stress calculation.

 average force= 0.000377
 time avg. forc= 0.000260
 largest residual force= 0.000011 in node 2060 and dof 1
 largest increment of disp= 6.117489e-06
 largest correction to disp= 4.901033e-07 in node 8726 and dof 1

 no convergence

 iteration 2

 Using up to 1 cpu(s) for the symmetric stiffness/mass contributions.

 Factoring the system of equations using the symmetric spooles solver
 Using up to 1 cpu(s) for spooles.

 Using up to 1 cpu(s) for the stress calculation.

 average force= 0.000377
 time avg. forc= 0.000260
 largest residual force= 0.000000 in node 2423 and dof 1
 largest increment of disp= 6.117489e-06
 largest correction to disp= 2.731686e-08 in node 9410 and dof 1

 convergence; the increment size is increased to 3.955078e-03

 increment 12 attempt 1 
 increment size= 3.955078e-03
 sum of previous increments=2.446289e-01
 actual step time=2.485840e-01
 actual total time=2.485840e-01

 iteration 1

 Using up to 1 cpu(s) for the stress calculation.

 Using up to 1 cpu(s) for the symmetric stiffness/mass contributions.

 Factoring the system of equations using the symmetric spooles solver
 Using up to 1 cpu(s) for spooles.

 Using up to 1 cpu(s) for the stress calculation.

 average force= 0.000381
 time avg. forc= 0.000270
 largest residual force= 0.000024 in node 2060 and dof 1
 largest increment of disp= 8.904173e-06
 largest correction to disp= 7.193717e-07 in node 8726 and dof 1

 no convergence

 iteration 2

 Using up to 1 cpu(s) for the symmetric stiffness/mass contributions.

 Factoring the system of equations using the symmetric spooles solver
 Using up to 1 cpu(s) for spooles.

 Using up to 1 cpu(s) for the stress calculation.

 average force= 0.000381
 time avg. forc= 0.000270
 largest residual force= 0.000000 in node 2423 and dof 1
 largest increment of disp= 8.904173e-06
 largest correction to disp= 4.597288e-08 in node 9416 and dof 1

 convergence; the increment size is increased to 5.932617e-03

 increment 13 attempt 1 
 increment size= 5.932617e-03
 sum of previous increments=2.485840e-01
 actual step time=2.545166e-01
 actual total time=2.545166e-01

 iteration 1

 Using up to 1 cpu(s) for the stress calculation.

 Using up to 1 cpu(s) for the symmetric stiffness/mass contributions.

 Factoring the system of equations using the symmetric spooles solver
 Using up to 1 cpu(s) for spooles.

 Using up to 1 cpu(s) for the stress calculation.

 average force= 0.000390
 time avg. forc= 0.000279
 largest residual force= 0.000062 in node 2060 and dof 1
 largest increment of disp= 1.289340e-05
 largest correction to disp= 1.154577e-06 in node 8732 and dof 1

 no convergence

 iteration 2

 Using up to 1 cpu(s) for the symmetric stiffness/mass contributions.

 Factoring the system of equations using the symmetric spooles solver
 Using up to 1 cpu(s) for spooles.

 Using up to 1 cpu(s) for the stress calculation.

 average force= 0.000390
 time avg. forc= 0.000279
 largest residual force= 0.000000 in node 2424 and dof 1
 largest increment of disp= 1.289340e-05
 largest correction to disp= 1.706558e-07 in node 5904 and dof 2

 convergence; the increment size is increased to 8.898926e-03

 increment 14 attempt 1 
 increment size= 8.898926e-03
 sum of previous increments=2.545166e-01
 actual step time=2.634155e-01
 actual total time=2.634155e-01

 iteration 1

 Using up to 1 cpu(s) for the stress calculation.

 Using up to 1 cpu(s) for the symmetric stiffness/mass contributions.

 Factoring the system of equations using the symmetric spooles solver
 Using up to 1 cpu(s) for spooles.

 Using up to 1 cpu(s) for the stress calculation.

 average force= 0.000429
 time avg. forc= 0.000290
 largest residual force= 0.014511 in node 2441 and dof 1
 largest increment of disp= 1.896001e-05
 largest correction to disp= 1.765871e-05 in node 9446 and dof 1

 no convergence

 iteration 2

 Using up to 1 cpu(s) for the symmetric stiffness/mass contributions.

 Factoring the system of equations using the symmetric spooles solver
 Using up to 1 cpu(s) for spooles.

 Using up to 1 cpu(s) for the stress calculation.

 average force= 0.000417
 time avg. forc= 0.000289
 largest residual force= 0.000205 in node 2423 and dof 1
 largest increment of disp= 1.896001e-05
 largest correction to disp= 2.051346e-06 in node 9410 and dof 1

 no convergence

 iteration 3

 Using up to 1 cpu(s) for the symmetric stiffness/mass contributions.

 Factoring the system of equations using the symmetric spooles solver
 Using up to 1 cpu(s) for spooles.

 Using up to 1 cpu(s) for the stress calculation.

 average force= 0.014976
 time avg. forc= 0.001329
 largest residual force= 2.948386 in node 2424 and dof 1
 largest increment of disp= 7.861705e-05
 largest correction to disp= 7.861705e-05 in node 8726 and dof 1

 no convergence

 iteration 4

 Using up to 1 cpu(s) for the symmetric stiffness/mass contributions.

 Factoring the system of equations using the symmetric spooles solver
 Using up to 1 cpu(s) for spooles.

 Using up to 1 cpu(s) for the stress calculation.

 average force= 144.111440
 time avg. forc= 10.293933
 largest residual force= 249280.183798 in node 8986 and dof 3
 largest increment of disp= 3.765688e-03
 largest correction to disp= 3.765688e-03 in node 8850 and dof 2

 divergence; the increment size is decreased to 2.224731e-03
 the increment is reattempted

 increment 14 attempt 2 
 increment size= 2.224731e-03
 sum of previous increments=2.545166e-01
 actual step time=2.567413e-01
 actual total time=2.567413e-01

 iteration 1

 Using up to 1 cpu(s) for the stress calculation.

 Using up to 1 cpu(s) for the symmetric stiffness/mass contributions.

 Factoring the system of equations using the symmetric spooles solver
 Using up to 1 cpu(s) for spooles.

 Using up to 1 cpu(s) for the stress calculation.

 average force= 0.000394
 time avg. forc= 0.000287
 largest residual force= 0.000006 in node 2060 and dof 1
 largest increment of disp= 4.740003e-06
 largest correction to disp= 3.648606e-07 in node 8732 and dof 1

 no convergence

 iteration 2

 Using up to 1 cpu(s) for the symmetric stiffness/mass contributions.

 Factoring the system of equations using the symmetric spooles solver
 Using up to 1 cpu(s) for spooles.

 Using up to 1 cpu(s) for the stress calculation.

 average force= 0.000394
 time avg. forc= 0.000287
 largest residual force= 0.000000 in node 2424 and dof 1
 largest increment of disp= 4.740003e-06
 largest correction to disp= 2.215989e-08 in node 5964 and dof 2

 convergence

 increment 15 attempt 1 
 increment size= 2.224731e-03
 sum of previous increments=2.567413e-01
 actual step time=2.589661e-01
 actual total time=2.589661e-01

 iteration 1

 Using up to 1 cpu(s) for the stress calculation.

 Using up to 1 cpu(s) for the symmetric stiffness/mass contributions.

 Factoring the system of equations using the symmetric spooles solver
 Using up to 1 cpu(s) for spooles.

 Using up to 1 cpu(s) for the stress calculation.

 average force= 0.000401
 time avg. forc= 0.000295
 largest residual force= 0.000016 in node 2013 and dof 1
 largest increment of disp= 4.587649e-06
 largest correction to disp= 3.393874e-07 in node 8694 and dof 1

 no convergence

 iteration 2

 Using up to 1 cpu(s) for the symmetric stiffness/mass contributions.

 Factoring the system of equations using the symmetric spooles solver
 Using up to 1 cpu(s) for spooles.

 Using up to 1 cpu(s) for the stress calculation.

 average force= 0.000411
 time avg. forc= 0.000296
 largest residual force= 0.000217 in node 2595 and dof 2
 largest increment of disp= 4.587649e-06
 largest correction to disp= 5.666168e-07 in node 2224 and dof 2

 no convergence

 iteration 3

 Using up to 1 cpu(s) for the symmetric stiffness/mass contributions.

 Factoring the system of equations using the symmetric spooles solver
 Using up to 1 cpu(s) for spooles.

 Using up to 1 cpu(s) for the stress calculation.

 average force= 0.000402
 time avg. forc= 0.000295
 largest residual force= 0.000167 in node 2595 and dof 2
 largest increment of disp= 4.587649e-06
 largest correction to disp= 4.993994e-07 in node 2599 and dof 2

 no convergence

 iteration 4

 Using up to 1 cpu(s) for the symmetric stiffness/mass contributions.

 Factoring the system of equations using the symmetric spooles solver
 Using up to 1 cpu(s) for spooles.

 Using up to 1 cpu(s) for the stress calculation.

 average force= 0.000406
 time avg. forc= 0.000295
 largest residual force= 0.000054 in node 2595 and dof 2
 largest increment of disp= 4.587649e-06
 largest correction to disp= 2.840957e-07 in node 2599 and dof 2

 no convergence

 iteration 5

 Using up to 1 cpu(s) for the symmetric stiffness/mass contributions.

 Factoring the system of equations using the symmetric spooles solver
 Using up to 1 cpu(s) for spooles.

 Using up to 1 cpu(s) for the stress calculation.

 average force= 0.000401
 time avg. forc= 0.000295
 largest residual force= 0.000081 in node 2595 and dof 2
 largest increment of disp= 4.587649e-06
 largest correction to disp= 3.484790e-07 in node 2599 and dof 2

 no convergence

 iteration 6

 Using up to 1 cpu(s) for the symmetric stiffness/mass contributions.

 Factoring the system of equations using the symmetric spooles solver
 Using up to 1 cpu(s) for spooles.

 Using up to 1 cpu(s) for the stress calculation.

 average force= 0.000405
 time avg. forc= 0.000295
 largest residual force= 0.000042 in node 2595 and dof 2
 largest increment of disp= 4.587649e-06
 largest correction to disp= 2.510862e-07 in node 2224 and dof 2

 no convergence

 iteration 7

 Using up to 1 cpu(s) for the symmetric stiffness/mass contributions.

 Factoring the system of equations using the symmetric spooles solver
 Using up to 1 cpu(s) for spooles.

 Using up to 1 cpu(s) for the stress calculation.

 average force= 0.000400
 time avg. forc= 0.000295
 largest residual force= 0.000083 in node 2226 and dof 2
 largest increment of disp= 4.587649e-06
 largest correction to disp= 3.524286e-07 in node 2224 and dof 2

 no convergence

 iteration 8

 Using up to 1 cpu(s) for the symmetric stiffness/mass contributions.

 Factoring the system of equations using the symmetric spooles solver
 Using up to 1 cpu(s) for spooles.

 Using up to 1 cpu(s) for the stress calculation.

 average force= 0.000401
 time avg. forc= 0.000295
 largest residual force= 0.000010 in node 2226 and dof 2
 largest increment of disp= 4.587649e-06
 largest correction to disp= 1.212450e-07 in node 2599 and dof 2

 estimated number of iterations till convergence = 9
 no convergence

 iteration 9

 Using up to 1 cpu(s) for the symmetric stiffness/mass contributions.

 Factoring the system of equations using the symmetric spooles solver
 Using up to 1 cpu(s) for spooles.

 Using up to 1 cpu(s) for the stress calculation.

 average force= 0.000436
 time avg. forc= 0.000297
 largest residual force= 0.001395 in node 2595 and dof 2
 largest increment of disp= 4.587649e-06
 largest correction to disp= 1.439317e-06 in node 2599 and dof 2

 estimated number of iterations till convergence = 8
 no convergence

 iteration 10

 Using up to 1 cpu(s) for the symmetric stiffness/mass contributions.

 Factoring the system of equations using the symmetric spooles solver
 Using up to 1 cpu(s) for spooles.

 Using up to 1 cpu(s) for the stress calculation.

 average force= 0.000404
 time avg. forc= 0.000295
 largest residual force= 0.001169 in node 2595 and dof 2
 largest increment of disp= 4.587649e-06
 largest correction to disp= 1.348693e-06 in node 2599 and dof 2

 divergence; the increment size is decreased to 5.561829e-04
 the increment is reattempted

 increment 15 attempt 2 
 increment size= 5.561829e-04
 sum of previous increments=2.567413e-01
 actual step time=2.572975e-01
 actual total time=2.572975e-01

 iteration 1

 Using up to 1 cpu(s) for the stress calculation.

 Using up to 1 cpu(s) for the symmetric stiffness/mass contributions.

 Factoring the system of equations using the symmetric spooles solver
 Using up to 1 cpu(s) for spooles.

 Using up to 1 cpu(s) for the stress calculation.

 average force= 0.000396
 time avg. forc= 0.000295
 largest residual force= 0.000000 in node 2019 and dof 1
 largest increment of disp= 1.146912e-06
 largest correction to disp= 4.387847e-08 in node 8694 and dof 1

 no convergence

 iteration 2

 Using up to 1 cpu(s) for the symmetric stiffness/mass contributions.

 Factoring the system of equations using the symmetric spooles solver
 Using up to 1 cpu(s) for spooles.

 Using up to 1 cpu(s) for the stress calculation.

 average force= 0.000396
 time avg. forc= 0.000295
 largest residual force= 0.000000 in node 2226 and dof 2
 largest increment of disp= 1.146912e-06
 largest correction to disp= 8.229102e-09 in node 2599 and dof 2

 convergence

 Using up to 1 cpu(s) for the stress calculation.

 increment 16 attempt 1 
 increment size= 5.561829e-04
 sum of previous increments=2.572975e-01
 actual step time=2.578537e-01
 actual total time=2.578537e-01

 iteration 1

 Using up to 1 cpu(s) for the stress calculation.

 Using up to 1 cpu(s) for the symmetric stiffness/mass contributions.

 Factoring the system of equations using the symmetric spooles solver
 Using up to 1 cpu(s) for spooles.

 Using up to 1 cpu(s) for the stress calculation.

 average force= 0.000398
 time avg. forc= 0.000301
 largest residual force= 0.000000 in node 2013 and dof 1
 largest increment of disp= 1.132162e-06
 largest correction to disp= 2.416230e-08 in node 8694 and dof 1

 no convergence

 iteration 2

 Using up to 1 cpu(s) for the symmetric stiffness/mass contributions.

 Factoring the system of equations using the symmetric spooles solver
 Using up to 1 cpu(s) for spooles.

 Using up to 1 cpu(s) for the stress calculation.

 average force= 0.000398
 time avg. forc= 0.000301
 largest residual force= 0.000000 in node 2595 and dof 2
 largest increment of disp= 1.132162e-06
 largest correction to disp= 1.222432e-08 in node 2224 and dof 2

 convergence; the increment size is increased to 8.342743e-04

 increment 17 attempt 1 
 increment size= 8.342743e-04
 sum of previous increments=2.578537e-01
 actual step time=2.586880e-01
 actual total time=2.586880e-01

 iteration 1

 Using up to 1 cpu(s) for the stress calculation.

 Using up to 1 cpu(s) for the symmetric stiffness/mass contributions.

 Factoring the system of equations using the symmetric spooles solver
 Using up to 1 cpu(s) for spooles.

 Using up to 1 cpu(s) for the stress calculation.

 average force= 0.000413
 time avg. forc= 0.000308
 largest residual force= 0.000309 in node 2595 and dof 2
 largest increment of disp= 1.689273e-06
 largest correction to disp= 6.773257e-07 in node 2224 and dof 2

 no convergence

 iteration 2

 Using up to 1 cpu(s) for the symmetric stiffness/mass contributions.

 Factoring the system of equations using the symmetric spooles solver
 Using up to 1 cpu(s) for spooles.

 Using up to 1 cpu(s) for the stress calculation.

 average force= 0.000403
 time avg. forc= 0.000307
 largest residual force= 0.000215 in node 2595 and dof 2
 largest increment of disp= 1.689273e-06
 largest correction to disp= 5.677171e-07 in node 2224 and dof 2

 no convergence

 iteration 3

 Using up to 1 cpu(s) for the symmetric stiffness/mass contributions.

 Factoring the system of equations using the symmetric spooles solver
 Using up to 1 cpu(s) for spooles.

 Using up to 1 cpu(s) for the stress calculation.

 average force= 0.000410
 time avg. forc= 0.000307
 largest residual force= 0.000130 in node 2595 and dof 2
 largest increment of disp= 1.689273e-06
 largest correction to disp= 4.432888e-07 in node 2599 and dof 2

 no convergence

 iteration 4

 Using up to 1 cpu(s) for the symmetric stiffness/mass contributions.

 Factoring the system of equations using the symmetric spooles solver
 Using up to 1 cpu(s) for spooles.

 Using up to 1 cpu(s) for the stress calculation.

 average force= 0.000403
 time avg. forc= 0.000307
 largest residual force= 0.000119 in node 2595 and dof 2
 largest increment of disp= 1.689273e-06
 largest correction to disp= 4.236993e-07 in node 2599 and dof 2

 no convergence

 iteration 5

 Using up to 1 cpu(s) for the symmetric stiffness/mass contributions.

 Factoring the system of equations using the symmetric spooles solver
 Using up to 1 cpu(s) for spooles.

 Using up to 1 cpu(s) for the stress calculation.

 average force= 0.000400
 time avg. forc= 0.000307
 largest residual force= 0.001942 in node 2226 and dof 2
 largest increment of disp= 1.695318e-06
 largest correction to disp= 1.695318e-06 in node 2224 and dof 2

 no convergence

 iteration 6

 Using up to 1 cpu(s) for the symmetric stiffness/mass contributions.

 Factoring the system of equations using the symmetric spooles solver
 Using up to 1 cpu(s) for spooles.

 Using up to 1 cpu(s) for the stress calculation.

 average force= 0.000396
 time avg. forc= 0.000307
 largest residual force= 0.000041 in node 2226 and dof 2
 largest increment of disp= 1.695318e-06
 largest correction to disp= 3.096355e-07 in node 9480 and dof 1

 no convergence

 iteration 7

 Using up to 1 cpu(s) for the symmetric stiffness/mass contributions.

 Factoring the system of equations using the symmetric spooles solver
 Using up to 1 cpu(s) for spooles.

 Using up to 1 cpu(s) for the stress calculation.

 average force= 0.000397
 time avg. forc= 0.000307
 largest residual force= 0.000464 in node 2226 and dof 2
 largest increment of disp= 1.695318e-06
 largest correction to disp= 8.366425e-07 in node 2017 and dof 1

 no convergence

 iteration 8

 Using up to 1 cpu(s) for the symmetric stiffness/mass contributions.

 Factoring the system of equations using the symmetric spooles solver
 Using up to 1 cpu(s) for spooles.

 Using up to 1 cpu(s) for the stress calculation.

 average force= 0.000397
 time avg. forc= 0.000307
 largest residual force= 0.000008 in node 2595 and dof 2
 largest increment of disp= 1.695318e-06
 largest correction to disp= 1.105673e-07 in node 2230 and dof 2

 estimated number of iterations till convergence = 9
 no convergence

 iteration 9

 Using up to 1 cpu(s) for the symmetric stiffness/mass contributions.

 Factoring the system of equations using the symmetric spooles solver
 Using up to 1 cpu(s) for spooles.

 Using up to 1 cpu(s) for the stress calculation.

 average force= 0.000398
 time avg. forc= 0.000307
 largest residual force= 0.000019 in node 2226 and dof 2
 largest increment of disp= 1.695318e-06
 largest correction to disp= 1.673731e-07 in node 2599 and dof 2

 estimated number of iterations till convergence = 7
 no convergence

 iteration 10

 Using up to 1 cpu(s) for the symmetric stiffness/mass contributions.

 Factoring the system of equations using the symmetric spooles solver
 Using up to 1 cpu(s) for spooles.

 Using up to 1 cpu(s) for the stress calculation.

 average force= 0.000399
 time avg. forc= 0.000307
 largest residual force= 0.000009 in node 2595 and dof 2
 largest increment of disp= 1.695318e-06
 largest correction to disp= 1.136993e-07 in node 2224 and dof 2

 divergence; the increment size is decreased to 2.085686e-04
 the increment is reattempted

 increment 17 attempt 2 
 increment size= 2.085686e-04
 sum of previous increments=2.578537e-01
 actual step time=2.580623e-01
 actual total time=2.580623e-01

 iteration 1

 Using up to 1 cpu(s) for the stress calculation.

 Using up to 1 cpu(s) for the symmetric stiffness/mass contributions.

 Factoring the system of equations using the symmetric spooles solver
 Using up to 1 cpu(s) for spooles.

 Using up to 1 cpu(s) for the stress calculation.

 average force= 0.000399
 time avg. forc= 0.000307
 largest residual force= 0.000000 in node 2595 and dof 2
 largest increment of disp= 4.223183e-07
 largest correction to disp= 3.032038e-08 in node 2599 and dof 2

 no convergence

 iteration 2

 Using up to 1 cpu(s) for the symmetric stiffness/mass contributions.

 Factoring the system of equations using the symmetric spooles solver
 Using up to 1 cpu(s) for spooles.

 Using up to 1 cpu(s) for the stress calculation.

 average force= 0.000399
 time avg. forc= 0.000307
 largest residual force= 0.000000 in node 2226 and dof 2
 largest increment of disp= 4.223183e-07
 largest correction to disp= 3.322898e-08 in node 2224 and dof 2

 convergence

 increment 18 attempt 1 
 increment size= 2.085686e-04
 sum of previous increments=2.580623e-01
 actual step time=2.582708e-01
 actual total time=2.582708e-01

 iteration 1

 Using up to 1 cpu(s) for the stress calculation.

 Using up to 1 cpu(s) for the symmetric stiffness/mass contributions.

 Factoring the system of equations using the symmetric spooles solver
 Using up to 1 cpu(s) for spooles.

 Using up to 1 cpu(s) for the stress calculation.

 average force= 0.000395
 time avg. forc= 0.000312
 largest residual force= 0.000268 in node 2226 and dof 2
 largest increment of disp= 6.301549e-07
 largest correction to disp= 6.301549e-07 in node 2224 and dof 2

 no convergence

 iteration 2

 Using up to 1 cpu(s) for the symmetric stiffness/mass contributions.

 Factoring the system of equations using the symmetric spooles solver
 Using up to 1 cpu(s) for spooles.

 Using up to 1 cpu(s) for the stress calculation.

 average force= 0.000396
 time avg. forc= 0.000312
 largest residual force= 0.000016 in node 2226 and dof 2
 largest increment of disp= 6.301549e-07
 largest correction to disp= 1.548256e-07 in node 2599 and dof 2

 no convergence

 iteration 3

 Using up to 1 cpu(s) for the symmetric stiffness/mass contributions.

 Factoring the system of equations using the symmetric spooles solver
 Using up to 1 cpu(s) for spooles.

 Using up to 1 cpu(s) for the stress calculation.

 average force= 0.000397
 time avg. forc= 0.000312
 largest residual force= 0.000016 in node 2226 and dof 2
 largest increment of disp= 6.301549e-07
 largest correction to disp= 1.532648e-07 in node 2599 and dof 2

 no convergence

 iteration 4

 Using up to 1 cpu(s) for the symmetric stiffness/mass contributions.

 Factoring the system of equations using the symmetric spooles solver
 Using up to 1 cpu(s) for spooles.

 Using up to 1 cpu(s) for the stress calculation.

 average force= 0.000398
 time avg. forc= 0.000312
 largest residual force= 0.000005 in node 2595 and dof 2
 largest increment of disp= 6.301549e-07
 largest correction to disp= 8.985145e-08 in node 2224 and dof 2

 no convergence

 iteration 5

 Using up to 1 cpu(s) for the symmetric stiffness/mass contributions.

 Factoring the system of equations using the symmetric spooles solver
 Using up to 1 cpu(s) for spooles.

 Using up to 1 cpu(s) for the stress calculation.

 average force= 0.000399
 time avg. forc= 0.000312
 largest residual force= 0.000003 in node 2595 and dof 2
 largest increment of disp= 6.301549e-07
 largest correction to disp= 6.799338e-08 in node 2599 and dof 2

 no convergence

 iteration 6

 Using up to 1 cpu(s) for the symmetric stiffness/mass contributions.

 Factoring the system of equations using the symmetric spooles solver
 Using up to 1 cpu(s) for spooles.

 Using up to 1 cpu(s) for the stress calculation.

 average force= 0.000400
 time avg. forc= 0.000312
 largest residual force= 0.000003 in node 2595 and dof 2
 largest increment of disp= 6.301549e-07
 largest correction to disp= 6.838651e-08 in node 2224 and dof 2

 no convergence

 iteration 7

 Using up to 1 cpu(s) for the symmetric stiffness/mass contributions.

 Factoring the system of equations using the symmetric spooles solver
 Using up to 1 cpu(s) for spooles.

 Using up to 1 cpu(s) for the stress calculation.

 average force= 0.000401
 time avg. forc= 0.000312
 largest residual force= 0.000013 in node 2226 and dof 2
 largest increment of disp= 6.301549e-07
 largest correction to disp= 1.409810e-07 in node 2599 and dof 2

 divergence; the increment size is decreased to 5.214214e-05
 the increment is reattempted

 increment 18 attempt 2 
 increment size= 5.214214e-05
 sum of previous increments=2.580623e-01
 actual step time=2.581144e-01
 actual total time=2.581144e-01

 iteration 1

 Using up to 1 cpu(s) for the stress calculation.

 Using up to 1 cpu(s) for the symmetric stiffness/mass contributions.

 Factoring the system of equations using the symmetric spooles solver
 Using up to 1 cpu(s) for spooles.

 Using up to 1 cpu(s) for the stress calculation.

 average force= 0.000401
 time avg. forc= 0.000312
 largest residual force= 0.000012 in node 2226 and dof 2
 largest increment of disp= 1.321554e-07
 largest correction to disp= 1.321554e-07 in node 2224 and dof 2

 no convergence

 iteration 2

 Using up to 1 cpu(s) for the symmetric stiffness/mass contributions.

 Factoring the system of equations using the symmetric spooles solver
 Using up to 1 cpu(s) for spooles.

 Using up to 1 cpu(s) for the stress calculation.

 average force= 0.000398
 time avg. forc= 0.000312
 largest residual force= 0.000040 in node 2595 and dof 2
 largest increment of disp= 2.429643e-07
 largest correction to disp= 2.429643e-07 in node 2224 and dof 2

 no convergence

 iteration 3

 Using up to 1 cpu(s) for the symmetric stiffness/mass contributions.

 Factoring the system of equations using the symmetric spooles solver
 Using up to 1 cpu(s) for spooles.

 Using up to 1 cpu(s) for the stress calculation.

 average force= 0.000399
 time avg. forc= 0.000312
 largest residual force= 0.000000 in node 2226 and dof 2
 largest increment of disp= 2.429643e-07
 largest correction to disp= 3.387635e-08 in node 2224 and dof 2

 convergence

 increment 19 attempt 1 
 increment size= 5.214214e-05
 sum of previous increments=2.581144e-01
 actual step time=2.581666e-01
 actual total time=2.581666e-01

 iteration 1

 Using up to 1 cpu(s) for the stress calculation.

 Using up to 1 cpu(s) for the symmetric stiffness/mass contributions.

 Factoring the system of equations using the symmetric spooles solver
 Using up to 1 cpu(s) for spooles.

 Using up to 1 cpu(s) for the stress calculation.

 average force= 0.000399
 time avg. forc= 0.000316
 largest residual force= 0.000002 in node 2226 and dof 2
 largest increment of disp= 1.046740e-07
 largest correction to disp= 5.029071e-08 in node 2599 and dof 2

 no convergence

 iteration 2

 Using up to 1 cpu(s) for the symmetric stiffness/mass contributions.

 Factoring the system of equations using the symmetric spooles solver
 Using up to 1 cpu(s) for spooles.

 Using up to 1 cpu(s) for the stress calculation.

 average force= 0.000399
 time avg. forc= 0.000316
 largest residual force= 0.000002 in node 2595 and dof 2
 largest increment of disp= 1.046740e-07
 largest correction to disp= 5.117817e-08 in node 2224 and dof 2

 no convergence

 iteration 3

 Using up to 1 cpu(s) for the symmetric stiffness/mass contributions.

 Factoring the system of equations using the symmetric spooles solver
 Using up to 1 cpu(s) for spooles.

 Using up to 1 cpu(s) for the stress calculation.

 average force= 0.000400
 time avg. forc= 0.000317
 largest residual force= 0.000005 in node 2595 and dof 2
 largest increment of disp= 1.046740e-07
 largest correction to disp= 8.758581e-08 in node 2599 and dof 2

 no convergence

 iteration 4

 Using up to 1 cpu(s) for the symmetric stiffness/mass contributions.

 Factoring the system of equations using the symmetric spooles solver
 Using up to 1 cpu(s) for spooles.

 Using up to 1 cpu(s) for the stress calculation.

 average force= 0.000395
 time avg. forc= 0.000316
 largest residual force= 0.000339 in node 2226 and dof 2
 largest increment of disp= 7.083319e-07
 largest correction to disp= 7.083319e-07 in node 2224 and dof 2

 divergence; the increment size is decreased to 1.303554e-05
 the increment is reattempted

 increment 19 attempt 2 
 increment size= 1.303554e-05
 sum of previous increments=2.581144e-01
 actual step time=2.581274e-01
 actual total time=2.581274e-01

 iteration 1

 Using up to 1 cpu(s) for the stress calculation.

 Using up to 1 cpu(s) for the symmetric stiffness/mass contributions.

 Factoring the system of equations using the symmetric spooles solver
 Using up to 1 cpu(s) for spooles.

 Using up to 1 cpu(s) for the stress calculation.

 average force= 0.000399
 time avg. forc= 0.000316
 largest residual force= 0.000001 in node 2595 and dof 2
 largest increment of disp= 4.240516e-08
 largest correction to disp= 4.240516e-08 in node 2224 and dof 2

 no convergence

 iteration 2

 Using up to 1 cpu(s) for the symmetric stiffness/mass contributions.

 Factoring the system of equations using the symmetric spooles solver
 Using up to 1 cpu(s) for spooles.

 Using up to 1 cpu(s) for the stress calculation.

 average force= 0.000400
 time avg. forc= 0.000317
 largest residual force= 0.000002 in node 2226 and dof 2
 largest increment of disp= 5.439029e-08
 largest correction to disp= 5.439029e-08 in node 2224 and dof 2

 no convergence

 iteration 3

 Using up to 1 cpu(s) for the symmetric stiffness/mass contributions.

 Factoring the system of equations using the symmetric spooles solver
 Using up to 1 cpu(s) for spooles.

 Using up to 1 cpu(s) for the stress calculation.

 average force= 0.000402
 time avg. forc= 0.000317
 largest residual force= 0.000022 in node 2595 and dof 2
 largest increment of disp= 1.809077e-07
 largest correction to disp= 1.809077e-07 in node 2599 and dof 2

 no convergence

 iteration 4

 Using up to 1 cpu(s) for the symmetric stiffness/mass contributions.

 Factoring the system of equations using the symmetric spooles solver
 Using up to 1 cpu(s) for spooles.

 Using up to 1 cpu(s) for the stress calculation.

 average force= 0.000399
 time avg. forc= 0.000316
 largest residual force= 0.000038 in node 2226 and dof 2
 largest increment of disp= 2.378476e-07
 largest correction to disp= 2.378476e-07 in node 2599 and dof 2

 divergence; the increment size is decreased to 3.258884e-06
 the increment is reattempted


 *ERROR: increment size smaller than minimum
 best solution and residuals are in the frd file


