 Container myopenfoam-fsi-run-dfe0152c06ed Creating 
 Container myopenfoam-fsi-run-dfe0152c06ed Created 
=== on-caso-2 (CCX): polyMesh -> CalculiX .inp ===
[1/5] Lendo polyMesh em ../solid/constant/polyMesh
      nodes=3493, faces=8940, cells=2736, patches=12, zones=['on', 'pia', 'dura', 'lc', 'sclera_peri', 'sclera_ring', 'globo']
[2/5] Reconstruindo conectividade C3D8 (2736 celulas)
      OK
[3/5] Escrevendo malha em on-caso-2_mesh.inp
[4/5] Escrevendo Winkler em on-caso-2_winkler.inp
[5/5] Concluido. Total: 3493 nodes, 2736 hex C3D8I.
=== on-caso-2 (CCX): solver ccx_preCICE -i on-caso-2 ===

************************************************************

CalculiX Version 2.20, Copyright(C) 1998-2022 Guido Dhondt
CalculiX comes with ABSOLUTELY NO WARRANTY. This is free
software, and you are welcome to redistribute it under
certain conditions, see gpl.htm

************************************************************

You are using an executable made on Sun Jul 31 18:08:37 CEST 2022

  The numbers below are estimated upper bounds

  number of:

   nodes:        11950
   elements:        50264
   one-dimensional elements:            0
   two-dimensional elements:            0
   integration points per element:            8
   degrees of freedom per node:            3
   layers per element:            1

   distributed facial loads:          480
   distributed volumetric loads:            0
   concentrated loads:          373
   single point constraints:         2625
   multiple point constraints:            1
   terms in all multiple point constraints:            1
   tie constraints:            0
   dependent nodes tied by cyclic constraints:            0
   dependent nodes in pre-tension constraints:            0

   sets:          285
   terms in all sets:        13678

   materials:          257
   constants per material and temperature:            9
   temperature points per material:            1
   plastic data points per material:            0

   orientations:            1
   amplitudes:            8
   data points in all amplitudes:           11
   print requests:            8
   transformations:            0
   property cards:            0

 *INFO reading *HYPERELASTIC: nonlinear geometric
       effects are turned on

 *INFO reading *HYPERELASTIC: nonlinear geometric
       effects are turned on

 *INFO reading *HYPERELASTIC: nonlinear geometric
       effects are turned on

 *INFO reading *HYPERELASTIC: nonlinear geometric
       effects are turned on

 *INFO reading *HYPERELASTIC: nonlinear geometric
       effects are turned on

 *INFO reading *HYPERELASTIC: nonlinear geometric
       effects are turned on

 *INFO reading *STEP: nonlinear geometric
       effects are turned on

 *WARNING reading *STATIC: parameter not recognized:
          RIKS
 *WARNING reading *STATIC. Card image:
          *STATIC,RIKS


 STEP            1

 Static analysis was selected

 Nonlinear material laws are taken into account

 Newton-Raphson iterative procedure is active

 Nonlinear geometric effects are taken into account

 Decascading the MPC's

 Determining the structure of the matrix:
 Using up to 1 cpu(s) for setting up the structure of the matrix.
 number of equations
 33297
 number of nonzero lower triangular matrix elements
 921039

 increment 1 attempt 1 
 increment size= 2.500000e-02
 sum of previous increments=0.000000e+00
 actual step time=2.500000e-02
 actual total time=2.500000e-02

 iteration 1

 Using up to 1 cpu(s) for the stress calculation.

 Using up to 1 cpu(s) for the symmetric stiffness/mass contributions.

 Factoring the system of equations using the symmetric spooles solver
 Using up to 1 cpu(s) for spooles.

 Using up to 1 cpu(s) for the stress calculation.

 average force= 0.000012
 time avg. forc= 0.000012
 largest residual force= 0.000958 in node 1627 and dof 1
 largest increment of disp= 3.750497e-05
 largest correction to disp= 3.750497e-05 in node 2800 and dof 3

 no convergence

 iteration 2

 Using up to 1 cpu(s) for the symmetric stiffness/mass contributions.

 Factoring the system of equations using the symmetric spooles solver
 Using up to 1 cpu(s) for spooles.

 Using up to 1 cpu(s) for the stress calculation.

 average force= 0.000012
 time avg. forc= 0.000012
 largest residual force= 0.000005 in node 1641 and dof 1
 largest increment of disp= 3.750497e-05
 largest correction to disp= 8.803726e-07 in node 2405 and dof 3

 no convergence

 iteration 3

 Using up to 1 cpu(s) for the symmetric stiffness/mass contributions.

 Factoring the system of equations using the symmetric spooles solver
 Using up to 1 cpu(s) for spooles.

 Using up to 1 cpu(s) for the stress calculation.

 average force= 0.000012
 time avg. forc= 0.000012
 largest residual force= 0.000000 in node 1627 and dof 1
 largest increment of disp= 3.750497e-05
 largest correction to disp= 5.158447e-09 in node 7781 and dof 1

 convergence

 increment 2 attempt 1 
 increment size= 2.500000e-02
 sum of previous increments=2.500000e-02
 actual step time=5.000000e-02
 actual total time=5.000000e-02

 iteration 1

 Using up to 1 cpu(s) for the stress calculation.

 Using up to 1 cpu(s) for the symmetric stiffness/mass contributions.

 Factoring the system of equations using the symmetric spooles solver
 Using up to 1 cpu(s) for spooles.

 Using up to 1 cpu(s) for the stress calculation.

 average force= 0.000024
 time avg. forc= 0.000018
 largest residual force= 0.000039 in node 1641 and dof 1
 largest increment of disp= 3.750785e-05
 largest correction to disp= 1.024119e-06 in node 7817 and dof 1

 no convergence

 iteration 2

 Using up to 1 cpu(s) for the symmetric stiffness/mass contributions.

 Factoring the system of equations using the symmetric spooles solver
 Using up to 1 cpu(s) for spooles.

 Using up to 1 cpu(s) for the stress calculation.

 average force= 0.000024
 time avg. forc= 0.000018
 largest residual force= 0.000000 in node 1641 and dof 1
 largest increment of disp= 3.750785e-05
 largest correction to disp= 3.852450e-08 in node 7802 and dof 1

 convergence; the increment size is increased to 3.750000e-02

 increment 3 attempt 1 
 increment size= 3.750000e-02
 sum of previous increments=5.000000e-02
 actual step time=8.750000e-02
 actual total time=8.750000e-02

 iteration 1

 Using up to 1 cpu(s) for the stress calculation.

 Using up to 1 cpu(s) for the symmetric stiffness/mass contributions.

 Factoring the system of equations using the symmetric spooles solver
 Using up to 1 cpu(s) for spooles.

 Using up to 1 cpu(s) for the stress calculation.

 average force= 0.000043
 time avg. forc= 0.000027
 largest residual force= 0.000442 in node 1641 and dof 1
 largest increment of disp= 5.628973e-05
 largest correction to disp= 3.522446e-06 in node 7820 and dof 1

 no convergence

 iteration 2

 Using up to 1 cpu(s) for the symmetric stiffness/mass contributions.

 Factoring the system of equations using the symmetric spooles solver
 Using up to 1 cpu(s) for spooles.

 Using up to 1 cpu(s) for the stress calculation.

 average force= 0.000043
 time avg. forc= 0.000027
 largest residual force= 0.000011 in node 1641 and dof 1
 largest increment of disp= 5.628973e-05
 largest correction to disp= 5.408542e-07 in node 7817 and dof 1

 no convergence

 iteration 3

 Using up to 1 cpu(s) for the symmetric stiffness/mass contributions.

 Factoring the system of equations using the symmetric spooles solver
 Using up to 1 cpu(s) for spooles.

 Using up to 1 cpu(s) for the stress calculation.

 average force= 0.000043
 time avg. forc= 0.000027
 largest residual force= 0.000000 in node 1648 and dof 1
 largest increment of disp= 5.628973e-05
 largest correction to disp= 1.701813e-08 in node 7820 and dof 1

 convergence; the increment size is increased to 5.625000e-02

 the increment size exceeds the maximum allowed and is decreased to 5.000000e-02

 increment 4 attempt 1 
 increment size= 5.000000e-02
 sum of previous increments=8.750000e-02
 actual step time=1.375000e-01
 actual total time=1.375000e-01

 iteration 1

 Using up to 1 cpu(s) for the stress calculation.

 Using up to 1 cpu(s) for the symmetric stiffness/mass contributions.

 Factoring the system of equations using the symmetric spooles solver
 Using up to 1 cpu(s) for spooles.

 Using up to 1 cpu(s) for the stress calculation.

 average force= 0.000074
 time avg. forc= 0.000039
 largest residual force= 0.004309 in node 1648 and dof 1
 largest increment of disp= 7.523309e-05
 largest correction to disp= 1.083936e-05 in node 7820 and dof 1

 no convergence

 iteration 2

 Using up to 1 cpu(s) for the symmetric stiffness/mass contributions.

 Factoring the system of equations using the symmetric spooles solver
 Using up to 1 cpu(s) for spooles.

 Using up to 1 cpu(s) for the stress calculation.

 average force= 0.000074
 time avg. forc= 0.000039
 largest residual force= 0.003609 in node 1641 and dof 1
 largest increment of disp= 7.523309e-05
 largest correction to disp= 1.002552e-05 in node 7817 and dof 1

 no convergence

 iteration 3

 Using up to 1 cpu(s) for the symmetric stiffness/mass contributions.

 Factoring the system of equations using the symmetric spooles solver
 Using up to 1 cpu(s) for spooles.

 Using up to 1 cpu(s) for the stress calculation.

 average force= 0.000074
 time avg. forc= 0.000039
 largest residual force= 0.000470 in node 1648 and dof 1
 largest increment of disp= 7.523309e-05
 largest correction to disp= 3.568936e-06 in node 7820 and dof 1

 no convergence

 iteration 4

 Using up to 1 cpu(s) for the symmetric stiffness/mass contributions.

 Factoring the system of equations using the symmetric spooles solver
 Using up to 1 cpu(s) for spooles.

 Using up to 1 cpu(s) for the stress calculation.

 average force= 0.000074
 time avg. forc= 0.000039
 largest residual force= 0.000064 in node 1648 and dof 1
 largest increment of disp= 7.523309e-05
 largest correction to disp= 1.321593e-06 in node 7817 and dof 1

 no convergence

 iteration 5

 Using up to 1 cpu(s) for the symmetric stiffness/mass contributions.

 Factoring the system of equations using the symmetric spooles solver
 Using up to 1 cpu(s) for spooles.

 Using up to 1 cpu(s) for the stress calculation.

 average force= 0.000074
 time avg. forc= 0.000039
 largest residual force= 0.000000 in node 1648 and dof 1
 largest increment of disp= 7.523309e-05
 largest correction to disp= 5.749924e-08 in node 7835 and dof 1

 convergence

 increment 5 attempt 1 
 increment size= 5.000000e-02
 sum of previous increments=1.375000e-01
 actual step time=1.875000e-01
 actual total time=1.875000e-01

 iteration 1

 Using up to 1 cpu(s) for the stress calculation.

 Using up to 1 cpu(s) for the symmetric stiffness/mass contributions.

 Factoring the system of equations using the symmetric spooles solver
 Using up to 1 cpu(s) for spooles.

 Using up to 1 cpu(s) for the stress calculation.

 average force= 0.000116
 time avg. forc= 0.000054
 largest residual force= 0.001636 in node 1765 and dof 1
 largest increment of disp= 7.613777e-05
 largest correction to disp= 6.637610e-06 in node 8216 and dof 1

 no convergence

 iteration 2

 Using up to 1 cpu(s) for the symmetric stiffness/mass contributions.

 Factoring the system of equations using the symmetric spooles solver
 Using up to 1 cpu(s) for spooles.

 Using up to 1 cpu(s) for the stress calculation.

 average force= 0.000222
 time avg. forc= 0.000075
 largest residual force= 0.055806 in node 1648 and dof 1
 largest increment of disp= 7.613777e-05
 largest correction to disp= 3.931245e-05 in node 7820 and dof 1

 no convergence

 iteration 3

 Using up to 1 cpu(s) for the symmetric stiffness/mass contributions.

 Factoring the system of equations using the symmetric spooles solver
 Using up to 1 cpu(s) for spooles.

 Using up to 1 cpu(s) for the stress calculation.

 average force= 0.000127
 time avg. forc= 0.000056
 largest residual force= 0.000336 in node 1648 and dof 1
 largest increment of disp= 7.613777e-05
 largest correction to disp= 3.026607e-06 in node 7820 and dof 1

 no convergence

 iteration 4

 Using up to 1 cpu(s) for the symmetric stiffness/mass contributions.

 Factoring the system of equations using the symmetric spooles solver
 Using up to 1 cpu(s) for spooles.

 Using up to 1 cpu(s) for the stress calculation.

 average force= 0.000125
 time avg. forc= 0.000056
 largest residual force= 0.002463 in node 1648 and dof 1
 largest increment of disp= 7.613777e-05
 largest correction to disp= 8.168284e-06 in node 7820 and dof 1

 no convergence

 iteration 5

 Using up to 1 cpu(s) for the symmetric stiffness/mass contributions.

 Factoring the system of equations using the symmetric spooles solver
 Using up to 1 cpu(s) for spooles.

 Using up to 1 cpu(s) for the stress calculation.

 average force= 0.000125
 time avg. forc= 0.000056
 largest residual force= 0.000024 in node 1648 and dof 1
 largest increment of disp= 7.613777e-05
 largest correction to disp= 8.031051e-07 in node 7835 and dof 1

 no convergence

 iteration 6

 Using up to 1 cpu(s) for the symmetric stiffness/mass contributions.

 Factoring the system of equations using the symmetric spooles solver
 Using up to 1 cpu(s) for spooles.

 Using up to 1 cpu(s) for the stress calculation.

 average force= 0.000124
 time avg. forc= 0.000056
 largest residual force= 0.000001 in node 1843 and dof 2
 largest increment of disp= 7.613777e-05
 largest correction to disp= 1.744040e-07 in node 8378 and dof 2

 no convergence

 iteration 7

 Using up to 1 cpu(s) for the symmetric stiffness/mass contributions.

 Factoring the system of equations using the symmetric spooles solver
 Using up to 1 cpu(s) for spooles.

 Using up to 1 cpu(s) for the stress calculation.

 average force= 0.000124
 time avg. forc= 0.000056
 largest residual force= 0.000000 in node 1843 and dof 2
 largest increment of disp= 7.613777e-05
 largest correction to disp= 6.919245e-10 in node 8378 and dof 2

 convergence

 Using up to 1 cpu(s) for the stress calculation.

 increment 6 attempt 1 
 increment size= 5.000000e-02
 sum of previous increments=1.875000e-01
 actual step time=2.375000e-01
 actual total time=2.375000e-01

 iteration 1

 Using up to 1 cpu(s) for the stress calculation.

 Using up to 1 cpu(s) for the symmetric stiffness/mass contributions.

 Factoring the system of equations using the symmetric spooles solver
 Using up to 1 cpu(s) for spooles.

 Using up to 1 cpu(s) for the stress calculation.

 average force= 0.000217
 time avg. forc= 0.000083
 largest residual force= 0.002216 in node 1995 and dof 1
 largest increment of disp= 7.725144e-05
 largest correction to disp= 4.297211e-05 in node 7476 and dof 2

 no convergence

 iteration 2

 Using up to 1 cpu(s) for the symmetric stiffness/mass contributions.

 Factoring the system of equations using the symmetric spooles solver
 Using up to 1 cpu(s) for spooles.

 Using up to 1 cpu(s) for the stress calculation.

 average force= 0.000212
 time avg. forc= 0.000082
 largest residual force= 0.006514 in node 1648 and dof 1
 largest increment of disp= 7.725144e-05
 largest correction to disp= 2.284266e-05 in node 9410 and dof 1

 no convergence

 iteration 3

 Using up to 1 cpu(s) for the symmetric stiffness/mass contributions.

 Factoring the system of equations using the symmetric spooles solver
 Using up to 1 cpu(s) for spooles.

 Using up to 1 cpu(s) for the stress calculation.

 average force= 0.000669
 time avg. forc= 0.000158
 largest residual force= 0.092058 in node 2018 and dof 1
 largest increment of disp= 1.467657e-04
 largest correction to disp= 1.467657e-04 in node 8690 and dof 1

 no convergence

 iteration 4

 Using up to 1 cpu(s) for the symmetric stiffness/mass contributions.

 Factoring the system of equations using the symmetric spooles solver
 Using up to 1 cpu(s) for spooles.

 Using up to 1 cpu(s) for the stress calculation.

 average force= 0.000341
 time avg. forc= 0.000103
 largest residual force= 0.002816 in node 2018 and dof 1
 largest increment of disp= 1.467657e-04
 largest correction to disp= 2.234642e-05 in node 8654 and dof 1

 no convergence

 iteration 5

 Using up to 1 cpu(s) for the symmetric stiffness/mass contributions.

 Factoring the system of equations using the symmetric spooles solver
 Using up to 1 cpu(s) for spooles.

 Using up to 1 cpu(s) for the stress calculation.

 average force= 0.000282
 time avg. forc= 0.000093
 largest residual force= 0.006274 in node 2018 and dof 1
 largest increment of disp= 1.467657e-04
 largest correction to disp= 3.804694e-05 in node 8654 and dof 1

 no convergence

 iteration 6

 Using up to 1 cpu(s) for the symmetric stiffness/mass contributions.

 Factoring the system of equations using the symmetric spooles solver
 Using up to 1 cpu(s) for spooles.

 Using up to 1 cpu(s) for the stress calculation.

 average force= 0.000253
 time avg. forc= 0.000089
 largest residual force= 0.001803 in node 2039 and dof 1
 largest increment of disp= 1.467657e-04
 largest correction to disp= 2.051406e-05 in node 8732 and dof 1

 no convergence

 iteration 7

 Using up to 1 cpu(s) for the symmetric stiffness/mass contributions.

 Factoring the system of equations using the symmetric spooles solver
 Using up to 1 cpu(s) for spooles.

 Using up to 1 cpu(s) for the stress calculation.

 average force= 0.000237
 time avg. forc= 0.000086
 largest residual force= 0.000901 in node 2039 and dof 1
 largest increment of disp= 1.467657e-04
 largest correction to disp= 1.448257e-05 in node 8726 and dof 1

 no convergence

 iteration 8

 Using up to 1 cpu(s) for the symmetric stiffness/mass contributions.

 Factoring the system of equations using the symmetric spooles solver
 Using up to 1 cpu(s) for spooles.

 Using up to 1 cpu(s) for the stress calculation.

 average force= 0.000232
 time avg. forc= 0.000085
 largest residual force= 0.000330 in node 2039 and dof 1
 largest increment of disp= 1.467657e-04
 largest correction to disp= 8.819913e-06 in node 8732 and dof 1

 estimated number of iterations till convergence = 15
 no convergence

 iteration 9

 Using up to 1 cpu(s) for the symmetric stiffness/mass contributions.

 Factoring the system of equations using the symmetric spooles solver
 Using up to 1 cpu(s) for spooles.

 Using up to 1 cpu(s) for the stress calculation.

 average force= 0.000229
 time avg. forc= 0.000085
 largest residual force= 0.000060 in node 2039 and dof 1
 largest increment of disp= 1.467657e-04
 largest correction to disp= 3.747371e-06 in node 8726 and dof 1

 estimated number of iterations till convergence = 12
 no convergence

 iteration 10

 Using up to 1 cpu(s) for the symmetric stiffness/mass contributions.

 Factoring the system of equations using the symmetric spooles solver
 Using up to 1 cpu(s) for spooles.

 Using up to 1 cpu(s) for the stress calculation.

 average force= 0.000229
 time avg. forc= 0.000085
 largest residual force= 0.000006 in node 2441 and dof 1
 largest increment of disp= 1.467657e-04
 largest correction to disp= 1.171386e-06 in node 9446 and dof 1

 estimated number of iterations till convergence = 12
 no convergence

 iteration 11

 Using up to 1 cpu(s) for the symmetric stiffness/mass contributions.

 Factoring the system of equations using the symmetric spooles solver
 Using up to 1 cpu(s) for spooles.

 Using up to 1 cpu(s) for the stress calculation.

 average force= 0.000229
 time avg. forc= 0.000085
 largest residual force= 0.000000 in node 2441 and dof 1
 largest increment of disp= 1.467657e-04
 largest correction to disp= 8.588213e-08 in node 9452 and dof 1

convergence

 increment 7 attempt 1 
 increment size= 5.000000e-02
 sum of previous increments=2.375000e-01
 actual step time=2.875000e-01
 actual total time=2.875000e-01

 iteration 1

 Using up to 1 cpu(s) for the stress calculation.

 Using up to 1 cpu(s) for the symmetric stiffness/mass contributions.

 Factoring the system of equations using the symmetric spooles solver
 Using up to 1 cpu(s) for spooles.

 Using up to 1 cpu(s) for the stress calculation.

 average force= 0.000415
 time avg. forc= 0.000132
 largest residual force= 0.024822 in node 2421 and dof 1
 largest increment of disp= 7.838219e-05
 largest correction to disp= 7.838219e-05 in node 9408 and dof 1

 no convergence

 iteration 2

 Using up to 1 cpu(s) for the symmetric stiffness/mass contributions.

 Factoring the system of equations using the symmetric spooles solver
 Using up to 1 cpu(s) for spooles.

 Using up to 1 cpu(s) for the stress calculation.

 average force= 0.000772
 time avg. forc= 0.000183
 largest residual force= 0.163852 in node 2017 and dof 1
 largest increment of disp= 1.973506e-04
 largest correction to disp= 1.973506e-04 in node 8688 and dof 1

 no convergence

 iteration 3

 Using up to 1 cpu(s) for the symmetric stiffness/mass contributions.

 Factoring the system of equations using the symmetric spooles solver
 Using up to 1 cpu(s) for spooles.

 Using up to 1 cpu(s) for the stress calculation.

 average force= 0.000516
 time avg. forc= 0.000146
 largest residual force= 0.019876 in node 2422 and dof 1
 largest increment of disp= 1.973506e-04
 largest correction to disp= 6.935182e-05 in node 9378 and dof 1

 no convergence

 iteration 4

 Using up to 1 cpu(s) for the symmetric stiffness/mass contributions.

 Factoring the system of equations using the symmetric spooles solver
 Using up to 1 cpu(s) for spooles.

 Using up to 1 cpu(s) for the stress calculation.

 average force= 0.000475
 time avg. forc= 0.000140
 largest residual force= 0.014235 in node 2017 and dof 1
 largest increment of disp= 1.973506e-04
 largest correction to disp= 5.772218e-05 in node 8688 and dof 1

 no convergence

 iteration 5

 Using up to 1 cpu(s) for the symmetric stiffness/mass contributions.

 Factoring the system of equations using the symmetric spooles solver
 Using up to 1 cpu(s) for spooles.

 Using up to 1 cpu(s) for the stress calculation.

 average force= 0.000475
 time avg. forc= 0.000140
 largest residual force= 0.008834 in node 2422 and dof 1
 largest increment of disp= 1.973506e-04
 largest correction to disp= 4.623524e-05 in node 9372 and dof 1

 no convergence

 iteration 6

 Using up to 1 cpu(s) for the symmetric stiffness/mass contributions.

 Factoring the system of equations using the symmetric spooles solver
 Using up to 1 cpu(s) for spooles.

 Using up to 1 cpu(s) for the stress calculation.

 average force= 0.000459
 time avg. forc= 0.000138
 largest residual force= 0.002068 in node 2017 and dof 1
 largest increment of disp= 1.973506e-04
 largest correction to disp= 2.200742e-05 in node 8658 and dof 1

 no convergence

 iteration 7

 Using up to 1 cpu(s) for the symmetric stiffness/mass contributions.

 Factoring the system of equations using the symmetric spooles solver
 Using up to 1 cpu(s) for spooles.

 Using up to 1 cpu(s) for the stress calculation.

 average force= 0.000451
 time avg. forc= 0.000137
 largest residual force= 0.000405 in node 2017 and dof 1
 largest increment of disp= 1.973506e-04
 largest correction to disp= 9.777728e-06 in node 8688 and dof 1

 no convergence

 iteration 8

 Using up to 1 cpu(s) for the symmetric stiffness/mass contributions.

 Factoring the system of equations using the symmetric spooles solver
 Using up to 1 cpu(s) for spooles.

 Using up to 1 cpu(s) for the stress calculation.

 average force= 0.000449
 time avg. forc= 0.000137
 largest residual force= 0.000024 in node 2017 and dof 1
 largest increment of disp= 1.973506e-04
 largest correction to disp= 2.380221e-06 in node 8688 and dof 1

 estimated number of iterations till convergence = 10
 no convergence

 iteration 9

 Using up to 1 cpu(s) for the symmetric stiffness/mass contributions.

 Factoring the system of equations using the symmetric spooles solver
 Using up to 1 cpu(s) for spooles.

 Using up to 1 cpu(s) for the stress calculation.

 average force= 0.000449
 time avg. forc= 0.000137
 largest residual force= 0.000000 in node 2017 and dof 1
 largest increment of disp= 1.973506e-04
 largest correction to disp= 1.380372e-07 in node 8694 and dof 1

 convergence

 increment 8 attempt 1 
 increment size= 5.000000e-02
 sum of previous increments=2.875000e-01
 actual step time=3.375000e-01
 actual total time=3.375000e-01

 iteration 1

 Using up to 1 cpu(s) for the stress calculation.

 Using up to 1 cpu(s) for the symmetric stiffness/mass contributions.

 Factoring the system of equations using the symmetric spooles solver
 Using up to 1 cpu(s) for spooles.

 Using up to 1 cpu(s) for the stress calculation.

 average force= 0.000664
 time avg. forc= 0.000202
 largest residual force= 0.000418 in node 1644 and dof 1
 largest increment of disp= 8.681384e-05
 largest correction to disp= 1.147254e-05 in node 5904 and dof 2

 no convergence

 iteration 2

 Using up to 1 cpu(s) for the symmetric stiffness/mass contributions.

 Factoring the system of equations using the symmetric spooles solver
 Using up to 1 cpu(s) for spooles.

 Using up to 1 cpu(s) for the stress calculation.

 average force= 0.000656
 time avg. forc= 0.000202
 largest residual force= 0.001248 in node 1650 and dof 1
 largest increment of disp= 8.681384e-05
 largest correction to disp= 2.088561e-05 in node 7476 and dof 2

 no convergence

 iteration 3

 Using up to 1 cpu(s) for the symmetric stiffness/mass contributions.

 Factoring the system of equations using the symmetric spooles solver
 Using up to 1 cpu(s) for spooles.

 Using up to 1 cpu(s) for the stress calculation.

 average force= 0.000656
 time avg. forc= 0.000201
 largest residual force= 0.000014 in node 1717 and dof 2
 largest increment of disp= 8.681384e-05
 largest correction to disp= 2.951068e-06 in node 5904 and dof 2

 no convergence

 iteration 4

 Using up to 1 cpu(s) for the symmetric stiffness/mass contributions.

 Factoring the system of equations using the symmetric spooles solver
 Using up to 1 cpu(s) for spooles.

 Using up to 1 cpu(s) for the stress calculation.

 average force= 0.000656
 time avg. forc= 0.000201
 largest residual force= 0.000000 in node 1717 and dof 2
 largest increment of disp= 8.681384e-05
 largest correction to disp= 3.289709e-07 in node 5988 and dof 2

 convergence

 increment 9 attempt 1 
 increment size= 5.000000e-02
 sum of previous increments=3.375000e-01
 actual step time=3.875000e-01
 actual total time=3.875000e-01

 iteration 1

 Using up to 1 cpu(s) for the stress calculation.

 Using up to 1 cpu(s) for the symmetric stiffness/mass contributions.

 Factoring the system of equations using the symmetric spooles solver
 Using up to 1 cpu(s) for spooles.

 Using up to 1 cpu(s) for the stress calculation.

 average force= 0.000833
 time avg. forc= 0.000272
 largest residual force= 0.000521 in node 2403 and dof 1
 largest increment of disp= 7.625463e-05
 largest correction to disp= 1.105156e-05 in node 9372 and dof 1

 no convergence

 iteration 2

 Using up to 1 cpu(s) for the symmetric stiffness/mass contributions.

 Factoring the system of equations using the symmetric spooles solver
 Using up to 1 cpu(s) for spooles.

 Using up to 1 cpu(s) for the stress calculation.

 average force= 0.000819
 time avg. forc= 0.000270
 largest residual force= 0.000452 in node 1715 and dof 2
 largest increment of disp= 7.625463e-05
 largest correction to disp= 8.876186e-06 in node 7344 and dof 2

 no convergence

 iteration 3

 Using up to 1 cpu(s) for the symmetric stiffness/mass contributions.

 Factoring the system of equations using the symmetric spooles solver
 Using up to 1 cpu(s) for spooles.

 Using up to 1 cpu(s) for the stress calculation.

 average force= 0.000819
 time avg. forc= 0.000270
 largest residual force= 0.000000 in node 2422 and dof 1
 largest increment of disp= 7.625463e-05
 largest correction to disp= 9.094884e-07 in node 6579 and dof 1

 convergence; the increment size is increased to 7.500000e-02

 the increment size exceeds the maximum allowed and is decreased to 5.000000e-02

 increment 10 attempt 1 
 increment size= 5.000000e-02
 sum of previous increments=3.875000e-01
 actual step time=4.375000e-01
 actual total time=4.375000e-01

 iteration 1

 Using up to 1 cpu(s) for the stress calculation.

 Using up to 1 cpu(s) for the symmetric stiffness/mass contributions.

 Factoring the system of equations using the symmetric spooles solver
 Using up to 1 cpu(s) for spooles.

 Using up to 1 cpu(s) for the stress calculation.

 average force= 0.000961
 time avg. forc= 0.000339
 largest residual force= 0.000175 in node 2403 and dof 1
 largest increment of disp= 7.616254e-05
 largest correction to disp= 7.530646e-06 in node 7344 and dof 2

 no convergence

 iteration 2

 Using up to 1 cpu(s) for the symmetric stiffness/mass contributions.

 Factoring the system of equations using the symmetric spooles solver
 Using up to 1 cpu(s) for spooles.

 Using up to 1 cpu(s) for the stress calculation.

 average force= 0.000956
 time avg. forc= 0.000339
 largest residual force= 0.000178 in node 1844 and dof 2
 largest increment of disp= 7.616254e-05
 largest correction to disp= 1.128769e-05 in node 6591 and dof 1

 no convergence

 iteration 3

 Using up to 1 cpu(s) for the symmetric stiffness/mass contributions.

 Factoring the system of equations using the symmetric spooles solver
 Using up to 1 cpu(s) for spooles.

 Using up to 1 cpu(s) for the stress calculation.

 average force= 0.000956
 time avg. forc= 0.000339
 largest residual force= 0.000000 in node 1841 and dof 2
 largest increment of disp= 7.616254e-05
 largest correction to disp= 1.196988e-07 in node 6588 and dof 2

 convergence; the increment size is increased to 7.500000e-02

 the increment size exceeds the maximum allowed and is decreased to 5.000000e-02

 Using up to 1 cpu(s) for the stress calculation.

 increment 11 attempt 1 
 increment size= 5.000000e-02
 sum of previous increments=4.375000e-01
 actual step time=4.875000e-01
 actual total time=4.875000e-01

 iteration 1

 Using up to 1 cpu(s) for the stress calculation.

 Using up to 1 cpu(s) for the symmetric stiffness/mass contributions.

 Factoring the system of equations using the symmetric spooles solver
 Using up to 1 cpu(s) for spooles.

 Using up to 1 cpu(s) for the stress calculation.

 average force= 0.001080
 time avg. forc= 0.000406
 largest residual force= 0.000136 in node 1710 and dof 2
 largest increment of disp= 7.608360e-05
 largest correction to disp= 6.227512e-06 in node 6552 and dof 1

 no convergence

 iteration 2

 Using up to 1 cpu(s) for the symmetric stiffness/mass contributions.

 Factoring the system of equations using the symmetric spooles solver
 Using up to 1 cpu(s) for spooles.

 Using up to 1 cpu(s) for the stress calculation.

 average force= 0.001077
 time avg. forc= 0.000406
 largest residual force= 0.000101 in node 1843 and dof 2
 largest increment of disp= 7.608360e-05
 largest correction to disp= 3.551770e-06 in node 6612 and dof 1

 no convergence

 iteration 3

 Using up to 1 cpu(s) for the symmetric stiffness/mass contributions.

 Factoring the system of equations using the symmetric spooles solver
 Using up to 1 cpu(s) for spooles.

 Using up to 1 cpu(s) for the stress calculation.

 average force= 0.001077
 time avg. forc= 0.000406
 largest residual force= 0.000000 in node 1712 and dof 2
 largest increment of disp= 7.608360e-05
 largest correction to disp= 1.530028e-07 in node 6600 and dof 1

 convergence; the increment size is increased to 7.500000e-02

 the increment size exceeds the maximum allowed and is decreased to 5.000000e-02

 increment 12 attempt 1 
 increment size= 5.000000e-02
 sum of previous increments=4.875000e-01
 actual step time=5.375000e-01
 actual total time=5.375000e-01

 iteration 1

 Using up to 1 cpu(s) for the stress calculation.

 Using up to 1 cpu(s) for the symmetric stiffness/mass contributions.

 Factoring the system of equations using the symmetric spooles solver
 Using up to 1 cpu(s) for spooles.

 Using up to 1 cpu(s) for the stress calculation.

 average force= 0.001188
 time avg. forc= 0.000471
 largest residual force= 0.000110 in node 1710 and dof 2
 largest increment of disp= 7.596815e-05
 largest correction to disp= 5.446005e-06 in node 6612 and dof 1

 no convergence

 iteration 2

 Using up to 1 cpu(s) for the symmetric stiffness/mass contributions.

 Factoring the system of equations using the symmetric spooles solver
 Using up to 1 cpu(s) for spooles.

 Using up to 1 cpu(s) for the stress calculation.

 average force= 0.001187
 time avg. forc= 0.000471
 largest residual force= 0.000051 in node 1710 and dof 2
 largest increment of disp= 7.596815e-05
 largest correction to disp= 5.296188e-06 in node 6564 and dof 1

 no convergence

 iteration 3

 Using up to 1 cpu(s) for the symmetric stiffness/mass contributions.

 Factoring the system of equations using the symmetric spooles solver
 Using up to 1 cpu(s) for spooles.

 Using up to 1 cpu(s) for the stress calculation.

 average force= 0.001187
 time avg. forc= 0.000471
 largest residual force= 0.000000 in node 1836 and dof 2
 largest increment of disp= 7.596815e-05
 largest correction to disp= 4.855063e-07 in node 6591 and dof 1

 convergence; the increment size is increased to 7.500000e-02

 the increment size exceeds the maximum allowed and is decreased to 5.000000e-02

 increment 13 attempt 1 
 increment size= 5.000000e-02
 sum of previous increments=5.375000e-01
 actual step time=5.875000e-01
 actual total time=5.875000e-01

 iteration 1

 Using up to 1 cpu(s) for the stress calculation.

 Using up to 1 cpu(s) for the symmetric stiffness/mass contributions.

 Factoring the system of equations using the symmetric spooles solver
 Using up to 1 cpu(s) for spooles.

 Using up to 1 cpu(s) for the stress calculation.

 average force= 0.001289
 time avg. forc= 0.000534
 largest residual force= 0.000088 in node 1838 and dof 2
 largest increment of disp= 7.589881e-05
 largest correction to disp= 4.055327e-06 in node 6612 and dof 1

 no convergence

 iteration 2

 Using up to 1 cpu(s) for the symmetric stiffness/mass contributions.

 Factoring the system of equations using the symmetric spooles solver
 Using up to 1 cpu(s) for spooles.

 Using up to 1 cpu(s) for the stress calculation.

 average force= 0.001288
 time avg. forc= 0.000534
 largest residual force= 0.000023 in node 1838 and dof 2
 largest increment of disp= 7.589881e-05
 largest correction to disp= 4.571402e-06 in node 6579 and dof 1

 no convergence

 iteration 3

 Using up to 1 cpu(s) for the symmetric stiffness/mass contributions.

 Factoring the system of equations using the symmetric spooles solver
 Using up to 1 cpu(s) for spooles.

 Using up to 1 cpu(s) for the stress calculation.

 average force= 0.001288
 time avg. forc= 0.000534
 largest residual force= 0.000000 in node 1712 and dof 2
 largest increment of disp= 7.589881e-05
 largest correction to disp= 3.002697e-07 in node 6591 and dof 1

 convergence; the increment size is increased to 7.500000e-02

 the increment size exceeds the maximum allowed and is decreased to 5.000000e-02

 increment 14 attempt 1 
 increment size= 5.000000e-02
 sum of previous increments=5.875000e-01
 actual step time=6.375000e-01
 actual total time=6.375000e-01

 iteration 1

 Using up to 1 cpu(s) for the stress calculation.

 Using up to 1 cpu(s) for the symmetric stiffness/mass contributions.

 Factoring the system of equations using the symmetric spooles solver
 Using up to 1 cpu(s) for spooles.

 Using up to 1 cpu(s) for the stress calculation.

 average force= 0.001382
 time avg. forc= 0.000594
 largest residual force= 0.000070 in node 1710 and dof 2
 largest increment of disp= 7.584828e-05
 largest correction to disp= 3.437222e-06 in node 6576 and dof 1

 no convergence

 iteration 2

 Using up to 1 cpu(s) for the symmetric stiffness/mass contributions.

 Factoring the system of equations using the symmetric spooles solver
 Using up to 1 cpu(s) for spooles.

 Using up to 1 cpu(s) for the stress calculation.

 average force= 0.001382
 time avg. forc= 0.000594
 largest residual force= 0.000011 in node 1710 and dof 2
 largest increment of disp= 7.584828e-05
 largest correction to disp= 3.458850e-06 in node 6591 and dof 1

 no convergence

 iteration 3

 Using up to 1 cpu(s) for the symmetric stiffness/mass contributions.

 Factoring the system of equations using the symmetric spooles solver
 Using up to 1 cpu(s) for spooles.

 Using up to 1 cpu(s) for the stress calculation.

 average force= 0.001382
 time avg. forc= 0.000594
 largest residual force= 0.000000 in node 1836 and dof 2
 largest increment of disp= 7.584828e-05
 largest correction to disp= 1.679087e-07 in node 6579 and dof 1

 convergence; the increment size is increased to 7.500000e-02

 the increment size exceeds the maximum allowed and is decreased to 5.000000e-02

 increment 15 attempt 1 
 increment size= 5.000000e-02
 sum of previous increments=6.375000e-01
 actual step time=6.875000e-01
 actual total time=6.875000e-01

 iteration 1

 Using up to 1 cpu(s) for the stress calculation.

 Using up to 1 cpu(s) for the symmetric stiffness/mass contributions.

 Factoring the system of equations using the symmetric spooles solver
 Using up to 1 cpu(s) for spooles.

 Using up to 1 cpu(s) for the stress calculation.

 average force= 0.001470
 time avg. forc= 0.000653
 largest residual force= 0.000057 in node 1710 and dof 2
 largest increment of disp= 7.581341e-05
 largest correction to disp= 3.021678e-06 in node 6576 and dof 1

 no convergence

 iteration 2

 Using up to 1 cpu(s) for the symmetric stiffness/mass contributions.

 Factoring the system of equations using the symmetric spooles solver
 Using up to 1 cpu(s) for spooles.

 Using up to 1 cpu(s) for the stress calculation.

 average force= 0.001469
 time avg. forc= 0.000653
 largest residual force= 0.000008 in node 1835 and dof 2
 largest increment of disp= 7.581341e-05
 largest correction to disp= 2.989774e-06 in node 6651 and dof 1

 no convergence

 iteration 3

 Using up to 1 cpu(s) for the symmetric stiffness/mass contributions.

 Factoring the system of equations using the symmetric spooles solver
 Using up to 1 cpu(s) for spooles.

 Using up to 1 cpu(s) for the stress calculation.

 average force= 0.001469
 time avg. forc= 0.000653
 largest residual force= 0.000000 in node 1218 and dof 1
 largest increment of disp= 7.581341e-05
 largest correction to disp= 1.253914e-07 in node 6591 and dof 1

 convergence; the increment size is increased to 7.500000e-02

 the increment size exceeds the maximum allowed and is decreased to 5.000000e-02

 Using up to 1 cpu(s) for the stress calculation.

 increment 16 attempt 1 
 increment size= 5.000000e-02
 sum of previous increments=6.875000e-01
 actual step time=7.375000e-01
 actual total time=7.375000e-01

 iteration 1

 Using up to 1 cpu(s) for the stress calculation.

 Using up to 1 cpu(s) for the symmetric stiffness/mass contributions.

 Factoring the system of equations using the symmetric spooles solver
 Using up to 1 cpu(s) for spooles.

 Using up to 1 cpu(s) for the stress calculation.

 average force= 0.001552
 time avg. forc= 0.000709
 largest residual force= 0.000070 in node 1707 and dof 2
 largest increment of disp= 7.582686e-05
 largest correction to disp= 2.729298e-06 in node 6588 and dof 1

 no convergence

 iteration 2

 Using up to 1 cpu(s) for the symmetric stiffness/mass contributions.

 Factoring the system of equations using the symmetric spooles solver
 Using up to 1 cpu(s) for spooles.

 Using up to 1 cpu(s) for the stress calculation.

 average force= 0.001552
 time avg. forc= 0.000709
 largest residual force= 0.000021 in node 1707 and dof 2
 largest increment of disp= 7.582686e-05
 largest correction to disp= 3.293584e-06 in node 6651 and dof 1

 no convergence

 iteration 3

 Using up to 1 cpu(s) for the symmetric stiffness/mass contributions.

 Factoring the system of equations using the symmetric spooles solver
 Using up to 1 cpu(s) for spooles.

 Using up to 1 cpu(s) for the stress calculation.

 average force= 0.001552
 time avg. forc= 0.000709
 largest residual force= 0.000000 in node 1218 and dof 1
 largest increment of disp= 7.582686e-05
 largest correction to disp= 1.515140e-07 in node 6663 and dof 1

 convergence; the increment size is increased to 7.500000e-02

 the increment size exceeds the maximum allowed and is decreased to 5.000000e-02

 increment 17 attempt 1 
 increment size= 5.000000e-02
 sum of previous increments=7.375000e-01
 actual step time=7.875000e-01
 actual total time=7.875000e-01

 iteration 1

 Using up to 1 cpu(s) for the stress calculation.

 Using up to 1 cpu(s) for the symmetric stiffness/mass contributions.

 Factoring the system of equations using the symmetric spooles solver
 Using up to 1 cpu(s) for spooles.

 Using up to 1 cpu(s) for the stress calculation.

 average force= 0.001631
 time avg. forc= 0.000763
 largest residual force= 0.000128 in node 1707 and dof 2
 largest increment of disp= 7.581887e-05
 largest correction to disp= 2.899490e-06 in node 6564 and dof 1

 no convergence

 iteration 2

 Using up to 1 cpu(s) for the symmetric stiffness/mass contributions.

 Factoring the system of equations using the symmetric spooles solver
 Using up to 1 cpu(s) for spooles.

 Using up to 1 cpu(s) for the stress calculation.

 average force= 0.001631
 time avg. forc= 0.000763
 largest residual force= 0.000072 in node 1831 and dof 2
 largest increment of disp= 7.581887e-05
 largest correction to disp= 5.136507e-06 in node 6651 and dof 1

 no convergence

 iteration 3

 Using up to 1 cpu(s) for the symmetric stiffness/mass contributions.

 Factoring the system of equations using the symmetric spooles solver
 Using up to 1 cpu(s) for spooles.

 Using up to 1 cpu(s) for the stress calculation.

 average force= 0.001631
 time avg. forc= 0.000763
 largest residual force= 0.000000 in node 1218 and dof 1
 largest increment of disp= 7.581887e-05
 largest correction to disp= 3.783433e-07 in node 6519 and dof 1

 convergence; the increment size is increased to 7.500000e-02

 the increment size exceeds the maximum allowed and is decreased to 5.000000e-02

 increment 18 attempt 1 
 increment size= 5.000000e-02
 sum of previous increments=7.875000e-01
 actual step time=8.375000e-01
 actual total time=8.375000e-01

 iteration 1

 Using up to 1 cpu(s) for the stress calculation.

 Using up to 1 cpu(s) for the symmetric stiffness/mass contributions.

 Factoring the system of equations using the symmetric spooles solver
 Using up to 1 cpu(s) for spooles.

 Using up to 1 cpu(s) for the stress calculation.

 average force= 0.001706
 time avg. forc= 0.000816
 largest residual force= 0.000295 in node 1707 and dof 2
 largest increment of disp= 7.585190e-05
 largest correction to disp= 3.766438e-06 in node 6507 and dof 1

 no convergence

 iteration 2

 Using up to 1 cpu(s) for the symmetric stiffness/mass contributions.

 Factoring the system of equations using the symmetric spooles solver
 Using up to 1 cpu(s) for spooles.

 Using up to 1 cpu(s) for the stress calculation.

 average force= 0.001706
 time avg. forc= 0.000816
 largest residual force= 0.000511 in node 1831 and dof 2
 largest increment of disp= 7.585190e-05
 largest correction to disp= 1.362448e-05 in node 6507 and dof 1

 no convergence

 iteration 3

 Using up to 1 cpu(s) for the symmetric stiffness/mass contributions.

 Factoring the system of equations using the symmetric spooles solver
 Using up to 1 cpu(s) for spooles.

 Using up to 1 cpu(s) for the stress calculation.

 average force= 0.001706
 time avg. forc= 0.000816
 largest residual force= 0.000001 in node 1218 and dof 1
 largest increment of disp= 7.585190e-05
 largest correction to disp= 2.059092e-06 in node 6519 and dof 1

 convergence; the increment size is increased to 7.500000e-02

 the increment size exceeds the maximum allowed and is decreased to 5.000000e-02

 increment 19 attempt 1 
 increment size= 5.000000e-02
 sum of previous increments=8.375000e-01
 actual step time=8.875000e-01
 actual total time=8.875000e-01

 iteration 1

 Using up to 1 cpu(s) for the stress calculation.

 Using up to 1 cpu(s) for the symmetric stiffness/mass contributions.

 Factoring the system of equations using the symmetric spooles solver
 Using up to 1 cpu(s) for spooles.

 Using up to 1 cpu(s) for the stress calculation.

 average force= 0.001780
 time avg. forc= 0.000866
 largest residual force= 0.000674 in node 1707 and dof 2
 largest increment of disp= 7.620340e-05
 largest correction to disp= 6.835416e-06 in node 6507 and dof 1

 no convergence

 iteration 2

 Using up to 1 cpu(s) for the symmetric stiffness/mass contributions.

 Factoring the system of equations using the symmetric spooles solver
 Using up to 1 cpu(s) for spooles.

 Using up to 1 cpu(s) for the stress calculation.

 average force= 0.001783
 time avg. forc= 0.000866
 largest residual force= 0.006974 in node 1831 and dof 2
 largest increment of disp= 9.114944e-05
 largest correction to disp= 9.114944e-05 in node 6507 and dof 1

 no convergence

 iteration 3

 Using up to 1 cpu(s) for the symmetric stiffness/mass contributions.

 Factoring the system of equations using the symmetric spooles solver
 Using up to 1 cpu(s) for spooles.

 Using up to 1 cpu(s) for the stress calculation.

 average force= 0.001783
 time avg. forc= 0.000866
 largest residual force= 0.000039 in node 1763 and dof 1
 largest increment of disp= 9.114944e-05
 largest correction to disp= 8.431912e-06 in node 6534 and dof 1

 no convergence

 iteration 4

 Using up to 1 cpu(s) for the symmetric stiffness/mass contributions.

 Factoring the system of equations using the symmetric spooles solver
 Using up to 1 cpu(s) for spooles.

 Using up to 1 cpu(s) for the stress calculation.

 average force= 0.001785
 time avg. forc= 0.000867
 largest residual force= 0.004143 in node 1218 and dof 1
 largest increment of disp= 1.322304e-04
 largest correction to disp= 1.322304e-04 in node 6522 and dof 1

 no convergence

 iteration 5

 Using up to 1 cpu(s) for the symmetric stiffness/mass contributions.

 Factoring the system of equations using the symmetric spooles solver
 Using up to 1 cpu(s) for spooles.

 Using up to 1 cpu(s) for the stress calculation.

 average force= 0.001782
 time avg. forc= 0.000866
 largest residual force= 0.000202 in node 1763 and dof 1
 largest increment of disp= 1.322304e-04
 largest correction to disp= 8.360155e-06 in node 6524 and dof 1

 divergence; the increment size is decreased to 1.250000e-02
 the increment is reattempted

 increment 19 attempt 2 
 increment size= 1.250000e-02
 sum of previous increments=8.375000e-01
 actual step time=8.500000e-01
 actual total time=8.500000e-01

 iteration 1

 Using up to 1 cpu(s) for the stress calculation.

 Using up to 1 cpu(s) for the symmetric stiffness/mass contributions.

 Factoring the system of equations using the symmetric spooles solver
 Using up to 1 cpu(s) for spooles.

 Using up to 1 cpu(s) for the stress calculation.

 average force= 0.001725
 time avg. forc= 0.000863
 largest residual force= 0.000070 in node 1707 and dof 2
 largest increment of disp= 1.905085e-05
 largest correction to disp= 4.507441e-06 in node 6507 and dof 1

 no convergence

 iteration 2

 Using up to 1 cpu(s) for the symmetric stiffness/mass contributions.

 Factoring the system of equations using the symmetric spooles solver
 Using up to 1 cpu(s) for spooles.

 Using up to 1 cpu(s) for the stress calculation.

 average force= 0.001725
 time avg. forc= 0.000863
 largest residual force= 0.000024 in node 1706 and dof 2
 largest increment of disp= 1.905085e-05
 largest correction to disp= 7.072741e-06 in node 6519 and dof 1

 no convergence

 iteration 3

 Using up to 1 cpu(s) for the symmetric stiffness/mass contributions.

 Factoring the system of equations using the symmetric spooles solver
 Using up to 1 cpu(s) for spooles.

 Using up to 1 cpu(s) for the stress calculation.

 average force= 0.001725
 time avg. forc= 0.000863
 largest residual force= 0.000000 in node 1218 and dof 1
 largest increment of disp= 1.905085e-05
 largest correction to disp= 1.078276e-06 in node 6507 and dof 1

 convergence

 increment 20 attempt 1 
 increment size= 1.250000e-02
 sum of previous increments=8.500000e-01
 actual step time=8.625000e-01
 actual total time=8.625000e-01

 iteration 1

 Using up to 1 cpu(s) for the stress calculation.

 Using up to 1 cpu(s) for the symmetric stiffness/mass contributions.

 Factoring the system of equations using the symmetric spooles solver
 Using up to 1 cpu(s) for spooles.

 Using up to 1 cpu(s) for the stress calculation.

 average force= 0.001744
 time avg. forc= 0.000907
 largest residual force= 0.000031 in node 1830 and dof 2
 largest increment of disp= 1.938997e-05
 largest correction to disp= 3.532187e-06 in node 6510 and dof 1

 no convergence

 iteration 2

 Using up to 1 cpu(s) for the symmetric stiffness/mass contributions.

 Factoring the system of equations using the symmetric spooles solver
 Using up to 1 cpu(s) for spooles.

 Using up to 1 cpu(s) for the stress calculation.

 average force= 0.001744
 time avg. forc= 0.000907
 largest residual force= 0.000061 in node 1218 and dof 1
 largest increment of disp= 1.938997e-05
 largest correction to disp= 1.464045e-05 in node 6507 and dof 1

 no convergence

 iteration 3

 Using up to 1 cpu(s) for the symmetric stiffness/mass contributions.

 Factoring the system of equations using the symmetric spooles solver
 Using up to 1 cpu(s) for spooles.

 Using up to 1 cpu(s) for the stress calculation.

 average force= 0.001744
 time avg. forc= 0.000907
 largest residual force= 0.000001 in node 1218 and dof 1
 largest increment of disp= 1.938997e-05
 largest correction to disp= 2.142223e-06 in node 6510 and dof 1

 convergence; the increment size is increased to 1.875000e-02

 Using up to 1 cpu(s) for the stress calculation.

 increment 21 attempt 1 
 increment size= 1.875000e-02
 sum of previous increments=8.625000e-01
 actual step time=8.812500e-01
 actual total time=8.812500e-01

 iteration 1

 Using up to 1 cpu(s) for the stress calculation.

 Using up to 1 cpu(s) for the symmetric stiffness/mass contributions.

 Factoring the system of equations using the symmetric spooles solver
 Using up to 1 cpu(s) for spooles.

 Using up to 1 cpu(s) for the stress calculation.

 average force= 0.001772
 time avg. forc= 0.000949
 largest residual force= 0.000093 in node 1707 and dof 2
 largest increment of disp= 5.204647e-05
 largest correction to disp= 7.371507e-06 in node 6498 and dof 1

 no convergence

 iteration 2

 Using up to 1 cpu(s) for the symmetric stiffness/mass contributions.

 Factoring the system of equations using the symmetric spooles solver
 Using up to 1 cpu(s) for spooles.

 Using up to 1 cpu(s) for the stress calculation.

 average force= 0.001784
 time avg. forc= 0.000949
 largest residual force= 0.011362 in node 1218 and dof 1
 largest increment of disp= 2.132590e-04
 largest correction to disp= 2.132590e-04 in node 6510 and dof 1

 no convergence

 iteration 3

 Using up to 1 cpu(s) for the symmetric stiffness/mass contributions.

 Factoring the system of equations using the symmetric spooles solver
 Using up to 1 cpu(s) for spooles.

 Using up to 1 cpu(s) for the stress calculation.

 average force= 0.001773
 time avg. forc= 0.000949
 largest residual force= 0.002122 in node 1227 and dof 1
 largest increment of disp= 2.132590e-04
 largest correction to disp= 1.671602e-05 in node 6512 and dof 1

 no convergence

 iteration 4

 Using up to 1 cpu(s) for the symmetric stiffness/mass contributions.

 Factoring the system of equations using the symmetric spooles solver
 Using up to 1 cpu(s) for spooles.

 Using up to 1 cpu(s) for the stress calculation.

 average force= 0.001773
 time avg. forc= 0.000949
 largest residual force= 0.003068 in node 1214 and dof 1
 largest increment of disp= 2.132590e-04
 largest correction to disp= 1.390935e-04 in node 6498 and dof 1

 no convergence

 iteration 5

 Using up to 1 cpu(s) for the symmetric stiffness/mass contributions.

 Factoring the system of equations using the symmetric spooles solver
 Using up to 1 cpu(s) for spooles.

 Using up to 1 cpu(s) for the stress calculation.

 average force= 0.001771
 time avg. forc= 0.000949
 largest residual force= 0.000136 in node 1768 and dof 2
 largest increment of disp= 2.132590e-04
 largest correction to disp= 1.296720e-05 in node 6603 and dof 1

 no convergence

 iteration 6

 Using up to 1 cpu(s) for the symmetric stiffness/mass contributions.

 Factoring the system of equations using the symmetric spooles solver
 Using up to 1 cpu(s) for spooles.

 Using up to 1 cpu(s) for the stress calculation.

 average force= 0.001787
 time avg. forc= 0.000949
 largest residual force= 0.010793 in node 1222 and dof 1
 largest increment of disp= 2.374485e-04
 largest correction to disp= 2.374485e-04 in node 6510 and dof 1

 no convergence

 iteration 7

 Using up to 1 cpu(s) for the symmetric stiffness/mass contributions.

 Factoring the system of equations using the symmetric spooles solver
 Using up to 1 cpu(s) for spooles.

 Using up to 1 cpu(s) for the stress calculation.

 average force= 0.001771
 time avg. forc= 0.000949
 largest residual force= 0.002296 in node 1767 and dof 1
 largest increment of disp= 2.374485e-04
 largest correction to disp= 2.751076e-05 in node 6534 and dof 1

 divergence; the increment size is decreased to 4.687500e-03
 the increment is reattempted

 increment 21 attempt 2 
 increment size= 4.687500e-03
 sum of previous increments=8.625000e-01
 actual step time=8.671875e-01
 actual total time=8.671875e-01

 iteration 1

 Using up to 1 cpu(s) for the stress calculation.

 Using up to 1 cpu(s) for the symmetric stiffness/mass contributions.

 Factoring the system of equations using the symmetric spooles solver
 Using up to 1 cpu(s) for spooles.

 Using up to 1 cpu(s) for the stress calculation.

 average force= 0.001751
 time avg. forc= 0.000948
 largest residual force= 0.000006 in node 1707 and dof 2
 largest increment of disp= 1.301162e-05
 largest correction to disp= 3.529470e-06 in node 6498 and dof 1

 no convergence

 iteration 2

 Using up to 1 cpu(s) for the symmetric stiffness/mass contributions.

 Factoring the system of equations using the symmetric spooles solver
 Using up to 1 cpu(s) for spooles.

 Using up to 1 cpu(s) for the stress calculation.

 average force= 0.001750
 time avg. forc= 0.000948
 largest residual force= 0.000374 in node 1218 and dof 1
 largest increment of disp= 3.656344e-05
 largest correction to disp= 3.656344e-05 in node 6510 and dof 1

 no convergence

 iteration 3

 Using up to 1 cpu(s) for the symmetric stiffness/mass contributions.

 Factoring the system of equations using the symmetric spooles solver
 Using up to 1 cpu(s) for spooles.

 Using up to 1 cpu(s) for the stress calculation.

 average force= 0.001750
 time avg. forc= 0.000948
 largest residual force= 0.000002 in node 1214 and dof 1
 largest increment of disp= 3.656344e-05
 largest correction to disp= 3.323237e-06 in node 6498 and dof 1

 no convergence

 iteration 4

 Using up to 1 cpu(s) for the symmetric stiffness/mass contributions.

 Factoring the system of equations using the symmetric spooles solver
 Using up to 1 cpu(s) for spooles.

 Using up to 1 cpu(s) for the stress calculation.

 average force= 0.001751
 time avg. forc= 0.000948
 largest residual force= 0.001326 in node 1218 and dof 1
 largest increment of disp= 7.259751e-05
 largest correction to disp= 7.259751e-05 in node 6522 and dof 1

 no convergence

 iteration 5

 Using up to 1 cpu(s) for the symmetric stiffness/mass contributions.

 Factoring the system of equations using the symmetric spooles solver
 Using up to 1 cpu(s) for spooles.

 Using up to 1 cpu(s) for the stress calculation.

 average force= 0.001751
 time avg. forc= 0.000948
 largest residual force= 0.000016 in node 1767 and dof 1
 largest increment of disp= 7.259751e-05
 largest correction to disp= 5.815621e-06 in node 6498 and dof 1

 divergence; the increment size is decreased to 1.171875e-03
 the increment is reattempted

 increment 21 attempt 3 
 increment size= 1.171875e-03
 sum of previous increments=8.625000e-01
 actual step time=8.636719e-01
 actual total time=8.636719e-01

 iteration 1

 Using up to 1 cpu(s) for the stress calculation.

 Using up to 1 cpu(s) for the symmetric stiffness/mass contributions.

 Factoring the system of equations using the symmetric spooles solver
 Using up to 1 cpu(s) for spooles.

 Using up to 1 cpu(s) for the stress calculation.

 average force= 0.001745
 time avg. forc= 0.000947
 largest residual force= 0.000003 in node 1218 and dof 1
 largest increment of disp= 3.487186e-06
 largest correction to disp= 3.487186e-06 in node 6522 and dof 1

 no convergence

 iteration 2

 Using up to 1 cpu(s) for the symmetric stiffness/mass contributions.

 Factoring the system of equations using the symmetric spooles solver
 Using up to 1 cpu(s) for spooles.

 Using up to 1 cpu(s) for the stress calculation.

 average force= 0.001745
 time avg. forc= 0.000947
 largest residual force= 0.000012 in node 1218 and dof 1
 largest increment of disp= 6.456708e-06
 largest correction to disp= 6.456708e-06 in node 6510 and dof 1

 no convergence

 iteration 3

 Using up to 1 cpu(s) for the symmetric stiffness/mass contributions.

 Factoring the system of equations using the symmetric spooles solver
 Using up to 1 cpu(s) for spooles.

 Using up to 1 cpu(s) for the stress calculation.

 average force= 0.001745
 time avg. forc= 0.000947
 largest residual force= 0.000000 in node 1218 and dof 1
 largest increment of disp= 6.456708e-06
 largest correction to disp= 1.655323e-06 in node 6522 and dof 1

 convergence

 increment 22 attempt 1 
 increment size= 1.171875e-03
 sum of previous increments=8.636719e-01
 actual step time=8.648438e-01
 actual total time=8.648438e-01

 iteration 1

 Using up to 1 cpu(s) for the stress calculation.

 Using up to 1 cpu(s) for the symmetric stiffness/mass contributions.

 Factoring the system of equations using the symmetric spooles solver
 Using up to 1 cpu(s) for spooles.

 Using up to 1 cpu(s) for the stress calculation.

 average force= 0.001747
 time avg. forc= 0.000984
 largest residual force= 0.000000 in node 1222 and dof 1
 largest increment of disp= 1.464551e-05
 largest correction to disp= 1.339559e-06 in node 6534 and dof 1

 no convergence

 iteration 2

 Using up to 1 cpu(s) for the symmetric stiffness/mass contributions.

 Factoring the system of equations using the symmetric spooles solver
 Using up to 1 cpu(s) for spooles.

 Using up to 1 cpu(s) for the stress calculation.

 average force= 0.001747
 time avg. forc= 0.000984
 largest residual force= 0.000163 in node 1218 and dof 1
 largest increment of disp= 2.461495e-05
 largest correction to disp= 2.461495e-05 in node 6522 and dof 1

 no convergence

 iteration 3

 Using up to 1 cpu(s) for the symmetric stiffness/mass contributions.

 Factoring the system of equations using the symmetric spooles solver
 Using up to 1 cpu(s) for spooles.

 Using up to 1 cpu(s) for the stress calculation.

 average force= 0.001747
 time avg. forc= 0.000984
 largest residual force= 0.000000 in node 1222 and dof 1
 largest increment of disp= 2.461495e-05
 largest correction to disp= 2.285368e-06 in node 6534 and dof 1

 convergence; the increment size is increased to 1.757813e-03

 increment 23 attempt 1 
 increment size= 1.757813e-03
 sum of previous increments=8.648438e-01
 actual step time=8.666016e-01
 actual total time=8.666016e-01

 iteration 1

 Using up to 1 cpu(s) for the stress calculation.

 Using up to 1 cpu(s) for the symmetric stiffness/mass contributions.

 Factoring the system of equations using the symmetric spooles solver
 Using up to 1 cpu(s) for spooles.

 Using up to 1 cpu(s) for the stress calculation.

 average force= 0.001749
 time avg. forc= 0.001017
 largest residual force= 0.000035 in node 1767 and dof 1
 largest increment of disp= 6.324923e-05
 largest correction to disp= 6.571810e-06 in node 6498 and dof 1

 no convergence

 iteration 2

 Using up to 1 cpu(s) for the symmetric stiffness/mass contributions.

 Factoring the system of equations using the symmetric spooles solver
 Using up to 1 cpu(s) for spooles.

 Using up to 1 cpu(s) for the stress calculation.

 average force= 0.001752
 time avg. forc= 0.001017
 largest residual force= 0.002932 in node 1218 and dof 1
 largest increment of disp= 1.216038e-04
 largest correction to disp= 1.216038e-04 in node 6498 and dof 1

 no convergence

 iteration 3

 Using up to 1 cpu(s) for the symmetric stiffness/mass contributions.

 Factoring the system of equations using the symmetric spooles solver
 Using up to 1 cpu(s) for spooles.

 Using up to 1 cpu(s) for the stress calculation.

 average force= 0.001750
 time avg. forc= 0.001017
 largest residual force= 0.000137 in node 1767 and dof 1
 largest increment of disp= 1.216038e-04
 largest correction to disp= 8.095630e-06 in node 6498 and dof 1

 no convergence

 iteration 4

 Using up to 1 cpu(s) for the symmetric stiffness/mass contributions.

 Factoring the system of equations using the symmetric spooles solver
 Using up to 1 cpu(s) for spooles.

 Using up to 1 cpu(s) for the stress calculation.

 average force= 0.001750
 time avg. forc= 0.001017
 largest residual force= 0.000035 in node 1222 and dof 1
 largest increment of disp= 1.216038e-04
 largest correction to disp= 1.453144e-05 in node 6534 and dof 1

 no convergence

 iteration 5

 Using up to 1 cpu(s) for the symmetric stiffness/mass contributions.

 Factoring the system of equations using the symmetric spooles solver
 Using up to 1 cpu(s) for spooles.

 Using up to 1 cpu(s) for the stress calculation.

 average force= 0.001750
 time avg. forc= 0.001017
 largest residual force= 0.000145 in node 1831 and dof 2
 largest increment of disp= 1.216038e-04
 largest correction to disp= 1.184463e-05 in node 6522 and dof 1

 no convergence

 iteration 6

 Using up to 1 cpu(s) for the symmetric stiffness/mass contributions.

 Factoring the system of equations using the symmetric spooles solver
 Using up to 1 cpu(s) for spooles.

 Using up to 1 cpu(s) for the stress calculation.

 average force= 0.001749
 time avg. forc= 0.001017
 largest residual force= 0.001328 in node 1706 and dof 2
 largest increment of disp= 1.216038e-04
 largest correction to disp= 1.077119e-05 in node 6510 and dof 1

 divergence; the increment size is decreased to 4.394531e-04
 the increment is reattempted

 increment 23 attempt 2 
 increment size= 4.394531e-04
 sum of previous increments=8.648438e-01
 actual step time=8.652832e-01
 actual total time=8.652832e-01

 iteration 1

 Using up to 1 cpu(s) for the stress calculation.

 Using up to 1 cpu(s) for the symmetric stiffness/mass contributions.

 Factoring the system of equations using the symmetric spooles solver
 Using up to 1 cpu(s) for spooles.

 Using up to 1 cpu(s) for the stress calculation.

 average force= 0.001747
 time avg. forc= 0.001017
 largest residual force= 0.000002 in node 1214 and dof 1
 largest increment of disp= 1.581231e-05
 largest correction to disp= 4.040096e-06 in node 6498 and dof 1

 no convergence

 iteration 2

 Using up to 1 cpu(s) for the symmetric stiffness/mass contributions.

 Factoring the system of equations using the symmetric spooles solver
 Using up to 1 cpu(s) for spooles.

 Using up to 1 cpu(s) for the stress calculation.

 average force= 0.001747
 time avg. forc= 0.001017
 largest residual force= 0.000261 in node 1218 and dof 1
 largest increment of disp= 3.304838e-05
 largest correction to disp= 3.304838e-05 in node 6522 and dof 1

 no convergence

 iteration 3

 Using up to 1 cpu(s) for the symmetric stiffness/mass contributions.

 Factoring the system of equations using the symmetric spooles solver
 Using up to 1 cpu(s) for spooles.

 Using up to 1 cpu(s) for the stress calculation.

 average force= 0.001747
 time avg. forc= 0.001017
 largest residual force= 0.000004 in node 1772 and dof 1
 largest increment of disp= 3.304838e-05
 largest correction to disp= 1.939113e-06 in node 6498 and dof 1

 no convergence

 iteration 4

 Using up to 1 cpu(s) for the symmetric stiffness/mass contributions.

 Factoring the system of equations using the symmetric spooles solver
 Using up to 1 cpu(s) for spooles.

 Using up to 1 cpu(s) for the stress calculation.

 average force= 0.001748
 time avg. forc= 0.001017
 largest residual force= 0.000605 in node 1218 and dof 1
 largest increment of disp= 4.843408e-05
 largest correction to disp= 4.843408e-05 in node 6522 and dof 1

 no convergence

 iteration 5

 Using up to 1 cpu(s) for the symmetric stiffness/mass contributions.

 Factoring the system of equations using the symmetric spooles solver
 Using up to 1 cpu(s) for spooles.

 Using up to 1 cpu(s) for the stress calculation.

 average force= 0.001748
 time avg. forc= 0.001017
 largest residual force= 0.000250 in node 1772 and dof 1
 largest increment of disp= 4.843408e-05
 largest correction to disp= 3.871826e-06 in node 6498 and dof 1

 divergence; the increment size is decreased to 1.098633e-04
 the increment is reattempted

 increment 23 attempt 3 
 increment size= 1.098633e-04
 sum of previous increments=8.648438e-01
 actual step time=8.649536e-01
 actual total time=8.649536e-01

 iteration 1

 Using up to 1 cpu(s) for the stress calculation.

 Using up to 1 cpu(s) for the symmetric stiffness/mass contributions.

 Factoring the system of equations using the symmetric spooles solver
 Using up to 1 cpu(s) for spooles.

 Using up to 1 cpu(s) for the stress calculation.

 average force= 0.001747
 time avg. forc= 0.001017
 largest residual force= 0.000025 in node 1218 and dof 1
 largest increment of disp= 1.023553e-05
 largest correction to disp= 1.023553e-05 in node 6522 and dof 1

 no convergence

 iteration 2

 Using up to 1 cpu(s) for the symmetric stiffness/mass contributions.

 Factoring the system of equations using the symmetric spooles solver
 Using up to 1 cpu(s) for spooles.

 Using up to 1 cpu(s) for the stress calculation.

 average force= 0.001750
 time avg. forc= 0.001017
 largest residual force= 0.005643 in node 1218 and dof 1
 largest increment of disp= 1.523432e-04
 largest correction to disp= 1.523432e-04 in node 6510 and dof 1

 no convergence

 iteration 3

 Using up to 1 cpu(s) for the symmetric stiffness/mass contributions.

 Factoring the system of equations using the symmetric spooles solver
 Using up to 1 cpu(s) for spooles.

 Using up to 1 cpu(s) for the stress calculation.

 average force= 0.001746
 time avg. forc= 0.001017
 largest residual force= 0.000435 in node 1767 and dof 1
 largest increment of disp= 1.523432e-04
 largest correction to disp= 9.975178e-06 in node 6555 and dof 1

 no convergence

 iteration 4

 Using up to 1 cpu(s) for the symmetric stiffness/mass contributions.

 Factoring the system of equations using the symmetric spooles solver
 Using up to 1 cpu(s) for spooles.

 Using up to 1 cpu(s) for the stress calculation.

 average force= 0.001832
 time avg. forc= 0.001021
 largest residual force= 0.043373 in node 1214 and dof 1
 largest increment of disp= 5.486025e-04
 largest correction to disp= 5.486025e-04 in node 6498 and dof 1

 no convergence

 iteration 5

 Using up to 1 cpu(s) for the symmetric stiffness/mass contributions.

 Factoring the system of equations using the symmetric spooles solver
 Using up to 1 cpu(s) for spooles.

 Using up to 1 cpu(s) for the stress calculation.

 average force= 0.002047
 time avg. forc= 0.001030
 largest residual force= 0.468960 in node 1767 and dof 1
 largest increment of disp= 5.486025e-04
 largest correction to disp= 4.405428e-04 in node 6558 and dof 2

 divergence; the increment size is decreased to 2.746582e-05
 the increment is reattempted

 increment 23 attempt 4 
 increment size= 2.746582e-05
 sum of previous increments=8.648438e-01
 actual step time=8.648712e-01
 actual total time=8.648712e-01

 iteration 1

 Using up to 1 cpu(s) for the stress calculation.

 Using up to 1 cpu(s) for the symmetric stiffness/mass contributions.

 Factoring the system of equations using the symmetric spooles solver
 Using up to 1 cpu(s) for spooles.

 Using up to 1 cpu(s) for the stress calculation.

 average force= 0.001754
 time avg. forc= 0.001017
 largest residual force= 0.006780 in node 1218 and dof 1
 largest increment of disp= 1.648627e-04
 largest correction to disp= 1.648627e-04 in node 6510 and dof 1

 no convergence

 iteration 2

 Using up to 1 cpu(s) for the symmetric stiffness/mass contributions.

 Factoring the system of equations using the symmetric spooles solver
 Using up to 1 cpu(s) for spooles.

 Using up to 1 cpu(s) for the stress calculation.

 average force= 0.001749
 time avg. forc= 0.001017
 largest residual force= 0.000556 in node 1211 and dof 1
 largest increment of disp= 1.648627e-04
 largest correction to disp= 1.562558e-05 in node 6534 and dof 1

 no convergence

 iteration 3

 Using up to 1 cpu(s) for the symmetric stiffness/mass contributions.

 Factoring the system of equations using the symmetric spooles solver
 Using up to 1 cpu(s) for spooles.

 Using up to 1 cpu(s) for the stress calculation.

 average force= 0.001748
 time avg. forc= 0.001017
 largest residual force= 0.000290 in node 1763 and dof 1
 largest increment of disp= 1.648627e-04
 largest correction to disp= 3.690845e-05 in node 6522 and dof 1

 no convergence

 iteration 4

 Using up to 1 cpu(s) for the symmetric stiffness/mass contributions.

 Factoring the system of equations using the symmetric spooles solver
 Using up to 1 cpu(s) for spooles.

 Using up to 1 cpu(s) for the stress calculation.

 average force= 0.001748
 time avg. forc= 0.001017
 largest residual force= 0.000042 in node 1218 and dof 1
 largest increment of disp= 1.648627e-04
 largest correction to disp= 1.265871e-05 in node 6519 and dof 1

 no convergence

 iteration 5

 Using up to 1 cpu(s) for the symmetric stiffness/mass contributions.

 Factoring the system of equations using the symmetric spooles solver
 Using up to 1 cpu(s) for spooles.

 Using up to 1 cpu(s) for the stress calculation.

 average force= 0.001747
 time avg. forc= 0.001017
 largest residual force= 0.000162 in node 1218 and dof 1
 largest increment of disp= 1.648627e-04
 largest correction to disp= 2.285404e-05 in node 6507 and dof 1

 no convergence

 iteration 6

 Using up to 1 cpu(s) for the symmetric stiffness/mass contributions.

 Factoring the system of equations using the symmetric spooles solver
 Using up to 1 cpu(s) for spooles.

 Using up to 1 cpu(s) for the stress calculation.

 average force= 0.001747
 time avg. forc= 0.001017
 largest residual force= 0.000136 in node 1706 and dof 2
 largest increment of disp= 1.648627e-04
 largest correction to disp= 8.003911e-06 in node 6519 and dof 1

 divergence; the increment size is decreased to 6.866455e-06
 the increment is reattempted


 *ERROR: increment size smaller than minimum
 best solution and residuals are in the frd file


