 Container myopenfoam-fsi-run-2c34909ada18 Creating 
 Container myopenfoam-fsi-run-2c34909ada18 Created 
=== on-caso-2 (CCX): polyMesh -> CalculiX .inp ===
[1/5] Lendo polyMesh em ../solid/constant/polyMesh
      nodes=5317, faces=14796, cells=4752, patches=9, zones=['on', 'pia', 'sas', 'dura', 'lc', 'sclera_peri', 'sclera_ring', 'globo']
[2/5] Reconstruindo conectividade C3D8 (4752 celulas)
      OK
[3/5] Escrevendo malha em on-caso-2_mesh.inp
[4/5] Escrevendo Winkler em on-caso-2_winkler.inp
[5/5] Concluido. Total: 5317 nodes, 4752 hex C3D8I.
=== on-caso-2 (CCX): solver ccx_preCICE -i on-caso-2 ===

************************************************************

CalculiX Version 2.20, Copyright(C) 1998-2022 Guido Dhondt
CalculiX comes with ABSOLUTELY NO WARRANTY. This is free
software, and you are welcome to redistribute it under
certain conditions, see gpl.htm

************************************************************

You are using an executable made on Sun Jul 31 18:08:37 CEST 2022

  The numbers below are estimated upper bounds

  number of:

   nodes:        19822
   elements:         5001
   one-dimensional elements:            0
   two-dimensional elements:            0
   integration points per element:            8
   degrees of freedom per node:            3
   layers per element:            1

   distributed facial loads:            0
   distributed volumetric loads:            0
   concentrated loads:          419
   single point constraints:         3417
   multiple point constraints:            1
   terms in all multiple point constraints:            1
   tie constraints:            0
   dependent nodes tied by cyclic constraints:            0
   dependent nodes in pre-tension constraints:            0

   sets:          279
   terms in all sets:        18236

   materials:          257
   constants per material and temperature:            9
   temperature points per material:            1
   plastic data points per material:            0

   orientations:            1
   amplitudes:            7
   data points in all amplitudes:           10
   print requests:            8
   transformations:            0
   property cards:            0

 *INFO reading *HYPERELASTIC: nonlinear geometric
       effects are turned on

 *INFO reading *HYPERELASTIC: nonlinear geometric
       effects are turned on

 *INFO reading *HYPERELASTIC: nonlinear geometric
       effects are turned on

 *INFO reading *HYPERELASTIC: nonlinear geometric
       effects are turned on

 *INFO reading *HYPERELASTIC: nonlinear geometric
       effects are turned on

 *INFO reading *HYPERELASTIC: nonlinear geometric
       effects are turned on

 *INFO reading *HYPERELASTIC: nonlinear geometric
       effects are turned on

 *INFO reading *STEP: nonlinear geometric
       effects are turned on

 *WARNING reading *STATIC: parameter not recognized:
          RIKS
 *WARNING reading *STATIC. Card image:
          *STATIC,RIKS


 STEP            1

 Static analysis was selected

 Nonlinear material laws are taken into account

 Newton-Raphson iterative procedure is active

 Nonlinear geometric effects are taken into account

 Decascading the MPC's

 Determining the structure of the matrix:
 Using up to 1 cpu(s) for setting up the structure of the matrix.
 number of equations
 56265
 number of nonzero lower triangular matrix elements
 1607559

 increment 1 attempt 1 
 increment size= 2.500000e-02
 sum of previous increments=0.000000e+00
 actual step time=2.500000e-02
 actual total time=2.500000e-02

 iteration 1

 Using up to 1 cpu(s) for the stress calculation.

 Using up to 1 cpu(s) for the symmetric stiffness/mass contributions.

 Factoring the system of equations using the symmetric spooles solver
 Using up to 1 cpu(s) for spooles.

 Using up to 1 cpu(s) for the stress calculation.

 average force= 0.000006
 time avg. forc= 0.000006
 largest residual force= 0.000180 in node 2155 and dof 1
 largest increment of disp= 3.749548e-05
 largest correction to disp= 3.749548e-05 in node 4781 and dof 3

 no convergence

 iteration 2

 Using up to 1 cpu(s) for the symmetric stiffness/mass contributions.

 Factoring the system of equations using the symmetric spooles solver
 Using up to 1 cpu(s) for spooles.

 Using up to 1 cpu(s) for the stress calculation.

 average force= 0.000006
 time avg. forc= 0.000006
 largest residual force= 0.000000 in node 2162 and dof 1
 largest increment of disp= 3.749548e-05
 largest correction to disp= 7.867040e-07 in node 4335 and dof 3

 convergence

 increment 2 attempt 1 
 increment size= 2.500000e-02
 sum of previous increments=2.500000e-02
 actual step time=5.000000e-02
 actual total time=5.000000e-02

 iteration 1

 Using up to 1 cpu(s) for the stress calculation.

 Using up to 1 cpu(s) for the symmetric stiffness/mass contributions.

 Factoring the system of equations using the symmetric spooles solver
 Using up to 1 cpu(s) for spooles.

 Using up to 1 cpu(s) for the stress calculation.

 average force= 0.000013
 time avg. forc= 0.000009
 largest residual force= 0.000009 in node 2169 and dof 1
 largest increment of disp= 3.749570e-05
 largest correction to disp= 4.870294e-07 in node 11084 and dof 1

 no convergence

 iteration 2

 Using up to 1 cpu(s) for the symmetric stiffness/mass contributions.

 Factoring the system of equations using the symmetric spooles solver
 Using up to 1 cpu(s) for spooles.

 Using up to 1 cpu(s) for the stress calculation.

 average force= 0.000013
 time avg. forc= 0.000009
 largest residual force= 0.000000 in node 2184 and dof 1
 largest increment of disp= 3.749570e-05
 largest correction to disp= 1.348255e-09 in node 11120 and dof 1

 convergence; the increment size is increased to 3.750000e-02

 increment 3 attempt 1 
 increment size= 3.750000e-02
 sum of previous increments=5.000000e-02
 actual step time=8.750000e-02
 actual total time=8.750000e-02

 iteration 1

 Using up to 1 cpu(s) for the stress calculation.

 Using up to 1 cpu(s) for the symmetric stiffness/mass contributions.

 Factoring the system of equations using the symmetric spooles solver
 Using up to 1 cpu(s) for spooles.

 Using up to 1 cpu(s) for the stress calculation.

 average force= 0.000022
 time avg. forc= 0.000014
 largest residual force= 0.000113 in node 2169 and dof 1
 largest increment of disp= 5.624689e-05
 largest correction to disp= 1.771742e-06 in node 11081 and dof 1

 no convergence

 iteration 2

 Using up to 1 cpu(s) for the symmetric stiffness/mass contributions.

 Factoring the system of equations using the symmetric spooles solver
 Using up to 1 cpu(s) for spooles.

 Using up to 1 cpu(s) for the stress calculation.

 average force= 0.000022
 time avg. forc= 0.000014
 largest residual force= 0.000000 in node 2155 and dof 1
 largest increment of disp= 5.624689e-05
 largest correction to disp= 1.969191e-08 in node 11048 and dof 1

 convergence; the increment size is increased to 5.625000e-02

 the increment size exceeds the maximum allowed and is decreased to 5.000000e-02

 increment 4 attempt 1 
 increment size= 5.000000e-02
 sum of previous increments=8.750000e-02
 actual step time=1.375000e-01
 actual total time=1.375000e-01

 iteration 1

 Using up to 1 cpu(s) for the stress calculation.

 Using up to 1 cpu(s) for the symmetric stiffness/mass contributions.

 Factoring the system of equations using the symmetric spooles solver
 Using up to 1 cpu(s) for spooles.

 Using up to 1 cpu(s) for the stress calculation.

 average force= 0.000039
 time avg. forc= 0.000020
 largest residual force= 0.004056 in node 2176 and dof 1
 largest increment of disp= 7.501393e-05
 largest correction to disp= 1.052040e-05 in node 11081 and dof 1

 no convergence

 iteration 2

 Using up to 1 cpu(s) for the symmetric stiffness/mass contributions.

 Factoring the system of equations using the symmetric spooles solver
 Using up to 1 cpu(s) for spooles.

 Using up to 1 cpu(s) for the stress calculation.

 average force= 0.000037
 time avg. forc= 0.000020
 largest residual force= 0.000057 in node 2169 and dof 1
 largest increment of disp= 7.501393e-05
 largest correction to disp= 1.233059e-06 in node 11084 and dof 1

 no convergence

 iteration 3

 Using up to 1 cpu(s) for the symmetric stiffness/mass contributions.

 Factoring the system of equations using the symmetric spooles solver
 Using up to 1 cpu(s) for spooles.

 Using up to 1 cpu(s) for the stress calculation.

 average force= 0.000037
 time avg. forc= 0.000020
 largest residual force= 0.000019 in node 2176 and dof 1
 largest increment of disp= 7.501393e-05
 largest correction to disp= 7.183280e-07 in node 11099 and dof 1

 no convergence

 iteration 4

 Using up to 1 cpu(s) for the symmetric stiffness/mass contributions.

 Factoring the system of equations using the symmetric spooles solver
 Using up to 1 cpu(s) for spooles.

 Using up to 1 cpu(s) for the stress calculation.

 average force= 0.000037
 time avg. forc= 0.000020
 largest residual force= 0.000000 in node 2176 and dof 1
 largest increment of disp= 7.501393e-05
 largest correction to disp= 2.097951e-09 in node 11081 and dof 1

 convergence; the increment size is increased to 7.500000e-02

 the increment size exceeds the maximum allowed and is decreased to 5.000000e-02

 increment 5 attempt 1 
 increment size= 5.000000e-02
 sum of previous increments=1.375000e-01
 actual step time=1.875000e-01
 actual total time=1.875000e-01

 iteration 1

 Using up to 1 cpu(s) for the stress calculation.

 Using up to 1 cpu(s) for the symmetric stiffness/mass contributions.

 Factoring the system of equations using the symmetric spooles solver
 Using up to 1 cpu(s) for spooles.

 Using up to 1 cpu(s) for the stress calculation.

 average force= 0.000145
 time avg. forc= 0.000045
 largest residual force= 0.056662 in node 2246 and dof 2
 largest increment of disp= 7.539393e-05
 largest correction to disp= 3.934265e-05 in node 11282 and dof 2

 no convergence

 iteration 2

 Using up to 1 cpu(s) for the symmetric stiffness/mass contributions.

 Factoring the system of equations using the symmetric spooles solver
 Using up to 1 cpu(s) for spooles.

 Using up to 1 cpu(s) for the stress calculation.

 average force= 0.000074
 time avg. forc= 0.000031
 largest residual force= 0.018808 in node 2176 and dof 1
 largest increment of disp= 7.539393e-05
 largest correction to disp= 2.267921e-05 in node 11081 and dof 1

 no convergence

 iteration 3

 Using up to 1 cpu(s) for the symmetric stiffness/mass contributions.

 Factoring the system of equations using the symmetric spooles solver
 Using up to 1 cpu(s) for spooles.

 Using up to 1 cpu(s) for the stress calculation.

 average force= 0.005965
 time avg. forc= 0.001209
 largest residual force= 6.709354 in node 2311 and dof 1
 largest increment of disp= 4.269392e-04
 largest correction to disp= 4.269392e-04 in node 11444 and dof 1

 no convergence

 iteration 4

 Using up to 1 cpu(s) for the symmetric stiffness/mass contributions.

 Factoring the system of equations using the symmetric spooles solver
 Using up to 1 cpu(s) for spooles.

 Using up to 1 cpu(s) for the stress calculation.

 average force= 0.104477
 time avg. forc= 0.020911
 largest residual force= 581.902024 in node 11396 and dof 1
 largest increment of disp= 1.310724e-03
 largest correction to disp= 1.310724e-03 in node 11504 and dof 2

 divergence; the increment size is decreased to 1.250000e-02
 the increment is reattempted

 increment 5 attempt 2 
 increment size= 1.250000e-02
 sum of previous increments=1.375000e-01
 actual step time=1.500000e-01
 actual total time=1.500000e-01

 iteration 1

 Using up to 1 cpu(s) for the stress calculation.

 Using up to 1 cpu(s) for the symmetric stiffness/mass contributions.

 Factoring the system of equations using the symmetric spooles solver
 Using up to 1 cpu(s) for spooles.

 Using up to 1 cpu(s) for the stress calculation.

 average force= 0.000042
 time avg. forc= 0.000024
 largest residual force= 0.000900 in node 2176 and dof 1
 largest increment of disp= 1.884848e-05
 largest correction to disp= 4.953804e-06 in node 11102 and dof 1

 no convergence

 iteration 2

 Using up to 1 cpu(s) for the symmetric stiffness/mass contributions.

 Factoring the system of equations using the symmetric spooles solver
 Using up to 1 cpu(s) for spooles.

 Using up to 1 cpu(s) for the stress calculation.

 average force= 0.000042
 time avg. forc= 0.000024
 largest residual force= 0.000283 in node 2176 and dof 1
 largest increment of disp= 1.884848e-05
 largest correction to disp= 2.775714e-06 in node 11081 and dof 1

 no convergence

 iteration 3

 Using up to 1 cpu(s) for the symmetric stiffness/mass contributions.

 Factoring the system of equations using the symmetric spooles solver
 Using up to 1 cpu(s) for spooles.

 Using up to 1 cpu(s) for the stress calculation.

 average force= 0.000042
 time avg. forc= 0.000024
 largest residual force= 0.000006 in node 2176 and dof 1
 largest increment of disp= 1.884848e-05
 largest correction to disp= 4.038438e-07 in node 11102 and dof 1

 no convergence

 iteration 4

 Using up to 1 cpu(s) for the symmetric stiffness/mass contributions.

 Factoring the system of equations using the symmetric spooles solver
 Using up to 1 cpu(s) for spooles.

 Using up to 1 cpu(s) for the stress calculation.

 average force= 0.000042
 time avg. forc= 0.000024
 largest residual force= 0.000000 in node 2176 and dof 1
 largest increment of disp= 1.884848e-05
 largest correction to disp= 1.938797e-08 in node 11102 and dof 1

 convergence

 Using up to 1 cpu(s) for the stress calculation.

 increment 6 attempt 1 
 increment size= 1.250000e-02
 sum of previous increments=1.500000e-01
 actual step time=1.625000e-01
 actual total time=1.625000e-01

 iteration 1

 Using up to 1 cpu(s) for the stress calculation.

 Using up to 1 cpu(s) for the symmetric stiffness/mass contributions.

 Factoring the system of equations using the symmetric spooles solver
 Using up to 1 cpu(s) for spooles.

 Using up to 1 cpu(s) for the stress calculation.

 average force= 0.000049
 time avg. forc= 0.000028
 largest residual force= 0.000104 in node 2372 and dof 2
 largest increment of disp= 1.915379e-05
 largest correction to disp= 1.659796e-06 in node 11444 and dof 1

 no convergence

 iteration 2

 Using up to 1 cpu(s) for the symmetric stiffness/mass contributions.

 Factoring the system of equations using the symmetric spooles solver
 Using up to 1 cpu(s) for spooles.

 Using up to 1 cpu(s) for the stress calculation.

 average force= 0.000049
 time avg. forc= 0.000028
 largest residual force= 0.000614 in node 2176 and dof 1
 largest increment of disp= 1.915379e-05
 largest correction to disp= 4.102018e-06 in node 11102 and dof 1

 no convergence

 iteration 3

 Using up to 1 cpu(s) for the symmetric stiffness/mass contributions.

 Factoring the system of equations using the symmetric spooles solver
 Using up to 1 cpu(s) for spooles.

 Using up to 1 cpu(s) for the stress calculation.

 average force= 0.000049
 time avg. forc= 0.000028
 largest residual force= 0.000000 in node 2176 and dof 1
 largest increment of disp= 1.915379e-05
 largest correction to disp= 1.409598e-07 in node 11102 and dof 1

 convergence; the increment size is increased to 1.875000e-02

 increment 7 attempt 1 
 increment size= 1.875000e-02
 sum of previous increments=1.625000e-01
 actual step time=1.812500e-01
 actual total time=1.812500e-01

 iteration 1

 Using up to 1 cpu(s) for the stress calculation.

 Using up to 1 cpu(s) for the symmetric stiffness/mass contributions.

 Factoring the system of equations using the symmetric spooles solver
 Using up to 1 cpu(s) for spooles.

 Using up to 1 cpu(s) for the stress calculation.

 average force= 0.000061
 time avg. forc= 0.000033
 largest residual force= 0.000332 in node 2311 and dof 1
 largest increment of disp= 2.906428e-05
 largest correction to disp= 2.999130e-06 in node 11444 and dof 1

 no convergence

 iteration 2

 Using up to 1 cpu(s) for the symmetric stiffness/mass contributions.

 Factoring the system of equations using the symmetric spooles solver
 Using up to 1 cpu(s) for spooles.

 Using up to 1 cpu(s) for the stress calculation.

 average force= 0.000061
 time avg. forc= 0.000033
 largest residual force= 0.000342 in node 2244 and dof 2
 largest increment of disp= 2.906428e-05
 largest correction to disp= 3.103080e-06 in node 11279 and dof 2

 no convergence

 iteration 3

 Using up to 1 cpu(s) for the symmetric stiffness/mass contributions.

 Factoring the system of equations using the symmetric spooles solver
 Using up to 1 cpu(s) for spooles.

 Using up to 1 cpu(s) for the stress calculation.

 average force= 0.000061
 time avg. forc= 0.000033
 largest residual force= 0.000015 in node 2311 and dof 1
 largest increment of disp= 2.906428e-05
 largest correction to disp= 6.507290e-07 in node 11462 and dof 1

 no convergence

 iteration 4

 Using up to 1 cpu(s) for the symmetric stiffness/mass contributions.

 Factoring the system of equations using the symmetric spooles solver
 Using up to 1 cpu(s) for spooles.

 Using up to 1 cpu(s) for the stress calculation.

 average force= 0.000061
 time avg. forc= 0.000033
 largest residual force= 0.000146 in node 2311 and dof 1
 largest increment of disp= 2.906428e-05
 largest correction to disp= 2.007431e-06 in node 11459 and dof 1

 no convergence

 iteration 5

 Using up to 1 cpu(s) for the symmetric stiffness/mass contributions.

 Factoring the system of equations using the symmetric spooles solver
 Using up to 1 cpu(s) for spooles.

 Using up to 1 cpu(s) for the stress calculation.

 average force= 0.000061
 time avg. forc= 0.000033
 largest residual force= 0.000006 in node 2311 and dof 1
 largest increment of disp= 2.906428e-05
 largest correction to disp= 4.195289e-07 in node 11459 and dof 1

 no convergence

 iteration 6

 Using up to 1 cpu(s) for the symmetric stiffness/mass contributions.

 Factoring the system of equations using the symmetric spooles solver
 Using up to 1 cpu(s) for spooles.

 Using up to 1 cpu(s) for the stress calculation.

 average force= 0.000061
 time avg. forc= 0.000033
 largest residual force= 0.000149 in node 2311 and dof 1
 largest increment of disp= 2.906428e-05
 largest correction to disp= 2.027194e-06 in node 11459 and dof 1

 no convergence

 iteration 7

 Using up to 1 cpu(s) for the symmetric stiffness/mass contributions.

 Factoring the system of equations using the symmetric spooles solver
 Using up to 1 cpu(s) for spooles.

 Using up to 1 cpu(s) for the stress calculation.

 average force= 0.000061
 time avg. forc= 0.000033
 largest residual force= 0.000134 in node 2311 and dof 1
 largest increment of disp= 2.906428e-05
 largest correction to disp= 1.924169e-06 in node 11459 and dof 1

 divergence; the increment size is decreased to 4.687500e-03
 the increment is reattempted

 increment 7 attempt 2 
 increment size= 4.687500e-03
 sum of previous increments=1.625000e-01
 actual step time=1.671875e-01
 actual total time=1.671875e-01

 iteration 1

 Using up to 1 cpu(s) for the stress calculation.

 Using up to 1 cpu(s) for the symmetric stiffness/mass contributions.

 Factoring the system of equations using the symmetric spooles solver
 Using up to 1 cpu(s) for spooles.

 Using up to 1 cpu(s) for the stress calculation.

 average force= 0.000052
 time avg. forc= 0.000032
 largest residual force= 0.000009 in node 2244 and dof 2
 largest increment of disp= 7.266070e-06
 largest correction to disp= 4.946969e-07 in node 11642 and dof 2

 no convergence

 iteration 2

 Using up to 1 cpu(s) for the symmetric stiffness/mass contributions.

 Factoring the system of equations using the symmetric spooles solver
 Using up to 1 cpu(s) for spooles.

 Using up to 1 cpu(s) for the stress calculation.

 average force= 0.000052
 time avg. forc= 0.000032
 largest residual force= 0.000005 in node 2176 and dof 1
 largest increment of disp= 7.266070e-06
 largest correction to disp= 3.618435e-07 in node 11102 and dof 1

 no convergence

 iteration 3

 Using up to 1 cpu(s) for the symmetric stiffness/mass contributions.

 Factoring the system of equations using the symmetric spooles solver
 Using up to 1 cpu(s) for spooles.

 Using up to 1 cpu(s) for the stress calculation.

 average force= 0.000052
 time avg. forc= 0.000032
 largest residual force= 0.000000 in node 2176 and dof 1
 largest increment of disp= 7.266070e-06
 largest correction to disp= 2.181386e-09 in node 11102 and dof 1

 convergence

 increment 8 attempt 1 
 increment size= 4.687500e-03
 sum of previous increments=1.671875e-01
 actual step time=1.718750e-01
 actual total time=1.718750e-01

 iteration 1

 Using up to 1 cpu(s) for the stress calculation.

 Using up to 1 cpu(s) for the symmetric stiffness/mass contributions.

 Factoring the system of equations using the symmetric spooles solver
 Using up to 1 cpu(s) for spooles.

 Using up to 1 cpu(s) for the stress calculation.

 average force= 0.000055
 time avg. forc= 0.000035
 largest residual force= 0.000002 in node 2245 and dof 2
 largest increment of disp= 7.467409e-06
 largest correction to disp= 2.365323e-07 in node 11624 and dof 2

 no convergence

 iteration 2

 Using up to 1 cpu(s) for the symmetric stiffness/mass contributions.

 Factoring the system of equations using the symmetric spooles solver
 Using up to 1 cpu(s) for spooles.

 Using up to 1 cpu(s) for the stress calculation.

 average force= 0.000055
 time avg. forc= 0.000035
 largest residual force= 0.000000 in node 2311 and dof 1
 largest increment of disp= 7.467409e-06
 largest correction to disp= 8.740472e-08 in node 11459 and dof 1

 convergence; the increment size is increased to 7.031250e-03

 increment 9 attempt 1 
 increment size= 7.031250e-03
 sum of previous increments=1.718750e-01
 actual step time=1.789063e-01
 actual total time=1.789063e-01

 iteration 1

 Using up to 1 cpu(s) for the stress calculation.

 Using up to 1 cpu(s) for the symmetric stiffness/mass contributions.

 Factoring the system of equations using the symmetric spooles solver
 Using up to 1 cpu(s) for spooles.

 Using up to 1 cpu(s) for the stress calculation.

 average force= 0.000060
 time avg. forc= 0.000037
 largest residual force= 0.000005 in node 2176 and dof 1
 largest increment of disp= 1.105689e-05
 largest correction to disp= 3.532342e-07 in node 11081 and dof 1

 no convergence

 iteration 2

 Using up to 1 cpu(s) for the symmetric stiffness/mass contributions.

 Factoring the system of equations using the symmetric spooles solver
 Using up to 1 cpu(s) for spooles.

 Using up to 1 cpu(s) for the stress calculation.

 average force= 0.000060
 time avg. forc= 0.000037
 largest residual force= 0.000016 in node 2311 and dof 1
 largest increment of disp= 1.105689e-05
 largest correction to disp= 6.705322e-07 in node 11459 and dof 1

 no convergence

 iteration 3

 Using up to 1 cpu(s) for the symmetric stiffness/mass contributions.

 Factoring the system of equations using the symmetric spooles solver
 Using up to 1 cpu(s) for spooles.

 Using up to 1 cpu(s) for the stress calculation.

 average force= 0.000060
 time avg. forc= 0.000037
 largest residual force= 0.000000 in node 2311 and dof 1
 largest increment of disp= 1.105689e-05
 largest correction to disp= 9.318145e-08 in node 11462 and dof 1

 convergence; the increment size is increased to 1.054688e-02

 increment 10 attempt 1 
 increment size= 1.054688e-02
 sum of previous increments=1.789063e-01
 actual step time=1.894531e-01
 actual total time=1.894531e-01

 iteration 1

 Using up to 1 cpu(s) for the stress calculation.

 Using up to 1 cpu(s) for the symmetric stiffness/mass contributions.

 Factoring the system of equations using the symmetric spooles solver
 Using up to 1 cpu(s) for spooles.

 Using up to 1 cpu(s) for the stress calculation.

 average force= 0.000067
 time avg. forc= 0.000040
 largest residual force= 0.000113 in node 2247 and dof 2
 largest increment of disp= 1.638094e-05
 largest correction to disp= 1.760298e-06 in node 11462 and dof 1

 no convergence

 iteration 2

 Using up to 1 cpu(s) for the symmetric stiffness/mass contributions.

 Factoring the system of equations using the symmetric spooles solver
 Using up to 1 cpu(s) for spooles.

 Using up to 1 cpu(s) for the stress calculation.

 average force= 0.000067
 time avg. forc= 0.000040
 largest residual force= 0.000578 in node 2311 and dof 1
 largest increment of disp= 1.638094e-05
 largest correction to disp= 3.995036e-06 in node 11459 and dof 1

 no convergence

 iteration 3

 Using up to 1 cpu(s) for the symmetric stiffness/mass contributions.

 Factoring the system of equations using the symmetric spooles solver
 Using up to 1 cpu(s) for spooles.

 Using up to 1 cpu(s) for the stress calculation.

 average force= 0.000067
 time avg. forc= 0.000040
 largest residual force= 0.000015 in node 2311 and dof 1
 largest increment of disp= 1.638094e-05
 largest correction to disp= 6.411890e-07 in node 11459 and dof 1

 no convergence

 iteration 4

 Using up to 1 cpu(s) for the symmetric stiffness/mass contributions.

 Factoring the system of equations using the symmetric spooles solver
 Using up to 1 cpu(s) for spooles.

 Using up to 1 cpu(s) for the stress calculation.

 average force= 0.000067
 time avg. forc= 0.000040
 largest residual force= 0.000006 in node 2311 and dof 1
 largest increment of disp= 1.638094e-05
 largest correction to disp= 4.128863e-07 in node 11459 and dof 1

 no convergence

 iteration 5

 Using up to 1 cpu(s) for the symmetric stiffness/mass contributions.

 Factoring the system of equations using the symmetric spooles solver
 Using up to 1 cpu(s) for spooles.

 Using up to 1 cpu(s) for the stress calculation.

 average force= 0.000067
 time avg. forc= 0.000040
 largest residual force= 0.000000 in node 2311 and dof 1
 largest increment of disp= 1.638094e-05
 largest correction to disp= 1.607648e-09 in node 11441 and dof 1

 convergence

 Using up to 1 cpu(s) for the stress calculation.

 increment 11 attempt 1 
 increment size= 1.054688e-02
 sum of previous increments=1.894531e-01
 actual step time=2.000000e-01
 actual total time=2.000000e-01

 iteration 1

 Using up to 1 cpu(s) for the stress calculation.

 Using up to 1 cpu(s) for the symmetric stiffness/mass contributions.

 Factoring the system of equations using the symmetric spooles solver
 Using up to 1 cpu(s) for spooles.

 Using up to 1 cpu(s) for the stress calculation.

 average force= 0.000076
 time avg. forc= 0.000044
 largest residual force= 0.000476 in node 2311 and dof 1
 largest increment of disp= 1.632522e-05
 largest correction to disp= 3.627635e-06 in node 11462 and dof 1

 no convergence

 iteration 2

 Using up to 1 cpu(s) for the symmetric stiffness/mass contributions.

 Factoring the system of equations using the symmetric spooles solver
 Using up to 1 cpu(s) for spooles.

 Using up to 1 cpu(s) for the stress calculation.

 average force= 0.000076
 time avg. forc= 0.000044
 largest residual force= 0.001760 in node 2311 and dof 1
 largest increment of disp= 1.632522e-05
 largest correction to disp= 6.987679e-06 in node 11459 and dof 1

 no convergence

 iteration 3

 Using up to 1 cpu(s) for the symmetric stiffness/mass contributions.

 Factoring the system of equations using the symmetric spooles solver
 Using up to 1 cpu(s) for spooles.

 Using up to 1 cpu(s) for the stress calculation.

 average force= 0.000351
 time avg. forc= 0.000069
 largest residual force= 0.281618 in node 2311 and dof 1
 largest increment of disp= 8.824455e-05
 largest correction to disp= 8.824455e-05 in node 11462 and dof 1

 no convergence

 iteration 4

 Using up to 1 cpu(s) for the symmetric stiffness/mass contributions.

 Factoring the system of equations using the symmetric spooles solver
 Using up to 1 cpu(s) for spooles.

 Using up to 1 cpu(s) for the stress calculation.

 average force= 0.000080
 time avg. forc= 0.000044
 largest residual force= 0.000530 in node 2311 and dof 1
 largest increment of disp= 8.824455e-05
 largest correction to disp= 2.886372e-06 in node 9396 and dof 1

 no convergence

 iteration 5

 Using up to 1 cpu(s) for the symmetric stiffness/mass contributions.

 Factoring the system of equations using the symmetric spooles solver
 Using up to 1 cpu(s) for spooles.

 Using up to 1 cpu(s) for the stress calculation.

 average force= 0.000091
 time avg. forc= 0.000045
 largest residual force= 0.026184 in node 2311 and dof 1
 largest increment of disp= 8.824455e-05
 largest correction to disp= 2.679135e-05 in node 11462 and dof 1

 no convergence

 iteration 6

 Using up to 1 cpu(s) for the symmetric stiffness/mass contributions.

 Factoring the system of equations using the symmetric spooles solver
 Using up to 1 cpu(s) for spooles.

 Using up to 1 cpu(s) for the stress calculation.

 average force= 0.000076
 time avg. forc= 0.000044
 largest residual force= 0.000579 in node 2311 and dof 1
 largest increment of disp= 8.824455e-05
 largest correction to disp= 3.985077e-06 in node 11462 and dof 1

 divergence; the increment size is decreased to 2.636719e-03
 the increment is reattempted

 increment 11 attempt 2 
 increment size= 2.636719e-03
 sum of previous increments=1.894531e-01
 actual step time=1.920898e-01
 actual total time=1.920898e-01

 iteration 1

 Using up to 1 cpu(s) for the stress calculation.

 Using up to 1 cpu(s) for the symmetric stiffness/mass contributions.

 Factoring the system of equations using the symmetric spooles solver
 Using up to 1 cpu(s) for spooles.

 Using up to 1 cpu(s) for the stress calculation.

 average force= 0.000069
 time avg. forc= 0.000043
 largest residual force= 0.000007 in node 2311 and dof 1
 largest increment of disp= 4.081306e-06
 largest correction to disp= 4.265954e-07 in node 11462 and dof 1

 no convergence

 iteration 2

 Using up to 1 cpu(s) for the symmetric stiffness/mass contributions.

 Factoring the system of equations using the symmetric spooles solver
 Using up to 1 cpu(s) for spooles.

 Using up to 1 cpu(s) for the stress calculation.

 average force= 0.000069
 time avg. forc= 0.000043
 largest residual force= 0.000001 in node 2311 and dof 1
 largest increment of disp= 4.081306e-06
 largest correction to disp= 1.789990e-07 in node 11462 and dof 1

 no convergence

 iteration 3

 Using up to 1 cpu(s) for the symmetric stiffness/mass contributions.

 Factoring the system of equations using the symmetric spooles solver
 Using up to 1 cpu(s) for spooles.

 Using up to 1 cpu(s) for the stress calculation.

 average force= 0.000069
 time avg. forc= 0.000043
 largest residual force= 0.000000 in node 2311 and dof 1
 largest increment of disp= 4.081306e-06
 largest correction to disp= 6.292767e-10 in node 11459 and dof 1

 convergence

 increment 12 attempt 1 
 increment size= 2.636719e-03
 sum of previous increments=1.920898e-01
 actual step time=1.947266e-01
 actual total time=1.947266e-01

 iteration 1

 Using up to 1 cpu(s) for the stress calculation.

 Using up to 1 cpu(s) for the symmetric stiffness/mass contributions.

 Factoring the system of equations using the symmetric spooles solver
 Using up to 1 cpu(s) for spooles.

 Using up to 1 cpu(s) for the stress calculation.

 average force= 0.000071
 time avg. forc= 0.000045
 largest residual force= 0.000000 in node 2176 and dof 1
 largest increment of disp= 4.073150e-06
 largest correction to disp= 9.475997e-08 in node 11102 and dof 1

 no convergence

 iteration 2

 Using up to 1 cpu(s) for the symmetric stiffness/mass contributions.

 Factoring the system of equations using the symmetric spooles solver
 Using up to 1 cpu(s) for spooles.

 Using up to 1 cpu(s) for the stress calculation.

 average force= 0.000071
 time avg. forc= 0.000045
 largest residual force= 0.000000 in node 2176 and dof 1
 largest increment of disp= 4.073150e-06
 largest correction to disp= 5.626053e-09 in node 11102 and dof 1

 convergence; the increment size is increased to 3.955078e-03

 increment 13 attempt 1 
 increment size= 3.955078e-03
 sum of previous increments=1.947266e-01
 actual step time=1.986816e-01
 actual total time=1.986816e-01

 iteration 1

 Using up to 1 cpu(s) for the stress calculation.

 Using up to 1 cpu(s) for the symmetric stiffness/mass contributions.

 Factoring the system of equations using the symmetric spooles solver
 Using up to 1 cpu(s) for spooles.

 Using up to 1 cpu(s) for the stress calculation.

 average force= 0.000075
 time avg. forc= 0.000048
 largest residual force= 0.000000 in node 2176 and dof 1
 largest increment of disp= 6.104873e-06
 largest correction to disp= 1.610742e-07 in node 11099 and dof 1

 no convergence

 iteration 2

 Using up to 1 cpu(s) for the symmetric stiffness/mass contributions.

 Factoring the system of equations using the symmetric spooles solver
 Using up to 1 cpu(s) for spooles.

 Using up to 1 cpu(s) for the stress calculation.

 average force= 0.000075
 time avg. forc= 0.000048
 largest residual force= 0.000000 in node 2176 and dof 1
 largest increment of disp= 6.104873e-06
 largest correction to disp= 1.563129e-08 in node 11099 and dof 1

 convergence; the increment size is increased to 5.932617e-03

 increment 14 attempt 1 
 increment size= 5.932617e-03
 sum of previous increments=1.986816e-01
 actual step time=2.046143e-01
 actual total time=2.046143e-01

 iteration 1

 Using up to 1 cpu(s) for the stress calculation.

 Using up to 1 cpu(s) for the symmetric stiffness/mass contributions.

 Factoring the system of equations using the symmetric spooles solver
 Using up to 1 cpu(s) for spooles.

 Using up to 1 cpu(s) for the stress calculation.

 average force= 0.000080
 time avg. forc= 0.000050
 largest residual force= 0.000003 in node 2176 and dof 1
 largest increment of disp= 9.149774e-06
 largest correction to disp= 3.173902e-07 in node 16238 and dof 1

 no convergence

 iteration 2

 Using up to 1 cpu(s) for the symmetric stiffness/mass contributions.

 Factoring the system of equations using the symmetric spooles solver
 Using up to 1 cpu(s) for spooles.

 Using up to 1 cpu(s) for the stress calculation.

 average force= 0.000080
 time avg. forc= 0.000050
 largest residual force= 0.000000 in node 2176 and dof 1
 largest increment of disp= 9.149774e-06
 largest correction to disp= 5.564115e-08 in node 11099 and dof 1

 convergence; the increment size is increased to 8.898926e-03

 increment 15 attempt 1 
 increment size= 8.898926e-03
 sum of previous increments=2.046143e-01
 actual step time=2.135132e-01
 actual total time=2.135132e-01

 iteration 1

 Using up to 1 cpu(s) for the stress calculation.

 Using up to 1 cpu(s) for the symmetric stiffness/mass contributions.

 Factoring the system of equations using the symmetric spooles solver
 Using up to 1 cpu(s) for spooles.

 Using up to 1 cpu(s) for the stress calculation.

 average force= 0.000088
 time avg. forc= 0.000052
 largest residual force= 0.000010 in node 2176 and dof 1
 largest increment of disp= 1.370977e-05
 largest correction to disp= 9.946483e-07 in node 16238 and dof 1

 no convergence

 iteration 2

 Using up to 1 cpu(s) for the symmetric stiffness/mass contributions.

 Factoring the system of equations using the symmetric spooles solver
 Using up to 1 cpu(s) for spooles.

 Using up to 1 cpu(s) for the stress calculation.

 average force= 0.000088
 time avg. forc= 0.000052
 largest residual force= 0.000001 in node 2176 and dof 1
 largest increment of disp= 1.370977e-05
 largest correction to disp= 1.675095e-07 in node 11102 and dof 1

 no convergence

 iteration 3

 Using up to 1 cpu(s) for the symmetric stiffness/mass contributions.

 Factoring the system of equations using the symmetric spooles solver
 Using up to 1 cpu(s) for spooles.

 Using up to 1 cpu(s) for the stress calculation.

 average force= 0.000088
 time avg. forc= 0.000052
 largest residual force= 0.000000 in node 2176 and dof 1
 largest increment of disp= 1.370977e-05
 largest correction to disp= 3.976660e-10 in node 11102 and dof 1

 convergence; the increment size is increased to 1.334839e-02

 Using up to 1 cpu(s) for the stress calculation.

 increment 16 attempt 1 
 increment size= 1.334839e-02
 sum of previous increments=2.135132e-01
 actual step time=2.268616e-01
 actual total time=2.268616e-01

 iteration 1

 Using up to 1 cpu(s) for the stress calculation.

 Using up to 1 cpu(s) for the symmetric stiffness/mass contributions.

 Factoring the system of equations using the symmetric spooles solver
 Using up to 1 cpu(s) for spooles.

 Using up to 1 cpu(s) for the stress calculation.

 average force= 0.000105
 time avg. forc= 0.000056
 largest residual force= 0.000116 in node 4077 and dof 1
 largest increment of disp= 2.054001e-05
 largest correction to disp= 5.178826e-06 in node 16244 and dof 1

 no convergence

 iteration 2

 Using up to 1 cpu(s) for the symmetric stiffness/mass contributions.

 Factoring the system of equations using the symmetric spooles solver
 Using up to 1 cpu(s) for spooles.

 Using up to 1 cpu(s) for the stress calculation.

 average force= 0.000105
 time avg. forc= 0.000056
 largest residual force= 0.000032 in node 2317 and dof 1
 largest increment of disp= 2.054001e-05
 largest correction to disp= 9.467289e-07 in node 11459 and dof 1

 no convergence

 iteration 3

 Using up to 1 cpu(s) for the symmetric stiffness/mass contributions.

 Factoring the system of equations using the symmetric spooles solver
 Using up to 1 cpu(s) for spooles.

 Using up to 1 cpu(s) for the stress calculation.

 average force= 0.000105
 time avg. forc= 0.000056
 largest residual force= 0.000000 in node 4475 and dof 2
 largest increment of disp= 2.054001e-05
 largest correction to disp= 2.228547e-08 in node 16640 and dof 2

 convergence; the increment size is increased to 2.002258e-02

 increment 17 attempt 1 
 increment size= 2.002258e-02
 sum of previous increments=2.268616e-01
 actual step time=2.468842e-01
 actual total time=2.468842e-01

 iteration 1

 Using up to 1 cpu(s) for the stress calculation.

 Using up to 1 cpu(s) for the symmetric stiffness/mass contributions.

 Factoring the system of equations using the symmetric spooles solver
 Using up to 1 cpu(s) for spooles.

 Using up to 1 cpu(s) for the stress calculation.

 average force= 0.000138
 time avg. forc= 0.000061
 largest residual force= 0.002258 in node 4359 and dof 1
 largest increment of disp= 3.076240e-05
 largest correction to disp= 2.293583e-05 in node 17000 and dof 1

 no convergence

 iteration 2

 Using up to 1 cpu(s) for the symmetric stiffness/mass contributions.

 Factoring the system of equations using the symmetric spooles solver
 Using up to 1 cpu(s) for spooles.

 Using up to 1 cpu(s) for the stress calculation.

 average force= 0.000143
 time avg. forc= 0.000061
 largest residual force= 0.007813 in node 2317 and dof 1
 largest increment of disp= 3.076240e-05
 largest correction to disp= 1.465463e-05 in node 11462 and dof 1

 no convergence

 iteration 3

 Using up to 1 cpu(s) for the symmetric stiffness/mass contributions.

 Factoring the system of equations using the symmetric spooles solver
 Using up to 1 cpu(s) for spooles.

 Using up to 1 cpu(s) for the stress calculation.

 average force= 0.000138
 time avg. forc= 0.000061
 largest residual force= 0.004530 in node 2311 and dof 1
 largest increment of disp= 3.076240e-05
 largest correction to disp= 1.118310e-05 in node 11459 and dof 1

 no convergence

 iteration 4

 Using up to 1 cpu(s) for the symmetric stiffness/mass contributions.

 Factoring the system of equations using the symmetric spooles solver
 Using up to 1 cpu(s) for spooles.

 Using up to 1 cpu(s) for the stress calculation.

 average force= 0.000221
 time avg. forc= 0.000066
 largest residual force= 0.103247 in node 2311 and dof 1
 largest increment of disp= 5.349041e-05
 largest correction to disp= 5.349041e-05 in node 11462 and dof 1

 no convergence

 iteration 5

 Using up to 1 cpu(s) for the symmetric stiffness/mass contributions.

 Factoring the system of equations using the symmetric spooles solver
 Using up to 1 cpu(s) for spooles.

 Using up to 1 cpu(s) for the stress calculation.

 average force= 0.000136
 time avg. forc= 0.000061
 largest residual force= 0.000288 in node 2246 and dof 2
 largest increment of disp= 5.349041e-05
 largest correction to disp= 2.863345e-06 in node 11264 and dof 2

 no convergence

 iteration 6

 Using up to 1 cpu(s) for the symmetric stiffness/mass contributions.

 Factoring the system of equations using the symmetric spooles solver
 Using up to 1 cpu(s) for spooles.

 Using up to 1 cpu(s) for the stress calculation.

 average force= 0.004451
 time avg. forc= 0.000314
 largest residual force= 3.195978 in node 2368 and dof 2
 largest increment of disp= 2.822026e-04
 largest correction to disp= 2.822026e-04 in node 11636 and dof 2

 no convergence

 iteration 7

 Using up to 1 cpu(s) for the symmetric stiffness/mass contributions.

 Factoring the system of equations using the symmetric spooles solver
 Using up to 1 cpu(s) for spooles.

 Using up to 1 cpu(s) for the stress calculation.

 average force= 0.011279
 time avg. forc= 0.000716
 largest residual force= 29.491082 in node 2369 and dof 2
 largest increment of disp= 5.610873e-04
 largest correction to disp= 5.610873e-04 in node 11579 and dof 1

 divergence; the increment size is decreased to 5.005646e-03
 the increment is reattempted

 increment 17 attempt 2 
 increment size= 5.005646e-03
 sum of previous increments=2.268616e-01
 actual step time=2.318672e-01
 actual total time=2.318672e-01

 iteration 1

 Using up to 1 cpu(s) for the stress calculation.

 Using up to 1 cpu(s) for the symmetric stiffness/mass contributions.

 Factoring the system of equations using the symmetric spooles solver
 Using up to 1 cpu(s) for spooles.

 Using up to 1 cpu(s) for the stress calculation.

 average force= 0.000116
 time avg. forc= 0.000059
 largest residual force= 0.000263 in node 4359 and dof 1
 largest increment of disp= 7.811150e-06
 largest correction to disp= 7.811150e-06 in node 16994 and dof 1

 no convergence

 iteration 2

 Using up to 1 cpu(s) for the symmetric stiffness/mass contributions.

 Factoring the system of equations using the symmetric spooles solver
 Using up to 1 cpu(s) for spooles.

 Using up to 1 cpu(s) for the stress calculation.

 average force= 0.000115
 time avg. forc= 0.000059
 largest residual force= 0.000011 in node 4359 and dof 1
 largest increment of disp= 7.811150e-06
 largest correction to disp= 1.594850e-06 in node 16994 and dof 1

 no convergence

 iteration 3

 Using up to 1 cpu(s) for the symmetric stiffness/mass contributions.

 Factoring the system of equations using the symmetric spooles solver
 Using up to 1 cpu(s) for spooles.

 Using up to 1 cpu(s) for the stress calculation.

 average force= 0.000115
 time avg. forc= 0.000059
 largest residual force= 0.000001 in node 4359 and dof 1
 largest increment of disp= 7.811150e-06
 largest correction to disp= 4.867878e-07 in node 16994 and dof 1

 no convergence

 iteration 4

 Using up to 1 cpu(s) for the symmetric stiffness/mass contributions.

 Factoring the system of equations using the symmetric spooles solver
 Using up to 1 cpu(s) for spooles.

 Using up to 1 cpu(s) for the stress calculation.

 average force= 0.000115
 time avg. forc= 0.000059
 largest residual force= 0.000000 in node 4359 and dof 1
 largest increment of disp= 7.811150e-06
 largest correction to disp= 1.492841e-08 in node 17000 and dof 1

 convergence

 increment 18 attempt 1 
 increment size= 5.005646e-03
 sum of previous increments=2.318672e-01
 actual step time=2.368729e-01
 actual total time=2.368729e-01

 iteration 1

 Using up to 1 cpu(s) for the stress calculation.

 Using up to 1 cpu(s) for the symmetric stiffness/mass contributions.

 Factoring the system of equations using the symmetric spooles solver
 Using up to 1 cpu(s) for spooles.

 Using up to 1 cpu(s) for the stress calculation.

 average force= 0.000126
 time avg. forc= 0.000063
 largest residual force= 0.000158 in node 4359 and dof 1
 largest increment of disp= 8.930907e-06
 largest correction to disp= 6.048746e-06 in node 17000 and dof 1

 no convergence

 iteration 2

 Using up to 1 cpu(s) for the symmetric stiffness/mass contributions.

 Factoring the system of equations using the symmetric spooles solver
 Using up to 1 cpu(s) for spooles.

 Using up to 1 cpu(s) for the stress calculation.

 average force= 0.000126
 time avg. forc= 0.000063
 largest residual force= 0.000000 in node 4371 and dof 1
 largest increment of disp= 8.930907e-06
 largest correction to disp= 4.093887e-07 in node 17030 and dof 1

 convergence; the increment size is increased to 7.508469e-03

 increment 19 attempt 1 
 increment size= 7.508469e-03
 sum of previous increments=2.368729e-01
 actual step time=2.443813e-01
 actual total time=2.443813e-01

 iteration 1

 Using up to 1 cpu(s) for the stress calculation.

 Using up to 1 cpu(s) for the symmetric stiffness/mass contributions.

 Factoring the system of equations using the symmetric spooles solver
 Using up to 1 cpu(s) for spooles.

 Using up to 1 cpu(s) for the stress calculation.

 average force= 0.000143
 time avg. forc= 0.000067
 largest residual force= 0.000048 in node 4346 and dof 1
 largest increment of disp= 1.977967e-05
 largest correction to disp= 3.415019e-06 in node 16998 and dof 1

 no convergence

 iteration 2

 Using up to 1 cpu(s) for the symmetric stiffness/mass contributions.

 Factoring the system of equations using the symmetric spooles solver
 Using up to 1 cpu(s) for spooles.

 Using up to 1 cpu(s) for the stress calculation.

 average force= 0.000143
 time avg. forc= 0.000067
 largest residual force= 0.000000 in node 2317 and dof 1
 largest increment of disp= 1.977967e-05
 largest correction to disp= 2.189093e-07 in node 16244 and dof 1

 convergence; the increment size is increased to 1.126270e-02

 increment 20 attempt 1 
 increment size= 1.126270e-02
 sum of previous increments=2.443813e-01
 actual step time=2.556440e-01
 actual total time=2.556440e-01

 iteration 1

 Using up to 1 cpu(s) for the stress calculation.

 Using up to 1 cpu(s) for the symmetric stiffness/mass contributions.

 Factoring the system of equations using the symmetric spooles solver
 Using up to 1 cpu(s) for spooles.

 Using up to 1 cpu(s) for the stress calculation.

 average force= 0.000172
 time avg. forc= 0.000072
 largest residual force= 0.004351 in node 4346 and dof 1
 largest increment of disp= 3.230831e-05
 largest correction to disp= 3.230831e-05 in node 16998 and dof 1

 no convergence

 iteration 2

 Using up to 1 cpu(s) for the symmetric stiffness/mass contributions.

 Factoring the system of equations using the symmetric spooles solver
 Using up to 1 cpu(s) for spooles.

 Using up to 1 cpu(s) for the stress calculation.

 average force= 0.000175
 time avg. forc= 0.000073
 largest residual force= 0.002060 in node 4076 and dof 1
 largest increment of disp= 3.230831e-05
 largest correction to disp= 2.235548e-05 in node 16242 and dof 1

 no convergence

 iteration 3

 Using up to 1 cpu(s) for the symmetric stiffness/mass contributions.

 Factoring the system of equations using the symmetric spooles solver
 Using up to 1 cpu(s) for spooles.

 Using up to 1 cpu(s) for the stress calculation.

 average force= 0.000180
 time avg. forc= 0.000073
 largest residual force= 0.002919 in node 4076 and dof 1
 largest increment of disp= 3.230831e-05
 largest correction to disp= 2.658266e-05 in node 16236 and dof 1

 no convergence

 iteration 4

 Using up to 1 cpu(s) for the symmetric stiffness/mass contributions.

 Factoring the system of equations using the symmetric spooles solver
 Using up to 1 cpu(s) for spooles.

 Using up to 1 cpu(s) for the stress calculation.

 average force= 0.000179
 time avg. forc= 0.000073
 largest residual force= 0.000021 in node 3920 and dof 2
 largest increment of disp= 3.230831e-05
 largest correction to disp= 2.260507e-06 in node 17352 and dof 2

 no convergence

 iteration 5

 Using up to 1 cpu(s) for the symmetric stiffness/mass contributions.

 Factoring the system of equations using the symmetric spooles solver
 Using up to 1 cpu(s) for spooles.

 Using up to 1 cpu(s) for the stress calculation.

 average force= 0.000179
 time avg. forc= 0.000073
 largest residual force= 0.000005 in node 4076 and dof 1
 largest increment of disp= 3.230831e-05
 largest correction to disp= 1.104770e-06 in node 16242 and dof 1

 no convergence

 iteration 6

 Using up to 1 cpu(s) for the symmetric stiffness/mass contributions.

 Factoring the system of equations using the symmetric spooles solver
 Using up to 1 cpu(s) for spooles.

 Using up to 1 cpu(s) for the stress calculation.

 average force= 0.000179
 time avg. forc= 0.000073
 largest residual force= 0.000000 in node 4076 and dof 1
 largest increment of disp= 3.230831e-05
 largest correction to disp= 3.331787e-08 in node 16242 and dof 1

 convergence

 Using up to 1 cpu(s) for the stress calculation.

 increment 21 attempt 1 
 increment size= 1.126270e-02
 sum of previous increments=2.556440e-01
 actual step time=2.669067e-01
 actual total time=2.669067e-01

 iteration 1

 Using up to 1 cpu(s) for the stress calculation.

 Using up to 1 cpu(s) for the symmetric stiffness/mass contributions.

 Factoring the system of equations using the symmetric spooles solver
 Using up to 1 cpu(s) for spooles.

 Using up to 1 cpu(s) for the stress calculation.

 average force= 0.000219
 time avg. forc= 0.000080
 largest residual force= 0.000844 in node 3338 and dof 1
 largest increment of disp= 7.838597e-05
 largest correction to disp= 1.256430e-05 in node 16638 and dof 2

 no convergence

 iteration 2

 Using up to 1 cpu(s) for the symmetric stiffness/mass contributions.

 Factoring the system of equations using the symmetric spooles solver
 Using up to 1 cpu(s) for spooles.

 Using up to 1 cpu(s) for the stress calculation.

 average force= 0.000207
 time avg. forc= 0.000079
 largest residual force= 0.002137 in node 3338 and dof 1
 largest increment of disp= 7.838597e-05
 largest correction to disp= 2.292968e-05 in node 16278 and dof 1

 no convergence

 iteration 3

 Using up to 1 cpu(s) for the symmetric stiffness/mass contributions.

 Factoring the system of equations using the symmetric spooles solver
 Using up to 1 cpu(s) for spooles.

 Using up to 1 cpu(s) for the stress calculation.

 average force= 0.000203
 time avg. forc= 0.000079
 largest residual force= 0.000342 in node 3338 and dof 1
 largest increment of disp= 7.838597e-05
 largest correction to disp= 9.189932e-06 in node 16236 and dof 1

 no convergence

 iteration 4

 Using up to 1 cpu(s) for the symmetric stiffness/mass contributions.

 Factoring the system of equations using the symmetric spooles solver
 Using up to 1 cpu(s) for spooles.

 Using up to 1 cpu(s) for the stress calculation.

 average force= 0.000202
 time avg. forc= 0.000079
 largest residual force= 0.000037 in node 4076 and dof 1
 largest increment of disp= 7.838597e-05
 largest correction to disp= 2.997836e-06 in node 16236 and dof 1

 no convergence

 iteration 5

 Using up to 1 cpu(s) for the symmetric stiffness/mass contributions.

 Factoring the system of equations using the symmetric spooles solver
 Using up to 1 cpu(s) for spooles.

 Using up to 1 cpu(s) for the stress calculation.

 average force= 0.000202
 time avg. forc= 0.000079
 largest residual force= 0.000000 in node 4076 and dof 1
 largest increment of disp= 7.838597e-05
 largest correction to disp= 2.333435e-07 in node 16242 and dof 1

 convergence

 increment 22 attempt 1 
 increment size= 1.126270e-02
 sum of previous increments=2.669067e-01
 actual step time=2.781694e-01
 actual total time=2.781694e-01

 iteration 1

 Using up to 1 cpu(s) for the stress calculation.

 Using up to 1 cpu(s) for the symmetric stiffness/mass contributions.

 Factoring the system of equations using the symmetric spooles solver
 Using up to 1 cpu(s) for spooles.

 Using up to 1 cpu(s) for the stress calculation.

 average force= 0.000224
 time avg. forc= 0.000086
 largest residual force= 0.000200 in node 3338 and dof 1
 largest increment of disp= 3.084071e-05
 largest correction to disp= 7.000642e-06 in node 16278 and dof 1

 no convergence

 iteration 2

 Using up to 1 cpu(s) for the symmetric stiffness/mass contributions.

 Factoring the system of equations using the symmetric spooles solver
 Using up to 1 cpu(s) for spooles.

 Using up to 1 cpu(s) for the stress calculation.

 average force= 0.000223
 time avg. forc= 0.000085
 largest residual force= 0.000047 in node 3338 and dof 1
 largest increment of disp= 3.084071e-05
 largest correction to disp= 3.389088e-06 in node 16242 and dof 1

 no convergence

 iteration 3

 Using up to 1 cpu(s) for the symmetric stiffness/mass contributions.

 Factoring the system of equations using the symmetric spooles solver
 Using up to 1 cpu(s) for spooles.

 Using up to 1 cpu(s) for the stress calculation.

 average force= 0.000223
 time avg. forc= 0.000085
 largest residual force= 0.000000 in node 4076 and dof 1
 largest increment of disp= 3.084071e-05
 largest correction to disp= 1.936453e-07 in node 16236 and dof 1

 convergence

 increment 23 attempt 1 
 increment size= 1.126270e-02
 sum of previous increments=2.781694e-01
 actual step time=2.894321e-01
 actual total time=2.894321e-01

 iteration 1

 Using up to 1 cpu(s) for the stress calculation.

 Using up to 1 cpu(s) for the symmetric stiffness/mass contributions.

 Factoring the system of equations using the symmetric spooles solver
 Using up to 1 cpu(s) for spooles.

 Using up to 1 cpu(s) for the stress calculation.

 average force= 0.000241
 time avg. forc= 0.000092
 largest residual force= 0.000047 in node 3338 and dof 1
 largest increment of disp= 2.027428e-05
 largest correction to disp= 3.394472e-06 in node 16278 and dof 1

 no convergence

 iteration 2

 Using up to 1 cpu(s) for the symmetric stiffness/mass contributions.

 Factoring the system of equations using the symmetric spooles solver
 Using up to 1 cpu(s) for spooles.

 Using up to 1 cpu(s) for the stress calculation.

 average force= 0.000241
 time avg. forc= 0.000092
 largest residual force= 0.000002 in node 3338 and dof 1
 largest increment of disp= 2.027428e-05
 largest correction to disp= 6.510147e-07 in node 10632 and dof 2

 no convergence

 iteration 3

 Using up to 1 cpu(s) for the symmetric stiffness/mass contributions.

 Factoring the system of equations using the symmetric spooles solver
 Using up to 1 cpu(s) for spooles.

 Using up to 1 cpu(s) for the stress calculation.

 average force= 0.000241
 time avg. forc= 0.000092
 largest residual force= 0.000000 in node 4076 and dof 1
 largest increment of disp= 2.027428e-05
 largest correction to disp= 6.119355e-09 in node 16236 and dof 1

 convergence; the increment size is increased to 1.689405e-02

 increment 24 attempt 1 
 increment size= 1.689405e-02
 sum of previous increments=2.894321e-01
 actual step time=3.063262e-01
 actual total time=3.063262e-01

 iteration 1

 Using up to 1 cpu(s) for the stress calculation.

 Using up to 1 cpu(s) for the symmetric stiffness/mass contributions.

 Factoring the system of equations using the symmetric spooles solver
 Using up to 1 cpu(s) for spooles.

 Using up to 1 cpu(s) for the stress calculation.

 average force= 0.000266
 time avg. forc= 0.000099
 largest residual force= 0.000048 in node 3338 and dof 1
 largest increment of disp= 2.664370e-05
 largest correction to disp= 3.439614e-06 in node 16272 and dof 1

 no convergence

 iteration 2

 Using up to 1 cpu(s) for the symmetric stiffness/mass contributions.

 Factoring the system of equations using the symmetric spooles solver
 Using up to 1 cpu(s) for spooles.

 Using up to 1 cpu(s) for the stress calculation.

 average force= 0.000266
 time avg. forc= 0.000099
 largest residual force= 0.000006 in node 2245 and dof 2
 largest increment of disp= 2.664370e-05
 largest correction to disp= 1.305742e-06 in node 10614 and dof 2

 no convergence

 iteration 3

 Using up to 1 cpu(s) for the symmetric stiffness/mass contributions.

 Factoring the system of equations using the symmetric spooles solver
 Using up to 1 cpu(s) for spooles.

 Using up to 1 cpu(s) for the stress calculation.

 average force= 0.000266
 time avg. forc= 0.000099
 largest residual force= 0.000000 in node 2311 and dof 1
 largest increment of disp= 2.664370e-05
 largest correction to disp= 1.658070e-08 in node 8292 and dof 2

 convergence; the increment size is increased to 2.534108e-02

 increment 25 attempt 1 
 increment size= 2.534108e-02
 sum of previous increments=3.063262e-01
 actual step time=3.316673e-01
 actual total time=3.316673e-01

 iteration 1

 Using up to 1 cpu(s) for the stress calculation.

 Using up to 1 cpu(s) for the symmetric stiffness/mass contributions.

 Factoring the system of equations using the symmetric spooles solver
 Using up to 1 cpu(s) for spooles.

 Using up to 1 cpu(s) for the stress calculation.

 average force= 0.000301
 time avg. forc= 0.000107
 largest residual force= 0.000334 in node 2317 and dof 1
 largest increment of disp= 3.964752e-05
 largest correction to disp= 5.811299e-06 in node 13113 and dof 1

 no convergence

 iteration 2

 Using up to 1 cpu(s) for the symmetric stiffness/mass contributions.

 Factoring the system of equations using the symmetric spooles solver
 Using up to 1 cpu(s) for spooles.

 Using up to 1 cpu(s) for the stress calculation.

 average force= 0.000300
 time avg. forc= 0.000107
 largest residual force= 0.000499 in node 2318 and dof 1
 largest increment of disp= 3.964752e-05
 largest correction to disp= 3.685790e-06 in node 11480 and dof 1

 no convergence

 iteration 3

 Using up to 1 cpu(s) for the symmetric stiffness/mass contributions.

 Factoring the system of equations using the symmetric spooles solver
 Using up to 1 cpu(s) for spooles.

 Using up to 1 cpu(s) for the stress calculation.

 average force= 0.000300
 time avg. forc= 0.000107
 largest residual force= 0.000002 in node 2315 and dof 1
 largest increment of disp= 3.964752e-05
 largest correction to disp= 1.909323e-07 in node 11453 and dof 1

 no convergence

 iteration 4

 Using up to 1 cpu(s) for the symmetric stiffness/mass contributions.

 Factoring the system of equations using the symmetric spooles solver
 Using up to 1 cpu(s) for spooles.

 Using up to 1 cpu(s) for the stress calculation.

 average force= 0.000300
 time avg. forc= 0.000107
 largest residual force= 0.000000 in node 2316 and dof 1
 largest increment of disp= 3.964752e-05
 largest correction to disp= 9.857702e-09 in node 11462 and dof 1

 convergence; the increment size is increased to 3.801162e-02

 Using up to 1 cpu(s) for the stress calculation.

 increment 26 attempt 1 
 increment size= 3.801162e-02
 sum of previous increments=3.316673e-01
 actual step time=3.696789e-01
 actual total time=3.696789e-01

 iteration 1

 Using up to 1 cpu(s) for the stress calculation.

 Using up to 1 cpu(s) for the symmetric stiffness/mass contributions.

 Factoring the system of equations using the symmetric spooles solver
 Using up to 1 cpu(s) for spooles.

 Using up to 1 cpu(s) for the stress calculation.

 average force= 0.000347
 time avg. forc= 0.000117
 largest residual force= 0.000142 in node 2370 and dof 2
 largest increment of disp= 5.905633e-05
 largest correction to disp= 4.659523e-05 in node 13122 and dof 1

 no convergence

 iteration 2

 Using up to 1 cpu(s) for the symmetric stiffness/mass contributions.

 Factoring the system of equations using the symmetric spooles solver
 Using up to 1 cpu(s) for spooles.

 Using up to 1 cpu(s) for the stress calculation.

 average force= 0.000346
 time avg. forc= 0.000117
 largest residual force= 0.000182 in node 2370 and dof 2
 largest increment of disp= 5.905633e-05
 largest correction to disp= 1.044954e-05 in node 13122 and dof 1

 no convergence

 iteration 3

 Using up to 1 cpu(s) for the symmetric stiffness/mass contributions.

 Factoring the system of equations using the symmetric spooles solver
 Using up to 1 cpu(s) for spooles.

 Using up to 1 cpu(s) for the stress calculation.

 average force= 0.000346
 time avg. forc= 0.000117
 largest residual force= 0.000000 in node 2369 and dof 2
 largest increment of disp= 5.905633e-05
 largest correction to disp= 1.379942e-06 in node 13113 and dof 1

 convergence; the increment size is increased to 5.701743e-02

 the increment size exceeds the maximum allowed and is decreased to 5.000000e-02

 increment 27 attempt 1 
 increment size= 5.000000e-02
 sum of previous increments=3.696789e-01
 actual step time=4.196789e-01
 actual total time=4.196789e-01

 iteration 1

 Using up to 1 cpu(s) for the stress calculation.

 Using up to 1 cpu(s) for the symmetric stiffness/mass contributions.

 Factoring the system of equations using the symmetric spooles solver
 Using up to 1 cpu(s) for spooles.

 Using up to 1 cpu(s) for the stress calculation.

 average force= 0.000401
 time avg. forc= 0.000127
 largest residual force= 0.000253 in node 2370 and dof 2
 largest increment of disp= 7.755624e-05
 largest correction to disp= 4.179533e-05 in node 15270 and dof 1

 no convergence

 iteration 2

 Using up to 1 cpu(s) for the symmetric stiffness/mass contributions.

 Factoring the system of equations using the symmetric spooles solver
 Using up to 1 cpu(s) for spooles.

 Using up to 1 cpu(s) for the stress calculation.

 average force= 0.000399
 time avg. forc= 0.000127
 largest residual force= 0.000432 in node 2370 and dof 2
 largest increment of disp= 7.755624e-05
 largest correction to disp= 7.946206e-06 in node 15270 and dof 1

 no convergence

 iteration 3

 Using up to 1 cpu(s) for the symmetric stiffness/mass contributions.

 Factoring the system of equations using the symmetric spooles solver
 Using up to 1 cpu(s) for spooles.

 Using up to 1 cpu(s) for the stress calculation.

 average force= 0.000399
 time avg. forc= 0.000127
 largest residual force= 0.000000 in node 2245 and dof 2
 largest increment of disp= 7.755624e-05
 largest correction to disp= 6.494249e-07 in node 15270 and dof 1

 convergence; the increment size is increased to 7.500000e-02

 the increment size exceeds the maximum allowed and is decreased to 5.000000e-02

 increment 28 attempt 1 
 increment size= 5.000000e-02
 sum of previous increments=4.196789e-01
 actual step time=4.696789e-01
 actual total time=4.696789e-01

 iteration 1

 Using up to 1 cpu(s) for the stress calculation.

 Using up to 1 cpu(s) for the symmetric stiffness/mass contributions.

 Factoring the system of equations using the symmetric spooles solver
 Using up to 1 cpu(s) for spooles.

 Using up to 1 cpu(s) for the stress calculation.

 average force= 0.000448
 time avg. forc= 0.000139
 largest residual force= 0.000223 in node 2369 and dof 2
 largest increment of disp= 9.150363e-05
 largest correction to disp= 2.468572e-05 in node 13113 and dof 1

 no convergence

 iteration 2

 Using up to 1 cpu(s) for the symmetric stiffness/mass contributions.

 Factoring the system of equations using the symmetric spooles solver
 Using up to 1 cpu(s) for spooles.

 Using up to 1 cpu(s) for the stress calculation.

 average force= 0.000446
 time avg. forc= 0.000138
 largest residual force= 0.000241 in node 2369 and dof 2
 largest increment of disp= 9.150363e-05
 largest correction to disp= 3.519450e-06 in node 13113 and dof 1

 no convergence

 iteration 3

 Using up to 1 cpu(s) for the symmetric stiffness/mass contributions.

 Factoring the system of equations using the symmetric spooles solver
 Using up to 1 cpu(s) for spooles.

 Using up to 1 cpu(s) for the stress calculation.

 average force= 0.000446
 time avg. forc= 0.000138
 largest residual force= 0.000000 in node 2369 and dof 2
 largest increment of disp= 9.150363e-05
 largest correction to disp= 7.066062e-08 in node 9387 and dof 1

 convergence; the increment size is increased to 7.500000e-02

 the increment size exceeds the maximum allowed and is decreased to 5.000000e-02

 increment 29 attempt 1 
 increment size= 5.000000e-02
 sum of previous increments=4.696789e-01
 actual step time=5.196789e-01
 actual total time=5.196789e-01

 iteration 1

 Using up to 1 cpu(s) for the stress calculation.

 Using up to 1 cpu(s) for the symmetric stiffness/mass contributions.

 Factoring the system of equations using the symmetric spooles solver
 Using up to 1 cpu(s) for spooles.

 Using up to 1 cpu(s) for the stress calculation.

 average force= 0.000491
 time avg. forc= 0.000151
 largest residual force= 0.000177 in node 2246 and dof 2
 largest increment of disp= 7.657630e-05
 largest correction to disp= 1.366803e-05 in node 13122 and dof 1

 no convergence

 iteration 2

 Using up to 1 cpu(s) for the symmetric stiffness/mass contributions.

 Factoring the system of equations using the symmetric spooles solver
 Using up to 1 cpu(s) for spooles.

 Using up to 1 cpu(s) for the stress calculation.

 average force= 0.000490
 time avg. forc= 0.000151
 largest residual force= 0.000111 in node 2369 and dof 2
 largest increment of disp= 7.657630e-05
 largest correction to disp= 1.722375e-06 in node 11618 and dof 2

 no convergence

 iteration 3

 Using up to 1 cpu(s) for the symmetric stiffness/mass contributions.

 Factoring the system of equations using the symmetric spooles solver
 Using up to 1 cpu(s) for spooles.

 Using up to 1 cpu(s) for the stress calculation.

 average force= 0.000490
 time avg. forc= 0.000151
 largest residual force= 0.000000 in node 2317 and dof 1
 largest increment of disp= 7.657630e-05
 largest correction to disp= 2.830270e-08 in node 9387 and dof 1

 convergence; the increment size is increased to 7.500000e-02

 the increment size exceeds the maximum allowed and is decreased to 5.000000e-02

 increment 30 attempt 1 
 increment size= 5.000000e-02
 sum of previous increments=5.196789e-01
 actual step time=5.696789e-01
 actual total time=5.696789e-01

 iteration 1

 Using up to 1 cpu(s) for the stress calculation.

 Using up to 1 cpu(s) for the symmetric stiffness/mass contributions.

 Factoring the system of equations using the symmetric spooles solver
 Using up to 1 cpu(s) for spooles.

 Using up to 1 cpu(s) for the stress calculation.

 average force= 0.000532
 time avg. forc= 0.000163
 largest residual force= 0.000134 in node 2369 and dof 2
 largest increment of disp= 7.641396e-05
 largest correction to disp= 8.122226e-06 in node 15279 and dof 1

 no convergence

 iteration 2

 Using up to 1 cpu(s) for the symmetric stiffness/mass contributions.

 Factoring the system of equations using the symmetric spooles solver
 Using up to 1 cpu(s) for spooles.

 Using up to 1 cpu(s) for the stress calculation.

 average force= 0.000532
 time avg. forc= 0.000163
 largest residual force= 0.000052 in node 2368 and dof 2
 largest increment of disp= 7.641396e-05
 largest correction to disp= 1.233628e-06 in node 11618 and dof 2

 no convergence

 iteration 3

 Using up to 1 cpu(s) for the symmetric stiffness/mass contributions.

 Factoring the system of equations using the symmetric spooles solver
 Using up to 1 cpu(s) for spooles.

 Using up to 1 cpu(s) for the stress calculation.

 average force= 0.000532
 time avg. forc= 0.000163
 largest residual force= 0.000000 in node 2323 and dof 1
 largest increment of disp= 7.641396e-05
 largest correction to disp= 2.456451e-08 in node 11480 and dof 1

 convergence; the increment size is increased to 7.500000e-02

 the increment size exceeds the maximum allowed and is decreased to 5.000000e-02

 Using up to 1 cpu(s) for the stress calculation.

 increment 31 attempt 1 
 increment size= 5.000000e-02
 sum of previous increments=5.696789e-01
 actual step time=6.196789e-01
 actual total time=6.196789e-01

 iteration 1

 Using up to 1 cpu(s) for the stress calculation.

 Using up to 1 cpu(s) for the symmetric stiffness/mass contributions.

 Factoring the system of equations using the symmetric spooles solver
 Using up to 1 cpu(s) for spooles.

 Using up to 1 cpu(s) for the stress calculation.

 average force= 0.000571
 time avg. forc= 0.000176
 largest residual force= 0.000106 in node 2319 and dof 1
 largest increment of disp= 7.631794e-05
 largest correction to disp= 5.302601e-06 in node 15279 and dof 1

 no convergence

 iteration 2

 Using up to 1 cpu(s) for the symmetric stiffness/mass contributions.

 Factoring the system of equations using the symmetric spooles solver
 Using up to 1 cpu(s) for spooles.

 Using up to 1 cpu(s) for the stress calculation.

 average force= 0.000570
 time avg. forc= 0.000176
 largest residual force= 0.000037 in node 2319 and dof 1
 largest increment of disp= 7.631794e-05
 largest correction to disp= 9.729211e-07 in node 11483 and dof 1

 no convergence

 iteration 3

 Using up to 1 cpu(s) for the symmetric stiffness/mass contributions.

 Factoring the system of equations using the symmetric spooles solver
 Using up to 1 cpu(s) for spooles.

 Using up to 1 cpu(s) for the stress calculation.

 average force= 0.000570
 time avg. forc= 0.000176
 largest residual force= 0.000000 in node 2323 and dof 1
 largest increment of disp= 7.631794e-05
 largest correction to disp= 2.077280e-08 in node 11495 and dof 1

 convergence; the increment size is increased to 7.500000e-02

 the increment size exceeds the maximum allowed and is decreased to 5.000000e-02

 increment 32 attempt 1 
 increment size= 5.000000e-02
 sum of previous increments=6.196789e-01
 actual step time=6.696789e-01
 actual total time=6.696789e-01

 iteration 1

 Using up to 1 cpu(s) for the stress calculation.

 Using up to 1 cpu(s) for the symmetric stiffness/mass contributions.

 Factoring the system of equations using the symmetric spooles solver
 Using up to 1 cpu(s) for spooles.

 Using up to 1 cpu(s) for the stress calculation.

 average force= 0.000608
 time avg. forc= 0.000190
 largest residual force= 0.000131 in node 2316 and dof 1
 largest increment of disp= 7.622769e-05
 largest correction to disp= 3.698343e-06 in node 15270 and dof 1

 no convergence

 iteration 2

 Using up to 1 cpu(s) for the symmetric stiffness/mass contributions.

 Factoring the system of equations using the symmetric spooles solver
 Using up to 1 cpu(s) for spooles.

 Using up to 1 cpu(s) for the stress calculation.

 average force= 0.000608
 time avg. forc= 0.000190
 largest residual force= 0.000057 in node 2315 and dof 1
 largest increment of disp= 7.622769e-05
 largest correction to disp= 1.323849e-06 in node 11474 and dof 1

 no convergence

 iteration 3

 Using up to 1 cpu(s) for the symmetric stiffness/mass contributions.

 Factoring the system of equations using the symmetric spooles solver
 Using up to 1 cpu(s) for spooles.

 Using up to 1 cpu(s) for the stress calculation.

 average force= 0.000608
 time avg. forc= 0.000190
 largest residual force= 0.000000 in node 2323 and dof 1
 largest increment of disp= 7.622769e-05
 largest correction to disp= 1.780554e-08 in node 11495 and dof 1

 convergence; the increment size is increased to 7.500000e-02

 the increment size exceeds the maximum allowed and is decreased to 5.000000e-02

 increment 33 attempt 1 
 increment size= 5.000000e-02
 sum of previous increments=6.696789e-01
 actual step time=7.196789e-01
 actual total time=7.196789e-01

 iteration 1

 Using up to 1 cpu(s) for the stress calculation.

 Using up to 1 cpu(s) for the symmetric stiffness/mass contributions.

 Factoring the system of equations using the symmetric spooles solver
 Using up to 1 cpu(s) for spooles.

 Using up to 1 cpu(s) for the stress calculation.

 average force= 0.000644
 time avg. forc= 0.000204
 largest residual force= 0.000167 in node 2318 and dof 1
 largest increment of disp= 7.617814e-05
 largest correction to disp= 3.531300e-06 in node 14082 and dof 1

 no convergence

 iteration 2

 Using up to 1 cpu(s) for the symmetric stiffness/mass contributions.

 Factoring the system of equations using the symmetric spooles solver
 Using up to 1 cpu(s) for spooles.

 Using up to 1 cpu(s) for the stress calculation.

 average force= 0.000644
 time avg. forc= 0.000204
 largest residual force= 0.000086 in node 2322 and dof 1
 largest increment of disp= 7.617814e-05
 largest correction to disp= 1.650296e-06 in node 11474 and dof 1

 no convergence

 iteration 3

 Using up to 1 cpu(s) for the symmetric stiffness/mass contributions.

 Factoring the system of equations using the symmetric spooles solver
 Using up to 1 cpu(s) for spooles.

 Using up to 1 cpu(s) for the stress calculation.

 average force= 0.000644
 time avg. forc= 0.000204
 largest residual force= 0.000000 in node 2323 and dof 1
 largest increment of disp= 7.617814e-05
 largest correction to disp= 1.665484e-08 in node 11495 and dof 1

 convergence; the increment size is increased to 7.500000e-02

 the increment size exceeds the maximum allowed and is decreased to 5.000000e-02

 increment 34 attempt 1 
 increment size= 5.000000e-02
 sum of previous increments=7.196789e-01
 actual step time=7.696789e-01
 actual total time=7.696789e-01

 iteration 1

 Using up to 1 cpu(s) for the stress calculation.

 Using up to 1 cpu(s) for the symmetric stiffness/mass contributions.

 Factoring the system of equations using the symmetric spooles solver
 Using up to 1 cpu(s) for spooles.

 Using up to 1 cpu(s) for the stress calculation.

 average force= 0.000678
 time avg. forc= 0.000218
 largest residual force= 0.000268 in node 2316 and dof 1
 largest increment of disp= 7.615623e-05
 largest correction to disp= 3.013724e-06 in node 11483 and dof 1

 no convergence

 iteration 2

 Using up to 1 cpu(s) for the symmetric stiffness/mass contributions.

 Factoring the system of equations using the symmetric spooles solver
 Using up to 1 cpu(s) for spooles.

 Using up to 1 cpu(s) for the stress calculation.

 average force= 0.000678
 time avg. forc= 0.000218
 largest residual force= 0.000175 in node 2324 and dof 1
 largest increment of disp= 7.615623e-05
 largest correction to disp= 2.332785e-06 in node 11474 and dof 1

 no convergence

 iteration 3

 Using up to 1 cpu(s) for the symmetric stiffness/mass contributions.

 Factoring the system of equations using the symmetric spooles solver
 Using up to 1 cpu(s) for spooles.

 Using up to 1 cpu(s) for the stress calculation.

 average force= 0.000678
 time avg. forc= 0.000218
 largest residual force= 0.000000 in node 2323 and dof 1
 largest increment of disp= 7.615623e-05
 largest correction to disp= 2.375535e-08 in node 11495 and dof 1

 convergence; the increment size is increased to 7.500000e-02

 the increment size exceeds the maximum allowed and is decreased to 5.000000e-02

 increment 35 attempt 1 
 increment size= 5.000000e-02
 sum of previous increments=7.696789e-01
 actual step time=8.196789e-01
 actual total time=8.196789e-01

 iteration 1

 Using up to 1 cpu(s) for the stress calculation.

 Using up to 1 cpu(s) for the symmetric stiffness/mass contributions.

 Factoring the system of equations using the symmetric spooles solver
 Using up to 1 cpu(s) for spooles.

 Using up to 1 cpu(s) for the stress calculation.

 average force= 0.000712
 time avg. forc= 0.000232
 largest residual force= 0.001305 in node 2322 and dof 1
 largest increment of disp= 7.612365e-05
 largest correction to disp= 6.613766e-06 in node 11483 and dof 1

 no convergence

 iteration 2

 Using up to 1 cpu(s) for the symmetric stiffness/mass contributions.

 Factoring the system of equations using the symmetric spooles solver
 Using up to 1 cpu(s) for spooles.

 Using up to 1 cpu(s) for the stress calculation.

 average force= 0.000712
 time avg. forc= 0.000232
 largest residual force= 0.001241 in node 2322 and dof 1
 largest increment of disp= 7.612365e-05
 largest correction to disp= 6.193674e-06 in node 11474 and dof 1

 no convergence

 iteration 3

 Using up to 1 cpu(s) for the symmetric stiffness/mass contributions.

 Factoring the system of equations using the symmetric spooles solver
 Using up to 1 cpu(s) for spooles.

 Using up to 1 cpu(s) for the stress calculation.

 average force= 0.000712
 time avg. forc= 0.000232
 largest residual force= 0.000003 in node 2323 and dof 1
 largest increment of disp= 7.612365e-05
 largest correction to disp= 2.890265e-07 in node 11498 and dof 1

 no convergence

 iteration 4

 Using up to 1 cpu(s) for the symmetric stiffness/mass contributions.

 Factoring the system of equations using the symmetric spooles solver
 Using up to 1 cpu(s) for spooles.

 Using up to 1 cpu(s) for the stress calculation.

 average force= 0.000712
 time avg. forc= 0.000232
 largest residual force= 0.000000 in node 2324 and dof 1
 largest increment of disp= 7.612365e-05
 largest correction to disp= 2.206625e-08 in node 11483 and dof 1

 convergence; the increment size is increased to 7.500000e-02

 the increment size exceeds the maximum allowed and is decreased to 5.000000e-02

 Using up to 1 cpu(s) for the stress calculation.

 increment 36 attempt 1 
 increment size= 5.000000e-02
 sum of previous increments=8.196789e-01
 actual step time=8.696789e-01
 actual total time=8.696789e-01

 iteration 1

 Using up to 1 cpu(s) for the stress calculation.

 Using up to 1 cpu(s) for the symmetric stiffness/mass contributions.

 Factoring the system of equations using the symmetric spooles solver
 Using up to 1 cpu(s) for spooles.

 Using up to 1 cpu(s) for the stress calculation.

 average force= 0.000744
 time avg. forc= 0.000246
 largest residual force= 0.004589 in node 2322 and dof 1
 largest increment of disp= 7.607630e-05
 largest correction to disp= 1.182924e-05 in node 11474 and dof 1

 no convergence

 iteration 2

 Using up to 1 cpu(s) for the symmetric stiffness/mass contributions.

 Factoring the system of equations using the symmetric spooles solver
 Using up to 1 cpu(s) for spooles.

 Using up to 1 cpu(s) for the stress calculation.

 average force= 0.000744
 time avg. forc= 0.000246
 largest residual force= 0.011297 in node 2322 and dof 1
 largest increment of disp= 7.607630e-05
 largest correction to disp= 1.963829e-05 in node 11474 and dof 1

 no convergence

 iteration 3

 Using up to 1 cpu(s) for the symmetric stiffness/mass contributions.

 Factoring the system of equations using the symmetric spooles solver
 Using up to 1 cpu(s) for spooles.

 Using up to 1 cpu(s) for the stress calculation.

 average force= 0.000744
 time avg. forc= 0.000246
 largest residual force= 0.015011 in node 2324 and dof 1
 largest increment of disp= 7.607630e-05
 largest correction to disp= 2.258932e-05 in node 11483 and dof 1

 no convergence

 iteration 4

 Using up to 1 cpu(s) for the symmetric stiffness/mass contributions.

 Factoring the system of equations using the symmetric spooles solver
 Using up to 1 cpu(s) for spooles.

 Using up to 1 cpu(s) for the stress calculation.

 average force= 0.000777
 time avg. forc= 0.000247
 largest residual force= 0.107540 in node 2322 and dof 1
 largest increment of disp= 7.607630e-05
 largest correction to disp= 6.191047e-05 in node 11474 and dof 1

 divergence; the increment size is decreased to 1.250000e-02
 the increment is reattempted

 increment 36 attempt 2 
 increment size= 1.250000e-02
 sum of previous increments=8.196789e-01
 actual step time=8.321789e-01
 actual total time=8.321789e-01

 iteration 1

 Using up to 1 cpu(s) for the stress calculation.

 Using up to 1 cpu(s) for the symmetric stiffness/mass contributions.

 Factoring the system of equations using the symmetric spooles solver
 Using up to 1 cpu(s) for spooles.

 Using up to 1 cpu(s) for the stress calculation.

 average force= 0.000720
 time avg. forc= 0.000245
 largest residual force= 0.000001 in node 2368 and dof 2
 largest increment of disp= 1.901907e-05
 largest correction to disp= 2.934867e-07 in node 14091 and dof 1

 no convergence

 iteration 2

 Using up to 1 cpu(s) for the symmetric stiffness/mass contributions.

 Factoring the system of equations using the symmetric spooles solver
 Using up to 1 cpu(s) for spooles.

 Using up to 1 cpu(s) for the stress calculation.

 average force= 0.000720
 time avg. forc= 0.000245
 largest residual force= 0.000000 in node 2316 and dof 1
 largest increment of disp= 1.901907e-05
 largest correction to disp= 2.016606e-08 in node 11465 and dof 1

 convergence

 increment 37 attempt 1 
 increment size= 1.250000e-02
 sum of previous increments=8.321789e-01
 actual step time=8.446789e-01
 actual total time=8.446789e-01

 iteration 1

 Using up to 1 cpu(s) for the stress calculation.

 Using up to 1 cpu(s) for the symmetric stiffness/mass contributions.

 Factoring the system of equations using the symmetric spooles solver
 Using up to 1 cpu(s) for spooles.

 Using up to 1 cpu(s) for the stress calculation.

 average force= 0.000728
 time avg. forc= 0.000258
 largest residual force= 0.000000 in node 2368 and dof 2
 largest increment of disp= 1.900914e-05
 largest correction to disp= 1.048791e-07 in node 14091 and dof 1

 no convergence

 iteration 2

 Using up to 1 cpu(s) for the symmetric stiffness/mass contributions.

 Factoring the system of equations using the symmetric spooles solver
 Using up to 1 cpu(s) for spooles.

 Using up to 1 cpu(s) for the stress calculation.

 average force= 0.000728
 time avg. forc= 0.000258
 largest residual force= 0.000000 in node 2316 and dof 1
 largest increment of disp= 1.900914e-05
 largest correction to disp= 3.407162e-09 in node 11456 and dof 1

 convergence; the increment size is increased to 1.875000e-02

 increment 38 attempt 1 
 increment size= 1.875000e-02
 sum of previous increments=8.446789e-01
 actual step time=8.634289e-01
 actual total time=8.634289e-01

 iteration 1

 Using up to 1 cpu(s) for the stress calculation.

 Using up to 1 cpu(s) for the symmetric stiffness/mass contributions.

 Factoring the system of equations using the symmetric spooles solver
 Using up to 1 cpu(s) for spooles.

 Using up to 1 cpu(s) for the stress calculation.

 average force= 0.000740
 time avg. forc= 0.000271
 largest residual force= 0.000000 in node 2368 and dof 2
 largest increment of disp= 2.850630e-05
 largest correction to disp= 1.918170e-07 in node 13113 and dof 1

 no convergence

 iteration 2

 Using up to 1 cpu(s) for the symmetric stiffness/mass contributions.

 Factoring the system of equations using the symmetric spooles solver
 Using up to 1 cpu(s) for spooles.

 Using up to 1 cpu(s) for the stress calculation.

 average force= 0.000740
 time avg. forc= 0.000271
 largest residual force= 0.000000 in node 2318 and dof 1
 largest increment of disp= 2.850630e-05
 largest correction to disp= 1.331845e-08 in node 11465 and dof 1

 convergence; the increment size is increased to 2.812500e-02

 increment 39 attempt 1 
 increment size= 2.812500e-02
 sum of previous increments=8.634289e-01
 actual step time=8.915539e-01
 actual total time=8.915539e-01

 iteration 1

 Using up to 1 cpu(s) for the stress calculation.

 Using up to 1 cpu(s) for the symmetric stiffness/mass contributions.

 Factoring the system of equations using the symmetric spooles solver
 Using up to 1 cpu(s) for spooles.

 Using up to 1 cpu(s) for the stress calculation.

 average force= 0.000758
 time avg. forc= 0.000284
 largest residual force= 0.000004 in node 2307 and dof 1
 largest increment of disp= 4.274340e-05
 largest correction to disp= 4.288214e-07 in node 13122 and dof 1

 no convergence

 iteration 2

 Using up to 1 cpu(s) for the symmetric stiffness/mass contributions.

 Factoring the system of equations using the symmetric spooles solver
 Using up to 1 cpu(s) for spooles.

 Using up to 1 cpu(s) for the stress calculation.

 average force= 0.000758
 time avg. forc= 0.000284
 largest residual force= 0.000000 in node 2312 and dof 1
 largest increment of disp= 4.274340e-05
 largest correction to disp= 8.412202e-08 in node 11456 and dof 1

 convergence; the increment size is increased to 4.218750e-02

 increment 40 attempt 1 
 increment size= 4.218750e-02
 sum of previous increments=8.915539e-01
 actual step time=9.337414e-01
 actual total time=9.337414e-01

 iteration 1

 Using up to 1 cpu(s) for the stress calculation.

 Using up to 1 cpu(s) for the symmetric stiffness/mass contributions.

 Factoring the system of equations using the symmetric spooles solver
 Using up to 1 cpu(s) for spooles.

 Using up to 1 cpu(s) for the stress calculation.

 average force= 0.000785
 time avg. forc= 0.000296
 largest residual force= 0.000057 in node 2324 and dof 1
 largest increment of disp= 6.407025e-05
 largest correction to disp= 1.203653e-06 in node 11435 and dof 1

 no convergence

 iteration 2

 Using up to 1 cpu(s) for the symmetric stiffness/mass contributions.

 Factoring the system of equations using the symmetric spooles solver
 Using up to 1 cpu(s) for spooles.

 Using up to 1 cpu(s) for the stress calculation.

 average force= 0.000785
 time avg. forc= 0.000296
 largest residual force= 0.000016 in node 2307 and dof 1
 largest increment of disp= 6.407025e-05
 largest correction to disp= 7.467332e-07 in node 11456 and dof 1

 no convergence

 iteration 3

 Using up to 1 cpu(s) for the symmetric stiffness/mass contributions.

 Factoring the system of equations using the symmetric spooles solver
 Using up to 1 cpu(s) for spooles.

 Using up to 1 cpu(s) for the stress calculation.

 average force= 0.000785
 time avg. forc= 0.000296
 largest residual force= 0.000000 in node 2322 and dof 1
 largest increment of disp= 6.407025e-05
 largest correction to disp= 4.926234e-09 in node 11492 and dof 1

 convergence; the increment size is increased to 6.328125e-02

 the increment size exceeds the maximum allowed and is decreased to 5.000000e-02

 Using up to 1 cpu(s) for the stress calculation.

 increment 41 attempt 1 
 increment size= 5.000000e-02
 sum of previous increments=9.337414e-01
 actual step time=9.837414e-01
 actual total time=9.837414e-01

 iteration 1

 Using up to 1 cpu(s) for the stress calculation.

 Using up to 1 cpu(s) for the symmetric stiffness/mass contributions.

 Factoring the system of equations using the symmetric spooles solver
 Using up to 1 cpu(s) for spooles.

 Using up to 1 cpu(s) for the stress calculation.

 average force= 0.000816
 time avg. forc= 0.000309
 largest residual force= 0.001702 in node 2324 and dof 1
 largest increment of disp= 7.593403e-05
 largest correction to disp= 7.004643e-06 in node 11492 and dof 1

 no convergence

 iteration 2

 Using up to 1 cpu(s) for the symmetric stiffness/mass contributions.

 Factoring the system of equations using the symmetric spooles solver
 Using up to 1 cpu(s) for spooles.

 Using up to 1 cpu(s) for the stress calculation.

 average force= 0.000816
 time avg. forc= 0.000309
 largest residual force= 0.000940 in node 2318 and dof 1
 largest increment of disp= 7.593403e-05
 largest correction to disp= 6.182472e-06 in node 11465 and dof 1

 no convergence

 iteration 3

 Using up to 1 cpu(s) for the symmetric stiffness/mass contributions.

 Factoring the system of equations using the symmetric spooles solver
 Using up to 1 cpu(s) for spooles.

 Using up to 1 cpu(s) for the stress calculation.

 average force= 0.000816
 time avg. forc= 0.000309
 largest residual force= 0.000015 in node 2324 and dof 1
 largest increment of disp= 7.593403e-05
 largest correction to disp= 7.503968e-07 in node 11483 and dof 1

 no convergence

 iteration 4

 Using up to 1 cpu(s) for the symmetric stiffness/mass contributions.

 Factoring the system of equations using the symmetric spooles solver
 Using up to 1 cpu(s) for spooles.

 Using up to 1 cpu(s) for the stress calculation.

 average force= 0.000816
 time avg. forc= 0.000309
 largest residual force= 0.000000 in node 2322 and dof 1
 largest increment of disp= 7.593403e-05
 largest correction to disp= 5.066568e-08 in node 11474 and dof 1

 convergence; the increment size is increased to 7.500000e-02

 the increment size exceeds the maximum allowed and is decreased to 5.000000e-02

 the increment size exceeds the remainder of the step and is decreased to 1.625860e-02

 increment 42 attempt 1 
 increment size= 1.625860e-02
 sum of previous increments=9.837414e-01
 actual step time=1.000000e+00
 actual total time=1.000000e+00

 iteration 1

 Using up to 1 cpu(s) for the stress calculation.

 Using up to 1 cpu(s) for the symmetric stiffness/mass contributions.

 Factoring the system of equations using the symmetric spooles solver
 Using up to 1 cpu(s) for spooles.

 Using up to 1 cpu(s) for the stress calculation.

 average force= 0.000826
 time avg. forc= 0.000321
 largest residual force= 0.000110 in node 2322 and dof 1
 largest increment of disp= 2.471598e-05
 largest correction to disp= 1.716345e-06 in node 11465 and dof 2

 no convergence

 iteration 2

 Using up to 1 cpu(s) for the symmetric stiffness/mass contributions.

 Factoring the system of equations using the symmetric spooles solver
 Using up to 1 cpu(s) for spooles.

 Using up to 1 cpu(s) for the stress calculation.

 average force= 0.000826
 time avg. forc= 0.000321
 largest residual force= 0.000009 in node 2303 and dof 1
 largest increment of disp= 2.471598e-05
 largest correction to disp= 5.790176e-07 in node 9524 and dof 2

 no convergence

 iteration 3

 Using up to 1 cpu(s) for the symmetric stiffness/mass contributions.

 Factoring the system of equations using the symmetric spooles solver
 Using up to 1 cpu(s) for spooles.

 Using up to 1 cpu(s) for the stress calculation.

 average force= 0.000826
 time avg. forc= 0.000321
 largest residual force= 0.000000 in node 2318 and dof 1
 largest increment of disp= 2.471598e-05
 largest correction to disp= 3.392972e-09 in node 11465 and dof 2

 convergence; the increment size is increased to 2.438790e-02

 the increment size exceeds the remainder of the step and is decreased to 0.000000e+00

 Using up to 1 cpu(s) for the stress calculation.


 Job finished

________________________________________

Total CalculiX Time: 385.206342
________________________________________
=== on-caso-2 (CCX): ccx2paraview nao encontrado dentro do container ===
    (esperado - rode 'cd cases/on-caso-2/ccx && /tmp/ccx2pv/bin/ccx2paraview on-caso-2.frd vtu' no HOST)

=== Concluido. Arquivos de saida: ===
  on-caso-2.frd  - campos CalculiX (cgx -c se disponivel)
  on-caso-2.pvd  - ParaView Data (abre direto no ParaView)
  on-caso-2.dat  - totais RF no engaste posterior (curva F_z(Dz))
  on-caso-2.sta  - status de convergencia por incremento Riks

Analise: python3 ../../../brunaStuff/analyze_on-caso-2_ccx.py
