 Container myopenfoam-fsi-run-9f31cb648cc3 Creating 
 Container myopenfoam-fsi-run-9f31cb648cc3 Created 
=== on-caso-2 (CCX): polyMesh -> CalculiX .inp ===
[1/5] Lendo polyMesh em ../solid/constant/polyMesh
      nodes=3493, faces=8940, cells=2736, patches=12, zones=['on', 'pia', 'dura', 'lc', 'sclera_peri', 'sclera_ring', 'globo']
[2/5] Reconstruindo conectividade C3D8 (2736 celulas)
      OK
[3/5] Escrevendo malha em on-caso-2_mesh.inp
[4/5] Escrevendo Winkler em on-caso-2_winkler.inp
[5/5] Concluido. Total: 3493 nodes, 2736 hex C3D8I.
=== on-caso-2 (CCX): solver ccx_preCICE -i on-caso-2 ===

************************************************************

CalculiX Version 2.20, Copyright(C) 1998-2022 Guido Dhondt
CalculiX comes with ABSOLUTELY NO WARRANTY. This is free
software, and you are welcome to redistribute it under
certain conditions, see gpl.htm

************************************************************

You are using an executable made on Sun Jul 31 18:08:37 CEST 2022

  The numbers below are estimated upper bounds

  number of:

   nodes:        11950
   elements:         2985
   one-dimensional elements:            0
   two-dimensional elements:            0
   integration points per element:            8
   degrees of freedom per node:            3
   layers per element:            1

   distributed facial loads:          488
   distributed volumetric loads:            0
   concentrated loads:            0
   single point constraints:         2625
   multiple point constraints:            1
   terms in all multiple point constraints:            1
   tie constraints:            0
   dependent nodes tied by cyclic constraints:            0
   dependent nodes in pre-tension constraints:            0

   sets:          282
   terms in all sets:        13402

   materials:          256
   constants per material and temperature:            2
   temperature points per material:            1
   plastic data points per material:            0

   orientations:            0
   amplitudes:            7
   data points in all amplitudes:           10
   print requests:           10
   transformations:            0
   property cards:            0

 *INFO reading *HYPERELASTIC: nonlinear geometric
       effects are turned on

 *INFO reading *HYPERELASTIC: nonlinear geometric
       effects are turned on

 *INFO reading *HYPERELASTIC: nonlinear geometric
       effects are turned on

 *INFO reading *HYPERELASTIC: nonlinear geometric
       effects are turned on

 *INFO reading *HYPERELASTIC: nonlinear geometric
       effects are turned on

 *INFO reading *HYPERELASTIC: nonlinear geometric
       effects are turned on

 *INFO reading *HYPERELASTIC: nonlinear geometric
       effects are turned on

 *INFO reading *STEP: nonlinear geometric
       effects are turned on

 *WARNING reading *STATIC: parameter not recognized:
          RIKS
 *WARNING reading *STATIC. Card image:
          *STATIC,RIKS


 STEP            1

 Static analysis was selected

 Nonlinear material laws are taken into account

 Newton-Raphson iterative procedure is active

 Nonlinear geometric effects are taken into account

 Decascading the MPC's

 Determining the structure of the matrix:
 Using up to 1 cpu(s) for setting up the structure of the matrix.
 number of equations
 33658
 number of nonzero lower triangular matrix elements
 942318

 increment 1 attempt 1 
 increment size= 5.000000e-02
 sum of previous increments=0.000000e+00
 actual step time=5.000000e-02
 actual total time=5.000000e-02

 iteration 1

 Using up to 1 cpu(s) for the stress calculation.

 Using up to 1 cpu(s) for the symmetric stiffness/mass contributions.

 Factoring the system of equations using the symmetric spooles solver
 Using up to 1 cpu(s) for spooles.

 Using up to 1 cpu(s) for the stress calculation.

 average force= 0.000009
 time avg. forc= 0.000009
 largest residual force= 0.000009 in node 2169 and dof 2
 largest increment of disp= 2.351115e-06
 largest correction to disp= 2.351115e-06 in node 2475 and dof 3

 no convergence

 iteration 2

 Using up to 1 cpu(s) for the symmetric stiffness/mass contributions.

 Factoring the system of equations using the symmetric spooles solver
 Using up to 1 cpu(s) for spooles.

 Using up to 1 cpu(s) for the stress calculation.

 average force= 0.000009
 time avg. forc= 0.000009
 largest residual force= 0.000000 in node 1982 and dof 1
 largest increment of disp= 2.351115e-06
 largest correction to disp= 1.617792e-07 in node 1976 and dof 1

 convergence

 increment 2 attempt 1 
 increment size= 5.000000e-02
 sum of previous increments=5.000000e-02
 actual step time=1.000000e-01
 actual total time=1.000000e-01

 iteration 1

 Using up to 1 cpu(s) for the stress calculation.

 Using up to 1 cpu(s) for the symmetric stiffness/mass contributions.

 Factoring the system of equations using the symmetric spooles solver
 Using up to 1 cpu(s) for spooles.

 Using up to 1 cpu(s) for the stress calculation.

 average force= 0.000019
 time avg. forc= 0.000014
 largest residual force= 0.000000 in node 1991 and dof 1
 largest increment of disp= 2.260299e-06
 largest correction to disp= 1.449583e-07 in node 2060 and dof 3

 no convergence

 iteration 2

 Using up to 1 cpu(s) for the symmetric stiffness/mass contributions.

 Factoring the system of equations using the symmetric spooles solver
 Using up to 1 cpu(s) for spooles.

 Using up to 1 cpu(s) for the stress calculation.

 average force= 0.000019
 time avg. forc= 0.000014
 largest residual force= 0.000000 in node 1991 and dof 1
 largest increment of disp= 2.260299e-06
 largest correction to disp= 2.761698e-09 in node 1997 and dof 1

 convergence; the increment size is increased to 7.500000e-02

 increment 3 attempt 1 
 increment size= 7.500000e-02
 sum of previous increments=1.000000e-01
 actual step time=1.750000e-01
 actual total time=1.750000e-01

 iteration 1

 Using up to 1 cpu(s) for the stress calculation.

 Using up to 1 cpu(s) for the symmetric stiffness/mass contributions.

 Factoring the system of equations using the symmetric spooles solver
 Using up to 1 cpu(s) for spooles.

 Using up to 1 cpu(s) for the stress calculation.

 average force= 0.000032
 time avg. forc= 0.000020
 largest residual force= 0.000000 in node 1949 and dof 1
 largest increment of disp= 3.191142e-06
 largest correction to disp= 5.608431e-08 in node 1954 and dof 1

 no convergence

 iteration 2

 Using up to 1 cpu(s) for the symmetric stiffness/mass contributions.

 Factoring the system of equations using the symmetric spooles solver
 Using up to 1 cpu(s) for spooles.

 Using up to 1 cpu(s) for the stress calculation.

 average force= 0.000032
 time avg. forc= 0.000020
 largest residual force= 0.000000 in node 1961 and dof 1
 largest increment of disp= 3.191142e-06
 largest correction to disp= 2.241840e-09 in node 1954 and dof 1

 convergence; the increment size is increased to 1.125000e-01

 increment 4 attempt 1 
 increment size= 1.125000e-01
 sum of previous increments=1.750000e-01
 actual step time=2.875000e-01
 actual total time=2.875000e-01

 iteration 1

 Using up to 1 cpu(s) for the stress calculation.

 Using up to 1 cpu(s) for the symmetric stiffness/mass contributions.

 Factoring the system of equations using the symmetric spooles solver
 Using up to 1 cpu(s) for spooles.

 Using up to 1 cpu(s) for the stress calculation.

 average force= 0.000053
 time avg. forc= 0.000028
 largest residual force= 0.000000 in node 1991 and dof 1
 largest increment of disp= 4.777218e-06
 largest correction to disp= 7.718679e-08 in node 6684 and dof 1

 no convergence

 iteration 2

 Using up to 1 cpu(s) for the symmetric stiffness/mass contributions.

 Factoring the system of equations using the symmetric spooles solver
 Using up to 1 cpu(s) for spooles.

 Using up to 1 cpu(s) for the stress calculation.

 average force= 0.000053
 time avg. forc= 0.000028
 largest residual force= 0.000000 in node 2003 and dof 1
 largest increment of disp= 4.777218e-06
 largest correction to disp= 3.624064e-09 in node 1996 and dof 1

 convergence; the increment size is increased to 1.687500e-01

 increment 5 attempt 1 
 increment size= 1.687500e-01
 sum of previous increments=2.875000e-01
 actual step time=4.562500e-01
 actual total time=4.562500e-01

 iteration 1

 Using up to 1 cpu(s) for the stress calculation.

 Using up to 1 cpu(s) for the symmetric stiffness/mass contributions.

 Factoring the system of equations using the symmetric spooles solver
 Using up to 1 cpu(s) for spooles.

 Using up to 1 cpu(s) for the stress calculation.

 average force= 0.000085
 time avg. forc= 0.000040
 largest residual force= 0.000000 in node 1982 and dof 1
 largest increment of disp= 7.162888e-06
 largest correction to disp= 6.923360e-07 in node 6684 and dof 1

 no convergence

 iteration 2

 Using up to 1 cpu(s) for the symmetric stiffness/mass contributions.

 Factoring the system of equations using the symmetric spooles solver
 Using up to 1 cpu(s) for spooles.

 Using up to 1 cpu(s) for the stress calculation.

 average force= 0.000085
 time avg. forc= 0.000040
 largest residual force= 0.000000 in node 1970 and dof 1
 largest increment of disp= 7.162888e-06
 largest correction to disp= 9.220722e-09 in node 1976 and dof 1

 convergence; the increment size is increased to 2.531250e-01

 the increment size exceeds the maximum allowed and is decreased to 2.000000e-01

 increment 6 attempt 1 
 increment size= 2.000000e-01
 sum of previous increments=4.562500e-01
 actual step time=6.562500e-01
 actual total time=6.562500e-01

 iteration 1

 Using up to 1 cpu(s) for the stress calculation.

 Using up to 1 cpu(s) for the symmetric stiffness/mass contributions.

 Factoring the system of equations using the symmetric spooles solver
 Using up to 1 cpu(s) for spooles.

 Using up to 1 cpu(s) for the stress calculation.

 average force= 0.000122
 time avg. forc= 0.000053
 largest residual force= 0.000000 in node 1795 and dof 1
 largest increment of disp= 8.473607e-06
 largest correction to disp= 9.419795e-07 in node 6624 and dof 1

 no convergence

 iteration 2

 Using up to 1 cpu(s) for the symmetric stiffness/mass contributions.

 Factoring the system of equations using the symmetric spooles solver
 Using up to 1 cpu(s) for spooles.

 Using up to 1 cpu(s) for the stress calculation.

 average force= 0.000122
 time avg. forc= 0.000053
 largest residual force= 0.000000 in node 1982 and dof 1
 largest increment of disp= 8.473607e-06
 largest correction to disp= 1.046367e-08 in node 1975 and dof 1

 convergence; the increment size is increased to 3.000000e-01

 the increment size exceeds the maximum allowed and is decreased to 2.000000e-01

 increment 7 attempt 1 
 increment size= 2.000000e-01
 sum of previous increments=6.562500e-01
 actual step time=8.562500e-01
 actual total time=8.562500e-01

 iteration 1

 Using up to 1 cpu(s) for the stress calculation.

 Using up to 1 cpu(s) for the symmetric stiffness/mass contributions.

 Factoring the system of equations using the symmetric spooles solver
 Using up to 1 cpu(s) for spooles.

 Using up to 1 cpu(s) for the stress calculation.

 average force= 0.000158
 time avg. forc= 0.000068
 largest residual force= 0.000000 in node 1789 and dof 1
 largest increment of disp= 8.448680e-06
 largest correction to disp= 8.074666e-07 in node 5826 and dof 2

 no convergence

 iteration 2

 Using up to 1 cpu(s) for the symmetric stiffness/mass contributions.

 Factoring the system of equations using the symmetric spooles solver
 Using up to 1 cpu(s) for spooles.

 Using up to 1 cpu(s) for the stress calculation.

 average force= 0.000158
 time avg. forc= 0.000068
 largest residual force= 0.000000 in node 1970 and dof 1
 largest increment of disp= 8.448680e-06
 largest correction to disp= 7.325333e-09 in node 1975 and dof 1

 convergence; the increment size is increased to 3.000000e-01

 the increment size exceeds the maximum allowed and is decreased to 2.000000e-01

 the increment size exceeds the remainder of the step and is decreased to 1.437500e-01

 increment 8 attempt 1 
 increment size= 1.437500e-01
 sum of previous increments=8.562500e-01
 actual step time=1.000000e+00
 actual total time=1.000000e+00

 iteration 1

 Using up to 1 cpu(s) for the stress calculation.

 Using up to 1 cpu(s) for the symmetric stiffness/mass contributions.

 Factoring the system of equations using the symmetric spooles solver
 Using up to 1 cpu(s) for spooles.

 Using up to 1 cpu(s) for the stress calculation.

 average force= 0.000185
 time avg. forc= 0.000083
 largest residual force= 0.000004 in node 1662 and dof 1
 largest increment of disp= 6.051946e-06
 largest correction to disp= 4.575941e-06 in node 7260 and dof 2

 no convergence

 iteration 2

 Using up to 1 cpu(s) for the symmetric stiffness/mass contributions.

 Factoring the system of equations using the symmetric spooles solver
 Using up to 1 cpu(s) for spooles.

 Using up to 1 cpu(s) for the stress calculation.

 average force= 0.000185
 time avg. forc= 0.000083
 largest residual force= 0.000000 in node 1970 and dof 1
 largest increment of disp= 6.051946e-06
 largest correction to disp= 1.989497e-08 in node 5244 and dof 1

 convergence; the increment size is increased to 2.156250e-01

 the increment size exceeds the maximum allowed and is decreased to 2.000000e-01

 the increment size exceeds the remainder of the step and is decreased to 0.000000e+00

 Using up to 1 cpu(s) for the stress calculation.

 *INFO reading *STEP: nonlinear geometric
       effects are turned on

 *WARNING reading *STATIC: parameter not recognized:
          RIKS
 *WARNING reading *STATIC. Card image:
          *STATIC,RIKS


 STEP            2

 Static analysis was selected

 Nonlinear material laws are taken into account

 Newton-Raphson iterative procedure is active

 Nonlinear geometric effects are taken into account

 Determining the structure of the matrix:
 Using up to 1 cpu(s) for setting up the structure of the matrix.
 number of equations
 33297
 number of nonzero lower triangular matrix elements
 918879

 increment 1 attempt 1 
 increment size= 1.000000e-02
 sum of previous increments=0.000000e+00
 actual step time=1.000000e-02
 actual total time=1.010000e+00

 iteration 1

 Using up to 1 cpu(s) for the stress calculation.

 Using up to 1 cpu(s) for the symmetric stiffness/mass contributions.

 Factoring the system of equations using the symmetric spooles solver
 Using up to 1 cpu(s) for spooles.

 Using up to 1 cpu(s) for the stress calculation.

 average force= 0.014991
 time avg. forc= 0.014991
 largest residual force= 9.040333 in node 1982 and dof 1
 largest increment of disp= 6.536692e-04
 largest correction to disp= 6.536692e-04 in node 1976 and dof 1

 no convergence

 iteration 2

 Using up to 1 cpu(s) for the symmetric stiffness/mass contributions.

 Factoring the system of equations using the symmetric spooles solver
 Using up to 1 cpu(s) for spooles.

 Using up to 1 cpu(s) for the stress calculation.

 average force= 0.021607
 time avg. forc= 0.021607
 largest residual force= 11.482316 in node 2006 and dof 1
 largest increment of disp= 2.054314e-03
 largest correction to disp= 2.054314e-03 in node 4971 and dof 1

 no convergence

 iteration 3

 Using up to 1 cpu(s) for the symmetric stiffness/mass contributions.

 Factoring the system of equations using the symmetric spooles solver
 Using up to 1 cpu(s) for spooles.

 Using up to 1 cpu(s) for the stress calculation.

 average force= 38.111718
 time avg. forc= 38.111718
 largest residual force= 95447.317794 in node 4196 and dof 3
 largest increment of disp= 1.329369e-02
 largest correction to disp= 1.329369e-02 in node 4362 and dof 2

 no convergence

 iteration 4

 Using up to 1 cpu(s) for the symmetric stiffness/mass contributions.

 Factoring the system of equations using the symmetric spooles solver
 Using up to 1 cpu(s) for spooles.

 Using up to 1 cpu(s) for the stress calculation.

 average force= 444723148303124.437500
 time avg. forc= 444723148303124.437500
 largest residual force= 5951775644676449280.000000 in node 10022 and dof 2
 largest increment of disp= 3.720744e+00
 largest correction to disp= 3.720744e+00 in node 6243 and dof 1

 divergence; the increment size is decreased to 2.500000e-03
 the increment is reattempted

 increment 1 attempt 2 
 increment size= 2.500000e-03
 sum of previous increments=0.000000e+00
 actual step time=2.500000e-03
 actual total time=1.002500e+00

 iteration 1

 Using up to 1 cpu(s) for the stress calculation.

 Using up to 1 cpu(s) for the symmetric stiffness/mass contributions.

 Factoring the system of equations using the symmetric spooles solver
 Using up to 1 cpu(s) for spooles.

 Using up to 1 cpu(s) for the stress calculation.

 average force= 0.015144
 time avg. forc= 0.015144
 largest residual force= 9.142595 in node 1982 and dof 1
 largest increment of disp= 6.573585e-04
 largest correction to disp= 6.573585e-04 in node 1976 and dof 1

 no convergence

 iteration 2

 Using up to 1 cpu(s) for the symmetric stiffness/mass contributions.

 Factoring the system of equations using the symmetric spooles solver
 Using up to 1 cpu(s) for spooles.

 Using up to 1 cpu(s) for the stress calculation.

 average force= 0.016244
 time avg. forc= 0.016244
 largest residual force= 19.747514 in node 1956 and dof 2
 largest increment of disp= 6.573585e-04
 largest correction to disp= 4.206583e-04 in node 2024 and dof 3

 no convergence

 iteration 3

 Using up to 1 cpu(s) for the symmetric stiffness/mass contributions.

 Factoring the system of equations using the symmetric spooles solver
 Using up to 1 cpu(s) for spooles.

 Using up to 1 cpu(s) for the stress calculation.

 average force= 46.711752
 time avg. forc= 46.711752
 largest residual force= 166579.412993 in node 1954 and dof 2
 largest increment of disp= 9.397628e-03
 largest correction to disp= 9.397628e-03 in node 8552 and dof 1

 no convergence

 iteration 4

 Using up to 1 cpu(s) for the symmetric stiffness/mass contributions.

 Factoring the system of equations using the symmetric spooles solver
 Using up to 1 cpu(s) for spooles.

 Using up to 1 cpu(s) for the stress calculation.

 average force= 43044342.411250
 time avg. forc= 43044342.411250
 largest residual force= 347774545899.793579 in node 10783 and dof 3
 largest increment of disp= 1.234631e-01
 largest correction to disp= 1.234631e-01 in node 9762 and dof 1

 divergence; the increment size is decreased to 6.250000e-04
 the increment is reattempted

 increment 1 attempt 3 
 increment size= 6.250000e-04
 sum of previous increments=0.000000e+00
 actual step time=6.250000e-04
 actual total time=1.000625e+00

 iteration 1

 Using up to 1 cpu(s) for the stress calculation.

 Using up to 1 cpu(s) for the symmetric stiffness/mass contributions.

 Factoring the system of equations using the symmetric spooles solver
 Using up to 1 cpu(s) for spooles.

 Using up to 1 cpu(s) for the stress calculation.

 average force= 0.015182
 time avg. forc= 0.015182
 largest residual force= 9.168264 in node 1982 and dof 1
 largest increment of disp= 6.582809e-04
 largest correction to disp= 6.582809e-04 in node 1976 and dof 1

 no convergence

 iteration 2

 Using up to 1 cpu(s) for the symmetric stiffness/mass contributions.

 Factoring the system of equations using the symmetric spooles solver
 Using up to 1 cpu(s) for spooles.

 Using up to 1 cpu(s) for the stress calculation.

 average force= 18.173027
 time avg. forc= 18.173027
 largest residual force= 277885.936131 in node 8583 and dof 2
 largest increment of disp= 2.256681e-03
 largest correction to disp= 2.256681e-03 in node 8540 and dof 2

 no convergence

 iteration 3

 Using up to 1 cpu(s) for the symmetric stiffness/mass contributions.

 Factoring the system of equations using the symmetric spooles solver
 Using up to 1 cpu(s) for spooles.

 Using up to 1 cpu(s) for the stress calculation.

 average force= 1099296198.733250
 time avg. forc= 1099296198.733250
 largest residual force= 12782154649995.146484 in node 9663 and dof 2
 largest increment of disp= 4.062432e-01
 largest correction to disp= 4.062432e-01 in node 9662 and dof 1

 no convergence

 iteration 4

 Using up to 1 cpu(s) for the symmetric stiffness/mass contributions.

 Factoring the system of equations using the symmetric spooles solver
 Using up to 1 cpu(s) for spooles.

 Using up to 1 cpu(s) for the stress calculation.

 average force= 5739810259614243840.000000
 time avg. forc= 5739810259614243840.000000
 largest residual force= 37407698331448694013952.000000 in node 7281 and dof 2
 largest increment of disp= 6.911076e+01
 largest correction to disp= 6.911076e+01 in node 6255 and dof 2

 divergence; the increment size is decreased to 1.562500e-04
 the increment is reattempted

 increment 1 attempt 4 
 increment size= 1.562500e-04
 sum of previous increments=0.000000e+00
 actual step time=1.562500e-04
 actual total time=1.000156e+00

 iteration 1

 Using up to 1 cpu(s) for the stress calculation.

 Using up to 1 cpu(s) for the symmetric stiffness/mass contributions.

 Factoring the system of equations using the symmetric spooles solver
 Using up to 1 cpu(s) for spooles.

 Using up to 1 cpu(s) for the stress calculation.

 average force= 0.015192
 time avg. forc= 0.015192
 largest residual force= 9.174688 in node 1982 and dof 1
 largest increment of disp= 6.585115e-04
 largest correction to disp= 6.585115e-04 in node 1976 and dof 1

 no convergence

 iteration 2

 Using up to 1 cpu(s) for the symmetric stiffness/mass contributions.

 Factoring the system of equations using the symmetric spooles solver
 Using up to 1 cpu(s) for spooles.

 Using up to 1 cpu(s) for the stress calculation.

 average force= 0.776292
 time avg. forc= 0.776292
 largest residual force= 16857.432004 in node 8595 and dof 1
 largest increment of disp= 1.068837e-03
 largest correction to disp= 1.068837e-03 in node 8540 and dof 2

 no convergence

 iteration 3

 Using up to 1 cpu(s) for the symmetric stiffness/mass contributions.

 Factoring the system of equations using the symmetric spooles solver
 Using up to 1 cpu(s) for spooles.

 Using up to 1 cpu(s) for the stress calculation.

 average force= 262927.829793
 time avg. forc= 262927.829793
 largest residual force= 1525621311.935630 in node 1906 and dof 1
 largest increment of disp= 5.704721e-02
 largest correction to disp= 5.704721e-02 in node 8496 and dof 2

 no convergence

 iteration 4

 Using up to 1 cpu(s) for the symmetric stiffness/mass contributions.

 Factoring the system of equations using the symmetric spooles solver
 Using up to 1 cpu(s) for spooles.

 Using up to 1 cpu(s) for the stress calculation.

 average force= 4088521002405.080566
 time avg. forc= 4088521002405.080566
 largest residual force= 29544895636562032.000000 in node 10728 and dof 3
 largest increment of disp= 5.174771e-01
 largest correction to disp= 5.174771e-01 in node 9140 and dof 1

 divergence; the increment size is decreased to 3.906250e-05
 the increment is reattempted

 increment 1 attempt 5 
 increment size= 3.906250e-05
 sum of previous increments=0.000000e+00
 actual step time=3.906250e-05
 actual total time=1.000039e+00

 iteration 1

 Using up to 1 cpu(s) for the stress calculation.

 Using up to 1 cpu(s) for the symmetric stiffness/mass contributions.

 Factoring the system of equations using the symmetric spooles solver
 Using up to 1 cpu(s) for spooles.

 Using up to 1 cpu(s) for the stress calculation.

 average force= 0.015194
 time avg. forc= 0.015194
 largest residual force= 9.176295 in node 1982 and dof 1
 largest increment of disp= 6.585691e-04
 largest correction to disp= 6.585691e-04 in node 1976 and dof 1

 no convergence

 iteration 2

 Using up to 1 cpu(s) for the symmetric stiffness/mass contributions.

 Factoring the system of equations using the symmetric spooles solver
 Using up to 1 cpu(s) for spooles.

 Using up to 1 cpu(s) for the stress calculation.

 average force= 0.065178
 time avg. forc= 0.065178
 largest residual force= 283.914694 in node 8611 and dof 2
 largest increment of disp= 9.790931e-04
 largest correction to disp= 9.790931e-04 in node 8540 and dof 2

 no convergence

 iteration 3

 Using up to 1 cpu(s) for the symmetric stiffness/mass contributions.

 Factoring the system of equations using the symmetric spooles solver
 Using up to 1 cpu(s) for spooles.

 Using up to 1 cpu(s) for the stress calculation.

 average force= 11978.417939
 time avg. forc= 11978.417939
 largest residual force= 26610247.304882 in node 2396 and dof 3
 largest increment of disp= 2.667326e-02
 largest correction to disp= 2.667326e-02 in node 8684 and dof 1

 no convergence

 iteration 4

 Using up to 1 cpu(s) for the symmetric stiffness/mass contributions.

 Factoring the system of equations using the symmetric spooles solver
 Using up to 1 cpu(s) for spooles.

 Using up to 1 cpu(s) for the stress calculation.

 average force= 284993135.347655
 time avg. forc= 284993135.347655
 largest residual force= 2879498850544.979492 in node 10873 and dof 3
 largest increment of disp= 9.948454e-02
 largest correction to disp= 9.948454e-02 in node 9012 and dof 2

 divergence; the increment size is decreased to 9.765625e-06
 the increment is reattempted

 increment 1 attempt 6 
 increment size= 9.765625e-06
 sum of previous increments=0.000000e+00
 actual step time=9.765625e-06
 actual total time=1.000010e+00

 iteration 1

 Using up to 1 cpu(s) for the stress calculation.

 Using up to 1 cpu(s) for the symmetric stiffness/mass contributions.

 Factoring the system of equations using the symmetric spooles solver
 Using up to 1 cpu(s) for spooles.

 Using up to 1 cpu(s) for the stress calculation.

 average force= 0.015195
 time avg. forc= 0.015195
 largest residual force= 9.176696 in node 1982 and dof 1
 largest increment of disp= 6.585835e-04
 largest correction to disp= 6.585835e-04 in node 1976 and dof 1

 no convergence

 iteration 2

 Using up to 1 cpu(s) for the symmetric stiffness/mass contributions.

 Factoring the system of equations using the symmetric spooles solver
 Using up to 1 cpu(s) for spooles.

 Using up to 1 cpu(s) for the stress calculation.

 average force= 0.071167
 time avg. forc= 0.071167
 largest residual force= 293.599410 in node 8539 and dof 2
 largest increment of disp= 9.605388e-04
 largest correction to disp= 9.605388e-04 in node 8540 and dof 2

 no convergence

 iteration 3

 Using up to 1 cpu(s) for the symmetric stiffness/mass contributions.

 Factoring the system of equations using the symmetric spooles solver
 Using up to 1 cpu(s) for spooles.

 Using up to 1 cpu(s) for the stress calculation.

 average force= 20297.988620
 time avg. forc= 20297.988620
 largest residual force= 98230796.322136 in node 1981 and dof 2
 largest increment of disp= 3.637610e-02
 largest correction to disp= 3.637610e-02 in node 9710 and dof 1

 no convergence

 iteration 4

 Using up to 1 cpu(s) for the symmetric stiffness/mass contributions.

 Factoring the system of equations using the symmetric spooles solver
 Using up to 1 cpu(s) for spooles.

 Using up to 1 cpu(s) for the stress calculation.

 average force= 265637504.593973
 time avg. forc= 265637504.593973
 largest residual force= 850967168173.604126 in node 10566 and dof 1
 largest increment of disp= 8.413740e-02
 largest correction to disp= 8.413740e-02 in node 9470 and dof 1

 divergence; the increment size is decreased to 2.441406e-06
 the increment is reattempted


 *ERROR: too many cutbacks
 best solution and residuals are in the frd file


