 Container myopenfoam-fsi-run-4c42852a31c7 Creating 
 Container myopenfoam-fsi-run-4c42852a31c7 Created 
=== on-caso-2 (CCX): polyMesh -> CalculiX .inp ===
[1/5] Lendo polyMesh em ../solid/constant/polyMesh
      nodes=3493, faces=8940, cells=2736, patches=12, zones=['on', 'pia', 'dura', 'lc', 'sclera_peri', 'sclera_ring', 'globo']
[2/5] Reconstruindo conectividade C3D8 (2736 celulas)
      OK
[3/5] Escrevendo malha em on-caso-2_mesh.inp
[4/5] Escrevendo Winkler em on-caso-2_winkler.inp
[5/5] Concluido. Total: 3493 nodes, 2736 hex C3D8I.
=== on-caso-2 (CCX): solver ccx_preCICE -i on-caso-2 ===

************************************************************

CalculiX Version 2.20, Copyright(C) 1998-2022 Guido Dhondt
CalculiX comes with ABSOLUTELY NO WARRANTY. This is free
software, and you are welcome to redistribute it under
certain conditions, see gpl.htm

************************************************************

You are using an executable made on Sun Jul 31 18:08:37 CEST 2022

  The numbers below are estimated upper bounds

  number of:

   nodes:        11950
   elements:         2985
   one-dimensional elements:            0
   two-dimensional elements:            0
   integration points per element:            8
   degrees of freedom per node:            3
   layers per element:            1

   distributed facial loads:          480
   distributed volumetric loads:            0
   concentrated loads:           12
   single point constraints:         2625
   multiple point constraints:            1
   terms in all multiple point constraints:            1
   tie constraints:            0
   dependent nodes tied by cyclic constraints:            0
   dependent nodes in pre-tension constraints:            0

   sets:          284
   terms in all sets:        13414

   materials:          256
   constants per material and temperature:            2
   temperature points per material:            1
   plastic data points per material:            0

   orientations:            0
   amplitudes:            7
   data points in all amplitudes:           10
   print requests:            8
   transformations:            0
   property cards:            0

 *INFO reading *HYPERELASTIC: nonlinear geometric
       effects are turned on

 *INFO reading *HYPERELASTIC: nonlinear geometric
       effects are turned on

 *INFO reading *HYPERELASTIC: nonlinear geometric
       effects are turned on

 *INFO reading *HYPERELASTIC: nonlinear geometric
       effects are turned on

 *INFO reading *HYPERELASTIC: nonlinear geometric
       effects are turned on

 *INFO reading *HYPERELASTIC: nonlinear geometric
       effects are turned on

 *INFO reading *HYPERELASTIC: nonlinear geometric
       effects are turned on

 *INFO reading *STEP: nonlinear geometric
       effects are turned on

 *WARNING reading *STATIC: parameter not recognized:
          RIKS
 *WARNING reading *STATIC. Card image:
          *STATIC,RIKS


 STEP            1

 Static analysis was selected

 Nonlinear material laws are taken into account

 Newton-Raphson iterative procedure is active

 Nonlinear geometric effects are taken into account

 Decascading the MPC's

 Determining the structure of the matrix:
 Using up to 1 cpu(s) for setting up the structure of the matrix.
 number of equations
 33297
 number of nonzero lower triangular matrix elements
 918879

 increment 1 attempt 1 
 increment size= 2.500000e-02
 sum of previous increments=0.000000e+00
 actual step time=2.500000e-02
 actual total time=2.500000e-02

 iteration 1

 Using up to 1 cpu(s) for the stress calculation.

 Using up to 1 cpu(s) for the symmetric stiffness/mass contributions.

 Factoring the system of equations using the symmetric spooles solver
 Using up to 1 cpu(s) for spooles.

 Using up to 1 cpu(s) for the stress calculation.

 average force= 0.000019
 time avg. forc= 0.000019
 largest residual force= 0.001307 in node 1627 and dof 1
 largest increment of disp= 3.750429e-05
 largest correction to disp= 3.750429e-05 in node 2800 and dof 3

 no convergence

 iteration 2

 Using up to 1 cpu(s) for the symmetric stiffness/mass contributions.

 Factoring the system of equations using the symmetric spooles solver
 Using up to 1 cpu(s) for spooles.

 Using up to 1 cpu(s) for the stress calculation.

 average force= 0.000019
 time avg. forc= 0.000019
 largest residual force= 0.000008 in node 1641 and dof 1
 largest increment of disp= 3.750429e-05
 largest correction to disp= 8.243257e-07 in node 2410 and dof 3

 no convergence

 iteration 3

 Using up to 1 cpu(s) for the symmetric stiffness/mass contributions.

 Factoring the system of equations using the symmetric spooles solver
 Using up to 1 cpu(s) for spooles.

 Using up to 1 cpu(s) for the stress calculation.

 average force= 0.000019
 time avg. forc= 0.000019
 largest residual force= 0.000000 in node 1641 and dof 1
 largest increment of disp= 3.750429e-05
 largest correction to disp= 9.795367e-09 in node 7799 and dof 1

 convergence

 increment 2 attempt 1 
 increment size= 2.500000e-02
 sum of previous increments=2.500000e-02
 actual step time=5.000000e-02
 actual total time=5.000000e-02

 iteration 1

 Using up to 1 cpu(s) for the stress calculation.

 Using up to 1 cpu(s) for the symmetric stiffness/mass contributions.

 Factoring the system of equations using the symmetric spooles solver
 Using up to 1 cpu(s) for spooles.

 Using up to 1 cpu(s) for the stress calculation.

 average force= 0.000038
 time avg. forc= 0.000028
 largest residual force= 0.000057 in node 1641 and dof 1
 largest increment of disp= 3.750930e-05
 largest correction to disp= 1.244310e-06 in node 7817 and dof 1

 no convergence

 iteration 2

 Using up to 1 cpu(s) for the symmetric stiffness/mass contributions.

 Factoring the system of equations using the symmetric spooles solver
 Using up to 1 cpu(s) for spooles.

 Using up to 1 cpu(s) for the stress calculation.

 average force= 0.000038
 time avg. forc= 0.000028
 largest residual force= 0.000000 in node 1641 and dof 1
 largest increment of disp= 3.750930e-05
 largest correction to disp= 7.386848e-08 in node 7802 and dof 1

 convergence; the increment size is increased to 3.750000e-02

 increment 3 attempt 1 
 increment size= 3.750000e-02
 sum of previous increments=5.000000e-02
 actual step time=8.750000e-02
 actual total time=8.750000e-02

 iteration 1

 Using up to 1 cpu(s) for the stress calculation.

 Using up to 1 cpu(s) for the symmetric stiffness/mass contributions.

 Factoring the system of equations using the symmetric spooles solver
 Using up to 1 cpu(s) for spooles.

 Using up to 1 cpu(s) for the stress calculation.

 average force= 0.000067
 time avg. forc= 0.000041
 largest residual force= 0.000602 in node 1648 and dof 1
 largest increment of disp= 5.632876e-05
 largest correction to disp= 4.122633e-06 in node 7817 and dof 1

 no convergence

 iteration 2

 Using up to 1 cpu(s) for the symmetric stiffness/mass contributions.

 Factoring the system of equations using the symmetric spooles solver
 Using up to 1 cpu(s) for spooles.

 Using up to 1 cpu(s) for the stress calculation.

 average force= 0.000067
 time avg. forc= 0.000041
 largest residual force= 0.000038 in node 1641 and dof 1
 largest increment of disp= 5.632876e-05
 largest correction to disp= 1.007527e-06 in node 7820 and dof 1

 no convergence

 iteration 3

 Using up to 1 cpu(s) for the symmetric stiffness/mass contributions.

 Factoring the system of equations using the symmetric spooles solver
 Using up to 1 cpu(s) for spooles.

 Using up to 1 cpu(s) for the stress calculation.

 average force= 0.000067
 time avg. forc= 0.000041
 largest residual force= 0.000000 in node 1648 and dof 1
 largest increment of disp= 5.632876e-05
 largest correction to disp= 4.369952e-08 in node 7817 and dof 1

 convergence; the increment size is increased to 5.625000e-02

 the increment size exceeds the maximum allowed and is decreased to 5.000000e-02

 increment 4 attempt 1 
 increment size= 5.000000e-02
 sum of previous increments=8.750000e-02
 actual step time=1.375000e-01
 actual total time=1.375000e-01

 iteration 1

 Using up to 1 cpu(s) for the stress calculation.

 Using up to 1 cpu(s) for the symmetric stiffness/mass contributions.

 Factoring the system of equations using the symmetric spooles solver
 Using up to 1 cpu(s) for spooles.

 Using up to 1 cpu(s) for the stress calculation.

 average force= 0.000111
 time avg. forc= 0.000059
 largest residual force= 0.003490 in node 1648 and dof 1
 largest increment of disp= 7.533658e-05
 largest correction to disp= 9.745610e-06 in node 7820 and dof 1

 no convergence

 iteration 2

 Using up to 1 cpu(s) for the symmetric stiffness/mass contributions.

 Factoring the system of equations using the symmetric spooles solver
 Using up to 1 cpu(s) for spooles.

 Using up to 1 cpu(s) for the stress calculation.

 average force= 0.000117
 time avg. forc= 0.000060
 largest residual force= 0.008838 in node 1648 and dof 1
 largest increment of disp= 7.533658e-05
 largest correction to disp= 1.579373e-05 in node 7817 and dof 1

 no convergence

 iteration 3

 Using up to 1 cpu(s) for the symmetric stiffness/mass contributions.

 Factoring the system of equations using the symmetric spooles solver
 Using up to 1 cpu(s) for spooles.

 Using up to 1 cpu(s) for the stress calculation.

 average force= 0.000113
 time avg. forc= 0.000059
 largest residual force= 0.000217 in node 1648 and dof 1
 largest increment of disp= 7.533658e-05
 largest correction to disp= 2.411180e-06 in node 7817 and dof 1

 no convergence

 iteration 4

 Using up to 1 cpu(s) for the symmetric stiffness/mass contributions.

 Factoring the system of equations using the symmetric spooles solver
 Using up to 1 cpu(s) for spooles.

 Using up to 1 cpu(s) for the stress calculation.

 average force= 0.000113
 time avg. forc= 0.000059
 largest residual force= 0.000187 in node 1648 and dof 1
 largest increment of disp= 7.533658e-05
 largest correction to disp= 2.252086e-06 in node 7817 and dof 1

 no convergence

 iteration 5

 Using up to 1 cpu(s) for the symmetric stiffness/mass contributions.

 Factoring the system of equations using the symmetric spooles solver
 Using up to 1 cpu(s) for spooles.

 Using up to 1 cpu(s) for the stress calculation.

 average force= 0.000113
 time avg. forc= 0.000059
 largest residual force= 0.000000 in node 1654 and dof 1
 largest increment of disp= 7.533658e-05
 largest correction to disp= 4.481792e-09 in node 971 and dof 1

 convergence

 increment 5 attempt 1 
 increment size= 5.000000e-02
 sum of previous increments=1.375000e-01
 actual step time=1.875000e-01
 actual total time=1.875000e-01

 iteration 1

 Using up to 1 cpu(s) for the stress calculation.

 Using up to 1 cpu(s) for the symmetric stiffness/mass contributions.

 Factoring the system of equations using the symmetric spooles solver
 Using up to 1 cpu(s) for spooles.

 Using up to 1 cpu(s) for the stress calculation.

 average force= 0.000166
 time avg. forc= 0.000081
 largest residual force= 0.001369 in node 2441 and dof 1
 largest increment of disp= 7.639348e-05
 largest correction to disp= 6.238763e-06 in node 5235 and dof 1

 no convergence

 iteration 2

 Using up to 1 cpu(s) for the symmetric stiffness/mass contributions.

 Factoring the system of equations using the symmetric spooles solver
 Using up to 1 cpu(s) for spooles.

 Using up to 1 cpu(s) for the stress calculation.

 average force= 0.000227
 time avg. forc= 0.000093
 largest residual force= 0.030551 in node 1777 and dof 1
 largest increment of disp= 7.639348e-05
 largest correction to disp= 2.835714e-05 in node 8159 and dof 1

 no convergence

 iteration 3

 Using up to 1 cpu(s) for the symmetric stiffness/mass contributions.

 Factoring the system of equations using the symmetric spooles solver
 Using up to 1 cpu(s) for spooles.

 Using up to 1 cpu(s) for the stress calculation.

 average force= 0.000173
 time avg. forc= 0.000082
 largest residual force= 0.000226 in node 1648 and dof 1
 largest increment of disp= 7.639348e-05
 largest correction to disp= 2.497560e-06 in node 7820 and dof 1

 no convergence

 iteration 4

 Using up to 1 cpu(s) for the symmetric stiffness/mass contributions.

 Factoring the system of equations using the symmetric spooles solver
 Using up to 1 cpu(s) for spooles.

 Using up to 1 cpu(s) for the stress calculation.

 average force= 0.000172
 time avg. forc= 0.000082
 largest residual force= 0.000546 in node 1777 and dof 1
 largest increment of disp= 7.639348e-05
 largest correction to disp= 3.828216e-06 in node 8177 and dof 1

 no convergence

 iteration 5

 Using up to 1 cpu(s) for the symmetric stiffness/mass contributions.

 Factoring the system of equations using the symmetric spooles solver
 Using up to 1 cpu(s) for spooles.

 Using up to 1 cpu(s) for the stress calculation.

 average force= 0.000172
 time avg. forc= 0.000082
 largest residual force= 0.000002 in node 1777 and dof 1
 largest increment of disp= 7.639348e-05
 largest correction to disp= 2.217759e-07 in node 8177 and dof 1

 no convergence

 iteration 6

 Using up to 1 cpu(s) for the symmetric stiffness/mass contributions.

 Factoring the system of equations using the symmetric spooles solver
 Using up to 1 cpu(s) for spooles.

 Using up to 1 cpu(s) for the stress calculation.

 average force= 0.000172
 time avg. forc= 0.000082
 largest residual force= 0.000000 in node 1789 and dof 1
 largest increment of disp= 7.639348e-05
 largest correction to disp= 1.312179e-08 in node 8213 and dof 1

 convergence

 Using up to 1 cpu(s) for the stress calculation.

 increment 6 attempt 1 
 increment size= 5.000000e-02
 sum of previous increments=1.875000e-01
 actual step time=2.375000e-01
 actual total time=2.375000e-01

 iteration 1

 Using up to 1 cpu(s) for the stress calculation.

 Using up to 1 cpu(s) for the symmetric stiffness/mass contributions.

 Factoring the system of equations using the symmetric spooles solver
 Using up to 1 cpu(s) for spooles.

 Using up to 1 cpu(s) for the stress calculation.

 average force= 0.000583
 time avg. forc= 0.000165
 largest residual force= 0.055698 in node 2039 and dof 1
 largest increment of disp= 7.722350e-05
 largest correction to disp= 4.626255e-05 in node 5976 and dof 2

 no convergence

 iteration 2

 Using up to 1 cpu(s) for the symmetric stiffness/mass contributions.

 Factoring the system of equations using the symmetric spooles solver
 Using up to 1 cpu(s) for spooles.

 Using up to 1 cpu(s) for the stress calculation.

 average force= 0.000257
 time avg. forc= 0.000111
 largest residual force= 0.006106 in node 1648 and dof 1
 largest increment of disp= 7.722350e-05
 largest correction to disp= 1.291648e-05 in node 7820 and dof 1

 no convergence

 iteration 3

 Using up to 1 cpu(s) for the symmetric stiffness/mass contributions.

 Factoring the system of equations using the symmetric spooles solver
 Using up to 1 cpu(s) for spooles.

 Using up to 1 cpu(s) for the stress calculation.

 average force= 0.000272
 time avg. forc= 0.000114
 largest residual force= 0.009979 in node 2039 and dof 1
 largest increment of disp= 7.722350e-05
 largest correction to disp= 1.314884e-05 in node 8726 and dof 1

 no convergence

 iteration 4

 Using up to 1 cpu(s) for the symmetric stiffness/mass contributions.

 Factoring the system of equations using the symmetric spooles solver
 Using up to 1 cpu(s) for spooles.

 Using up to 1 cpu(s) for the stress calculation.

 average force= 0.000239
 time avg. forc= 0.000108
 largest residual force= 0.000081 in node 2459 and dof 1
 largest increment of disp= 7.722350e-05
 largest correction to disp= 1.183159e-06 in node 9446 and dof 1

 no convergence

 iteration 5

 Using up to 1 cpu(s) for the symmetric stiffness/mass contributions.

 Factoring the system of equations using the symmetric spooles solver
 Using up to 1 cpu(s) for spooles.

 Using up to 1 cpu(s) for the stress calculation.

 average force= 0.000241
 time avg. forc= 0.000108
 largest residual force= 0.000428 in node 2441 and dof 1
 largest increment of disp= 7.722350e-05
 largest correction to disp= 2.720577e-06 in node 9446 and dof 1

 no convergence

 iteration 6

 Using up to 1 cpu(s) for the symmetric stiffness/mass contributions.

 Factoring the system of equations using the symmetric spooles solver
 Using up to 1 cpu(s) for spooles.

 Using up to 1 cpu(s) for the stress calculation.

 average force= 0.000241
 time avg. forc= 0.000108
 largest residual force= 0.000000 in node 2060 and dof 1
 largest increment of disp= 7.722350e-05
 largest correction to disp= 3.109696e-08 in node 8726 and dof 1

 convergence

 increment 7 attempt 1 
 increment size= 5.000000e-02
 sum of previous increments=2.375000e-01
 actual step time=2.875000e-01
 actual total time=2.875000e-01

 iteration 1

 Using up to 1 cpu(s) for the stress calculation.

 Using up to 1 cpu(s) for the symmetric stiffness/mass contributions.

 Factoring the system of equations using the symmetric spooles solver
 Using up to 1 cpu(s) for spooles.

 Using up to 1 cpu(s) for the stress calculation.

 average force= 0.000531
 time avg. forc= 0.000169
 largest residual force= 0.033500 in node 2441 and dof 1
 largest increment of disp= 7.701316e-05
 largest correction to disp= 2.410863e-05 in node 9414 and dof 1

 no convergence

 iteration 2

 Using up to 1 cpu(s) for the symmetric stiffness/mass contributions.

 Factoring the system of equations using the symmetric spooles solver
 Using up to 1 cpu(s) for spooles.

 Using up to 1 cpu(s) for the stress calculation.

 average force= 0.000571
 time avg. forc= 0.000174
 largest residual force= 0.041159 in node 2039 and dof 1
 largest increment of disp= 7.701316e-05
 largest correction to disp= 4.001565e-05 in node 7344 and dof 2

 no convergence

 iteration 3

 Using up to 1 cpu(s) for the symmetric stiffness/mass contributions.

 Factoring the system of equations using the symmetric spooles solver
 Using up to 1 cpu(s) for spooles.

 Using up to 1 cpu(s) for the stress calculation.

 average force= 0.000640
 time avg. forc= 0.000184
 largest residual force= 0.050568 in node 2441 and dof 1
 largest increment of disp= 7.701316e-05
 largest correction to disp= 2.971394e-05 in node 9408 and dof 1

 no convergence

 iteration 4

 Using up to 1 cpu(s) for the symmetric stiffness/mass contributions.

 Factoring the system of equations using the symmetric spooles solver
 Using up to 1 cpu(s) for spooles.

 Using up to 1 cpu(s) for the stress calculation.

 average force= 0.000556
 time avg. forc= 0.000172
 largest residual force= 0.038531 in node 2039 and dof 1
 largest increment of disp= 7.701316e-05
 largest correction to disp= 2.585999e-05 in node 8726 and dof 1

 no convergence

 iteration 5

 Using up to 1 cpu(s) for the symmetric stiffness/mass contributions.

 Factoring the system of equations using the symmetric spooles solver
 Using up to 1 cpu(s) for spooles.

 Using up to 1 cpu(s) for the stress calculation.

 average force= 0.000607
 time avg. forc= 0.000180
 largest residual force= 0.045345 in node 2441 and dof 1
 largest increment of disp= 7.701316e-05
 largest correction to disp= 2.805929e-05 in node 9446 and dof 1

 no convergence

 iteration 6

 Using up to 1 cpu(s) for the symmetric stiffness/mass contributions.

 Factoring the system of equations using the symmetric spooles solver
 Using up to 1 cpu(s) for spooles.

 Using up to 1 cpu(s) for the stress calculation.

 average force= 0.000508
 time avg. forc= 0.000165
 largest residual force= 0.009595 in node 2039 and dof 1
 largest increment of disp= 7.701316e-05
 largest correction to disp= 1.294796e-05 in node 8726 and dof 1

 no convergence

 iteration 7

 Using up to 1 cpu(s) for the symmetric stiffness/mass contributions.

 Factoring the system of equations using the symmetric spooles solver
 Using up to 1 cpu(s) for spooles.

 Using up to 1 cpu(s) for the stress calculation.

 average force= 0.000509
 time avg. forc= 0.000166
 largest residual force= 0.001138 in node 2246 and dof 2
 largest increment of disp= 7.701316e-05
 largest correction to disp= 4.474633e-06 in node 9092 and dof 2

 no convergence

 iteration 8

 Using up to 1 cpu(s) for the symmetric stiffness/mass contributions.

 Factoring the system of equations using the symmetric spooles solver
 Using up to 1 cpu(s) for spooles.

 Using up to 1 cpu(s) for the stress calculation.

 average force= 0.000510
 time avg. forc= 0.000166
 largest residual force= 0.000022 in node 2039 and dof 1
 largest increment of disp= 7.701316e-05
 largest correction to disp= 6.246091e-07 in node 8726 and dof 1

 estimated number of iterations till convergence = 9
 no convergence

 iteration 9

 Using up to 1 cpu(s) for the symmetric stiffness/mass contributions.

 Factoring the system of equations using the symmetric spooles solver
 Using up to 1 cpu(s) for spooles.

 Using up to 1 cpu(s) for the stress calculation.

 average force= 0.000510
 time avg. forc= 0.000166
 largest residual force= 0.000000 in node 2618 and dof 2
 largest increment of disp= 7.701316e-05
 largest correction to disp= 7.889390e-09 in node 9086 and dof 2

 convergence

 increment 8 attempt 1 
 increment size= 5.000000e-02
 sum of previous increments=2.875000e-01
 actual step time=3.375000e-01
 actual total time=3.375000e-01

 iteration 1

 Using up to 1 cpu(s) for the stress calculation.

 Using up to 1 cpu(s) for the symmetric stiffness/mass contributions.

 Factoring the system of equations using the symmetric spooles solver
 Using up to 1 cpu(s) for spooles.

 Using up to 1 cpu(s) for the stress calculation.

 average force= 0.000769
 time avg. forc= 0.000241
 largest residual force= 0.008978 in node 2458 and dof 3
 largest increment of disp= 1.372752e-04
 largest correction to disp= 3.734758e-05 in node 1974 and dof 3

 no convergence

 iteration 2

 Using up to 1 cpu(s) for the symmetric stiffness/mass contributions.

 Factoring the system of equations using the symmetric spooles solver
 Using up to 1 cpu(s) for spooles.

 Using up to 1 cpu(s) for the stress calculation.

 average force= 0.001737
 time avg. forc= 0.000362
 largest residual force= 0.149517 in node 2441 and dof 1
 largest increment of disp= 1.372752e-04
 largest correction to disp= 5.043645e-05 in node 9446 and dof 1

 no convergence

 iteration 3

 Using up to 1 cpu(s) for the symmetric stiffness/mass contributions.

 Factoring the system of equations using the symmetric spooles solver
 Using up to 1 cpu(s) for spooles.

 Using up to 1 cpu(s) for the stress calculation.

 average force= 0.000650
 time avg. forc= 0.000226
 largest residual force= 0.005352 in node 2459 and dof 1
 largest increment of disp= 1.372752e-04
 largest correction to disp= 9.859092e-06 in node 9446 and dof 1

 no convergence

 iteration 4

 Using up to 1 cpu(s) for the symmetric stiffness/mass contributions.

 Factoring the system of equations using the symmetric spooles solver
 Using up to 1 cpu(s) for spooles.

 Using up to 1 cpu(s) for the stress calculation.

 average force= 0.000736
 time avg. forc= 0.000237
 largest residual force= 0.027854 in node 2441 and dof 1
 largest increment of disp= 1.372752e-04
 largest correction to disp= 2.196413e-05 in node 9452 and dof 1

 no convergence

 iteration 5

 Using up to 1 cpu(s) for the symmetric stiffness/mass contributions.

 Factoring the system of equations using the symmetric spooles solver
 Using up to 1 cpu(s) for spooles.

 Using up to 1 cpu(s) for the stress calculation.

 average force= 0.000614
 time avg. forc= 0.000222
 largest residual force= 0.000841 in node 2441 and dof 1
 largest increment of disp= 1.372752e-04
 largest correction to disp= 3.833957e-06 in node 9446 and dof 1

 no convergence

 iteration 6

 Using up to 1 cpu(s) for the symmetric stiffness/mass contributions.

 Factoring the system of equations using the symmetric spooles solver
 Using up to 1 cpu(s) for spooles.

 Using up to 1 cpu(s) for the stress calculation.

 average force= 0.000612
 time avg. forc= 0.000221
 largest residual force= 0.000298 in node 2441 and dof 1
 largest increment of disp= 1.372752e-04
 largest correction to disp= 2.278681e-06 in node 9452 and dof 1

 no convergence

 iteration 7

 Using up to 1 cpu(s) for the symmetric stiffness/mass contributions.

 Factoring the system of equations using the symmetric spooles solver
 Using up to 1 cpu(s) for spooles.

 Using up to 1 cpu(s) for the stress calculation.

 average force= 0.000611
 time avg. forc= 0.000221
 largest residual force= 0.000000 in node 2441 and dof 1
 largest increment of disp= 1.372752e-04
 largest correction to disp= 7.812054e-08 in node 9446 and dof 1

 convergence

 increment 9 attempt 1 
 increment size= 5.000000e-02
 sum of previous increments=3.375000e-01
 actual step time=3.875000e-01
 actual total time=3.875000e-01

 iteration 1

 Using up to 1 cpu(s) for the stress calculation.

 Using up to 1 cpu(s) for the symmetric stiffness/mass contributions.

 Factoring the system of equations using the symmetric spooles solver
 Using up to 1 cpu(s) for spooles.

 Using up to 1 cpu(s) for the stress calculation.

 average force= 0.000707
 time avg. forc= 0.000275
 largest residual force= 0.000423 in node 2434 and dof 3
 largest increment of disp= 7.802226e-05
 largest correction to disp= 8.414497e-06 in node 7344 and dof 2

 no convergence

 iteration 2

 Using up to 1 cpu(s) for the symmetric stiffness/mass contributions.

 Factoring the system of equations using the symmetric spooles solver
 Using up to 1 cpu(s) for spooles.

 Using up to 1 cpu(s) for the stress calculation.

 average force= 0.000698
 time avg. forc= 0.000274
 largest residual force= 0.002269 in node 2615 and dof 2
 largest increment of disp= 7.802226e-05
 largest correction to disp= 8.057774e-06 in node 5964 and dof 2

 no convergence

 iteration 3

 Using up to 1 cpu(s) for the symmetric stiffness/mass contributions.

 Factoring the system of equations using the symmetric spooles solver
 Using up to 1 cpu(s) for spooles.

 Using up to 1 cpu(s) for the stress calculation.

 average force= 0.000697
 time avg. forc= 0.000274
 largest residual force= 0.000005 in node 2039 and dof 1
 largest increment of disp= 7.802226e-05
 largest correction to disp= 8.720438e-07 in node 6591 and dof 1

 no convergence

 iteration 4

 Using up to 1 cpu(s) for the symmetric stiffness/mass contributions.

 Factoring the system of equations using the symmetric spooles solver
 Using up to 1 cpu(s) for spooles.

 Using up to 1 cpu(s) for the stress calculation.

 average force= 0.000697
 time avg. forc= 0.000274
 largest residual force= 0.000000 in node 2039 and dof 1
 largest increment of disp= 7.802226e-05
 largest correction to disp= 1.188732e-07 in node 6579 and dof 1

 convergence

 increment 10 attempt 1 
 increment size= 5.000000e-02
 sum of previous increments=3.875000e-01
 actual step time=4.375000e-01
 actual total time=4.375000e-01

 iteration 1

 Using up to 1 cpu(s) for the stress calculation.

 Using up to 1 cpu(s) for the symmetric stiffness/mass contributions.

 Factoring the system of equations using the symmetric spooles solver
 Using up to 1 cpu(s) for spooles.

 Using up to 1 cpu(s) for the stress calculation.

 average force= 0.000778
 time avg. forc= 0.000325
 largest residual force= 0.000261 in node 2446 and dof 3
 largest increment of disp= 7.786025e-05
 largest correction to disp= 7.321653e-06 in node 7344 and dof 2

 no convergence

 iteration 2

 Using up to 1 cpu(s) for the symmetric stiffness/mass contributions.

 Factoring the system of equations using the symmetric spooles solver
 Using up to 1 cpu(s) for spooles.

 Using up to 1 cpu(s) for the stress calculation.

 average force= 0.000774
 time avg. forc= 0.000324
 largest residual force= 0.000544 in node 2039 and dof 1
 largest increment of disp= 7.786025e-05
 largest correction to disp= 1.506058e-05 in node 6579 and dof 1

 no convergence

 iteration 3

 Using up to 1 cpu(s) for the symmetric stiffness/mass contributions.

 Factoring the system of equations using the symmetric spooles solver
 Using up to 1 cpu(s) for spooles.

 Using up to 1 cpu(s) for the stress calculation.

 average force= 0.000774
 time avg. forc= 0.000324
 largest residual force= 0.000000 in node 2039 and dof 1
 largest increment of disp= 7.786025e-05
 largest correction to disp= 3.615576e-07 in node 6579 and dof 1

 convergence; the increment size is increased to 7.500000e-02

 the increment size exceeds the maximum allowed and is decreased to 5.000000e-02

 Using up to 1 cpu(s) for the stress calculation.

 increment 11 attempt 1 
 increment size= 5.000000e-02
 sum of previous increments=4.375000e-01
 actual step time=4.875000e-01
 actual total time=4.875000e-01

 iteration 1

 Using up to 1 cpu(s) for the stress calculation.

 Using up to 1 cpu(s) for the symmetric stiffness/mass contributions.

 Factoring the system of equations using the symmetric spooles solver
 Using up to 1 cpu(s) for spooles.

 Using up to 1 cpu(s) for the stress calculation.

 average force= 0.000849
 time avg. forc= 0.000372
 largest residual force= 0.000181 in node 2434 and dof 3
 largest increment of disp= 7.795872e-05
 largest correction to disp= 6.246111e-06 in node 6552 and dof 1

 no convergence

 iteration 2

 Using up to 1 cpu(s) for the symmetric stiffness/mass contributions.

 Factoring the system of equations using the symmetric spooles solver
 Using up to 1 cpu(s) for spooles.

 Using up to 1 cpu(s) for the stress calculation.

 average force= 0.000846
 time avg. forc= 0.000372
 largest residual force= 0.000169 in node 2039 and dof 1
 largest increment of disp= 7.795872e-05
 largest correction to disp= 3.136681e-06 in node 6612 and dof 1

 no convergence

 iteration 3

 Using up to 1 cpu(s) for the symmetric stiffness/mass contributions.

 Factoring the system of equations using the symmetric spooles solver
 Using up to 1 cpu(s) for spooles.

 Using up to 1 cpu(s) for the stress calculation.

 average force= 0.000846
 time avg. forc= 0.000372
 largest residual force= 0.000000 in node 1841 and dof 2
 largest increment of disp= 7.795872e-05
 largest correction to disp= 7.011765e-08 in node 1007 and dof 1

 convergence; the increment size is increased to 7.500000e-02

 the increment size exceeds the maximum allowed and is decreased to 5.000000e-02

 increment 12 attempt 1 
 increment size= 5.000000e-02
 sum of previous increments=4.875000e-01
 actual step time=5.375000e-01
 actual total time=5.375000e-01

 iteration 1

 Using up to 1 cpu(s) for the stress calculation.

 Using up to 1 cpu(s) for the symmetric stiffness/mass contributions.

 Factoring the system of equations using the symmetric spooles solver
 Using up to 1 cpu(s) for spooles.

 Using up to 1 cpu(s) for the stress calculation.

 average force= 0.000918
 time avg. forc= 0.000417
 largest residual force= 0.000131 in node 2446 and dof 3
 largest increment of disp= 7.809623e-05
 largest correction to disp= 5.778029e-06 in node 6612 and dof 1

 no convergence

 iteration 2

 Using up to 1 cpu(s) for the symmetric stiffness/mass contributions.

 Factoring the system of equations using the symmetric spooles solver
 Using up to 1 cpu(s) for spooles.

 Using up to 1 cpu(s) for the stress calculation.

 average force= 0.000916
 time avg. forc= 0.000417
 largest residual force= 0.000062 in node 2039 and dof 1
 largest increment of disp= 7.809623e-05
 largest correction to disp= 5.491377e-06 in node 6564 and dof 1

 no convergence

 iteration 3

 Using up to 1 cpu(s) for the symmetric stiffness/mass contributions.

 Factoring the system of equations using the symmetric spooles solver
 Using up to 1 cpu(s) for spooles.

 Using up to 1 cpu(s) for the stress calculation.

 average force= 0.000916
 time avg. forc= 0.000417
 largest residual force= 0.000000 in node 1836 and dof 2
 largest increment of disp= 7.809623e-05
 largest correction to disp= 5.544061e-07 in node 6591 and dof 1

 convergence; the increment size is increased to 7.500000e-02

 the increment size exceeds the maximum allowed and is decreased to 5.000000e-02

 increment 13 attempt 1 
 increment size= 5.000000e-02
 sum of previous increments=5.375000e-01
 actual step time=5.875000e-01
 actual total time=5.875000e-01

 iteration 1

 Using up to 1 cpu(s) for the stress calculation.

 Using up to 1 cpu(s) for the symmetric stiffness/mass contributions.

 Factoring the system of equations using the symmetric spooles solver
 Using up to 1 cpu(s) for spooles.

 Using up to 1 cpu(s) for the stress calculation.

 average force= 0.000984
 time avg. forc= 0.000461
 largest residual force= 0.000106 in node 1771 and dof 1
 largest increment of disp= 7.824520e-05
 largest correction to disp= 4.308053e-06 in node 6552 and dof 1

 no convergence

 iteration 2

 Using up to 1 cpu(s) for the symmetric stiffness/mass contributions.

 Factoring the system of equations using the symmetric spooles solver
 Using up to 1 cpu(s) for spooles.

 Using up to 1 cpu(s) for the stress calculation.

 average force= 0.000983
 time avg. forc= 0.000461
 largest residual force= 0.000026 in node 2039 and dof 1
 largest increment of disp= 7.824520e-05
 largest correction to disp= 4.853576e-06 in node 6579 and dof 1

 no convergence

 iteration 3

 Using up to 1 cpu(s) for the symmetric stiffness/mass contributions.

 Factoring the system of equations using the symmetric spooles solver
 Using up to 1 cpu(s) for spooles.

 Using up to 1 cpu(s) for the stress calculation.

 average force= 0.000983
 time avg. forc= 0.000461
 largest residual force= 0.000000 in node 1712 and dof 2
 largest increment of disp= 7.824520e-05
 largest correction to disp= 3.359863e-07 in node 6591 and dof 1

 convergence; the increment size is increased to 7.500000e-02

 the increment size exceeds the maximum allowed and is decreased to 5.000000e-02

 increment 14 attempt 1 
 increment size= 5.000000e-02
 sum of previous increments=5.875000e-01
 actual step time=6.375000e-01
 actual total time=6.375000e-01

 iteration 1

 Using up to 1 cpu(s) for the stress calculation.

 Using up to 1 cpu(s) for the symmetric stiffness/mass contributions.

 Factoring the system of equations using the symmetric spooles solver
 Using up to 1 cpu(s) for spooles.

 Using up to 1 cpu(s) for the stress calculation.

 average force= 0.001050
 time avg. forc= 0.000503
 largest residual force= 0.000087 in node 1771 and dof 1
 largest increment of disp= 7.835756e-05
 largest correction to disp= 3.596824e-06 in node 6588 and dof 1

 no convergence

 iteration 2

 Using up to 1 cpu(s) for the symmetric stiffness/mass contributions.

 Factoring the system of equations using the symmetric spooles solver
 Using up to 1 cpu(s) for spooles.

 Using up to 1 cpu(s) for the stress calculation.

 average force= 0.001049
 time avg. forc= 0.000503
 largest residual force= 0.000012 in node 1838 and dof 2
 largest increment of disp= 7.835756e-05
 largest correction to disp= 3.440275e-06 in node 6507 and dof 1

 no convergence

 iteration 3

 Using up to 1 cpu(s) for the symmetric stiffness/mass contributions.

 Factoring the system of equations using the symmetric spooles solver
 Using up to 1 cpu(s) for spooles.

 Using up to 1 cpu(s) for the stress calculation.

 average force= 0.001049
 time avg. forc= 0.000503
 largest residual force= 0.000000 in node 1712 and dof 2
 largest increment of disp= 7.835756e-05
 largest correction to disp= 1.552224e-07 in node 6579 and dof 1

 convergence; the increment size is increased to 7.500000e-02

 the increment size exceeds the maximum allowed and is decreased to 5.000000e-02

 increment 15 attempt 1 
 increment size= 5.000000e-02
 sum of previous increments=6.375000e-01
 actual step time=6.875000e-01
 actual total time=6.875000e-01

 iteration 1

 Using up to 1 cpu(s) for the stress calculation.

 Using up to 1 cpu(s) for the symmetric stiffness/mass contributions.

 Factoring the system of equations using the symmetric spooles solver
 Using up to 1 cpu(s) for spooles.

 Using up to 1 cpu(s) for the stress calculation.

 average force= 0.001114
 time avg. forc= 0.000543
 largest residual force= 0.000071 in node 1771 and dof 1
 largest increment of disp= 7.840857e-05
 largest correction to disp= 3.040444e-06 in node 6576 and dof 1

 no convergence

 iteration 2

 Using up to 1 cpu(s) for the symmetric stiffness/mass contributions.

 Factoring the system of equations using the symmetric spooles solver
 Using up to 1 cpu(s) for spooles.

 Using up to 1 cpu(s) for the stress calculation.

 average force= 0.001113
 time avg. forc= 0.000543
 largest residual force= 0.000006 in node 1710 and dof 2
 largest increment of disp= 7.840857e-05
 largest correction to disp= 2.690140e-06 in node 6519 and dof 1

 no convergence

 iteration 3

 Using up to 1 cpu(s) for the symmetric stiffness/mass contributions.

 Factoring the system of equations using the symmetric spooles solver
 Using up to 1 cpu(s) for spooles.

 Using up to 1 cpu(s) for the stress calculation.

 average force= 0.001113
 time avg. forc= 0.000543
 largest residual force= 0.000000 in node 1712 and dof 2
 largest increment of disp= 7.840857e-05
 largest correction to disp= 8.822436e-08 in node 6591 and dof 1

 convergence; the increment size is increased to 7.500000e-02

 the increment size exceeds the maximum allowed and is decreased to 5.000000e-02

 Using up to 1 cpu(s) for the stress calculation.

 increment 16 attempt 1 
 increment size= 5.000000e-02
 sum of previous increments=6.875000e-01
 actual step time=7.375000e-01
 actual total time=7.375000e-01

 iteration 1

 Using up to 1 cpu(s) for the stress calculation.

 Using up to 1 cpu(s) for the symmetric stiffness/mass contributions.

 Factoring the system of equations using the symmetric spooles solver
 Using up to 1 cpu(s) for spooles.

 Using up to 1 cpu(s) for the stress calculation.

 average force= 0.001177
 time avg. forc= 0.000583
 largest residual force= 0.000057 in node 1771 and dof 1
 largest increment of disp= 7.839849e-05
 largest correction to disp= 2.586721e-06 in node 6579 and dof 1

 no convergence

 iteration 2

 Using up to 1 cpu(s) for the symmetric stiffness/mass contributions.

 Factoring the system of equations using the symmetric spooles solver
 Using up to 1 cpu(s) for spooles.

 Using up to 1 cpu(s) for the stress calculation.

 average force= 0.001177
 time avg. forc= 0.000583
 largest residual force= 0.000009 in node 1701 and dof 2
 largest increment of disp= 7.839849e-05
 largest correction to disp= 2.398488e-06 in node 6507 and dof 1

 no convergence

 iteration 3

 Using up to 1 cpu(s) for the symmetric stiffness/mass contributions.

 Factoring the system of equations using the symmetric spooles solver
 Using up to 1 cpu(s) for spooles.

 Using up to 1 cpu(s) for the stress calculation.

 average force= 0.001177
 time avg. forc= 0.000583
 largest residual force= 0.000000 in node 1712 and dof 2
 largest increment of disp= 7.839849e-05
 largest correction to disp= 6.845777e-08 in node 6591 and dof 1

 convergence; the increment size is increased to 7.500000e-02

 the increment size exceeds the maximum allowed and is decreased to 5.000000e-02

 increment 17 attempt 1 
 increment size= 5.000000e-02
 sum of previous increments=7.375000e-01
 actual step time=7.875000e-01
 actual total time=7.875000e-01

 iteration 1

 Using up to 1 cpu(s) for the stress calculation.

 Using up to 1 cpu(s) for the symmetric stiffness/mass contributions.

 Factoring the system of equations using the symmetric spooles solver
 Using up to 1 cpu(s) for spooles.

 Using up to 1 cpu(s) for the stress calculation.

 average force= 0.001240
 time avg. forc= 0.000621
 largest residual force= 0.000057 in node 1830 and dof 2
 largest increment of disp= 7.834121e-05
 largest correction to disp= 2.358882e-06 in node 6579 and dof 1

 no convergence

 iteration 2

 Using up to 1 cpu(s) for the symmetric stiffness/mass contributions.

 Factoring the system of equations using the symmetric spooles solver
 Using up to 1 cpu(s) for spooles.

 Using up to 1 cpu(s) for the stress calculation.

 average force= 0.001239
 time avg. forc= 0.000621
 largest residual force= 0.000039 in node 1706 and dof 2
 largest increment of disp= 7.834121e-05
 largest correction to disp= 2.613128e-06 in node 6507 and dof 1

 no convergence

 iteration 3

 Using up to 1 cpu(s) for the symmetric stiffness/mass contributions.

 Factoring the system of equations using the symmetric spooles solver
 Using up to 1 cpu(s) for spooles.

 Using up to 1 cpu(s) for the stress calculation.

 average force= 0.001239
 time avg. forc= 0.000621
 largest residual force= 0.000000 in node 1712 and dof 2
 largest increment of disp= 7.834121e-05
 largest correction to disp= 7.660090e-08 in node 6591 and dof 1

 convergence; the increment size is increased to 7.500000e-02

 the increment size exceeds the maximum allowed and is decreased to 5.000000e-02

 increment 18 attempt 1 
 increment size= 5.000000e-02
 sum of previous increments=7.875000e-01
 actual step time=8.375000e-01
 actual total time=8.375000e-01

 iteration 1

 Using up to 1 cpu(s) for the stress calculation.

 Using up to 1 cpu(s) for the symmetric stiffness/mass contributions.

 Factoring the system of equations using the symmetric spooles solver
 Using up to 1 cpu(s) for spooles.

 Using up to 1 cpu(s) for the stress calculation.

 average force= 0.001302
 time avg. forc= 0.000659
 largest residual force= 0.000100 in node 1707 and dof 2
 largest increment of disp= 7.825261e-05
 largest correction to disp= 2.310244e-06 in node 6579 and dof 1

 no convergence

 iteration 2

 Using up to 1 cpu(s) for the symmetric stiffness/mass contributions.

 Factoring the system of equations using the symmetric spooles solver
 Using up to 1 cpu(s) for spooles.

 Using up to 1 cpu(s) for the stress calculation.

 average force= 0.001301
 time avg. forc= 0.000659
 largest residual force= 0.000144 in node 1706 and dof 2
 largest increment of disp= 7.825261e-05
 largest correction to disp= 3.801834e-06 in node 6564 and dof 1

 no convergence

 iteration 3

 Using up to 1 cpu(s) for the symmetric stiffness/mass contributions.

 Factoring the system of equations using the symmetric spooles solver
 Using up to 1 cpu(s) for spooles.

 Using up to 1 cpu(s) for the stress calculation.

 average force= 0.001301
 time avg. forc= 0.000659
 largest residual force= 0.000000 in node 1712 and dof 2
 largest increment of disp= 7.825261e-05
 largest correction to disp= 1.577967e-07 in node 6519 and dof 1

 convergence; the increment size is increased to 7.500000e-02

 the increment size exceeds the maximum allowed and is decreased to 5.000000e-02

 increment 19 attempt 1 
 increment size= 5.000000e-02
 sum of previous increments=8.375000e-01
 actual step time=8.875000e-01
 actual total time=8.875000e-01

 iteration 1

 Using up to 1 cpu(s) for the stress calculation.

 Using up to 1 cpu(s) for the symmetric stiffness/mass contributions.

 Factoring the system of equations using the symmetric spooles solver
 Using up to 1 cpu(s) for spooles.

 Using up to 1 cpu(s) for the stress calculation.

 average force= 0.001363
 time avg. forc= 0.000696
 largest residual force= 0.000203 in node 1707 and dof 2
 largest increment of disp= 7.813993e-05
 largest correction to disp= 2.972125e-06 in node 6507 and dof 1

 no convergence

 iteration 2

 Using up to 1 cpu(s) for the symmetric stiffness/mass contributions.

 Factoring the system of equations using the symmetric spooles solver
 Using up to 1 cpu(s) for spooles.

 Using up to 1 cpu(s) for the stress calculation.

 average force= 0.001363
 time avg. forc= 0.000696
 largest residual force= 0.000454 in node 1706 and dof 2
 largest increment of disp= 7.813993e-05
 largest correction to disp= 7.872417e-06 in node 6564 and dof 1

 no convergence

 iteration 3

 Using up to 1 cpu(s) for the symmetric stiffness/mass contributions.

 Factoring the system of equations using the symmetric spooles solver
 Using up to 1 cpu(s) for spooles.

 Using up to 1 cpu(s) for the stress calculation.

 average force= 0.001363
 time avg. forc= 0.000696
 largest residual force= 0.000000 in node 1218 and dof 1
 largest increment of disp= 7.813993e-05
 largest correction to disp= 7.416408e-07 in node 6519 and dof 1

 convergence; the increment size is increased to 7.500000e-02

 the increment size exceeds the maximum allowed and is decreased to 5.000000e-02

 increment 20 attempt 1 
 increment size= 5.000000e-02
 sum of previous increments=8.875000e-01
 actual step time=9.375000e-01
 actual total time=9.375000e-01

 iteration 1

 Using up to 1 cpu(s) for the stress calculation.

 Using up to 1 cpu(s) for the symmetric stiffness/mass contributions.

 Factoring the system of equations using the symmetric spooles solver
 Using up to 1 cpu(s) for spooles.

 Using up to 1 cpu(s) for the stress calculation.

 average force= 0.001425
 time avg. forc= 0.000733
 largest residual force= 0.000398 in node 1707 and dof 2
 largest increment of disp= 7.798500e-05
 largest correction to disp= 4.800345e-06 in node 6507 and dof 1

 no convergence

 iteration 2

 Using up to 1 cpu(s) for the symmetric stiffness/mass contributions.

 Factoring the system of equations using the symmetric spooles solver
 Using up to 1 cpu(s) for spooles.

 Using up to 1 cpu(s) for the stress calculation.

 average force= 0.001426
 time avg. forc= 0.000733
 largest residual force= 0.002256 in node 1831 and dof 2
 largest increment of disp= 7.798500e-05
 largest correction to disp= 2.926426e-05 in node 6507 and dof 1

 no convergence

 iteration 3

 Using up to 1 cpu(s) for the symmetric stiffness/mass contributions.

 Factoring the system of equations using the symmetric spooles solver
 Using up to 1 cpu(s) for spooles.

 Using up to 1 cpu(s) for the stress calculation.

 average force= 0.001426
 time avg. forc= 0.000733
 largest residual force= 0.000004 in node 1218 and dof 1
 largest increment of disp= 7.798500e-05
 largest correction to disp= 4.069887e-06 in node 6510 and dof 1

 no convergence

 iteration 4

 Using up to 1 cpu(s) for the symmetric stiffness/mass contributions.

 Factoring the system of equations using the symmetric spooles solver
 Using up to 1 cpu(s) for spooles.

 Using up to 1 cpu(s) for the stress calculation.

 average force= 0.001426
 time avg. forc= 0.000733
 largest residual force= 0.000063 in node 1218 and dof 1
 largest increment of disp= 7.798500e-05
 largest correction to disp= 1.490226e-05 in node 6507 and dof 1

 no convergence

 iteration 5

 Using up to 1 cpu(s) for the symmetric stiffness/mass contributions.

 Factoring the system of equations using the symmetric spooles solver
 Using up to 1 cpu(s) for spooles.

 Using up to 1 cpu(s) for the stress calculation.

 average force= 0.001426
 time avg. forc= 0.000733
 largest residual force= 0.000002 in node 1218 and dof 1
 largest increment of disp= 7.798500e-05
 largest correction to disp= 2.383135e-06 in node 6510 and dof 1

 no convergence

 iteration 6

 Using up to 1 cpu(s) for the symmetric stiffness/mass contributions.

 Factoring the system of equations using the symmetric spooles solver
 Using up to 1 cpu(s) for spooles.

 Using up to 1 cpu(s) for the stress calculation.

 average force= 0.001426
 time avg. forc= 0.000733
 largest residual force= 0.000004 in node 1218 and dof 1
 largest increment of disp= 7.798500e-05
 largest correction to disp= 3.937945e-06 in node 6507 and dof 1

 no convergence

 iteration 7

 Using up to 1 cpu(s) for the symmetric stiffness/mass contributions.

 Factoring the system of equations using the symmetric spooles solver
 Using up to 1 cpu(s) for spooles.

 Using up to 1 cpu(s) for the stress calculation.

 average force= 0.001426
 time avg. forc= 0.000733
 largest residual force= 0.000000 in node 1218 and dof 1
 largest increment of disp= 7.798500e-05
 largest correction to disp= 5.029297e-07 in node 6519 and dof 1

 convergence

 Using up to 1 cpu(s) for the stress calculation.

 increment 21 attempt 1 
 increment size= 5.000000e-02
 sum of previous increments=9.375000e-01
 actual step time=9.875000e-01
 actual total time=9.875000e-01

 iteration 1

 Using up to 1 cpu(s) for the stress calculation.

 Using up to 1 cpu(s) for the symmetric stiffness/mass contributions.

 Factoring the system of equations using the symmetric spooles solver
 Using up to 1 cpu(s) for spooles.

 Using up to 1 cpu(s) for the stress calculation.

 average force= 0.001492
 time avg. forc= 0.000769
 largest residual force= 0.000531 in node 1707 and dof 2
 largest increment of disp= 7.790752e-05
 largest correction to disp= 1.046656e-05 in node 6498 and dof 1

 no convergence

 iteration 2

 Using up to 1 cpu(s) for the symmetric stiffness/mass contributions.

 Factoring the system of equations using the symmetric spooles solver
 Using up to 1 cpu(s) for spooles.

 Using up to 1 cpu(s) for the stress calculation.

 average force= 0.001516
 time avg. forc= 0.000770
 largest residual force= 0.026658 in node 1707 and dof 2
 largest increment of disp= 2.551704e-04
 largest correction to disp= 2.551704e-04 in node 6522 and dof 1

 no convergence

 iteration 3

 Using up to 1 cpu(s) for the symmetric stiffness/mass contributions.

 Factoring the system of equations using the symmetric spooles solver
 Using up to 1 cpu(s) for spooles.

 Using up to 1 cpu(s) for the stress calculation.

 average force= 0.001498
 time avg. forc= 0.000769
 largest residual force= 0.005560 in node 1764 and dof 1
 largest increment of disp= 2.551704e-04
 largest correction to disp= 2.446645e-05 in node 6524 and dof 1

 no convergence

 iteration 4

 Using up to 1 cpu(s) for the symmetric stiffness/mass contributions.

 Factoring the system of equations using the symmetric spooles solver
 Using up to 1 cpu(s) for spooles.

 Using up to 1 cpu(s) for the stress calculation.

 average force= 0.001499
 time avg. forc= 0.000769
 largest residual force= 0.004535 in node 1222 and dof 1
 largest increment of disp= 2.551704e-04
 largest correction to disp= 1.802818e-04 in node 6534 and dof 1

 no convergence

 iteration 5

 Using up to 1 cpu(s) for the symmetric stiffness/mass contributions.

 Factoring the system of equations using the symmetric spooles solver
 Using up to 1 cpu(s) for spooles.

 Using up to 1 cpu(s) for the stress calculation.

 average force= 0.001496
 time avg. forc= 0.000769
 largest residual force= 0.000284 in node 1757 and dof 1
 largest increment of disp= 2.551704e-04
 largest correction to disp= 1.420995e-05 in node 6567 and dof 1

 no convergence

 iteration 6

 Using up to 1 cpu(s) for the symmetric stiffness/mass contributions.

 Factoring the system of equations using the symmetric spooles solver
 Using up to 1 cpu(s) for spooles.

 Using up to 1 cpu(s) for the stress calculation.

 average force= 0.001529
 time avg. forc= 0.000771
 largest residual force= 0.018195 in node 1214 and dof 1
 largest increment of disp= 3.769361e-04
 largest correction to disp= 3.769361e-04 in node 6510 and dof 1

 no convergence

 iteration 7

 Using up to 1 cpu(s) for the symmetric stiffness/mass contributions.

 Factoring the system of equations using the symmetric spooles solver
 Using up to 1 cpu(s) for spooles.

 Using up to 1 cpu(s) for the stress calculation.

 average force= 0.001497
 time avg. forc= 0.000769
 largest residual force= 0.032924 in node 1211 and dof 1
 largest increment of disp= 3.769361e-04
 largest correction to disp= 6.927744e-05 in node 6522 and dof 2

 divergence; the increment size is decreased to 1.250000e-02
 the increment is reattempted

 increment 21 attempt 2 
 increment size= 1.250000e-02
 sum of previous increments=9.375000e-01
 actual step time=9.500000e-01
 actual total time=9.500000e-01

 iteration 1

 Using up to 1 cpu(s) for the stress calculation.

 Using up to 1 cpu(s) for the symmetric stiffness/mass contributions.

 Factoring the system of equations using the symmetric spooles solver
 Using up to 1 cpu(s) for spooles.

 Using up to 1 cpu(s) for the stress calculation.

 average force= 0.001442
 time avg. forc= 0.000767
 largest residual force= 0.000100 in node 1707 and dof 2
 largest increment of disp= 1.947688e-05
 largest correction to disp= 5.214184e-06 in node 6498 and dof 1

 no convergence

 iteration 2

 Using up to 1 cpu(s) for the symmetric stiffness/mass contributions.

 Factoring the system of equations using the symmetric spooles solver
 Using up to 1 cpu(s) for spooles.

 Using up to 1 cpu(s) for the stress calculation.

 average force= 0.001443
 time avg. forc= 0.000767
 largest residual force= 0.003764 in node 1218 and dof 1
 largest increment of disp= 1.130782e-04
 largest correction to disp= 1.130782e-04 in node 6519 and dof 1

 no convergence

 iteration 3

 Using up to 1 cpu(s) for the symmetric stiffness/mass contributions.

 Factoring the system of equations using the symmetric spooles solver
 Using up to 1 cpu(s) for spooles.

 Using up to 1 cpu(s) for the stress calculation.

 average force= 0.001442
 time avg. forc= 0.000767
 largest residual force= 0.000120 in node 1227 and dof 1
 largest increment of disp= 1.130782e-04
 largest correction to disp= 1.025637e-05 in node 6498 and dof 1

 no convergence

 iteration 4

 Using up to 1 cpu(s) for the symmetric stiffness/mass contributions.

 Factoring the system of equations using the symmetric spooles solver
 Using up to 1 cpu(s) for spooles.

 Using up to 1 cpu(s) for the stress calculation.

 average force= 0.001495
 time avg. forc= 0.000769
 largest residual force= 0.036783 in node 1218 and dof 1
 largest increment of disp= 4.481259e-04
 largest correction to disp= 4.481259e-04 in node 6534 and dof 1

 no convergence

 iteration 5

 Using up to 1 cpu(s) for the symmetric stiffness/mass contributions.

 Factoring the system of equations using the symmetric spooles solver
 Using up to 1 cpu(s) for spooles.

 Using up to 1 cpu(s) for the stress calculation.

 average force= 0.002484
 time avg. forc= 0.000816
 largest residual force= 3.625650 in node 1760 and dof 1
 largest increment of disp= 7.687999e-04
 largest correction to disp= 7.687999e-04 in node 6438 and dof 2

 divergence; the increment size is decreased to 3.125000e-03
 the increment is reattempted

 increment 21 attempt 3 
 increment size= 3.125000e-03
 sum of previous increments=9.375000e-01
 actual step time=9.406250e-01
 actual total time=9.406250e-01

 iteration 1

 Using up to 1 cpu(s) for the stress calculation.

 Using up to 1 cpu(s) for the symmetric stiffness/mass contributions.

 Factoring the system of equations using the symmetric spooles solver
 Using up to 1 cpu(s) for spooles.

 Using up to 1 cpu(s) for the stress calculation.

 average force= 0.001430
 time avg. forc= 0.000766
 largest residual force= 0.000012 in node 1707 and dof 2
 largest increment of disp= 4.869220e-06
 largest correction to disp= 3.428624e-06 in node 6522 and dof 1

 no convergence

 iteration 2

 Using up to 1 cpu(s) for the symmetric stiffness/mass contributions.

 Factoring the system of equations using the symmetric spooles solver
 Using up to 1 cpu(s) for spooles.

 Using up to 1 cpu(s) for the stress calculation.

 average force= 0.001430
 time avg. forc= 0.000766
 largest residual force= 0.000059 in node 1218 and dof 1
 largest increment of disp= 1.439164e-05
 largest correction to disp= 1.439164e-05 in node 6519 and dof 1

 no convergence

 iteration 3

 Using up to 1 cpu(s) for the symmetric stiffness/mass contributions.

 Factoring the system of equations using the symmetric spooles solver
 Using up to 1 cpu(s) for spooles.

 Using up to 1 cpu(s) for the stress calculation.

 average force= 0.001430
 time avg. forc= 0.000766
 largest residual force= 0.000001 in node 1218 and dof 1
 largest increment of disp= 1.439164e-05
 largest correction to disp= 2.419190e-06 in node 6522 and dof 1

 no convergence

 iteration 4

 Using up to 1 cpu(s) for the symmetric stiffness/mass contributions.

 Factoring the system of equations using the symmetric spooles solver
 Using up to 1 cpu(s) for spooles.

 Using up to 1 cpu(s) for the stress calculation.

 average force= 0.001430
 time avg. forc= 0.000766
 largest residual force= 0.000057 in node 1767 and dof 1
 largest increment of disp= 1.439164e-05
 largest correction to disp= 1.304664e-05 in node 6519 and dof 1

 no convergence

 iteration 5

 Using up to 1 cpu(s) for the symmetric stiffness/mass contributions.

 Factoring the system of equations using the symmetric spooles solver
 Using up to 1 cpu(s) for spooles.

 Using up to 1 cpu(s) for the stress calculation.

 average force= 0.001430
 time avg. forc= 0.000766
 largest residual force= 0.000746 in node 1836 and dof 2
 largest increment of disp= 1.439164e-05
 largest correction to disp= 6.383879e-06 in node 1771 and dof 2

 divergence; the increment size is decreased to 7.812500e-04
 the increment is reattempted

 increment 21 attempt 4 
 increment size= 7.812500e-04
 sum of previous increments=9.375000e-01
 actual step time=9.382813e-01
 actual total time=9.382813e-01

 iteration 1

 Using up to 1 cpu(s) for the stress calculation.

 Using up to 1 cpu(s) for the symmetric stiffness/mass contributions.

 Factoring the system of equations using the symmetric spooles solver
 Using up to 1 cpu(s) for spooles.

 Using up to 1 cpu(s) for the stress calculation.

 average force= 0.001427
 time avg. forc= 0.000766
 largest residual force= 0.000001 in node 1831 and dof 2
 largest increment of disp= 1.983263e-06
 largest correction to disp= 1.983263e-06 in node 6507 and dof 1

 no convergence

 iteration 2

 Using up to 1 cpu(s) for the symmetric stiffness/mass contributions.

 Factoring the system of equations using the symmetric spooles solver
 Using up to 1 cpu(s) for spooles.

 Using up to 1 cpu(s) for the stress calculation.

 average force= 0.001427
 time avg. forc= 0.000766
 largest residual force= 0.000001 in node 1218 and dof 1
 largest increment of disp= 1.989918e-06
 largest correction to disp= 1.989918e-06 in node 6519 and dof 1

 no convergence

 iteration 3

 Using up to 1 cpu(s) for the symmetric stiffness/mass contributions.

 Factoring the system of equations using the symmetric spooles solver
 Using up to 1 cpu(s) for spooles.

 Using up to 1 cpu(s) for the stress calculation.

 average force= 0.001427
 time avg. forc= 0.000766
 largest residual force= 0.000000 in node 1836 and dof 2
 largest increment of disp= 1.989918e-06
 largest correction to disp= 2.636202e-07 in node 6507 and dof 1

 convergence

 increment 22 attempt 1 
 increment size= 7.812500e-04
 sum of previous increments=9.382813e-01
 actual step time=9.390625e-01
 actual total time=9.390625e-01

 iteration 1

 Using up to 1 cpu(s) for the stress calculation.

 Using up to 1 cpu(s) for the symmetric stiffness/mass contributions.

 Factoring the system of equations using the symmetric spooles solver
 Using up to 1 cpu(s) for spooles.

 Using up to 1 cpu(s) for the stress calculation.

 average force= 0.001428
 time avg. forc= 0.000796
 largest residual force= 0.000122 in node 1712 and dof 2
 largest increment of disp= 5.136449e-06
 largest correction to disp= 2.572862e-06 in node 1771 and dof 2

 no convergence

 iteration 2

 Using up to 1 cpu(s) for the symmetric stiffness/mass contributions.

 Factoring the system of equations using the symmetric spooles solver
 Using up to 1 cpu(s) for spooles.

 Using up to 1 cpu(s) for the stress calculation.

 average force= 0.001428
 time avg. forc= 0.000796
 largest residual force= 0.004575 in node 1712 and dof 2
 largest increment of disp= 1.595939e-05
 largest correction to disp= 1.595939e-05 in node 1771 and dof 2

 no convergence

 iteration 3

 Using up to 1 cpu(s) for the symmetric stiffness/mass contributions.

 Factoring the system of equations using the symmetric spooles solver
 Using up to 1 cpu(s) for spooles.

 Using up to 1 cpu(s) for the stress calculation.

 average force= 0.001444
 time avg. forc= 0.000797
 largest residual force= 0.028072 in node 1771 and dof 1
 largest increment of disp= 4.293856e-05
 largest correction to disp= 4.293856e-05 in node 1771 and dof 2

 no convergence

 iteration 4

 Using up to 1 cpu(s) for the symmetric stiffness/mass contributions.

 Factoring the system of equations using the symmetric spooles solver
 Using up to 1 cpu(s) for spooles.

 Using up to 1 cpu(s) for the stress calculation.

 average force= 0.001428
 time avg. forc= 0.000796
 largest residual force= 0.005862 in node 1771 and dof 1
 largest increment of disp= 4.293856e-05
 largest correction to disp= 2.033446e-05 in node 1771 and dof 2

 divergence; the increment size is decreased to 1.953125e-04
 the increment is reattempted

 increment 22 attempt 2 
 increment size= 1.953125e-04
 sum of previous increments=9.382813e-01
 actual step time=9.384766e-01
 actual total time=9.384766e-01

 iteration 1

 Using up to 1 cpu(s) for the stress calculation.

 Using up to 1 cpu(s) for the symmetric stiffness/mass contributions.

 Factoring the system of equations using the symmetric spooles solver
 Using up to 1 cpu(s) for spooles.

 Using up to 1 cpu(s) for the stress calculation.

 average force= 0.001427
 time avg. forc= 0.000796
 largest residual force= 0.000048 in node 1712 and dof 2
 largest increment of disp= 1.615396e-06
 largest correction to disp= 1.615396e-06 in node 1771 and dof 2

 no convergence

 iteration 2

 Using up to 1 cpu(s) for the symmetric stiffness/mass contributions.

 Factoring the system of equations using the symmetric spooles solver
 Using up to 1 cpu(s) for spooles.

 Using up to 1 cpu(s) for the stress calculation.

 average force= 0.001427
 time avg. forc= 0.000796
 largest residual force= 0.001907 in node 1712 and dof 2
 largest increment of disp= 1.022237e-05
 largest correction to disp= 1.022237e-05 in node 1771 and dof 2

 no convergence

 iteration 3

 Using up to 1 cpu(s) for the symmetric stiffness/mass contributions.

 Factoring the system of equations using the symmetric spooles solver
 Using up to 1 cpu(s) for spooles.

 Using up to 1 cpu(s) for the stress calculation.

 average force= 0.001443
 time avg. forc= 0.000797
 largest residual force= 0.027386 in node 1771 and dof 1
 largest increment of disp= 4.175501e-05
 largest correction to disp= 4.175501e-05 in node 1771 and dof 2

 no convergence

 iteration 4

 Using up to 1 cpu(s) for the symmetric stiffness/mass contributions.

 Factoring the system of equations using the symmetric spooles solver
 Using up to 1 cpu(s) for spooles.

 Using up to 1 cpu(s) for the stress calculation.

 average force= 0.001428
 time avg. forc= 0.000796
 largest residual force= 0.008181 in node 1771 and dof 1
 largest increment of disp= 4.175501e-05
 largest correction to disp= 2.373071e-05 in node 1771 and dof 2

 divergence; the increment size is decreased to 4.882813e-05
 the increment is reattempted

 increment 22 attempt 3 
 increment size= 4.882813e-05
 sum of previous increments=9.382813e-01
 actual step time=9.383301e-01
 actual total time=9.383301e-01

 iteration 1

 Using up to 1 cpu(s) for the stress calculation.

 Using up to 1 cpu(s) for the symmetric stiffness/mass contributions.

 Factoring the system of equations using the symmetric spooles solver
 Using up to 1 cpu(s) for spooles.

 Using up to 1 cpu(s) for the stress calculation.

 average force= 0.001427
 time avg. forc= 0.000796
 largest residual force= 0.000035 in node 1712 and dof 2
 largest increment of disp= 1.372920e-06
 largest correction to disp= 1.372920e-06 in node 1771 and dof 2

 no convergence

 iteration 2

 Using up to 1 cpu(s) for the symmetric stiffness/mass contributions.

 Factoring the system of equations using the symmetric spooles solver
 Using up to 1 cpu(s) for spooles.

 Using up to 1 cpu(s) for the stress calculation.

 average force= 0.001427
 time avg. forc= 0.000796
 largest residual force= 0.001391 in node 1712 and dof 2
 largest increment of disp= 8.717079e-06
 largest correction to disp= 8.717079e-06 in node 1771 and dof 2

 no convergence

 iteration 3

 Using up to 1 cpu(s) for the symmetric stiffness/mass contributions.

 Factoring the system of equations using the symmetric spooles solver
 Using up to 1 cpu(s) for spooles.

 Using up to 1 cpu(s) for the stress calculation.

 average force= 0.001440
 time avg. forc= 0.000796
 largest residual force= 0.025130 in node 1831 and dof 2
 largest increment of disp= 3.948642e-05
 largest correction to disp= 3.948642e-05 in node 1771 and dof 2

 no convergence

 iteration 4

 Using up to 1 cpu(s) for the symmetric stiffness/mass contributions.

 Factoring the system of equations using the symmetric spooles solver
 Using up to 1 cpu(s) for spooles.

 Using up to 1 cpu(s) for the stress calculation.

 average force= 0.001428
 time avg. forc= 0.000796
 largest residual force= 0.009388 in node 1771 and dof 1
 largest increment of disp= 3.948642e-05
 largest correction to disp= 2.531016e-05 in node 1771 and dof 2

 divergence; the increment size is decreased to 1.220703e-05
 the increment is reattempted

 increment 22 attempt 4 
 increment size= 1.220703e-05
 sum of previous increments=9.382813e-01
 actual step time=9.382935e-01
 actual total time=9.382935e-01

 iteration 1

 Using up to 1 cpu(s) for the stress calculation.

 Using up to 1 cpu(s) for the symmetric stiffness/mass contributions.

 Factoring the system of equations using the symmetric spooles solver
 Using up to 1 cpu(s) for spooles.

 Using up to 1 cpu(s) for the stress calculation.

 average force= 0.001427
 time avg. forc= 0.000796
 largest residual force= 0.000032 in node 1836 and dof 2
 largest increment of disp= 1.312183e-06
 largest correction to disp= 1.312183e-06 in node 1771 and dof 2

 no convergence

 iteration 2

 Using up to 1 cpu(s) for the symmetric stiffness/mass contributions.

 Factoring the system of equations using the symmetric spooles solver
 Using up to 1 cpu(s) for spooles.

 Using up to 1 cpu(s) for the stress calculation.

 average force= 0.001427
 time avg. forc= 0.000796
 largest residual force= 0.001273 in node 1712 and dof 2
 largest increment of disp= 8.337513e-06
 largest correction to disp= 8.337513e-06 in node 1771 and dof 2

 no convergence

 iteration 3

 Using up to 1 cpu(s) for the symmetric stiffness/mass contributions.

 Factoring the system of equations using the symmetric spooles solver
 Using up to 1 cpu(s) for spooles.

 Using up to 1 cpu(s) for the stress calculation.

 average force= 0.001439
 time avg. forc= 0.000796
 largest residual force= 0.024357 in node 1836 and dof 2
 largest increment of disp= 3.872585e-05
 largest correction to disp= 3.872585e-05 in node 1771 and dof 2

 no convergence

 iteration 4

 Using up to 1 cpu(s) for the symmetric stiffness/mass contributions.

 Factoring the system of equations using the symmetric spooles solver
 Using up to 1 cpu(s) for spooles.

 Using up to 1 cpu(s) for the stress calculation.

 average force= 0.001428
 time avg. forc= 0.000796
 largest residual force= 0.009784 in node 1771 and dof 1
 largest increment of disp= 3.872585e-05
 largest correction to disp= 2.581089e-05 in node 1771 and dof 2

 divergence; the increment size is decreased to 3.051758e-06
 the increment is reattempted


 *ERROR: increment size smaller than minimum
 best solution and residuals are in the frd file


