 Container myopenfoam-fsi-run-043eac5898e2 Creating 
 Container myopenfoam-fsi-run-043eac5898e2 Created 
=== on-caso-2 (CCX): polyMesh -> CalculiX .inp ===
[1/5] Lendo polyMesh em ../solid/constant/polyMesh
      nodes=3493, faces=8940, cells=2736, patches=12, zones=['on', 'pia', 'dura', 'lc', 'sclera_peri', 'sclera_ring', 'globo']
[2/5] Reconstruindo conectividade C3D8 (2736 celulas)
      OK
[3/5] Escrevendo malha em on-caso-2_mesh.inp
[4/5] Escrevendo Winkler em on-caso-2_winkler.inp
[5/5] Concluido. Total: 3493 nodes, 2736 hex C3D8I.
=== on-caso-2 (CCX): solver ccx_preCICE -i on-caso-2 ===

************************************************************

CalculiX Version 2.20, Copyright(C) 1998-2022 Guido Dhondt
CalculiX comes with ABSOLUTELY NO WARRANTY. This is free
software, and you are welcome to redistribute it under
certain conditions, see gpl.htm

************************************************************

You are using an executable made on Sun Jul 31 18:08:37 CEST 2022

  The numbers below are estimated upper bounds

  number of:

   nodes:        11950
   elements:         2985
   one-dimensional elements:            0
   two-dimensional elements:            0
   integration points per element:            8
   degrees of freedom per node:            3
   layers per element:            1

   distributed facial loads:          488
   distributed volumetric loads:            0
   concentrated loads:            0
   single point constraints:         1905
   multiple point constraints:            1
   terms in all multiple point constraints:            1
   tie constraints:            0
   dependent nodes tied by cyclic constraints:            0
   dependent nodes in pre-tension constraints:            0

   sets:          283
   terms in all sets:        13403

   materials:          256
   constants per material and temperature:            2
   temperature points per material:            1
   plastic data points per material:            0

   orientations:            0
   amplitudes:            6
   data points in all amplitudes:            9
   print requests:            5
   transformations:            0
   property cards:            0

 *INFO reading *HYPERELASTIC: nonlinear geometric
       effects are turned on

 *INFO reading *HYPERELASTIC: nonlinear geometric
       effects are turned on

 *INFO reading *HYPERELASTIC: nonlinear geometric
       effects are turned on

 *INFO reading *HYPERELASTIC: nonlinear geometric
       effects are turned on

 *INFO reading *HYPERELASTIC: nonlinear geometric
       effects are turned on

 *INFO reading *HYPERELASTIC: nonlinear geometric
       effects are turned on

 *INFO reading *HYPERELASTIC: nonlinear geometric
       effects are turned on

 *INFO reading *STEP: nonlinear geometric
       effects are turned on

 *WARNING reading *STATIC: parameter not recognized:
          RIKS
 *WARNING reading *STATIC. Card image:
          *STATIC,RIKS


 STEP            1

 Static analysis was selected

 Nonlinear material laws are taken into account

 Newton-Raphson iterative procedure is active

 Nonlinear geometric effects are taken into account

 Decascading the MPC's

 Determining the structure of the matrix:
 Using up to 1 cpu(s) for setting up the structure of the matrix.
 number of equations
 34017
 number of nonzero lower triangular matrix elements
 968767

 increment 1 attempt 1 
 increment size= 2.500000e-02
 sum of previous increments=0.000000e+00
 actual step time=2.500000e-02
 actual total time=2.500000e-02

 iteration 1

 Using up to 1 cpu(s) for the stress calculation.

 Using up to 1 cpu(s) for the symmetric stiffness/mass contributions.

 Factoring the system of equations using the symmetric spooles solver
 Using up to 1 cpu(s) for spooles.

 Using up to 1 cpu(s) for the stress calculation.

 average force= 0.000016
 time avg. forc= 0.000016
 largest residual force= 0.000428 in node 1970 and dof 1
 largest increment of disp= 3.746108e-05
 largest correction to disp= 3.746108e-05 in node 2921 and dof 3

 no convergence

 iteration 2

 Using up to 1 cpu(s) for the symmetric stiffness/mass contributions.

 Factoring the system of equations using the symmetric spooles solver
 Using up to 1 cpu(s) for spooles.

 Using up to 1 cpu(s) for the stress calculation.

 average force= 0.000016
 time avg. forc= 0.000016
 largest residual force= 0.000000 in node 2459 and dof 1
 largest increment of disp= 3.746108e-05
 largest correction to disp= 8.155491e-07 in node 2215 and dof 3

 convergence

 increment 2 attempt 1 
 increment size= 2.500000e-02
 sum of previous increments=2.500000e-02
 actual step time=5.000000e-02
 actual total time=5.000000e-02

 iteration 1

 Using up to 1 cpu(s) for the stress calculation.

 Using up to 1 cpu(s) for the symmetric stiffness/mass contributions.

 Factoring the system of equations using the symmetric spooles solver
 Using up to 1 cpu(s) for spooles.

 Using up to 1 cpu(s) for the stress calculation.

 average force= 0.000032
 time avg. forc= 0.000024
 largest residual force= 0.000001 in node 1982 and dof 1
 largest increment of disp= 3.746127e-05
 largest correction to disp= 2.219883e-07 in node 1954 and dof 1

 no convergence

 iteration 2

 Using up to 1 cpu(s) for the symmetric stiffness/mass contributions.

 Factoring the system of equations using the symmetric spooles solver
 Using up to 1 cpu(s) for spooles.

 Using up to 1 cpu(s) for the stress calculation.

 average force= 0.000032
 time avg. forc= 0.000024
 largest residual force= 0.000000 in node 1970 and dof 1
 largest increment of disp= 3.746127e-05
 largest correction to disp= 3.461354e-09 in node 1975 and dof 1

 convergence; the increment size is increased to 3.750000e-02

 increment 3 attempt 1 
 increment size= 3.750000e-02
 sum of previous increments=5.000000e-02
 actual step time=8.750000e-02
 actual total time=8.750000e-02

 iteration 1

 Using up to 1 cpu(s) for the stress calculation.

 Using up to 1 cpu(s) for the symmetric stiffness/mass contributions.

 Factoring the system of equations using the symmetric spooles solver
 Using up to 1 cpu(s) for spooles.

 Using up to 1 cpu(s) for the stress calculation.

 average force= 0.000057
 time avg. forc= 0.000035
 largest residual force= 0.000004 in node 1777 and dof 1
 largest increment of disp= 5.619260e-05
 largest correction to disp= 3.259728e-07 in node 8180 and dof 1

 no convergence

 iteration 2

 Using up to 1 cpu(s) for the symmetric stiffness/mass contributions.

 Factoring the system of equations using the symmetric spooles solver
 Using up to 1 cpu(s) for spooles.

 Using up to 1 cpu(s) for the stress calculation.

 average force= 0.000057
 time avg. forc= 0.000035
 largest residual force= 0.000000 in node 1783 and dof 1
 largest increment of disp= 5.619260e-05
 largest correction to disp= 1.277920e-08 in node 8198 and dof 1

 convergence; the increment size is increased to 5.625000e-02

 the increment size exceeds the maximum allowed and is decreased to 5.000000e-02

 increment 4 attempt 1 
 increment size= 5.000000e-02
 sum of previous increments=8.750000e-02
 actual step time=1.375000e-01
 actual total time=1.375000e-01

 iteration 1

 Using up to 1 cpu(s) for the stress calculation.

 Using up to 1 cpu(s) for the symmetric stiffness/mass contributions.

 Factoring the system of equations using the symmetric spooles solver
 Using up to 1 cpu(s) for spooles.

 Using up to 1 cpu(s) for the stress calculation.

 average force= 0.000093
 time avg. forc= 0.000049
 largest residual force= 0.000670 in node 1783 and dof 1
 largest increment of disp= 7.492553e-05
 largest correction to disp= 4.289516e-06 in node 8195 and dof 1

 no convergence

 iteration 2

 Using up to 1 cpu(s) for the symmetric stiffness/mass contributions.

 Factoring the system of equations using the symmetric spooles solver
 Using up to 1 cpu(s) for spooles.

 Using up to 1 cpu(s) for the stress calculation.

 average force= 0.000092
 time avg. forc= 0.000049
 largest residual force= 0.000019 in node 1783 and dof 1
 largest increment of disp= 7.492553e-05
 largest correction to disp= 7.347545e-07 in node 8195 and dof 1

 no convergence

 iteration 3

 Using up to 1 cpu(s) for the symmetric stiffness/mass contributions.

 Factoring the system of equations using the symmetric spooles solver
 Using up to 1 cpu(s) for spooles.

 Using up to 1 cpu(s) for the stress calculation.

 average force= 0.000092
 time avg. forc= 0.000049
 largest residual force= 0.000001 in node 1783 and dof 1
 largest increment of disp= 7.492553e-05
 largest correction to disp= 1.730420e-07 in node 8195 and dof 1

 no convergence

 iteration 4

 Using up to 1 cpu(s) for the symmetric stiffness/mass contributions.

 Factoring the system of equations using the symmetric spooles solver
 Using up to 1 cpu(s) for spooles.

 Using up to 1 cpu(s) for the stress calculation.

 average force= 0.000092
 time avg. forc= 0.000049
 largest residual force= 0.000000 in node 1783 and dof 1
 largest increment of disp= 7.492553e-05
 largest correction to disp= 1.177310e-09 in node 8198 and dof 1

 convergence; the increment size is increased to 7.500000e-02

 the increment size exceeds the maximum allowed and is decreased to 5.000000e-02

 increment 5 attempt 1 
 increment size= 5.000000e-02
 sum of previous increments=1.375000e-01
 actual step time=1.875000e-01
 actual total time=1.875000e-01

 iteration 1

 Using up to 1 cpu(s) for the stress calculation.

 Using up to 1 cpu(s) for the symmetric stiffness/mass contributions.

 Factoring the system of equations using the symmetric spooles solver
 Using up to 1 cpu(s) for spooles.

 Using up to 1 cpu(s) for the stress calculation.

 average force= 0.000190
 time avg. forc= 0.000077
 largest residual force= 0.018324 in node 1783 and dof 1
 largest increment of disp= 7.496143e-05
 largest correction to disp= 2.253684e-05 in node 8198 and dof 1

 no convergence

 iteration 2

 Using up to 1 cpu(s) for the symmetric stiffness/mass contributions.

 Factoring the system of equations using the symmetric spooles solver
 Using up to 1 cpu(s) for spooles.

 Using up to 1 cpu(s) for the stress calculation.

 average force= 0.000131
 time avg. forc= 0.000065
 largest residual force= 0.000033 in node 1648 and dof 1
 largest increment of disp= 7.496143e-05
 largest correction to disp= 9.445237e-07 in node 7817 and dof 1

 no convergence

 iteration 3

 Using up to 1 cpu(s) for the symmetric stiffness/mass contributions.

 Factoring the system of equations using the symmetric spooles solver
 Using up to 1 cpu(s) for spooles.

 Using up to 1 cpu(s) for the stress calculation.

 average force= 0.000132
 time avg. forc= 0.000065
 largest residual force= 0.001514 in node 1783 and dof 1
 largest increment of disp= 7.496143e-05
 largest correction to disp= 6.456285e-06 in node 8198 and dof 1

 no convergence

 iteration 4

 Using up to 1 cpu(s) for the symmetric stiffness/mass contributions.

 Factoring the system of equations using the symmetric spooles solver
 Using up to 1 cpu(s) for spooles.

 Using up to 1 cpu(s) for the stress calculation.

 average force= 0.000129
 time avg. forc= 0.000065
 largest residual force= 0.000018 in node 1783 and dof 1
 largest increment of disp= 7.496143e-05
 largest correction to disp= 7.027111e-07 in node 8180 and dof 1

 no convergence

 iteration 5

 Using up to 1 cpu(s) for the symmetric stiffness/mass contributions.

 Factoring the system of equations using the symmetric spooles solver
 Using up to 1 cpu(s) for spooles.

 Using up to 1 cpu(s) for the stress calculation.

 average force= 0.000129
 time avg. forc= 0.000065
 largest residual force= 0.000005 in node 1783 and dof 1
 largest increment of disp= 7.496143e-05
 largest correction to disp= 3.603711e-07 in node 8180 and dof 1

 no convergence

 iteration 6

 Using up to 1 cpu(s) for the symmetric stiffness/mass contributions.

 Factoring the system of equations using the symmetric spooles solver
 Using up to 1 cpu(s) for spooles.

 Using up to 1 cpu(s) for the stress calculation.

 average force= 0.000129
 time avg. forc= 0.000065
 largest residual force= 0.000000 in node 1777 and dof 1
 largest increment of disp= 7.496143e-05
 largest correction to disp= 2.174138e-09 in node 8180 and dof 1

 convergence

 Using up to 1 cpu(s) for the stress calculation.

 increment 6 attempt 1 
 increment size= 5.000000e-02
 sum of previous increments=1.875000e-01
 actual step time=2.375000e-01
 actual total time=2.375000e-01

 iteration 1

 Using up to 1 cpu(s) for the stress calculation.

 Using up to 1 cpu(s) for the symmetric stiffness/mass contributions.

 Factoring the system of equations using the symmetric spooles solver
 Using up to 1 cpu(s) for spooles.

 Using up to 1 cpu(s) for the stress calculation.

 average force= 0.000846
 time avg. forc= 0.000195
 largest residual force= 0.218121 in node 1648 and dof 1
 largest increment of disp= 7.783175e-05
 largest correction to disp= 7.783175e-05 in node 7820 and dof 1

 no convergence

 iteration 2

 Using up to 1 cpu(s) for the symmetric stiffness/mass contributions.

 Factoring the system of equations using the symmetric spooles solver
 Using up to 1 cpu(s) for spooles.

 Using up to 1 cpu(s) for the stress calculation.

 average force= 0.000211
 time avg. forc= 0.000089
 largest residual force= 0.001633 in node 1783 and dof 1
 largest increment of disp= 7.783175e-05
 largest correction to disp= 6.580425e-06 in node 8198 and dof 1

 no convergence

 iteration 3

 Using up to 1 cpu(s) for the symmetric stiffness/mass contributions.

 Factoring the system of equations using the symmetric spooles solver
 Using up to 1 cpu(s) for spooles.

 Using up to 1 cpu(s) for the stress calculation.

 average force= 0.025213
 time avg. forc= 0.004256
 largest residual force= 13.570726 in node 1777 and dof 1
 largest increment of disp= 6.122507e-04
 largest correction to disp= 6.122507e-04 in node 8180 and dof 1

 no convergence

 iteration 4

 Using up to 1 cpu(s) for the symmetric stiffness/mass contributions.

 Factoring the system of equations using the symmetric spooles solver
 Using up to 1 cpu(s) for spooles.

 Using up to 1 cpu(s) for the stress calculation.

 average force= 3.595905
 time avg. forc= 0.599372
 largest residual force= 22102.199238 in node 10457 and dof 2
 largest increment of disp= 2.398371e-03
 largest correction to disp= 2.398371e-03 in node 8054 and dof 2

 divergence; the increment size is decreased to 1.250000e-02
 the increment is reattempted

 increment 6 attempt 2 
 increment size= 1.250000e-02
 sum of previous increments=1.875000e-01
 actual step time=2.000000e-01
 actual total time=2.000000e-01

 iteration 1

 Using up to 1 cpu(s) for the stress calculation.

 Using up to 1 cpu(s) for the symmetric stiffness/mass contributions.

 Factoring the system of equations using the symmetric spooles solver
 Using up to 1 cpu(s) for spooles.

 Using up to 1 cpu(s) for the stress calculation.

 average force= 0.000161
 time avg. forc= 0.000081
 largest residual force= 0.004778 in node 2039 and dof 1
 largest increment of disp= 1.874434e-05
 largest correction to disp= 9.263780e-06 in node 8195 and dof 1

 no convergence

 iteration 2

 Using up to 1 cpu(s) for the symmetric stiffness/mass contributions.

 Factoring the system of equations using the symmetric spooles solver
 Using up to 1 cpu(s) for spooles.

 Using up to 1 cpu(s) for the stress calculation.

 average force= 0.000153
 time avg. forc= 0.000080
 largest residual force= 0.006072 in node 1783 and dof 1
 largest increment of disp= 1.874434e-05
 largest correction to disp= 1.289227e-05 in node 8177 and dof 1

 no convergence

 iteration 3

 Using up to 1 cpu(s) for the symmetric stiffness/mass contributions.

 Factoring the system of equations using the symmetric spooles solver
 Using up to 1 cpu(s) for spooles.

 Using up to 1 cpu(s) for the stress calculation.

 average force= 0.000228
 time avg. forc= 0.000092
 largest residual force= 0.048474 in node 1783 and dof 1
 largest increment of disp= 3.670623e-05
 largest correction to disp= 3.670623e-05 in node 8177 and dof 1

 no convergence

 iteration 4

 Using up to 1 cpu(s) for the symmetric stiffness/mass contributions.

 Factoring the system of equations using the symmetric spooles solver
 Using up to 1 cpu(s) for spooles.

 Using up to 1 cpu(s) for the stress calculation.

 average force= 0.000151
 time avg. forc= 0.000079
 largest residual force= 0.000623 in node 1717 and dof 2
 largest increment of disp= 3.670623e-05
 largest correction to disp= 4.225150e-06 in node 8378 and dof 2

 no convergence

 iteration 5

 Using up to 1 cpu(s) for the symmetric stiffness/mass contributions.

 Factoring the system of equations using the symmetric spooles solver
 Using up to 1 cpu(s) for spooles.

 Using up to 1 cpu(s) for the stress calculation.

 average force= 0.028916
 time avg. forc= 0.004873
 largest residual force= 14.394240 in node 1777 and dof 1
 largest increment of disp= 6.318825e-04
 largest correction to disp= 6.318825e-04 in node 8177 and dof 1

 no convergence

 iteration 6

 Using up to 1 cpu(s) for the symmetric stiffness/mass contributions.

 Factoring the system of equations using the symmetric spooles solver
 Using up to 1 cpu(s) for spooles.

 Using up to 1 cpu(s) for the stress calculation.

 average force= 1.497013
 time avg. forc= 0.249556
 largest residual force= 10958.648552 in node 8283 and dof 1
 largest increment of disp= 3.272898e-03
 largest correction to disp= 3.272898e-03 in node 8279 and dof 2

 divergence; the increment size is decreased to 3.125000e-03
 the increment is reattempted

 increment 6 attempt 3 
 increment size= 3.125000e-03
 sum of previous increments=1.875000e-01
 actual step time=1.906250e-01
 actual total time=1.906250e-01

 iteration 1

 Using up to 1 cpu(s) for the stress calculation.

 Using up to 1 cpu(s) for the symmetric stiffness/mass contributions.

 Factoring the system of equations using the symmetric spooles solver
 Using up to 1 cpu(s) for spooles.

 Using up to 1 cpu(s) for the stress calculation.

 average force= 0.000131
 time avg. forc= 0.000076
 largest residual force= 0.000105 in node 1783 and dof 1
 largest increment of disp= 4.686084e-06
 largest correction to disp= 1.700108e-06 in node 8198 and dof 1

 no convergence

 iteration 2

 Using up to 1 cpu(s) for the symmetric stiffness/mass contributions.

 Factoring the system of equations using the symmetric spooles solver
 Using up to 1 cpu(s) for spooles.

 Using up to 1 cpu(s) for the stress calculation.

 average force= 0.000132
 time avg. forc= 0.000076
 largest residual force= 0.000002 in node 1783 and dof 1
 largest increment of disp= 4.686084e-06
 largest correction to disp= 2.152910e-07 in node 8198 and dof 1

 no convergence

 iteration 3

 Using up to 1 cpu(s) for the symmetric stiffness/mass contributions.

 Factoring the system of equations using the symmetric spooles solver
 Using up to 1 cpu(s) for spooles.

 Using up to 1 cpu(s) for the stress calculation.

 average force= 0.000132
 time avg. forc= 0.000076
 largest residual force= 0.000000 in node 1783 and dof 1
 largest increment of disp= 4.686084e-06
 largest correction to disp= 6.595940e-09 in node 8198 and dof 1

 convergence

 increment 7 attempt 1 
 increment size= 3.125000e-03
 sum of previous increments=1.906250e-01
 actual step time=1.937500e-01
 actual total time=1.937500e-01

 iteration 1

 Using up to 1 cpu(s) for the stress calculation.

 Using up to 1 cpu(s) for the symmetric stiffness/mass contributions.

 Factoring the system of equations using the symmetric spooles solver
 Using up to 1 cpu(s) for spooles.

 Using up to 1 cpu(s) for the stress calculation.

 average force= 0.000134
 time avg. forc= 0.000084
 largest residual force= 0.000017 in node 2039 and dof 1
 largest increment of disp= 4.694539e-06
 largest correction to disp= 5.496532e-07 in node 8726 and dof 1

 no convergence

 iteration 2

 Using up to 1 cpu(s) for the symmetric stiffness/mass contributions.

 Factoring the system of equations using the symmetric spooles solver
 Using up to 1 cpu(s) for spooles.

 Using up to 1 cpu(s) for the stress calculation.

 average force= 0.000134
 time avg. forc= 0.000084
 largest residual force= 0.000000 in node 2039 and dof 1
 largest increment of disp= 4.694539e-06
 largest correction to disp= 3.178124e-08 in node 8732 and dof 1

 convergence; the increment size is increased to 4.687500e-03

 increment 8 attempt 1 
 increment size= 4.687500e-03
 sum of previous increments=1.937500e-01
 actual step time=1.984375e-01
 actual total time=1.984375e-01

 iteration 1

 Using up to 1 cpu(s) for the stress calculation.

 Using up to 1 cpu(s) for the symmetric stiffness/mass contributions.

 Factoring the system of equations using the symmetric spooles solver
 Using up to 1 cpu(s) for spooles.

 Using up to 1 cpu(s) for the stress calculation.

 average force= 0.000139
 time avg. forc= 0.000091
 largest residual force= 0.000174 in node 2039 and dof 1
 largest increment of disp= 7.032914e-06
 largest correction to disp= 1.738575e-06 in node 8732 and dof 1

 no convergence

 iteration 2

 Using up to 1 cpu(s) for the symmetric stiffness/mass contributions.

 Factoring the system of equations using the symmetric spooles solver
 Using up to 1 cpu(s) for spooles.

 Using up to 1 cpu(s) for the stress calculation.

 average force= 0.000139
 time avg. forc= 0.000091
 largest residual force= 0.000018 in node 2039 and dof 1
 largest increment of disp= 7.032914e-06
 largest correction to disp= 5.579473e-07 in node 8726 and dof 1

 no convergence

 iteration 3

 Using up to 1 cpu(s) for the symmetric stiffness/mass contributions.

 Factoring the system of equations using the symmetric spooles solver
 Using up to 1 cpu(s) for spooles.

 Using up to 1 cpu(s) for the stress calculation.

 average force= 0.000139
 time avg. forc= 0.000091
 largest residual force= 0.000000 in node 2039 and dof 1
 largest increment of disp= 7.032914e-06
 largest correction to disp= 4.855464e-08 in node 8732 and dof 1

 convergence; the increment size is increased to 7.031250e-03

 increment 9 attempt 1 
 increment size= 7.031250e-03
 sum of previous increments=1.984375e-01
 actual step time=2.054687e-01
 actual total time=2.054687e-01

 iteration 1

 Using up to 1 cpu(s) for the stress calculation.

 Using up to 1 cpu(s) for the symmetric stiffness/mass contributions.

 Factoring the system of equations using the symmetric spooles solver
 Using up to 1 cpu(s) for spooles.

 Using up to 1 cpu(s) for the stress calculation.

 average force= 0.000153
 time avg. forc= 0.000098
 largest residual force= 0.000381 in node 2039 and dof 1
 largest increment of disp= 1.066609e-05
 largest correction to disp= 2.565066e-06 in node 8726 and dof 1

 no convergence

 iteration 2

 Using up to 1 cpu(s) for the symmetric stiffness/mass contributions.

 Factoring the system of equations using the symmetric spooles solver
 Using up to 1 cpu(s) for spooles.

 Using up to 1 cpu(s) for the stress calculation.

 average force= 0.000181
 time avg. forc= 0.000101
 largest residual force= 0.005425 in node 2039 and dof 1
 largest increment of disp= 1.066609e-05
 largest correction to disp= 9.693259e-06 in node 8726 and dof 1

 no convergence

 iteration 3

 Using up to 1 cpu(s) for the symmetric stiffness/mass contributions.

 Factoring the system of equations using the symmetric spooles solver
 Using up to 1 cpu(s) for spooles.

 Using up to 1 cpu(s) for the stress calculation.

 average force= 0.000162
 time avg. forc= 0.000099
 largest residual force= 0.000000 in node 2039 and dof 1
 largest increment of disp= 1.066609e-05
 largest correction to disp= 1.052199e-07 in node 1975 and dof 3

 convergence; the increment size is increased to 1.054688e-02

 increment 10 attempt 1 
 increment size= 1.054688e-02
 sum of previous increments=2.054687e-01
 actual step time=2.160156e-01
 actual total time=2.160156e-01

 iteration 1

 Using up to 1 cpu(s) for the stress calculation.

 Using up to 1 cpu(s) for the symmetric stiffness/mass contributions.

 Factoring the system of equations using the symmetric spooles solver
 Using up to 1 cpu(s) for spooles.

 Using up to 1 cpu(s) for the stress calculation.

 average force= 0.000207
 time avg. forc= 0.000110
 largest residual force= 0.000039 in node 2039 and dof 1
 largest increment of disp= 2.940689e-05
 largest correction to disp= 1.698706e-06 in node 1976 and dof 3

 no convergence

 iteration 2

 Using up to 1 cpu(s) for the symmetric stiffness/mass contributions.

 Factoring the system of equations using the symmetric spooles solver
 Using up to 1 cpu(s) for spooles.

 Using up to 1 cpu(s) for the stress calculation.

 average force= 0.000210
 time avg. forc= 0.000110
 largest residual force= 0.000269 in node 2459 and dof 1
 largest increment of disp= 2.940689e-05
 largest correction to disp= 2.159216e-06 in node 9482 and dof 1

 no convergence

 iteration 3

 Using up to 1 cpu(s) for the symmetric stiffness/mass contributions.

 Factoring the system of equations using the symmetric spooles solver
 Using up to 1 cpu(s) for spooles.

 Using up to 1 cpu(s) for the stress calculation.

 average force= 0.000210
 time avg. forc= 0.000110
 largest residual force= 0.000000 in node 2459 and dof 1
 largest increment of disp= 2.940689e-05
 largest correction to disp= 7.304761e-08 in node 9452 and dof 1

 convergence; the increment size is increased to 1.582031e-02

 Using up to 1 cpu(s) for the stress calculation.

 increment 11 attempt 1 
 increment size= 1.582031e-02
 sum of previous increments=2.160156e-01
 actual step time=2.318359e-01
 actual total time=2.318359e-01

 iteration 1

 Using up to 1 cpu(s) for the stress calculation.

 Using up to 1 cpu(s) for the symmetric stiffness/mass contributions.

 Factoring the system of equations using the symmetric spooles solver
 Using up to 1 cpu(s) for spooles.

 Using up to 1 cpu(s) for the stress calculation.

 average force= 0.000288
 time avg. forc= 0.000126
 largest residual force= 0.000295 in node 2039 and dof 1
 largest increment of disp= 4.660128e-05
 largest correction to disp= 4.132348e-06 in node 1975 and dof 3

 no convergence

 iteration 2

 Using up to 1 cpu(s) for the symmetric stiffness/mass contributions.

 Factoring the system of equations using the symmetric spooles solver
 Using up to 1 cpu(s) for spooles.

 Using up to 1 cpu(s) for the stress calculation.

 average force= 0.000297
 time avg. forc= 0.000127
 largest residual force= 0.008096 in node 2039 and dof 1
 largest increment of disp= 4.660128e-05
 largest correction to disp= 1.176666e-05 in node 8726 and dof 1

 no convergence

 iteration 3

 Using up to 1 cpu(s) for the symmetric stiffness/mass contributions.

 Factoring the system of equations using the symmetric spooles solver
 Using up to 1 cpu(s) for spooles.

 Using up to 1 cpu(s) for the stress calculation.

 average force= 0.000268
 time avg. forc= 0.000124
 largest residual force= 0.000130 in node 2039 and dof 1
 largest increment of disp= 4.660128e-05
 largest correction to disp= 1.503697e-06 in node 8732 and dof 1

 no convergence

 iteration 4

 Using up to 1 cpu(s) for the symmetric stiffness/mass contributions.

 Factoring the system of equations using the symmetric spooles solver
 Using up to 1 cpu(s) for spooles.

 Using up to 1 cpu(s) for the stress calculation.

 average force= 0.000266
 time avg. forc= 0.000124
 largest residual force= 0.000057 in node 2060 and dof 1
 largest increment of disp= 4.660128e-05
 largest correction to disp= 9.896823e-07 in node 8768 and dof 1

 no convergence

 iteration 5

 Using up to 1 cpu(s) for the symmetric stiffness/mass contributions.

 Factoring the system of equations using the symmetric spooles solver
 Using up to 1 cpu(s) for spooles.

 Using up to 1 cpu(s) for the stress calculation.

 average force= 0.000266
 time avg. forc= 0.000124
 largest residual force= 0.000000 in node 2060 and dof 1
 largest increment of disp= 4.660128e-05
 largest correction to disp= 2.516695e-08 in node 8732 and dof 1

 convergence

 increment 12 attempt 1 
 increment size= 1.582031e-02
 sum of previous increments=2.318359e-01
 actual step time=2.476562e-01
 actual total time=2.476562e-01

 iteration 1

 Using up to 1 cpu(s) for the stress calculation.

 Using up to 1 cpu(s) for the symmetric stiffness/mass contributions.

 Factoring the system of equations using the symmetric spooles solver
 Using up to 1 cpu(s) for spooles.

 Using up to 1 cpu(s) for the stress calculation.

 average force= 0.000320
 time avg. forc= 0.000141
 largest residual force= 0.000148 in node 2039 and dof 1
 largest increment of disp= 3.120949e-05
 largest correction to disp= 2.157228e-06 in node 1975 and dof 3

 no convergence

 iteration 2

 Using up to 1 cpu(s) for the symmetric stiffness/mass contributions.

 Factoring the system of equations using the symmetric spooles solver
 Using up to 1 cpu(s) for spooles.

 Using up to 1 cpu(s) for the stress calculation.

 average force= 0.000312
 time avg. forc= 0.000140
 largest residual force= 0.002269 in node 2060 and dof 1
 largest increment of disp= 3.120949e-05
 largest correction to disp= 6.240949e-06 in node 8768 and dof 1

 no convergence

 iteration 3

 Using up to 1 cpu(s) for the symmetric stiffness/mass contributions.

 Factoring the system of equations using the symmetric spooles solver
 Using up to 1 cpu(s) for spooles.

 Using up to 1 cpu(s) for the stress calculation.

 average force= 0.000310
 time avg. forc= 0.000140
 largest residual force= 0.000013 in node 2060 and dof 1
 largest increment of disp= 3.120949e-05
 largest correction to disp= 4.801413e-07 in node 8732 and dof 1

 no convergence

 iteration 4

 Using up to 1 cpu(s) for the symmetric stiffness/mass contributions.

 Factoring the system of equations using the symmetric spooles solver
 Using up to 1 cpu(s) for spooles.

 Using up to 1 cpu(s) for the stress calculation.

 average force= 0.000310
 time avg. forc= 0.000140
 largest residual force= 0.000000 in node 2060 and dof 1
 largest increment of disp= 3.120949e-05
 largest correction to disp= 6.228061e-08 in node 8768 and dof 1

 convergence

 increment 13 attempt 1 
 increment size= 1.582031e-02
 sum of previous increments=2.476562e-01
 actual step time=2.634766e-01
 actual total time=2.634766e-01

 iteration 1

 Using up to 1 cpu(s) for the stress calculation.

 Using up to 1 cpu(s) for the symmetric stiffness/mass contributions.

 Factoring the system of equations using the symmetric spooles solver
 Using up to 1 cpu(s) for spooles.

 Using up to 1 cpu(s) for the stress calculation.

 average force= 0.000350
 time avg. forc= 0.000156
 largest residual force= 0.000092 in node 2039 and dof 1
 largest increment of disp= 2.453495e-05
 largest correction to disp= 1.136406e-06 in node 8726 and dof 1

 no convergence

 iteration 2

 Using up to 1 cpu(s) for the symmetric stiffness/mass contributions.

 Factoring the system of equations using the symmetric spooles solver
 Using up to 1 cpu(s) for spooles.

 Using up to 1 cpu(s) for the stress calculation.

 average force= 0.000346
 time avg. forc= 0.000156
 largest residual force= 0.000462 in node 2459 and dof 1
 largest increment of disp= 2.453495e-05
 largest correction to disp= 2.832759e-06 in node 9482 and dof 1

 no convergence

 iteration 3

 Using up to 1 cpu(s) for the symmetric stiffness/mass contributions.

 Factoring the system of equations using the symmetric spooles solver
 Using up to 1 cpu(s) for spooles.

 Using up to 1 cpu(s) for the stress calculation.

 average force= 0.000346
 time avg. forc= 0.000156
 largest residual force= 0.000000 in node 2459 and dof 1
 largest increment of disp= 2.453495e-05
 largest correction to disp= 9.306626e-08 in node 9482 and dof 1

 convergence; the increment size is increased to 2.373047e-02

 increment 14 attempt 1 
 increment size= 2.373047e-02
 sum of previous increments=2.634766e-01
 actual step time=2.872070e-01
 actual total time=2.872070e-01

 iteration 1

 Using up to 1 cpu(s) for the stress calculation.

 Using up to 1 cpu(s) for the symmetric stiffness/mass contributions.

 Factoring the system of equations using the symmetric spooles solver
 Using up to 1 cpu(s) for spooles.

 Using up to 1 cpu(s) for the stress calculation.

 average force= 0.000397
 time avg. forc= 0.000173
 largest residual force= 0.000128 in node 2039 and dof 1
 largest increment of disp= 3.654294e-05
 largest correction to disp= 1.398700e-06 in node 1975 and dof 3

 no convergence

 iteration 2

 Using up to 1 cpu(s) for the symmetric stiffness/mass contributions.

 Factoring the system of equations using the symmetric spooles solver
 Using up to 1 cpu(s) for spooles.

 Using up to 1 cpu(s) for the stress calculation.

 average force= 0.000393
 time avg. forc= 0.000173
 largest residual force= 0.000551 in node 2459 and dof 1
 largest increment of disp= 3.654294e-05
 largest correction to disp= 3.105358e-06 in node 9482 and dof 1

 no convergence

 iteration 3

 Using up to 1 cpu(s) for the symmetric stiffness/mass contributions.

 Factoring the system of equations using the symmetric spooles solver
 Using up to 1 cpu(s) for spooles.

 Using up to 1 cpu(s) for the stress calculation.

 average force= 0.000393
 time avg. forc= 0.000173
 largest residual force= 0.000000 in node 2459 and dof 1
 largest increment of disp= 3.654294e-05
 largest correction to disp= 9.633106e-08 in node 9482 and dof 1

 convergence; the increment size is increased to 3.559570e-02

 increment 15 attempt 1 
 increment size= 3.559570e-02
 sum of previous increments=2.872070e-01
 actual step time=3.228027e-01
 actual total time=3.228027e-01

 iteration 1

 Using up to 1 cpu(s) for the stress calculation.

 Using up to 1 cpu(s) for the symmetric stiffness/mass contributions.

 Factoring the system of equations using the symmetric spooles solver
 Using up to 1 cpu(s) for spooles.

 Using up to 1 cpu(s) for the stress calculation.

 average force= 0.000459
 time avg. forc= 0.000192
 largest residual force= 0.000226 in node 2039 and dof 1
 largest increment of disp= 5.452495e-05
 largest correction to disp= 2.388678e-06 in node 1975 and dof 3

 no convergence

 iteration 2

 Using up to 1 cpu(s) for the symmetric stiffness/mass contributions.

 Factoring the system of equations using the symmetric spooles solver
 Using up to 1 cpu(s) for spooles.

 Using up to 1 cpu(s) for the stress calculation.

 average force= 0.000453
 time avg. forc= 0.000191
 largest residual force= 0.001076 in node 2459 and dof 1
 largest increment of disp= 5.452495e-05
 largest correction to disp= 4.341580e-06 in node 9488 and dof 1

 no convergence

 iteration 3

 Using up to 1 cpu(s) for the symmetric stiffness/mass contributions.

 Factoring the system of equations using the symmetric spooles solver
 Using up to 1 cpu(s) for spooles.

 Using up to 1 cpu(s) for the stress calculation.

 average force= 0.000452
 time avg. forc= 0.000191
 largest residual force= 0.000001 in node 2459 and dof 1
 largest increment of disp= 5.452495e-05
 largest correction to disp= 1.618837e-07 in node 9482 and dof 1

 no convergence

 iteration 4

 Using up to 1 cpu(s) for the symmetric stiffness/mass contributions.

 Factoring the system of equations using the symmetric spooles solver
 Using up to 1 cpu(s) for spooles.

 Using up to 1 cpu(s) for the stress calculation.

 average force= 0.000452
 time avg. forc= 0.000191
 largest residual force= 0.000000 in node 2459 and dof 1
 largest increment of disp= 5.452495e-05
 largest correction to disp= 3.970067e-09 in node 9488 and dof 1

 convergence; the increment size is increased to 5.339355e-02

 the increment size exceeds the maximum allowed and is decreased to 5.000000e-02

 Using up to 1 cpu(s) for the stress calculation.

 increment 16 attempt 1 
 increment size= 5.000000e-02
 sum of previous increments=3.228027e-01
 actual step time=3.728027e-01
 actual total time=3.728027e-01

 iteration 1

 Using up to 1 cpu(s) for the stress calculation.

 Using up to 1 cpu(s) for the symmetric stiffness/mass contributions.

 Factoring the system of equations using the symmetric spooles solver
 Using up to 1 cpu(s) for spooles.

 Using up to 1 cpu(s) for the stress calculation.

 average force= 0.000531
 time avg. forc= 0.000212
 largest residual force= 0.000362 in node 2039 and dof 1
 largest increment of disp= 7.623213e-05
 largest correction to disp= 3.511516e-06 in node 1975 and dof 3

 no convergence

 iteration 2

 Using up to 1 cpu(s) for the symmetric stiffness/mass contributions.

 Factoring the system of equations using the symmetric spooles solver
 Using up to 1 cpu(s) for spooles.

 Using up to 1 cpu(s) for the stress calculation.

 average force= 0.000524
 time avg. forc= 0.000212
 largest residual force= 0.001527 in node 2630 and dof 2
 largest increment of disp= 7.623213e-05
 largest correction to disp= 5.170067e-06 in node 9842 and dof 2

 no convergence

 iteration 3

 Using up to 1 cpu(s) for the symmetric stiffness/mass contributions.

 Factoring the system of equations using the symmetric spooles solver
 Using up to 1 cpu(s) for spooles.

 Using up to 1 cpu(s) for the stress calculation.

 average force= 0.000524
 time avg. forc= 0.000212
 largest residual force= 0.000002 in node 2459 and dof 1
 largest increment of disp= 7.623213e-05
 largest correction to disp= 2.018537e-07 in node 9488 and dof 1

 no convergence

 iteration 4

 Using up to 1 cpu(s) for the symmetric stiffness/mass contributions.

 Factoring the system of equations using the symmetric spooles solver
 Using up to 1 cpu(s) for spooles.

 Using up to 1 cpu(s) for the stress calculation.

 average force= 0.000524
 time avg. forc= 0.000212
 largest residual force= 0.000000 in node 2459 and dof 1
 largest increment of disp= 7.623213e-05
 largest correction to disp= 5.186676e-09 in node 9482 and dof 1

 convergence; the increment size is increased to 7.500000e-02

 the increment size exceeds the maximum allowed and is decreased to 5.000000e-02

 increment 17 attempt 1 
 increment size= 5.000000e-02
 sum of previous increments=3.728027e-01
 actual step time=4.228027e-01
 actual total time=4.228027e-01

 iteration 1

 Using up to 1 cpu(s) for the stress calculation.

 Using up to 1 cpu(s) for the symmetric stiffness/mass contributions.

 Factoring the system of equations using the symmetric spooles solver
 Using up to 1 cpu(s) for spooles.

 Using up to 1 cpu(s) for the stress calculation.

 average force= 0.000590
 time avg. forc= 0.000234
 largest residual force= 0.000286 in node 2242 and dof 3
 largest increment of disp= 7.592775e-05
 largest correction to disp= 3.777418e-05 in node 5184 and dof 1

 no convergence

 iteration 2

 Using up to 1 cpu(s) for the symmetric stiffness/mass contributions.

 Factoring the system of equations using the symmetric spooles solver
 Using up to 1 cpu(s) for spooles.

 Using up to 1 cpu(s) for the stress calculation.

 average force= 0.000587
 time avg. forc= 0.000234
 largest residual force= 0.000635 in node 2261 and dof 2
 largest increment of disp= 7.592775e-05
 largest correction to disp= 3.339826e-06 in node 9842 and dof 2

 no convergence

 iteration 3

 Using up to 1 cpu(s) for the symmetric stiffness/mass contributions.

 Factoring the system of equations using the symmetric spooles solver
 Using up to 1 cpu(s) for spooles.

 Using up to 1 cpu(s) for the stress calculation.

 average force= 0.000586
 time avg. forc= 0.000234
 largest residual force= 0.000030 in node 253 and dof 1
 largest increment of disp= 7.592775e-05
 largest correction to disp= 1.777568e-05 in node 5184 and dof 1

 no convergence

 iteration 4

 Using up to 1 cpu(s) for the symmetric stiffness/mass contributions.

 Factoring the system of equations using the symmetric spooles solver
 Using up to 1 cpu(s) for spooles.

 Using up to 1 cpu(s) for the stress calculation.

 average force= 0.000587
 time avg. forc= 0.000234
 largest residual force= 0.000006 in node 288 and dof 1
 largest increment of disp= 7.592775e-05
 largest correction to disp= 7.960262e-06 in node 5244 and dof 1

 no convergence

 iteration 5

 Using up to 1 cpu(s) for the symmetric stiffness/mass contributions.

 Factoring the system of equations using the symmetric spooles solver
 Using up to 1 cpu(s) for spooles.

 Using up to 1 cpu(s) for the stress calculation.

 average force= 0.318662
 time avg. forc= 0.018944
 largest residual force= 40.802569 in node 1252 and dof 1
 largest increment of disp= 5.272177e-03
 largest correction to disp= 5.272177e-03 in node 7404 and dof 2

 no convergence

 iteration 6

 Using up to 1 cpu(s) for the symmetric stiffness/mass contributions.

 Factoring the system of equations using the symmetric spooles solver
 Using up to 1 cpu(s) for spooles.

 Using up to 1 cpu(s) for the stress calculation.

 average force= 123837.641021
 time avg. forc= 7284.567318
 largest residual force= 586629279.873842 in node 9903 and dof 3
 largest increment of disp= 3.319798e-02
 largest correction to disp= 3.319798e-02 in node 4779 and dof 3

 divergence; the increment size is decreased to 1.250000e-02
 the increment is reattempted

 increment 17 attempt 2 
 increment size= 1.250000e-02
 sum of previous increments=3.728027e-01
 actual step time=3.853027e-01
 actual total time=3.853027e-01

 iteration 1

 Using up to 1 cpu(s) for the stress calculation.

 Using up to 1 cpu(s) for the symmetric stiffness/mass contributions.

 Factoring the system of equations using the symmetric spooles solver
 Using up to 1 cpu(s) for spooles.

 Using up to 1 cpu(s) for the stress calculation.

 average force= 0.000541
 time avg. forc= 0.000231
 largest residual force= 0.000025 in node 2039 and dof 1
 largest increment of disp= 1.898194e-05
 largest correction to disp= 1.271611e-06 in node 6624 and dof 1

 no convergence

 iteration 2

 Using up to 1 cpu(s) for the symmetric stiffness/mass contributions.

 Factoring the system of equations using the symmetric spooles solver
 Using up to 1 cpu(s) for spooles.

 Using up to 1 cpu(s) for the stress calculation.

 average force= 0.000540
 time avg. forc= 0.000231
 largest residual force= 0.000003 in node 2630 and dof 2
 largest increment of disp= 1.898194e-05
 largest correction to disp= 2.478619e-07 in node 9842 and dof 2

 no convergence

 iteration 3

 Using up to 1 cpu(s) for the symmetric stiffness/mass contributions.

 Factoring the system of equations using the symmetric spooles solver
 Using up to 1 cpu(s) for spooles.

 Using up to 1 cpu(s) for the stress calculation.

 average force= 0.000540
 time avg. forc= 0.000231
 largest residual force= 0.000000 in node 1982 and dof 1
 largest increment of disp= 1.898194e-05
 largest correction to disp= 3.467653e-09 in node 1976 and dof 1

 convergence

 increment 18 attempt 1 
 increment size= 1.250000e-02
 sum of previous increments=3.853027e-01
 actual step time=3.978027e-01
 actual total time=3.978027e-01

 iteration 1

 Using up to 1 cpu(s) for the stress calculation.

 Using up to 1 cpu(s) for the symmetric stiffness/mass contributions.

 Factoring the system of equations using the symmetric spooles solver
 Using up to 1 cpu(s) for spooles.

 Using up to 1 cpu(s) for the stress calculation.

 average force= 0.000556
 time avg. forc= 0.000249
 largest residual force= 0.000004 in node 2039 and dof 1
 largest increment of disp= 1.894465e-05
 largest correction to disp= 2.137141e-06 in node 6624 and dof 1

 no convergence

 iteration 2

 Using up to 1 cpu(s) for the symmetric stiffness/mass contributions.

 Factoring the system of equations using the symmetric spooles solver
 Using up to 1 cpu(s) for spooles.

 Using up to 1 cpu(s) for the stress calculation.

 average force= 0.000556
 time avg. forc= 0.000249
 largest residual force= 0.000000 in node 2261 and dof 2
 largest increment of disp= 1.894465e-05
 largest correction to disp= 2.980625e-08 in node 9128 and dof 2

 convergence; the increment size is increased to 1.875000e-02

 increment 19 attempt 1 
 increment size= 1.875000e-02
 sum of previous increments=3.978027e-01
 actual step time=4.165527e-01
 actual total time=4.165527e-01

 iteration 1

 Using up to 1 cpu(s) for the stress calculation.

 Using up to 1 cpu(s) for the symmetric stiffness/mass contributions.

 Factoring the system of equations using the symmetric spooles solver
 Using up to 1 cpu(s) for spooles.

 Using up to 1 cpu(s) for the stress calculation.

 average force= 0.000579
 time avg. forc= 0.000267
 largest residual force= 0.000019 in node 288 and dof 1
 largest increment of disp= 2.839957e-05
 largest correction to disp= 1.414115e-05 in node 5244 and dof 1

 no convergence

 iteration 2

 Using up to 1 cpu(s) for the symmetric stiffness/mass contributions.

 Factoring the system of equations using the symmetric spooles solver
 Using up to 1 cpu(s) for spooles.

 Using up to 1 cpu(s) for the stress calculation.

 average force= 0.000579
 time avg. forc= 0.000267
 largest residual force= 0.000000 in node 2261 and dof 2
 largest increment of disp= 2.839957e-05
 largest correction to disp= 1.060150e-06 in node 5244 and dof 1

 convergence; the increment size is increased to 2.812500e-02

 increment 20 attempt 1 
 increment size= 2.812500e-02
 sum of previous increments=4.165527e-01
 actual step time=4.446777e-01
 actual total time=4.446777e-01

 iteration 1

 Using up to 1 cpu(s) for the stress calculation.

 Using up to 1 cpu(s) for the symmetric stiffness/mass contributions.

 Factoring the system of equations using the symmetric spooles solver
 Using up to 1 cpu(s) for spooles.

 Using up to 1 cpu(s) for the stress calculation.

 average force= 0.000613
 time avg. forc= 0.000284
 largest residual force= 0.000027 in node 2039 and dof 1
 largest increment of disp= 4.284449e-05
 largest correction to disp= 1.023945e-06 in node 5295 and dof 1

 no convergence

 iteration 2

 Using up to 1 cpu(s) for the symmetric stiffness/mass contributions.

 Factoring the system of equations using the symmetric spooles solver
 Using up to 1 cpu(s) for spooles.

 Using up to 1 cpu(s) for the stress calculation.

 average force= 0.000613
 time avg. forc= 0.000284
 largest residual force= 0.000003 in node 2261 and dof 2
 largest increment of disp= 4.284449e-05
 largest correction to disp= 1.733417e-06 in node 5184 and dof 1

 no convergence

 iteration 3

 Using up to 1 cpu(s) for the symmetric stiffness/mass contributions.

 Factoring the system of equations using the symmetric spooles solver
 Using up to 1 cpu(s) for spooles.

 Using up to 1 cpu(s) for the stress calculation.

 average force= 0.000613
 time avg. forc= 0.000284
 largest residual force= 0.000000 in node 1982 and dof 1
 largest increment of disp= 4.284449e-05
 largest correction to disp= 6.827579e-08 in node 5244 and dof 1

 convergence; the increment size is increased to 4.218750e-02

 Using up to 1 cpu(s) for the stress calculation.

 increment 21 attempt 1 
 increment size= 4.218750e-02
 sum of previous increments=4.446777e-01
 actual step time=4.868652e-01
 actual total time=4.868652e-01

 iteration 1

 Using up to 1 cpu(s) for the stress calculation.

 Using up to 1 cpu(s) for the symmetric stiffness/mass contributions.

 Factoring the system of equations using the symmetric spooles solver
 Using up to 1 cpu(s) for spooles.

 Using up to 1 cpu(s) for the stress calculation.

 average force= 0.000664
 time avg. forc= 0.000302
 largest residual force= 0.000072 in node 2245 and dof 3
 largest increment of disp= 6.441279e-05
 largest correction to disp= 5.913983e-06 in node 6684 and dof 1

 no convergence

 iteration 2

 Using up to 1 cpu(s) for the symmetric stiffness/mass contributions.

 Factoring the system of equations using the symmetric spooles solver
 Using up to 1 cpu(s) for spooles.

 Using up to 1 cpu(s) for the stress calculation.

 average force= 0.000663
 time avg. forc= 0.000302
 largest residual force= 0.000023 in node 2630 and dof 2
 largest increment of disp= 6.441279e-05
 largest correction to disp= 9.163605e-06 in node 5172 and dof 1

 no convergence

 iteration 3

 Using up to 1 cpu(s) for the symmetric stiffness/mass contributions.

 Factoring the system of equations using the symmetric spooles solver
 Using up to 1 cpu(s) for spooles.

 Using up to 1 cpu(s) for the stress calculation.

 average force= 0.000663
 time avg. forc= 0.000302
 largest residual force= 0.000000 in node 281 and dof 1
 largest increment of disp= 6.441279e-05
 largest correction to disp= 1.244939e-06 in node 5184 and dof 1

 convergence; the increment size is increased to 6.328125e-02

 the increment size exceeds the maximum allowed and is decreased to 5.000000e-02

 increment 22 attempt 1 
 increment size= 5.000000e-02
 sum of previous increments=4.868652e-01
 actual step time=5.368652e-01
 actual total time=5.368652e-01

 iteration 1

 Using up to 1 cpu(s) for the stress calculation.

 Using up to 1 cpu(s) for the symmetric stiffness/mass contributions.

 Factoring the system of equations using the symmetric spooles solver
 Using up to 1 cpu(s) for spooles.

 Using up to 1 cpu(s) for the stress calculation.

 average force= 0.000720
 time avg. forc= 0.000321
 largest residual force= 0.000114 in node 2245 and dof 3
 largest increment of disp= 7.591743e-05
 largest correction to disp= 5.914460e-06 in node 6624 and dof 1

 no convergence

 iteration 2

 Using up to 1 cpu(s) for the symmetric stiffness/mass contributions.

 Factoring the system of equations using the symmetric spooles solver
 Using up to 1 cpu(s) for spooles.

 Using up to 1 cpu(s) for the stress calculation.

 average force= 0.000718
 time avg. forc= 0.000321
 largest residual force= 0.000042 in node 2630 and dof 2
 largest increment of disp= 7.591743e-05
 largest correction to disp= 4.888677e-06 in node 5172 and dof 1

 no convergence

 iteration 3

 Using up to 1 cpu(s) for the symmetric stiffness/mass contributions.

 Factoring the system of equations using the symmetric spooles solver
 Using up to 1 cpu(s) for spooles.

 Using up to 1 cpu(s) for the stress calculation.

 average force= 0.000718
 time avg. forc= 0.000321
 largest residual force= 0.000000 in node 1970 and dof 1
 largest increment of disp= 7.591743e-05
 largest correction to disp= 2.884148e-07 in node 5184 and dof 1

 convergence; the increment size is increased to 7.500000e-02

 the increment size exceeds the maximum allowed and is decreased to 5.000000e-02

 increment 23 attempt 1 
 increment size= 5.000000e-02
 sum of previous increments=5.368652e-01
 actual step time=5.868652e-01
 actual total time=5.868652e-01

 iteration 1

 Using up to 1 cpu(s) for the stress calculation.

 Using up to 1 cpu(s) for the symmetric stiffness/mass contributions.

 Factoring the system of equations using the symmetric spooles solver
 Using up to 1 cpu(s) for spooles.

 Using up to 1 cpu(s) for the stress calculation.

 average force= 0.000777
 time avg. forc= 0.000341
 largest residual force= 0.005790 in node 1795 and dof 1
 largest increment of disp= 7.569425e-05
 largest correction to disp= 1.248540e-05 in node 8234 and dof 1

 no convergence

 iteration 2

 Using up to 1 cpu(s) for the symmetric stiffness/mass contributions.

 Factoring the system of equations using the symmetric spooles solver
 Using up to 1 cpu(s) for spooles.

 Using up to 1 cpu(s) for the stress calculation.

 average force= 0.000774
 time avg. forc= 0.000341
 largest residual force= 0.000689 in node 1662 and dof 1
 largest increment of disp= 7.569425e-05
 largest correction to disp= 4.270655e-06 in node 7874 and dof 1

 no convergence

 iteration 3

 Using up to 1 cpu(s) for the symmetric stiffness/mass contributions.

 Factoring the system of equations using the symmetric spooles solver
 Using up to 1 cpu(s) for spooles.

 Using up to 1 cpu(s) for the stress calculation.

 average force= 0.000785
 time avg. forc= 0.000341
 largest residual force= 0.014321 in node 1662 and dof 1
 largest increment of disp= 7.569425e-05
 largest correction to disp= 1.934541e-05 in node 7874 and dof 1

 no convergence

 iteration 4

 Using up to 1 cpu(s) for the symmetric stiffness/mass contributions.

 Factoring the system of equations using the symmetric spooles solver
 Using up to 1 cpu(s) for spooles.

 Using up to 1 cpu(s) for the stress calculation.

 average force= 0.000774
 time avg. forc= 0.000341
 largest residual force= 0.000054 in node 1795 and dof 1
 largest increment of disp= 7.569425e-05
 largest correction to disp= 1.209383e-06 in node 8234 and dof 1

 no convergence

 iteration 5

 Using up to 1 cpu(s) for the symmetric stiffness/mass contributions.

 Factoring the system of equations using the symmetric spooles solver
 Using up to 1 cpu(s) for spooles.

 Using up to 1 cpu(s) for the stress calculation.

 average force= 0.000774
 time avg. forc= 0.000341
 largest residual force= 0.002265 in node 1795 and dof 1
 largest increment of disp= 7.569425e-05
 largest correction to disp= 7.850698e-06 in node 1267 and dof 1

 no convergence

 iteration 6

 Using up to 1 cpu(s) for the symmetric stiffness/mass contributions.

 Factoring the system of equations using the symmetric spooles solver
 Using up to 1 cpu(s) for spooles.

 Using up to 1 cpu(s) for the stress calculation.

 average force= 0.000774
 time avg. forc= 0.000341
 largest residual force= 0.000025 in node 1759 and dof 1
 largest increment of disp= 7.569425e-05
 largest correction to disp= 1.309380e-06 in node 1267 and dof 1

 no convergence

 iteration 7

 Using up to 1 cpu(s) for the symmetric stiffness/mass contributions.

 Factoring the system of equations using the symmetric spooles solver
 Using up to 1 cpu(s) for spooles.

 Using up to 1 cpu(s) for the stress calculation.

 average force= 0.000774
 time avg. forc= 0.000341
 largest residual force= 0.000039 in node 1662 and dof 1
 largest increment of disp= 7.569425e-05
 largest correction to disp= 1.129694e-06 in node 723 and dof 1

 no convergence

 iteration 8

 Using up to 1 cpu(s) for the symmetric stiffness/mass contributions.

 Factoring the system of equations using the symmetric spooles solver
 Using up to 1 cpu(s) for spooles.

 Using up to 1 cpu(s) for the stress calculation.

 average force= 0.000774
 time avg. forc= 0.000341
 largest residual force= 0.000000 in node 1662 and dof 1
 largest increment of disp= 7.569425e-05
 largest correction to disp= 1.185662e-07 in node 7874 and dof 1

 convergence

 increment 24 attempt 1 
 increment size= 5.000000e-02
 sum of previous increments=5.868652e-01
 actual step time=6.368652e-01
 actual total time=6.368652e-01

 iteration 1

 Using up to 1 cpu(s) for the stress calculation.

 Using up to 1 cpu(s) for the symmetric stiffness/mass contributions.

 Factoring the system of equations using the symmetric spooles solver
 Using up to 1 cpu(s) for spooles.

 Using up to 1 cpu(s) for the stress calculation.

 average force= 0.000832
 time avg. forc= 0.000361
 largest residual force= 0.003191 in node 1662 and dof 1
 largest increment of disp= 7.561208e-05
 largest correction to disp= 9.444025e-06 in node 7874 and dof 1

 no convergence

 iteration 2

 Using up to 1 cpu(s) for the symmetric stiffness/mass contributions.

 Factoring the system of equations using the symmetric spooles solver
 Using up to 1 cpu(s) for spooles.

 Using up to 1 cpu(s) for the stress calculation.

 average force= 0.000831
 time avg. forc= 0.000361
 largest residual force= 0.000026 in node 1852 and dof 2
 largest increment of disp= 7.561208e-05
 largest correction to disp= 8.776704e-07 in node 8411 and dof 2

 no convergence

 iteration 3

 Using up to 1 cpu(s) for the symmetric stiffness/mass contributions.

 Factoring the system of equations using the symmetric spooles solver
 Using up to 1 cpu(s) for spooles.

 Using up to 1 cpu(s) for the stress calculation.

 average force= 0.000831
 time avg. forc= 0.000361
 largest residual force= 0.000000 in node 1795 and dof 1
 largest increment of disp= 7.561208e-05
 largest correction to disp= 9.701278e-08 in node 8051 and dof 2

 convergence

 increment 25 attempt 1 
 increment size= 5.000000e-02
 sum of previous increments=6.368652e-01
 actual step time=6.868652e-01
 actual total time=6.868652e-01

 iteration 1

 Using up to 1 cpu(s) for the stress calculation.

 Using up to 1 cpu(s) for the symmetric stiffness/mass contributions.

 Factoring the system of equations using the symmetric spooles solver
 Using up to 1 cpu(s) for spooles.

 Using up to 1 cpu(s) for the stress calculation.

 average force= 0.000893
 time avg. forc= 0.000382
 largest residual force= 0.001249 in node 1795 and dof 1
 largest increment of disp= 7.560829e-05
 largest correction to disp= 6.073337e-06 in node 8123 and dof 1

 no convergence

 iteration 2

 Using up to 1 cpu(s) for the symmetric stiffness/mass contributions.

 Factoring the system of equations using the symmetric spooles solver
 Using up to 1 cpu(s) for spooles.

 Using up to 1 cpu(s) for the stress calculation.

 average force= 0.000896
 time avg. forc= 0.000382
 largest residual force= 0.000818 in node 1759 and dof 1
 largest increment of disp= 7.560829e-05
 largest correction to disp= 4.789630e-06 in node 8234 and dof 1

 no convergence

 iteration 3

 Using up to 1 cpu(s) for the symmetric stiffness/mass contributions.

 Factoring the system of equations using the symmetric spooles solver
 Using up to 1 cpu(s) for spooles.

 Using up to 1 cpu(s) for the stress calculation.

 average force= 0.000896
 time avg. forc= 0.000383
 largest residual force= 0.000004 in node 1620 and dof 1
 largest increment of disp= 7.560829e-05
 largest correction to disp= 4.138259e-07 in node 723 and dof 1

 no convergence

 iteration 4

 Using up to 1 cpu(s) for the symmetric stiffness/mass contributions.

 Factoring the system of equations using the symmetric spooles solver
 Using up to 1 cpu(s) for spooles.

 Using up to 1 cpu(s) for the stress calculation.

 average force= 0.000896
 time avg. forc= 0.000383
 largest residual force= 0.000000 in node 1655 and dof 1
 largest increment of disp= 7.560829e-05
 largest correction to disp= 7.015628e-08 in node 695 and dof 1

 convergence; the increment size is increased to 7.500000e-02

 the increment size exceeds the maximum allowed and is decreased to 5.000000e-02

 Using up to 1 cpu(s) for the stress calculation.

 increment 26 attempt 1 
 increment size= 5.000000e-02
 sum of previous increments=6.868652e-01
 actual step time=7.368652e-01
 actual total time=7.368652e-01

 iteration 1

 Using up to 1 cpu(s) for the stress calculation.

 Using up to 1 cpu(s) for the symmetric stiffness/mass contributions.

 Factoring the system of equations using the symmetric spooles solver
 Using up to 1 cpu(s) for spooles.

 Using up to 1 cpu(s) for the stress calculation.

 average force= 0.000965
 time avg. forc= 0.000405
 largest residual force= 0.000715 in node 1852 and dof 2
 largest increment of disp= 7.572741e-05
 largest correction to disp= 4.363276e-06 in node 8408 and dof 2

 no convergence

 iteration 2

 Using up to 1 cpu(s) for the symmetric stiffness/mass contributions.

 Factoring the system of equations using the symmetric spooles solver
 Using up to 1 cpu(s) for spooles.

 Using up to 1 cpu(s) for the stress calculation.

 average force= 0.000976
 time avg. forc= 0.000405
 largest residual force= 0.003794 in node 1827 and dof 2
 largest increment of disp= 7.572741e-05
 largest correction to disp= 1.032587e-05 in node 8297 and dof 2

 no convergence

 iteration 3

 Using up to 1 cpu(s) for the symmetric stiffness/mass contributions.

 Factoring the system of equations using the symmetric spooles solver
 Using up to 1 cpu(s) for spooles.

 Using up to 1 cpu(s) for the stress calculation.

 average force= 0.000974
 time avg. forc= 0.000405
 largest residual force= 0.000003 in node 1822 and dof 2
 largest increment of disp= 7.572741e-05
 largest correction to disp= 3.149179e-07 in node 5967 and dof 2

 no convergence

 iteration 4

 Using up to 1 cpu(s) for the symmetric stiffness/mass contributions.

 Factoring the system of equations using the symmetric spooles solver
 Using up to 1 cpu(s) for spooles.

 Using up to 1 cpu(s) for the stress calculation.

 average force= 0.000974
 time avg. forc= 0.000405
 largest residual force= 0.000000 in node 1699 and dof 2
 largest increment of disp= 7.572741e-05
 largest correction to disp= 1.025090e-07 in node 7967 and dof 1

 convergence; the increment size is increased to 7.500000e-02

 the increment size exceeds the maximum allowed and is decreased to 5.000000e-02

 increment 27 attempt 1 
 increment size= 5.000000e-02
 sum of previous increments=7.368652e-01
 actual step time=7.868652e-01
 actual total time=7.868652e-01

 iteration 1

 Using up to 1 cpu(s) for the stress calculation.

 Using up to 1 cpu(s) for the symmetric stiffness/mass contributions.

 Factoring the system of equations using the symmetric spooles solver
 Using up to 1 cpu(s) for spooles.

 Using up to 1 cpu(s) for the stress calculation.

 average force= 0.001055
 time avg. forc= 0.000429
 largest residual force= 0.000346 in node 1648 and dof 1
 largest increment of disp= 7.618831e-05
 largest correction to disp= 4.018471e-06 in node 7554 and dof 2

 no convergence

 iteration 2

 Using up to 1 cpu(s) for the symmetric stiffness/mass contributions.

 Factoring the system of equations using the symmetric spooles solver
 Using up to 1 cpu(s) for spooles.

 Using up to 1 cpu(s) for the stress calculation.

 average force= 0.001747
 time avg. forc= 0.000455
 largest residual force= 0.205117 in node 1634 and dof 1
 largest increment of disp= 8.399397e-05
 largest correction to disp= 8.399397e-05 in node 5144 and dof 2

 no convergence

 iteration 3

 Using up to 1 cpu(s) for the symmetric stiffness/mass contributions.

 Factoring the system of equations using the symmetric spooles solver
 Using up to 1 cpu(s) for spooles.

 Using up to 1 cpu(s) for the stress calculation.

 average force= 0.001082
 time avg. forc= 0.000430
 largest residual force= 0.000963 in node 1634 and dof 1
 largest increment of disp= 8.399397e-05
 largest correction to disp= 1.242155e-05 in node 6660 and dof 1

 no convergence

 iteration 4

 Using up to 1 cpu(s) for the symmetric stiffness/mass contributions.

 Factoring the system of equations using the symmetric spooles solver
 Using up to 1 cpu(s) for spooles.

 Using up to 1 cpu(s) for the stress calculation.

 average force= 0.001082
 time avg. forc= 0.000430
 largest residual force= 0.017269 in node 1634 and dof 1
 largest increment of disp= 8.399397e-05
 largest correction to disp= 2.493756e-05 in node 5144 and dof 2

 no convergence

 iteration 5

 Using up to 1 cpu(s) for the symmetric stiffness/mass contributions.

 Factoring the system of equations using the symmetric spooles solver
 Using up to 1 cpu(s) for spooles.

 Using up to 1 cpu(s) for the stress calculation.

 average force= 0.001069
 time avg. forc= 0.000430
 largest residual force= 0.000527 in node 1634 and dof 1
 largest increment of disp= 8.399397e-05
 largest correction to disp= 4.095817e-06 in node 5144 and dof 2

 no convergence

 iteration 6

 Using up to 1 cpu(s) for the symmetric stiffness/mass contributions.

 Factoring the system of equations using the symmetric spooles solver
 Using up to 1 cpu(s) for spooles.

 Using up to 1 cpu(s) for the stress calculation.

 average force= 0.001068
 time avg. forc= 0.000430
 largest residual force= 0.003653 in node 1771 and dof 1
 largest increment of disp= 8.399397e-05
 largest correction to disp= 1.093719e-05 in node 6584 and dof 2

 no convergence

 iteration 7

 Using up to 1 cpu(s) for the symmetric stiffness/mass contributions.

 Factoring the system of equations using the symmetric spooles solver
 Using up to 1 cpu(s) for spooles.

 Using up to 1 cpu(s) for the stress calculation.

 average force= 0.001068
 time avg. forc= 0.000430
 largest residual force= 0.000065 in node 1771 and dof 1
 largest increment of disp= 8.399397e-05
 largest correction to disp= 1.478567e-06 in node 5144 and dof 2

 no convergence

 iteration 8

 Using up to 1 cpu(s) for the symmetric stiffness/mass contributions.

 Factoring the system of equations using the symmetric spooles solver
 Using up to 1 cpu(s) for spooles.

 Using up to 1 cpu(s) for the stress calculation.

 average force= 0.001067
 time avg. forc= 0.000430
 largest residual force= 0.000044 in node 1634 and dof 1
 largest increment of disp= 8.399397e-05
 largest correction to disp= 1.211119e-06 in node 5144 and dof 2

 estimated number of iterations till convergence = 17
 too slow convergence; the increment size is decreased to 2.500000e-02
 the increment is reattempted

 increment 27 attempt 2 
 increment size= 2.500000e-02
 sum of previous increments=7.368652e-01
 actual step time=7.618652e-01
 actual total time=7.618652e-01

 iteration 1

 Using up to 1 cpu(s) for the stress calculation.

 Using up to 1 cpu(s) for the symmetric stiffness/mass contributions.

 Factoring the system of equations using the symmetric spooles solver
 Using up to 1 cpu(s) for spooles.

 Using up to 1 cpu(s) for the stress calculation.

 average force= 0.001015
 time avg. forc= 0.000428
 largest residual force= 0.000140 in node 1634 and dof 1
 largest increment of disp= 3.809416e-05
 largest correction to disp= 2.384527e-06 in node 5156 and dof 2

 no convergence

 iteration 2

 Using up to 1 cpu(s) for the symmetric stiffness/mass contributions.

 Factoring the system of equations using the symmetric spooles solver
 Using up to 1 cpu(s) for spooles.

 Using up to 1 cpu(s) for the stress calculation.

 average force= 0.001022
 time avg. forc= 0.000428
 largest residual force= 0.005199 in node 1634 and dof 1
 largest increment of disp= 3.809416e-05
 largest correction to disp= 1.330253e-05 in node 5144 and dof 2

 no convergence

 iteration 3

 Using up to 1 cpu(s) for the symmetric stiffness/mass contributions.

 Factoring the system of equations using the symmetric spooles solver
 Using up to 1 cpu(s) for spooles.

 Using up to 1 cpu(s) for the stress calculation.

 average force= 0.001020
 time avg. forc= 0.000428
 largest residual force= 0.000009 in node 1705 and dof 2
 largest increment of disp= 3.809416e-05
 largest correction to disp= 6.055105e-07 in node 7347 and dof 2

 no convergence

 iteration 4

 Using up to 1 cpu(s) for the symmetric stiffness/mass contributions.

 Factoring the system of equations using the symmetric spooles solver
 Using up to 1 cpu(s) for spooles.

 Using up to 1 cpu(s) for the stress calculation.

 average force= 0.001020
 time avg. forc= 0.000428
 largest residual force= 0.000014 in node 1634 and dof 1
 largest increment of disp= 3.809416e-05
 largest correction to disp= 6.837044e-07 in node 5156 and dof 2

 no convergence

 iteration 5

 Using up to 1 cpu(s) for the symmetric stiffness/mass contributions.

 Factoring the system of equations using the symmetric spooles solver
 Using up to 1 cpu(s) for spooles.

 Using up to 1 cpu(s) for the stress calculation.

 average force= 0.001020
 time avg. forc= 0.000428
 largest residual force= 0.000000 in node 1634 and dof 1
 largest increment of disp= 3.809416e-05
 largest correction to disp= 4.051341e-09 in node 5168 and dof 2

 convergence

 increment 28 attempt 1 
 increment size= 2.500000e-02
 sum of previous increments=7.618652e-01
 actual step time=7.868652e-01
 actual total time=7.868652e-01

 iteration 1

 Using up to 1 cpu(s) for the stress calculation.

 Using up to 1 cpu(s) for the symmetric stiffness/mass contributions.

 Factoring the system of equations using the symmetric spooles solver
 Using up to 1 cpu(s) for spooles.

 Using up to 1 cpu(s) for the stress calculation.

 average force= 0.001066
 time avg. forc= 0.000451
 largest residual force= 0.000064 in node 1698 and dof 2
 largest increment of disp= 3.883913e-05
 largest correction to disp= 2.545669e-06 in node 6054 and dof 2

 no convergence

 iteration 2

 Using up to 1 cpu(s) for the symmetric stiffness/mass contributions.

 Factoring the system of equations using the symmetric spooles solver
 Using up to 1 cpu(s) for spooles.

 Using up to 1 cpu(s) for the stress calculation.

 average force= 0.001068
 time avg. forc= 0.000451
 largest residual force= 0.005294 in node 1832 and dof 2
 largest increment of disp= 3.883913e-05
 largest correction to disp= 1.321226e-05 in node 5156 and dof 2

 no convergence

 iteration 3

 Using up to 1 cpu(s) for the symmetric stiffness/mass contributions.

 Factoring the system of equations using the symmetric spooles solver
 Using up to 1 cpu(s) for spooles.

 Using up to 1 cpu(s) for the stress calculation.

 average force= 0.001068
 time avg. forc= 0.000451
 largest residual force= 0.000015 in node 1634 and dof 1
 largest increment of disp= 3.883913e-05
 largest correction to disp= 7.210112e-07 in node 5168 and dof 2

 no convergence

 iteration 4

 Using up to 1 cpu(s) for the symmetric stiffness/mass contributions.

 Factoring the system of equations using the symmetric spooles solver
 Using up to 1 cpu(s) for spooles.

 Using up to 1 cpu(s) for the stress calculation.

 average force= 0.001067
 time avg. forc= 0.000451
 largest residual force= 0.000016 in node 1634 and dof 1
 largest increment of disp= 3.883913e-05
 largest correction to disp= 7.359313e-07 in node 5144 and dof 2

 no convergence

 iteration 5

 Using up to 1 cpu(s) for the symmetric stiffness/mass contributions.

 Factoring the system of equations using the symmetric spooles solver
 Using up to 1 cpu(s) for spooles.

 Using up to 1 cpu(s) for the stress calculation.

 average force= 0.001067
 time avg. forc= 0.000451
 largest residual force= 0.000000 in node 1771 and dof 1
 largest increment of disp= 3.883913e-05
 largest correction to disp= 3.435375e-09 in node 5247 and dof 1

 convergence

 increment 29 attempt 1 
 increment size= 2.500000e-02
 sum of previous increments=7.868652e-01
 actual step time=8.118652e-01
 actual total time=8.118652e-01

 iteration 1

 Using up to 1 cpu(s) for the stress calculation.

 Using up to 1 cpu(s) for the symmetric stiffness/mass contributions.

 Factoring the system of equations using the symmetric spooles solver
 Using up to 1 cpu(s) for spooles.

 Using up to 1 cpu(s) for the stress calculation.

 average force= 0.001114
 time avg. forc= 0.000474
 largest residual force= 0.000497 in node 1634 and dof 1
 largest increment of disp= 3.972098e-05
 largest correction to disp= 3.482109e-06 in node 7784 and dof 1

 no convergence

 iteration 2

 Using up to 1 cpu(s) for the symmetric stiffness/mass contributions.

 Factoring the system of equations using the symmetric spooles solver
 Using up to 1 cpu(s) for spooles.

 Using up to 1 cpu(s) for the stress calculation.

 average force= 0.001111
 time avg. forc= 0.000474
 largest residual force= 0.001593 in node 1662 and dof 1
 largest increment of disp= 3.972098e-05
 largest correction to disp= 6.548978e-06 in node 7874 and dof 1

 no convergence

 iteration 3

 Using up to 1 cpu(s) for the symmetric stiffness/mass contributions.

 Factoring the system of equations using the symmetric spooles solver
 Using up to 1 cpu(s) for spooles.

 Using up to 1 cpu(s) for the stress calculation.

 average force= 0.001111
 time avg. forc= 0.000474
 largest residual force= 0.000005 in node 1627 and dof 1
 largest increment of disp= 3.972098e-05
 largest correction to disp= 1.044311e-06 in node 695 and dof 1

 no convergence

 iteration 4

 Using up to 1 cpu(s) for the symmetric stiffness/mass contributions.

 Factoring the system of equations using the symmetric spooles solver
 Using up to 1 cpu(s) for spooles.

 Using up to 1 cpu(s) for the stress calculation.

 average force= 0.001111
 time avg. forc= 0.000474
 largest residual force= 0.000000 in node 1789 and dof 1
 largest increment of disp= 3.972098e-05
 largest correction to disp= 1.670424e-07 in node 1243 and dof 1

 convergence

 increment 30 attempt 1 
 increment size= 2.500000e-02
 sum of previous increments=8.118652e-01
 actual step time=8.368652e-01
 actual total time=8.368652e-01

 iteration 1

 Using up to 1 cpu(s) for the stress calculation.

 Using up to 1 cpu(s) for the symmetric stiffness/mass contributions.

 Factoring the system of equations using the symmetric spooles solver
 Using up to 1 cpu(s) for spooles.

 Using up to 1 cpu(s) for the stress calculation.

 average force= 0.001153
 time avg. forc= 0.000496
 largest residual force= 0.000184 in node 1634 and dof 1
 largest increment of disp= 3.991633e-05
 largest correction to disp= 2.008037e-06 in node 7937 and dof 2

 no convergence

 iteration 2

 Using up to 1 cpu(s) for the symmetric stiffness/mass contributions.

 Factoring the system of equations using the symmetric spooles solver
 Using up to 1 cpu(s) for spooles.

 Using up to 1 cpu(s) for the stress calculation.

 average force= 0.001150
 time avg. forc= 0.000496
 largest residual force= 0.000462 in node 1634 and dof 1
 largest increment of disp= 3.991633e-05
 largest correction to disp= 4.152019e-06 in node 5156 and dof 2

 no convergence

 iteration 3

 Using up to 1 cpu(s) for the symmetric stiffness/mass contributions.

 Factoring the system of equations using the symmetric spooles solver
 Using up to 1 cpu(s) for spooles.

 Using up to 1 cpu(s) for the stress calculation.

 average force= 0.001150
 time avg. forc= 0.000496
 largest residual force= 0.000002 in node 1634 and dof 1
 largest increment of disp= 3.991633e-05
 largest correction to disp= 2.487362e-07 in node 5144 and dof 2

 convergence; the increment size is increased to 3.750000e-02

 Using up to 1 cpu(s) for the stress calculation.

 increment 31 attempt 1 
 increment size= 3.750000e-02
 sum of previous increments=8.368652e-01
 actual step time=8.743652e-01
 actual total time=8.743652e-01

 iteration 1

 Using up to 1 cpu(s) for the stress calculation.

 Using up to 1 cpu(s) for the symmetric stiffness/mass contributions.

 Factoring the system of equations using the symmetric spooles solver
 Using up to 1 cpu(s) for spooles.

 Using up to 1 cpu(s) for the stress calculation.

 average force= 0.001249
 time avg. forc= 0.000520
 largest residual force= 0.042948 in node 1795 and dof 1
 largest increment of disp= 5.924639e-05
 largest correction to disp= 3.427887e-05 in node 8231 and dof 1

 no convergence

 iteration 2

 Using up to 1 cpu(s) for the symmetric stiffness/mass contributions.

 Factoring the system of equations using the symmetric spooles solver
 Using up to 1 cpu(s) for spooles.

 Using up to 1 cpu(s) for the stress calculation.

 average force= 0.001358
 time avg. forc= 0.000524
 largest residual force= 0.079957 in node 1765 and dof 1
 largest increment of disp= 5.924639e-05
 largest correction to disp= 4.656282e-05 in node 8138 and dof 1

 no convergence

 iteration 3

 Using up to 1 cpu(s) for the symmetric stiffness/mass contributions.

 Factoring the system of equations using the symmetric spooles solver
 Using up to 1 cpu(s) for spooles.

 Using up to 1 cpu(s) for the stress calculation.

 average force= 0.001748
 time avg. forc= 0.000537
 largest residual force= 0.232998 in node 1852 and dof 2
 largest increment of disp= 8.129405e-05
 largest correction to disp= 8.129405e-05 in node 8393 and dof 2

 no convergence

 iteration 4

 Using up to 1 cpu(s) for the symmetric stiffness/mass contributions.

 Factoring the system of equations using the symmetric spooles solver
 Using up to 1 cpu(s) for spooles.

 Using up to 1 cpu(s) for the stress calculation.

 average force= 0.002683
 time avg. forc= 0.000567
 largest residual force= 1.356564 in node 1765 and dof 1
 largest increment of disp= 1.923940e-04
 largest correction to disp= 1.923940e-04 in node 8123 and dof 1

 divergence; the increment size is decreased to 9.375000e-03
 the increment is reattempted

 increment 31 attempt 2 
 increment size= 9.375000e-03
 sum of previous increments=8.368652e-01
 actual step time=8.462402e-01
 actual total time=8.462402e-01

 iteration 1

 Using up to 1 cpu(s) for the stress calculation.

 Using up to 1 cpu(s) for the symmetric stiffness/mass contributions.

 Factoring the system of equations using the symmetric spooles solver
 Using up to 1 cpu(s) for spooles.

 Using up to 1 cpu(s) for the stress calculation.

 average force= 0.001165
 time avg. forc= 0.000518
 largest residual force= 0.000015 in node 1634 and dof 1
 largest increment of disp= 1.481160e-05
 largest correction to disp= 6.256722e-07 in node 7778 and dof 2

 no convergence

 iteration 2

 Using up to 1 cpu(s) for the symmetric stiffness/mass contributions.

 Factoring the system of equations using the symmetric spooles solver
 Using up to 1 cpu(s) for spooles.

 Using up to 1 cpu(s) for the stress calculation.

 average force= 0.001164
 time avg. forc= 0.000518
 largest residual force= 0.000009 in node 1634 and dof 1
 largest increment of disp= 1.481160e-05
 largest correction to disp= 5.581392e-07 in node 5156 and dof 2

 no convergence

 iteration 3

 Using up to 1 cpu(s) for the symmetric stiffness/mass contributions.

 Factoring the system of equations using the symmetric spooles solver
 Using up to 1 cpu(s) for spooles.

 Using up to 1 cpu(s) for the stress calculation.

 average force= 0.001164
 time avg. forc= 0.000518
 largest residual force= 0.000000 in node 1765 and dof 1
 largest increment of disp= 1.481160e-05
 largest correction to disp= 5.089779e-09 in node 5190 and dof 1

 convergence

 increment 32 attempt 1 
 increment size= 9.375000e-03
 sum of previous increments=8.462402e-01
 actual step time=8.556152e-01
 actual total time=8.556152e-01

 iteration 1

 Using up to 1 cpu(s) for the stress calculation.

 Using up to 1 cpu(s) for the symmetric stiffness/mass contributions.

 Factoring the system of equations using the symmetric spooles solver
 Using up to 1 cpu(s) for spooles.

 Using up to 1 cpu(s) for the stress calculation.

 average force= 0.001178
 time avg. forc= 0.000538
 largest residual force= 0.000004 in node 1634 and dof 1
 largest increment of disp= 1.469902e-05
 largest correction to disp= 3.500491e-07 in node 5144 and dof 2

 no convergence

 iteration 2

 Using up to 1 cpu(s) for the symmetric stiffness/mass contributions.

 Factoring the system of equations using the symmetric spooles solver
 Using up to 1 cpu(s) for spooles.

 Using up to 1 cpu(s) for the stress calculation.

 average force= 0.001178
 time avg. forc= 0.000538
 largest residual force= 0.000000 in node 1634 and dof 1
 largest increment of disp= 1.469902e-05
 largest correction to disp= 1.450213e-07 in node 5156 and dof 2

 convergence; the increment size is increased to 1.406250e-02

 increment 33 attempt 1 
 increment size= 1.406250e-02
 sum of previous increments=8.556152e-01
 actual step time=8.696777e-01
 actual total time=8.696777e-01

 iteration 1

 Using up to 1 cpu(s) for the stress calculation.

 Using up to 1 cpu(s) for the symmetric stiffness/mass contributions.

 Factoring the system of equations using the symmetric spooles solver
 Using up to 1 cpu(s) for spooles.

 Using up to 1 cpu(s) for the stress calculation.

 average force= 0.001198
 time avg. forc= 0.000558
 largest residual force= 0.000010 in node 1634 and dof 1
 largest increment of disp= 2.196882e-05
 largest correction to disp= 5.216268e-07 in node 6584 and dof 2

 no convergence

 iteration 2

 Using up to 1 cpu(s) for the symmetric stiffness/mass contributions.

 Factoring the system of equations using the symmetric spooles solver
 Using up to 1 cpu(s) for spooles.

 Using up to 1 cpu(s) for the stress calculation.

 average force= 0.001198
 time avg. forc= 0.000558
 largest residual force= 0.000003 in node 1627 and dof 1
 largest increment of disp= 2.196882e-05
 largest correction to disp= 4.747334e-07 in node 4326 and dof 2

 no convergence

 iteration 3

 Using up to 1 cpu(s) for the symmetric stiffness/mass contributions.

 Factoring the system of equations using the symmetric spooles solver
 Using up to 1 cpu(s) for spooles.

 Using up to 1 cpu(s) for the stress calculation.

 average force= 0.001198
 time avg. forc= 0.000558
 largest residual force= 0.000000 in node 1699 and dof 2
 largest increment of disp= 2.196882e-05
 largest correction to disp= 3.778633e-08 in node 4239 and dof 1

 convergence; the increment size is increased to 2.109375e-02

 increment 34 attempt 1 
 increment size= 2.109375e-02
 sum of previous increments=8.696777e-01
 actual step time=8.907715e-01
 actual total time=8.907715e-01

 iteration 1

 Using up to 1 cpu(s) for the stress calculation.

 Using up to 1 cpu(s) for the symmetric stiffness/mass contributions.

 Factoring the system of equations using the symmetric spooles solver
 Using up to 1 cpu(s) for spooles.

 Using up to 1 cpu(s) for the stress calculation.

 average force= 0.001228
 time avg. forc= 0.000578
 largest residual force= 0.000026 in node 1771 and dof 1
 largest increment of disp= 3.282145e-05
 largest correction to disp= 8.553600e-07 in node 6596 and dof 2

 no convergence

 iteration 2

 Using up to 1 cpu(s) for the symmetric stiffness/mass contributions.

 Factoring the system of equations using the symmetric spooles solver
 Using up to 1 cpu(s) for spooles.

 Using up to 1 cpu(s) for the stress calculation.

 average force= 0.001227
 time avg. forc= 0.000578
 largest residual force= 0.000027 in node 1827 and dof 2
 largest increment of disp= 3.282145e-05
 largest correction to disp= 3.080409e-06 in node 4344 and dof 1

 no convergence

 iteration 3

 Using up to 1 cpu(s) for the symmetric stiffness/mass contributions.

 Factoring the system of equations using the symmetric spooles solver
 Using up to 1 cpu(s) for spooles.

 Using up to 1 cpu(s) for the stress calculation.

 average force= 0.001227
 time avg. forc= 0.000578
 largest residual force= 0.000000 in node 1707 and dof 2
 largest increment of disp= 3.282145e-05
 largest correction to disp= 3.270602e-07 in node 4236 and dof 2

 convergence; the increment size is increased to 3.164063e-02

 increment 35 attempt 1 
 increment size= 3.164063e-02
 sum of previous increments=8.907715e-01
 actual step time=9.224121e-01
 actual total time=9.224121e-01

 iteration 1

 Using up to 1 cpu(s) for the stress calculation.

 Using up to 1 cpu(s) for the symmetric stiffness/mass contributions.

 Factoring the system of equations using the symmetric spooles solver
 Using up to 1 cpu(s) for spooles.

 Using up to 1 cpu(s) for the stress calculation.

 average force= 0.001270
 time avg. forc= 0.000598
 largest residual force= 0.000067 in node 1832 and dof 2
 largest increment of disp= 4.896796e-05
 largest correction to disp= 1.319194e-06 in node 7342 and dof 1

 no convergence

 iteration 2

 Using up to 1 cpu(s) for the symmetric stiffness/mass contributions.

 Factoring the system of equations using the symmetric spooles solver
 Using up to 1 cpu(s) for spooles.

 Using up to 1 cpu(s) for the stress calculation.

 average force= 0.001270
 time avg. forc= 0.000598
 largest residual force= 0.000086 in node 1765 and dof 1
 largest increment of disp= 4.896796e-05
 largest correction to disp= 3.746358e-06 in node 4347 and dof 2

 no convergence

 iteration 3

 Using up to 1 cpu(s) for the symmetric stiffness/mass contributions.

 Factoring the system of equations using the symmetric spooles solver
 Using up to 1 cpu(s) for spooles.

 Using up to 1 cpu(s) for the stress calculation.

 average force= 0.001270
 time avg. forc= 0.000598
 largest residual force= 0.000000 in node 1632 and dof 1
 largest increment of disp= 4.896796e-05
 largest correction to disp= 5.568444e-08 in node 5232 and dof 1

 convergence; the increment size is increased to 4.746094e-02

 Using up to 1 cpu(s) for the stress calculation.

 increment 36 attempt 1 
 increment size= 4.746094e-02
 sum of previous increments=9.224121e-01
 actual step time=9.698730e-01
 actual total time=9.698730e-01

 iteration 1

 Using up to 1 cpu(s) for the stress calculation.

 Using up to 1 cpu(s) for the symmetric stiffness/mass contributions.

 Factoring the system of equations using the symmetric spooles solver
 Using up to 1 cpu(s) for spooles.

 Using up to 1 cpu(s) for the stress calculation.

 average force= 0.001330
 time avg. forc= 0.000618
 largest residual force= 0.000170 in node 1706 and dof 2
 largest increment of disp= 7.311653e-05
 largest correction to disp= 2.061134e-06 in node 6486 and dof 1

 no convergence

 iteration 2

 Using up to 1 cpu(s) for the symmetric stiffness/mass contributions.

 Factoring the system of equations using the symmetric spooles solver
 Using up to 1 cpu(s) for spooles.

 Using up to 1 cpu(s) for the stress calculation.

 average force= 0.001330
 time avg. forc= 0.000618
 largest residual force= 0.000244 in node 1705 and dof 2
 largest increment of disp= 7.311653e-05
 largest correction to disp= 2.997079e-06 in node 5958 and dof 1

 no convergence

 iteration 3

 Using up to 1 cpu(s) for the symmetric stiffness/mass contributions.

 Factoring the system of equations using the symmetric spooles solver
 Using up to 1 cpu(s) for spooles.

 Using up to 1 cpu(s) for the stress calculation.

 average force= 0.001330
 time avg. forc= 0.000618
 largest residual force= 0.000000 in node 1827 and dof 2
 largest increment of disp= 7.311653e-05
 largest correction to disp= 5.273265e-08 in node 7954 and dof 1

 convergence; the increment size is increased to 7.119141e-02

 the increment size exceeds the maximum allowed and is decreased to 5.000000e-02

 the increment size exceeds the remainder of the step and is decreased to 3.012695e-02

 increment 37 attempt 1 
 increment size= 3.012695e-02
 sum of previous increments=9.698730e-01
 actual step time=1.000000e+00
 actual total time=1.000000e+00

 iteration 1

 Using up to 1 cpu(s) for the stress calculation.

 Using up to 1 cpu(s) for the symmetric stiffness/mass contributions.

 Factoring the system of equations using the symmetric spooles solver
 Using up to 1 cpu(s) for spooles.

 Using up to 1 cpu(s) for the stress calculation.

 average force= 0.001366
 time avg. forc= 0.000638
 largest residual force= 0.000053 in node 1634 and dof 1
 largest increment of disp= 4.628529e-05
 largest correction to disp= 1.354798e-06 in node 7410 and dof 2

 no convergence

 iteration 2

 Using up to 1 cpu(s) for the symmetric stiffness/mass contributions.

 Factoring the system of equations using the symmetric spooles solver
 Using up to 1 cpu(s) for spooles.

 Using up to 1 cpu(s) for the stress calculation.

 average force= 0.001366
 time avg. forc= 0.000638
 largest residual force= 0.000032 in node 1765 and dof 1
 largest increment of disp= 4.628529e-05
 largest correction to disp= 1.040022e-06 in node 5958 and dof 1

 no convergence

 iteration 3

 Using up to 1 cpu(s) for the symmetric stiffness/mass contributions.

 Factoring the system of equations using the symmetric spooles solver
 Using up to 1 cpu(s) for spooles.

 Using up to 1 cpu(s) for the stress calculation.

 average force= 0.001366
 time avg. forc= 0.000638
 largest residual force= 0.000000 in node 1627 and dof 1
 largest increment of disp= 4.628529e-05
 largest correction to disp= 1.338436e-08 in node 6651 and dof 1

 convergence; the increment size is increased to 4.519043e-02

 the increment size exceeds the remainder of the step and is decreased to 0.000000e+00

 Using up to 1 cpu(s) for the stress calculation.


 Job finished

________________________________________

Total CalculiX Time: 156.710027
________________________________________
=== on-caso-2 (CCX): ccx2paraview nao encontrado dentro do container ===
    (esperado - rode 'cd cases/on-caso-2/ccx && /tmp/ccx2pv/bin/ccx2paraview on-caso-2.frd vtu' no HOST)

=== Concluido. Arquivos de saida: ===
  on-caso-2.frd  - campos CalculiX (cgx -c se disponivel)
  on-caso-2.pvd  - ParaView Data (abre direto no ParaView)
  on-caso-2.dat  - totais RF no engaste posterior (curva F_z(Dz))
  on-caso-2.sta  - status de convergencia por incremento Riks

Analise: python3 ../../../brunaStuff/analyze_on-caso-2_ccx.py
