=== on-caso-3-inv (CCX): polyMesh -> CalculiX .inp  [k_winkler=200000 Pa/m] ===
[1/5] Lendo polyMesh em ../solid/constant/polyMesh
      nodes=5317, faces=14796, cells=4752, patches=10, zones=['on', 'pia', 'sas', 'dura', 'lc', 'sclera_peri', 'sclera_ring', 'globo']
[2/5] Reconstruindo conectividade C3D8 (4752 celulas)
      OK
[3/5] Escrevendo malha em on-caso-3-inv_mesh.inp
[4/5] Escrevendo Winkler em on-caso-3-inv_winkler.inp
[5/5] Concluido. Total: 5317 nodes, 4752 hex C3D8I.
=== on-caso-3-inv (CCX): P_CONTACT = 9034 Pa (arteria oftalmica) ===
307:CONTACT_LOCAL_SURF, P, 9034
=== on-caso-3-inv (CCX): solver ccx_preCICE -i on-caso-3-inv  [tag=Pc9034] ===

************************************************************

CalculiX Version 2.20, Copyright(C) 1998-2022 Guido Dhondt
CalculiX comes with ABSOLUTELY NO WARRANTY. This is free
software, and you are welcome to redistribute it under
certain conditions, see gpl.htm

************************************************************

You are using an executable made on Sun Jul 31 18:08:37 CEST 2022

  The numbers below are estimated upper bounds

  number of:

   nodes:        19822
   elements:         5001
   one-dimensional elements:            0
   two-dimensional elements:            0
   integration points per element:            8
   degrees of freedom per node:            3
   layers per element:            1

   distributed facial loads:            2
   distributed volumetric loads:            0
   concentrated loads:          419
   single point constraints:         3417
   multiple point constraints:            1
   terms in all multiple point constraints:            1
   tie constraints:            0
   dependent nodes tied by cyclic constraints:            0
   dependent nodes in pre-tension constraints:            0

   sets:          281
   terms in all sets:        18242

   materials:          257
   constants per material and temperature:            9
   temperature points per material:            1
   plastic data points per material:            0

   orientations:            1
   amplitudes:            8
   data points in all amplitudes:           11
   print requests:            8
   transformations:            0
   property cards:            0

 *INFO reading *HYPERELASTIC: nonlinear geometric
       effects are turned on

 *INFO reading *HYPERELASTIC: nonlinear geometric
       effects are turned on

 *INFO reading *HYPERELASTIC: nonlinear geometric
       effects are turned on

 *INFO reading *HYPERELASTIC: nonlinear geometric
       effects are turned on

 *INFO reading *HYPERELASTIC: nonlinear geometric
       effects are turned on

 *INFO reading *HYPERELASTIC: nonlinear geometric
       effects are turned on

 *INFO reading *HYPERELASTIC: nonlinear geometric
       effects are turned on

 *INFO reading *STEP: nonlinear geometric
       effects are turned on

 *WARNING reading *STATIC: parameter not recognized:
          RIKS
 *WARNING reading *STATIC. Card image:
          *STATIC,RIKS


 STEP            1

 Static analysis was selected

 Nonlinear material laws are taken into account

 Newton-Raphson iterative procedure is active

 Nonlinear geometric effects are taken into account

 Decascading the MPC's

 Determining the structure of the matrix:
 Using up to 1 cpu(s) for setting up the structure of the matrix.
 number of equations
 56265
 number of nonzero lower triangular matrix elements
 1607559

 increment 1 attempt 1 
 increment size= 2.500000e-02
 sum of previous increments=0.000000e+00
 actual step time=2.500000e-02
 actual total time=2.500000e-02

 iteration 1

 Using up to 1 cpu(s) for the stress calculation.

 Using up to 1 cpu(s) for the symmetric stiffness/mass contributions.

 Factoring the system of equations using the symmetric spooles solver
 Using up to 1 cpu(s) for spooles.

 Using up to 1 cpu(s) for the stress calculation.

 average force= 0.000007
 time avg. forc= 0.000007
 largest residual force= 0.000130 in node 4363 and dof 1
 largest increment of disp= 3.749806e-05
 largest correction to disp= 3.749806e-05 in node 4708 and dof 3

 no convergence

 iteration 2

 Using up to 1 cpu(s) for the symmetric stiffness/mass contributions.

 Factoring the system of equations using the symmetric spooles solver
 Using up to 1 cpu(s) for spooles.

 Using up to 1 cpu(s) for the stress calculation.

 average force= 0.000007
 time avg. forc= 0.000007
 largest residual force= 0.000000 in node 2176 and dof 1
 largest increment of disp= 3.749806e-05
 largest correction to disp= 8.053764e-07 in node 4335 and dof 3

 convergence

 increment 2 attempt 1 
 increment size= 2.500000e-02
 sum of previous increments=2.500000e-02
 actual step time=5.000000e-02
 actual total time=5.000000e-02

 iteration 1

 Using up to 1 cpu(s) for the stress calculation.

 Using up to 1 cpu(s) for the symmetric stiffness/mass contributions.

 Factoring the system of equations using the symmetric spooles solver
 Using up to 1 cpu(s) for spooles.

 Using up to 1 cpu(s) for the stress calculation.

 average force= 0.000013
 time avg. forc= 0.000010
 largest residual force= 0.000006 in node 2169 and dof 1
 largest increment of disp= 3.749705e-05
 largest correction to disp= 4.028836e-07 in node 11063 and dof 1

 no convergence

 iteration 2

 Using up to 1 cpu(s) for the symmetric stiffness/mass contributions.

 Factoring the system of equations using the symmetric spooles solver
 Using up to 1 cpu(s) for spooles.

 Using up to 1 cpu(s) for the stress calculation.

 average force= 0.000013
 time avg. forc= 0.000010
 largest residual force= 0.000000 in node 2183 and dof 1
 largest increment of disp= 3.749705e-05
 largest correction to disp= 1.447629e-09 in node 11120 and dof 1

 convergence; the increment size is increased to 3.750000e-02

 increment 3 attempt 1 
 increment size= 3.750000e-02
 sum of previous increments=5.000000e-02
 actual step time=8.750000e-02
 actual total time=8.750000e-02

 iteration 1

 Using up to 1 cpu(s) for the stress calculation.

 Using up to 1 cpu(s) for the symmetric stiffness/mass contributions.

 Factoring the system of equations using the symmetric spooles solver
 Using up to 1 cpu(s) for spooles.

 Using up to 1 cpu(s) for the stress calculation.

 average force= 0.000023
 time avg. forc= 0.000014
 largest residual force= 0.000073 in node 2169 and dof 1
 largest increment of disp= 5.624513e-05
 largest correction to disp= 1.413122e-06 in node 11084 and dof 1

 no convergence

 iteration 2

 Using up to 1 cpu(s) for the symmetric stiffness/mass contributions.

 Factoring the system of equations using the symmetric spooles solver
 Using up to 1 cpu(s) for spooles.

 Using up to 1 cpu(s) for the stress calculation.

 average force= 0.000023
 time avg. forc= 0.000014
 largest residual force= 0.000000 in node 2155 and dof 1
 largest increment of disp= 5.624513e-05
 largest correction to disp= 7.403398e-09 in node 11030 and dof 1

 convergence; the increment size is increased to 5.625000e-02

 the increment size exceeds the maximum allowed and is decreased to 5.000000e-02

 increment 4 attempt 1 
 increment size= 5.000000e-02
 sum of previous increments=8.750000e-02
 actual step time=1.375000e-01
 actual total time=1.375000e-01

 iteration 1

 Using up to 1 cpu(s) for the stress calculation.

 Using up to 1 cpu(s) for the symmetric stiffness/mass contributions.

 Factoring the system of equations using the symmetric spooles solver
 Using up to 1 cpu(s) for spooles.

 Using up to 1 cpu(s) for the stress calculation.

 average force= 0.000039
 time avg. forc= 0.000020
 largest residual force= 0.002809 in node 2176 and dof 1
 largest increment of disp= 7.499856e-05
 largest correction to disp= 8.754776e-06 in node 11102 and dof 1

 no convergence

 iteration 2

 Using up to 1 cpu(s) for the symmetric stiffness/mass contributions.

 Factoring the system of equations using the symmetric spooles solver
 Using up to 1 cpu(s) for spooles.

 Using up to 1 cpu(s) for the stress calculation.

 average force= 0.000038
 time avg. forc= 0.000020
 largest residual force= 0.000015 in node 2169 and dof 1
 largest increment of disp= 7.499856e-05
 largest correction to disp= 6.347559e-07 in node 11063 and dof 1

 no convergence

 iteration 3

 Using up to 1 cpu(s) for the symmetric stiffness/mass contributions.

 Factoring the system of equations using the symmetric spooles solver
 Using up to 1 cpu(s) for spooles.

 Using up to 1 cpu(s) for the stress calculation.

 average force= 0.000038
 time avg. forc= 0.000020
 largest residual force= 0.000002 in node 2176 and dof 1
 largest increment of disp= 7.499856e-05
 largest correction to disp= 2.362844e-07 in node 11099 and dof 1

 no convergence

 iteration 4

 Using up to 1 cpu(s) for the symmetric stiffness/mass contributions.

 Factoring the system of equations using the symmetric spooles solver
 Using up to 1 cpu(s) for spooles.

 Using up to 1 cpu(s) for the stress calculation.

 average force= 0.000038
 time avg. forc= 0.000020
 largest residual force= 0.000000 in node 2176 and dof 1
 largest increment of disp= 7.499856e-05
 largest correction to disp= 1.330759e-10 in node 11081 and dof 1

 convergence; the increment size is increased to 7.500000e-02

 the increment size exceeds the maximum allowed and is decreased to 5.000000e-02

 increment 5 attempt 1 
 increment size= 5.000000e-02
 sum of previous increments=1.375000e-01
 actual step time=1.875000e-01
 actual total time=1.875000e-01

 iteration 1

 Using up to 1 cpu(s) for the stress calculation.

 Using up to 1 cpu(s) for the symmetric stiffness/mass contributions.

 Factoring the system of equations using the symmetric spooles solver
 Using up to 1 cpu(s) for spooles.

 Using up to 1 cpu(s) for the stress calculation.

 average force= 0.000071
 time avg. forc= 0.000030
 largest residual force= 0.010665 in node 2372 and dof 2
 largest increment of disp= 7.521780e-05
 largest correction to disp= 1.694927e-05 in node 11645 and dof 2

 no convergence

 iteration 2

 Using up to 1 cpu(s) for the symmetric stiffness/mass contributions.

 Factoring the system of equations using the symmetric spooles solver
 Using up to 1 cpu(s) for spooles.

 Using up to 1 cpu(s) for the stress calculation.

 average force= 0.000107
 time avg. forc= 0.000038
 largest residual force= 0.053244 in node 2311 and dof 1
 largest increment of disp= 7.521780e-05
 largest correction to disp= 3.820238e-05 in node 11459 and dof 1

 no convergence

 iteration 3

 Using up to 1 cpu(s) for the symmetric stiffness/mass contributions.

 Factoring the system of equations using the symmetric spooles solver
 Using up to 1 cpu(s) for spooles.

 Using up to 1 cpu(s) for the stress calculation.

 average force= 0.000074
 time avg. forc= 0.000031
 largest residual force= 0.007391 in node 2176 and dof 1
 largest increment of disp= 7.521780e-05
 largest correction to disp= 1.437921e-05 in node 11099 and dof 1

 no convergence

 iteration 4

 Using up to 1 cpu(s) for the symmetric stiffness/mass contributions.

 Factoring the system of equations using the symmetric spooles solver
 Using up to 1 cpu(s) for spooles.

 Using up to 1 cpu(s) for the stress calculation.

 average force= 0.002452
 time avg. forc= 0.000507
 largest residual force= 3.147696 in node 2311 and dof 1
 largest increment of disp= 2.933489e-04
 largest correction to disp= 2.933489e-04 in node 11441 and dof 1

 no convergence

 iteration 5

 Using up to 1 cpu(s) for the symmetric stiffness/mass contributions.

 Factoring the system of equations using the symmetric spooles solver
 Using up to 1 cpu(s) for spooles.

 Using up to 1 cpu(s) for the stress calculation.

 average force= 0.002714
 time avg. forc= 0.000559
 largest residual force= 10.546671 in node 1679 and dof 1
 largest increment of disp= 6.537174e-04
 largest correction to disp= 6.537174e-04 in node 11447 and dof 1

 divergence; the increment size is decreased to 1.250000e-02
 the increment is reattempted

 increment 5 attempt 2 
 increment size= 1.250000e-02
 sum of previous increments=1.375000e-01
 actual step time=1.500000e-01
 actual total time=1.500000e-01

 iteration 1

 Using up to 1 cpu(s) for the stress calculation.

 Using up to 1 cpu(s) for the symmetric stiffness/mass contributions.

 Factoring the system of equations using the symmetric spooles solver
 Using up to 1 cpu(s) for spooles.

 Using up to 1 cpu(s) for the stress calculation.

 average force= 0.000043
 time avg. forc= 0.000025
 largest residual force= 0.000852 in node 2176 and dof 1
 largest increment of disp= 1.880445e-05
 largest correction to disp= 4.839609e-06 in node 11099 and dof 1

 no convergence

 iteration 2

 Using up to 1 cpu(s) for the symmetric stiffness/mass contributions.

 Factoring the system of equations using the symmetric spooles solver
 Using up to 1 cpu(s) for spooles.

 Using up to 1 cpu(s) for the stress calculation.

 average force= 0.000043
 time avg. forc= 0.000025
 largest residual force= 0.000103 in node 2176 and dof 1
 largest increment of disp= 1.880445e-05
 largest correction to disp= 1.670612e-06 in node 11084 and dof 1

 no convergence

 iteration 3

 Using up to 1 cpu(s) for the symmetric stiffness/mass contributions.

 Factoring the system of equations using the symmetric spooles solver
 Using up to 1 cpu(s) for spooles.

 Using up to 1 cpu(s) for the stress calculation.

 average force= 0.000043
 time avg. forc= 0.000025
 largest residual force= 0.000003 in node 2176 and dof 1
 largest increment of disp= 1.880445e-05
 largest correction to disp= 2.766403e-07 in node 11102 and dof 1

 no convergence

 iteration 4

 Using up to 1 cpu(s) for the symmetric stiffness/mass contributions.

 Factoring the system of equations using the symmetric spooles solver
 Using up to 1 cpu(s) for spooles.

 Using up to 1 cpu(s) for the stress calculation.

 average force= 0.000043
 time avg. forc= 0.000025
 largest residual force= 0.000000 in node 2176 and dof 1
 largest increment of disp= 1.880445e-05
 largest correction to disp= 4.938309e-09 in node 11099 and dof 1

 convergence

 Using up to 1 cpu(s) for the stress calculation.

 increment 6 attempt 1 
 increment size= 1.250000e-02
 sum of previous increments=1.500000e-01
 actual step time=1.625000e-01
 actual total time=1.625000e-01

 iteration 1

 Using up to 1 cpu(s) for the stress calculation.

 Using up to 1 cpu(s) for the symmetric stiffness/mass contributions.

 Factoring the system of equations using the symmetric spooles solver
 Using up to 1 cpu(s) for spooles.

 Using up to 1 cpu(s) for the stress calculation.

 average force= 0.000049
 time avg. forc= 0.000029
 largest residual force= 0.000208 in node 2176 and dof 1
 largest increment of disp= 1.906136e-05
 largest correction to disp= 2.399672e-06 in node 11099 and dof 1

 no convergence

 iteration 2

 Using up to 1 cpu(s) for the symmetric stiffness/mass contributions.

 Factoring the system of equations using the symmetric spooles solver
 Using up to 1 cpu(s) for spooles.

 Using up to 1 cpu(s) for the stress calculation.

 average force= 0.000049
 time avg. forc= 0.000029
 largest residual force= 0.000698 in node 2176 and dof 1
 largest increment of disp= 1.906136e-05
 largest correction to disp= 4.389942e-06 in node 11099 and dof 1

 no convergence

 iteration 3

 Using up to 1 cpu(s) for the symmetric stiffness/mass contributions.

 Factoring the system of equations using the symmetric spooles solver
 Using up to 1 cpu(s) for spooles.

 Using up to 1 cpu(s) for the stress calculation.

 average force= 0.000049
 time avg. forc= 0.000029
 largest residual force= 0.000000 in node 2311 and dof 1
 largest increment of disp= 1.906136e-05
 largest correction to disp= 4.821024e-08 in node 11444 and dof 1

 convergence; the increment size is increased to 1.875000e-02

 increment 7 attempt 1 
 increment size= 1.875000e-02
 sum of previous increments=1.625000e-01
 actual step time=1.812500e-01
 actual total time=1.812500e-01

 iteration 1

 Using up to 1 cpu(s) for the stress calculation.

 Using up to 1 cpu(s) for the symmetric stiffness/mass contributions.

 Factoring the system of equations using the symmetric spooles solver
 Using up to 1 cpu(s) for spooles.

 Using up to 1 cpu(s) for the stress calculation.

 average force= 0.000060
 time avg. forc= 0.000033
 largest residual force= 0.000182 in node 2305 and dof 1
 largest increment of disp= 2.899512e-05
 largest correction to disp= 2.229195e-06 in node 11441 and dof 1

 no convergence

 iteration 2

 Using up to 1 cpu(s) for the symmetric stiffness/mass contributions.

 Factoring the system of equations using the symmetric spooles solver
 Using up to 1 cpu(s) for spooles.

 Using up to 1 cpu(s) for the stress calculation.

 average force= 0.000062
 time avg. forc= 0.000034
 largest residual force= 0.003629 in node 2311 and dof 1
 largest increment of disp= 2.899512e-05
 largest correction to disp= 9.949903e-06 in node 11444 and dof 1

 no convergence

 iteration 3

 Using up to 1 cpu(s) for the symmetric stiffness/mass contributions.

 Factoring the system of equations using the symmetric spooles solver
 Using up to 1 cpu(s) for spooles.

 Using up to 1 cpu(s) for the stress calculation.

 average force= 0.000061
 time avg. forc= 0.000033
 largest residual force= 0.000016 in node 2311 and dof 1
 largest increment of disp= 2.899512e-05
 largest correction to disp= 6.685468e-07 in node 11444 and dof 1

 no convergence

 iteration 4

 Using up to 1 cpu(s) for the symmetric stiffness/mass contributions.

 Factoring the system of equations using the symmetric spooles solver
 Using up to 1 cpu(s) for spooles.

 Using up to 1 cpu(s) for the stress calculation.

 average force= 0.000061
 time avg. forc= 0.000033
 largest residual force= 0.000773 in node 2311 and dof 1
 largest increment of disp= 2.899512e-05
 largest correction to disp= 4.605067e-06 in node 11459 and dof 1

 no convergence

 iteration 5

 Using up to 1 cpu(s) for the symmetric stiffness/mass contributions.

 Factoring the system of equations using the symmetric spooles solver
 Using up to 1 cpu(s) for spooles.

 Using up to 1 cpu(s) for the stress calculation.

 average force= 0.000061
 time avg. forc= 0.000033
 largest residual force= 0.000029 in node 2311 and dof 1
 largest increment of disp= 2.899512e-05
 largest correction to disp= 8.947797e-07 in node 11459 and dof 1

 divergence; the increment size is decreased to 4.687500e-03
 the increment is reattempted

 increment 7 attempt 2 
 increment size= 4.687500e-03
 sum of previous increments=1.625000e-01
 actual step time=1.671875e-01
 actual total time=1.671875e-01

 iteration 1

 Using up to 1 cpu(s) for the stress calculation.

 Using up to 1 cpu(s) for the symmetric stiffness/mass contributions.

 Factoring the system of equations using the symmetric spooles solver
 Using up to 1 cpu(s) for spooles.

 Using up to 1 cpu(s) for the stress calculation.

 average force= 0.000052
 time avg. forc= 0.000032
 largest residual force= 0.000030 in node 2370 and dof 2
 largest increment of disp= 7.248779e-06
 largest correction to disp= 9.206383e-07 in node 11642 and dof 2

 no convergence

 iteration 2

 Using up to 1 cpu(s) for the symmetric stiffness/mass contributions.

 Factoring the system of equations using the symmetric spooles solver
 Using up to 1 cpu(s) for spooles.

 Using up to 1 cpu(s) for the stress calculation.

 average force= 0.000052
 time avg. forc= 0.000032
 largest residual force= 0.000030 in node 2370 and dof 2
 largest increment of disp= 7.248779e-06
 largest correction to disp= 9.149339e-07 in node 11282 and dof 2

 no convergence

 iteration 3

 Using up to 1 cpu(s) for the symmetric stiffness/mass contributions.

 Factoring the system of equations using the symmetric spooles solver
 Using up to 1 cpu(s) for spooles.

 Using up to 1 cpu(s) for the stress calculation.

 average force= 0.000052
 time avg. forc= 0.000032
 largest residual force= 0.000000 in node 2311 and dof 1
 largest increment of disp= 7.248779e-06
 largest correction to disp= 2.487943e-08 in node 11444 and dof 1

 convergence

 increment 8 attempt 1 
 increment size= 4.687500e-03
 sum of previous increments=1.671875e-01
 actual step time=1.718750e-01
 actual total time=1.718750e-01

 iteration 1

 Using up to 1 cpu(s) for the stress calculation.

 Using up to 1 cpu(s) for the symmetric stiffness/mass contributions.

 Factoring the system of equations using the symmetric spooles solver
 Using up to 1 cpu(s) for spooles.

 Using up to 1 cpu(s) for the stress calculation.

 average force= 0.000055
 time avg. forc= 0.000035
 largest residual force= 0.000770 in node 2311 and dof 1
 largest increment of disp= 7.635201e-06
 largest correction to disp= 4.584782e-06 in node 11462 and dof 1

 no convergence

 iteration 2

 Using up to 1 cpu(s) for the symmetric stiffness/mass contributions.

 Factoring the system of equations using the symmetric spooles solver
 Using up to 1 cpu(s) for spooles.

 Using up to 1 cpu(s) for the stress calculation.

 average force= 0.000056
 time avg. forc= 0.000035
 largest residual force= 0.000218 in node 2311 and dof 1
 largest increment of disp= 7.635201e-06
 largest correction to disp= 2.437809e-06 in node 11459 and dof 1

 no convergence

 iteration 3

 Using up to 1 cpu(s) for the symmetric stiffness/mass contributions.

 Factoring the system of equations using the symmetric spooles solver
 Using up to 1 cpu(s) for spooles.

 Using up to 1 cpu(s) for the stress calculation.

 average force= 0.000057
 time avg. forc= 0.000035
 largest residual force= 0.001624 in node 2311 and dof 1
 largest increment of disp= 7.635201e-06
 largest correction to disp= 6.647568e-06 in node 11444 and dof 1

 no convergence

 iteration 4

 Using up to 1 cpu(s) for the symmetric stiffness/mass contributions.

 Factoring the system of equations using the symmetric spooles solver
 Using up to 1 cpu(s) for spooles.

 Using up to 1 cpu(s) for the stress calculation.

 average force= 0.000056
 time avg. forc= 0.000035
 largest residual force= 0.000028 in node 2311 and dof 1
 largest increment of disp= 7.635201e-06
 largest correction to disp= 8.680330e-07 in node 11441 and dof 1

 no convergence

 iteration 5

 Using up to 1 cpu(s) for the symmetric stiffness/mass contributions.

 Factoring the system of equations using the symmetric spooles solver
 Using up to 1 cpu(s) for spooles.

 Using up to 1 cpu(s) for the stress calculation.

 average force= 0.000058
 time avg. forc= 0.000035
 largest residual force= 0.002154 in node 2311 and dof 1
 largest increment of disp= 7.660688e-06
 largest correction to disp= 7.660688e-06 in node 11444 and dof 1

 no convergence

 iteration 6

 Using up to 1 cpu(s) for the symmetric stiffness/mass contributions.

 Factoring the system of equations using the symmetric spooles solver
 Using up to 1 cpu(s) for spooles.

 Using up to 1 cpu(s) for the stress calculation.

 average force= 0.000057
 time avg. forc= 0.000035
 largest residual force= 0.000003 in node 2311 and dof 1
 largest increment of disp= 7.660688e-06
 largest correction to disp= 2.726706e-07 in node 11462 and dof 1

 no convergence

 iteration 7

 Using up to 1 cpu(s) for the symmetric stiffness/mass contributions.

 Factoring the system of equations using the symmetric spooles solver
 Using up to 1 cpu(s) for spooles.

 Using up to 1 cpu(s) for the stress calculation.

 average force= 0.000057
 time avg. forc= 0.000035
 largest residual force= 0.000083 in node 2311 and dof 1
 largest increment of disp= 7.660688e-06
 largest correction to disp= 1.503647e-06 in node 11444 and dof 1

 no convergence

 iteration 8

 Using up to 1 cpu(s) for the symmetric stiffness/mass contributions.

 Factoring the system of equations using the symmetric spooles solver
 Using up to 1 cpu(s) for spooles.

 Using up to 1 cpu(s) for the stress calculation.

 average force= 0.000057
 time avg. forc= 0.000035
 largest residual force= 0.000000 in node 2311 and dof 1
 largest increment of disp= 7.660688e-06
 largest correction to disp= 1.314383e-07 in node 11444 and dof 1

 convergence

 increment 9 attempt 1 
 increment size= 4.687500e-03
 sum of previous increments=1.718750e-01
 actual step time=1.765625e-01
 actual total time=1.765625e-01

 iteration 1

 Using up to 1 cpu(s) for the stress calculation.

 Using up to 1 cpu(s) for the symmetric stiffness/mass contributions.

 Factoring the system of equations using the symmetric spooles solver
 Using up to 1 cpu(s) for spooles.

 Using up to 1 cpu(s) for the stress calculation.

 average force= 0.000063
 time avg. forc= 0.000038
 largest residual force= 0.000013 in node 2176 and dof 1
 largest increment of disp= 2.019153e-05
 largest correction to disp= 7.077172e-07 in node 13167 and dof 1

 no convergence

 iteration 2

 Using up to 1 cpu(s) for the symmetric stiffness/mass contributions.

 Factoring the system of equations using the symmetric spooles solver
 Using up to 1 cpu(s) for spooles.

 Using up to 1 cpu(s) for the stress calculation.

 average force= 0.000064
 time avg. forc= 0.000038
 largest residual force= 0.000919 in node 2311 and dof 1
 largest increment of disp= 2.019153e-05
 largest correction to disp= 5.030864e-06 in node 11444 and dof 1

 no convergence

 iteration 3

 Using up to 1 cpu(s) for the symmetric stiffness/mass contributions.

 Factoring the system of equations using the symmetric spooles solver
 Using up to 1 cpu(s) for spooles.

 Using up to 1 cpu(s) for the stress calculation.

 average force= 0.000064
 time avg. forc= 0.000038
 largest residual force= 0.000007 in node 2311 and dof 1
 largest increment of disp= 2.019153e-05
 largest correction to disp= 4.254347e-07 in node 11441 and dof 1

 no convergence

 iteration 4

 Using up to 1 cpu(s) for the symmetric stiffness/mass contributions.

 Factoring the system of equations using the symmetric spooles solver
 Using up to 1 cpu(s) for spooles.

 Using up to 1 cpu(s) for the stress calculation.

 average force= 0.000064
 time avg. forc= 0.000038
 largest residual force= 0.000001 in node 2311 and dof 1
 largest increment of disp= 2.019153e-05
 largest correction to disp= 1.821427e-07 in node 11444 and dof 1

 no convergence

 iteration 5

 Using up to 1 cpu(s) for the symmetric stiffness/mass contributions.

 Factoring the system of equations using the symmetric spooles solver
 Using up to 1 cpu(s) for spooles.

 Using up to 1 cpu(s) for the stress calculation.

 average force= 0.000064
 time avg. forc= 0.000038
 largest residual force= 0.000000 in node 2311 and dof 1
 largest increment of disp= 2.019153e-05
 largest correction to disp= 1.616693e-09 in node 11441 and dof 1

 convergence

 increment 10 attempt 1 
 increment size= 4.687500e-03
 sum of previous increments=1.765625e-01
 actual step time=1.812500e-01
 actual total time=1.812500e-01

 iteration 1

 Using up to 1 cpu(s) for the stress calculation.

 Using up to 1 cpu(s) for the symmetric stiffness/mass contributions.

 Factoring the system of equations using the symmetric spooles solver
 Using up to 1 cpu(s) for spooles.

 Using up to 1 cpu(s) for the stress calculation.

 average force= 0.000071
 time avg. forc= 0.000042
 largest residual force= 0.000040 in node 2317 and dof 1
 largest increment of disp= 2.483860e-05
 largest correction to disp= 9.294736e-07 in node 11480 and dof 1

 no convergence

 iteration 2

 Using up to 1 cpu(s) for the symmetric stiffness/mass contributions.

 Factoring the system of equations using the symmetric spooles solver
 Using up to 1 cpu(s) for spooles.

 Using up to 1 cpu(s) for the stress calculation.

 average force= 0.000070
 time avg. forc= 0.000042
 largest residual force= 0.002670 in node 2311 and dof 1
 largest increment of disp= 2.483860e-05
 largest correction to disp= 8.551615e-06 in node 11444 and dof 1

 no convergence

 iteration 3

 Using up to 1 cpu(s) for the symmetric stiffness/mass contributions.

 Factoring the system of equations using the symmetric spooles solver
 Using up to 1 cpu(s) for spooles.

 Using up to 1 cpu(s) for the stress calculation.

 average force= 0.000069
 time avg. forc= 0.000042
 largest residual force= 0.000054 in node 2311 and dof 1
 largest increment of disp= 2.483860e-05
 largest correction to disp= 1.218521e-06 in node 11441 and dof 1

 no convergence

 iteration 4

 Using up to 1 cpu(s) for the symmetric stiffness/mass contributions.

 Factoring the system of equations using the symmetric spooles solver
 Using up to 1 cpu(s) for spooles.

 Using up to 1 cpu(s) for the stress calculation.

 average force= 0.000069
 time avg. forc= 0.000042
 largest residual force= 0.000033 in node 2311 and dof 1
 largest increment of disp= 2.483860e-05
 largest correction to disp= 9.473126e-07 in node 11441 and dof 1

 no convergence

 iteration 5

 Using up to 1 cpu(s) for the symmetric stiffness/mass contributions.

 Factoring the system of equations using the symmetric spooles solver
 Using up to 1 cpu(s) for spooles.

 Using up to 1 cpu(s) for the stress calculation.

 average force= 0.000069
 time avg. forc= 0.000042
 largest residual force= 0.000000 in node 2311 and dof 1
 largest increment of disp= 2.483860e-05
 largest correction to disp= 3.586399e-08 in node 11444 and dof 1

 convergence

 Using up to 1 cpu(s) for the stress calculation.

 increment 11 attempt 1 
 increment size= 4.687500e-03
 sum of previous increments=1.812500e-01
 actual step time=1.859375e-01
 actual total time=1.859375e-01

 iteration 1

 Using up to 1 cpu(s) for the stress calculation.

 Using up to 1 cpu(s) for the symmetric stiffness/mass contributions.

 Factoring the system of equations using the symmetric spooles solver
 Using up to 1 cpu(s) for spooles.

 Using up to 1 cpu(s) for the stress calculation.

 average force= 0.000074
 time avg. forc= 0.000045
 largest residual force= 0.000024 in node 2317 and dof 1
 largest increment of disp= 1.329034e-05
 largest correction to disp= 8.045272e-07 in node 11462 and dof 1

 no convergence

 iteration 2

 Using up to 1 cpu(s) for the symmetric stiffness/mass contributions.

 Factoring the system of equations using the symmetric spooles solver
 Using up to 1 cpu(s) for spooles.

 Using up to 1 cpu(s) for the stress calculation.

 average force= 0.000074
 time avg. forc= 0.000044
 largest residual force= 0.000194 in node 2311 and dof 1
 largest increment of disp= 1.329034e-05
 largest correction to disp= 2.308546e-06 in node 11444 and dof 1

 no convergence

 iteration 3

 Using up to 1 cpu(s) for the symmetric stiffness/mass contributions.

 Factoring the system of equations using the symmetric spooles solver
 Using up to 1 cpu(s) for spooles.

 Using up to 1 cpu(s) for the stress calculation.

 average force= 0.000074
 time avg. forc= 0.000044
 largest residual force= 0.000000 in node 2311 and dof 1
 largest increment of disp= 1.329034e-05
 largest correction to disp= 1.268030e-07 in node 11441 and dof 1

 convergence

 increment 12 attempt 1 
 increment size= 4.687500e-03
 sum of previous increments=1.859375e-01
 actual step time=1.906250e-01
 actual total time=1.906250e-01

 iteration 1

 Using up to 1 cpu(s) for the stress calculation.

 Using up to 1 cpu(s) for the symmetric stiffness/mass contributions.

 Factoring the system of equations using the symmetric spooles solver
 Using up to 1 cpu(s) for spooles.

 Using up to 1 cpu(s) for the stress calculation.

 average force= 0.000079
 time avg. forc= 0.000047
 largest residual force= 0.000017 in node 2317 and dof 1
 largest increment of disp= 1.008205e-05
 largest correction to disp= 6.932548e-07 in node 11459 and dof 1

 no convergence

 iteration 2

 Using up to 1 cpu(s) for the symmetric stiffness/mass contributions.

 Factoring the system of equations using the symmetric spooles solver
 Using up to 1 cpu(s) for spooles.

 Using up to 1 cpu(s) for the stress calculation.

 average force= 0.000079
 time avg. forc= 0.000047
 largest residual force= 0.000034 in node 2311 and dof 1
 largest increment of disp= 1.008205e-05
 largest correction to disp= 9.704359e-07 in node 11444 and dof 1

 no convergence

 iteration 3

 Using up to 1 cpu(s) for the symmetric stiffness/mass contributions.

 Factoring the system of equations using the symmetric spooles solver
 Using up to 1 cpu(s) for spooles.

 Using up to 1 cpu(s) for the stress calculation.

 average force= 0.000079
 time avg. forc= 0.000047
 largest residual force= 0.000000 in node 2311 and dof 1
 largest increment of disp= 1.008205e-05
 largest correction to disp= 2.153152e-08 in node 11441 and dof 1

 convergence; the increment size is increased to 7.031250e-03

 increment 13 attempt 1 
 increment size= 7.031250e-03
 sum of previous increments=1.906250e-01
 actual step time=1.976563e-01
 actual total time=1.976563e-01

 iteration 1

 Using up to 1 cpu(s) for the stress calculation.

 Using up to 1 cpu(s) for the symmetric stiffness/mass contributions.

 Factoring the system of equations using the symmetric spooles solver
 Using up to 1 cpu(s) for spooles.

 Using up to 1 cpu(s) for the stress calculation.

 average force= 0.000086
 time avg. forc= 0.000050
 largest residual force= 0.000022 in node 2317 and dof 1
 largest increment of disp= 1.261717e-05
 largest correction to disp= 1.585349e-06 in node 13122 and dof 1

 no convergence

 iteration 2

 Using up to 1 cpu(s) for the symmetric stiffness/mass contributions.

 Factoring the system of equations using the symmetric spooles solver
 Using up to 1 cpu(s) for spooles.

 Using up to 1 cpu(s) for the stress calculation.

 average force= 0.000085
 time avg. forc= 0.000050
 largest residual force= 0.000041 in node 2311 and dof 1
 largest increment of disp= 1.261717e-05
 largest correction to disp= 1.065684e-06 in node 11441 and dof 1

 no convergence

 iteration 3

 Using up to 1 cpu(s) for the symmetric stiffness/mass contributions.

 Factoring the system of equations using the symmetric spooles solver
 Using up to 1 cpu(s) for spooles.

 Using up to 1 cpu(s) for the stress calculation.

 average force= 0.000085
 time avg. forc= 0.000050
 largest residual force= 0.000000 in node 2311 and dof 1
 largest increment of disp= 1.261717e-05
 largest correction to disp= 2.317755e-08 in node 11441 and dof 1

 convergence; the increment size is increased to 1.054688e-02

 increment 14 attempt 1 
 increment size= 1.054688e-02
 sum of previous increments=1.976563e-01
 actual step time=2.082031e-01
 actual total time=2.082031e-01

 iteration 1

 Using up to 1 cpu(s) for the stress calculation.

 Using up to 1 cpu(s) for the symmetric stiffness/mass contributions.

 Factoring the system of equations using the symmetric spooles solver
 Using up to 1 cpu(s) for spooles.

 Using up to 1 cpu(s) for the stress calculation.

 average force= 0.000096
 time avg. forc= 0.000054
 largest residual force= 0.000033 in node 2317 and dof 1
 largest increment of disp= 1.643944e-05
 largest correction to disp= 5.257634e-06 in node 13122 and dof 1

 no convergence

 iteration 2

 Using up to 1 cpu(s) for the symmetric stiffness/mass contributions.

 Factoring the system of equations using the symmetric spooles solver
 Using up to 1 cpu(s) for spooles.

 Using up to 1 cpu(s) for the stress calculation.

 average force= 0.000096
 time avg. forc= 0.000054
 largest residual force= 0.000084 in node 2311 and dof 1
 largest increment of disp= 1.643944e-05
 largest correction to disp= 1.519011e-06 in node 11441 and dof 1

 no convergence

 iteration 3

 Using up to 1 cpu(s) for the symmetric stiffness/mass contributions.

 Factoring the system of equations using the symmetric spooles solver
 Using up to 1 cpu(s) for spooles.

 Using up to 1 cpu(s) for the stress calculation.

 average force= 0.000096
 time avg. forc= 0.000054
 largest residual force= 0.000000 in node 2311 and dof 1
 largest increment of disp= 1.643944e-05
 largest correction to disp= 4.111458e-08 in node 11444 and dof 1

 convergence; the increment size is increased to 1.582031e-02

 increment 15 attempt 1 
 increment size= 1.582031e-02
 sum of previous increments=2.082031e-01
 actual step time=2.240234e-01
 actual total time=2.240234e-01

 iteration 1

 Using up to 1 cpu(s) for the stress calculation.

 Using up to 1 cpu(s) for the symmetric stiffness/mass contributions.

 Factoring the system of equations using the symmetric spooles solver
 Using up to 1 cpu(s) for spooles.

 Using up to 1 cpu(s) for the stress calculation.

 average force= 0.000114
 time avg. forc= 0.000058
 largest residual force= 0.000085 in node 3743 and dof 1
 largest increment of disp= 2.564135e-05
 largest correction to disp= 1.901764e-05 in node 13113 and dof 1

 no convergence

 iteration 2

 Using up to 1 cpu(s) for the symmetric stiffness/mass contributions.

 Factoring the system of equations using the symmetric spooles solver
 Using up to 1 cpu(s) for spooles.

 Using up to 1 cpu(s) for the stress calculation.

 average force= 0.000114
 time avg. forc= 0.000058
 largest residual force= 0.000132 in node 2311 and dof 1
 largest increment of disp= 2.564135e-05
 largest correction to disp= 2.031498e-06 in node 13122 and dof 1

 no convergence

 iteration 3

 Using up to 1 cpu(s) for the symmetric stiffness/mass contributions.

 Factoring the system of equations using the symmetric spooles solver
 Using up to 1 cpu(s) for spooles.

 Using up to 1 cpu(s) for the stress calculation.

 average force= 0.000114
 time avg. forc= 0.000058
 largest residual force= 0.000000 in node 2311 and dof 1
 largest increment of disp= 2.564135e-05
 largest correction to disp= 5.778781e-08 in node 11444 and dof 1

 convergence; the increment size is increased to 2.373047e-02

 Using up to 1 cpu(s) for the stress calculation.

 increment 16 attempt 1 
 increment size= 2.373047e-02
 sum of previous increments=2.240234e-01
 actual step time=2.477539e-01
 actual total time=2.477539e-01

 iteration 1

 Using up to 1 cpu(s) for the stress calculation.

 Using up to 1 cpu(s) for the symmetric stiffness/mass contributions.

 Factoring the system of equations using the symmetric spooles solver
 Using up to 1 cpu(s) for spooles.

 Using up to 1 cpu(s) for the stress calculation.

 average force= 0.000153
 time avg. forc= 0.000063
 largest residual force= 0.000950 in node 4077 and dof 1
 largest increment of disp= 3.211841e-04
 largest correction to disp= 3.211841e-04 in node 15270 and dof 1

 no convergence

 iteration 2

 Using up to 1 cpu(s) for the symmetric stiffness/mass contributions.

 Factoring the system of equations using the symmetric spooles solver
 Using up to 1 cpu(s) for spooles.

 Using up to 1 cpu(s) for the stress calculation.

 average force= 0.000153
 time avg. forc= 0.000063
 largest residual force= 0.000131 in node 2311 and dof 1
 largest increment of disp= 3.211841e-04
 largest correction to disp= 9.007376e-05 in node 15270 and dof 1

 no convergence

 iteration 3

 Using up to 1 cpu(s) for the symmetric stiffness/mass contributions.

 Factoring the system of equations using the symmetric spooles solver
 Using up to 1 cpu(s) for spooles.

 Using up to 1 cpu(s) for the stress calculation.

 average force= 0.000153
 time avg. forc= 0.000063
 largest residual force= 0.000010 in node 2951 and dof 1
 largest increment of disp= 3.211841e-04
 largest correction to disp= 8.311123e-05 in node 15270 and dof 1

 no convergence

 iteration 4

 Using up to 1 cpu(s) for the symmetric stiffness/mass contributions.

 Factoring the system of equations using the symmetric spooles solver
 Using up to 1 cpu(s) for spooles.

 Using up to 1 cpu(s) for the stress calculation.

 average force= 0.000153
 time avg. forc= 0.000063
 largest residual force= 0.000005 in node 2951 and dof 1
 largest increment of disp= 3.211841e-04
 largest correction to disp= 5.391138e-05 in node 15279 and dof 1

 no convergence

 iteration 5

 Using up to 1 cpu(s) for the symmetric stiffness/mass contributions.

 Factoring the system of equations using the symmetric spooles solver
 Using up to 1 cpu(s) for spooles.

 Using up to 1 cpu(s) for the stress calculation.

 average force= 0.000153
 time avg. forc= 0.000063
 largest residual force= 0.000003 in node 3742 and dof 1
 largest increment of disp= 3.211841e-04
 largest correction to disp= 4.085441e-05 in node 15273 and dof 1

 no convergence

 iteration 6

 Using up to 1 cpu(s) for the symmetric stiffness/mass contributions.

 Factoring the system of equations using the symmetric spooles solver
 Using up to 1 cpu(s) for spooles.

 Using up to 1 cpu(s) for the stress calculation.

 average force= 0.000153
 time avg. forc= 0.000063
 largest residual force= 0.000000 in node 2951 and dof 1
 largest increment of disp= 3.211841e-04
 largest correction to disp= 2.266868e-05 in node 15279 and dof 1

 convergence

 increment 17 attempt 1 
 increment size= 2.373047e-02
 sum of previous increments=2.477539e-01
 actual step time=2.714844e-01
 actual total time=2.714844e-01

 iteration 1

 Using up to 1 cpu(s) for the stress calculation.

 Using up to 1 cpu(s) for the symmetric stiffness/mass contributions.

 Factoring the system of equations using the symmetric spooles solver
 Using up to 1 cpu(s) for spooles.

 Using up to 1 cpu(s) for the stress calculation.

 average force= 0.000197
 time avg. forc= 0.000071
 largest residual force= 0.006236 in node 4347 and dof 1
 largest increment of disp= 1.789198e-04
 largest correction to disp= 1.789198e-04 in node 15282 and dof 1

 no convergence

 iteration 2

 Using up to 1 cpu(s) for the symmetric stiffness/mass contributions.

 Factoring the system of equations using the symmetric spooles solver
 Using up to 1 cpu(s) for spooles.

 Using up to 1 cpu(s) for the stress calculation.

 average force= 3.012431
 time avg. forc= 0.177262
 largest residual force= 2981.644845 in node 4077 and dof 3
 largest increment of disp= 1.127250e-02
 largest correction to disp= 1.127250e-02 in node 16238 and dof 1

 no convergence

 iteration 3

 Using up to 1 cpu(s) for the symmetric stiffness/mass contributions.

 Factoring the system of equations using the symmetric spooles solver
 Using up to 1 cpu(s) for spooles.

 Using up to 1 cpu(s) for the stress calculation.

 average force= 527796.885502
 time avg. forc= 31046.875678
 largest residual force= 5272736542.510408 in node 18393 and dof 3
 largest increment of disp= 1.487114e-01
 largest correction to disp= 1.487114e-01 in node 12933 and dof 1

 no convergence

 iteration 4

 Using up to 1 cpu(s) for the symmetric stiffness/mass contributions.

 Factoring the system of equations using the symmetric spooles solver
 Using up to 1 cpu(s) for spooles.

 Using up to 1 cpu(s) for the stress calculation.

 average force= 390560351928372160.000000
 time avg. forc= 22974138348727776.000000
 largest residual force= 7783047193775892856832.000000 in node 10753 and dof 3
 largest increment of disp= 9.013152e+01
 largest correction to disp= 9.013152e+01 in node 12033 and dof 3

 divergence; the increment size is decreased to 5.932617e-03
 the increment is reattempted

 increment 17 attempt 2 
 increment size= 5.932617e-03
 sum of previous increments=2.477539e-01
 actual step time=2.536865e-01
 actual total time=2.536865e-01

 iteration 1

 Using up to 1 cpu(s) for the stress calculation.

 Using up to 1 cpu(s) for the symmetric stiffness/mass contributions.

 Factoring the system of equations using the symmetric spooles solver
 Using up to 1 cpu(s) for spooles.

 Using up to 1 cpu(s) for the stress calculation.

 average force= 0.000164
 time avg. forc= 0.000069
 largest residual force= 0.000059 in node 4359 and dof 1
 largest increment of disp= 2.109165e-05
 largest correction to disp= 2.109165e-05 in node 15273 and dof 1

 no convergence

 iteration 2

 Using up to 1 cpu(s) for the symmetric stiffness/mass contributions.

 Factoring the system of equations using the symmetric spooles solver
 Using up to 1 cpu(s) for spooles.

 Using up to 1 cpu(s) for the stress calculation.

 average force= 0.000164
 time avg. forc= 0.000069
 largest residual force= 0.000000 in node 4347 and dof 1
 largest increment of disp= 2.109165e-05
 largest correction to disp= 2.770303e-06 in node 15273 and dof 1

 convergence

 increment 18 attempt 1 
 increment size= 5.932617e-03
 sum of previous increments=2.536865e-01
 actual step time=2.596191e-01
 actual total time=2.596191e-01

 iteration 1

 Using up to 1 cpu(s) for the stress calculation.

 Using up to 1 cpu(s) for the symmetric stiffness/mass contributions.

 Factoring the system of equations using the symmetric spooles solver
 Using up to 1 cpu(s) for spooles.

 Using up to 1 cpu(s) for the stress calculation.

 average force= 0.000190
 time avg. forc= 0.000076
 largest residual force= 0.014561 in node 4077 and dof 1
 largest increment of disp= 5.777046e-05
 largest correction to disp= 5.777046e-05 in node 16238 and dof 1

 no convergence

 iteration 2

 Using up to 1 cpu(s) for the symmetric stiffness/mass contributions.

 Factoring the system of equations using the symmetric spooles solver
 Using up to 1 cpu(s) for spooles.

 Using up to 1 cpu(s) for the stress calculation.

 average force= 0.001698
 time avg. forc= 0.000160
 largest residual force= 0.981959 in node 4347 and dof 1
 largest increment of disp= 4.733922e-04
 largest correction to disp= 4.733922e-04 in node 17000 and dof 1

 no convergence

 iteration 3

 Using up to 1 cpu(s) for the symmetric stiffness/mass contributions.

 Factoring the system of equations using the symmetric spooles solver
 Using up to 1 cpu(s) for spooles.

 Using up to 1 cpu(s) for the stress calculation.

 average force= 0.001139
 time avg. forc= 0.000129
 largest residual force= 3.495120 in node 18566 and dof 3
 largest increment of disp= 4.733922e-04
 largest correction to disp= 1.051774e-04 in node 18566 and dof 1

 no convergence

 iteration 4

 Using up to 1 cpu(s) for the symmetric stiffness/mass contributions.

 Factoring the system of equations using the symmetric spooles solver
 Using up to 1 cpu(s) for spooles.

 Using up to 1 cpu(s) for the stress calculation.

 average force= 0.019000
 time avg. forc= 0.001121
 largest residual force= 108.764473 in node 18560 and dof 1
 largest increment of disp= 5.077987e-04
 largest correction to disp= 5.077987e-04 in node 18562 and dof 3

 divergence; the increment size is decreased to 1.483154e-03
 the increment is reattempted

 increment 18 attempt 2 
 increment size= 1.483154e-03
 sum of previous increments=2.536865e-01
 actual step time=2.551697e-01
 actual total time=2.551697e-01

 iteration 1

 Using up to 1 cpu(s) for the stress calculation.

 Using up to 1 cpu(s) for the symmetric stiffness/mass contributions.

 Factoring the system of equations using the symmetric spooles solver
 Using up to 1 cpu(s) for spooles.

 Using up to 1 cpu(s) for the stress calculation.

 average force= 0.000166
 time avg. forc= 0.000075
 largest residual force= 0.000000 in node 4347 and dof 1
 largest increment of disp= 6.540200e-06
 largest correction to disp= 1.939629e-06 in node 15270 and dof 1

 no convergence

 iteration 2

 Using up to 1 cpu(s) for the symmetric stiffness/mass contributions.

 Factoring the system of equations using the symmetric spooles solver
 Using up to 1 cpu(s) for spooles.

 Using up to 1 cpu(s) for the stress calculation.

 average force= 0.000166
 time avg. forc= 0.000075
 largest residual force= 0.000000 in node 2305 and dof 1
 largest increment of disp= 6.540200e-06
 largest correction to disp= 4.340153e-08 in node 15270 and dof 1

 convergence

 increment 19 attempt 1 
 increment size= 1.483154e-03
 sum of previous increments=2.551697e-01
 actual step time=2.566528e-01
 actual total time=2.566528e-01

 iteration 1

 Using up to 1 cpu(s) for the stress calculation.

 Using up to 1 cpu(s) for the symmetric stiffness/mass contributions.

 Factoring the system of equations using the symmetric spooles solver
 Using up to 1 cpu(s) for spooles.

 Using up to 1 cpu(s) for the stress calculation.

 average force= 0.000169
 time avg. forc= 0.000080
 largest residual force= 0.000000 in node 4077 and dof 1
 largest increment of disp= 5.551877e-06
 largest correction to disp= 4.031976e-07 in node 16238 and dof 1

 no convergence

 iteration 2

 Using up to 1 cpu(s) for the symmetric stiffness/mass contributions.

 Factoring the system of equations using the symmetric spooles solver
 Using up to 1 cpu(s) for spooles.

 Using up to 1 cpu(s) for the stress calculation.

 average force= 0.000169
 time avg. forc= 0.000080
 largest residual force= 0.000000 in node 4347 and dof 1
 largest increment of disp= 5.551877e-06
 largest correction to disp= 9.868143e-09 in node 13169 and dof 1

 convergence; the increment size is increased to 2.224731e-03

 increment 20 attempt 1 
 increment size= 2.224731e-03
 sum of previous increments=2.566528e-01
 actual step time=2.588776e-01
 actual total time=2.588776e-01

 iteration 1

 Using up to 1 cpu(s) for the stress calculation.

 Using up to 1 cpu(s) for the symmetric stiffness/mass contributions.

 Factoring the system of equations using the symmetric spooles solver
 Using up to 1 cpu(s) for spooles.

 Using up to 1 cpu(s) for the stress calculation.

 average force= 0.000174
 time avg. forc= 0.000084
 largest residual force= 0.000050 in node 4077 and dof 1
 largest increment of disp= 8.276141e-06
 largest correction to disp= 3.384067e-06 in node 16244 and dof 1

 no convergence

 iteration 2

 Using up to 1 cpu(s) for the symmetric stiffness/mass contributions.

 Factoring the system of equations using the symmetric spooles solver
 Using up to 1 cpu(s) for spooles.

 Using up to 1 cpu(s) for the stress calculation.

 average force= 0.000174
 time avg. forc= 0.000084
 largest residual force= 0.000003 in node 4077 and dof 1
 largest increment of disp= 8.276141e-06
 largest correction to disp= 7.884637e-07 in node 16238 and dof 1

 no convergence

 iteration 3

 Using up to 1 cpu(s) for the symmetric stiffness/mass contributions.

 Factoring the system of equations using the symmetric spooles solver
 Using up to 1 cpu(s) for spooles.

 Using up to 1 cpu(s) for the stress calculation.

 average force= 0.000174
 time avg. forc= 0.000084
 largest residual force= 0.000000 in node 4077 and dof 1
 largest increment of disp= 8.276141e-06
 largest correction to disp= 1.098371e-07 in node 16238 and dof 1

 convergence; the increment size is increased to 3.337097e-03

 Using up to 1 cpu(s) for the stress calculation.

 increment 21 attempt 1 
 increment size= 3.337097e-03
 sum of previous increments=2.588776e-01
 actual step time=2.622147e-01
 actual total time=2.622147e-01

 iteration 1

 Using up to 1 cpu(s) for the stress calculation.

 Using up to 1 cpu(s) for the symmetric stiffness/mass contributions.

 Factoring the system of equations using the symmetric spooles solver
 Using up to 1 cpu(s) for spooles.

 Using up to 1 cpu(s) for the stress calculation.

 average force= 0.000182
 time avg. forc= 0.000089
 largest residual force= 0.000245 in node 4077 and dof 1
 largest increment of disp= 1.186404e-05
 largest correction to disp= 7.488553e-06 in node 16238 and dof 1

 no convergence

 iteration 2

 Using up to 1 cpu(s) for the symmetric stiffness/mass contributions.

 Factoring the system of equations using the symmetric spooles solver
 Using up to 1 cpu(s) for spooles.

 Using up to 1 cpu(s) for the stress calculation.

 average force= 0.000182
 time avg. forc= 0.000089
 largest residual force= 0.000013 in node 4077 and dof 1
 largest increment of disp= 1.186404e-05
 largest correction to disp= 1.756549e-06 in node 16238 and dof 1

 no convergence

 iteration 3

 Using up to 1 cpu(s) for the symmetric stiffness/mass contributions.

 Factoring the system of equations using the symmetric spooles solver
 Using up to 1 cpu(s) for spooles.

 Using up to 1 cpu(s) for the stress calculation.

 average force= 0.000182
 time avg. forc= 0.000089
 largest residual force= 0.000000 in node 4077 and dof 1
 largest increment of disp= 1.186404e-05
 largest correction to disp= 4.112468e-07 in node 16238 and dof 1

 convergence; the increment size is increased to 5.005646e-03

 increment 22 attempt 1 
 increment size= 5.005646e-03
 sum of previous increments=2.622147e-01
 actual step time=2.672203e-01
 actual total time=2.672203e-01

 iteration 1

 Using up to 1 cpu(s) for the stress calculation.

 Using up to 1 cpu(s) for the symmetric stiffness/mass contributions.

 Factoring the system of equations using the symmetric spooles solver
 Using up to 1 cpu(s) for spooles.

 Using up to 1 cpu(s) for the stress calculation.

 average force= 0.000194
 time avg. forc= 0.000094
 largest residual force= 0.000040 in node 4347 and dof 1
 largest increment of disp= 1.682841e-05
 largest correction to disp= 3.017910e-06 in node 16964 and dof 1

 no convergence

 iteration 2

 Using up to 1 cpu(s) for the symmetric stiffness/mass contributions.

 Factoring the system of equations using the symmetric spooles solver
 Using up to 1 cpu(s) for spooles.

 Using up to 1 cpu(s) for the stress calculation.

 average force= 0.000194
 time avg. forc= 0.000094
 largest residual force= 0.000003 in node 4077 and dof 1
 largest increment of disp= 1.682841e-05
 largest correction to disp= 8.364817e-07 in node 16244 and dof 1

 no convergence

 iteration 3

 Using up to 1 cpu(s) for the symmetric stiffness/mass contributions.

 Factoring the system of equations using the symmetric spooles solver
 Using up to 1 cpu(s) for spooles.

 Using up to 1 cpu(s) for the stress calculation.

 average force= 0.000194
 time avg. forc= 0.000094
 largest residual force= 0.000000 in node 4077 and dof 1
 largest increment of disp= 1.682841e-05
 largest correction to disp= 3.101989e-08 in node 16238 and dof 1

 convergence; the increment size is increased to 7.508469e-03

 increment 23 attempt 1 
 increment size= 7.508469e-03
 sum of previous increments=2.672203e-01
 actual step time=2.747288e-01
 actual total time=2.747288e-01

 iteration 1

 Using up to 1 cpu(s) for the stress calculation.

 Using up to 1 cpu(s) for the symmetric stiffness/mass contributions.

 Factoring the system of equations using the symmetric spooles solver
 Using up to 1 cpu(s) for spooles.

 Using up to 1 cpu(s) for the stress calculation.

 average force= 0.000213
 time avg. forc= 0.000099
 largest residual force= 0.000055 in node 4347 and dof 1
 largest increment of disp= 2.371487e-05
 largest correction to disp= 3.538967e-06 in node 16280 and dof 1

 no convergence

 iteration 2

 Using up to 1 cpu(s) for the symmetric stiffness/mass contributions.

 Factoring the system of equations using the symmetric spooles solver
 Using up to 1 cpu(s) for spooles.

 Using up to 1 cpu(s) for the stress calculation.

 average force= 0.000212
 time avg. forc= 0.000099
 largest residual force= 0.000008 in node 4077 and dof 1
 largest increment of disp= 2.371487e-05
 largest correction to disp= 1.364496e-06 in node 16244 and dof 1

 no convergence

 iteration 3

 Using up to 1 cpu(s) for the symmetric stiffness/mass contributions.

 Factoring the system of equations using the symmetric spooles solver
 Using up to 1 cpu(s) for spooles.

 Using up to 1 cpu(s) for the stress calculation.

 average force= 0.000212
 time avg. forc= 0.000099
 largest residual force= 0.000000 in node 4077 and dof 1
 largest increment of disp= 2.371487e-05
 largest correction to disp= 5.638546e-08 in node 16238 and dof 1

 convergence; the increment size is increased to 1.126270e-02

 increment 24 attempt 1 
 increment size= 1.126270e-02
 sum of previous increments=2.747288e-01
 actual step time=2.859915e-01
 actual total time=2.859915e-01

 iteration 1

 Using up to 1 cpu(s) for the stress calculation.

 Using up to 1 cpu(s) for the symmetric stiffness/mass contributions.

 Factoring the system of equations using the symmetric spooles solver
 Using up to 1 cpu(s) for spooles.

 Using up to 1 cpu(s) for the stress calculation.

 average force= 0.000239
 time avg. forc= 0.000105
 largest residual force= 0.000069 in node 4077 and dof 1
 largest increment of disp= 3.486905e-05
 largest correction to disp= 4.109116e-06 in node 15282 and dof 1

 no convergence

 iteration 2

 Using up to 1 cpu(s) for the symmetric stiffness/mass contributions.

 Factoring the system of equations using the symmetric spooles solver
 Using up to 1 cpu(s) for spooles.

 Using up to 1 cpu(s) for the stress calculation.

 average force= 0.000239
 time avg. forc= 0.000105
 largest residual force= 0.000007 in node 4077 and dof 1
 largest increment of disp= 3.486905e-05
 largest correction to disp= 1.226358e-06 in node 16238 and dof 1

 no convergence

 iteration 3

 Using up to 1 cpu(s) for the symmetric stiffness/mass contributions.

 Factoring the system of equations using the symmetric spooles solver
 Using up to 1 cpu(s) for spooles.

 Using up to 1 cpu(s) for the stress calculation.

 average force= 0.000239
 time avg. forc= 0.000105
 largest residual force= 0.000000 in node 4077 and dof 1
 largest increment of disp= 3.486905e-05
 largest correction to disp= 3.207129e-08 in node 16244 and dof 1

 convergence; the increment size is increased to 1.689405e-02

 increment 25 attempt 1 
 increment size= 1.689405e-02
 sum of previous increments=2.859915e-01
 actual step time=3.028855e-01
 actual total time=3.028855e-01

 iteration 1

 Using up to 1 cpu(s) for the stress calculation.

 Using up to 1 cpu(s) for the symmetric stiffness/mass contributions.

 Factoring the system of equations using the symmetric spooles solver
 Using up to 1 cpu(s) for spooles.

 Using up to 1 cpu(s) for the stress calculation.

 average force= 0.000277
 time avg. forc= 0.000112
 largest residual force= 0.000087 in node 4077 and dof 1
 largest increment of disp= 4.890359e-05
 largest correction to disp= 5.915568e-06 in node 15284 and dof 1

 no convergence

 iteration 2

 Using up to 1 cpu(s) for the symmetric stiffness/mass contributions.

 Factoring the system of equations using the symmetric spooles solver
 Using up to 1 cpu(s) for spooles.

 Using up to 1 cpu(s) for the stress calculation.

 average force= 0.000277
 time avg. forc= 0.000112
 largest residual force= 0.000007 in node 4077 and dof 1
 largest increment of disp= 4.890359e-05
 largest correction to disp= 1.244008e-06 in node 16244 and dof 1

 no convergence

 iteration 3

 Using up to 1 cpu(s) for the symmetric stiffness/mass contributions.

 Factoring the system of equations using the symmetric spooles solver
 Using up to 1 cpu(s) for spooles.

 Using up to 1 cpu(s) for the stress calculation.

 average force= 0.000277
 time avg. forc= 0.000112
 largest residual force= 0.000000 in node 4077 and dof 1
 largest increment of disp= 4.890359e-05
 largest correction to disp= 2.432089e-08 in node 16238 and dof 1

 convergence; the increment size is increased to 2.534108e-02

 Using up to 1 cpu(s) for the stress calculation.

 increment 26 attempt 1 
 increment size= 2.534108e-02
 sum of previous increments=3.028855e-01
 actual step time=3.282266e-01
 actual total time=3.282266e-01

 iteration 1

 Using up to 1 cpu(s) for the stress calculation.

 Using up to 1 cpu(s) for the symmetric stiffness/mass contributions.

 Factoring the system of equations using the symmetric spooles solver
 Using up to 1 cpu(s) for spooles.

 Using up to 1 cpu(s) for the stress calculation.

 average force= 0.000330
 time avg. forc= 0.000120
 largest residual force= 0.000116 in node 4077 and dof 1
 largest increment of disp= 6.493459e-05
 largest correction to disp= 1.027575e-05 in node 15284 and dof 1

 no convergence

 iteration 2

 Using up to 1 cpu(s) for the symmetric stiffness/mass contributions.

 Factoring the system of equations using the symmetric spooles solver
 Using up to 1 cpu(s) for spooles.

 Using up to 1 cpu(s) for the stress calculation.

 average force= 0.000329
 time avg. forc= 0.000120
 largest residual force= 0.000013 in node 2370 and dof 2
 largest increment of disp= 6.493459e-05
 largest correction to disp= 1.459742e-06 in node 16238 and dof 1

 no convergence

 iteration 3

 Using up to 1 cpu(s) for the symmetric stiffness/mass contributions.

 Factoring the system of equations using the symmetric spooles solver
 Using up to 1 cpu(s) for spooles.

 Using up to 1 cpu(s) for the stress calculation.

 average force= 0.000329
 time avg. forc= 0.000120
 largest residual force= 0.000000 in node 4077 and dof 1
 largest increment of disp= 6.493459e-05
 largest correction to disp= 2.639544e-08 in node 16238 and dof 1

 convergence; the increment size is increased to 3.801162e-02

 increment 27 attempt 1 
 increment size= 3.801162e-02
 sum of previous increments=3.282266e-01
 actual step time=3.662382e-01
 actual total time=3.662382e-01

 iteration 1

 Using up to 1 cpu(s) for the stress calculation.

 Using up to 1 cpu(s) for the symmetric stiffness/mass contributions.

 Factoring the system of equations using the symmetric spooles solver
 Using up to 1 cpu(s) for spooles.

 Using up to 1 cpu(s) for the stress calculation.

 average force= 0.000399
 time avg. forc= 0.000130
 largest residual force= 0.000152 in node 4077 and dof 1
 largest increment of disp= 8.231624e-05
 largest correction to disp= 1.466847e-05 in node 15284 and dof 1

 no convergence

 iteration 2

 Using up to 1 cpu(s) for the symmetric stiffness/mass contributions.

 Factoring the system of equations using the symmetric spooles solver
 Using up to 1 cpu(s) for spooles.

 Using up to 1 cpu(s) for the stress calculation.

 average force= 0.000397
 time avg. forc= 0.000130
 largest residual force= 0.000063 in node 2370 and dof 2
 largest increment of disp= 8.231624e-05
 largest correction to disp= 2.518099e-06 in node 7302 and dof 1

 no convergence

 iteration 3

 Using up to 1 cpu(s) for the symmetric stiffness/mass contributions.

 Factoring the system of equations using the symmetric spooles solver
 Using up to 1 cpu(s) for spooles.

 Using up to 1 cpu(s) for the stress calculation.

 average force= 0.000397
 time avg. forc= 0.000130
 largest residual force= 0.000000 in node 2370 and dof 2
 largest increment of disp= 8.231624e-05
 largest correction to disp= 5.277283e-08 in node 7374 and dof 1

 convergence; the increment size is increased to 5.701743e-02

 the increment size exceeds the maximum allowed and is decreased to 5.000000e-02

 increment 28 attempt 1 
 increment size= 5.000000e-02
 sum of previous increments=3.662382e-01
 actual step time=4.162382e-01
 actual total time=4.162382e-01

 iteration 1

 Using up to 1 cpu(s) for the stress calculation.

 Using up to 1 cpu(s) for the symmetric stiffness/mass contributions.

 Factoring the system of equations using the symmetric spooles solver
 Using up to 1 cpu(s) for spooles.

 Using up to 1 cpu(s) for the stress calculation.

 average force= 0.000478
 time avg. forc= 0.000143
 largest residual force= 0.000244 in node 4457 and dof 2
 largest increment of disp= 8.899531e-05
 largest correction to disp= 1.564435e-05 in node 15275 and dof 1

 no convergence

 iteration 2

 Using up to 1 cpu(s) for the symmetric stiffness/mass contributions.

 Factoring the system of equations using the symmetric spooles solver
 Using up to 1 cpu(s) for spooles.

 Using up to 1 cpu(s) for the stress calculation.

 average force= 0.000475
 time avg. forc= 0.000143
 largest residual force= 0.000131 in node 2370 and dof 2
 largest increment of disp= 8.899531e-05
 largest correction to disp= 3.102534e-06 in node 7299 and dof 1

 no convergence

 iteration 3

 Using up to 1 cpu(s) for the symmetric stiffness/mass contributions.

 Factoring the system of equations using the symmetric spooles solver
 Using up to 1 cpu(s) for spooles.

 Using up to 1 cpu(s) for the stress calculation.

 average force= 0.000475
 time avg. forc= 0.000143
 largest residual force= 0.000000 in node 2370 and dof 2
 largest increment of disp= 8.899531e-05
 largest correction to disp= 7.359074e-08 in node 7191 and dof 1

 convergence; the increment size is increased to 7.500000e-02

 the increment size exceeds the maximum allowed and is decreased to 5.000000e-02

 increment 29 attempt 1 
 increment size= 5.000000e-02
 sum of previous increments=4.162382e-01
 actual step time=4.662382e-01
 actual total time=4.662382e-01

 iteration 1

 Using up to 1 cpu(s) for the stress calculation.

 Using up to 1 cpu(s) for the symmetric stiffness/mass contributions.

 Factoring the system of equations using the symmetric spooles solver
 Using up to 1 cpu(s) for spooles.

 Using up to 1 cpu(s) for the stress calculation.

 average force= 0.000545
 time avg. forc= 0.000156
 largest residual force= 0.000165 in node 4455 and dof 2
 largest increment of disp= 7.589912e-05
 largest correction to disp= 1.070999e-05 in node 15329 and dof 1

 no convergence

 iteration 2

 Using up to 1 cpu(s) for the symmetric stiffness/mass contributions.

 Factoring the system of equations using the symmetric spooles solver
 Using up to 1 cpu(s) for spooles.

 Using up to 1 cpu(s) for the stress calculation.

 average force= 0.000543
 time avg. forc= 0.000156
 largest residual force= 0.000067 in node 2370 and dof 2
 largest increment of disp= 7.589912e-05
 largest correction to disp= 2.044653e-06 in node 10629 and dof 2

 no convergence

 iteration 3

 Using up to 1 cpu(s) for the symmetric stiffness/mass contributions.

 Factoring the system of equations using the symmetric spooles solver
 Using up to 1 cpu(s) for spooles.

 Using up to 1 cpu(s) for the stress calculation.

 average force= 0.000543
 time avg. forc= 0.000156
 largest residual force= 0.000000 in node 2245 and dof 2
 largest increment of disp= 7.589912e-05
 largest correction to disp= 2.840555e-08 in node 10629 and dof 2

 convergence; the increment size is increased to 7.500000e-02

 the increment size exceeds the maximum allowed and is decreased to 5.000000e-02

 increment 30 attempt 1 
 increment size= 5.000000e-02
 sum of previous increments=4.662382e-01
 actual step time=5.162382e-01
 actual total time=5.162382e-01

 iteration 1

 Using up to 1 cpu(s) for the stress calculation.

 Using up to 1 cpu(s) for the symmetric stiffness/mass contributions.

 Factoring the system of equations using the symmetric spooles solver
 Using up to 1 cpu(s) for spooles.

 Using up to 1 cpu(s) for the stress calculation.

 average force= 0.000605
 time avg. forc= 0.000171
 largest residual force= 0.000093 in node 4203 and dof 2
 largest increment of disp= 7.581033e-05
 largest correction to disp= 7.077016e-06 in node 15329 and dof 1

 no convergence

 iteration 2

 Using up to 1 cpu(s) for the symmetric stiffness/mass contributions.

 Factoring the system of equations using the symmetric spooles solver
 Using up to 1 cpu(s) for spooles.

 Using up to 1 cpu(s) for the stress calculation.

 average force= 0.000604
 time avg. forc= 0.000171
 largest residual force= 0.000025 in node 2245 and dof 2
 largest increment of disp= 7.581033e-05
 largest correction to disp= 1.120048e-06 in node 8379 and dof 2

 no convergence

 iteration 3

 Using up to 1 cpu(s) for the symmetric stiffness/mass contributions.

 Factoring the system of equations using the symmetric spooles solver
 Using up to 1 cpu(s) for spooles.

 Using up to 1 cpu(s) for the stress calculation.

 average force= 0.000604
 time avg. forc= 0.000171
 largest residual force= 0.000000 in node 2245 and dof 2
 largest increment of disp= 7.581033e-05
 largest correction to disp= 1.204247e-08 in node 15324 and dof 1

 convergence; the increment size is increased to 7.500000e-02

 the increment size exceeds the maximum allowed and is decreased to 5.000000e-02

 Using up to 1 cpu(s) for the stress calculation.

 increment 31 attempt 1 
 increment size= 5.000000e-02
 sum of previous increments=5.162382e-01
 actual step time=5.662382e-01
 actual total time=5.662382e-01

 iteration 1

 Using up to 1 cpu(s) for the stress calculation.

 Using up to 1 cpu(s) for the symmetric stiffness/mass contributions.

 Factoring the system of equations using the symmetric spooles solver
 Using up to 1 cpu(s) for spooles.

 Using up to 1 cpu(s) for the stress calculation.

 average force= 0.000661
 time avg. forc= 0.000187
 largest residual force= 0.000054 in node 4217 and dof 2
 largest increment of disp= 7.577359e-05
 largest correction to disp= 6.919212e-06 in node 11882 and dof 1

 no convergence

 iteration 2

 Using up to 1 cpu(s) for the symmetric stiffness/mass contributions.

 Factoring the system of equations using the symmetric spooles solver
 Using up to 1 cpu(s) for spooles.

 Using up to 1 cpu(s) for the stress calculation.

 average force= 0.000660
 time avg. forc= 0.000187
 largest residual force= 0.000010 in node 2245 and dof 2
 largest increment of disp= 7.577359e-05
 largest correction to disp= 7.171451e-07 in node 11871 and dof 1

 no convergence

 iteration 3

 Using up to 1 cpu(s) for the symmetric stiffness/mass contributions.

 Factoring the system of equations using the symmetric spooles solver
 Using up to 1 cpu(s) for spooles.

 Using up to 1 cpu(s) for the stress calculation.

 average force= 0.000660
 time avg. forc= 0.000187
 largest residual force= 0.000000 in node 2176 and dof 1
 largest increment of disp= 7.577359e-05
 largest correction to disp= 9.576265e-09 in node 15333 and dof 1

 convergence; the increment size is increased to 7.500000e-02

 the increment size exceeds the maximum allowed and is decreased to 5.000000e-02

 increment 32 attempt 1 
 increment size= 5.000000e-02
 sum of previous increments=5.662382e-01
 actual step time=6.162382e-01
 actual total time=6.162382e-01

 iteration 1

 Using up to 1 cpu(s) for the stress calculation.

 Using up to 1 cpu(s) for the symmetric stiffness/mass contributions.

 Factoring the system of equations using the symmetric spooles solver
 Using up to 1 cpu(s) for spooles.

 Using up to 1 cpu(s) for the stress calculation.

 average force= 0.000712
 time avg. forc= 0.000203
 largest residual force= 0.000041 in node 2176 and dof 1
 largest increment of disp= 7.579754e-05
 largest correction to disp= 6.383880e-06 in node 14040 and dof 1

 no convergence

 iteration 2

 Using up to 1 cpu(s) for the symmetric stiffness/mass contributions.

 Factoring the system of equations using the symmetric spooles solver
 Using up to 1 cpu(s) for spooles.

 Using up to 1 cpu(s) for the stress calculation.

 average force= 0.000712
 time avg. forc= 0.000203
 largest residual force= 0.000004 in node 2370 and dof 2
 largest increment of disp= 7.579754e-05
 largest correction to disp= 8.388340e-07 in node 14028 and dof 1

 no convergence

 iteration 3

 Using up to 1 cpu(s) for the symmetric stiffness/mass contributions.

 Factoring the system of equations using the symmetric spooles solver
 Using up to 1 cpu(s) for spooles.

 Using up to 1 cpu(s) for the stress calculation.

 average force= 0.000712
 time avg. forc= 0.000203
 largest residual force= 0.000000 in node 4343 and dof 1
 largest increment of disp= 7.579754e-05
 largest correction to disp= 1.835796e-08 in node 14028 and dof 1

 convergence; the increment size is increased to 7.500000e-02

 the increment size exceeds the maximum allowed and is decreased to 5.000000e-02

 increment 33 attempt 1 
 increment size= 5.000000e-02
 sum of previous increments=6.162382e-01
 actual step time=6.662382e-01
 actual total time=6.662382e-01

 iteration 1

 Using up to 1 cpu(s) for the stress calculation.

 Using up to 1 cpu(s) for the symmetric stiffness/mass contributions.

 Factoring the system of equations using the symmetric spooles solver
 Using up to 1 cpu(s) for spooles.

 Using up to 1 cpu(s) for the stress calculation.

 average force= 0.000760
 time avg. forc= 0.000220
 largest residual force= 0.000032 in node 2365 and dof 2
 largest increment of disp= 1.044250e-04
 largest correction to disp= 1.044250e-04 in node 14028 and dof 1

 no convergence

 iteration 2

 Using up to 1 cpu(s) for the symmetric stiffness/mass contributions.

 Factoring the system of equations using the symmetric spooles solver
 Using up to 1 cpu(s) for spooles.

 Using up to 1 cpu(s) for the stress calculation.

 average force= 0.000760
 time avg. forc= 0.000220
 largest residual force= 0.000002 in node 2176 and dof 1
 largest increment of disp= 1.044250e-04
 largest correction to disp= 1.418739e-05 in node 14028 and dof 1

 no convergence

 iteration 3

 Using up to 1 cpu(s) for the symmetric stiffness/mass contributions.

 Factoring the system of equations using the symmetric spooles solver
 Using up to 1 cpu(s) for spooles.

 Using up to 1 cpu(s) for the stress calculation.

 average force= 0.000760
 time avg. forc= 0.000220
 largest residual force= 0.000000 in node 2483 and dof 1
 largest increment of disp= 1.044250e-04
 largest correction to disp= 2.203647e-05 in node 14028 and dof 1

 convergence; the increment size is increased to 7.500000e-02

 the increment size exceeds the maximum allowed and is decreased to 5.000000e-02

 increment 34 attempt 1 
 increment size= 5.000000e-02
 sum of previous increments=6.662382e-01
 actual step time=7.162382e-01
 actual total time=7.162382e-01

 iteration 1

 Using up to 1 cpu(s) for the stress calculation.

 Using up to 1 cpu(s) for the symmetric stiffness/mass contributions.

 Factoring the system of equations using the symmetric spooles solver
 Using up to 1 cpu(s) for spooles.

 Using up to 1 cpu(s) for the stress calculation.

 average force= 0.000805
 time avg. forc= 0.000238
 largest residual force= 0.000025 in node 2169 and dof 1
 largest increment of disp= 7.582030e-05
 largest correction to disp= 1.204167e-05 in node 14040 and dof 1

 no convergence

 iteration 2

 Using up to 1 cpu(s) for the symmetric stiffness/mass contributions.

 Factoring the system of equations using the symmetric spooles solver
 Using up to 1 cpu(s) for spooles.

 Using up to 1 cpu(s) for the stress calculation.

 average force= 0.000805
 time avg. forc= 0.000238
 largest residual force= 0.000001 in node 2176 and dof 1
 largest increment of disp= 7.582030e-05
 largest correction to disp= 2.509670e-06 in node 14040 and dof 1

 no convergence

 iteration 3

 Using up to 1 cpu(s) for the symmetric stiffness/mass contributions.

 Factoring the system of equations using the symmetric spooles solver
 Using up to 1 cpu(s) for spooles.

 Using up to 1 cpu(s) for the stress calculation.

 average force= 0.000805
 time avg. forc= 0.000238
 largest residual force= 0.000000 in node 4343 and dof 1
 largest increment of disp= 7.582030e-05
 largest correction to disp= 5.566650e-08 in node 14040 and dof 1

 convergence; the increment size is increased to 7.500000e-02

 the increment size exceeds the maximum allowed and is decreased to 5.000000e-02

 increment 35 attempt 1 
 increment size= 5.000000e-02
 sum of previous increments=7.162382e-01
 actual step time=7.662382e-01
 actual total time=7.662382e-01

 iteration 1

 Using up to 1 cpu(s) for the stress calculation.

 Using up to 1 cpu(s) for the symmetric stiffness/mass contributions.

 Factoring the system of equations using the symmetric spooles solver
 Using up to 1 cpu(s) for spooles.

 Using up to 1 cpu(s) for the stress calculation.

 average force= 0.000848
 time avg. forc= 0.000255
 largest residual force= 0.000020 in node 2169 and dof 1
 largest increment of disp= 7.582234e-05
 largest correction to disp= 1.624597e-05 in node 14028 and dof 1

 no convergence

 iteration 2

 Using up to 1 cpu(s) for the symmetric stiffness/mass contributions.

 Factoring the system of equations using the symmetric spooles solver
 Using up to 1 cpu(s) for spooles.

 Using up to 1 cpu(s) for the stress calculation.

 average force= 0.000848
 time avg. forc= 0.000255
 largest residual force= 0.000000 in node 2176 and dof 1
 largest increment of disp= 7.582234e-05
 largest correction to disp= 9.126480e-06 in node 14040 and dof 1

 convergence; the increment size is increased to 7.500000e-02

 the increment size exceeds the maximum allowed and is decreased to 5.000000e-02

 Using up to 1 cpu(s) for the stress calculation.

 increment 36 attempt 1 
 increment size= 5.000000e-02
 sum of previous increments=7.662382e-01
 actual step time=8.162382e-01
 actual total time=8.162382e-01

 iteration 1

 Using up to 1 cpu(s) for the stress calculation.

 Using up to 1 cpu(s) for the symmetric stiffness/mass contributions.

 Factoring the system of equations using the symmetric spooles solver
 Using up to 1 cpu(s) for spooles.

 Using up to 1 cpu(s) for the stress calculation.

 average force= 0.000889
 time avg. forc= 0.000273
 largest residual force= 0.000017 in node 2169 and dof 1
 largest increment of disp= 7.581935e-05
 largest correction to disp= 1.092517e-05 in node 14091 and dof 1

 no convergence

 iteration 2

 Using up to 1 cpu(s) for the symmetric stiffness/mass contributions.

 Factoring the system of equations using the symmetric spooles solver
 Using up to 1 cpu(s) for spooles.

 Using up to 1 cpu(s) for the stress calculation.

 average force= 0.000889
 time avg. forc= 0.000273
 largest residual force= 0.000000 in node 2176 and dof 1
 largest increment of disp= 7.581935e-05
 largest correction to disp= 4.066255e-06 in node 14040 and dof 1

 convergence; the increment size is increased to 7.500000e-02

 the increment size exceeds the maximum allowed and is decreased to 5.000000e-02

 increment 37 attempt 1 
 increment size= 5.000000e-02
 sum of previous increments=8.162382e-01
 actual step time=8.662382e-01
 actual total time=8.662382e-01

 iteration 1

 Using up to 1 cpu(s) for the stress calculation.

 Using up to 1 cpu(s) for the symmetric stiffness/mass contributions.

 Factoring the system of equations using the symmetric spooles solver
 Using up to 1 cpu(s) for spooles.

 Using up to 1 cpu(s) for the stress calculation.

 average force= 0.000928
 time avg. forc= 0.000290
 largest residual force= 0.000014 in node 2169 and dof 1
 largest increment of disp= 7.581061e-05
 largest correction to disp= 9.474307e-06 in node 14040 and dof 1

 no convergence

 iteration 2

 Using up to 1 cpu(s) for the symmetric stiffness/mass contributions.

 Factoring the system of equations using the symmetric spooles solver
 Using up to 1 cpu(s) for spooles.

 Using up to 1 cpu(s) for the stress calculation.

 average force= 0.000928
 time avg. forc= 0.000290
 largest residual force= 0.000000 in node 2174 and dof 1
 largest increment of disp= 7.581061e-05
 largest correction to disp= 9.604977e-07 in node 14040 and dof 1

 convergence; the increment size is increased to 7.500000e-02

 the increment size exceeds the maximum allowed and is decreased to 5.000000e-02

 increment 38 attempt 1 
 increment size= 5.000000e-02
 sum of previous increments=8.662382e-01
 actual step time=9.162382e-01
 actual total time=9.162382e-01

 iteration 1

 Using up to 1 cpu(s) for the stress calculation.

 Using up to 1 cpu(s) for the symmetric stiffness/mass contributions.

 Factoring the system of equations using the symmetric spooles solver
 Using up to 1 cpu(s) for spooles.

 Using up to 1 cpu(s) for the stress calculation.

 average force= 0.000965
 time avg. forc= 0.000308
 largest residual force= 0.000011 in node 2169 and dof 1
 largest increment of disp= 7.579531e-05
 largest correction to disp= 1.115394e-05 in node 14031 and dof 1

 no convergence

 iteration 2

 Using up to 1 cpu(s) for the symmetric stiffness/mass contributions.

 Factoring the system of equations using the symmetric spooles solver
 Using up to 1 cpu(s) for spooles.

 Using up to 1 cpu(s) for the stress calculation.

 average force= 0.000965
 time avg. forc= 0.000308
 largest residual force= 0.000000 in node 2174 and dof 1
 largest increment of disp= 7.579531e-05
 largest correction to disp= 9.100981e-07 in node 6258 and dof 1

 convergence; the increment size is increased to 7.500000e-02

 the increment size exceeds the maximum allowed and is decreased to 5.000000e-02

 increment 39 attempt 1 
 increment size= 5.000000e-02
 sum of previous increments=9.162382e-01
 actual step time=9.662382e-01
 actual total time=9.662382e-01

 iteration 1

 Using up to 1 cpu(s) for the stress calculation.

 Using up to 1 cpu(s) for the symmetric stiffness/mass contributions.

 Factoring the system of equations using the symmetric spooles solver
 Using up to 1 cpu(s) for spooles.

 Using up to 1 cpu(s) for the stress calculation.

 average force= 0.001001
 time avg. forc= 0.000326
 largest residual force= 0.000010 in node 2169 and dof 1
 largest increment of disp= 7.577284e-05
 largest correction to disp= 3.727005e-06 in node 14040 and dof 1

 no convergence

 iteration 2

 Using up to 1 cpu(s) for the symmetric stiffness/mass contributions.

 Factoring the system of equations using the symmetric spooles solver
 Using up to 1 cpu(s) for spooles.

 Using up to 1 cpu(s) for the stress calculation.

 average force= 0.001001
 time avg. forc= 0.000326
 largest residual force= 0.000000 in node 2174 and dof 1
 largest increment of disp= 7.577284e-05
 largest correction to disp= 8.572796e-07 in node 6258 and dof 1

 convergence; the increment size is increased to 7.500000e-02

 the increment size exceeds the maximum allowed and is decreased to 5.000000e-02

 the increment size exceeds the remainder of the step and is decreased to 3.376176e-02

 increment 40 attempt 1 
 increment size= 3.376176e-02
 sum of previous increments=9.662382e-01
 actual step time=1.000000e+00
 actual total time=1.000000e+00

 iteration 1

 Using up to 1 cpu(s) for the stress calculation.

 Using up to 1 cpu(s) for the symmetric stiffness/mass contributions.

 Factoring the system of equations using the symmetric spooles solver
 Using up to 1 cpu(s) for spooles.

 Using up to 1 cpu(s) for the stress calculation.

 average force= 0.001025
 time avg. forc= 0.000343
 largest residual force= 0.000003 in node 2233 and dof 2
 largest increment of disp= 5.114665e-05
 largest correction to disp= 9.080493e-07 in node 15324 and dof 1

 no convergence

 iteration 2

 Using up to 1 cpu(s) for the symmetric stiffness/mass contributions.

 Factoring the system of equations using the symmetric spooles solver
 Using up to 1 cpu(s) for spooles.

 Using up to 1 cpu(s) for the stress calculation.

 average force= 0.001025
 time avg. forc= 0.000343
 largest residual force= 0.000000 in node 2178 and dof 1
 largest increment of disp= 5.114665e-05
 largest correction to disp= 2.796548e-07 in node 6276 and dof 1

 convergence; the increment size is increased to 5.064265e-02

 the increment size exceeds the maximum allowed and is decreased to 5.000000e-02

 the increment size exceeds the remainder of the step and is decreased to 0.000000e+00

 Using up to 1 cpu(s) for the stress calculation.


 Job finished

________________________________________

Total CalculiX Time: 381.298729
________________________________________
=== on-caso-3-inv (CCX): renomeando outputs _Pc9034 ===
=== on-caso-3-inv (CCX): ccx2paraview nao encontrado dentro do container ===
    (esperado - rode 'cd cases/on-caso-3-inv/ccx && /tmp/ccx2pv/bin/ccx2paraview on-caso-3-inv_Pc9034.frd vtu' no HOST)

=== Concluido. Arquivos de saida: ===
  on-caso-3-inv.frd  - campos CalculiX (cgx -c se disponivel)
  on-caso-3-inv.pvd  - ParaView Data (abre direto no ParaView)
  on-caso-3-inv.dat  - totais RF no engaste posterior (curva F_z(Dz))
  on-caso-3-inv.sta  - status de convergencia por incremento Riks

Analise: python3 ../../../brunaStuff/analyze_on-caso-3-inv_ccx.py
