 Container myopenfoam-fsi-run-699d792d7c0a Creating 
 Container myopenfoam-fsi-run-699d792d7c0a Created 
=== on-caso-2 (CCX): polyMesh -> CalculiX .inp ===
[1/5] Lendo polyMesh em ../solid/constant/polyMesh
      nodes=4069, faces=11244, cells=3600, patches=10, zones=['on', 'pia', 'sas', 'dura']
[2/5] Reconstruindo conectividade C3D8 (3600 celulas)
      OK
[3/5] Escrevendo malha em on-caso-2_mesh.inp
[4/5] Escrevendo Winkler em on-caso-2_winkler.inp
[5/5] Concluido. Total: 4069 nodes, 3600 hex C3D8.
=== on-caso-2 (CCX): solver ccx_preCICE -i on-caso-2 ===

************************************************************

CalculiX Version 2.20, Copyright(C) 1998-2022 Guido Dhondt
CalculiX comes with ABSOLUTELY NO WARRANTY. This is free
software, and you are welcome to redistribute it under
certain conditions, see gpl.htm

************************************************************

You are using an executable made on Sun Jul 31 18:08:37 CEST 2022

  The numbers below are estimated upper bounds

  number of:

   nodes:         4366
   elements:         3897
   one-dimensional elements:            0
   two-dimensional elements:            0
   integration points per element:            8
   degrees of freedom per node:            3
   layers per element:            1

   distributed facial loads:          200
   distributed volumetric loads:            0
   concentrated loads:            0
   single point constraints:         2866
   multiple point constraints:            1
   terms in all multiple point constraints:            1
   tie constraints:            0
   dependent nodes tied by cyclic constraints:            0
   dependent nodes in pre-tension constraints:            0

   sets:          323
   terms in all sets:        14314

   materials:          301
   constants per material and temperature:            2
   temperature points per material:            1
   plastic data points per material:            0

   orientations:            0
   amplitudes:            7
   data points in all amplitudes:           10
   print requests:            4
   transformations:            0
   property cards:            0

 *INFO reading *HYPERELASTIC: nonlinear geometric
       effects are turned on

 *INFO reading *HYPERELASTIC: nonlinear geometric
       effects are turned on

 *INFO reading *HYPERELASTIC: nonlinear geometric
       effects are turned on

 *INFO reading *HYPERELASTIC: nonlinear geometric
       effects are turned on

 *INFO reading *STEP: nonlinear geometric
       effects are turned on


 STEP            1

 Static analysis was selected

 Nonlinear material laws are taken into account

 Newton-Raphson iterative procedure is active

 Nonlinear geometric effects are taken into account

 Decascading the MPC's

 Determining the structure of the matrix:
 Using up to 1 cpu(s) for setting up the structure of the matrix.
 number of equations
 11484
 number of nonzero lower triangular matrix elements
 421119

 increment 1 attempt 1 
 increment size= 2.000000e-01
 sum of previous increments=0.000000e+00
 actual step time=2.000000e-01
 actual total time=2.000000e-01

 iteration 1

 Using up to 1 cpu(s) for the stress calculation.

 Using up to 1 cpu(s) for the symmetric stiffness/mass contributions.

 Factoring the system of equations using the symmetric spooles solver
 Using up to 1 cpu(s) for spooles.

 Using up to 1 cpu(s) for the stress calculation.

 average force= 0.000000
 time avg. forc= 0.000000
 largest residual force= 0.000000 in node 2884 and dof 1
 largest increment of disp= 6.512008e-07
 largest correction to disp= 6.512008e-07 in node 2883 and dof 3

 no convergence

 iteration 2

 Using up to 1 cpu(s) for the symmetric stiffness/mass contributions.

 Factoring the system of equations using the symmetric spooles solver
 Using up to 1 cpu(s) for spooles.

 Using up to 1 cpu(s) for the stress calculation.

 average force= 0.000000
 time avg. forc= 0.000000
 largest residual force= 0.000000 in node 2212 and dof 1
 largest increment of disp= 6.512008e-07
 largest correction to disp= 7.267249e-11 in node 2883 and dof 3

 convergence

 increment 2 attempt 1 
 increment size= 2.000000e-01
 sum of previous increments=2.000000e-01
 actual step time=4.000000e-01
 actual total time=4.000000e-01

 iteration 1

 Using up to 1 cpu(s) for the stress calculation.

 Using up to 1 cpu(s) for the symmetric stiffness/mass contributions.

 Factoring the system of equations using the symmetric spooles solver
 Using up to 1 cpu(s) for spooles.

 Using up to 1 cpu(s) for the stress calculation.

 average force= 0.000001
 time avg. forc= 0.000001
 largest residual force= 0.000000 in node 2212 and dof 1
 largest increment of disp= 6.511284e-07
 largest correction to disp= 1.451729e-10 in node 2883 and dof 3

 no convergence

 iteration 2

 Using up to 1 cpu(s) for the symmetric stiffness/mass contributions.

 Factoring the system of equations using the symmetric spooles solver
 Using up to 1 cpu(s) for spooles.

 Using up to 1 cpu(s) for the stress calculation.

 average force= 0.000001
 time avg. forc= 0.000001
 largest residual force= 0.000000 in node 3916 and dof 1
 largest increment of disp= 6.511284e-07
 largest correction to disp= 3.222894e-13 in node 2211 and dof 3

 convergence; the increment size is increased to 3.000000e-01

 increment 3 attempt 1 
 increment size= 3.000000e-01
 sum of previous increments=4.000000e-01
 actual step time=7.000000e-01
 actual total time=7.000000e-01

 iteration 1

 Using up to 1 cpu(s) for the stress calculation.

 Using up to 1 cpu(s) for the symmetric stiffness/mass contributions.

 Factoring the system of equations using the symmetric spooles solver
 Using up to 1 cpu(s) for spooles.

 Using up to 1 cpu(s) for the stress calculation.

 average force= 0.000001
 time avg. forc= 0.000001
 largest residual force= 0.000000 in node 2212 and dof 1
 largest increment of disp= 9.764761e-07
 largest correction to disp= 2.725096e-10 in node 2883 and dof 3

 no convergence

 iteration 2

 Using up to 1 cpu(s) for the symmetric stiffness/mass contributions.

 Factoring the system of equations using the symmetric spooles solver
 Using up to 1 cpu(s) for spooles.

 Using up to 1 cpu(s) for the stress calculation.

 average force= 0.000001
 time avg. forc= 0.000001
 largest residual force= 0.000000 in node 3960 and dof 2
 largest increment of disp= 9.764761e-07
 largest correction to disp= 1.057760e-12 in node 2211 and dof 3

 convergence; the increment size is increased to 4.500000e-01

 the increment size exceeds the remainder of the step and is decreased to 3.000000e-01

 increment 4 attempt 1 
 increment size= 3.000000e-01
 sum of previous increments=7.000000e-01
 actual step time=1.000000e+00
 actual total time=1.000000e+00

 iteration 1

 Using up to 1 cpu(s) for the stress calculation.

 Using up to 1 cpu(s) for the symmetric stiffness/mass contributions.

 Factoring the system of equations using the symmetric spooles solver
 Using up to 1 cpu(s) for spooles.

 Using up to 1 cpu(s) for the stress calculation.

 average force= 0.000002
 time avg. forc= 0.000001
 largest residual force= 0.000000 in node 2212 and dof 1
 largest increment of disp= 9.762056e-07
 largest correction to disp= 3.266269e-10 in node 2883 and dof 3

 no convergence

 iteration 2

 Using up to 1 cpu(s) for the symmetric stiffness/mass contributions.

 Factoring the system of equations using the symmetric spooles solver
 Using up to 1 cpu(s) for spooles.

 Using up to 1 cpu(s) for the stress calculation.

 average force= 0.000002
 time avg. forc= 0.000001
 largest residual force= 0.000000 in node 3466 and dof 1
 largest increment of disp= 9.762056e-07
 largest correction to disp= 1.813013e-12 in node 2211 and dof 3

 convergence; the increment size is increased to 4.500000e-01

 the increment size exceeds the remainder of the step and is decreased to 0.000000e+00

 Using up to 1 cpu(s) for the stress calculation.

 *INFO reading *STEP: nonlinear geometric
       effects are turned on


 STEP            2

 Static analysis was selected

 Nonlinear material laws are taken into account

 Newton-Raphson iterative procedure is active

 Nonlinear geometric effects are taken into account

 Determining the structure of the matrix:
 Using up to 1 cpu(s) for setting up the structure of the matrix.
 number of equations
 11171
 number of nonzero lower triangular matrix elements
 406222

 increment 1 attempt 1 
 increment size= 2.500000e-02
 sum of previous increments=0.000000e+00
 actual step time=2.500000e-02
 actual total time=1.025000e+00

 iteration 1

 Using up to 1 cpu(s) for the stress calculation.

 Using up to 1 cpu(s) for the symmetric stiffness/mass contributions.

 Factoring the system of equations using the symmetric spooles solver
 Using up to 1 cpu(s) for spooles.

 Using up to 1 cpu(s) for the stress calculation.

 average force= 0.000011
 time avg. forc= 0.000011
 largest residual force= 0.000147 in node 2884 and dof 3
 largest increment of disp= 4.586325e-05
 largest correction to disp= 4.586325e-05 in node 3607 and dof 3

 no convergence

 iteration 2

 Using up to 1 cpu(s) for the symmetric stiffness/mass contributions.

 Factoring the system of equations using the symmetric spooles solver
 Using up to 1 cpu(s) for spooles.

 Using up to 1 cpu(s) for the stress calculation.

 average force= 0.000011
 time avg. forc= 0.000011
 largest residual force= 0.000000 in node 2884 and dof 1
 largest increment of disp= 4.586325e-05
 largest correction to disp= 3.208891e-06 in node 2883 and dof 3

 convergence

 increment 2 attempt 1 
 increment size= 2.500000e-02
 sum of previous increments=2.500000e-02
 actual step time=5.000000e-02
 actual total time=1.050000e+00

 iteration 1

 Using up to 1 cpu(s) for the stress calculation.

 Using up to 1 cpu(s) for the symmetric stiffness/mass contributions.

 Factoring the system of equations using the symmetric spooles solver
 Using up to 1 cpu(s) for spooles.

 Using up to 1 cpu(s) for the stress calculation.

 average force= 0.000021
 time avg. forc= 0.000016
 largest residual force= 0.000000 in node 3607 and dof 1
 largest increment of disp= 4.560575e-05
 largest correction to disp= 1.466534e-07 in node 3921 and dof 3

 no convergence

 iteration 2

 Using up to 1 cpu(s) for the symmetric stiffness/mass contributions.

 Factoring the system of equations using the symmetric spooles solver
 Using up to 1 cpu(s) for spooles.

 Using up to 1 cpu(s) for the stress calculation.

 average force= 0.000021
 time avg. forc= 0.000016
 largest residual force= 0.000000 in node 3976 and dof 2
 largest increment of disp= 4.560575e-05
 largest correction to disp= 5.447726e-11 in node 2883 and dof 3

 convergence; the increment size is increased to 3.750000e-02

 the increment size exceeds the maximum allowed and is decreased to 2.500000e-02

 increment 3 attempt 1 
 increment size= 2.500000e-02
 sum of previous increments=5.000000e-02
 actual step time=7.500000e-02
 actual total time=1.075000e+00

 iteration 1

 Using up to 1 cpu(s) for the stress calculation.

 Using up to 1 cpu(s) for the symmetric stiffness/mass contributions.

 Factoring the system of equations using the symmetric spooles solver
 Using up to 1 cpu(s) for spooles.

 Using up to 1 cpu(s) for the stress calculation.

 average force= 0.000032
 time avg. forc= 0.000021
 largest residual force= 0.000000 in node 3607 and dof 1
 largest increment of disp= 4.546087e-05
 largest correction to disp= 1.681393e-08 in node 3621 and dof 1

 no convergence

 iteration 2

 Using up to 1 cpu(s) for the symmetric stiffness/mass contributions.

 Factoring the system of equations using the symmetric spooles solver
 Using up to 1 cpu(s) for spooles.

 Using up to 1 cpu(s) for the stress calculation.

 average force= 0.000032
 time avg. forc= 0.000021
 largest residual force= 0.000000 in node 3808 and dof 1
 largest increment of disp= 4.546087e-05
 largest correction to disp= 2.721818e-11 in node 2883 and dof 3

 convergence; the increment size is increased to 3.750000e-02

 the increment size exceeds the maximum allowed and is decreased to 2.500000e-02

 increment 4 attempt 1 
 increment size= 2.500000e-02
 sum of previous increments=7.500000e-02
 actual step time=1.000000e-01
 actual total time=1.100000e+00

 iteration 1

 Using up to 1 cpu(s) for the stress calculation.

 Using up to 1 cpu(s) for the symmetric stiffness/mass contributions.

 Factoring the system of equations using the symmetric spooles solver
 Using up to 1 cpu(s) for spooles.

 Using up to 1 cpu(s) for the stress calculation.

 average force= 0.000043
 time avg. forc= 0.000027
 largest residual force= 0.000000 in node 3607 and dof 1
 largest increment of disp= 4.546365e-05
 largest correction to disp= 1.747465e-08 in node 3621 and dof 1

 no convergence

 iteration 2

 Using up to 1 cpu(s) for the symmetric stiffness/mass contributions.

 Factoring the system of equations using the symmetric spooles solver
 Using up to 1 cpu(s) for spooles.

 Using up to 1 cpu(s) for the stress calculation.

 average force= 0.000043
 time avg. forc= 0.000027
 largest residual force= 0.000000 in node 3982 and dof 2
 largest increment of disp= 4.546365e-05
 largest correction to disp= 1.923392e-12 in node 4067 and dof 1

 convergence; the increment size is increased to 3.750000e-02

 the increment size exceeds the maximum allowed and is decreased to 2.500000e-02

 increment 5 attempt 1 
 increment size= 2.500000e-02
 sum of previous increments=1.000000e-01
 actual step time=1.250000e-01
 actual total time=1.125000e+00

 iteration 1

 Using up to 1 cpu(s) for the stress calculation.

 Using up to 1 cpu(s) for the symmetric stiffness/mass contributions.

 Factoring the system of equations using the symmetric spooles solver
 Using up to 1 cpu(s) for spooles.

 Using up to 1 cpu(s) for the stress calculation.

 average force= 0.000054
 time avg. forc= 0.000032
 largest residual force= 0.000000 in node 3607 and dof 1
 largest increment of disp= 4.546644e-05
 largest correction to disp= 1.830758e-08 in node 3621 and dof 1

 no convergence

 iteration 2

 Using up to 1 cpu(s) for the symmetric stiffness/mass contributions.

 Factoring the system of equations using the symmetric spooles solver
 Using up to 1 cpu(s) for spooles.

 Using up to 1 cpu(s) for the stress calculation.

 average force= 0.000054
 time avg. forc= 0.000032
 largest residual force= 0.000000 in node 3836 and dof 1
 largest increment of disp= 4.546644e-05
 largest correction to disp= 2.132387e-12 in node 4067 and dof 1

 convergence; the increment size is increased to 3.750000e-02

 the increment size exceeds the maximum allowed and is decreased to 2.500000e-02

 increment 6 attempt 1 
 increment size= 2.500000e-02
 sum of previous increments=1.250000e-01
 actual step time=1.500000e-01
 actual total time=1.150000e+00

 iteration 1

 Using up to 1 cpu(s) for the stress calculation.

 Using up to 1 cpu(s) for the symmetric stiffness/mass contributions.

 Factoring the system of equations using the symmetric spooles solver
 Using up to 1 cpu(s) for spooles.

 Using up to 1 cpu(s) for the stress calculation.

 average force= 0.000065
 time avg. forc= 0.000038
 largest residual force= 0.000000 in node 3607 and dof 1
 largest increment of disp= 4.546930e-05
 largest correction to disp= 1.922711e-08 in node 3621 and dof 1

 no convergence

 iteration 2

 Using up to 1 cpu(s) for the symmetric stiffness/mass contributions.

 Factoring the system of equations using the symmetric spooles solver
 Using up to 1 cpu(s) for spooles.

 Using up to 1 cpu(s) for the stress calculation.

 average force= 0.000065
 time avg. forc= 0.000038
 largest residual force= 0.000000 in node 3594 and dof 3
 largest increment of disp= 4.546930e-05
 largest correction to disp= 2.360880e-12 in node 3775 and dof 1

 convergence; the increment size is increased to 3.750000e-02

 the increment size exceeds the maximum allowed and is decreased to 2.500000e-02

 increment 7 attempt 1 
 increment size= 2.500000e-02
 sum of previous increments=1.500000e-01
 actual step time=1.750000e-01
 actual total time=1.175000e+00

 iteration 1

 Using up to 1 cpu(s) for the stress calculation.

 Using up to 1 cpu(s) for the symmetric stiffness/mass contributions.

 Factoring the system of equations using the symmetric spooles solver
 Using up to 1 cpu(s) for spooles.

 Using up to 1 cpu(s) for the stress calculation.

 average force= 0.000076
 time avg. forc= 0.000043
 largest residual force= 0.000000 in node 3607 and dof 1
 largest increment of disp= 4.547217e-05
 largest correction to disp= 2.023095e-08 in node 3621 and dof 1

 no convergence

 iteration 2

 Using up to 1 cpu(s) for the symmetric stiffness/mass contributions.

 Factoring the system of equations using the symmetric spooles solver
 Using up to 1 cpu(s) for spooles.

 Using up to 1 cpu(s) for the stress calculation.

 average force= 0.000076
 time avg. forc= 0.000043
 largest residual force= 0.000000 in node 3848 and dof 1
 largest increment of disp= 4.547217e-05
 largest correction to disp= 2.611176e-12 in node 4067 and dof 1

 convergence; the increment size is increased to 3.750000e-02

 the increment size exceeds the maximum allowed and is decreased to 2.500000e-02

 increment 8 attempt 1 
 increment size= 2.500000e-02
 sum of previous increments=1.750000e-01
 actual step time=2.000000e-01
 actual total time=1.200000e+00

 iteration 1

 Using up to 1 cpu(s) for the stress calculation.

 Using up to 1 cpu(s) for the symmetric stiffness/mass contributions.

 Factoring the system of equations using the symmetric spooles solver
 Using up to 1 cpu(s) for spooles.

 Using up to 1 cpu(s) for the stress calculation.

 average force= 0.000087
 time avg. forc= 0.000048
 largest residual force= 0.000000 in node 3607 and dof 1
 largest increment of disp= 4.547506e-05
 largest correction to disp= 2.132569e-08 in node 3621 and dof 1

 no convergence

 iteration 2

 Using up to 1 cpu(s) for the symmetric stiffness/mass contributions.

 Factoring the system of equations using the symmetric spooles solver
 Using up to 1 cpu(s) for spooles.

 Using up to 1 cpu(s) for the stress calculation.

 average force= 0.000087
 time avg. forc= 0.000048
 largest residual force= 0.000000 in node 3910 and dof 3
 largest increment of disp= 4.547506e-05
 largest correction to disp= 2.886069e-12 in node 4067 and dof 1

 convergence; the increment size is increased to 3.750000e-02

 the increment size exceeds the maximum allowed and is decreased to 2.500000e-02

 increment 9 attempt 1 
 increment size= 2.500000e-02
 sum of previous increments=2.000000e-01
 actual step time=2.250000e-01
 actual total time=1.225000e+00

 iteration 1

 Using up to 1 cpu(s) for the stress calculation.

 Using up to 1 cpu(s) for the symmetric stiffness/mass contributions.

 Factoring the system of equations using the symmetric spooles solver
 Using up to 1 cpu(s) for spooles.

 Using up to 1 cpu(s) for the stress calculation.

 average force= 0.000098
 time avg. forc= 0.000054
 largest residual force= 0.000000 in node 3607 and dof 1
 largest increment of disp= 4.547797e-05
 largest correction to disp= 2.252086e-08 in node 3621 and dof 1

 no convergence

 iteration 2

 Using up to 1 cpu(s) for the symmetric stiffness/mass contributions.

 Factoring the system of equations using the symmetric spooles solver
 Using up to 1 cpu(s) for spooles.

 Using up to 1 cpu(s) for the stress calculation.

 average force= 0.000098
 time avg. forc= 0.000054
 largest residual force= 0.000000 in node 3800 and dof 1
 largest increment of disp= 4.547797e-05
 largest correction to disp= 3.188883e-12 in node 4067 and dof 1

 convergence; the increment size is increased to 3.750000e-02

 the increment size exceeds the maximum allowed and is decreased to 2.500000e-02

 increment 10 attempt 1 
 increment size= 2.500000e-02
 sum of previous increments=2.250000e-01
 actual step time=2.500000e-01
 actual total time=1.250000e+00

 iteration 1

 Using up to 1 cpu(s) for the stress calculation.

 Using up to 1 cpu(s) for the symmetric stiffness/mass contributions.

 Factoring the system of equations using the symmetric spooles solver
 Using up to 1 cpu(s) for spooles.

 Using up to 1 cpu(s) for the stress calculation.

 average force= 0.000109
 time avg. forc= 0.000059
 largest residual force= 0.000000 in node 3607 and dof 1
 largest increment of disp= 4.548089e-05
 largest correction to disp= 2.382800e-08 in node 3621 and dof 1

 no convergence

 iteration 2

 Using up to 1 cpu(s) for the symmetric stiffness/mass contributions.

 Factoring the system of equations using the symmetric spooles solver
 Using up to 1 cpu(s) for spooles.

 Using up to 1 cpu(s) for the stress calculation.

 average force= 0.000109
 time avg. forc= 0.000059
 largest residual force= 0.000000 in node 3602 and dof 3
 largest increment of disp= 4.548089e-05
 largest correction to disp= 3.523542e-12 in node 4067 and dof 1

 convergence; the increment size is increased to 3.750000e-02

 the increment size exceeds the maximum allowed and is decreased to 2.500000e-02

 Using up to 1 cpu(s) for the stress calculation.

 increment 11 attempt 1 
 increment size= 2.500000e-02
 sum of previous increments=2.500000e-01
 actual step time=2.750000e-01
 actual total time=1.275000e+00

 iteration 1

 Using up to 1 cpu(s) for the stress calculation.

 Using up to 1 cpu(s) for the symmetric stiffness/mass contributions.

 Factoring the system of equations using the symmetric spooles solver
 Using up to 1 cpu(s) for spooles.

 Using up to 1 cpu(s) for the stress calculation.

 average force= 0.000120
 time avg. forc= 0.000065
 largest residual force= 0.000000 in node 3607 and dof 1
 largest increment of disp= 4.548386e-05
 largest correction to disp= 2.526056e-08 in node 3621 and dof 1

 no convergence

 iteration 2

 Using up to 1 cpu(s) for the symmetric stiffness/mass contributions.

 Factoring the system of equations using the symmetric spooles solver
 Using up to 1 cpu(s) for spooles.

 Using up to 1 cpu(s) for the stress calculation.

 average force= 0.000120
 time avg. forc= 0.000065
 largest residual force= 0.000000 in node 3760 and dof 3
 largest increment of disp= 4.548386e-05
 largest correction to disp= 3.894678e-12 in node 4067 and dof 1

 convergence; the increment size is increased to 3.750000e-02

 the increment size exceeds the maximum allowed and is decreased to 2.500000e-02

 increment 12 attempt 1 
 increment size= 2.500000e-02
 sum of previous increments=2.750000e-01
 actual step time=3.000000e-01
 actual total time=1.300000e+00

 iteration 1

 Using up to 1 cpu(s) for the stress calculation.

 Using up to 1 cpu(s) for the symmetric stiffness/mass contributions.

 Factoring the system of equations using the symmetric spooles solver
 Using up to 1 cpu(s) for spooles.

 Using up to 1 cpu(s) for the stress calculation.

 average force= 0.000131
 time avg. forc= 0.000070
 largest residual force= 0.000000 in node 3607 and dof 1
 largest increment of disp= 4.548692e-05
 largest correction to disp= 2.683411e-08 in node 3621 and dof 1

 no convergence

 iteration 2

 Using up to 1 cpu(s) for the symmetric stiffness/mass contributions.

 Factoring the system of equations using the symmetric spooles solver
 Using up to 1 cpu(s) for spooles.

 Using up to 1 cpu(s) for the stress calculation.

 average force= 0.000131
 time avg. forc= 0.000070
 largest residual force= 0.000000 in node 3918 and dof 3
 largest increment of disp= 4.548692e-05
 largest correction to disp= 4.307931e-12 in node 3777 and dof 1

 convergence; the increment size is increased to 3.750000e-02

 the increment size exceeds the maximum allowed and is decreased to 2.500000e-02

 increment 13 attempt 1 
 increment size= 2.500000e-02
 sum of previous increments=3.000000e-01
 actual step time=3.250000e-01
 actual total time=1.325000e+00

 iteration 1

 Using up to 1 cpu(s) for the stress calculation.

 Using up to 1 cpu(s) for the symmetric stiffness/mass contributions.

 Factoring the system of equations using the symmetric spooles solver
 Using up to 1 cpu(s) for spooles.

 Using up to 1 cpu(s) for the stress calculation.

 average force= 0.000142
 time avg. forc= 0.000076
 largest residual force= 0.000000 in node 3607 and dof 1
 largest increment of disp= 4.549001e-05
 largest correction to disp= 2.856668e-08 in node 3621 and dof 1

 no convergence

 iteration 2

 Using up to 1 cpu(s) for the symmetric stiffness/mass contributions.

 Factoring the system of equations using the symmetric spooles solver
 Using up to 1 cpu(s) for spooles.

 Using up to 1 cpu(s) for the stress calculation.

 average force= 0.000142
 time avg. forc= 0.000076
 largest residual force= 0.000000 in node 3914 and dof 3
 largest increment of disp= 4.549001e-05
 largest correction to disp= 4.770165e-12 in node 4065 and dof 1

 convergence; the increment size is increased to 3.750000e-02

 the increment size exceeds the maximum allowed and is decreased to 2.500000e-02

 increment 14 attempt 1 
 increment size= 2.500000e-02
 sum of previous increments=3.250000e-01
 actual step time=3.500000e-01
 actual total time=1.350000e+00

 iteration 1

 Using up to 1 cpu(s) for the stress calculation.

 Using up to 1 cpu(s) for the symmetric stiffness/mass contributions.

 Factoring the system of equations using the symmetric spooles solver
 Using up to 1 cpu(s) for spooles.

 Using up to 1 cpu(s) for the stress calculation.

 average force= 0.000153
 time avg. forc= 0.000081
 largest residual force= 0.000000 in node 3607 and dof 1
 largest increment of disp= 4.549314e-05
 largest correction to disp= 3.047920e-08 in node 3621 and dof 1

 no convergence

 iteration 2

 Using up to 1 cpu(s) for the symmetric stiffness/mass contributions.

 Factoring the system of equations using the symmetric spooles solver
 Using up to 1 cpu(s) for spooles.

 Using up to 1 cpu(s) for the stress calculation.

 average force= 0.000153
 time avg. forc= 0.000081
 largest residual force= 0.000000 in node 3738 and dof 3
 largest increment of disp= 4.549314e-05
 largest correction to disp= 5.288670e-12 in node 4065 and dof 1

 convergence; the increment size is increased to 3.750000e-02

 the increment size exceeds the maximum allowed and is decreased to 2.500000e-02

 increment 15 attempt 1 
 increment size= 2.500000e-02
 sum of previous increments=3.500000e-01
 actual step time=3.750000e-01
 actual total time=1.375000e+00

 iteration 1

 Using up to 1 cpu(s) for the stress calculation.

 Using up to 1 cpu(s) for the symmetric stiffness/mass contributions.

 Factoring the system of equations using the symmetric spooles solver
 Using up to 1 cpu(s) for spooles.

 Using up to 1 cpu(s) for the stress calculation.

 average force= 0.000164
 time avg. forc= 0.000087
 largest residual force= 0.000000 in node 3607 and dof 1
 largest increment of disp= 4.549637e-05
 largest correction to disp= 3.259602e-08 in node 3621 and dof 1

 no convergence

 iteration 2

 Using up to 1 cpu(s) for the symmetric stiffness/mass contributions.

 Factoring the system of equations using the symmetric spooles solver
 Using up to 1 cpu(s) for spooles.

 Using up to 1 cpu(s) for the stress calculation.

 average force= 0.000164
 time avg. forc= 0.000087
 largest residual force= 0.000000 in node 3582 and dof 3
 largest increment of disp= 4.549637e-05
 largest correction to disp= 5.872701e-12 in node 4065 and dof 1

 convergence; the increment size is increased to 3.750000e-02

 the increment size exceeds the maximum allowed and is decreased to 2.500000e-02

 increment 16 attempt 1 
 increment size= 2.500000e-02
 sum of previous increments=3.750000e-01
 actual step time=4.000000e-01
 actual total time=1.400000e+00

 iteration 1

 Using up to 1 cpu(s) for the stress calculation.

 Using up to 1 cpu(s) for the symmetric stiffness/mass contributions.

 Factoring the system of equations using the symmetric spooles solver
 Using up to 1 cpu(s) for spooles.

 Using up to 1 cpu(s) for the stress calculation.

 average force= 0.000176
 time avg. forc= 0.000092
 largest residual force= 0.000000 in node 3607 and dof 1
 largest increment of disp= 4.549970e-05
 largest correction to disp= 3.494558e-08 in node 3621 and dof 1

 no convergence

 iteration 2

 Using up to 1 cpu(s) for the symmetric stiffness/mass contributions.

 Factoring the system of equations using the symmetric spooles solver
 Using up to 1 cpu(s) for spooles.

 Using up to 1 cpu(s) for the stress calculation.

 average force= 0.000176
 time avg. forc= 0.000092
 largest residual force= 0.000000 in node 3754 and dof 3
 largest increment of disp= 4.549970e-05
 largest correction to disp= 6.533376e-12 in node 4065 and dof 1

 convergence; the increment size is increased to 3.750000e-02

 the increment size exceeds the maximum allowed and is decreased to 2.500000e-02

 increment 17 attempt 1 
 increment size= 2.500000e-02
 sum of previous increments=4.000000e-01
 actual step time=4.250000e-01
 actual total time=1.425000e+00

 iteration 1

 Using up to 1 cpu(s) for the stress calculation.

 Using up to 1 cpu(s) for the symmetric stiffness/mass contributions.

 Factoring the system of equations using the symmetric spooles solver
 Using up to 1 cpu(s) for spooles.

 Using up to 1 cpu(s) for the stress calculation.

 average force= 0.000187
 time avg. forc= 0.000098
 largest residual force= 0.000000 in node 3607 and dof 1
 largest increment of disp= 4.550334e-05
 largest correction to disp= 3.756126e-08 in node 3621 and dof 1

 no convergence

 iteration 2

 Using up to 1 cpu(s) for the symmetric stiffness/mass contributions.

 Factoring the system of equations using the symmetric spooles solver
 Using up to 1 cpu(s) for spooles.

 Using up to 1 cpu(s) for the stress calculation.

 average force= 0.000187
 time avg. forc= 0.000098
 largest residual force= 0.000000 in node 3752 and dof 3
 largest increment of disp= 4.550334e-05
 largest correction to disp= 7.284114e-12 in node 4065 and dof 1

 convergence; the increment size is increased to 3.750000e-02

 the increment size exceeds the maximum allowed and is decreased to 2.500000e-02

 increment 18 attempt 1 
 increment size= 2.500000e-02
 sum of previous increments=4.250000e-01
 actual step time=4.500000e-01
 actual total time=1.450000e+00

 iteration 1

 Using up to 1 cpu(s) for the stress calculation.

 Using up to 1 cpu(s) for the symmetric stiffness/mass contributions.

 Factoring the system of equations using the symmetric spooles solver
 Using up to 1 cpu(s) for spooles.

 Using up to 1 cpu(s) for the stress calculation.

 average force= 0.000198
 time avg. forc= 0.000104
 largest residual force= 0.000000 in node 3607 and dof 1
 largest increment of disp= 4.550715e-05
 largest correction to disp= 4.048240e-08 in node 3621 and dof 1

 no convergence

 iteration 2

 Using up to 1 cpu(s) for the symmetric stiffness/mass contributions.

 Factoring the system of equations using the symmetric spooles solver
 Using up to 1 cpu(s) for spooles.

 Using up to 1 cpu(s) for the stress calculation.

 average force= 0.000198
 time avg. forc= 0.000104
 largest residual force= 0.000000 in node 3918 and dof 3
 largest increment of disp= 4.550715e-05
 largest correction to disp= 8.141204e-12 in node 3777 and dof 1

 convergence; the increment size is increased to 3.750000e-02

 the increment size exceeds the maximum allowed and is decreased to 2.500000e-02

 increment 19 attempt 1 
 increment size= 2.500000e-02
 sum of previous increments=4.500000e-01
 actual step time=4.750000e-01
 actual total time=1.475000e+00

 iteration 1

 Using up to 1 cpu(s) for the stress calculation.

 Using up to 1 cpu(s) for the symmetric stiffness/mass contributions.

 Factoring the system of equations using the symmetric spooles solver
 Using up to 1 cpu(s) for spooles.

 Using up to 1 cpu(s) for the stress calculation.

 average force= 0.000209
 time avg. forc= 0.000109
 largest residual force= 0.000000 in node 3579 and dof 1
 largest increment of disp= 4.551106e-05
 largest correction to disp= 4.375553e-08 in node 3621 and dof 1

 no convergence

 iteration 2

 Using up to 1 cpu(s) for the symmetric stiffness/mass contributions.

 Factoring the system of equations using the symmetric spooles solver
 Using up to 1 cpu(s) for spooles.

 Using up to 1 cpu(s) for the stress calculation.

 average force= 0.000209
 time avg. forc= 0.000109
 largest residual force= 0.000000 in node 3766 and dof 3
 largest increment of disp= 4.551106e-05
 largest correction to disp= 9.124517e-12 in node 3777 and dof 1

 convergence; the increment size is increased to 3.750000e-02

 the increment size exceeds the maximum allowed and is decreased to 2.500000e-02

 increment 20 attempt 1 
 increment size= 2.500000e-02
 sum of previous increments=4.750000e-01
 actual step time=5.000000e-01
 actual total time=1.500000e+00

 iteration 1

 Using up to 1 cpu(s) for the stress calculation.

 Using up to 1 cpu(s) for the symmetric stiffness/mass contributions.

 Factoring the system of equations using the symmetric spooles solver
 Using up to 1 cpu(s) for spooles.

 Using up to 1 cpu(s) for the stress calculation.

 average force= 0.000220
 time avg. forc= 0.000115
 largest residual force= 0.000000 in node 3579 and dof 1
 largest increment of disp= 4.551509e-05
 largest correction to disp= 4.743605e-08 in node 3621 and dof 1

 no convergence

 iteration 2

 Using up to 1 cpu(s) for the symmetric stiffness/mass contributions.

 Factoring the system of equations using the symmetric spooles solver
 Using up to 1 cpu(s) for spooles.

 Using up to 1 cpu(s) for the stress calculation.

 average force= 0.000220
 time avg. forc= 0.000115
 largest residual force= 0.000000 in node 4040 and dof 3
 largest increment of disp= 4.551509e-05
 largest correction to disp= 1.025846e-11 in node 4065 and dof 1

 convergence; the increment size is increased to 3.750000e-02

 the increment size exceeds the maximum allowed and is decreased to 2.500000e-02

 Using up to 1 cpu(s) for the stress calculation.

 increment 21 attempt 1 
 increment size= 2.500000e-02
 sum of previous increments=5.000000e-01
 actual step time=5.250000e-01
 actual total time=1.525000e+00

 iteration 1

 Using up to 1 cpu(s) for the stress calculation.

 Using up to 1 cpu(s) for the symmetric stiffness/mass contributions.

 Factoring the system of equations using the symmetric spooles solver
 Using up to 1 cpu(s) for spooles.

 Using up to 1 cpu(s) for the stress calculation.

 average force= 0.000232
 time avg. forc= 0.000120
 largest residual force= 0.000000 in node 3565 and dof 1
 largest increment of disp= 4.551926e-05
 largest correction to disp= 5.159020e-08 in node 3621 and dof 1

 no convergence

 iteration 2

 Using up to 1 cpu(s) for the symmetric stiffness/mass contributions.

 Factoring the system of equations using the symmetric spooles solver
 Using up to 1 cpu(s) for spooles.

 Using up to 1 cpu(s) for the stress calculation.

 average force= 0.000232
 time avg. forc= 0.000120
 largest residual force= 0.000000 in node 4054 and dof 3
 largest increment of disp= 4.551926e-05
 largest correction to disp= 1.157315e-11 in node 3777 and dof 1

 convergence; the increment size is increased to 3.750000e-02

 the increment size exceeds the maximum allowed and is decreased to 2.500000e-02

 increment 22 attempt 1 
 increment size= 2.500000e-02
 sum of previous increments=5.250000e-01
 actual step time=5.500000e-01
 actual total time=1.550000e+00

 iteration 1

 Using up to 1 cpu(s) for the stress calculation.

 Using up to 1 cpu(s) for the symmetric stiffness/mass contributions.

 Factoring the system of equations using the symmetric spooles solver
 Using up to 1 cpu(s) for spooles.

 Using up to 1 cpu(s) for the stress calculation.

 average force= 0.000243
 time avg. forc= 0.000126
 largest residual force= 0.000000 in node 3565 and dof 1
 largest increment of disp= 4.552359e-05
 largest correction to disp= 5.629763e-08 in node 3621 and dof 1

 no convergence

 iteration 2

 Using up to 1 cpu(s) for the symmetric stiffness/mass contributions.

 Factoring the system of equations using the symmetric spooles solver
 Using up to 1 cpu(s) for spooles.

 Using up to 1 cpu(s) for the stress calculation.

 average force= 0.000243
 time avg. forc= 0.000126
 largest residual force= 0.000000 in node 3922 and dof 3
 largest increment of disp= 4.552359e-05
 largest correction to disp= 1.310609e-11 in node 3777 and dof 1

 convergence; the increment size is increased to 3.750000e-02

 the increment size exceeds the maximum allowed and is decreased to 2.500000e-02

 increment 23 attempt 1 
 increment size= 2.500000e-02
 sum of previous increments=5.500000e-01
 actual step time=5.750000e-01
 actual total time=1.575000e+00

 iteration 1

 Using up to 1 cpu(s) for the stress calculation.

 Using up to 1 cpu(s) for the symmetric stiffness/mass contributions.

 Factoring the system of equations using the symmetric spooles solver
 Using up to 1 cpu(s) for spooles.

 Using up to 1 cpu(s) for the stress calculation.

 average force= 0.000254
 time avg. forc= 0.000131
 largest residual force= 0.000000 in node 3565 and dof 1
 largest increment of disp= 4.552808e-05
 largest correction to disp= 6.165472e-08 in node 3621 and dof 1

 no convergence

 iteration 2

 Using up to 1 cpu(s) for the symmetric stiffness/mass contributions.

 Factoring the system of equations using the symmetric spooles solver
 Using up to 1 cpu(s) for spooles.

 Using up to 1 cpu(s) for the stress calculation.

 average force= 0.000254
 time avg. forc= 0.000131
 largest residual force= 0.000000 in node 3766 and dof 3
 largest increment of disp= 4.552808e-05
 largest correction to disp= 1.490419e-11 in node 4065 and dof 1

 convergence; the increment size is increased to 3.750000e-02

 the increment size exceeds the maximum allowed and is decreased to 2.500000e-02

 increment 24 attempt 1 
 increment size= 2.500000e-02
 sum of previous increments=5.750000e-01
 actual step time=6.000000e-01
 actual total time=1.600000e+00

 iteration 1

 Using up to 1 cpu(s) for the stress calculation.

 Using up to 1 cpu(s) for the symmetric stiffness/mass contributions.

 Factoring the system of equations using the symmetric spooles solver
 Using up to 1 cpu(s) for spooles.

 Using up to 1 cpu(s) for the stress calculation.

 average force= 0.000266
 time avg. forc= 0.000137
 largest residual force= 0.000000 in node 3565 and dof 1
 largest increment of disp= 4.553278e-05
 largest correction to disp= 6.777881e-08 in node 3621 and dof 1

 no convergence

 iteration 2

 Using up to 1 cpu(s) for the symmetric stiffness/mass contributions.

 Factoring the system of equations using the symmetric spooles solver
 Using up to 1 cpu(s) for spooles.

 Using up to 1 cpu(s) for the stress calculation.

 average force= 0.000266
 time avg. forc= 0.000137
 largest residual force= 0.000000 in node 3770 and dof 3
 largest increment of disp= 4.553278e-05
 largest correction to disp= 1.702668e-11 in node 4065 and dof 1

 convergence; the increment size is increased to 3.750000e-02

 the increment size exceeds the maximum allowed and is decreased to 2.500000e-02

 increment 25 attempt 1 
 increment size= 2.500000e-02
 sum of previous increments=6.000000e-01
 actual step time=6.250000e-01
 actual total time=1.625000e+00

 iteration 1

 Using up to 1 cpu(s) for the stress calculation.

 Using up to 1 cpu(s) for the symmetric stiffness/mass contributions.

 Factoring the system of equations using the symmetric spooles solver
 Using up to 1 cpu(s) for spooles.

 Using up to 1 cpu(s) for the stress calculation.

 average force= 0.000277
 time avg. forc= 0.000143
 largest residual force= 0.000000 in node 3565 and dof 1
 largest increment of disp= 4.553771e-05
 largest correction to disp= 7.481376e-08 in node 3621 and dof 1

 no convergence

 iteration 2

 Using up to 1 cpu(s) for the symmetric stiffness/mass contributions.

 Factoring the system of equations using the symmetric spooles solver
 Using up to 1 cpu(s) for spooles.

 Using up to 1 cpu(s) for the stress calculation.

 average force= 0.000277
 time avg. forc= 0.000143
 largest residual force= 0.000000 in node 4044 and dof 3
 largest increment of disp= 4.553771e-05
 largest correction to disp= 1.954886e-11 in node 3777 and dof 1

 convergence; the increment size is increased to 3.750000e-02

 the increment size exceeds the maximum allowed and is decreased to 2.500000e-02

 increment 26 attempt 1 
 increment size= 2.500000e-02
 sum of previous increments=6.250000e-01
 actual step time=6.500000e-01
 actual total time=1.650000e+00

 iteration 1

 Using up to 1 cpu(s) for the stress calculation.

 Using up to 1 cpu(s) for the symmetric stiffness/mass contributions.

 Factoring the system of equations using the symmetric spooles solver
 Using up to 1 cpu(s) for spooles.

 Using up to 1 cpu(s) for the stress calculation.

 average force= 0.000289
 time avg. forc= 0.000148
 largest residual force= 0.000000 in node 3565 and dof 1
 largest increment of disp= 4.554291e-05
 largest correction to disp= 8.293716e-08 in node 3621 and dof 1

 no convergence

 iteration 2

 Using up to 1 cpu(s) for the symmetric stiffness/mass contributions.

 Factoring the system of equations using the symmetric spooles solver
 Using up to 1 cpu(s) for spooles.

 Using up to 1 cpu(s) for the stress calculation.

 average force= 0.000289
 time avg. forc= 0.000148
 largest residual force= 0.000000 in node 4048 and dof 3
 largest increment of disp= 4.554291e-05
 largest correction to disp= 2.256736e-11 in node 4065 and dof 1

 convergence; the increment size is increased to 3.750000e-02

 the increment size exceeds the maximum allowed and is decreased to 2.500000e-02

 increment 27 attempt 1 
 increment size= 2.500000e-02
 sum of previous increments=6.500000e-01
 actual step time=6.750000e-01
 actual total time=1.675000e+00

 iteration 1

 Using up to 1 cpu(s) for the stress calculation.

 Using up to 1 cpu(s) for the symmetric stiffness/mass contributions.

 Factoring the system of equations using the symmetric spooles solver
 Using up to 1 cpu(s) for spooles.

 Using up to 1 cpu(s) for the stress calculation.

 average force= 0.000300
 time avg. forc= 0.000154
 largest residual force= 0.000000 in node 3565 and dof 1
 largest increment of disp= 4.554841e-05
 largest correction to disp= 9.238908e-08 in node 3625 and dof 1

 no convergence

 iteration 2

 Using up to 1 cpu(s) for the symmetric stiffness/mass contributions.

 Factoring the system of equations using the symmetric spooles solver
 Using up to 1 cpu(s) for spooles.

 Using up to 1 cpu(s) for the stress calculation.

 average force= 0.000300
 time avg. forc= 0.000154
 largest residual force= 0.000000 in node 3612 and dof 3
 largest increment of disp= 4.554841e-05
 largest correction to disp= 2.620723e-11 in node 4065 and dof 1

 convergence; the increment size is increased to 3.750000e-02

 the increment size exceeds the maximum allowed and is decreased to 2.500000e-02

 increment 28 attempt 1 
 increment size= 2.500000e-02
 sum of previous increments=6.750000e-01
 actual step time=7.000000e-01
 actual total time=1.700000e+00

 iteration 1

 Using up to 1 cpu(s) for the stress calculation.

 Using up to 1 cpu(s) for the symmetric stiffness/mass contributions.

 Factoring the system of equations using the symmetric spooles solver
 Using up to 1 cpu(s) for spooles.

 Using up to 1 cpu(s) for the stress calculation.

 average force= 0.000312
 time avg. forc= 0.000160
 largest residual force= 0.000000 in node 3565 and dof 1
 largest increment of disp= 4.555428e-05
 largest correction to disp= 1.034806e-07 in node 3617 and dof 1

 no convergence

 iteration 2

 Using up to 1 cpu(s) for the symmetric stiffness/mass contributions.

 Factoring the system of equations using the symmetric spooles solver
 Using up to 1 cpu(s) for spooles.

 Using up to 1 cpu(s) for the stress calculation.

 average force= 0.000312
 time avg. forc= 0.000160
 largest residual force= 0.000000 in node 4056 and dof 3
 largest increment of disp= 4.555428e-05
 largest correction to disp= 3.063198e-11 in node 3777 and dof 1

 convergence; the increment size is increased to 3.750000e-02

 the increment size exceeds the maximum allowed and is decreased to 2.500000e-02

 increment 29 attempt 1 
 increment size= 2.500000e-02
 sum of previous increments=7.000000e-01
 actual step time=7.250000e-01
 actual total time=1.725000e+00

 iteration 1

 Using up to 1 cpu(s) for the stress calculation.

 Using up to 1 cpu(s) for the symmetric stiffness/mass contributions.

 Factoring the system of equations using the symmetric spooles solver
 Using up to 1 cpu(s) for spooles.

 Using up to 1 cpu(s) for the stress calculation.

 average force= 0.000323
 time avg. forc= 0.000165
 largest residual force= 0.000000 in node 3565 and dof 1
 largest increment of disp= 4.556057e-05
 largest correction to disp= 1.165955e-07 in node 3627 and dof 1

 no convergence

 iteration 2

 Using up to 1 cpu(s) for the symmetric stiffness/mass contributions.

 Factoring the system of equations using the symmetric spooles solver
 Using up to 1 cpu(s) for spooles.

 Using up to 1 cpu(s) for the stress calculation.

 average force= 0.000323
 time avg. forc= 0.000165
 largest residual force= 0.000000 in node 3610 and dof 3
 largest increment of disp= 4.556057e-05
 largest correction to disp= 3.605764e-11 in node 4065 and dof 1

 convergence; the increment size is increased to 3.750000e-02

 the increment size exceeds the maximum allowed and is decreased to 2.500000e-02

 increment 30 attempt 1 
 increment size= 2.500000e-02
 sum of previous increments=7.250000e-01
 actual step time=7.500000e-01
 actual total time=1.750000e+00

 iteration 1

 Using up to 1 cpu(s) for the stress calculation.

 Using up to 1 cpu(s) for the symmetric stiffness/mass contributions.

 Factoring the system of equations using the symmetric spooles solver
 Using up to 1 cpu(s) for spooles.

 Using up to 1 cpu(s) for the stress calculation.

 average force= 0.000335
 time avg. forc= 0.000171
 largest residual force= 0.000000 in node 3565 and dof 1
 largest increment of disp= 4.556737e-05
 largest correction to disp= 1.321432e-07 in node 3627 and dof 1

 no convergence

 iteration 2

 Using up to 1 cpu(s) for the symmetric stiffness/mass contributions.

 Factoring the system of equations using the symmetric spooles solver
 Using up to 1 cpu(s) for spooles.

 Using up to 1 cpu(s) for the stress calculation.

 average force= 0.000335
 time avg. forc= 0.000171
 largest residual force= 0.000000 in node 3746 and dof 3
 largest increment of disp= 4.556737e-05
 largest correction to disp= 4.277284e-11 in node 3777 and dof 1

 convergence; the increment size is increased to 3.750000e-02

 the increment size exceeds the maximum allowed and is decreased to 2.500000e-02

 Using up to 1 cpu(s) for the stress calculation.

 increment 31 attempt 1 
 increment size= 2.500000e-02
 sum of previous increments=7.500000e-01
 actual step time=7.750000e-01
 actual total time=1.775000e+00

 iteration 1

 Using up to 1 cpu(s) for the stress calculation.

 Using up to 1 cpu(s) for the symmetric stiffness/mass contributions.

 Factoring the system of equations using the symmetric spooles solver
 Using up to 1 cpu(s) for spooles.

 Using up to 1 cpu(s) for the stress calculation.

 average force= 0.000346
 time avg. forc= 0.000176
 largest residual force= 0.000000 in node 3565 and dof 1
 largest increment of disp= 4.557718e-05
 largest correction to disp= 1.507928e-07 in node 4069 and dof 1

 no convergence

 iteration 2

 Using up to 1 cpu(s) for the symmetric stiffness/mass contributions.

 Factoring the system of equations using the symmetric spooles solver
 Using up to 1 cpu(s) for spooles.

 Using up to 1 cpu(s) for the stress calculation.

 average force= 0.000346
 time avg. forc= 0.000176
 largest residual force= 0.000000 in node 3768 and dof 3
 largest increment of disp= 4.557718e-05
 largest correction to disp= 5.116811e-11 in node 4065 and dof 1

 convergence; the increment size is increased to 3.750000e-02

 the increment size exceeds the maximum allowed and is decreased to 2.500000e-02

 increment 32 attempt 1 
 increment size= 2.500000e-02
 sum of previous increments=7.750000e-01
 actual step time=8.000000e-01
 actual total time=1.800000e+00

 iteration 1

 Using up to 1 cpu(s) for the stress calculation.

 Using up to 1 cpu(s) for the symmetric stiffness/mass contributions.

 Factoring the system of equations using the symmetric spooles solver
 Using up to 1 cpu(s) for spooles.

 Using up to 1 cpu(s) for the stress calculation.

 average force= 0.000358
 time avg. forc= 0.000182
 largest residual force= 0.000000 in node 3565 and dof 1
 largest increment of disp= 4.558915e-05
 largest correction to disp= 1.732744e-07 in node 4069 and dof 1

 no convergence

 iteration 2

 Using up to 1 cpu(s) for the symmetric stiffness/mass contributions.

 Factoring the system of equations using the symmetric spooles solver
 Using up to 1 cpu(s) for spooles.

 Using up to 1 cpu(s) for the stress calculation.

 average force= 0.000358
 time avg. forc= 0.000182
 largest residual force= 0.000000 in node 3560 and dof 3
 largest increment of disp= 4.558915e-05
 largest correction to disp= 6.177876e-11 in node 4065 and dof 1

 convergence; the increment size is increased to 3.750000e-02

 the increment size exceeds the maximum allowed and is decreased to 2.500000e-02

 increment 33 attempt 1 
 increment size= 2.500000e-02
 sum of previous increments=8.000000e-01
 actual step time=8.250000e-01
 actual total time=1.825000e+00

 iteration 1

 Using up to 1 cpu(s) for the stress calculation.

 Using up to 1 cpu(s) for the symmetric stiffness/mass contributions.

 Factoring the system of equations using the symmetric spooles solver
 Using up to 1 cpu(s) for spooles.

 Using up to 1 cpu(s) for the stress calculation.

 average force= 0.000369
 time avg. forc= 0.000188
 largest residual force= 0.000000 in node 3565 and dof 1
 largest increment of disp= 4.560260e-05
 largest correction to disp= 2.005870e-07 in node 4069 and dof 1

 no convergence

 iteration 2

 Using up to 1 cpu(s) for the symmetric stiffness/mass contributions.

 Factoring the system of equations using the symmetric spooles solver
 Using up to 1 cpu(s) for spooles.

 Using up to 1 cpu(s) for the stress calculation.

 average force= 0.000369
 time avg. forc= 0.000188
 largest residual force= 0.000000 in node 3738 and dof 3
 largest increment of disp= 4.560260e-05
 largest correction to disp= 7.534936e-11 in node 3777 and dof 1

 convergence; the increment size is increased to 3.750000e-02

 the increment size exceeds the maximum allowed and is decreased to 2.500000e-02

 increment 34 attempt 1 
 increment size= 2.500000e-02
 sum of previous increments=8.250000e-01
 actual step time=8.500000e-01
 actual total time=1.850000e+00

 iteration 1

 Using up to 1 cpu(s) for the stress calculation.

 Using up to 1 cpu(s) for the symmetric stiffness/mass contributions.

 Factoring the system of equations using the symmetric spooles solver
 Using up to 1 cpu(s) for spooles.

 Using up to 1 cpu(s) for the stress calculation.

 average force= 0.000381
 time avg. forc= 0.000193
 largest residual force= 0.000000 in node 3565 and dof 1
 largest increment of disp= 4.561784e-05
 largest correction to disp= 2.342028e-07 in node 3775 and dof 1

 no convergence

 iteration 2

 Using up to 1 cpu(s) for the symmetric stiffness/mass contributions.

 Factoring the system of equations using the symmetric spooles solver
 Using up to 1 cpu(s) for spooles.

 Using up to 1 cpu(s) for the stress calculation.

 average force= 0.000381
 time avg. forc= 0.000193
 largest residual force= 0.000000 in node 4042 and dof 3
 largest increment of disp= 4.561784e-05
 largest correction to disp= 9.293191e-11 in node 3777 and dof 1

 convergence; the increment size is increased to 3.750000e-02

 the increment size exceeds the maximum allowed and is decreased to 2.500000e-02

 increment 35 attempt 1 
 increment size= 2.500000e-02
 sum of previous increments=8.500000e-01
 actual step time=8.750000e-01
 actual total time=1.875000e+00

 iteration 1

 Using up to 1 cpu(s) for the stress calculation.

 Using up to 1 cpu(s) for the symmetric stiffness/mass contributions.

 Factoring the system of equations using the symmetric spooles solver
 Using up to 1 cpu(s) for spooles.

 Using up to 1 cpu(s) for the stress calculation.

 average force= 0.000392
 time avg. forc= 0.000199
 largest residual force= 0.000000 in node 3565 and dof 1
 largest increment of disp= 4.563529e-05
 largest correction to disp= 2.760157e-07 in node 4067 and dof 1

 no convergence

 iteration 2

 Using up to 1 cpu(s) for the symmetric stiffness/mass contributions.

 Factoring the system of equations using the symmetric spooles solver
 Using up to 1 cpu(s) for spooles.

 Using up to 1 cpu(s) for the stress calculation.

 average force= 0.000392
 time avg. forc= 0.000199
 largest residual force= 0.000000 in node 3886 and dof 3
 largest increment of disp= 4.563529e-05
 largest correction to disp= 1.160384e-10 in node 4065 and dof 1

 convergence; the increment size is increased to 3.750000e-02

 the increment size exceeds the maximum allowed and is decreased to 2.500000e-02

 increment 36 attempt 1 
 increment size= 2.500000e-02
 sum of previous increments=8.750000e-01
 actual step time=9.000000e-01
 actual total time=1.900000e+00

 iteration 1

 Using up to 1 cpu(s) for the stress calculation.

 Using up to 1 cpu(s) for the symmetric stiffness/mass contributions.

 Factoring the system of equations using the symmetric spooles solver
 Using up to 1 cpu(s) for spooles.

 Using up to 1 cpu(s) for the stress calculation.

 average force= 0.000404
 time avg. forc= 0.000205
 largest residual force= 0.000000 in node 3565 and dof 1
 largest increment of disp= 4.565549e-05
 largest correction to disp= 3.285803e-07 in node 3775 and dof 1

 no convergence

 iteration 2

 Using up to 1 cpu(s) for the symmetric stiffness/mass contributions.

 Factoring the system of equations using the symmetric spooles solver
 Using up to 1 cpu(s) for spooles.

 Using up to 1 cpu(s) for the stress calculation.

 average force= 0.000404
 time avg. forc= 0.000205
 largest residual force= 0.000000 in node 3756 and dof 3
 largest increment of disp= 4.565549e-05
 largest correction to disp= 1.468832e-10 in node 4065 and dof 1

 convergence; the increment size is increased to 3.750000e-02

 the increment size exceeds the maximum allowed and is decreased to 2.500000e-02

 increment 37 attempt 1 
 increment size= 2.500000e-02
 sum of previous increments=9.000000e-01
 actual step time=9.250000e-01
 actual total time=1.925000e+00

 iteration 1

 Using up to 1 cpu(s) for the stress calculation.

 Using up to 1 cpu(s) for the symmetric stiffness/mass contributions.

 Factoring the system of equations using the symmetric spooles solver
 Using up to 1 cpu(s) for spooles.

 Using up to 1 cpu(s) for the stress calculation.

 average force= 0.000416
 time avg. forc= 0.000211
 largest residual force= 0.000000 in node 3565 and dof 1
 largest increment of disp= 4.567917e-05
 largest correction to disp= 3.956034e-07 in node 4067 and dof 1

 no convergence

 iteration 2

 Using up to 1 cpu(s) for the symmetric stiffness/mass contributions.

 Factoring the system of equations using the symmetric spooles solver
 Using up to 1 cpu(s) for spooles.

 Using up to 1 cpu(s) for the stress calculation.

 average force= 0.000416
 time avg. forc= 0.000211
 largest residual force= 0.000000 in node 4054 and dof 3
 largest increment of disp= 4.567917e-05
 largest correction to disp= 1.887758e-10 in node 4065 and dof 1

 convergence; the increment size is increased to 3.750000e-02

 the increment size exceeds the maximum allowed and is decreased to 2.500000e-02

 increment 38 attempt 1 
 increment size= 2.500000e-02
 sum of previous increments=9.250000e-01
 actual step time=9.500000e-01
 actual total time=1.950000e+00

 iteration 1

 Using up to 1 cpu(s) for the stress calculation.

 Using up to 1 cpu(s) for the symmetric stiffness/mass contributions.

 Factoring the system of equations using the symmetric spooles solver
 Using up to 1 cpu(s) for spooles.

 Using up to 1 cpu(s) for the stress calculation.

 average force= 0.000427
 time avg. forc= 0.000216
 largest residual force= 0.000000 in node 3885 and dof 1
 largest increment of disp= 4.570730e-05
 largest correction to disp= 4.824406e-07 in node 4067 and dof 1

 no convergence

 iteration 2

 Using up to 1 cpu(s) for the symmetric stiffness/mass contributions.

 Factoring the system of equations using the symmetric spooles solver
 Using up to 1 cpu(s) for spooles.

 Using up to 1 cpu(s) for the stress calculation.

 average force= 0.000427
 time avg. forc= 0.000216
 largest residual force= 0.000000 in node 3876 and dof 3
 largest increment of disp= 4.570730e-05
 largest correction to disp= 2.467742e-10 in node 3777 and dof 1

 convergence; the increment size is increased to 3.750000e-02

 the increment size exceeds the maximum allowed and is decreased to 2.500000e-02

 increment 39 attempt 1 
 increment size= 2.500000e-02
 sum of previous increments=9.500000e-01
 actual step time=9.750000e-01
 actual total time=1.975000e+00

 iteration 1

 Using up to 1 cpu(s) for the stress calculation.

 Using up to 1 cpu(s) for the symmetric stiffness/mass contributions.

 Factoring the system of equations using the symmetric spooles solver
 Using up to 1 cpu(s) for spooles.

 Using up to 1 cpu(s) for the stress calculation.

 average force= 0.000439
 time avg. forc= 0.000222
 largest residual force= 0.000000 in node 3885 and dof 1
 largest increment of disp= 4.574121e-05
 largest correction to disp= 5.970192e-07 in node 3775 and dof 1

 no convergence

 iteration 2

 Using up to 1 cpu(s) for the symmetric stiffness/mass contributions.

 Factoring the system of equations using the symmetric spooles solver
 Using up to 1 cpu(s) for spooles.

 Using up to 1 cpu(s) for the stress calculation.

 average force= 0.000439
 time avg. forc= 0.000222
 largest residual force= 0.000000 in node 3565 and dof 1
 largest increment of disp= 4.574121e-05
 largest correction to disp= 3.287963e-10 in node 3777 and dof 1

 convergence; the increment size is increased to 3.750000e-02

 the increment size exceeds the maximum allowed and is decreased to 2.500000e-02

 the increment size exceeds the remainder of the step and is decreased to 2.500000e-02

 increment 40 attempt 1 
 increment size= 2.500000e-02
 sum of previous increments=9.750000e-01
 actual step time=1.000000e+00
 actual total time=2.000000e+00

 iteration 1

 Using up to 1 cpu(s) for the stress calculation.

 Using up to 1 cpu(s) for the symmetric stiffness/mass contributions.

 Factoring the system of equations using the symmetric spooles solver
 Using up to 1 cpu(s) for spooles.

 Using up to 1 cpu(s) for the stress calculation.

 average force= 0.000451
 time avg. forc= 0.000228
 largest residual force= 0.000000 in node 3885 and dof 1
 largest increment of disp= 4.578277e-05
 largest correction to disp= 7.516735e-07 in node 4065 and dof 1

 no convergence

 iteration 2

 Using up to 1 cpu(s) for the symmetric stiffness/mass contributions.

 Factoring the system of equations using the symmetric spooles solver
 Using up to 1 cpu(s) for spooles.

 Using up to 1 cpu(s) for the stress calculation.

 average force= 0.000451
 time avg. forc= 0.000228
 largest residual force= 0.000000 in node 3885 and dof 1
 largest increment of disp= 4.578277e-05
 largest correction to disp= 4.475591e-10 in node 4065 and dof 1

 convergence; the increment size is increased to 3.750000e-02

 the increment size exceeds the maximum allowed and is decreased to 2.500000e-02

 the increment size exceeds the remainder of the step and is decreased to 0.000000e+00

 Using up to 1 cpu(s) for the stress calculation.


 Job finished

________________________________________

Total CalculiX Time: 82.457261
________________________________________

=== Concluido. Arquivos de saida: ===
  on-caso-2.frd  - campos para ParaView (cgx -c)
  on-caso-2.dat  - totais RF nas tampas anteriores (curva F_z(Dz))
  on-caso-2.sta  - status de convergencia por incremento

Analise: python3 ../../../brunaStuff/analyze_on-caso-2_ccx.py
