 Container myopenfoam-fsi-run-135fd01180dd Creating 
 Container myopenfoam-fsi-run-135fd01180dd Created 
=== on-caso-2 (CCX): polyMesh -> CalculiX .inp ===
[1/5] Lendo polyMesh em ../solid/constant/polyMesh
      nodes=3493, faces=8940, cells=2736, patches=12, zones=['on', 'pia', 'dura', 'lc', 'sclera_peri', 'sclera_ring', 'globo']
[2/5] Reconstruindo conectividade C3D8 (2736 celulas)
      OK
[3/5] Escrevendo malha em on-caso-2_mesh.inp
[4/5] Escrevendo Winkler em on-caso-2_winkler.inp
[5/5] Concluido. Total: 3493 nodes, 2736 hex C3D8I.
=== on-caso-2 (CCX): solver ccx_preCICE -i on-caso-2 ===

************************************************************

CalculiX Version 2.20, Copyright(C) 1998-2022 Guido Dhondt
CalculiX comes with ABSOLUTELY NO WARRANTY. This is free
software, and you are welcome to redistribute it under
certain conditions, see gpl.htm

************************************************************

You are using an executable made on Sun Jul 31 18:08:37 CEST 2022

  The numbers below are estimated upper bounds

  number of:

   nodes:        11950
   elements:         2985
   one-dimensional elements:            0
   two-dimensional elements:            0
   integration points per element:            8
   degrees of freedom per node:            3
   layers per element:            1

   distributed facial loads:            8
   distributed volumetric loads:            0
   concentrated loads:            0
   single point constraints:         1903
   multiple point constraints:            1
   terms in all multiple point constraints:            1
   tie constraints:            0
   dependent nodes tied by cyclic constraints:            0
   dependent nodes in pre-tension constraints:            0

   sets:          282
   terms in all sets:        13402

   materials:          256
   constants per material and temperature:            2
   temperature points per material:            1
   plastic data points per material:            0

   orientations:            0
   amplitudes:            5
   data points in all amplitudes:            8
   print requests:            5
   transformations:            0
   property cards:            0

 *INFO reading *HYPERELASTIC: nonlinear geometric
       effects are turned on

 *INFO reading *HYPERELASTIC: nonlinear geometric
       effects are turned on

 *INFO reading *HYPERELASTIC: nonlinear geometric
       effects are turned on

 *INFO reading *HYPERELASTIC: nonlinear geometric
       effects are turned on

 *INFO reading *HYPERELASTIC: nonlinear geometric
       effects are turned on

 *INFO reading *HYPERELASTIC: nonlinear geometric
       effects are turned on

 *INFO reading *HYPERELASTIC: nonlinear geometric
       effects are turned on

 *INFO reading *STEP: nonlinear geometric
       effects are turned on

 *WARNING reading *STATIC: parameter not recognized:
          RIKS
 *WARNING reading *STATIC. Card image:
          *STATIC,RIKS


 STEP            1

 Static analysis was selected

 Nonlinear material laws are taken into account

 Newton-Raphson iterative procedure is active

 Nonlinear geometric effects are taken into account

 Decascading the MPC's

 Determining the structure of the matrix:
 Using up to 1 cpu(s) for setting up the structure of the matrix.
 number of equations
 34019
 number of nonzero lower triangular matrix elements
 968926

 increment 1 attempt 1 
 increment size= 2.500000e-02
 sum of previous increments=0.000000e+00
 actual step time=2.500000e-02
 actual total time=2.500000e-02

 iteration 1

 Using up to 1 cpu(s) for the stress calculation.

 Using up to 1 cpu(s) for the symmetric stiffness/mass contributions.

 Factoring the system of equations using the symmetric spooles solver
 Using up to 1 cpu(s) for spooles.

 Using up to 1 cpu(s) for the stress calculation.

 average force= 0.000032
 time avg. forc= 0.000032
 largest residual force= 0.000473 in node 1976 and dof 1
 largest increment of disp= 7.492350e-05
 largest correction to disp= 7.492350e-05 in node 2756 and dof 3

 no convergence

 iteration 2

 Using up to 1 cpu(s) for the symmetric stiffness/mass contributions.

 Factoring the system of equations using the symmetric spooles solver
 Using up to 1 cpu(s) for spooles.

 Using up to 1 cpu(s) for the stress calculation.

 average force= 0.000031
 time avg. forc= 0.000031
 largest residual force= 0.000000 in node 1765 and dof 1
 largest increment of disp= 7.492350e-05
 largest correction to disp= 1.329112e-07 in node 8144 and dof 1

 convergence

 increment 2 attempt 1 
 increment size= 2.500000e-02
 sum of previous increments=2.500000e-02
 actual step time=5.000000e-02
 actual total time=5.000000e-02

 iteration 1

 Using up to 1 cpu(s) for the stress calculation.

 Using up to 1 cpu(s) for the symmetric stiffness/mass contributions.

 Factoring the system of equations using the symmetric spooles solver
 Using up to 1 cpu(s) for spooles.

 Using up to 1 cpu(s) for the stress calculation.

 average force= 0.000063
 time avg. forc= 0.000047
 largest residual force= 0.000017 in node 1777 and dof 1
 largest increment of disp= 7.492353e-05
 largest correction to disp= 6.720010e-07 in node 8180 and dof 1

 no convergence

 iteration 2

 Using up to 1 cpu(s) for the symmetric stiffness/mass contributions.

 Factoring the system of equations using the symmetric spooles solver
 Using up to 1 cpu(s) for spooles.

 Using up to 1 cpu(s) for the stress calculation.

 average force= 0.000063
 time avg. forc= 0.000047
 largest residual force= 0.000000 in node 1783 and dof 1
 largest increment of disp= 7.492353e-05
 largest correction to disp= 6.634892e-08 in node 8195 and dof 1

 convergence; the increment size is increased to 3.750000e-02

 increment 3 attempt 1 
 increment size= 3.750000e-02
 sum of previous increments=5.000000e-02
 actual step time=8.750000e-02
 actual total time=8.750000e-02

 iteration 1

 Using up to 1 cpu(s) for the stress calculation.

 Using up to 1 cpu(s) for the symmetric stiffness/mass contributions.

 Factoring the system of equations using the symmetric spooles solver
 Using up to 1 cpu(s) for spooles.

 Using up to 1 cpu(s) for the stress calculation.

 average force= 0.000127
 time avg. forc= 0.000074
 largest residual force= 0.003116 in node 1783 and dof 1
 largest increment of disp= 1.123918e-04
 largest correction to disp= 9.335114e-06 in node 8195 and dof 1

 no convergence

 iteration 2

 Using up to 1 cpu(s) for the symmetric stiffness/mass contributions.

 Factoring the system of equations using the symmetric spooles solver
 Using up to 1 cpu(s) for spooles.

 Using up to 1 cpu(s) for the stress calculation.

 average force= 0.000119
 time avg. forc= 0.000071
 largest residual force= 0.001406 in node 1648 and dof 1
 largest increment of disp= 1.123918e-04
 largest correction to disp= 6.231481e-06 in node 7835 and dof 1

 no convergence

 iteration 3

 Using up to 1 cpu(s) for the symmetric stiffness/mass contributions.

 Factoring the system of equations using the symmetric spooles solver
 Using up to 1 cpu(s) for spooles.

 Using up to 1 cpu(s) for the stress calculation.

 average force= 0.016686
 time avg. forc= 0.005594
 largest residual force= 4.458240 in node 1783 and dof 1
 largest increment of disp= 3.504243e-04
 largest correction to disp= 3.504243e-04 in node 8195 and dof 1

 no convergence

 iteration 4

 Using up to 1 cpu(s) for the symmetric stiffness/mass contributions.

 Factoring the system of equations using the symmetric spooles solver
 Using up to 1 cpu(s) for spooles.

 Using up to 1 cpu(s) for the stress calculation.

 average force= 18.952503
 time avg. forc= 6.317532
 largest residual force= 48401.002371 in node 723 and dof 1
 largest increment of disp= 7.787291e-03
 largest correction to disp= 7.787291e-03 in node 7853 and dof 2

 divergence; the increment size is decreased to 9.375000e-03
 the increment is reattempted

 increment 3 attempt 2 
 increment size= 9.375000e-03
 sum of previous increments=5.000000e-02
 actual step time=5.937500e-02
 actual total time=5.937500e-02

 iteration 1

 Using up to 1 cpu(s) for the stress calculation.

 Using up to 1 cpu(s) for the symmetric stiffness/mass contributions.

 Factoring the system of equations using the symmetric spooles solver
 Using up to 1 cpu(s) for spooles.

 Using up to 1 cpu(s) for the stress calculation.

 average force= 0.000076
 time avg. forc= 0.000057
 largest residual force= 0.000014 in node 1783 and dof 1
 largest increment of disp= 2.809795e-05
 largest correction to disp= 6.123587e-07 in node 8177 and dof 1

 no convergence

 iteration 2

 Using up to 1 cpu(s) for the symmetric stiffness/mass contributions.

 Factoring the system of equations using the symmetric spooles solver
 Using up to 1 cpu(s) for spooles.

 Using up to 1 cpu(s) for the stress calculation.

 average force= 0.000076
 time avg. forc= 0.000057
 largest residual force= 0.000000 in node 1783 and dof 1
 largest increment of disp= 2.809795e-05
 largest correction to disp= 2.042869e-08 in node 8195 and dof 1

 convergence

 increment 4 attempt 1 
 increment size= 9.375000e-03
 sum of previous increments=5.937500e-02
 actual step time=6.875000e-02
 actual total time=6.875000e-02

 iteration 1

 Using up to 1 cpu(s) for the stress calculation.

 Using up to 1 cpu(s) for the symmetric stiffness/mass contributions.

 Factoring the system of equations using the symmetric spooles solver
 Using up to 1 cpu(s) for spooles.

 Using up to 1 cpu(s) for the stress calculation.

 average force= 0.000089
 time avg. forc= 0.000065
 largest residual force= 0.000074 in node 1783 and dof 1
 largest increment of disp= 2.810425e-05
 largest correction to disp= 1.433101e-06 in node 8198 and dof 1

 no convergence

 iteration 2

 Using up to 1 cpu(s) for the symmetric stiffness/mass contributions.

 Factoring the system of equations using the symmetric spooles solver
 Using up to 1 cpu(s) for spooles.

 Using up to 1 cpu(s) for the stress calculation.

 average force= 0.000089
 time avg. forc= 0.000065
 largest residual force= 0.000000 in node 1648 and dof 1
 largest increment of disp= 2.810425e-05
 largest correction to disp= 2.240920e-08 in node 7838 and dof 1

 convergence; the increment size is increased to 1.406250e-02

 increment 5 attempt 1 
 increment size= 1.406250e-02
 sum of previous increments=6.875000e-02
 actual step time=8.281250e-02
 actual total time=8.281250e-02

 iteration 1

 Using up to 1 cpu(s) for the stress calculation.

 Using up to 1 cpu(s) for the symmetric stiffness/mass contributions.

 Factoring the system of equations using the symmetric spooles solver
 Using up to 1 cpu(s) for spooles.

 Using up to 1 cpu(s) for the stress calculation.

 average force= 0.000392
 time avg. forc= 0.000130
 largest residual force= 0.067336 in node 1648 and dof 1
 largest increment of disp= 4.317785e-05
 largest correction to disp= 4.317785e-05 in node 7838 and dof 1

 no convergence

 iteration 2

 Using up to 1 cpu(s) for the symmetric stiffness/mass contributions.

 Factoring the system of equations using the symmetric spooles solver
 Using up to 1 cpu(s) for spooles.

 Using up to 1 cpu(s) for the stress calculation.

 average force= 0.000131
 time avg. forc= 0.000078
 largest residual force= 0.000033 in node 1648 and dof 1
 largest increment of disp= 4.317785e-05
 largest correction to disp= 2.152654e-06 in node 667 and dof 3

 no convergence

 iteration 3

 Using up to 1 cpu(s) for the symmetric stiffness/mass contributions.

 Factoring the system of equations using the symmetric spooles solver
 Using up to 1 cpu(s) for spooles.

 Using up to 1 cpu(s) for the stress calculation.

 average force= 0.000138
 time avg. forc= 0.000079
 largest residual force= 0.004259 in node 1648 and dof 1
 largest increment of disp= 4.317785e-05
 largest correction to disp= 1.085889e-05 in node 7838 and dof 1

 no convergence

 iteration 4

 Using up to 1 cpu(s) for the symmetric stiffness/mass contributions.

 Factoring the system of equations using the symmetric spooles solver
 Using up to 1 cpu(s) for spooles.

 Using up to 1 cpu(s) for the stress calculation.

 average force= 0.000125
 time avg. forc= 0.000077
 largest residual force= 0.000072 in node 1648 and dof 1
 largest increment of disp= 4.317785e-05
 largest correction to disp= 1.410142e-06 in node 7838 and dof 1

 divergence; the increment size is decreased to 3.515625e-03
 the increment is reattempted

 increment 5 attempt 2 
 increment size= 3.515625e-03
 sum of previous increments=6.875000e-02
 actual step time=7.226562e-02
 actual total time=7.226562e-02

 iteration 1

 Using up to 1 cpu(s) for the stress calculation.

 Using up to 1 cpu(s) for the symmetric stiffness/mass contributions.

 Factoring the system of equations using the symmetric spooles solver
 Using up to 1 cpu(s) for spooles.

 Using up to 1 cpu(s) for the stress calculation.

 average force= 0.000095
 time avg. forc= 0.000071
 largest residual force= 0.000047 in node 1783 and dof 1
 largest increment of disp= 1.054459e-05
 largest correction to disp= 1.138876e-06 in node 8195 and dof 1

 no convergence

 iteration 2

 Using up to 1 cpu(s) for the symmetric stiffness/mass contributions.

 Factoring the system of equations using the symmetric spooles solver
 Using up to 1 cpu(s) for spooles.

 Using up to 1 cpu(s) for the stress calculation.

 average force= 0.000095
 time avg. forc= 0.000071
 largest residual force= 0.000000 in node 1783 and dof 1
 largest increment of disp= 1.054459e-05
 largest correction to disp= 3.111821e-08 in node 8195 and dof 1

 convergence

 Using up to 1 cpu(s) for the stress calculation.

 increment 6 attempt 1 
 increment size= 3.515625e-03
 sum of previous increments=7.226562e-02
 actual step time=7.578125e-02
 actual total time=7.578125e-02

 iteration 1

 Using up to 1 cpu(s) for the stress calculation.

 Using up to 1 cpu(s) for the symmetric stiffness/mass contributions.

 Factoring the system of equations using the symmetric spooles solver
 Using up to 1 cpu(s) for spooles.

 Using up to 1 cpu(s) for the stress calculation.

 average force= 0.000101
 time avg. forc= 0.000076
 largest residual force= 0.000116 in node 1648 and dof 1
 largest increment of disp= 1.058861e-05
 largest correction to disp= 1.789148e-06 in node 7835 and dof 1

 no convergence

 iteration 2

 Using up to 1 cpu(s) for the symmetric stiffness/mass contributions.

 Factoring the system of equations using the symmetric spooles solver
 Using up to 1 cpu(s) for spooles.

 Using up to 1 cpu(s) for the stress calculation.

 average force= 0.000101
 time avg. forc= 0.000076
 largest residual force= 0.000003 in node 1783 and dof 1
 largest increment of disp= 1.058861e-05
 largest correction to disp= 2.700018e-07 in node 8195 and dof 1

 no convergence

 iteration 3

 Using up to 1 cpu(s) for the symmetric stiffness/mass contributions.

 Factoring the system of equations using the symmetric spooles solver
 Using up to 1 cpu(s) for spooles.

 Using up to 1 cpu(s) for the stress calculation.

 average force= 0.000101
 time avg. forc= 0.000076
 largest residual force= 0.000000 in node 1648 and dof 1
 largest increment of disp= 1.058861e-05
 largest correction to disp= 1.857874e-08 in node 7838 and dof 1

 convergence; the increment size is increased to 5.273438e-03

 increment 7 attempt 1 
 increment size= 5.273438e-03
 sum of previous increments=7.578125e-02
 actual step time=8.105469e-02
 actual total time=8.105469e-02

 iteration 1

 Using up to 1 cpu(s) for the stress calculation.

 Using up to 1 cpu(s) for the symmetric stiffness/mass contributions.

 Factoring the system of equations using the symmetric spooles solver
 Using up to 1 cpu(s) for spooles.

 Using up to 1 cpu(s) for the stress calculation.

 average force= 0.000114
 time avg. forc= 0.000081
 largest residual force= 0.000525 in node 1648 and dof 1
 largest increment of disp= 1.601393e-05
 largest correction to disp= 3.809612e-06 in node 7838 and dof 1

 no convergence

 iteration 2

 Using up to 1 cpu(s) for the symmetric stiffness/mass contributions.

 Factoring the system of equations using the symmetric spooles solver
 Using up to 1 cpu(s) for spooles.

 Using up to 1 cpu(s) for the stress calculation.

 average force= 0.000119
 time avg. forc= 0.000082
 largest residual force= 0.001140 in node 1648 and dof 1
 largest increment of disp= 1.601393e-05
 largest correction to disp= 5.620820e-06 in node 7838 and dof 1

 no convergence

 iteration 3

 Using up to 1 cpu(s) for the symmetric stiffness/mass contributions.

 Factoring the system of equations using the symmetric spooles solver
 Using up to 1 cpu(s) for spooles.

 Using up to 1 cpu(s) for the stress calculation.

 average force= 0.000116
 time avg. forc= 0.000082
 largest residual force= 0.000017 in node 1648 and dof 1
 largest increment of disp= 1.601393e-05
 largest correction to disp= 6.957895e-07 in node 7835 and dof 1

 no convergence

 iteration 4

 Using up to 1 cpu(s) for the symmetric stiffness/mass contributions.

 Factoring the system of equations using the symmetric spooles solver
 Using up to 1 cpu(s) for spooles.

 Using up to 1 cpu(s) for the stress calculation.

 average force= 0.000116
 time avg. forc= 0.000082
 largest residual force= 0.000010 in node 1648 and dof 1
 largest increment of disp= 1.601393e-05
 largest correction to disp= 5.246974e-07 in node 7835 and dof 1

 no convergence

 iteration 5

 Using up to 1 cpu(s) for the symmetric stiffness/mass contributions.

 Factoring the system of equations using the symmetric spooles solver
 Using up to 1 cpu(s) for spooles.

 Using up to 1 cpu(s) for the stress calculation.

 average force= 0.000116
 time avg. forc= 0.000082
 largest residual force= 0.000000 in node 1648 and dof 1
 largest increment of disp= 1.601393e-05
 largest correction to disp= 2.254653e-09 in node 7835 and dof 1

 convergence

 increment 8 attempt 1 
 increment size= 5.273438e-03
 sum of previous increments=8.105469e-02
 actual step time=8.632813e-02
 actual total time=8.632813e-02

 iteration 1

 Using up to 1 cpu(s) for the stress calculation.

 Using up to 1 cpu(s) for the symmetric stiffness/mass contributions.

 Factoring the system of equations using the symmetric spooles solver
 Using up to 1 cpu(s) for spooles.

 Using up to 1 cpu(s) for the stress calculation.

 average force= 0.000133
 time avg. forc= 0.000088
 largest residual force= 0.000017 in node 1783 and dof 1
 largest increment of disp= 1.673862e-05
 largest correction to disp= 7.146402e-07 in node 689 and dof 3

 no convergence

 iteration 2

 Using up to 1 cpu(s) for the symmetric stiffness/mass contributions.

 Factoring the system of equations using the symmetric spooles solver
 Using up to 1 cpu(s) for spooles.

 Using up to 1 cpu(s) for the stress calculation.

 average force= 0.000138
 time avg. forc= 0.000089
 largest residual force= 0.001068 in node 1783 and dof 1
 largest increment of disp= 1.673862e-05
 largest correction to disp= 5.442598e-06 in node 8198 and dof 1

 no convergence

 iteration 3

 Using up to 1 cpu(s) for the symmetric stiffness/mass contributions.

 Factoring the system of equations using the symmetric spooles solver
 Using up to 1 cpu(s) for spooles.

 Using up to 1 cpu(s) for the stress calculation.

 average force= 0.000136
 time avg. forc= 0.000088
 largest residual force= 0.000009 in node 1783 and dof 1
 largest increment of disp= 1.673862e-05
 largest correction to disp= 5.054362e-07 in node 8198 and dof 1

 no convergence

 iteration 4

 Using up to 1 cpu(s) for the symmetric stiffness/mass contributions.

 Factoring the system of equations using the symmetric spooles solver
 Using up to 1 cpu(s) for spooles.

 Using up to 1 cpu(s) for the stress calculation.

 average force= 0.000136
 time avg. forc= 0.000088
 largest residual force= 0.000001 in node 1783 and dof 1
 largest increment of disp= 1.673862e-05
 largest correction to disp= 1.768920e-07 in node 8198 and dof 1

 no convergence

 iteration 5

 Using up to 1 cpu(s) for the symmetric stiffness/mass contributions.

 Factoring the system of equations using the symmetric spooles solver
 Using up to 1 cpu(s) for spooles.

 Using up to 1 cpu(s) for the stress calculation.

 average force= 0.000136
 time avg. forc= 0.000088
 largest residual force= 0.000000 in node 1783 and dof 1
 largest increment of disp= 1.673862e-05
 largest correction to disp= 1.332974e-09 in node 8195 and dof 1

 convergence

 increment 9 attempt 1 
 increment size= 5.273438e-03
 sum of previous increments=8.632813e-02
 actual step time=9.160156e-02
 actual total time=9.160156e-02

 iteration 1

 Using up to 1 cpu(s) for the stress calculation.

 Using up to 1 cpu(s) for the symmetric stiffness/mass contributions.

 Factoring the system of equations using the symmetric spooles solver
 Using up to 1 cpu(s) for spooles.

 Using up to 1 cpu(s) for the stress calculation.

 average force= 0.000155
 time avg. forc= 0.000096
 largest residual force= 0.000023 in node 2039 and dof 1
 largest increment of disp= 2.210931e-05
 largest correction to disp= 1.123289e-06 in node 658 and dof 3

 no convergence

 iteration 2

 Using up to 1 cpu(s) for the symmetric stiffness/mass contributions.

 Factoring the system of equations using the symmetric spooles solver
 Using up to 1 cpu(s) for spooles.

 Using up to 1 cpu(s) for the stress calculation.

 average force= 0.000154
 time avg. forc= 0.000096
 largest residual force= 0.000502 in node 1648 and dof 1
 largest increment of disp= 2.210931e-05
 largest correction to disp= 3.732520e-06 in node 7835 and dof 1

 no convergence

 iteration 3

 Using up to 1 cpu(s) for the symmetric stiffness/mass contributions.

 Factoring the system of equations using the symmetric spooles solver
 Using up to 1 cpu(s) for spooles.

 Using up to 1 cpu(s) for the stress calculation.

 average force= 0.000153
 time avg. forc= 0.000096
 largest residual force= 0.000003 in node 1648 and dof 1
 largest increment of disp= 2.210931e-05
 largest correction to disp= 2.808917e-07 in node 7838 and dof 1

 no convergence

 iteration 4

 Using up to 1 cpu(s) for the symmetric stiffness/mass contributions.

 Factoring the system of equations using the symmetric spooles solver
 Using up to 1 cpu(s) for spooles.

 Using up to 1 cpu(s) for the stress calculation.

 average force= 0.000153
 time avg. forc= 0.000096
 largest residual force= 0.000000 in node 1648 and dof 1
 largest increment of disp= 2.210931e-05
 largest correction to disp= 2.818092e-08 in node 7835 and dof 1

 convergence

 increment 10 attempt 1 
 increment size= 5.273438e-03
 sum of previous increments=9.160156e-02
 actual step time=9.687500e-02
 actual total time=9.687500e-02

 iteration 1

 Using up to 1 cpu(s) for the stress calculation.

 Using up to 1 cpu(s) for the symmetric stiffness/mass contributions.

 Factoring the system of equations using the symmetric spooles solver
 Using up to 1 cpu(s) for spooles.

 Using up to 1 cpu(s) for the stress calculation.

 average force= 0.000170
 time avg. forc= 0.000103
 largest residual force= 0.000240 in node 2039 and dof 1
 largest increment of disp= 1.742566e-05
 largest correction to disp= 2.041192e-06 in node 8726 and dof 1

 no convergence

 iteration 2

 Using up to 1 cpu(s) for the symmetric stiffness/mass contributions.

 Factoring the system of equations using the symmetric spooles solver
 Using up to 1 cpu(s) for spooles.

 Using up to 1 cpu(s) for the stress calculation.

 average force= 0.000169
 time avg. forc= 0.000103
 largest residual force= 0.000180 in node 1648 and dof 1
 largest increment of disp= 1.742566e-05
 largest correction to disp= 2.236649e-06 in node 7835 and dof 1

 no convergence

 iteration 3

 Using up to 1 cpu(s) for the symmetric stiffness/mass contributions.

 Factoring the system of equations using the symmetric spooles solver
 Using up to 1 cpu(s) for spooles.

 Using up to 1 cpu(s) for the stress calculation.

 average force= 0.000169
 time avg. forc= 0.000103
 largest residual force= 0.000000 in node 1648 and dof 1
 largest increment of disp= 1.742566e-05
 largest correction to disp= 9.235092e-08 in node 7835 and dof 1

 convergence; the increment size is increased to 7.910156e-03

 Using up to 1 cpu(s) for the stress calculation.

 increment 11 attempt 1 
 increment size= 7.910156e-03
 sum of previous increments=9.687500e-02
 actual step time=1.047852e-01
 actual total time=1.047852e-01

 iteration 1

 Using up to 1 cpu(s) for the stress calculation.

 Using up to 1 cpu(s) for the symmetric stiffness/mass contributions.

 Factoring the system of equations using the symmetric spooles solver
 Using up to 1 cpu(s) for spooles.

 Using up to 1 cpu(s) for the stress calculation.

 average force= 0.000242
 time avg. forc= 0.000116
 largest residual force= 0.009009 in node 2039 and dof 1
 largest increment of disp= 2.459844e-05
 largest correction to disp= 1.251572e-05 in node 8732 and dof 1

 no convergence

 iteration 2

 Using up to 1 cpu(s) for the symmetric stiffness/mass contributions.

 Factoring the system of equations using the symmetric spooles solver
 Using up to 1 cpu(s) for spooles.

 Using up to 1 cpu(s) for the stress calculation.

 average force= 0.000206
 time avg. forc= 0.000112
 largest residual force= 0.000450 in node 2060 and dof 1
 largest increment of disp= 2.459844e-05
 largest correction to disp= 2.791550e-06 in node 8726 and dof 1

 no convergence

 iteration 3

 Using up to 1 cpu(s) for the symmetric stiffness/mass contributions.

 Factoring the system of equations using the symmetric spooles solver
 Using up to 1 cpu(s) for spooles.

 Using up to 1 cpu(s) for the stress calculation.

 average force= 0.000364
 time avg. forc= 0.000127
 largest residual force= 0.023493 in node 2039 and dof 1
 largest increment of disp= 2.459844e-05
 largest correction to disp= 2.021642e-05 in node 8732 and dof 1

 no convergence

 iteration 4

 Using up to 1 cpu(s) for the symmetric stiffness/mass contributions.

 Factoring the system of equations using the symmetric spooles solver
 Using up to 1 cpu(s) for spooles.

 Using up to 1 cpu(s) for the stress calculation.

 average force= 0.000226
 time avg. forc= 0.000114
 largest residual force= 0.000024 in node 2039 and dof 1
 largest increment of disp= 2.459844e-05
 largest correction to disp= 6.118460e-07 in node 8732 and dof 1

 no convergence

 iteration 5

 Using up to 1 cpu(s) for the symmetric stiffness/mass contributions.

 Factoring the system of equations using the symmetric spooles solver
 Using up to 1 cpu(s) for spooles.

 Using up to 1 cpu(s) for the stress calculation.

 average force= 0.000223
 time avg. forc= 0.000114
 largest residual force= 0.001002 in node 2060 and dof 1
 largest increment of disp= 2.459844e-05
 largest correction to disp= 4.166142e-06 in node 8732 and dof 1

 no convergence

 iteration 6

 Using up to 1 cpu(s) for the symmetric stiffness/mass contributions.

 Factoring the system of equations using the symmetric spooles solver
 Using up to 1 cpu(s) for spooles.

 Using up to 1 cpu(s) for the stress calculation.

 average force= 0.000221
 time avg. forc= 0.000114
 largest residual force= 0.000010 in node 2039 and dof 1
 largest increment of disp= 2.459844e-05
 largest correction to disp= 4.167284e-07 in node 8726 and dof 1

 no convergence

 iteration 7

 Using up to 1 cpu(s) for the symmetric stiffness/mass contributions.

 Factoring the system of equations using the symmetric spooles solver
 Using up to 1 cpu(s) for spooles.

 Using up to 1 cpu(s) for the stress calculation.

 average force= 0.000220
 time avg. forc= 0.000114
 largest residual force= 0.000001 in node 2060 and dof 1
 largest increment of disp= 2.459844e-05
 largest correction to disp= 1.550343e-07 in node 8732 and dof 1

 no convergence

 iteration 8

 Using up to 1 cpu(s) for the symmetric stiffness/mass contributions.

 Factoring the system of equations using the symmetric spooles solver
 Using up to 1 cpu(s) for spooles.

 Using up to 1 cpu(s) for the stress calculation.

 average force= 0.000220
 time avg. forc= 0.000114
 largest residual force= 0.000000 in node 2060 and dof 1
 largest increment of disp= 2.459844e-05
 largest correction to disp= 1.260831e-09 in node 8732 and dof 1

 convergence

 increment 12 attempt 1 
 increment size= 7.910156e-03
 sum of previous increments=1.047852e-01
 actual step time=1.126953e-01
 actual total time=1.126953e-01

 iteration 1

 Using up to 1 cpu(s) for the stress calculation.

 Using up to 1 cpu(s) for the symmetric stiffness/mass contributions.

 Factoring the system of equations using the symmetric spooles solver
 Using up to 1 cpu(s) for spooles.

 Using up to 1 cpu(s) for the stress calculation.

 average force= 0.000290
 time avg. forc= 0.000128
 largest residual force= 0.000116 in node 2039 and dof 1
 largest increment of disp= 3.524792e-05
 largest correction to disp= 3.314620e-06 in node 5256 and dof 1

 no convergence

 iteration 2

 Using up to 1 cpu(s) for the symmetric stiffness/mass contributions.

 Factoring the system of equations using the symmetric spooles solver
 Using up to 1 cpu(s) for spooles.

 Using up to 1 cpu(s) for the stress calculation.

 average force= 0.000294
 time avg. forc= 0.000129
 largest residual force= 0.000616 in node 2459 and dof 1
 largest increment of disp= 3.524792e-05
 largest correction to disp= 3.278651e-06 in node 9482 and dof 1

 no convergence

 iteration 3

 Using up to 1 cpu(s) for the symmetric stiffness/mass contributions.

 Factoring the system of equations using the symmetric spooles solver
 Using up to 1 cpu(s) for spooles.

 Using up to 1 cpu(s) for the stress calculation.

 average force= 0.000293
 time avg. forc= 0.000129
 largest residual force= 0.000000 in node 2459 and dof 1
 largest increment of disp= 3.524792e-05
 largest correction to disp= 1.294990e-07 in node 9446 and dof 1

 convergence

 increment 13 attempt 1 
 increment size= 7.910156e-03
 sum of previous increments=1.126953e-01
 actual step time=1.206055e-01
 actual total time=1.206055e-01

 iteration 1

 Using up to 1 cpu(s) for the stress calculation.

 Using up to 1 cpu(s) for the symmetric stiffness/mass contributions.

 Factoring the system of equations using the symmetric spooles solver
 Using up to 1 cpu(s) for spooles.

 Using up to 1 cpu(s) for the stress calculation.

 average force= 0.000366
 time avg. forc= 0.000147
 largest residual force= 0.000227 in node 2039 and dof 1
 largest increment of disp= 3.827228e-05
 largest correction to disp= 4.448442e-06 in node 5256 and dof 1

 no convergence

 iteration 2

 Using up to 1 cpu(s) for the symmetric stiffness/mass contributions.

 Factoring the system of equations using the symmetric spooles solver
 Using up to 1 cpu(s) for spooles.

 Using up to 1 cpu(s) for the stress calculation.

 average force= 0.000365
 time avg. forc= 0.000147
 largest residual force= 0.005476 in node 2060 and dof 1
 largest increment of disp= 3.827228e-05
 largest correction to disp= 9.698208e-06 in node 8726 and dof 1

 no convergence

 iteration 3

 Using up to 1 cpu(s) for the symmetric stiffness/mass contributions.

 Factoring the system of equations using the symmetric spooles solver
 Using up to 1 cpu(s) for spooles.

 Using up to 1 cpu(s) for the stress calculation.

 average force= 0.000349
 time avg. forc= 0.000146
 largest residual force= 0.000067 in node 2060 and dof 1
 largest increment of disp= 3.827228e-05
 largest correction to disp= 1.081100e-06 in node 8732 and dof 1

 no convergence

 iteration 4

 Using up to 1 cpu(s) for the symmetric stiffness/mass contributions.

 Factoring the system of equations using the symmetric spooles solver
 Using up to 1 cpu(s) for spooles.

 Using up to 1 cpu(s) for the stress calculation.

 average force= 0.000348
 time avg. forc= 0.000146
 largest residual force= 0.000010 in node 2060 and dof 1
 largest increment of disp= 3.827228e-05
 largest correction to disp= 4.052099e-07 in node 8768 and dof 1

 no convergence

 iteration 5

 Using up to 1 cpu(s) for the symmetric stiffness/mass contributions.

 Factoring the system of equations using the symmetric spooles solver
 Using up to 1 cpu(s) for spooles.

 Using up to 1 cpu(s) for the stress calculation.

 average force= 0.000348
 time avg. forc= 0.000146
 largest residual force= 0.000000 in node 2060 and dof 1
 largest increment of disp= 3.827228e-05
 largest correction to disp= 3.977621e-09 in node 8732 and dof 1

 convergence

 increment 14 attempt 1 
 increment size= 7.910156e-03
 sum of previous increments=1.206055e-01
 actual step time=1.285156e-01
 actual total time=1.285156e-01

 iteration 1

 Using up to 1 cpu(s) for the stress calculation.

 Using up to 1 cpu(s) for the symmetric stiffness/mass contributions.

 Factoring the system of equations using the symmetric spooles solver
 Using up to 1 cpu(s) for spooles.

 Using up to 1 cpu(s) for the stress calculation.

 average force= 0.000400
 time avg. forc= 0.000164
 largest residual force= 0.000106 in node 2039 and dof 1
 largest increment of disp= 2.586393e-05
 largest correction to disp= 4.635315e-06 in node 5256 and dof 1

 no convergence

 iteration 2

 Using up to 1 cpu(s) for the symmetric stiffness/mass contributions.

 Factoring the system of equations using the symmetric spooles solver
 Using up to 1 cpu(s) for spooles.

 Using up to 1 cpu(s) for the stress calculation.

 average force= 0.000394
 time avg. forc= 0.000163
 largest residual force= 0.000898 in node 2060 and dof 1
 largest increment of disp= 2.586393e-05
 largest correction to disp= 3.935563e-06 in node 8762 and dof 1

 no convergence

 iteration 3

 Using up to 1 cpu(s) for the symmetric stiffness/mass contributions.

 Factoring the system of equations using the symmetric spooles solver
 Using up to 1 cpu(s) for spooles.

 Using up to 1 cpu(s) for the stress calculation.

 average force= 0.000394
 time avg. forc= 0.000163
 largest residual force= 0.000002 in node 2060 and dof 1
 largest increment of disp= 2.586393e-05
 largest correction to disp= 1.876435e-07 in node 8726 and dof 1

 no convergence

 iteration 4

 Using up to 1 cpu(s) for the symmetric stiffness/mass contributions.

 Factoring the system of equations using the symmetric spooles solver
 Using up to 1 cpu(s) for spooles.

 Using up to 1 cpu(s) for the stress calculation.

 average force= 0.000394
 time avg. forc= 0.000163
 largest residual force= 0.000000 in node 2060 and dof 1
 largest increment of disp= 2.586393e-05
 largest correction to disp= 8.349137e-09 in node 8768 and dof 1

 convergence

 increment 15 attempt 1 
 increment size= 7.910156e-03
 sum of previous increments=1.285156e-01
 actual step time=1.364258e-01
 actual total time=1.364258e-01

 iteration 1

 Using up to 1 cpu(s) for the stress calculation.

 Using up to 1 cpu(s) for the symmetric stiffness/mass contributions.

 Factoring the system of equations using the symmetric spooles solver
 Using up to 1 cpu(s) for spooles.

 Using up to 1 cpu(s) for the stress calculation.

 average force= 0.000437
 time avg. forc= 0.000181
 largest residual force= 0.000076 in node 2039 and dof 1
 largest increment of disp= 2.441590e-05
 largest correction to disp= 2.598825e-06 in node 6756 and dof 1

 no convergence

 iteration 2

 Using up to 1 cpu(s) for the symmetric stiffness/mass contributions.

 Factoring the system of equations using the symmetric spooles solver
 Using up to 1 cpu(s) for spooles.

 Using up to 1 cpu(s) for the stress calculation.

 average force= 0.000434
 time avg. forc= 0.000181
 largest residual force= 0.000219 in node 2060 and dof 1
 largest increment of disp= 2.441590e-05
 largest correction to disp= 1.948271e-06 in node 8768 and dof 1

 no convergence

 iteration 3

 Using up to 1 cpu(s) for the symmetric stiffness/mass contributions.

 Factoring the system of equations using the symmetric spooles solver
 Using up to 1 cpu(s) for spooles.

 Using up to 1 cpu(s) for the stress calculation.

 average force= 0.000434
 time avg. forc= 0.000181
 largest residual force= 0.000000 in node 2459 and dof 1
 largest increment of disp= 2.441590e-05
 largest correction to disp= 4.224915e-08 in node 9488 and dof 1

 convergence; the increment size is increased to 1.186523e-02

 Using up to 1 cpu(s) for the stress calculation.

 increment 16 attempt 1 
 increment size= 1.186523e-02
 sum of previous increments=1.364258e-01
 actual step time=1.482910e-01
 actual total time=1.482910e-01

 iteration 1

 Using up to 1 cpu(s) for the stress calculation.

 Using up to 1 cpu(s) for the symmetric stiffness/mass contributions.

 Factoring the system of equations using the symmetric spooles solver
 Using up to 1 cpu(s) for spooles.

 Using up to 1 cpu(s) for the stress calculation.

 average force= 0.000490
 time avg. forc= 0.000201
 largest residual force= 0.000108 in node 2039 and dof 1
 largest increment of disp= 3.643075e-05
 largest correction to disp= 1.240807e-06 in node 8696 and dof 1

 no convergence

 iteration 2

 Using up to 1 cpu(s) for the symmetric stiffness/mass contributions.

 Factoring the system of equations using the symmetric spooles solver
 Using up to 1 cpu(s) for spooles.

 Using up to 1 cpu(s) for the stress calculation.

 average force= 0.000486
 time avg. forc= 0.000200
 largest residual force= 0.000316 in node 2630 and dof 2
 largest increment of disp= 3.643075e-05
 largest correction to disp= 2.348508e-06 in node 9842 and dof 2

 no convergence

 iteration 3

 Using up to 1 cpu(s) for the symmetric stiffness/mass contributions.

 Factoring the system of equations using the symmetric spooles solver
 Using up to 1 cpu(s) for spooles.

 Using up to 1 cpu(s) for the stress calculation.

 average force= 0.000486
 time avg. forc= 0.000200
 largest residual force= 0.000000 in node 2459 and dof 1
 largest increment of disp= 3.643075e-05
 largest correction to disp= 5.329303e-08 in node 9482 and dof 1

 convergence; the increment size is increased to 1.779785e-02

 increment 17 attempt 1 
 increment size= 1.779785e-02
 sum of previous increments=1.482910e-01
 actual step time=1.660889e-01
 actual total time=1.660889e-01

 iteration 1

 Using up to 1 cpu(s) for the stress calculation.

 Using up to 1 cpu(s) for the symmetric stiffness/mass contributions.

 Factoring the system of equations using the symmetric spooles solver
 Using up to 1 cpu(s) for spooles.

 Using up to 1 cpu(s) for the stress calculation.

 average force= 0.000561
 time avg. forc= 0.000222
 largest residual force= 0.000193 in node 2039 and dof 1
 largest increment of disp= 5.457384e-05
 largest correction to disp= 4.227936e-06 in node 5244 and dof 1

 no convergence

 iteration 2

 Using up to 1 cpu(s) for the symmetric stiffness/mass contributions.

 Factoring the system of equations using the symmetric spooles solver
 Using up to 1 cpu(s) for spooles.

 Using up to 1 cpu(s) for the stress calculation.

 average force= 0.000555
 time avg. forc= 0.000221
 largest residual force= 0.000726 in node 2459 and dof 1
 largest increment of disp= 5.457384e-05
 largest correction to disp= 4.295511e-06 in node 5316 and dof 1

 no convergence

 iteration 3

 Using up to 1 cpu(s) for the symmetric stiffness/mass contributions.

 Factoring the system of equations using the symmetric spooles solver
 Using up to 1 cpu(s) for spooles.

 Using up to 1 cpu(s) for the stress calculation.

 average force= 0.000555
 time avg. forc= 0.000221
 largest residual force= 0.000000 in node 2459 and dof 1
 largest increment of disp= 5.457384e-05
 largest correction to disp= 1.328847e-07 in node 5256 and dof 1

 convergence; the increment size is increased to 2.669678e-02

 increment 18 attempt 1 
 increment size= 2.669678e-02
 sum of previous increments=1.660889e-01
 actual step time=1.927856e-01
 actual total time=1.927856e-01

 iteration 1

 Using up to 1 cpu(s) for the stress calculation.

 Using up to 1 cpu(s) for the symmetric stiffness/mass contributions.

 Factoring the system of equations using the symmetric spooles solver
 Using up to 1 cpu(s) for spooles.

 Using up to 1 cpu(s) for the stress calculation.

 average force= 0.000651
 time avg. forc= 0.000245
 largest residual force= 0.000357 in node 2039 and dof 1
 largest increment of disp= 8.174961e-05
 largest correction to disp= 6.456969e-06 in node 5184 and dof 1

 no convergence

 iteration 2

 Using up to 1 cpu(s) for the symmetric stiffness/mass contributions.

 Factoring the system of equations using the symmetric spooles solver
 Using up to 1 cpu(s) for spooles.

 Using up to 1 cpu(s) for the stress calculation.

 average force= 0.000643
 time avg. forc= 0.000245
 largest residual force= 0.001444 in node 2459 and dof 1
 largest increment of disp= 8.174961e-05
 largest correction to disp= 7.519615e-06 in node 5316 and dof 1

 no convergence

 iteration 3

 Using up to 1 cpu(s) for the symmetric stiffness/mass contributions.

 Factoring the system of equations using the symmetric spooles solver
 Using up to 1 cpu(s) for spooles.

 Using up to 1 cpu(s) for the stress calculation.

 average force= 0.000642
 time avg. forc= 0.000245
 largest residual force= 0.000002 in node 2459 and dof 1
 largest increment of disp= 8.174961e-05
 largest correction to disp= 3.810541e-07 in node 5256 and dof 1

 no convergence

 iteration 4

 Using up to 1 cpu(s) for the symmetric stiffness/mass contributions.

 Factoring the system of equations using the symmetric spooles solver
 Using up to 1 cpu(s) for spooles.

 Using up to 1 cpu(s) for the stress calculation.

 average force= 0.000642
 time avg. forc= 0.000245
 largest residual force= 0.000000 in node 2459 and dof 1
 largest increment of disp= 8.174961e-05
 largest correction to disp= 5.193504e-09 in node 6696 and dof 1

 convergence; the increment size is increased to 4.004517e-02

 increment 19 attempt 1 
 increment size= 4.004517e-02
 sum of previous increments=1.927856e-01
 actual step time=2.328308e-01
 actual total time=2.328308e-01

 iteration 1

 Using up to 1 cpu(s) for the stress calculation.

 Using up to 1 cpu(s) for the symmetric stiffness/mass contributions.

 Factoring the system of equations using the symmetric spooles solver
 Using up to 1 cpu(s) for spooles.

 Using up to 1 cpu(s) for the stress calculation.

 average force= 0.000765
 time avg. forc= 0.000272
 largest residual force= 0.000733 in node 2038 and dof 3
 largest increment of disp= 1.223228e-04
 largest correction to disp= 7.666866e-06 in node 5976 and dof 2

 no convergence

 iteration 2

 Using up to 1 cpu(s) for the symmetric stiffness/mass contributions.

 Factoring the system of equations using the symmetric spooles solver
 Using up to 1 cpu(s) for spooles.

 Using up to 1 cpu(s) for the stress calculation.

 average force= 0.000755
 time avg. forc= 0.000271
 largest residual force= 0.002569 in node 2459 and dof 1
 largest increment of disp= 1.223228e-04
 largest correction to disp= 8.895836e-06 in node 7416 and dof 2

 no convergence

 iteration 3

 Using up to 1 cpu(s) for the symmetric stiffness/mass contributions.

 Factoring the system of equations using the symmetric spooles solver
 Using up to 1 cpu(s) for spooles.

 Using up to 1 cpu(s) for the stress calculation.

 average force= 0.000753
 time avg. forc= 0.000271
 largest residual force= 0.000005 in node 2459 and dof 1
 largest increment of disp= 1.223228e-04
 largest correction to disp= 5.178931e-07 in node 6756 and dof 1

 no convergence

 iteration 4

 Using up to 1 cpu(s) for the symmetric stiffness/mass contributions.

 Factoring the system of equations using the symmetric spooles solver
 Using up to 1 cpu(s) for spooles.

 Using up to 1 cpu(s) for the stress calculation.

 average force= 0.000753
 time avg. forc= 0.000271
 largest residual force= 0.000000 in node 2459 and dof 1
 largest increment of disp= 1.223228e-04
 largest correction to disp= 9.122563e-09 in node 6696 and dof 1

 convergence; the increment size is increased to 6.006775e-02

 the increment size exceeds the maximum allowed and is decreased to 5.000000e-02

 increment 20 attempt 1 
 increment size= 5.000000e-02
 sum of previous increments=2.328308e-01
 actual step time=2.828308e-01
 actual total time=2.828308e-01

 iteration 1

 Using up to 1 cpu(s) for the stress calculation.

 Using up to 1 cpu(s) for the symmetric stiffness/mass contributions.

 Factoring the system of equations using the symmetric spooles solver
 Using up to 1 cpu(s) for spooles.

 Using up to 1 cpu(s) for the stress calculation.

 average force= 0.000884
 time avg. forc= 0.000302
 largest residual force= 0.001009 in node 2038 and dof 3
 largest increment of disp= 1.523840e-04
 largest correction to disp= 7.517376e-06 in node 5235 and dof 1

 no convergence

 iteration 2

 Using up to 1 cpu(s) for the symmetric stiffness/mass contributions.

 Factoring the system of equations using the symmetric spooles solver
 Using up to 1 cpu(s) for spooles.

 Using up to 1 cpu(s) for the stress calculation.

 average force= 0.000874
 time avg. forc= 0.000301
 largest residual force= 0.002350 in node 2459 and dof 1
 largest increment of disp= 1.523840e-04
 largest correction to disp= 7.852873e-06 in node 6711 and dof 1

 no convergence

 iteration 3

 Using up to 1 cpu(s) for the symmetric stiffness/mass contributions.

 Factoring the system of equations using the symmetric spooles solver
 Using up to 1 cpu(s) for spooles.

 Using up to 1 cpu(s) for the stress calculation.

 average force= 0.000872
 time avg. forc= 0.000301
 largest residual force= 0.000003 in node 2459 and dof 1
 largest increment of disp= 1.523840e-04
 largest correction to disp= 3.420806e-07 in node 7419 and dof 2

 no convergence

 iteration 4

 Using up to 1 cpu(s) for the symmetric stiffness/mass contributions.

 Factoring the system of equations using the symmetric spooles solver
 Using up to 1 cpu(s) for spooles.

 Using up to 1 cpu(s) for the stress calculation.

 average force= 0.000872
 time avg. forc= 0.000301
 largest residual force= 0.000000 in node 2459 and dof 1
 largest increment of disp= 1.523840e-04
 largest correction to disp= 5.475840e-09 in node 9488 and dof 1

 convergence; the increment size is increased to 7.500000e-02

 the increment size exceeds the maximum allowed and is decreased to 5.000000e-02

 Using up to 1 cpu(s) for the stress calculation.

 increment 21 attempt 1 
 increment size= 5.000000e-02
 sum of previous increments=2.828308e-01
 actual step time=3.328308e-01
 actual total time=3.328308e-01

 iteration 1

 Using up to 1 cpu(s) for the stress calculation.

 Using up to 1 cpu(s) for the symmetric stiffness/mass contributions.

 Factoring the system of equations using the symmetric spooles solver
 Using up to 1 cpu(s) for spooles.

 Using up to 1 cpu(s) for the stress calculation.

 average force= 0.000985
 time avg. forc= 0.000334
 largest residual force= 0.000772 in node 2038 and dof 3
 largest increment of disp= 1.521128e-04
 largest correction to disp= 6.547729e-06 in node 5367 and dof 1

 no convergence

 iteration 2

 Using up to 1 cpu(s) for the symmetric stiffness/mass contributions.

 Factoring the system of equations using the symmetric spooles solver
 Using up to 1 cpu(s) for spooles.

 Using up to 1 cpu(s) for the stress calculation.

 average force= 0.000978
 time avg. forc= 0.000334
 largest residual force= 0.000890 in node 2459 and dof 1
 largest increment of disp= 1.521128e-04
 largest correction to disp= 4.667420e-06 in node 2387 and dof 3

 no convergence

 iteration 3

 Using up to 1 cpu(s) for the symmetric stiffness/mass contributions.

 Factoring the system of equations using the symmetric spooles solver
 Using up to 1 cpu(s) for spooles.

 Using up to 1 cpu(s) for the stress calculation.

 average force= 0.000977
 time avg. forc= 0.000334
 largest residual force= 0.000000 in node 2459 and dof 1
 largest increment of disp= 1.521128e-04
 largest correction to disp= 9.735776e-08 in node 6039 and dof 2

 convergence; the increment size is increased to 7.500000e-02

 the increment size exceeds the maximum allowed and is decreased to 5.000000e-02

 increment 22 attempt 1 
 increment size= 5.000000e-02
 sum of previous increments=3.328308e-01
 actual step time=3.828308e-01
 actual total time=3.828308e-01

 iteration 1

 Using up to 1 cpu(s) for the stress calculation.

 Using up to 1 cpu(s) for the symmetric stiffness/mass contributions.

 Factoring the system of equations using the symmetric spooles solver
 Using up to 1 cpu(s) for spooles.

 Using up to 1 cpu(s) for the stress calculation.

 average force= 0.001078
 time avg. forc= 0.000367
 largest residual force= 0.000532 in node 2038 and dof 3
 largest increment of disp= 1.519192e-04
 largest correction to disp= 5.112443e-06 in node 5355 and dof 1

 no convergence

 iteration 2

 Using up to 1 cpu(s) for the symmetric stiffness/mass contributions.

 Factoring the system of equations using the symmetric spooles solver
 Using up to 1 cpu(s) for spooles.

 Using up to 1 cpu(s) for the stress calculation.

 average force= 0.001074
 time avg. forc= 0.000367
 largest residual force= 0.000297 in node 2459 and dof 1
 largest increment of disp= 1.519192e-04
 largest correction to disp= 3.060218e-06 in node 2387 and dof 3

 no convergence

 iteration 3

 Using up to 1 cpu(s) for the symmetric stiffness/mass contributions.

 Factoring the system of equations using the symmetric spooles solver
 Using up to 1 cpu(s) for spooles.

 Using up to 1 cpu(s) for the stress calculation.

 average force= 0.001074
 time avg. forc= 0.000367
 largest residual force= 0.000000 in node 2459 and dof 1
 largest increment of disp= 1.519192e-04
 largest correction to disp= 2.626755e-08 in node 6762 and dof 1

 convergence; the increment size is increased to 7.500000e-02

 the increment size exceeds the maximum allowed and is decreased to 5.000000e-02

 increment 23 attempt 1 
 increment size= 5.000000e-02
 sum of previous increments=3.828308e-01
 actual step time=4.328308e-01
 actual total time=4.328308e-01

 iteration 1

 Using up to 1 cpu(s) for the stress calculation.

 Using up to 1 cpu(s) for the symmetric stiffness/mass contributions.

 Factoring the system of equations using the symmetric spooles solver
 Using up to 1 cpu(s) for spooles.

 Using up to 1 cpu(s) for the stress calculation.

 average force= 0.001166
 time avg. forc= 0.000402
 largest residual force= 0.000387 in node 2038 and dof 3
 largest increment of disp= 1.517866e-04
 largest correction to disp= 3.806675e-06 in node 5358 and dof 1

 no convergence

 iteration 2

 Using up to 1 cpu(s) for the symmetric stiffness/mass contributions.

 Factoring the system of equations using the symmetric spooles solver
 Using up to 1 cpu(s) for spooles.

 Using up to 1 cpu(s) for the stress calculation.

 average force= 0.001163
 time avg. forc= 0.000402
 largest residual force= 0.000116 in node 2459 and dof 1
 largest increment of disp= 1.517866e-04
 largest correction to disp= 2.127883e-06 in node 2387 and dof 3

 no convergence

 iteration 3

 Using up to 1 cpu(s) for the symmetric stiffness/mass contributions.

 Factoring the system of equations using the symmetric spooles solver
 Using up to 1 cpu(s) for spooles.

 Using up to 1 cpu(s) for the stress calculation.

 average force= 0.001163
 time avg. forc= 0.000402
 largest residual force= 0.000000 in node 2459 and dof 1
 largest increment of disp= 1.517866e-04
 largest correction to disp= 1.145579e-08 in node 6714 and dof 1

 convergence; the increment size is increased to 7.500000e-02

 the increment size exceeds the maximum allowed and is decreased to 5.000000e-02

 increment 24 attempt 1 
 increment size= 5.000000e-02
 sum of previous increments=4.328308e-01
 actual step time=4.828308e-01
 actual total time=4.828308e-01

 iteration 1

 Using up to 1 cpu(s) for the stress calculation.

 Using up to 1 cpu(s) for the symmetric stiffness/mass contributions.

 Factoring the system of equations using the symmetric spooles solver
 Using up to 1 cpu(s) for spooles.

 Using up to 1 cpu(s) for the stress calculation.

 average force= 0.001248
 time avg. forc= 0.000437
 largest residual force= 0.000292 in node 2038 and dof 3
 largest increment of disp= 1.516938e-04
 largest correction to disp= 3.088978e-06 in node 5298 and dof 1

 no convergence

 iteration 2

 Using up to 1 cpu(s) for the symmetric stiffness/mass contributions.

 Factoring the system of equations using the symmetric spooles solver
 Using up to 1 cpu(s) for spooles.

 Using up to 1 cpu(s) for the stress calculation.

 average force= 0.001246
 time avg. forc= 0.000437
 largest residual force= 0.000051 in node 2459 and dof 1
 largest increment of disp= 1.516938e-04
 largest correction to disp= 1.548374e-06 in node 2387 and dof 3

 no convergence

 iteration 3

 Using up to 1 cpu(s) for the symmetric stiffness/mass contributions.

 Factoring the system of equations using the symmetric spooles solver
 Using up to 1 cpu(s) for spooles.

 Using up to 1 cpu(s) for the stress calculation.

 average force= 0.001246
 time avg. forc= 0.000437
 largest residual force= 0.000000 in node 2459 and dof 1
 largest increment of disp= 1.516938e-04
 largest correction to disp= 5.775453e-09 in node 6728 and dof 1

 convergence; the increment size is increased to 7.500000e-02

 the increment size exceeds the maximum allowed and is decreased to 5.000000e-02

 increment 25 attempt 1 
 increment size= 5.000000e-02
 sum of previous increments=4.828308e-01
 actual step time=5.328308e-01
 actual total time=5.328308e-01

 iteration 1

 Using up to 1 cpu(s) for the stress calculation.

 Using up to 1 cpu(s) for the symmetric stiffness/mass contributions.

 Factoring the system of equations using the symmetric spooles solver
 Using up to 1 cpu(s) for spooles.

 Using up to 1 cpu(s) for the stress calculation.

 average force= 0.001327
 time avg. forc= 0.000473
 largest residual force= 0.000226 in node 2038 and dof 3
 largest increment of disp= 1.516256e-04
 largest correction to disp= 2.855368e-06 in node 5286 and dof 1

 no convergence

 iteration 2

 Using up to 1 cpu(s) for the symmetric stiffness/mass contributions.

 Factoring the system of equations using the symmetric spooles solver
 Using up to 1 cpu(s) for spooles.

 Using up to 1 cpu(s) for the stress calculation.

 average force= 0.001325
 time avg. forc= 0.000473
 largest residual force= 0.000025 in node 2459 and dof 1
 largest increment of disp= 1.516256e-04
 largest correction to disp= 1.167316e-06 in node 2387 and dof 3

 no convergence

 iteration 3

 Using up to 1 cpu(s) for the symmetric stiffness/mass contributions.

 Factoring the system of equations using the symmetric spooles solver
 Using up to 1 cpu(s) for spooles.

 Using up to 1 cpu(s) for the stress calculation.

 average force= 0.001325
 time avg. forc= 0.000473
 largest residual force= 0.000000 in node 2459 and dof 1
 largest increment of disp= 1.516256e-04
 largest correction to disp= 3.137949e-09 in node 6728 and dof 1

 convergence; the increment size is increased to 7.500000e-02

 the increment size exceeds the maximum allowed and is decreased to 5.000000e-02

 Using up to 1 cpu(s) for the stress calculation.

 increment 26 attempt 1 
 increment size= 5.000000e-02
 sum of previous increments=5.328308e-01
 actual step time=5.828308e-01
 actual total time=5.828308e-01

 iteration 1

 Using up to 1 cpu(s) for the stress calculation.

 Using up to 1 cpu(s) for the symmetric stiffness/mass contributions.

 Factoring the system of equations using the symmetric spooles solver
 Using up to 1 cpu(s) for spooles.

 Using up to 1 cpu(s) for the stress calculation.

 average force= 0.001402
 time avg. forc= 0.000508
 largest residual force= 0.000179 in node 2038 and dof 3
 largest increment of disp= 1.515712e-04
 largest correction to disp= 2.494965e-06 in node 6726 and dof 1

 no convergence

 iteration 2

 Using up to 1 cpu(s) for the symmetric stiffness/mass contributions.

 Factoring the system of equations using the symmetric spooles solver
 Using up to 1 cpu(s) for spooles.

 Using up to 1 cpu(s) for the stress calculation.

 average force= 0.001401
 time avg. forc= 0.000508
 largest residual force= 0.000013 in node 2459 and dof 1
 largest increment of disp= 1.515712e-04
 largest correction to disp= 9.058328e-07 in node 2387 and dof 3

 no convergence

 iteration 3

 Using up to 1 cpu(s) for the symmetric stiffness/mass contributions.

 Factoring the system of equations using the symmetric spooles solver
 Using up to 1 cpu(s) for spooles.

 Using up to 1 cpu(s) for the stress calculation.

 average force= 0.001401
 time avg. forc= 0.000508
 largest residual force= 0.000000 in node 2459 and dof 1
 largest increment of disp= 1.515712e-04
 largest correction to disp= 1.658709e-09 in node 2459 and dof 1

 convergence; the increment size is increased to 7.500000e-02

 the increment size exceeds the maximum allowed and is decreased to 5.000000e-02

 increment 27 attempt 1 
 increment size= 5.000000e-02
 sum of previous increments=5.828308e-01
 actual step time=6.328308e-01
 actual total time=6.328308e-01

 iteration 1

 Using up to 1 cpu(s) for the stress calculation.

 Using up to 1 cpu(s) for the symmetric stiffness/mass contributions.

 Factoring the system of equations using the symmetric spooles solver
 Using up to 1 cpu(s) for spooles.

 Using up to 1 cpu(s) for the stress calculation.

 average force= 0.001474
 time avg. forc= 0.000544
 largest residual force= 0.000145 in node 2038 and dof 3
 largest increment of disp= 1.515245e-04
 largest correction to disp= 2.225670e-06 in node 6740 and dof 1

 no convergence

 iteration 2

 Using up to 1 cpu(s) for the symmetric stiffness/mass contributions.

 Factoring the system of equations using the symmetric spooles solver
 Using up to 1 cpu(s) for spooles.

 Using up to 1 cpu(s) for the stress calculation.

 average force= 0.001474
 time avg. forc= 0.000544
 largest residual force= 0.000007 in node 2459 and dof 1
 largest increment of disp= 1.515245e-04
 largest correction to disp= 7.198003e-07 in node 2387 and dof 3

 no convergence

 iteration 3

 Using up to 1 cpu(s) for the symmetric stiffness/mass contributions.

 Factoring the system of equations using the symmetric spooles solver
 Using up to 1 cpu(s) for spooles.

 Using up to 1 cpu(s) for the stress calculation.

 average force= 0.001474
 time avg. forc= 0.000544
 largest residual force= 0.000000 in node 2459 and dof 1
 largest increment of disp= 1.515245e-04
 largest correction to disp= 3.168511e-09 in node 4449 and dof 2

 convergence; the increment size is increased to 7.500000e-02

 the increment size exceeds the maximum allowed and is decreased to 5.000000e-02

 increment 28 attempt 1 
 increment size= 5.000000e-02
 sum of previous increments=6.328308e-01
 actual step time=6.828308e-01
 actual total time=6.828308e-01

 iteration 1

 Using up to 1 cpu(s) for the stress calculation.

 Using up to 1 cpu(s) for the symmetric stiffness/mass contributions.

 Factoring the system of equations using the symmetric spooles solver
 Using up to 1 cpu(s) for spooles.

 Using up to 1 cpu(s) for the stress calculation.

 average force= 0.001545
 time avg. forc= 0.000580
 largest residual force= 0.000119 in node 2038 and dof 3
 largest increment of disp= 1.514822e-04
 largest correction to disp= 1.937084e-06 in node 7448 and dof 2

 no convergence

 iteration 2

 Using up to 1 cpu(s) for the symmetric stiffness/mass contributions.

 Factoring the system of equations using the symmetric spooles solver
 Using up to 1 cpu(s) for spooles.

 Using up to 1 cpu(s) for the stress calculation.

 average force= 0.001544
 time avg. forc= 0.000580
 largest residual force= 0.000004 in node 2459 and dof 1
 largest increment of disp= 1.514822e-04
 largest correction to disp= 5.874733e-07 in node 2404 and dof 3

 no convergence

 iteration 3

 Using up to 1 cpu(s) for the symmetric stiffness/mass contributions.

 Factoring the system of equations using the symmetric spooles solver
 Using up to 1 cpu(s) for spooles.

 Using up to 1 cpu(s) for the stress calculation.

 average force= 0.001544
 time avg. forc= 0.000580
 largest residual force= 0.000000 in node 2459 and dof 1
 largest increment of disp= 1.514822e-04
 largest correction to disp= 8.769753e-10 in node 4416 and dof 1

 convergence; the increment size is increased to 7.500000e-02

 the increment size exceeds the maximum allowed and is decreased to 5.000000e-02

 increment 29 attempt 1 
 increment size= 5.000000e-02
 sum of previous increments=6.828308e-01
 actual step time=7.328308e-01
 actual total time=7.328308e-01

 iteration 1

 Using up to 1 cpu(s) for the stress calculation.

 Using up to 1 cpu(s) for the symmetric stiffness/mass contributions.

 Factoring the system of equations using the symmetric spooles solver
 Using up to 1 cpu(s) for spooles.

 Using up to 1 cpu(s) for the stress calculation.

 average force= 0.001613
 time avg. forc= 0.000615
 largest residual force= 0.000099 in node 2038 and dof 3
 largest increment of disp= 1.514429e-04
 largest correction to disp= 1.670095e-06 in node 6728 and dof 1

 no convergence

 iteration 2

 Using up to 1 cpu(s) for the symmetric stiffness/mass contributions.

 Factoring the system of equations using the symmetric spooles solver
 Using up to 1 cpu(s) for spooles.

 Using up to 1 cpu(s) for the stress calculation.

 average force= 0.001613
 time avg. forc= 0.000615
 largest residual force= 0.000003 in node 2630 and dof 2
 largest increment of disp= 1.514429e-04
 largest correction to disp= 4.902817e-07 in node 1996 and dof 3

 convergence; the increment size is increased to 7.500000e-02

 the increment size exceeds the maximum allowed and is decreased to 5.000000e-02

 increment 30 attempt 1 
 increment size= 5.000000e-02
 sum of previous increments=7.328308e-01
 actual step time=7.828308e-01
 actual total time=7.828308e-01

 iteration 1

 Using up to 1 cpu(s) for the stress calculation.

 Using up to 1 cpu(s) for the symmetric stiffness/mass contributions.

 Factoring the system of equations using the symmetric spooles solver
 Using up to 1 cpu(s) for spooles.

 Using up to 1 cpu(s) for the stress calculation.

 average force= 0.001680
 time avg. forc= 0.000651
 largest residual force= 0.000084 in node 2038 and dof 3
 largest increment of disp= 1.514059e-04
 largest correction to disp= 1.440735e-06 in node 6740 and dof 1

 no convergence

 iteration 2

 Using up to 1 cpu(s) for the symmetric stiffness/mass contributions.

 Factoring the system of equations using the symmetric spooles solver
 Using up to 1 cpu(s) for spooles.

 Using up to 1 cpu(s) for the stress calculation.

 average force= 0.001680
 time avg. forc= 0.000651
 largest residual force= 0.000002 in node 2060 and dof 1
 largest increment of disp= 1.514059e-04
 largest correction to disp= 4.177486e-07 in node 1996 and dof 3

 convergence; the increment size is increased to 7.500000e-02

 the increment size exceeds the maximum allowed and is decreased to 5.000000e-02

 Using up to 1 cpu(s) for the stress calculation.

 increment 31 attempt 1 
 increment size= 5.000000e-02
 sum of previous increments=7.828308e-01
 actual step time=8.328308e-01
 actual total time=8.328308e-01

 iteration 1

 Using up to 1 cpu(s) for the stress calculation.

 Using up to 1 cpu(s) for the symmetric stiffness/mass contributions.

 Factoring the system of equations using the symmetric spooles solver
 Using up to 1 cpu(s) for spooles.

 Using up to 1 cpu(s) for the stress calculation.

 average force= 0.001745
 time avg. forc= 0.000686
 largest residual force= 0.000072 in node 2038 and dof 3
 largest increment of disp= 1.513707e-04
 largest correction to disp= 1.249217e-06 in node 6728 and dof 1

 no convergence

 iteration 2

 Using up to 1 cpu(s) for the symmetric stiffness/mass contributions.

 Factoring the system of equations using the symmetric spooles solver
 Using up to 1 cpu(s) for spooles.

 Using up to 1 cpu(s) for the stress calculation.

 average force= 0.001745
 time avg. forc= 0.000686
 largest residual force= 0.000001 in node 2060 and dof 1
 largest increment of disp= 1.513707e-04
 largest correction to disp= 3.607246e-07 in node 1996 and dof 3

 convergence; the increment size is increased to 7.500000e-02

 the increment size exceeds the maximum allowed and is decreased to 5.000000e-02

 increment 32 attempt 1 
 increment size= 5.000000e-02
 sum of previous increments=8.328308e-01
 actual step time=8.828308e-01
 actual total time=8.828308e-01

 iteration 1

 Using up to 1 cpu(s) for the stress calculation.

 Using up to 1 cpu(s) for the symmetric stiffness/mass contributions.

 Factoring the system of equations using the symmetric spooles solver
 Using up to 1 cpu(s) for spooles.

 Using up to 1 cpu(s) for the stress calculation.

 average force= 0.001809
 time avg. forc= 0.000721
 largest residual force= 0.000062 in node 2038 and dof 3
 largest increment of disp= 1.513371e-04
 largest correction to disp= 1.091388e-06 in node 6740 and dof 1

 no convergence

 iteration 2

 Using up to 1 cpu(s) for the symmetric stiffness/mass contributions.

 Factoring the system of equations using the symmetric spooles solver
 Using up to 1 cpu(s) for spooles.

 Using up to 1 cpu(s) for the stress calculation.

 average force= 0.001808
 time avg. forc= 0.000721
 largest residual force= 0.000000 in node 2060 and dof 1
 largest increment of disp= 1.513371e-04
 largest correction to disp= 3.155374e-07 in node 1996 and dof 3

 convergence; the increment size is increased to 7.500000e-02

 the increment size exceeds the maximum allowed and is decreased to 5.000000e-02

 increment 33 attempt 1 
 increment size= 5.000000e-02
 sum of previous increments=8.828308e-01
 actual step time=9.328308e-01
 actual total time=9.328308e-01

 iteration 1

 Using up to 1 cpu(s) for the stress calculation.

 Using up to 1 cpu(s) for the symmetric stiffness/mass contributions.

 Factoring the system of equations using the symmetric spooles solver
 Using up to 1 cpu(s) for spooles.

 Using up to 1 cpu(s) for the stress calculation.

 average force= 0.001871
 time avg. forc= 0.000756
 largest residual force= 0.000054 in node 2038 and dof 3
 largest increment of disp= 1.513047e-04
 largest correction to disp= 9.607188e-07 in node 6728 and dof 1

 no convergence

 iteration 2

 Using up to 1 cpu(s) for the symmetric stiffness/mass contributions.

 Factoring the system of equations using the symmetric spooles solver
 Using up to 1 cpu(s) for spooles.

 Using up to 1 cpu(s) for the stress calculation.

 average force= 0.001871
 time avg. forc= 0.000756
 largest residual force= 0.000000 in node 2060 and dof 1
 largest increment of disp= 1.513047e-04
 largest correction to disp= 2.789770e-07 in node 1996 and dof 3

 convergence; the increment size is increased to 7.500000e-02

 the increment size exceeds the maximum allowed and is decreased to 5.000000e-02

 increment 34 attempt 1 
 increment size= 5.000000e-02
 sum of previous increments=9.328308e-01
 actual step time=9.828308e-01
 actual total time=9.828308e-01

 iteration 1

 Using up to 1 cpu(s) for the stress calculation.

 Using up to 1 cpu(s) for the symmetric stiffness/mass contributions.

 Factoring the system of equations using the symmetric spooles solver
 Using up to 1 cpu(s) for spooles.

 Using up to 1 cpu(s) for the stress calculation.

 average force= 0.001932
 time avg. forc= 0.000791
 largest residual force= 0.000048 in node 2038 and dof 3
 largest increment of disp= 1.512735e-04
 largest correction to disp= 8.524608e-07 in node 6728 and dof 1

 no convergence

 iteration 2

 Using up to 1 cpu(s) for the symmetric stiffness/mass contributions.

 Factoring the system of equations using the symmetric spooles solver
 Using up to 1 cpu(s) for spooles.

 Using up to 1 cpu(s) for the stress calculation.

 average force= 0.001932
 time avg. forc= 0.000791
 largest residual force= 0.000000 in node 2060 and dof 1
 largest increment of disp= 1.512735e-04
 largest correction to disp= 2.488841e-07 in node 1996 and dof 3

 convergence; the increment size is increased to 7.500000e-02

 the increment size exceeds the maximum allowed and is decreased to 5.000000e-02

 the increment size exceeds the remainder of the step and is decreased to 1.716919e-02

 increment 35 attempt 1 
 increment size= 1.716919e-02
 sum of previous increments=9.828308e-01
 actual step time=1.000000e+00
 actual total time=1.000000e+00

 iteration 1

 Using up to 1 cpu(s) for the stress calculation.

 Using up to 1 cpu(s) for the symmetric stiffness/mass contributions.

 Factoring the system of equations using the symmetric spooles solver
 Using up to 1 cpu(s) for spooles.

 Using up to 1 cpu(s) for the stress calculation.

 average force= 0.001952
 time avg. forc= 0.000824
 largest residual force= 0.000002 in node 2038 and dof 3
 largest increment of disp= 5.193455e-05
 largest correction to disp= 1.878915e-07 in node 6740 and dof 1

 no convergence

 iteration 2

 Using up to 1 cpu(s) for the symmetric stiffness/mass contributions.

 Factoring the system of equations using the symmetric spooles solver
 Using up to 1 cpu(s) for spooles.

 Using up to 1 cpu(s) for the stress calculation.

 average force= 0.001952
 time avg. forc= 0.000824
 largest residual force= 0.000000 in node 2060 and dof 1
 largest increment of disp= 5.193455e-05
 largest correction to disp= 1.571388e-08 in node 1996 and dof 3

 convergence; the increment size is increased to 2.575378e-02

 the increment size exceeds the remainder of the step and is decreased to 0.000000e+00

 Using up to 1 cpu(s) for the stress calculation.


 Job finished

________________________________________

Total CalculiX Time: 111.004159
________________________________________
=== on-caso-2 (CCX): ccx2paraview nao encontrado dentro do container ===
    (esperado - rode 'cd cases/on-caso-2/ccx && /tmp/ccx2pv/bin/ccx2paraview on-caso-2.frd vtu' no HOST)

=== Concluido. Arquivos de saida: ===
  on-caso-2.frd  - campos CalculiX (cgx -c se disponivel)
  on-caso-2.pvd  - ParaView Data (abre direto no ParaView)
  on-caso-2.dat  - totais RF no engaste posterior (curva F_z(Dz))
  on-caso-2.sta  - status de convergencia por incremento Riks

Analise: python3 ../../../brunaStuff/analyze_on-caso-2_ccx.py
