 Container myopenfoam-fsi-run-e8f986a51ce3 Creating 
 Container myopenfoam-fsi-run-e8f986a51ce3 Created 
=== on-caso-3-sf (CCX): polyMesh -> CalculiX .inp  [k_winkler=2000000 Pa/m] ===
[1/5] Lendo polyMesh em ../solid/constant/polyMesh
      nodes=5317, faces=14796, cells=4752, patches=10, zones=['on', 'pia', 'sas', 'dura', 'lc', 'sclera_peri', 'sclera_ring', 'globo']
[2/5] Reconstruindo conectividade C3D8 (4752 celulas)
      OK
[3/5] Escrevendo malha em on-caso-3-sf_mesh.inp
[4/5] Escrevendo Winkler em on-caso-3-sf_winkler.inp
[5/5] Concluido. Total: 5317 nodes, 4752 hex C3D8I.
=== on-caso-3-sf (CCX): P_CONTACT = 9034 Pa (arteria oftalmica, LATERAL) ===
182:CONTACT_LOCAL_SURF, P, 9034
=== on-caso-3-sf (CCX): solver ccx_preCICE -i on-caso-3-sf  [tag=Pc9034] ===

************************************************************

CalculiX Version 2.20, Copyright(C) 1998-2022 Guido Dhondt
CalculiX comes with ABSOLUTELY NO WARRANTY. This is free
software, and you are welcome to redistribute it under
certain conditions, see gpl.htm

************************************************************

You are using an executable made on Sun Jul 31 18:08:37 CEST 2022

  The numbers below are estimated upper bounds

  number of:

   nodes:        19822
   elements:         5001
   one-dimensional elements:            0
   two-dimensional elements:            0
   integration points per element:            8
   degrees of freedom per node:            3
   layers per element:            1

   distributed facial loads:            2
   distributed volumetric loads:            0
   concentrated loads:            0
   single point constraints:         3008
   multiple point constraints:            1
   terms in all multiple point constraints:            1
   tie constraints:            0
   dependent nodes tied by cyclic constraints:            0
   dependent nodes in pre-tension constraints:            0

   sets:          279
   terms in all sets:        18231

   materials:          257
   constants per material and temperature:            9
   temperature points per material:            1
   plastic data points per material:            0

   orientations:            1
   amplitudes:            4
   data points in all amplitudes:            4
   print requests:            8
   transformations:            0
   property cards:            0

 *INFO reading *HYPERELASTIC: nonlinear geometric
       effects are turned on

 *INFO reading *HYPERELASTIC: nonlinear geometric
       effects are turned on

 *INFO reading *HYPERELASTIC: nonlinear geometric
       effects are turned on

 *INFO reading *HYPERELASTIC: nonlinear geometric
       effects are turned on

 *INFO reading *HYPERELASTIC: nonlinear geometric
       effects are turned on

 *INFO reading *HYPERELASTIC: nonlinear geometric
       effects are turned on

 *INFO reading *HYPERELASTIC: nonlinear geometric
       effects are turned on

 *INFO reading *STEP: nonlinear geometric
       effects are turned on

 *WARNING reading *STATIC: parameter not recognized:
          RIKS
 *WARNING reading *STATIC. Card image:
          *STATIC,RIKS


 STEP            1

 Static analysis was selected

 Nonlinear material laws are taken into account

 Newton-Raphson iterative procedure is active

 Nonlinear geometric effects are taken into account

 Decascading the MPC's

 Determining the structure of the matrix:
 Using up to 1 cpu(s) for setting up the structure of the matrix.
 number of equations
 56674
 number of nonzero lower triangular matrix elements
 1634214

 increment 1 attempt 1 
 increment size= 2.500000e-02
 sum of previous increments=0.000000e+00
 actual step time=2.500000e-02
 actual total time=2.500000e-02

 iteration 1

 Using up to 1 cpu(s) for the stress calculation.

 Using up to 1 cpu(s) for the symmetric stiffness/mass contributions.

 Factoring the system of equations using the symmetric spooles solver
 Using up to 1 cpu(s) for spooles.

 Using up to 1 cpu(s) for the stress calculation.

 average force= 0.000001
 time avg. forc= 0.000001
 largest residual force= 0.000125 in node 3344 and dof 1
 largest increment of disp= 1.021651e-05
 largest correction to disp= 1.021651e-05 in node 4076 and dof 1

 no convergence

 iteration 2

 Using up to 1 cpu(s) for the symmetric stiffness/mass contributions.

 Factoring the system of equations using the symmetric spooles solver
 Using up to 1 cpu(s) for spooles.

 Using up to 1 cpu(s) for the stress calculation.

 average force= 0.000001
 time avg. forc= 0.000001
 largest residual force= 0.000000 in node 2190 and dof 1
 largest increment of disp= 1.021651e-05
 largest correction to disp= 9.721474e-07 in node 4076 and dof 1

 convergence

 increment 2 attempt 1 
 increment size= 2.500000e-02
 sum of previous increments=2.500000e-02
 actual step time=5.000000e-02
 actual total time=5.000000e-02

 iteration 1

 Using up to 1 cpu(s) for the stress calculation.

 Using up to 1 cpu(s) for the symmetric stiffness/mass contributions.

 Factoring the system of equations using the symmetric spooles solver
 Using up to 1 cpu(s) for spooles.

 Using up to 1 cpu(s) for the stress calculation.

 average force= 0.000002
 time avg. forc= 0.000001
 largest residual force= 0.000000 in node 2190 and dof 1
 largest increment of disp= 9.244366e-06
 largest correction to disp= 1.105050e-06 in node 4062 and dof 1

 no convergence

 iteration 2

 Using up to 1 cpu(s) for the symmetric stiffness/mass contributions.

 Factoring the system of equations using the symmetric spooles solver
 Using up to 1 cpu(s) for spooles.

 Using up to 1 cpu(s) for the stress calculation.

 average force= 0.000002
 time avg. forc= 0.000001
 largest residual force= 0.000000 in node 4299 and dof 1
 largest increment of disp= 9.244366e-06
 largest correction to disp= 2.440176e-08 in node 3671 and dof 1

 convergence; the increment size is increased to 3.750000e-02

 increment 3 attempt 1 
 increment size= 3.750000e-02
 sum of previous increments=5.000000e-02
 actual step time=8.750000e-02
 actual total time=8.750000e-02

 iteration 1

 Using up to 1 cpu(s) for the stress calculation.

 Using up to 1 cpu(s) for the symmetric stiffness/mass contributions.

 Factoring the system of equations using the symmetric spooles solver
 Using up to 1 cpu(s) for spooles.

 Using up to 1 cpu(s) for the stress calculation.

 average force= 0.000003
 time avg. forc= 0.000002
 largest residual force= 0.000000 in node 4079 and dof 1
 largest increment of disp= 1.225305e-05
 largest correction to disp= 1.364416e-07 in node 4298 and dof 1

 no convergence

 iteration 2

 Using up to 1 cpu(s) for the symmetric stiffness/mass contributions.

 Factoring the system of equations using the symmetric spooles solver
 Using up to 1 cpu(s) for spooles.

 Using up to 1 cpu(s) for the stress calculation.

 average force= 0.000003
 time avg. forc= 0.000002
 largest residual force= 0.000000 in node 4297 and dof 1
 largest increment of disp= 1.225305e-05
 largest correction to disp= 9.883410e-10 in node 4298 and dof 1

 convergence; the increment size is increased to 5.625000e-02

 the increment size exceeds the maximum allowed and is decreased to 5.000000e-02

 increment 4 attempt 1 
 increment size= 5.000000e-02
 sum of previous increments=8.750000e-02
 actual step time=1.375000e-01
 actual total time=1.375000e-01

 iteration 1

 Using up to 1 cpu(s) for the stress calculation.

 Using up to 1 cpu(s) for the symmetric stiffness/mass contributions.

 Factoring the system of equations using the symmetric spooles solver
 Using up to 1 cpu(s) for spooles.

 Using up to 1 cpu(s) for the stress calculation.

 average force= 0.000005
 time avg. forc= 0.000003
 largest residual force= 0.000000 in node 4075 and dof 1
 largest increment of disp= 1.643104e-05
 largest correction to disp= 2.606749e-07 in node 4076 and dof 1

 no convergence

 iteration 2

 Using up to 1 cpu(s) for the symmetric stiffness/mass contributions.

 Factoring the system of equations using the symmetric spooles solver
 Using up to 1 cpu(s) for spooles.

 Using up to 1 cpu(s) for the stress calculation.

 average force= 0.000005
 time avg. forc= 0.000003
 largest residual force= 0.000000 in node 4079 and dof 1
 largest increment of disp= 1.643104e-05
 largest correction to disp= 1.220985e-09 in node 4077 and dof 1

 convergence; the increment size is increased to 7.500000e-02

 the increment size exceeds the maximum allowed and is decreased to 5.000000e-02

 increment 5 attempt 1 
 increment size= 5.000000e-02
 sum of previous increments=1.375000e-01
 actual step time=1.875000e-01
 actual total time=1.875000e-01

 iteration 1

 Using up to 1 cpu(s) for the stress calculation.

 Using up to 1 cpu(s) for the symmetric stiffness/mass contributions.

 Factoring the system of equations using the symmetric spooles solver
 Using up to 1 cpu(s) for spooles.

 Using up to 1 cpu(s) for the stress calculation.

 average force= 0.000007
 time avg. forc= 0.000003
 largest residual force= 0.000000 in node 4075 and dof 1
 largest increment of disp= 1.669293e-05
 largest correction to disp= 3.331972e-07 in node 4076 and dof 1

 no convergence

 iteration 2

 Using up to 1 cpu(s) for the symmetric stiffness/mass contributions.

 Factoring the system of equations using the symmetric spooles solver
 Using up to 1 cpu(s) for spooles.

 Using up to 1 cpu(s) for the stress calculation.

 average force= 0.000007
 time avg. forc= 0.000003
 largest residual force= 0.000000 in node 4075 and dof 1
 largest increment of disp= 1.669293e-05
 largest correction to disp= 1.557551e-09 in node 4083 and dof 1

 convergence; the increment size is increased to 7.500000e-02

 the increment size exceeds the maximum allowed and is decreased to 5.000000e-02

 Using up to 1 cpu(s) for the stress calculation.

 increment 6 attempt 1 
 increment size= 5.000000e-02
 sum of previous increments=1.875000e-01
 actual step time=2.375000e-01
 actual total time=2.375000e-01

 iteration 1

 Using up to 1 cpu(s) for the stress calculation.

 Using up to 1 cpu(s) for the symmetric stiffness/mass contributions.

 Factoring the system of equations using the symmetric spooles solver
 Using up to 1 cpu(s) for spooles.

 Using up to 1 cpu(s) for the stress calculation.

 average force= 0.000008
 time avg. forc= 0.000004
 largest residual force= 0.000000 in node 4075 and dof 1
 largest increment of disp= 1.702768e-05
 largest correction to disp= 3.513337e-07 in node 4076 and dof 1

 no convergence

 iteration 2

 Using up to 1 cpu(s) for the symmetric stiffness/mass contributions.

 Factoring the system of equations using the symmetric spooles solver
 Using up to 1 cpu(s) for spooles.

 Using up to 1 cpu(s) for the stress calculation.

 average force= 0.000008
 time avg. forc= 0.000004
 largest residual force= 0.000000 in node 4075 and dof 1
 largest increment of disp= 1.702768e-05
 largest correction to disp= 1.886352e-09 in node 4071 and dof 1

 convergence; the increment size is increased to 7.500000e-02

 the increment size exceeds the maximum allowed and is decreased to 5.000000e-02

 increment 7 attempt 1 
 increment size= 5.000000e-02
 sum of previous increments=2.375000e-01
 actual step time=2.875000e-01
 actual total time=2.875000e-01

 iteration 1

 Using up to 1 cpu(s) for the stress calculation.

 Using up to 1 cpu(s) for the symmetric stiffness/mass contributions.

 Factoring the system of equations using the symmetric spooles solver
 Using up to 1 cpu(s) for spooles.

 Using up to 1 cpu(s) for the stress calculation.

 average force= 0.000010
 time avg. forc= 0.000005
 largest residual force= 0.000000 in node 4075 and dof 1
 largest increment of disp= 1.737997e-05
 largest correction to disp= 3.658059e-07 in node 4077 and dof 1

 no convergence

 iteration 2

 Using up to 1 cpu(s) for the symmetric stiffness/mass contributions.

 Factoring the system of equations using the symmetric spooles solver
 Using up to 1 cpu(s) for spooles.

 Using up to 1 cpu(s) for the stress calculation.

 average force= 0.000010
 time avg. forc= 0.000005
 largest residual force= 0.000000 in node 4079 and dof 1
 largest increment of disp= 1.737997e-05
 largest correction to disp= 2.238588e-09 in node 4082 and dof 1

 convergence; the increment size is increased to 7.500000e-02

 the increment size exceeds the maximum allowed and is decreased to 5.000000e-02

 increment 8 attempt 1 
 increment size= 5.000000e-02
 sum of previous increments=2.875000e-01
 actual step time=3.375000e-01
 actual total time=3.375000e-01

 iteration 1

 Using up to 1 cpu(s) for the stress calculation.

 Using up to 1 cpu(s) for the symmetric stiffness/mass contributions.

 Factoring the system of equations using the symmetric spooles solver
 Using up to 1 cpu(s) for spooles.

 Using up to 1 cpu(s) for the stress calculation.

 average force= 0.000012
 time avg. forc= 0.000006
 largest residual force= 0.000000 in node 4079 and dof 1
 largest increment of disp= 1.774598e-05
 largest correction to disp= 4.030514e-07 in node 14249 and dof 1

 no convergence

 iteration 2

 Using up to 1 cpu(s) for the symmetric stiffness/mass contributions.

 Factoring the system of equations using the symmetric spooles solver
 Using up to 1 cpu(s) for spooles.

 Using up to 1 cpu(s) for the stress calculation.

 average force= 0.000012
 time avg. forc= 0.000006
 largest residual force= 0.000000 in node 4079 and dof 1
 largest increment of disp= 1.774598e-05
 largest correction to disp= 2.622769e-09 in node 4070 and dof 1

 convergence; the increment size is increased to 7.500000e-02

 the increment size exceeds the maximum allowed and is decreased to 5.000000e-02

 increment 9 attempt 1 
 increment size= 5.000000e-02
 sum of previous increments=3.375000e-01
 actual step time=3.875000e-01
 actual total time=3.875000e-01

 iteration 1

 Using up to 1 cpu(s) for the stress calculation.

 Using up to 1 cpu(s) for the symmetric stiffness/mass contributions.

 Factoring the system of equations using the symmetric spooles solver
 Using up to 1 cpu(s) for spooles.

 Using up to 1 cpu(s) for the stress calculation.

 average force= 0.000014
 time avg. forc= 0.000007
 largest residual force= 0.000000 in node 4079 and dof 1
 largest increment of disp= 1.812440e-05
 largest correction to disp= 6.207482e-07 in node 14258 and dof 1

 no convergence

 iteration 2

 Using up to 1 cpu(s) for the symmetric stiffness/mass contributions.

 Factoring the system of equations using the symmetric spooles solver
 Using up to 1 cpu(s) for spooles.

 Using up to 1 cpu(s) for the stress calculation.

 average force= 0.000014
 time avg. forc= 0.000007
 largest residual force= 0.000000 in node 4075 and dof 1
 largest increment of disp= 1.812440e-05
 largest correction to disp= 3.042891e-09 in node 3347 and dof 1

 convergence; the increment size is increased to 7.500000e-02

 the increment size exceeds the maximum allowed and is decreased to 5.000000e-02

 increment 10 attempt 1 
 increment size= 5.000000e-02
 sum of previous increments=3.875000e-01
 actual step time=4.375000e-01
 actual total time=4.375000e-01

 iteration 1

 Using up to 1 cpu(s) for the stress calculation.

 Using up to 1 cpu(s) for the symmetric stiffness/mass contributions.

 Factoring the system of equations using the symmetric spooles solver
 Using up to 1 cpu(s) for spooles.

 Using up to 1 cpu(s) for the stress calculation.

 average force= 0.000016
 time avg. forc= 0.000008
 largest residual force= 0.000000 in node 4079 and dof 1
 largest increment of disp= 1.851424e-05
 largest correction to disp= 1.107602e-06 in node 14249 and dof 1

 no convergence

 iteration 2

 Using up to 1 cpu(s) for the symmetric stiffness/mass contributions.

 Factoring the system of equations using the symmetric spooles solver
 Using up to 1 cpu(s) for spooles.

 Using up to 1 cpu(s) for the stress calculation.

 average force= 0.000016
 time avg. forc= 0.000008
 largest residual force= 0.000000 in node 4079 and dof 1
 largest increment of disp= 1.851424e-05
 largest correction to disp= 4.329377e-09 in node 14258 and dof 1

 convergence; the increment size is increased to 7.500000e-02

 the increment size exceeds the maximum allowed and is decreased to 5.000000e-02

 Using up to 1 cpu(s) for the stress calculation.

 increment 11 attempt 1 
 increment size= 5.000000e-02
 sum of previous increments=4.375000e-01
 actual step time=4.875000e-01
 actual total time=4.875000e-01

 iteration 1

 Using up to 1 cpu(s) for the stress calculation.

 Using up to 1 cpu(s) for the symmetric stiffness/mass contributions.

 Factoring the system of equations using the symmetric spooles solver
 Using up to 1 cpu(s) for spooles.

 Using up to 1 cpu(s) for the stress calculation.

 average force= 0.000018
 time avg. forc= 0.000009
 largest residual force= 0.000000 in node 4075 and dof 1
 largest increment of disp= 1.891444e-05
 largest correction to disp= 2.816894e-06 in node 14258 and dof 1

 no convergence

 iteration 2

 Using up to 1 cpu(s) for the symmetric stiffness/mass contributions.

 Factoring the system of equations using the symmetric spooles solver
 Using up to 1 cpu(s) for spooles.

 Using up to 1 cpu(s) for the stress calculation.

 average force= 0.000018
 time avg. forc= 0.000009
 largest residual force= 0.000000 in node 4105 and dof 1
 largest increment of disp= 1.891444e-05
 largest correction to disp= 3.659582e-08 in node 14256 and dof 1

 convergence; the increment size is increased to 7.500000e-02

 the increment size exceeds the maximum allowed and is decreased to 5.000000e-02

 increment 12 attempt 1 
 increment size= 5.000000e-02
 sum of previous increments=4.875000e-01
 actual step time=5.375000e-01
 actual total time=5.375000e-01

 iteration 1

 Using up to 1 cpu(s) for the stress calculation.

 Using up to 1 cpu(s) for the symmetric stiffness/mass contributions.

 Factoring the system of equations using the symmetric spooles solver
 Using up to 1 cpu(s) for spooles.

 Using up to 1 cpu(s) for the stress calculation.

 average force= 0.000020
 time avg. forc= 0.000010
 largest residual force= 0.000002 in node 3336 and dof 1
 largest increment of disp= 3.599533e-05
 largest correction to disp= 3.599533e-05 in node 14244 and dof 1

 no convergence

 iteration 2

 Using up to 1 cpu(s) for the symmetric stiffness/mass contributions.

 Factoring the system of equations using the symmetric spooles solver
 Using up to 1 cpu(s) for spooles.

 Using up to 1 cpu(s) for the stress calculation.

 average force= 0.000020
 time avg. forc= 0.000010
 largest residual force= 0.000000 in node 3336 and dof 1
 largest increment of disp= 3.599533e-05
 largest correction to disp= 2.961180e-06 in node 14256 and dof 1

 convergence; the increment size is increased to 7.500000e-02

 the increment size exceeds the maximum allowed and is decreased to 5.000000e-02

 increment 13 attempt 1 
 increment size= 5.000000e-02
 sum of previous increments=5.375000e-01
 actual step time=5.875000e-01
 actual total time=5.875000e-01

 iteration 1

 Using up to 1 cpu(s) for the stress calculation.

 Using up to 1 cpu(s) for the symmetric stiffness/mass contributions.

 Factoring the system of equations using the symmetric spooles solver
 Using up to 1 cpu(s) for spooles.

 Using up to 1 cpu(s) for the stress calculation.

 average force= 0.000022
 time avg. forc= 0.000011
 largest residual force= 0.000043 in node 3336 and dof 1
 largest increment of disp= 1.611121e-04
 largest correction to disp= 1.611121e-04 in node 14244 and dof 1

 no convergence

 iteration 2

 Using up to 1 cpu(s) for the symmetric stiffness/mass contributions.

 Factoring the system of equations using the symmetric spooles solver
 Using up to 1 cpu(s) for spooles.

 Using up to 1 cpu(s) for the stress calculation.

 average force= 0.048050
 time avg. forc= 0.003705
 largest residual force= 179.297399 in node 2543 and dof 2
 largest increment of disp= 3.949929e-02
 largest correction to disp= 3.949929e-02 in node 14244 and dof 1

 no convergence

 iteration 3

 Using up to 1 cpu(s) for the symmetric stiffness/mass contributions.

 Factoring the system of equations using the symmetric spooles solver
 Using up to 1 cpu(s) for spooles.

 Using up to 1 cpu(s) for the stress calculation.

 average force= 38191916.850501
 time avg. forc= 2937839.757740
 largest residual force= 190441040224.053497 in node 11845 and dof 3
 largest increment of disp= 1.227287e+00
 largest correction to disp= 1.227287e+00 in node 11841 and dof 1

 no convergence

 iteration 4

 Using up to 1 cpu(s) for the symmetric stiffness/mass contributions.

 Factoring the system of equations using the symmetric spooles solver
 Using up to 1 cpu(s) for spooles.

 Using up to 1 cpu(s) for the stress calculation.

 average force= 111796742953827.734375
 time avg. forc= 8599749457986.749023
 largest residual force= 4189115409222296064.000000 in node 14916 and dof 3
 largest increment of disp= 2.617276e+01
 largest correction to disp= 2.617276e+01 in node 14915 and dof 2

 divergence; the increment size is decreased to 1.250000e-02
 the increment is reattempted

 increment 13 attempt 2 
 increment size= 1.250000e-02
 sum of previous increments=5.375000e-01
 actual step time=5.500000e-01
 actual total time=5.500000e-01

 iteration 1

 Using up to 1 cpu(s) for the stress calculation.

 Using up to 1 cpu(s) for the symmetric stiffness/mass contributions.

 Factoring the system of equations using the symmetric spooles solver
 Using up to 1 cpu(s) for spooles.

 Using up to 1 cpu(s) for the stress calculation.

 average force= 0.000021
 time avg. forc= 0.000010
 largest residual force= 0.000014 in node 2546 and dof 1
 largest increment of disp= 9.657793e-05
 largest correction to disp= 9.657793e-05 in node 12098 and dof 1

 no convergence

 iteration 2

 Using up to 1 cpu(s) for the symmetric stiffness/mass contributions.

 Factoring the system of equations using the symmetric spooles solver
 Using up to 1 cpu(s) for spooles.

 Using up to 1 cpu(s) for the stress calculation.

 average force= 0.000021
 time avg. forc= 0.000010
 largest residual force= 0.000006 in node 3338 and dof 1
 largest increment of disp= 9.657793e-05
 largest correction to disp= 5.399795e-05 in node 14258 and dof 1

 no convergence

 iteration 3

 Using up to 1 cpu(s) for the symmetric stiffness/mass contributions.

 Factoring the system of equations using the symmetric spooles solver
 Using up to 1 cpu(s) for spooles.

 Using up to 1 cpu(s) for the stress calculation.

 average force= 0.000021
 time avg. forc= 0.000010
 largest residual force= 0.000002 in node 3336 and dof 1
 largest increment of disp= 9.657793e-05
 largest correction to disp= 3.605226e-05 in node 14244 and dof 1

 no convergence

 iteration 4

 Using up to 1 cpu(s) for the symmetric stiffness/mass contributions.

 Factoring the system of equations using the symmetric spooles solver
 Using up to 1 cpu(s) for spooles.

 Using up to 1 cpu(s) for the stress calculation.

 average force= 0.000021
 time avg. forc= 0.000010
 largest residual force= 0.000000 in node 3337 and dof 1
 largest increment of disp= 9.657793e-05
 largest correction to disp= 1.930762e-05 in node 14256 and dof 1

 convergence

 increment 14 attempt 1 
 increment size= 1.250000e-02
 sum of previous increments=5.500000e-01
 actual step time=5.625000e-01
 actual total time=5.625000e-01

 iteration 1

 Using up to 1 cpu(s) for the stress calculation.

 Using up to 1 cpu(s) for the symmetric stiffness/mass contributions.

 Factoring the system of equations using the symmetric spooles solver
 Using up to 1 cpu(s) for spooles.

 Using up to 1 cpu(s) for the stress calculation.

 average force= 0.000021
 time avg. forc= 0.000011
 largest residual force= 0.000002 in node 3337 and dof 1
 largest increment of disp= 1.187223e-04
 largest correction to disp= 3.374050e-05 in node 12087 and dof 1

 no convergence

 iteration 2

 Using up to 1 cpu(s) for the symmetric stiffness/mass contributions.

 Factoring the system of equations using the symmetric spooles solver
 Using up to 1 cpu(s) for spooles.

 Using up to 1 cpu(s) for the stress calculation.

 average force= 0.000021
 time avg. forc= 0.000011
 largest residual force= 0.000001 in node 3336 and dof 1
 largest increment of disp= 1.187223e-04
 largest correction to disp= 2.997499e-05 in node 14256 and dof 1

 no convergence

 iteration 3

 Using up to 1 cpu(s) for the symmetric stiffness/mass contributions.

 Factoring the system of equations using the symmetric spooles solver
 Using up to 1 cpu(s) for spooles.

 Using up to 1 cpu(s) for the stress calculation.

 average force= 0.000021
 time avg. forc= 0.000011
 largest residual force= 0.000064 in node 3337 and dof 1
 largest increment of disp= 2.075457e-04
 largest correction to disp= 2.075457e-04 in node 14256 and dof 1

 no convergence

 iteration 4

 Using up to 1 cpu(s) for the symmetric stiffness/mass contributions.

 Factoring the system of equations using the symmetric spooles solver
 Using up to 1 cpu(s) for spooles.

 Using up to 1 cpu(s) for the stress calculation.

 average force= 0.000021
 time avg. forc= 0.000011
 largest residual force= 0.000006 in node 3338 and dof 1
 largest increment of disp= 2.075457e-04
 largest correction to disp= 6.294222e-05 in node 14256 and dof 1

 divergence; the increment size is decreased to 3.125000e-03
 the increment is reattempted

 increment 14 attempt 2 
 increment size= 3.125000e-03
 sum of previous increments=5.500000e-01
 actual step time=5.531250e-01
 actual total time=5.531250e-01

 iteration 1

 Using up to 1 cpu(s) for the stress calculation.

 Using up to 1 cpu(s) for the symmetric stiffness/mass contributions.

 Factoring the system of equations using the symmetric spooles solver
 Using up to 1 cpu(s) for spooles.

 Using up to 1 cpu(s) for the stress calculation.

 average force= 0.000021
 time avg. forc= 0.000011
 largest residual force= 0.000000 in node 3336 and dof 1
 largest increment of disp= 2.968059e-05
 largest correction to disp= 1.680000e-05 in node 14253 and dof 1

 no convergence

 iteration 2

 Using up to 1 cpu(s) for the symmetric stiffness/mass contributions.

 Factoring the system of equations using the symmetric spooles solver
 Using up to 1 cpu(s) for spooles.

 Using up to 1 cpu(s) for the stress calculation.

 average force= 0.000021
 time avg. forc= 0.000011
 largest residual force= 0.000000 in node 3337 and dof 1
 largest increment of disp= 2.968059e-05
 largest correction to disp= 8.649173e-06 in node 14256 and dof 1

 convergence

 increment 15 attempt 1 
 increment size= 3.125000e-03
 sum of previous increments=5.531250e-01
 actual step time=5.562500e-01
 actual total time=5.562500e-01

 iteration 1

 Using up to 1 cpu(s) for the stress calculation.

 Using up to 1 cpu(s) for the symmetric stiffness/mass contributions.

 Factoring the system of equations using the symmetric spooles solver
 Using up to 1 cpu(s) for spooles.

 Using up to 1 cpu(s) for the stress calculation.

 average force= 0.000021
 time avg. forc= 0.000012
 largest residual force= 0.000000 in node 3336 and dof 1
 largest increment of disp= 1.928316e-05
 largest correction to disp= 1.983976e-06 in node 12098 and dof 1

 no convergence

 iteration 2

 Using up to 1 cpu(s) for the symmetric stiffness/mass contributions.

 Factoring the system of equations using the symmetric spooles solver
 Using up to 1 cpu(s) for spooles.

 Using up to 1 cpu(s) for the stress calculation.

 average force= 0.000021
 time avg. forc= 0.000012
 largest residual force= 0.000000 in node 3338 and dof 1
 largest increment of disp= 1.928316e-05
 largest correction to disp= 9.642223e-08 in node 12089 and dof 1

 convergence; the increment size is increased to 4.687500e-03

 Using up to 1 cpu(s) for the stress calculation.

 increment 16 attempt 1 
 increment size= 4.687500e-03
 sum of previous increments=5.562500e-01
 actual step time=5.609375e-01
 actual total time=5.609375e-01

 iteration 1

 Using up to 1 cpu(s) for the stress calculation.

 Using up to 1 cpu(s) for the symmetric stiffness/mass contributions.

 Factoring the system of equations using the symmetric spooles solver
 Using up to 1 cpu(s) for spooles.

 Using up to 1 cpu(s) for the stress calculation.

 average force= 0.000021
 time avg. forc= 0.000012
 largest residual force= 0.000000 in node 3336 and dof 1
 largest increment of disp= 2.589954e-05
 largest correction to disp= 1.162724e-05 in node 14253 and dof 1

 no convergence

 iteration 2

 Using up to 1 cpu(s) for the symmetric stiffness/mass contributions.

 Factoring the system of equations using the symmetric spooles solver
 Using up to 1 cpu(s) for spooles.

 Using up to 1 cpu(s) for the stress calculation.

 average force= 0.000021
 time avg. forc= 0.000012
 largest residual force= 0.000000 in node 2546 and dof 1
 largest increment of disp= 2.589954e-05
 largest correction to disp= 2.864337e-06 in node 14253 and dof 1

 convergence; the increment size is increased to 7.031250e-03

 increment 17 attempt 1 
 increment size= 7.031250e-03
 sum of previous increments=5.609375e-01
 actual step time=5.679688e-01
 actual total time=5.679688e-01

 iteration 1

 Using up to 1 cpu(s) for the stress calculation.

 Using up to 1 cpu(s) for the symmetric stiffness/mass contributions.

 Factoring the system of equations using the symmetric spooles solver
 Using up to 1 cpu(s) for spooles.

 Using up to 1 cpu(s) for the stress calculation.

 average force= 0.000021
 time avg. forc= 0.000013
 largest residual force= 0.000001 in node 3336 and dof 1
 largest increment of disp= 3.933586e-05
 largest correction to disp= 2.548645e-05 in node 14244 and dof 1

 no convergence

 iteration 2

 Using up to 1 cpu(s) for the symmetric stiffness/mass contributions.

 Factoring the system of equations using the symmetric spooles solver
 Using up to 1 cpu(s) for spooles.

 Using up to 1 cpu(s) for the stress calculation.

 average force= 0.000021
 time avg. forc= 0.000013
 largest residual force= 0.000000 in node 2546 and dof 1
 largest increment of disp= 3.933586e-05
 largest correction to disp= 8.449109e-06 in node 14253 and dof 1

 convergence; the increment size is increased to 1.054688e-02

 increment 18 attempt 1 
 increment size= 1.054688e-02
 sum of previous increments=5.679688e-01
 actual step time=5.785156e-01
 actual total time=5.785156e-01

 iteration 1

 Using up to 1 cpu(s) for the stress calculation.

 Using up to 1 cpu(s) for the symmetric stiffness/mass contributions.

 Factoring the system of equations using the symmetric spooles solver
 Using up to 1 cpu(s) for spooles.

 Using up to 1 cpu(s) for the stress calculation.

 average force= 0.000022
 time avg. forc= 0.000013
 largest residual force= 0.000000 in node 3336 and dof 1
 largest increment of disp= 5.371462e-05
 largest correction to disp= 1.277969e-05 in node 14247 and dof 1

 no convergence

 iteration 2

 Using up to 1 cpu(s) for the symmetric stiffness/mass contributions.

 Factoring the system of equations using the symmetric spooles solver
 Using up to 1 cpu(s) for spooles.

 Using up to 1 cpu(s) for the stress calculation.

 average force= 0.000022
 time avg. forc= 0.000013
 largest residual force= 0.000000 in node 3336 and dof 1
 largest increment of disp= 5.371462e-05
 largest correction to disp= 2.632533e-06 in node 14244 and dof 1

 convergence; the increment size is increased to 1.582031e-02

 increment 19 attempt 1 
 increment size= 1.582031e-02
 sum of previous increments=5.785156e-01
 actual step time=5.943359e-01
 actual total time=5.943359e-01

 iteration 1

 Using up to 1 cpu(s) for the stress calculation.

 Using up to 1 cpu(s) for the symmetric stiffness/mass contributions.

 Factoring the system of equations using the symmetric spooles solver
 Using up to 1 cpu(s) for spooles.

 Using up to 1 cpu(s) for the stress calculation.

 average force= 0.000023
 time avg. forc= 0.000014
 largest residual force= 0.000000 in node 2546 and dof 1
 largest increment of disp= 5.954345e-05
 largest correction to disp= 2.009846e-05 in node 14244 and dof 1

 no convergence

 iteration 2

 Using up to 1 cpu(s) for the symmetric stiffness/mass contributions.

 Factoring the system of equations using the symmetric spooles solver
 Using up to 1 cpu(s) for spooles.

 Using up to 1 cpu(s) for the stress calculation.

 average force= 0.000023
 time avg. forc= 0.000014
 largest residual force= 0.000000 in node 3336 and dof 1
 largest increment of disp= 5.954345e-05
 largest correction to disp= 8.805500e-06 in node 14244 and dof 1

 convergence; the increment size is increased to 2.373047e-02

 increment 20 attempt 1 
 increment size= 2.373047e-02
 sum of previous increments=5.943359e-01
 actual step time=6.180664e-01
 actual total time=6.180664e-01

 iteration 1

 Using up to 1 cpu(s) for the stress calculation.

 Using up to 1 cpu(s) for the symmetric stiffness/mass contributions.

 Factoring the system of equations using the symmetric spooles solver
 Using up to 1 cpu(s) for spooles.

 Using up to 1 cpu(s) for the stress calculation.

 average force= 0.000024
 time avg. forc= 0.000014
 largest residual force= 0.000001 in node 2546 and dof 1
 largest increment of disp= 6.756303e-05
 largest correction to disp= 2.657777e-05 in node 14253 and dof 1

 no convergence

 iteration 2

 Using up to 1 cpu(s) for the symmetric stiffness/mass contributions.

 Factoring the system of equations using the symmetric spooles solver
 Using up to 1 cpu(s) for spooles.

 Using up to 1 cpu(s) for the stress calculation.

 average force= 0.000024
 time avg. forc= 0.000014
 largest residual force= 0.000000 in node 3336 and dof 1
 largest increment of disp= 6.756303e-05
 largest correction to disp= 1.398156e-05 in node 14253 and dof 1

 convergence; the increment size is increased to 3.559570e-02

 Using up to 1 cpu(s) for the stress calculation.

 increment 21 attempt 1 
 increment size= 3.559570e-02
 sum of previous increments=6.180664e-01
 actual step time=6.536621e-01
 actual total time=6.536621e-01

 iteration 1

 Using up to 1 cpu(s) for the stress calculation.

 Using up to 1 cpu(s) for the symmetric stiffness/mass contributions.

 Factoring the system of equations using the symmetric spooles solver
 Using up to 1 cpu(s) for spooles.

 Using up to 1 cpu(s) for the stress calculation.

 average force= 0.000025
 time avg. forc= 0.000015
 largest residual force= 0.000004 in node 3336 and dof 1
 largest increment of disp= 8.146144e-05
 largest correction to disp= 4.651742e-05 in node 14244 and dof 1

 no convergence

 iteration 2

 Using up to 1 cpu(s) for the symmetric stiffness/mass contributions.

 Factoring the system of equations using the symmetric spooles solver
 Using up to 1 cpu(s) for spooles.

 Using up to 1 cpu(s) for the stress calculation.

 average force= 0.000025
 time avg. forc= 0.000015
 largest residual force= 0.000002 in node 3336 and dof 1
 largest increment of disp= 8.146144e-05
 largest correction to disp= 3.154053e-05 in node 14244 and dof 1

 no convergence

 iteration 3

 Using up to 1 cpu(s) for the symmetric stiffness/mass contributions.

 Factoring the system of equations using the symmetric spooles solver
 Using up to 1 cpu(s) for spooles.

 Using up to 1 cpu(s) for the stress calculation.

 average force= 0.000025
 time avg. forc= 0.000015
 largest residual force= 0.000000 in node 3336 and dof 1
 largest increment of disp= 8.146144e-05
 largest correction to disp= 3.476948e-06 in node 14253 and dof 1

 convergence; the increment size is increased to 5.339355e-02

 the increment size exceeds the maximum allowed and is decreased to 5.000000e-02

 increment 22 attempt 1 
 increment size= 5.000000e-02
 sum of previous increments=6.536621e-01
 actual step time=7.036621e-01
 actual total time=7.036621e-01

 iteration 1

 Using up to 1 cpu(s) for the stress calculation.

 Using up to 1 cpu(s) for the symmetric stiffness/mass contributions.

 Factoring the system of equations using the symmetric spooles solver
 Using up to 1 cpu(s) for spooles.

 Using up to 1 cpu(s) for the stress calculation.

 average force= 0.000028
 time avg. forc= 0.000016
 largest residual force= 0.000008 in node 3336 and dof 1
 largest increment of disp= 9.589916e-05
 largest correction to disp= 6.309353e-05 in node 14244 and dof 1

 no convergence

 iteration 2

 Using up to 1 cpu(s) for the symmetric stiffness/mass contributions.

 Factoring the system of equations using the symmetric spooles solver
 Using up to 1 cpu(s) for spooles.

 Using up to 1 cpu(s) for the stress calculation.

 average force= 0.000028
 time avg. forc= 0.000016
 largest residual force= 0.000000 in node 2546 and dof 1
 largest increment of disp= 9.589916e-05
 largest correction to disp= 1.300228e-05 in node 14244 and dof 1

 convergence; the increment size is increased to 7.500000e-02

 the increment size exceeds the maximum allowed and is decreased to 5.000000e-02

 increment 23 attempt 1 
 increment size= 5.000000e-02
 sum of previous increments=7.036621e-01
 actual step time=7.536621e-01
 actual total time=7.536621e-01

 iteration 1

 Using up to 1 cpu(s) for the stress calculation.

 Using up to 1 cpu(s) for the symmetric stiffness/mass contributions.

 Factoring the system of equations using the symmetric spooles solver
 Using up to 1 cpu(s) for spooles.

 Using up to 1 cpu(s) for the stress calculation.

 average force= 0.000031
 time avg. forc= 0.000016
 largest residual force= 0.000003 in node 3336 and dof 1
 largest increment of disp= 1.135173e-04
 largest correction to disp= 3.953196e-05 in node 14253 and dof 1

 no convergence

 iteration 2

 Using up to 1 cpu(s) for the symmetric stiffness/mass contributions.

 Factoring the system of equations using the symmetric spooles solver
 Using up to 1 cpu(s) for spooles.

 Using up to 1 cpu(s) for the stress calculation.

 average force= 0.000031
 time avg. forc= 0.000016
 largest residual force= 0.000002 in node 3336 and dof 1
 largest increment of disp= 1.135173e-04
 largest correction to disp= 3.086017e-05 in node 14244 and dof 1

 no convergence

 iteration 3

 Using up to 1 cpu(s) for the symmetric stiffness/mass contributions.

 Factoring the system of equations using the symmetric spooles solver
 Using up to 1 cpu(s) for spooles.

 Using up to 1 cpu(s) for the stress calculation.

 average force= 0.000031
 time avg. forc= 0.000016
 largest residual force= 0.000000 in node 3336 and dof 1
 largest increment of disp= 1.135173e-04
 largest correction to disp= 1.377653e-05 in node 14244 and dof 1

 convergence; the increment size is increased to 7.500000e-02

 the increment size exceeds the maximum allowed and is decreased to 5.000000e-02

 increment 24 attempt 1 
 increment size= 5.000000e-02
 sum of previous increments=7.536621e-01
 actual step time=8.036621e-01
 actual total time=8.036621e-01

 iteration 1

 Using up to 1 cpu(s) for the stress calculation.

 Using up to 1 cpu(s) for the symmetric stiffness/mass contributions.

 Factoring the system of equations using the symmetric spooles solver
 Using up to 1 cpu(s) for spooles.

 Using up to 1 cpu(s) for the stress calculation.

 average force= 0.000033
 time avg. forc= 0.000017
 largest residual force= 0.000002 in node 4079 and dof 1
 largest increment of disp= 7.419272e-05
 largest correction to disp= 6.966709e-06 in node 12042 and dof 1

 no convergence

 iteration 2

 Using up to 1 cpu(s) for the symmetric stiffness/mass contributions.

 Factoring the system of equations using the symmetric spooles solver
 Using up to 1 cpu(s) for spooles.

 Using up to 1 cpu(s) for the stress calculation.

 average force= 0.000033
 time avg. forc= 0.000017
 largest residual force= 0.000000 in node 3336 and dof 1
 largest increment of disp= 7.419272e-05
 largest correction to disp= 8.716901e-07 in node 12089 and dof 1

 convergence; the increment size is increased to 7.500000e-02

 the increment size exceeds the maximum allowed and is decreased to 5.000000e-02

 increment 25 attempt 1 
 increment size= 5.000000e-02
 sum of previous increments=8.036621e-01
 actual step time=8.536621e-01
 actual total time=8.536621e-01

 iteration 1

 Using up to 1 cpu(s) for the stress calculation.

 Using up to 1 cpu(s) for the symmetric stiffness/mass contributions.

 Factoring the system of equations using the symmetric spooles solver
 Using up to 1 cpu(s) for spooles.

 Using up to 1 cpu(s) for the stress calculation.

 average force= 0.000036
 time avg. forc= 0.000018
 largest residual force= 0.000003 in node 4075 and dof 1
 largest increment of disp= 6.925683e-05
 largest correction to disp= 1.100932e-05 in node 14253 and dof 1

 no convergence

 iteration 2

 Using up to 1 cpu(s) for the symmetric stiffness/mass contributions.

 Factoring the system of equations using the symmetric spooles solver
 Using up to 1 cpu(s) for spooles.

 Using up to 1 cpu(s) for the stress calculation.

 average force= 0.000036
 time avg. forc= 0.000018
 largest residual force= 0.000000 in node 3336 and dof 1
 largest increment of disp= 6.925683e-05
 largest correction to disp= 3.918586e-07 in node 14253 and dof 1

 convergence; the increment size is increased to 7.500000e-02

 the increment size exceeds the maximum allowed and is decreased to 5.000000e-02

 Using up to 1 cpu(s) for the stress calculation.

 increment 26 attempt 1 
 increment size= 5.000000e-02
 sum of previous increments=8.536621e-01
 actual step time=9.036621e-01
 actual total time=9.036621e-01

 iteration 1

 Using up to 1 cpu(s) for the stress calculation.

 Using up to 1 cpu(s) for the symmetric stiffness/mass contributions.

 Factoring the system of equations using the symmetric spooles solver
 Using up to 1 cpu(s) for spooles.

 Using up to 1 cpu(s) for the stress calculation.

 average force= 0.000039
 time avg. forc= 0.000018
 largest residual force= 0.000003 in node 4075 and dof 1
 largest increment of disp= 6.565180e-05
 largest correction to disp= 1.426133e-05 in node 12093 and dof 1

 no convergence

 iteration 2

 Using up to 1 cpu(s) for the symmetric stiffness/mass contributions.

 Factoring the system of equations using the symmetric spooles solver
 Using up to 1 cpu(s) for spooles.

 Using up to 1 cpu(s) for the stress calculation.

 average force= 0.000039
 time avg. forc= 0.000018
 largest residual force= 0.000000 in node 2544 and dof 1
 largest increment of disp= 6.565180e-05
 largest correction to disp= 9.188297e-07 in node 12084 and dof 1

 convergence; the increment size is increased to 7.500000e-02

 the increment size exceeds the maximum allowed and is decreased to 5.000000e-02

 increment 27 attempt 1 
 increment size= 5.000000e-02
 sum of previous increments=9.036621e-01
 actual step time=9.536621e-01
 actual total time=9.536621e-01

 iteration 1

 Using up to 1 cpu(s) for the stress calculation.

 Using up to 1 cpu(s) for the symmetric stiffness/mass contributions.

 Factoring the system of equations using the symmetric spooles solver
 Using up to 1 cpu(s) for spooles.

 Using up to 1 cpu(s) for the stress calculation.

 average force= 0.000042
 time avg. forc= 0.000019
 largest residual force= 0.000003 in node 4079 and dof 1
 largest increment of disp= 6.247766e-05
 largest correction to disp= 3.024471e-05 in node 12093 and dof 1

 no convergence

 iteration 2

 Using up to 1 cpu(s) for the symmetric stiffness/mass contributions.

 Factoring the system of equations using the symmetric spooles solver
 Using up to 1 cpu(s) for spooles.

 Using up to 1 cpu(s) for the stress calculation.

 average force= 0.000042
 time avg. forc= 0.000019
 largest residual force= 0.000000 in node 2544 and dof 1
 largest increment of disp= 6.247766e-05
 largest correction to disp= 4.725247e-06 in node 12093 and dof 1

 convergence; the increment size is increased to 7.500000e-02

 the increment size exceeds the maximum allowed and is decreased to 5.000000e-02

 the increment size exceeds the remainder of the step and is decreased to 4.633789e-02

 increment 28 attempt 1 
 increment size= 4.633789e-02
 sum of previous increments=9.536621e-01
 actual step time=1.000000e+00
 actual total time=1.000000e+00

 iteration 1

 Using up to 1 cpu(s) for the stress calculation.

 Using up to 1 cpu(s) for the symmetric stiffness/mass contributions.

 Factoring the system of equations using the symmetric spooles solver
 Using up to 1 cpu(s) for spooles.

 Using up to 1 cpu(s) for the stress calculation.

 average force= 0.000045
 time avg. forc= 0.000020
 largest residual force= 0.000022 in node 2544 and dof 1
 largest increment of disp= 1.225812e-04
 largest correction to disp= 1.225812e-04 in node 12084 and dof 1

 no convergence

 iteration 2

 Using up to 1 cpu(s) for the symmetric stiffness/mass contributions.

 Factoring the system of equations using the symmetric spooles solver
 Using up to 1 cpu(s) for spooles.

 Using up to 1 cpu(s) for the stress calculation.

 average force= 0.000045
 time avg. forc= 0.000020
 largest residual force= 0.000004 in node 2544 and dof 1
 largest increment of disp= 1.225812e-04
 largest correction to disp= 5.401757e-05 in node 12093 and dof 1

 no convergence

 iteration 3

 Using up to 1 cpu(s) for the symmetric stiffness/mass contributions.

 Factoring the system of equations using the symmetric spooles solver
 Using up to 1 cpu(s) for spooles.

 Using up to 1 cpu(s) for the stress calculation.

 average force= 0.000045
 time avg. forc= 0.000020
 largest residual force= 0.000000 in node 2544 and dof 1
 largest increment of disp= 1.225812e-04
 largest correction to disp= 1.903931e-05 in node 12084 and dof 1

 convergence; the increment size is increased to 6.950684e-02

 the increment size exceeds the maximum allowed and is decreased to 5.000000e-02

 the increment size exceeds the remainder of the step and is decreased to 0.000000e+00

 Using up to 1 cpu(s) for the stress calculation.


 Job finished

________________________________________

Total CalculiX Time: 224.620005
________________________________________
=== on-caso-3-sf (CCX): renomeando outputs _Pc9034 ===
=== on-caso-3-sf (CCX): ccx2paraview nao encontrado dentro do container ===
    (rode no HOST: cd cases/on-caso-3-sf/ccx && /tmp/ccx2pv/bin/ccx2paraview on-caso-3-sf_Pc9034.frd vtu)

=== Concluido. Arquivos de saida: ===
  on-caso-3-sf.frd  - campos CalculiX (U, RF, S, E)
  on-caso-3-sf.dat  - totais RF/U nos NSETs monitorados
  on-caso-3-sf.sta  - status de convergencia por incremento Riks (lam_final)

Analise: python3 brunaStuff/analyze_on-caso-3-sf_pcontact_sweep.py
