 Container myopenfoam-fsi-run-f395852192e6 Creating 
 Container myopenfoam-fsi-run-f395852192e6 Created 
=== on-caso-2.2 (CCX): polyMesh -> CalculiX .inp ===
[1/5] Lendo polyMesh em ../solid/constant/polyMesh
      nodes=5317, faces=14796, cells=4752, patches=9, zones=['on', 'pia', 'sas', 'dura', 'lc', 'sclera_peri', 'sclera_ring', 'globo']
[2/5] Reconstruindo conectividade C3D8 (4752 celulas)
      OK
[3/5] Escrevendo malha em on-caso-2.2_mesh.inp
      DURA_INNER_SURF: 240 faces (interface dura<->sas)
[4/5] Escrevendo Winkler em on-caso-2.2_winkler.inp (dura_outer + perturbation_strip = 240 faces, UNIFORME)
[5/5] Concluido. Total: 5317 nodes, 4752 hex C3D8I.
=== on-caso-2.2 (CCX): sweep em J (theta0=-90 turn=-53.130102, zmax=0.0308) ===
[centerline_sweep] 5317 nos varridos; globo na origem (s=0), L_arco=30.80 mm (= tubo reto), theta0=-90deg, turn=-53deg, |R|=33.21 mm. Plano XY, espessura em Z.
[centerline_sweep] 264 nos varridos; globo na origem (s=0), L_arco=30.80 mm (= tubo reto), theta0=-90deg, turn=-53deg, |R|=33.21 mm. Plano XY, espessura em Z.
=== on-caso-2.2 (CCX): solver ccx_preCICE -i on-caso-2.2 ===

************************************************************

CalculiX Version 2.20, Copyright(C) 1998-2022 Guido Dhondt
CalculiX comes with ABSOLUTELY NO WARRANTY. This is free
software, and you are welcome to redistribute it under
certain conditions, see gpl.htm

************************************************************

You are using an executable made on Sun Jul 31 18:08:37 CEST 2022

  The numbers below are estimated upper bounds

  number of:

   nodes:        19837
   elements:         5016
   one-dimensional elements:            0
   two-dimensional elements:            0
   integration points per element:            8
   degrees of freedom per node:            3
   layers per element:            1

   distributed facial loads:          240
   distributed volumetric loads:            0
   concentrated loads:          409
   single point constraints:         3462
   multiple point constraints:            1
   terms in all multiple point constraints:            1
   tie constraints:            0
   dependent nodes tied by cyclic constraints:            0
   dependent nodes in pre-tension constraints:            0

   sets:          293
   terms in all sets:        18496

   materials:          272
   constants per material and temperature:            2
   temperature points per material:            1
   plastic data points per material:            0

   orientations:            0
   amplitudes:            7
   data points in all amplitudes:           10
   print requests:            8
   transformations:            0
   property cards:            0

 *INFO reading *HYPERELASTIC: nonlinear geometric
       effects are turned on

 *INFO reading *HYPERELASTIC: nonlinear geometric
       effects are turned on

 *INFO reading *HYPERELASTIC: nonlinear geometric
       effects are turned on

 *INFO reading *HYPERELASTIC: nonlinear geometric
       effects are turned on

 *INFO reading *HYPERELASTIC: nonlinear geometric
       effects are turned on

 *INFO reading *HYPERELASTIC: nonlinear geometric
       effects are turned on

 *INFO reading *HYPERELASTIC: nonlinear geometric
       effects are turned on

 *INFO reading *HYPERELASTIC: nonlinear geometric
       effects are turned on

 *INFO reading *STEP: nonlinear geometric
       effects are turned on

 *WARNING reading *STATIC: parameter not recognized:
          RIKS
 *WARNING reading *STATIC. Card image:
          *STATIC,RIKS


 STEP            1

 Static analysis was selected

 Nonlinear material laws are taken into account

 Newton-Raphson iterative procedure is active

 Nonlinear geometric effects are taken into account

 Decascading the MPC's

 Determining the structure of the matrix:
 Using up to 1 cpu(s) for setting up the structure of the matrix.
 number of equations
 56265
 number of nonzero lower triangular matrix elements
 1607559

 increment 1 attempt 1 
 increment size= 2.500000e-02
 sum of previous increments=0.000000e+00
 actual step time=2.500000e-02
 actual total time=2.500000e-02

 iteration 1

 Using up to 1 cpu(s) for the stress calculation.

 Using up to 1 cpu(s) for the symmetric stiffness/mass contributions.

 Factoring the system of equations using the symmetric spooles solver
 Using up to 1 cpu(s) for spooles.

 Using up to 1 cpu(s) for the stress calculation.

 average force= 0.000010
 time avg. forc= 0.000010
 largest residual force= 0.001015 in node 4143 and dof 2
 largest increment of disp= 3.761734e-05
 largest correction to disp= 3.761734e-05 in node 4495 and dof 2

 no convergence

 iteration 2

 Using up to 1 cpu(s) for the symmetric stiffness/mass contributions.

 Factoring the system of equations using the symmetric spooles solver
 Using up to 1 cpu(s) for spooles.

 Using up to 1 cpu(s) for the stress calculation.

 average force= 0.000009
 time avg. forc= 0.000009
 largest residual force= 0.000009 in node 4143 and dof 2
 largest increment of disp= 3.761734e-05
 largest correction to disp= 2.507620e-06 in node 4444 and dof 1

 no convergence

 iteration 3

 Using up to 1 cpu(s) for the symmetric stiffness/mass contributions.

 Factoring the system of equations using the symmetric spooles solver
 Using up to 1 cpu(s) for spooles.

 Using up to 1 cpu(s) for the stress calculation.

 average force= 0.000009
 time avg. forc= 0.000009
 largest residual force= 0.000000 in node 4167 and dof 1
 largest increment of disp= 3.761734e-05
 largest correction to disp= 4.387213e-09 in node 3875 and dof 1

 convergence

 increment 2 attempt 1 
 increment size= 2.500000e-02
 sum of previous increments=2.500000e-02
 actual step time=5.000000e-02
 actual total time=5.000000e-02

 iteration 1

 Using up to 1 cpu(s) for the stress calculation.

 Using up to 1 cpu(s) for the symmetric stiffness/mass contributions.

 Factoring the system of equations using the symmetric spooles solver
 Using up to 1 cpu(s) for spooles.

 Using up to 1 cpu(s) for the stress calculation.

 average force= 0.000017
 time avg. forc= 0.000013
 largest residual force= 0.000000 in node 4167 and dof 1
 largest increment of disp= 3.751558e-05
 largest correction to disp= 9.835829e-08 in node 4171 and dof 1

 no convergence

 iteration 2

 Using up to 1 cpu(s) for the symmetric stiffness/mass contributions.

 Factoring the system of equations using the symmetric spooles solver
 Using up to 1 cpu(s) for spooles.

 Using up to 1 cpu(s) for the stress calculation.

 average force= 0.000017
 time avg. forc= 0.000013
 largest residual force= 0.000000 in node 4167 and dof 1
 largest increment of disp= 3.751558e-05
 largest correction to disp= 5.090397e-10 in node 16511 and dof 1

 convergence; the increment size is increased to 3.750000e-02

 increment 3 attempt 1 
 increment size= 3.750000e-02
 sum of previous increments=5.000000e-02
 actual step time=8.750000e-02
 actual total time=8.750000e-02

 iteration 1

 Using up to 1 cpu(s) for the stress calculation.

 Using up to 1 cpu(s) for the symmetric stiffness/mass contributions.

 Factoring the system of equations using the symmetric spooles solver
 Using up to 1 cpu(s) for spooles.

 Using up to 1 cpu(s) for the stress calculation.

 average force= 0.000031
 time avg. forc= 0.000019
 largest residual force= 0.000002 in node 4167 and dof 1
 largest increment of disp= 5.627335e-05
 largest correction to disp= 2.893937e-07 in node 4454 and dof 1

 no convergence

 iteration 2

 Using up to 1 cpu(s) for the symmetric stiffness/mass contributions.

 Factoring the system of equations using the symmetric spooles solver
 Using up to 1 cpu(s) for spooles.

 Using up to 1 cpu(s) for the stress calculation.

 average force= 0.000031
 time avg. forc= 0.000019
 largest residual force= 0.000000 in node 4167 and dof 1
 largest increment of disp= 5.627335e-05
 largest correction to disp= 2.863872e-09 in node 16511 and dof 1

 convergence; the increment size is increased to 5.625000e-02

 the increment size exceeds the maximum allowed and is decreased to 5.000000e-02

 increment 4 attempt 1 
 increment size= 5.000000e-02
 sum of previous increments=8.750000e-02
 actual step time=1.375000e-01
 actual total time=1.375000e-01

 iteration 1

 Using up to 1 cpu(s) for the stress calculation.

 Using up to 1 cpu(s) for the symmetric stiffness/mass contributions.

 Factoring the system of equations using the symmetric spooles solver
 Using up to 1 cpu(s) for spooles.

 Using up to 1 cpu(s) for the stress calculation.

 average force= 0.000049
 time avg. forc= 0.000026
 largest residual force= 0.000006 in node 4167 and dof 1
 largest increment of disp= 7.503426e-05
 largest correction to disp= 5.464508e-07 in node 4454 and dof 1

 no convergence

 iteration 2

 Using up to 1 cpu(s) for the symmetric stiffness/mass contributions.

 Factoring the system of equations using the symmetric spooles solver
 Using up to 1 cpu(s) for spooles.

 Using up to 1 cpu(s) for the stress calculation.

 average force= 0.000049
 time avg. forc= 0.000026
 largest residual force= 0.000000 in node 4167 and dof 1
 largest increment of disp= 7.503426e-05
 largest correction to disp= 1.134108e-08 in node 16505 and dof 1

 convergence; the increment size is increased to 7.500000e-02

 the increment size exceeds the maximum allowed and is decreased to 5.000000e-02

 increment 5 attempt 1 
 increment size= 5.000000e-02
 sum of previous increments=1.375000e-01
 actual step time=1.875000e-01
 actual total time=1.875000e-01

 iteration 1

 Using up to 1 cpu(s) for the stress calculation.

 Using up to 1 cpu(s) for the symmetric stiffness/mass contributions.

 Factoring the system of equations using the symmetric spooles solver
 Using up to 1 cpu(s) for spooles.

 Using up to 1 cpu(s) for the stress calculation.

 average force= 0.000067
 time avg. forc= 0.000035
 largest residual force= 0.000009 in node 4167 and dof 1
 largest increment of disp= 7.503864e-05
 largest correction to disp= 6.344340e-07 in node 4455 and dof 1

 no convergence

 iteration 2

 Using up to 1 cpu(s) for the symmetric stiffness/mass contributions.

 Factoring the system of equations using the symmetric spooles solver
 Using up to 1 cpu(s) for spooles.

 Using up to 1 cpu(s) for the stress calculation.

 average force= 0.000067
 time avg. forc= 0.000035
 largest residual force= 0.000000 in node 4167 and dof 1
 largest increment of disp= 7.503864e-05
 largest correction to disp= 1.769117e-08 in node 16505 and dof 1

 convergence; the increment size is increased to 7.500000e-02

 the increment size exceeds the maximum allowed and is decreased to 5.000000e-02

 Using up to 1 cpu(s) for the stress calculation.

 increment 6 attempt 1 
 increment size= 5.000000e-02
 sum of previous increments=1.875000e-01
 actual step time=2.375000e-01
 actual total time=2.375000e-01

 iteration 1

 Using up to 1 cpu(s) for the stress calculation.

 Using up to 1 cpu(s) for the symmetric stiffness/mass contributions.

 Factoring the system of equations using the symmetric spooles solver
 Using up to 1 cpu(s) for spooles.

 Using up to 1 cpu(s) for the stress calculation.

 average force= 0.000086
 time avg. forc= 0.000043
 largest residual force= 0.000010 in node 4167 and dof 1
 largest increment of disp= 7.504371e-05
 largest correction to disp= 6.450390e-07 in node 4455 and dof 1

 no convergence

 iteration 2

 Using up to 1 cpu(s) for the symmetric stiffness/mass contributions.

 Factoring the system of equations using the symmetric spooles solver
 Using up to 1 cpu(s) for spooles.

 Using up to 1 cpu(s) for the stress calculation.

 average force= 0.000086
 time avg. forc= 0.000043
 largest residual force= 0.000000 in node 4167 and dof 1
 largest increment of disp= 7.504371e-05
 largest correction to disp= 2.173503e-08 in node 16511 and dof 1

 convergence; the increment size is increased to 7.500000e-02

 the increment size exceeds the maximum allowed and is decreased to 5.000000e-02

 increment 7 attempt 1 
 increment size= 5.000000e-02
 sum of previous increments=2.375000e-01
 actual step time=2.875000e-01
 actual total time=2.875000e-01

 iteration 1

 Using up to 1 cpu(s) for the stress calculation.

 Using up to 1 cpu(s) for the symmetric stiffness/mass contributions.

 Factoring the system of equations using the symmetric spooles solver
 Using up to 1 cpu(s) for spooles.

 Using up to 1 cpu(s) for the stress calculation.

 average force= 0.000106
 time avg. forc= 0.000052
 largest residual force= 0.000024 in node 3920 and dof 1
 largest increment of disp= 7.504902e-05
 largest correction to disp= 6.512692e-07 in node 4455 and dof 1

 no convergence

 iteration 2

 Using up to 1 cpu(s) for the symmetric stiffness/mass contributions.

 Factoring the system of equations using the symmetric spooles solver
 Using up to 1 cpu(s) for spooles.

 Using up to 1 cpu(s) for the stress calculation.

 average force= 0.000106
 time avg. forc= 0.000052
 largest residual force= 0.000000 in node 4167 and dof 1
 largest increment of disp= 7.504902e-05
 largest correction to disp= 2.819692e-08 in node 11114 and dof 3

 convergence; the increment size is increased to 7.500000e-02

 the increment size exceeds the maximum allowed and is decreased to 5.000000e-02

 increment 8 attempt 1 
 increment size= 5.000000e-02
 sum of previous increments=2.875000e-01
 actual step time=3.375000e-01
 actual total time=3.375000e-01

 iteration 1

 Using up to 1 cpu(s) for the stress calculation.

 Using up to 1 cpu(s) for the symmetric stiffness/mass contributions.

 Factoring the system of equations using the symmetric spooles solver
 Using up to 1 cpu(s) for spooles.

 Using up to 1 cpu(s) for the stress calculation.

 average force= 0.000126
 time avg. forc= 0.000061
 largest residual force= 0.000117 in node 3920 and dof 1
 largest increment of disp= 7.505507e-05
 largest correction to disp= 1.365491e-06 in node 17331 and dof 1

 no convergence

 iteration 2

 Using up to 1 cpu(s) for the symmetric stiffness/mass contributions.

 Factoring the system of equations using the symmetric spooles solver
 Using up to 1 cpu(s) for spooles.

 Using up to 1 cpu(s) for the stress calculation.

 average force= 0.000126
 time avg. forc= 0.000061
 largest residual force= 0.000001 in node 3905 and dof 1
 largest increment of disp= 7.505507e-05
 largest correction to disp= 1.392834e-07 in node 17337 and dof 1

 no convergence

 iteration 3

 Using up to 1 cpu(s) for the symmetric stiffness/mass contributions.

 Factoring the system of equations using the symmetric spooles solver
 Using up to 1 cpu(s) for spooles.

 Using up to 1 cpu(s) for the stress calculation.

 average force= 0.000126
 time avg. forc= 0.000061
 largest residual force= 0.000000 in node 3905 and dof 1
 largest increment of disp= 7.505507e-05
 largest correction to disp= 9.664662e-10 in node 17331 and dof 1

 convergence; the increment size is increased to 7.500000e-02

 the increment size exceeds the maximum allowed and is decreased to 5.000000e-02

 increment 9 attempt 1 
 increment size= 5.000000e-02
 sum of previous increments=3.375000e-01
 actual step time=3.875000e-01
 actual total time=3.875000e-01

 iteration 1

 Using up to 1 cpu(s) for the stress calculation.

 Using up to 1 cpu(s) for the symmetric stiffness/mass contributions.

 Factoring the system of equations using the symmetric spooles solver
 Using up to 1 cpu(s) for spooles.

 Using up to 1 cpu(s) for the stress calculation.

 average force= 0.000150
 time avg. forc= 0.000071
 largest residual force= 0.001608 in node 3905 and dof 1
 largest increment of disp= 7.506398e-05
 largest correction to disp= 5.065412e-06 in node 17331 and dof 1

 no convergence

 iteration 2

 Using up to 1 cpu(s) for the symmetric stiffness/mass contributions.

 Factoring the system of equations using the symmetric spooles solver
 Using up to 1 cpu(s) for spooles.

 Using up to 1 cpu(s) for the stress calculation.

 average force= 0.000151
 time avg. forc= 0.000071
 largest residual force= 0.000156 in node 3905 and dof 1
 largest increment of disp= 7.506398e-05
 largest correction to disp= 1.563835e-06 in node 17337 and dof 1

 no convergence

 iteration 3

 Using up to 1 cpu(s) for the symmetric stiffness/mass contributions.

 Factoring the system of equations using the symmetric spooles solver
 Using up to 1 cpu(s) for spooles.

 Using up to 1 cpu(s) for the stress calculation.

 average force= 0.000151
 time avg. forc= 0.000071
 largest residual force= 0.000009 in node 3905 and dof 1
 largest increment of disp= 7.506398e-05
 largest correction to disp= 3.682904e-07 in node 17331 and dof 1

 no convergence

 iteration 4

 Using up to 1 cpu(s) for the symmetric stiffness/mass contributions.

 Factoring the system of equations using the symmetric spooles solver
 Using up to 1 cpu(s) for spooles.

 Using up to 1 cpu(s) for the stress calculation.

 average force= 0.000151
 time avg. forc= 0.000071
 largest residual force= 0.000000 in node 3905 and dof 1
 largest increment of disp= 7.506398e-05
 largest correction to disp= 7.521936e-09 in node 17337 and dof 1

 convergence; the increment size is increased to 7.500000e-02

 the increment size exceeds the maximum allowed and is decreased to 5.000000e-02

 increment 10 attempt 1 
 increment size= 5.000000e-02
 sum of previous increments=3.875000e-01
 actual step time=4.375000e-01
 actual total time=4.375000e-01

 iteration 1

 Using up to 1 cpu(s) for the stress calculation.

 Using up to 1 cpu(s) for the symmetric stiffness/mass contributions.

 Factoring the system of equations using the symmetric spooles solver
 Using up to 1 cpu(s) for spooles.

 Using up to 1 cpu(s) for the stress calculation.

 average force= 0.000195
 time avg. forc= 0.000084
 largest residual force= 0.008243 in node 3905 and dof 1
 largest increment of disp= 7.516869e-05
 largest correction to disp= 1.473701e-05 in node 11462 and dof 3

 no convergence

 iteration 2

 Using up to 1 cpu(s) for the symmetric stiffness/mass contributions.

 Factoring the system of equations using the symmetric spooles solver
 Using up to 1 cpu(s) for spooles.

 Using up to 1 cpu(s) for the stress calculation.

 average force= 0.000204
 time avg. forc= 0.000085
 largest residual force= 0.014631 in node 3905 and dof 1
 largest increment of disp= 7.516869e-05
 largest correction to disp= 1.514642e-05 in node 17337 and dof 1

 no convergence

 iteration 3

 Using up to 1 cpu(s) for the symmetric stiffness/mass contributions.

 Factoring the system of equations using the symmetric spooles solver
 Using up to 1 cpu(s) for spooles.

 Using up to 1 cpu(s) for the stress calculation.

 average force= 0.000223
 time avg. forc= 0.000087
 largest residual force= 0.014569 in node 2312 and dof 3
 largest increment of disp= 7.516869e-05
 largest correction to disp= 1.987245e-05 in node 11480 and dof 3

 no convergence

 iteration 4

 Using up to 1 cpu(s) for the symmetric stiffness/mass contributions.

 Factoring the system of equations using the symmetric spooles solver
 Using up to 1 cpu(s) for spooles.

 Using up to 1 cpu(s) for the stress calculation.

 average force= 0.000221
 time avg. forc= 0.000086
 largest residual force= 0.005019 in node 3905 and dof 1
 largest increment of disp= 7.516869e-05
 largest correction to disp= 8.767334e-06 in node 17337 and dof 1

 no convergence

 iteration 5

 Using up to 1 cpu(s) for the symmetric stiffness/mass contributions.

 Factoring the system of equations using the symmetric spooles solver
 Using up to 1 cpu(s) for spooles.

 Using up to 1 cpu(s) for the stress calculation.

 average force= 0.000221
 time avg. forc= 0.000086
 largest residual force= 0.000030 in node 2365 and dof 1
 largest increment of disp= 7.516869e-05
 largest correction to disp= 8.650555e-07 in node 11636 and dof 1

 no convergence

 iteration 6

 Using up to 1 cpu(s) for the symmetric stiffness/mass contributions.

 Factoring the system of equations using the symmetric spooles solver
 Using up to 1 cpu(s) for spooles.

 Using up to 1 cpu(s) for the stress calculation.

 average force= 0.000221
 time avg. forc= 0.000086
 largest residual force= 0.000000 in node 2365 and dof 1
 largest increment of disp= 7.516869e-05
 largest correction to disp= 1.510777e-08 in node 11636 and dof 1

 convergence

 Using up to 1 cpu(s) for the stress calculation.

 increment 11 attempt 1 
 increment size= 5.000000e-02
 sum of previous increments=4.375000e-01
 actual step time=4.875000e-01
 actual total time=4.875000e-01

 iteration 1

 Using up to 1 cpu(s) for the stress calculation.

 Using up to 1 cpu(s) for the symmetric stiffness/mass contributions.

 Factoring the system of equations using the symmetric spooles solver
 Using up to 1 cpu(s) for spooles.

 Using up to 1 cpu(s) for the stress calculation.

 average force= 0.000300
 time avg. forc= 0.000106
 largest residual force= 0.000493 in node 3920 and dof 1
 largest increment of disp= 7.602955e-05
 largest correction to disp= 1.017491e-05 in node 10637 and dof 1

 no convergence

 iteration 2

 Using up to 1 cpu(s) for the symmetric stiffness/mass contributions.

 Factoring the system of equations using the symmetric spooles solver
 Using up to 1 cpu(s) for spooles.

 Using up to 1 cpu(s) for the stress calculation.

 average force= 0.000302
 time avg. forc= 0.000106
 largest residual force= 0.001287 in node 2365 and dof 1
 largest increment of disp= 7.602955e-05
 largest correction to disp= 5.992893e-06 in node 10619 and dof 1

 no convergence

 iteration 3

 Using up to 1 cpu(s) for the symmetric stiffness/mass contributions.

 Factoring the system of equations using the symmetric spooles solver
 Using up to 1 cpu(s) for spooles.

 Using up to 1 cpu(s) for the stress calculation.

 average force= 0.000302
 time avg. forc= 0.000106
 largest residual force= 0.000002 in node 3905 and dof 1
 largest increment of disp= 7.602955e-05
 largest correction to disp= 1.871033e-07 in node 17337 and dof 1

 no convergence

 iteration 4

 Using up to 1 cpu(s) for the symmetric stiffness/mass contributions.

 Factoring the system of equations using the symmetric spooles solver
 Using up to 1 cpu(s) for spooles.

 Using up to 1 cpu(s) for the stress calculation.

 average force= 0.000302
 time avg. forc= 0.000106
 largest residual force= 0.000000 in node 2365 and dof 1
 largest increment of disp= 7.602955e-05
 largest correction to disp= 1.036451e-08 in node 10619 and dof 1

 convergence

 increment 12 attempt 1 
 increment size= 5.000000e-02
 sum of previous increments=4.875000e-01
 actual step time=5.375000e-01
 actual total time=5.375000e-01

 iteration 1

 Using up to 1 cpu(s) for the stress calculation.

 Using up to 1 cpu(s) for the symmetric stiffness/mass contributions.

 Factoring the system of equations using the symmetric spooles solver
 Using up to 1 cpu(s) for spooles.

 Using up to 1 cpu(s) for the stress calculation.

 average force= 0.000386
 time avg. forc= 0.000129
 largest residual force= 0.000644 in node 3920 and dof 1
 largest increment of disp= 7.610521e-05
 largest correction to disp= 1.204114e-05 in node 10601 and dof 1

 no convergence

 iteration 2

 Using up to 1 cpu(s) for the symmetric stiffness/mass contributions.

 Factoring the system of equations using the symmetric spooles solver
 Using up to 1 cpu(s) for spooles.

 Using up to 1 cpu(s) for the stress calculation.

 average force= 0.000375
 time avg. forc= 0.000128
 largest residual force= 0.006094 in node 3905 and dof 1
 largest increment of disp= 7.610521e-05
 largest correction to disp= 1.116044e-05 in node 11111 and dof 3

 no convergence

 iteration 3

 Using up to 1 cpu(s) for the symmetric stiffness/mass contributions.

 Factoring the system of equations using the symmetric spooles solver
 Using up to 1 cpu(s) for spooles.

 Using up to 1 cpu(s) for the stress calculation.

 average force= 0.000373
 time avg. forc= 0.000128
 largest residual force= 0.000053 in node 3905 and dof 1
 largest increment of disp= 7.610521e-05
 largest correction to disp= 1.245866e-06 in node 10583 and dof 1

 no convergence

 iteration 4

 Using up to 1 cpu(s) for the symmetric stiffness/mass contributions.

 Factoring the system of equations using the symmetric spooles solver
 Using up to 1 cpu(s) for spooles.

 Using up to 1 cpu(s) for the stress calculation.

 average force= 0.000373
 time avg. forc= 0.000128
 largest residual force= 0.000003 in node 2174 and dof 3
 largest increment of disp= 7.610521e-05
 largest correction to disp= 3.186374e-07 in node 10637 and dof 1

 no convergence

 iteration 5

 Using up to 1 cpu(s) for the symmetric stiffness/mass contributions.

 Factoring the system of equations using the symmetric spooles solver
 Using up to 1 cpu(s) for spooles.

 Using up to 1 cpu(s) for the stress calculation.

 average force= 0.000373
 time avg. forc= 0.000128
 largest residual force= 0.000000 in node 2174 and dof 3
 largest increment of disp= 7.610521e-05
 largest correction to disp= 1.768399e-09 in node 10583 and dof 1

 convergence

 increment 13 attempt 1 
 increment size= 5.000000e-02
 sum of previous increments=5.375000e-01
 actual step time=5.875000e-01
 actual total time=5.875000e-01

 iteration 1

 Using up to 1 cpu(s) for the stress calculation.

 Using up to 1 cpu(s) for the symmetric stiffness/mass contributions.

 Factoring the system of equations using the symmetric spooles solver
 Using up to 1 cpu(s) for spooles.

 Using up to 1 cpu(s) for the stress calculation.

 average force= 0.000444
 time avg. forc= 0.000152
 largest residual force= 0.000795 in node 4357 and dof 3
 largest increment of disp= 7.573759e-05
 largest correction to disp= 1.051387e-05 in node 7233 and dof 3

 no convergence

 iteration 2

 Using up to 1 cpu(s) for the symmetric stiffness/mass contributions.

 Factoring the system of equations using the symmetric spooles solver
 Using up to 1 cpu(s) for spooles.

 Using up to 1 cpu(s) for the stress calculation.

 average force= 0.000439
 time avg. forc= 0.000152
 largest residual force= 0.000932 in node 3905 and dof 1
 largest increment of disp= 7.573759e-05
 largest correction to disp= 4.857682e-06 in node 10601 and dof 1

 no convergence

 iteration 3

 Using up to 1 cpu(s) for the symmetric stiffness/mass contributions.

 Factoring the system of equations using the symmetric spooles solver
 Using up to 1 cpu(s) for spooles.

 Using up to 1 cpu(s) for the stress calculation.

 average force= 0.000439
 time avg. forc= 0.000152
 largest residual force= 0.000001 in node 2365 and dof 1
 largest increment of disp= 7.573759e-05
 largest correction to disp= 2.762039e-07 in node 10619 and dof 1

 no convergence

 iteration 4

 Using up to 1 cpu(s) for the symmetric stiffness/mass contributions.

 Factoring the system of equations using the symmetric spooles solver
 Using up to 1 cpu(s) for spooles.

 Using up to 1 cpu(s) for the stress calculation.

 average force= 0.000439
 time avg. forc= 0.000152
 largest residual force= 0.000000 in node 2370 and dof 1
 largest increment of disp= 7.573759e-05
 largest correction to disp= 8.811542e-09 in node 10619 and dof 1

 convergence

 increment 14 attempt 1 
 increment size= 5.000000e-02
 sum of previous increments=5.875000e-01
 actual step time=6.375000e-01
 actual total time=6.375000e-01

 iteration 1

 Using up to 1 cpu(s) for the stress calculation.

 Using up to 1 cpu(s) for the symmetric stiffness/mass contributions.

 Factoring the system of equations using the symmetric spooles solver
 Using up to 1 cpu(s) for spooles.

 Using up to 1 cpu(s) for the stress calculation.

 average force= 0.000507
 time avg. forc= 0.000177
 largest residual force= 0.000686 in node 4239 and dof 1
 largest increment of disp= 7.557894e-05
 largest correction to disp= 2.129322e-05 in node 9546 and dof 3

 no convergence

 iteration 2

 Using up to 1 cpu(s) for the symmetric stiffness/mass contributions.

 Factoring the system of equations using the symmetric spooles solver
 Using up to 1 cpu(s) for spooles.

 Using up to 1 cpu(s) for the stress calculation.

 average force= 0.000508
 time avg. forc= 0.000177
 largest residual force= 0.004163 in node 4355 and dof 3
 largest increment of disp= 7.557894e-05
 largest correction to disp= 8.548265e-06 in node 17039 and dof 3

 no convergence

 iteration 3

 Using up to 1 cpu(s) for the symmetric stiffness/mass contributions.

 Factoring the system of equations using the symmetric spooles solver
 Using up to 1 cpu(s) for spooles.

 Using up to 1 cpu(s) for the stress calculation.

 average force= 0.000508
 time avg. forc= 0.000177
 largest residual force= 0.000000 in node 4079 and dof 3
 largest increment of disp= 7.557894e-05
 largest correction to disp= 2.056166e-06 in node 7332 and dof 3

 convergence; the increment size is increased to 7.500000e-02

 the increment size exceeds the maximum allowed and is decreased to 5.000000e-02

 increment 15 attempt 1 
 increment size= 5.000000e-02
 sum of previous increments=6.375000e-01
 actual step time=6.875000e-01
 actual total time=6.875000e-01

 iteration 1

 Using up to 1 cpu(s) for the stress calculation.

 Using up to 1 cpu(s) for the symmetric stiffness/mass contributions.

 Factoring the system of equations using the symmetric spooles solver
 Using up to 1 cpu(s) for spooles.

 Using up to 1 cpu(s) for the stress calculation.

 average force= 0.000585
 time avg. forc= 0.000205
 largest residual force= 0.000363 in node 4227 and dof 1
 largest increment of disp= 7.579094e-05
 largest correction to disp= 8.860657e-06 in node 7491 and dof 3

 no convergence

 iteration 2

 Using up to 1 cpu(s) for the symmetric stiffness/mass contributions.

 Factoring the system of equations using the symmetric spooles solver
 Using up to 1 cpu(s) for spooles.

 Using up to 1 cpu(s) for the stress calculation.

 average force= 0.000591
 time avg. forc= 0.000205
 largest residual force= 0.004849 in node 4239 and dof 1
 largest increment of disp= 7.579094e-05
 largest correction to disp= 1.527478e-05 in node 9546 and dof 3

 no convergence

 iteration 3

 Using up to 1 cpu(s) for the symmetric stiffness/mass contributions.

 Factoring the system of equations using the symmetric spooles solver
 Using up to 1 cpu(s) for spooles.

 Using up to 1 cpu(s) for the stress calculation.

 average force= 0.000591
 time avg. forc= 0.000205
 largest residual force= 0.000011 in node 4095 and dof 3
 largest increment of disp= 7.579094e-05
 largest correction to disp= 1.306728e-06 in node 7332 and dof 3

 no convergence

 iteration 4

 Using up to 1 cpu(s) for the symmetric stiffness/mass contributions.

 Factoring the system of equations using the symmetric spooles solver
 Using up to 1 cpu(s) for spooles.

 Using up to 1 cpu(s) for the stress calculation.

 average force= 0.000591
 time avg. forc= 0.000205
 largest residual force= 0.000001 in node 4239 and dof 1
 largest increment of disp= 7.579094e-05
 largest correction to disp= 2.275493e-07 in node 7332 and dof 3

 no convergence

 iteration 5

 Using up to 1 cpu(s) for the symmetric stiffness/mass contributions.

 Factoring the system of equations using the symmetric spooles solver
 Using up to 1 cpu(s) for spooles.

 Using up to 1 cpu(s) for the stress calculation.

 average force= 0.000591
 time avg. forc= 0.000205
 largest residual force= 0.000000 in node 4229 and dof 1
 largest increment of disp= 7.579094e-05
 largest correction to disp= 8.423298e-10 in node 9546 and dof 3

 convergence

 Using up to 1 cpu(s) for the stress calculation.

 increment 16 attempt 1 
 increment size= 5.000000e-02
 sum of previous increments=6.875000e-01
 actual step time=7.375000e-01
 actual total time=7.375000e-01

 iteration 1

 Using up to 1 cpu(s) for the stress calculation.

 Using up to 1 cpu(s) for the symmetric stiffness/mass contributions.

 Factoring the system of equations using the symmetric spooles solver
 Using up to 1 cpu(s) for spooles.

 Using up to 1 cpu(s) for the stress calculation.

 average force= 0.000681
 time avg. forc= 0.000235
 largest residual force= 0.000395 in node 4455 and dof 1
 largest increment of disp= 7.643687e-05
 largest correction to disp= 6.545704e-06 in node 10725 and dof 1

 no convergence

 iteration 2

 Using up to 1 cpu(s) for the symmetric stiffness/mass contributions.

 Factoring the system of equations using the symmetric spooles solver
 Using up to 1 cpu(s) for spooles.

 Using up to 1 cpu(s) for the stress calculation.

 average force= 0.000680
 time avg. forc= 0.000235
 largest residual force= 0.000328 in node 4095 and dof 3
 largest increment of disp= 7.643687e-05
 largest correction to disp= 9.995293e-06 in node 7332 and dof 3

 no convergence

 iteration 3

 Using up to 1 cpu(s) for the symmetric stiffness/mass contributions.

 Factoring the system of equations using the symmetric spooles solver
 Using up to 1 cpu(s) for spooles.

 Using up to 1 cpu(s) for the stress calculation.

 average force= 0.000680
 time avg. forc= 0.000235
 largest residual force= 0.000000 in node 4107 and dof 3
 largest increment of disp= 7.643687e-05
 largest correction to disp= 6.702831e-07 in node 9546 and dof 3

 convergence

 increment 17 attempt 1 
 increment size= 5.000000e-02
 sum of previous increments=7.375000e-01
 actual step time=7.875000e-01
 actual total time=7.875000e-01

 iteration 1

 Using up to 1 cpu(s) for the stress calculation.

 Using up to 1 cpu(s) for the symmetric stiffness/mass contributions.

 Factoring the system of equations using the symmetric spooles solver
 Using up to 1 cpu(s) for spooles.

 Using up to 1 cpu(s) for the stress calculation.

 average force= 0.000775
 time avg. forc= 0.000266
 largest residual force= 0.000562 in node 4475 and dof 1
 largest increment of disp= 7.630969e-05
 largest correction to disp= 7.569221e-06 in node 10578 and dof 1

 no convergence

 iteration 2

 Using up to 1 cpu(s) for the symmetric stiffness/mass contributions.

 Factoring the system of equations using the symmetric spooles solver
 Using up to 1 cpu(s) for spooles.

 Using up to 1 cpu(s) for the stress calculation.

 average force= 0.000771
 time avg. forc= 0.000266
 largest residual force= 0.000763 in node 4095 and dof 3
 largest increment of disp= 7.630969e-05
 largest correction to disp= 6.552211e-06 in node 7332 and dof 3

 no convergence

 iteration 3

 Using up to 1 cpu(s) for the symmetric stiffness/mass contributions.

 Factoring the system of equations using the symmetric spooles solver
 Using up to 1 cpu(s) for spooles.

 Using up to 1 cpu(s) for the stress calculation.

 average force= 0.000771
 time avg. forc= 0.000266
 largest residual force= 0.000001 in node 4229 and dof 1
 largest increment of disp= 7.630969e-05
 largest correction to disp= 3.135845e-07 in node 9546 and dof 3

 convergence; the increment size is increased to 7.500000e-02

 the increment size exceeds the maximum allowed and is decreased to 5.000000e-02

 increment 18 attempt 1 
 increment size= 5.000000e-02
 sum of previous increments=7.875000e-01
 actual step time=8.375000e-01
 actual total time=8.375000e-01

 iteration 1

 Using up to 1 cpu(s) for the stress calculation.

 Using up to 1 cpu(s) for the symmetric stiffness/mass contributions.

 Factoring the system of equations using the symmetric spooles solver
 Using up to 1 cpu(s) for spooles.

 Using up to 1 cpu(s) for the stress calculation.

 average force= 0.000865
 time avg. forc= 0.000300
 largest residual force= 0.000733 in node 4475 and dof 1
 largest increment of disp= 7.606793e-05
 largest correction to disp= 8.441941e-06 in node 10632 and dof 1

 no convergence

 iteration 2

 Using up to 1 cpu(s) for the symmetric stiffness/mass contributions.

 Factoring the system of equations using the symmetric spooles solver
 Using up to 1 cpu(s) for spooles.

 Using up to 1 cpu(s) for the stress calculation.

 average force= 0.000864
 time avg. forc= 0.000299
 largest residual force= 0.000436 in node 4465 and dof 1
 largest increment of disp= 7.606793e-05
 largest correction to disp= 3.156619e-06 in node 10596 and dof 1

 no convergence

 iteration 3

 Using up to 1 cpu(s) for the symmetric stiffness/mass contributions.

 Factoring the system of equations using the symmetric spooles solver
 Using up to 1 cpu(s) for spooles.

 Using up to 1 cpu(s) for the stress calculation.

 average force= 0.000864
 time avg. forc= 0.000299
 largest residual force= 0.000000 in node 4227 and dof 1
 largest increment of disp= 7.606793e-05
 largest correction to disp= 7.671345e-08 in node 7350 and dof 3

 convergence; the increment size is increased to 7.500000e-02

 the increment size exceeds the maximum allowed and is decreased to 5.000000e-02

 increment 19 attempt 1 
 increment size= 5.000000e-02
 sum of previous increments=8.375000e-01
 actual step time=8.875000e-01
 actual total time=8.875000e-01

 iteration 1

 Using up to 1 cpu(s) for the stress calculation.

 Using up to 1 cpu(s) for the symmetric stiffness/mass contributions.

 Factoring the system of equations using the symmetric spooles solver
 Using up to 1 cpu(s) for spooles.

 Using up to 1 cpu(s) for the stress calculation.

 average force= 0.000958
 time avg. forc= 0.000334
 largest residual force= 0.000675 in node 4475 and dof 1
 largest increment of disp= 7.593068e-05
 largest correction to disp= 7.660047e-06 in node 10596 and dof 1

 no convergence

 iteration 2

 Using up to 1 cpu(s) for the symmetric stiffness/mass contributions.

 Factoring the system of equations using the symmetric spooles solver
 Using up to 1 cpu(s) for spooles.

 Using up to 1 cpu(s) for the stress calculation.

 average force= 0.000957
 time avg. forc= 0.000334
 largest residual force= 0.000892 in node 4467 and dof 1
 largest increment of disp= 7.593068e-05
 largest correction to disp= 4.026425e-06 in node 17339 and dof 1

 no convergence

 iteration 3

 Using up to 1 cpu(s) for the symmetric stiffness/mass contributions.

 Factoring the system of equations using the symmetric spooles solver
 Using up to 1 cpu(s) for spooles.

 Using up to 1 cpu(s) for the stress calculation.

 average force= 0.000957
 time avg. forc= 0.000334
 largest residual force= 0.000000 in node 3926 and dof 1
 largest increment of disp= 7.593068e-05
 largest correction to disp= 1.077449e-07 in node 10614 and dof 1

 convergence; the increment size is increased to 7.500000e-02

 the increment size exceeds the maximum allowed and is decreased to 5.000000e-02

 increment 20 attempt 1 
 increment size= 5.000000e-02
 sum of previous increments=8.875000e-01
 actual step time=9.375000e-01
 actual total time=9.375000e-01

 iteration 1

 Using up to 1 cpu(s) for the stress calculation.

 Using up to 1 cpu(s) for the symmetric stiffness/mass contributions.

 Factoring the system of equations using the symmetric spooles solver
 Using up to 1 cpu(s) for spooles.

 Using up to 1 cpu(s) for the stress calculation.

 average force= 0.001052
 time avg. forc= 0.000370
 largest residual force= 0.000399 in node 4479 and dof 1
 largest increment of disp= 7.579282e-05
 largest correction to disp= 8.581715e-06 in node 10701 and dof 1

 no convergence

 iteration 2

 Using up to 1 cpu(s) for the symmetric stiffness/mass contributions.

 Factoring the system of equations using the symmetric spooles solver
 Using up to 1 cpu(s) for spooles.

 Using up to 1 cpu(s) for the stress calculation.

 average force= 0.001052
 time avg. forc= 0.000370
 largest residual force= 0.001084 in node 4461 and dof 1
 largest increment of disp= 7.579282e-05
 largest correction to disp= 5.623870e-06 in node 10701 and dof 1

 no convergence

 iteration 3

 Using up to 1 cpu(s) for the symmetric stiffness/mass contributions.

 Factoring the system of equations using the symmetric spooles solver
 Using up to 1 cpu(s) for spooles.

 Using up to 1 cpu(s) for the stress calculation.

 average force= 0.001052
 time avg. forc= 0.000370
 largest residual force= 0.000000 in node 4461 and dof 1
 largest increment of disp= 7.579282e-05
 largest correction to disp= 2.395292e-07 in node 10719 and dof 1

 convergence; the increment size is increased to 7.500000e-02

 the increment size exceeds the maximum allowed and is decreased to 5.000000e-02

 Using up to 1 cpu(s) for the stress calculation.

 increment 21 attempt 1 
 increment size= 5.000000e-02
 sum of previous increments=9.375000e-01
 actual step time=9.875000e-01
 actual total time=9.875000e-01

 iteration 1

 Using up to 1 cpu(s) for the stress calculation.

 Using up to 1 cpu(s) for the symmetric stiffness/mass contributions.

 Factoring the system of equations using the symmetric spooles solver
 Using up to 1 cpu(s) for spooles.

 Using up to 1 cpu(s) for the stress calculation.

 average force= 0.001147
 time avg. forc= 0.000407
 largest residual force= 0.000325 in node 4455 and dof 2
 largest increment of disp= 7.582259e-05
 largest correction to disp= 8.607780e-06 in node 10701 and dof 1

 no convergence

 iteration 2

 Using up to 1 cpu(s) for the symmetric stiffness/mass contributions.

 Factoring the system of equations using the symmetric spooles solver
 Using up to 1 cpu(s) for spooles.

 Using up to 1 cpu(s) for the stress calculation.

 average force= 0.001147
 time avg. forc= 0.000407
 largest residual force= 0.000711 in node 4073 and dof 3
 largest increment of disp= 7.582259e-05
 largest correction to disp= 8.017149e-06 in node 10719 and dof 1

 no convergence

 iteration 3

 Using up to 1 cpu(s) for the symmetric stiffness/mass contributions.

 Factoring the system of equations using the symmetric spooles solver
 Using up to 1 cpu(s) for spooles.

 Using up to 1 cpu(s) for the stress calculation.

 average force= 0.001147
 time avg. forc= 0.000407
 largest residual force= 0.000000 in node 3926 and dof 1
 largest increment of disp= 7.582259e-05
 largest correction to disp= 3.635987e-07 in node 10485 and dof 1

 convergence; the increment size is increased to 7.500000e-02

 the increment size exceeds the maximum allowed and is decreased to 5.000000e-02

 the increment size exceeds the remainder of the step and is decreased to 1.250000e-02

 increment 22 attempt 1 
 increment size= 1.250000e-02
 sum of previous increments=9.875000e-01
 actual step time=1.000000e+00
 actual total time=1.000000e+00

 iteration 1

 Using up to 1 cpu(s) for the stress calculation.

 Using up to 1 cpu(s) for the symmetric stiffness/mass contributions.

 Factoring the system of equations using the symmetric spooles solver
 Using up to 1 cpu(s) for spooles.

 Using up to 1 cpu(s) for the stress calculation.

 average force= 0.001171
 time avg. forc= 0.000442
 largest residual force= 0.000028 in node 4073 and dof 3
 largest increment of disp= 1.898439e-05
 largest correction to disp= 2.155401e-06 in node 10590 and dof 1

 no convergence

 iteration 2

 Using up to 1 cpu(s) for the symmetric stiffness/mass contributions.

 Factoring the system of equations using the symmetric spooles solver
 Using up to 1 cpu(s) for spooles.

 Using up to 1 cpu(s) for the stress calculation.

 average force= 0.001171
 time avg. forc= 0.000442
 largest residual force= 0.000001 in node 4351 and dof 3
 largest increment of disp= 1.898439e-05
 largest correction to disp= 4.423866e-07 in node 10608 and dof 1

 no convergence

 iteration 3

 Using up to 1 cpu(s) for the symmetric stiffness/mass contributions.

 Factoring the system of equations using the symmetric spooles solver
 Using up to 1 cpu(s) for spooles.

 Using up to 1 cpu(s) for the stress calculation.

 average force= 0.001171
 time avg. forc= 0.000442
 largest residual force= 0.000000 in node 4469 and dof 1
 largest increment of disp= 1.898439e-05
 largest correction to disp= 5.799476e-09 in node 4465 and dof 1

 convergence; the increment size is increased to 1.875000e-02

 the increment size exceeds the remainder of the step and is decreased to 0.000000e+00

 Using up to 1 cpu(s) for the stress calculation.


 Job finished

________________________________________

Total CalculiX Time: 175.469386
________________________________________
=== on-caso-2.2 (CCX): ccx2paraview nao encontrado dentro do container ===
    (esperado - rode 'cd cases/on-caso-2.2/ccx && /tmp/ccx2pv/bin/ccx2paraview on-caso-2.2.frd vtu' no HOST)

=== Concluido. Arquivos de saida: ===
  on-caso-2.2.frd  - campos CalculiX (cgx -c se disponivel)
  on-caso-2.2.pvd  - ParaView Data (abre direto no ParaView)
  on-caso-2.2.dat  - totais RF no engaste posterior (curva F(D))
  on-caso-2.2.sta  - status de convergencia por incremento Riks

Geometria (so' a malha varrida, sem rodar): 
  python3 ../../../brunaStuff/inp_to_vtk.py --inp on-caso-2.2_mesh.inp --out on-caso-2.2_geom.vtu
