 Container myopenfoam-fsi-run-b231747d93c4 Creating 
 Container myopenfoam-fsi-run-b231747d93c4 Created 
=== on-caso-2 (CCX): polyMesh -> CalculiX .inp ===
[1/5] Lendo polyMesh em ../solid/constant/polyMesh
      nodes=3493, faces=8940, cells=2736, patches=12, zones=['on', 'pia', 'dura', 'lc', 'sclera_peri', 'sclera_ring', 'globo']
[2/5] Reconstruindo conectividade C3D8 (2736 celulas)
      OK
[3/5] Escrevendo malha em on-caso-2_mesh.inp
[4/5] Escrevendo Winkler em on-caso-2_winkler.inp
[5/5] Concluido. Total: 3493 nodes, 2736 hex C3D8I.
=== on-caso-2 (CCX): solver ccx_preCICE -i on-caso-2 ===

************************************************************

CalculiX Version 2.20, Copyright(C) 1998-2022 Guido Dhondt
CalculiX comes with ABSOLUTELY NO WARRANTY. This is free
software, and you are welcome to redistribute it under
certain conditions, see gpl.htm

************************************************************

You are using an executable made on Sun Jul 31 18:08:37 CEST 2022

  The numbers below are estimated upper bounds

  number of:

   nodes:        11950
   elements:         2985
   one-dimensional elements:            0
   two-dimensional elements:            0
   integration points per element:            8
   degrees of freedom per node:            3
   layers per element:            1

   distributed facial loads:          480
   distributed volumetric loads:            0
   concentrated loads:           12
   single point constraints:         2625
   multiple point constraints:            1
   terms in all multiple point constraints:            1
   tie constraints:            0
   dependent nodes tied by cyclic constraints:            0
   dependent nodes in pre-tension constraints:            0

   sets:          284
   terms in all sets:        13414

   materials:          256
   constants per material and temperature:            2
   temperature points per material:            1
   plastic data points per material:            0

   orientations:            0
   amplitudes:            7
   data points in all amplitudes:           10
   print requests:            5
   transformations:            0
   property cards:            0

 *INFO reading *HYPERELASTIC: nonlinear geometric
       effects are turned on

 *INFO reading *HYPERELASTIC: nonlinear geometric
       effects are turned on

 *INFO reading *HYPERELASTIC: nonlinear geometric
       effects are turned on

 *INFO reading *HYPERELASTIC: nonlinear geometric
       effects are turned on

 *INFO reading *HYPERELASTIC: nonlinear geometric
       effects are turned on

 *INFO reading *HYPERELASTIC: nonlinear geometric
       effects are turned on

 *INFO reading *HYPERELASTIC: nonlinear geometric
       effects are turned on

 *INFO reading *STEP: nonlinear geometric
       effects are turned on

 *WARNING reading *STATIC: parameter not recognized:
          RIKS
 *WARNING reading *STATIC. Card image:
          *STATIC,RIKS


 STEP            1

 Static analysis was selected

 Nonlinear material laws are taken into account

 Newton-Raphson iterative procedure is active

 Nonlinear geometric effects are taken into account

 Decascading the MPC's

 Determining the structure of the matrix:
 Using up to 1 cpu(s) for setting up the structure of the matrix.
 number of equations
 33297
 number of nonzero lower triangular matrix elements
 918879

 increment 1 attempt 1 
 increment size= 2.500000e-02
 sum of previous increments=0.000000e+00
 actual step time=2.500000e-02
 actual total time=2.500000e-02

 iteration 1

 Using up to 1 cpu(s) for the stress calculation.

 Using up to 1 cpu(s) for the symmetric stiffness/mass contributions.

 Factoring the system of equations using the symmetric spooles solver
 Using up to 1 cpu(s) for spooles.

 Using up to 1 cpu(s) for the stress calculation.

 average force= 0.000036
 time avg. forc= 0.000036
 largest residual force= 0.014125 in node 1627 and dof 1
 largest increment of disp= 5.483788e-05
 largest correction to disp= 5.483788e-05 in node 1291 and dof 1

 no convergence

 iteration 2

 Using up to 1 cpu(s) for the symmetric stiffness/mass contributions.

 Factoring the system of equations using the symmetric spooles solver
 Using up to 1 cpu(s) for spooles.

 Using up to 1 cpu(s) for the stress calculation.

 average force= 0.000025
 time avg. forc= 0.000025
 largest residual force= 0.000065 in node 1648 and dof 1
 largest increment of disp= 5.483788e-05
 largest correction to disp= 1.374666e-06 in node 7817 and dof 1

 no convergence

 iteration 3

 Using up to 1 cpu(s) for the symmetric stiffness/mass contributions.

 Factoring the system of equations using the symmetric spooles solver
 Using up to 1 cpu(s) for spooles.

 Using up to 1 cpu(s) for the stress calculation.

 average force= 0.000025
 time avg. forc= 0.000025
 largest residual force= 0.000004 in node 1641 and dof 1
 largest increment of disp= 5.483788e-05
 largest correction to disp= 3.292867e-07 in node 7817 and dof 1

 no convergence

 iteration 4

 Using up to 1 cpu(s) for the symmetric stiffness/mass contributions.

 Factoring the system of equations using the symmetric spooles solver
 Using up to 1 cpu(s) for spooles.

 Using up to 1 cpu(s) for the stress calculation.

 average force= 0.000025
 time avg. forc= 0.000025
 largest residual force= 0.000000 in node 1648 and dof 1
 largest increment of disp= 5.483788e-05
 largest correction to disp= 7.600003e-10 in node 7817 and dof 1

 convergence

 increment 2 attempt 1 
 increment size= 2.500000e-02
 sum of previous increments=2.500000e-02
 actual step time=5.000000e-02
 actual total time=5.000000e-02

 iteration 1

 Using up to 1 cpu(s) for the stress calculation.

 Using up to 1 cpu(s) for the symmetric stiffness/mass contributions.

 Factoring the system of equations using the symmetric spooles solver
 Using up to 1 cpu(s) for spooles.

 Using up to 1 cpu(s) for the stress calculation.

 average force= 0.000051
 time avg. forc= 0.000038
 largest residual force= 0.000290 in node 1648 and dof 1
 largest increment of disp= 5.521245e-05
 largest correction to disp= 2.856598e-06 in node 7820 and dof 1

 no convergence

 iteration 2

 Using up to 1 cpu(s) for the symmetric stiffness/mass contributions.

 Factoring the system of equations using the symmetric spooles solver
 Using up to 1 cpu(s) for spooles.

 Using up to 1 cpu(s) for the stress calculation.

 average force= 0.000051
 time avg. forc= 0.000038
 largest residual force= 0.000134 in node 1641 and dof 1
 largest increment of disp= 5.521245e-05
 largest correction to disp= 1.903576e-06 in node 7817 and dof 1

 no convergence

 iteration 3

 Using up to 1 cpu(s) for the symmetric stiffness/mass contributions.

 Factoring the system of equations using the symmetric spooles solver
 Using up to 1 cpu(s) for spooles.

 Using up to 1 cpu(s) for the stress calculation.

 average force= 0.000051
 time avg. forc= 0.000038
 largest residual force= 0.000000 in node 1648 and dof 1
 largest increment of disp= 5.521245e-05
 largest correction to disp= 1.892066e-08 in node 7820 and dof 1

 convergence; the increment size is increased to 3.750000e-02

 increment 3 attempt 1 
 increment size= 3.750000e-02
 sum of previous increments=5.000000e-02
 actual step time=8.750000e-02
 actual total time=8.750000e-02

 iteration 1

 Using up to 1 cpu(s) for the stress calculation.

 Using up to 1 cpu(s) for the symmetric stiffness/mass contributions.

 Factoring the system of equations using the symmetric spooles solver
 Using up to 1 cpu(s) for spooles.

 Using up to 1 cpu(s) for the stress calculation.

 average force= 0.000091
 time avg. forc= 0.000056
 largest residual force= 0.000708 in node 1648 and dof 1
 largest increment of disp= 8.419323e-05
 largest correction to disp= 4.353429e-06 in node 7820 and dof 1

 no convergence

 iteration 2

 Using up to 1 cpu(s) for the symmetric stiffness/mass contributions.

 Factoring the system of equations using the symmetric spooles solver
 Using up to 1 cpu(s) for spooles.

 Using up to 1 cpu(s) for the stress calculation.

 average force= 0.000092
 time avg. forc= 0.000056
 largest residual force= 0.003997 in node 1648 and dof 1
 largest increment of disp= 8.419323e-05
 largest correction to disp= 1.066208e-05 in node 7820 and dof 1

 no convergence

 iteration 3

 Using up to 1 cpu(s) for the symmetric stiffness/mass contributions.

 Factoring the system of equations using the symmetric spooles solver
 Using up to 1 cpu(s) for spooles.

 Using up to 1 cpu(s) for the stress calculation.

 average force= 0.000092
 time avg. forc= 0.000056
 largest residual force= 0.000000 in node 1634 and dof 1
 largest increment of disp= 8.419323e-05
 largest correction to disp= 1.004531e-07 in node 7802 and dof 1

 convergence; the increment size is increased to 5.625000e-02

 the increment size exceeds the maximum allowed and is decreased to 5.000000e-02

 increment 4 attempt 1 
 increment size= 5.000000e-02
 sum of previous increments=8.750000e-02
 actual step time=1.375000e-01
 actual total time=1.375000e-01

 iteration 1

 Using up to 1 cpu(s) for the stress calculation.

 Using up to 1 cpu(s) for the symmetric stiffness/mass contributions.

 Factoring the system of equations using the symmetric spooles solver
 Using up to 1 cpu(s) for spooles.

 Using up to 1 cpu(s) for the stress calculation.

 average force= 0.000151
 time avg. forc= 0.000080
 largest residual force= 0.000728 in node 1641 and dof 1
 largest increment of disp= 1.159950e-04
 largest correction to disp= 3.975565e-06 in node 8126 and dof 1

 no convergence

 iteration 2

 Using up to 1 cpu(s) for the symmetric stiffness/mass contributions.

 Factoring the system of equations using the symmetric spooles solver
 Using up to 1 cpu(s) for spooles.

 Using up to 1 cpu(s) for the stress calculation.

 average force= 0.000160
 time avg. forc= 0.000082
 largest residual force= 0.013034 in node 1648 and dof 1
 largest increment of disp= 1.159950e-04
 largest correction to disp= 1.898581e-05 in node 7817 and dof 1

 no convergence

 iteration 3

 Using up to 1 cpu(s) for the symmetric stiffness/mass contributions.

 Factoring the system of equations using the symmetric spooles solver
 Using up to 1 cpu(s) for spooles.

 Using up to 1 cpu(s) for the stress calculation.

 average force= 0.000155
 time avg. forc= 0.000081
 largest residual force= 0.000067 in node 1648 and dof 1
 largest increment of disp= 1.159950e-04
 largest correction to disp= 1.361016e-06 in node 7835 and dof 1

 no convergence

 iteration 4

 Using up to 1 cpu(s) for the symmetric stiffness/mass contributions.

 Factoring the system of equations using the symmetric spooles solver
 Using up to 1 cpu(s) for spooles.

 Using up to 1 cpu(s) for the stress calculation.

 average force= 0.000155
 time avg. forc= 0.000081
 largest residual force= 0.000023 in node 1648 and dof 1
 largest increment of disp= 1.159950e-04
 largest correction to disp= 7.880087e-07 in node 7817 and dof 1

 no convergence

 iteration 5

 Using up to 1 cpu(s) for the symmetric stiffness/mass contributions.

 Factoring the system of equations using the symmetric spooles solver
 Using up to 1 cpu(s) for spooles.

 Using up to 1 cpu(s) for the stress calculation.

 average force= 0.000155
 time avg. forc= 0.000081
 largest residual force= 0.000000 in node 1655 and dof 1
 largest increment of disp= 1.159950e-04
 largest correction to disp= 7.155781e-09 in node 7835 and dof 1

 convergence

 increment 5 attempt 1 
 increment size= 5.000000e-02
 sum of previous increments=1.375000e-01
 actual step time=1.875000e-01
 actual total time=1.875000e-01

 iteration 1

 Using up to 1 cpu(s) for the stress calculation.

 Using up to 1 cpu(s) for the symmetric stiffness/mass contributions.

 Factoring the system of equations using the symmetric spooles solver
 Using up to 1 cpu(s) for spooles.

 Using up to 1 cpu(s) for the stress calculation.

 average force= 0.000230
 time avg. forc= 0.000111
 largest residual force= 0.002771 in node 2441 and dof 1
 largest increment of disp= 1.221575e-04
 largest correction to disp= 7.066473e-06 in node 5310 and dof 1

 no convergence

 iteration 2

 Using up to 1 cpu(s) for the symmetric stiffness/mass contributions.

 Factoring the system of equations using the symmetric spooles solver
 Using up to 1 cpu(s) for spooles.

 Using up to 1 cpu(s) for the stress calculation.

 average force= 0.000226
 time avg. forc= 0.000110
 largest residual force= 0.002785 in node 1634 and dof 1
 largest increment of disp= 1.221575e-04
 largest correction to disp= 8.560246e-06 in node 7781 and dof 1

 no convergence

 iteration 3

 Using up to 1 cpu(s) for the symmetric stiffness/mass contributions.

 Factoring the system of equations using the symmetric spooles solver
 Using up to 1 cpu(s) for spooles.

 Using up to 1 cpu(s) for the stress calculation.

 average force= 0.000225
 time avg. forc= 0.000110
 largest residual force= 0.000025 in node 2441 and dof 1
 largest increment of disp= 1.221575e-04
 largest correction to disp= 6.865497e-07 in node 7820 and dof 1

 no convergence

 iteration 4

 Using up to 1 cpu(s) for the symmetric stiffness/mass contributions.

 Factoring the system of equations using the symmetric spooles solver
 Using up to 1 cpu(s) for spooles.

 Using up to 1 cpu(s) for the stress calculation.

 average force= 0.000225
 time avg. forc= 0.000110
 largest residual force= 0.000000 in node 1648 and dof 1
 largest increment of disp= 1.221575e-04
 largest correction to disp= 3.624531e-08 in node 7817 and dof 1

 convergence

 Using up to 1 cpu(s) for the stress calculation.

 increment 6 attempt 1 
 increment size= 5.000000e-02
 sum of previous increments=1.875000e-01
 actual step time=2.375000e-01
 actual total time=2.375000e-01

 iteration 1

 Using up to 1 cpu(s) for the stress calculation.

 Using up to 1 cpu(s) for the symmetric stiffness/mass contributions.

 Factoring the system of equations using the symmetric spooles solver
 Using up to 1 cpu(s) for spooles.

 Using up to 1 cpu(s) for the stress calculation.

 average force= 0.001869
 time avg. forc= 0.000403
 largest residual force= 0.244852 in node 2039 and dof 1
 largest increment of disp= 1.228317e-04
 largest correction to disp= 6.526507e-05 in node 8726 and dof 1

 no convergence

 iteration 2

 Using up to 1 cpu(s) for the symmetric stiffness/mass contributions.

 Factoring the system of equations using the symmetric spooles solver
 Using up to 1 cpu(s) for spooles.

 Using up to 1 cpu(s) for the stress calculation.

 average force= 0.000375
 time avg. forc= 0.000154
 largest residual force= 0.002317 in node 1648 and dof 1
 largest increment of disp= 1.228317e-04
 largest correction to disp= 2.510921e-05 in node 7404 and dof 2

 no convergence

 iteration 3

 Using up to 1 cpu(s) for the symmetric stiffness/mass contributions.

 Factoring the system of equations using the symmetric spooles solver
 Using up to 1 cpu(s) for spooles.

 Using up to 1 cpu(s) for the stress calculation.

 average force= 0.010005
 time avg. forc= 0.001759
 largest residual force= 1.588170 in node 2441 and dof 1
 largest increment of disp= 1.656725e-04
 largest correction to disp= 1.656725e-04 in node 9446 and dof 1

 no convergence

 iteration 4

 Using up to 1 cpu(s) for the symmetric stiffness/mass contributions.

 Factoring the system of equations using the symmetric spooles solver
 Using up to 1 cpu(s) for spooles.

 Using up to 1 cpu(s) for the stress calculation.

 average force= 0.000458
 time avg. forc= 0.000168
 largest residual force= 0.007711 in node 2441 and dof 1
 largest increment of disp= 1.656725e-04
 largest correction to disp= 2.536712e-05 in node 2386 and dof 3

 divergence; the increment size is decreased to 1.250000e-02
 the increment is reattempted

 increment 6 attempt 2 
 increment size= 1.250000e-02
 sum of previous increments=1.875000e-01
 actual step time=2.000000e-01
 actual total time=2.000000e-01

 iteration 1

 Using up to 1 cpu(s) for the stress calculation.

 Using up to 1 cpu(s) for the symmetric stiffness/mass contributions.

 Factoring the system of equations using the symmetric spooles solver
 Using up to 1 cpu(s) for spooles.

 Using up to 1 cpu(s) for the stress calculation.

 average force= 0.000260
 time avg. forc= 0.000135
 largest residual force= 0.003603 in node 2441 and dof 1
 largest increment of disp= 3.070792e-05
 largest correction to disp= 7.906390e-06 in node 9452 and dof 1

 no convergence

 iteration 2

 Using up to 1 cpu(s) for the symmetric stiffness/mass contributions.

 Factoring the system of equations using the symmetric spooles solver
 Using up to 1 cpu(s) for spooles.

 Using up to 1 cpu(s) for the stress calculation.

 average force= 0.000251
 time avg. forc= 0.000133
 largest residual force= 0.000033 in node 1648 and dof 1
 largest increment of disp= 3.070792e-05
 largest correction to disp= 9.629519e-07 in node 7820 and dof 1

 no convergence

 iteration 3

 Using up to 1 cpu(s) for the symmetric stiffness/mass contributions.

 Factoring the system of equations using the symmetric spooles solver
 Using up to 1 cpu(s) for spooles.

 Using up to 1 cpu(s) for the stress calculation.

 average force= 0.000251
 time avg. forc= 0.000133
 largest residual force= 0.000029 in node 2441 and dof 1
 largest increment of disp= 3.070792e-05
 largest correction to disp= 7.131939e-07 in node 9452 and dof 1

 no convergence

 iteration 4

 Using up to 1 cpu(s) for the symmetric stiffness/mass contributions.

 Factoring the system of equations using the symmetric spooles solver
 Using up to 1 cpu(s) for spooles.

 Using up to 1 cpu(s) for the stress calculation.

 average force= 0.000251
 time avg. forc= 0.000133
 largest residual force= 0.000000 in node 2039 and dof 1
 largest increment of disp= 3.070792e-05
 largest correction to disp= 3.420534e-09 in node 8732 and dof 1

 convergence

 increment 7 attempt 1 
 increment size= 1.250000e-02
 sum of previous increments=2.000000e-01
 actual step time=2.125000e-01
 actual total time=2.125000e-01

 iteration 1

 Using up to 1 cpu(s) for the stress calculation.

 Using up to 1 cpu(s) for the symmetric stiffness/mass contributions.

 Factoring the system of equations using the symmetric spooles solver
 Using up to 1 cpu(s) for spooles.

 Using up to 1 cpu(s) for the stress calculation.

 average force= 0.000286
 time avg. forc= 0.000155
 largest residual force= 0.000596 in node 2060 and dof 1
 largest increment of disp= 3.038962e-05
 largest correction to disp= 3.205668e-06 in node 8726 and dof 1

 no convergence

 iteration 2

 Using up to 1 cpu(s) for the symmetric stiffness/mass contributions.

 Factoring the system of equations using the symmetric spooles solver
 Using up to 1 cpu(s) for spooles.

 Using up to 1 cpu(s) for the stress calculation.

 average force= 0.000494
 time avg. forc= 0.000185
 largest residual force= 0.028892 in node 2039 and dof 1
 largest increment of disp= 3.038962e-05
 largest correction to disp= 2.239736e-05 in node 8726 and dof 1

 no convergence

 iteration 3

 Using up to 1 cpu(s) for the symmetric stiffness/mass contributions.

 Factoring the system of equations using the symmetric spooles solver
 Using up to 1 cpu(s) for spooles.

 Using up to 1 cpu(s) for the stress calculation.

 average force= 0.000318
 time avg. forc= 0.000160
 largest residual force= 0.000032 in node 2441 and dof 1
 largest increment of disp= 3.038962e-05
 largest correction to disp= 7.205479e-07 in node 9414 and dof 1

 no convergence

 iteration 4

 Using up to 1 cpu(s) for the symmetric stiffness/mass contributions.

 Factoring the system of equations using the symmetric spooles solver
 Using up to 1 cpu(s) for spooles.

 Using up to 1 cpu(s) for the stress calculation.

 average force= 0.000313
 time avg. forc= 0.000159
 largest residual force= 0.001080 in node 2630 and dof 2
 largest increment of disp= 3.038962e-05
 largest correction to disp= 4.326633e-06 in node 9086 and dof 2

 no convergence

 iteration 5

 Using up to 1 cpu(s) for the symmetric stiffness/mass contributions.

 Factoring the system of equations using the symmetric spooles solver
 Using up to 1 cpu(s) for spooles.

 Using up to 1 cpu(s) for the stress calculation.

 average force= 0.000311
 time avg. forc= 0.000159
 largest residual force= 0.000009 in node 2039 and dof 1
 largest increment of disp= 3.038962e-05
 largest correction to disp= 4.005366e-07 in node 8732 and dof 1

 no convergence

 iteration 6

 Using up to 1 cpu(s) for the symmetric stiffness/mass contributions.

 Factoring the system of equations using the symmetric spooles solver
 Using up to 1 cpu(s) for spooles.

 Using up to 1 cpu(s) for the stress calculation.

 average force= 0.000310
 time avg. forc= 0.000159
 largest residual force= 0.000000 in node 2060 and dof 1
 largest increment of disp= 3.038962e-05
 largest correction to disp= 1.163105e-07 in node 8726 and dof 1

 convergence

 increment 8 attempt 1 
 increment size= 1.250000e-02
 sum of previous increments=2.125000e-01
 actual step time=2.250000e-01
 actual total time=2.250000e-01

 iteration 1

 Using up to 1 cpu(s) for the stress calculation.

 Using up to 1 cpu(s) for the symmetric stiffness/mass contributions.

 Factoring the system of equations using the symmetric spooles solver
 Using up to 1 cpu(s) for spooles.

 Using up to 1 cpu(s) for the stress calculation.

 average force= 0.000378
 time avg. forc= 0.000186
 largest residual force= 0.000069 in node 2243 and dof 2
 largest increment of disp= 3.054331e-05
 largest correction to disp= 4.019666e-06 in node 7476 and dof 2

 no convergence

 iteration 2

 Using up to 1 cpu(s) for the symmetric stiffness/mass contributions.

 Factoring the system of equations using the symmetric spooles solver
 Using up to 1 cpu(s) for spooles.

 Using up to 1 cpu(s) for the stress calculation.

 average force= 0.000373
 time avg. forc= 0.000185
 largest residual force= 0.000383 in node 2441 and dof 1
 largest increment of disp= 3.054331e-05
 largest correction to disp= 2.563511e-06 in node 9452 and dof 1

 no convergence

 iteration 3

 Using up to 1 cpu(s) for the symmetric stiffness/mass contributions.

 Factoring the system of equations using the symmetric spooles solver
 Using up to 1 cpu(s) for spooles.

 Using up to 1 cpu(s) for the stress calculation.

 average force= 0.000373
 time avg. forc= 0.000185
 largest residual force= 0.000001 in node 2441 and dof 1
 largest increment of disp= 3.054331e-05
 largest correction to disp= 1.402613e-07 in node 9452 and dof 1

 no convergence

 iteration 4

 Using up to 1 cpu(s) for the symmetric stiffness/mass contributions.

 Factoring the system of equations using the symmetric spooles solver
 Using up to 1 cpu(s) for spooles.

 Using up to 1 cpu(s) for the stress calculation.

 average force= 0.000373
 time avg. forc= 0.000185
 largest residual force= 0.000000 in node 2459 and dof 1
 largest increment of disp= 3.054331e-05
 largest correction to disp= 6.951225e-09 in node 9452 and dof 1

 convergence

 increment 9 attempt 1 
 increment size= 1.250000e-02
 sum of previous increments=2.250000e-01
 actual step time=2.375000e-01
 actual total time=2.375000e-01

 iteration 1

 Using up to 1 cpu(s) for the stress calculation.

 Using up to 1 cpu(s) for the symmetric stiffness/mass contributions.

 Factoring the system of equations using the symmetric spooles solver
 Using up to 1 cpu(s) for spooles.

 Using up to 1 cpu(s) for the stress calculation.

 average force= 0.000434
 time avg. forc= 0.000213
 largest residual force= 0.000083 in node 2039 and dof 1
 largest increment of disp= 3.026253e-05
 largest correction to disp= 4.540290e-06 in node 7476 and dof 2

 no convergence

 iteration 2

 Using up to 1 cpu(s) for the symmetric stiffness/mass contributions.

 Factoring the system of equations using the symmetric spooles solver
 Using up to 1 cpu(s) for spooles.

 Using up to 1 cpu(s) for the stress calculation.

 average force= 0.000426
 time avg. forc= 0.000212
 largest residual force= 0.001537 in node 2060 and dof 1
 largest increment of disp= 3.026253e-05
 largest correction to disp= 5.139731e-06 in node 8732 and dof 1

 no convergence

 iteration 3

 Using up to 1 cpu(s) for the symmetric stiffness/mass contributions.

 Factoring the system of equations using the symmetric spooles solver
 Using up to 1 cpu(s) for spooles.

 Using up to 1 cpu(s) for the stress calculation.

 average force= 0.000425
 time avg. forc= 0.000212
 largest residual force= 0.000009 in node 2060 and dof 1
 largest increment of disp= 3.026253e-05
 largest correction to disp= 3.842603e-07 in node 8726 and dof 1

 no convergence

 iteration 4

 Using up to 1 cpu(s) for the symmetric stiffness/mass contributions.

 Factoring the system of equations using the symmetric spooles solver
 Using up to 1 cpu(s) for spooles.

 Using up to 1 cpu(s) for the stress calculation.

 average force= 0.000425
 time avg. forc= 0.000212
 largest residual force= 0.000000 in node 2060 and dof 1
 largest increment of disp= 3.026253e-05
 largest correction to disp= 4.844479e-08 in node 8762 and dof 1

 convergence; the increment size is increased to 1.875000e-02

 increment 10 attempt 1 
 increment size= 1.875000e-02
 sum of previous increments=2.375000e-01
 actual step time=2.562500e-01
 actual total time=2.562500e-01

 iteration 1

 Using up to 1 cpu(s) for the stress calculation.

 Using up to 1 cpu(s) for the symmetric stiffness/mass contributions.

 Factoring the system of equations using the symmetric spooles solver
 Using up to 1 cpu(s) for spooles.

 Using up to 1 cpu(s) for the stress calculation.

 average force= 0.000499
 time avg. forc= 0.000241
 largest residual force= 0.000119 in node 2039 and dof 1
 largest increment of disp= 4.548076e-05
 largest correction to disp= 4.845418e-06 in node 7344 and dof 2

 no convergence

 iteration 2

 Using up to 1 cpu(s) for the symmetric stiffness/mass contributions.

 Factoring the system of equations using the symmetric spooles solver
 Using up to 1 cpu(s) for spooles.

 Using up to 1 cpu(s) for the stress calculation.

 average force= 0.000492
 time avg. forc= 0.000240
 largest residual force= 0.001423 in node 2060 and dof 1
 largest increment of disp= 4.548076e-05
 largest correction to disp= 4.953988e-06 in node 8762 and dof 1

 no convergence

 iteration 3

 Using up to 1 cpu(s) for the symmetric stiffness/mass contributions.

 Factoring the system of equations using the symmetric spooles solver
 Using up to 1 cpu(s) for spooles.

 Using up to 1 cpu(s) for the stress calculation.

 average force= 0.000491
 time avg. forc= 0.000240
 largest residual force= 0.000005 in node 2060 and dof 1
 largest increment of disp= 4.548076e-05
 largest correction to disp= 2.994234e-07 in node 8726 and dof 1

 no convergence

 iteration 4

 Using up to 1 cpu(s) for the symmetric stiffness/mass contributions.

 Factoring the system of equations using the symmetric spooles solver
 Using up to 1 cpu(s) for spooles.

 Using up to 1 cpu(s) for the stress calculation.

 average force= 0.000491
 time avg. forc= 0.000240
 largest residual force= 0.000000 in node 2060 and dof 1
 largest increment of disp= 4.548076e-05
 largest correction to disp= 2.251365e-08 in node 8768 and dof 1

 convergence; the increment size is increased to 2.812500e-02

 Using up to 1 cpu(s) for the stress calculation.

 increment 11 attempt 1 
 increment size= 2.812500e-02
 sum of previous increments=2.562500e-01
 actual step time=2.843750e-01
 actual total time=2.843750e-01

 iteration 1

 Using up to 1 cpu(s) for the stress calculation.

 Using up to 1 cpu(s) for the symmetric stiffness/mass contributions.

 Factoring the system of equations using the symmetric spooles solver
 Using up to 1 cpu(s) for spooles.

 Using up to 1 cpu(s) for the stress calculation.

 average force= 0.000586
 time avg. forc= 0.000271
 largest residual force= 0.000213 in node 2039 and dof 1
 largest increment of disp= 6.840736e-05
 largest correction to disp= 4.776574e-06 in node 5244 and dof 1

 no convergence

 iteration 2

 Using up to 1 cpu(s) for the symmetric stiffness/mass contributions.

 Factoring the system of equations using the symmetric spooles solver
 Using up to 1 cpu(s) for spooles.

 Using up to 1 cpu(s) for the stress calculation.

 average force= 0.000577
 time avg. forc= 0.000270
 largest residual force= 0.002032 in node 2060 and dof 1
 largest increment of disp= 6.840736e-05
 largest correction to disp= 5.937693e-06 in node 8762 and dof 1

 no convergence

 iteration 3

 Using up to 1 cpu(s) for the symmetric stiffness/mass contributions.

 Factoring the system of equations using the symmetric spooles solver
 Using up to 1 cpu(s) for spooles.

 Using up to 1 cpu(s) for the stress calculation.

 average force= 0.000575
 time avg. forc= 0.000270
 largest residual force= 0.000007 in node 2060 and dof 1
 largest increment of disp= 6.840736e-05
 largest correction to disp= 3.548564e-07 in node 8768 and dof 1

 no convergence

 iteration 4

 Using up to 1 cpu(s) for the symmetric stiffness/mass contributions.

 Factoring the system of equations using the symmetric spooles solver
 Using up to 1 cpu(s) for spooles.

 Using up to 1 cpu(s) for the stress calculation.

 average force= 0.000575
 time avg. forc= 0.000270
 largest residual force= 0.000000 in node 2060 and dof 1
 largest increment of disp= 6.840736e-05
 largest correction to disp= 2.492721e-08 in node 8768 and dof 1

 convergence; the increment size is increased to 4.218750e-02

 increment 12 attempt 1 
 increment size= 4.218750e-02
 sum of previous increments=2.843750e-01
 actual step time=3.265625e-01
 actual total time=3.265625e-01

 iteration 1

 Using up to 1 cpu(s) for the stress calculation.

 Using up to 1 cpu(s) for the symmetric stiffness/mass contributions.

 Factoring the system of equations using the symmetric spooles solver
 Using up to 1 cpu(s) for spooles.

 Using up to 1 cpu(s) for the stress calculation.

 average force= 0.000696
 time avg. forc= 0.000306
 largest residual force= 0.000378 in node 2039 and dof 1
 largest increment of disp= 1.022245e-04
 largest correction to disp= 7.937699e-06 in node 5904 and dof 2

 no convergence

 iteration 2

 Using up to 1 cpu(s) for the symmetric stiffness/mass contributions.

 Factoring the system of equations using the symmetric spooles solver
 Using up to 1 cpu(s) for spooles.

 Using up to 1 cpu(s) for the stress calculation.

 average force= 0.000686
 time avg. forc= 0.000305
 largest residual force= 0.002813 in node 2060 and dof 1
 largest increment of disp= 1.022245e-04
 largest correction to disp= 1.196194e-05 in node 7476 and dof 2

 no convergence

 iteration 3

 Using up to 1 cpu(s) for the symmetric stiffness/mass contributions.

 Factoring the system of equations using the symmetric spooles solver
 Using up to 1 cpu(s) for spooles.

 Using up to 1 cpu(s) for the stress calculation.

 average force= 0.000684
 time avg. forc= 0.000305
 largest residual force= 0.000010 in node 2060 and dof 1
 largest increment of disp= 1.022245e-04
 largest correction to disp= 1.009912e-06 in node 5904 and dof 2

 no convergence

 iteration 4

 Using up to 1 cpu(s) for the symmetric stiffness/mass contributions.

 Factoring the system of equations using the symmetric spooles solver
 Using up to 1 cpu(s) for spooles.

 Using up to 1 cpu(s) for the stress calculation.

 average force= 0.000684
 time avg. forc= 0.000305
 largest residual force= 0.000000 in node 2060 and dof 1
 largest increment of disp= 1.022245e-04
 largest correction to disp= 3.805232e-08 in node 7464 and dof 2

 convergence; the increment size is increased to 6.328125e-02

 the increment size exceeds the maximum allowed and is decreased to 5.000000e-02

 increment 13 attempt 1 
 increment size= 5.000000e-02
 sum of previous increments=3.265625e-01
 actual step time=3.765625e-01
 actual total time=3.765625e-01

 iteration 1

 Using up to 1 cpu(s) for the stress calculation.

 Using up to 1 cpu(s) for the symmetric stiffness/mass contributions.

 Factoring the system of equations using the symmetric spooles solver
 Using up to 1 cpu(s) for spooles.

 Using up to 1 cpu(s) for the stress calculation.

 average force= 0.000807
 time avg. forc= 0.000343
 largest residual force= 0.000579 in node 1765 and dof 1
 largest increment of disp= 1.198197e-04
 largest correction to disp= 7.375588e-06 in node 5904 and dof 2

 no convergence

 iteration 2

 Using up to 1 cpu(s) for the symmetric stiffness/mass contributions.

 Factoring the system of equations using the symmetric spooles solver
 Using up to 1 cpu(s) for spooles.

 Using up to 1 cpu(s) for the stress calculation.

 average force= 0.000798
 time avg. forc= 0.000343
 largest residual force= 0.001870 in node 2060 and dof 1
 largest increment of disp= 1.198197e-04
 largest correction to disp= 8.146488e-06 in node 5988 and dof 2

 no convergence

 iteration 3

 Using up to 1 cpu(s) for the symmetric stiffness/mass contributions.

 Factoring the system of equations using the symmetric spooles solver
 Using up to 1 cpu(s) for spooles.

 Using up to 1 cpu(s) for the stress calculation.

 average force= 0.000797
 time avg. forc= 0.000343
 largest residual force= 0.000003 in node 2060 and dof 1
 largest increment of disp= 1.198197e-04
 largest correction to disp= 4.918484e-07 in node 7464 and dof 2

 no convergence

 iteration 4

 Using up to 1 cpu(s) for the symmetric stiffness/mass contributions.

 Factoring the system of equations using the symmetric spooles solver
 Using up to 1 cpu(s) for spooles.

 Using up to 1 cpu(s) for the stress calculation.

 average force= 0.000797
 time avg. forc= 0.000343
 largest residual force= 0.000000 in node 2060 and dof 1
 largest increment of disp= 1.198197e-04
 largest correction to disp= 9.921868e-09 in node 6015 and dof 2

 convergence; the increment size is increased to 7.500000e-02

 the increment size exceeds the maximum allowed and is decreased to 5.000000e-02

 increment 14 attempt 1 
 increment size= 5.000000e-02
 sum of previous increments=3.765625e-01
 actual step time=4.265625e-01
 actual total time=4.265625e-01

 iteration 1

 Using up to 1 cpu(s) for the stress calculation.

 Using up to 1 cpu(s) for the symmetric stiffness/mass contributions.

 Factoring the system of equations using the symmetric spooles solver
 Using up to 1 cpu(s) for spooles.

 Using up to 1 cpu(s) for the stress calculation.

 average force= 0.000906
 time avg. forc= 0.000383
 largest residual force= 0.000486 in node 1765 and dof 1
 largest increment of disp= 1.180328e-04
 largest correction to disp= 5.362553e-06 in node 5235 and dof 1

 no convergence

 iteration 2

 Using up to 1 cpu(s) for the symmetric stiffness/mass contributions.

 Factoring the system of equations using the symmetric spooles solver
 Using up to 1 cpu(s) for spooles.

 Using up to 1 cpu(s) for the stress calculation.

 average force= 0.000900
 time avg. forc= 0.000382
 largest residual force= 0.000615 in node 2060 and dof 1
 largest increment of disp= 1.180328e-04
 largest correction to disp= 1.035916e-05 in node 6579 and dof 1

 no convergence

 iteration 3

 Using up to 1 cpu(s) for the symmetric stiffness/mass contributions.

 Factoring the system of equations using the symmetric spooles solver
 Using up to 1 cpu(s) for spooles.

 Using up to 1 cpu(s) for the stress calculation.

 average force= 0.000900
 time avg. forc= 0.000382
 largest residual force= 0.000000 in node 2459 and dof 1
 largest increment of disp= 1.180328e-04
 largest correction to disp= 2.115399e-07 in node 6519 and dof 1

 convergence; the increment size is increased to 7.500000e-02

 the increment size exceeds the maximum allowed and is decreased to 5.000000e-02

 increment 15 attempt 1 
 increment size= 5.000000e-02
 sum of previous increments=4.265625e-01
 actual step time=4.765625e-01
 actual total time=4.765625e-01

 iteration 1

 Using up to 1 cpu(s) for the stress calculation.

 Using up to 1 cpu(s) for the symmetric stiffness/mass contributions.

 Factoring the system of equations using the symmetric spooles solver
 Using up to 1 cpu(s) for spooles.

 Using up to 1 cpu(s) for the stress calculation.

 average force= 0.001000
 time avg. forc= 0.000424
 largest residual force= 0.000356 in node 1765 and dof 3
 largest increment of disp= 1.160123e-04
 largest correction to disp= 7.315364e-06 in node 6522 and dof 1

 no convergence

 iteration 2

 Using up to 1 cpu(s) for the symmetric stiffness/mass contributions.

 Factoring the system of equations using the symmetric spooles solver
 Using up to 1 cpu(s) for spooles.

 Using up to 1 cpu(s) for the stress calculation.

 average force= 0.000997
 time avg. forc= 0.000423
 largest residual force= 0.000193 in node 2459 and dof 1
 largest increment of disp= 1.160123e-04
 largest correction to disp= 2.937241e-05 in node 6507 and dof 1

 no convergence

 iteration 3

 Using up to 1 cpu(s) for the symmetric stiffness/mass contributions.

 Factoring the system of equations using the symmetric spooles solver
 Using up to 1 cpu(s) for spooles.

 Using up to 1 cpu(s) for the stress calculation.

 average force= 0.000997
 time avg. forc= 0.000423
 largest residual force= 0.000000 in node 1214 and dof 1
 largest increment of disp= 1.160123e-04
 largest correction to disp= 1.832467e-06 in node 6591 and dof 1

 convergence; the increment size is increased to 7.500000e-02

 the increment size exceeds the maximum allowed and is decreased to 5.000000e-02

 Using up to 1 cpu(s) for the stress calculation.

 increment 16 attempt 1 
 increment size= 5.000000e-02
 sum of previous increments=4.765625e-01
 actual step time=5.265625e-01
 actual total time=5.265625e-01

 iteration 1

 Using up to 1 cpu(s) for the stress calculation.

 Using up to 1 cpu(s) for the symmetric stiffness/mass contributions.

 Factoring the system of equations using the symmetric spooles solver
 Using up to 1 cpu(s) for spooles.

 Using up to 1 cpu(s) for the stress calculation.

 average force= 0.001093
 time avg. forc= 0.000465
 largest residual force= 0.000286 in node 1765 and dof 3
 largest increment of disp= 1.136097e-04
 largest correction to disp= 6.763420e-06 in node 6612 and dof 1

 no convergence

 iteration 2

 Using up to 1 cpu(s) for the symmetric stiffness/mass contributions.

 Factoring the system of equations using the symmetric spooles solver
 Using up to 1 cpu(s) for spooles.

 Using up to 1 cpu(s) for the stress calculation.

 average force= 0.001090
 time avg. forc= 0.000465
 largest residual force= 0.000089 in node 1710 and dof 2
 largest increment of disp= 1.136097e-04
 largest correction to disp= 7.610216e-06 in node 6510 and dof 1

 no convergence

 iteration 3

 Using up to 1 cpu(s) for the symmetric stiffness/mass contributions.

 Factoring the system of equations using the symmetric spooles solver
 Using up to 1 cpu(s) for spooles.

 Using up to 1 cpu(s) for the stress calculation.

 average force= 0.001090
 time avg. forc= 0.000465
 largest residual force= 0.000000 in node 1842 and dof 2
 largest increment of disp= 1.136097e-04
 largest correction to disp= 1.377533e-07 in node 6507 and dof 2

 convergence; the increment size is increased to 7.500000e-02

 the increment size exceeds the maximum allowed and is decreased to 5.000000e-02

 increment 17 attempt 1 
 increment size= 5.000000e-02
 sum of previous increments=5.265625e-01
 actual step time=5.765625e-01
 actual total time=5.765625e-01

 iteration 1

 Using up to 1 cpu(s) for the stress calculation.

 Using up to 1 cpu(s) for the symmetric stiffness/mass contributions.

 Factoring the system of equations using the symmetric spooles solver
 Using up to 1 cpu(s) for spooles.

 Using up to 1 cpu(s) for the stress calculation.

 average force= 0.001181
 time avg. forc= 0.000507
 largest residual force= 0.000242 in node 1765 and dof 3
 largest increment of disp= 1.110471e-04
 largest correction to disp= 6.580948e-06 in node 6591 and dof 1

 no convergence

 iteration 2

 Using up to 1 cpu(s) for the symmetric stiffness/mass contributions.

 Factoring the system of equations using the symmetric spooles solver
 Using up to 1 cpu(s) for spooles.

 Using up to 1 cpu(s) for the stress calculation.

 average force= 0.001180
 time avg. forc= 0.000507
 largest residual force= 0.000046 in node 1710 and dof 2
 largest increment of disp= 1.110471e-04
 largest correction to disp= 7.923008e-06 in node 6531 and dof 1

 no convergence

 iteration 3

 Using up to 1 cpu(s) for the symmetric stiffness/mass contributions.

 Factoring the system of equations using the symmetric spooles solver
 Using up to 1 cpu(s) for spooles.

 Using up to 1 cpu(s) for the stress calculation.

 average force= 0.001180
 time avg. forc= 0.000507
 largest residual force= 0.000000 in node 1218 and dof 1
 largest increment of disp= 1.110471e-04
 largest correction to disp= 5.950992e-07 in node 6507 and dof 1

 convergence; the increment size is increased to 7.500000e-02

 the increment size exceeds the maximum allowed and is decreased to 5.000000e-02

 increment 18 attempt 1 
 increment size= 5.000000e-02
 sum of previous increments=5.765625e-01
 actual step time=6.265625e-01
 actual total time=6.265625e-01

 iteration 1

 Using up to 1 cpu(s) for the stress calculation.

 Using up to 1 cpu(s) for the symmetric stiffness/mass contributions.

 Factoring the system of equations using the symmetric spooles solver
 Using up to 1 cpu(s) for spooles.

 Using up to 1 cpu(s) for the stress calculation.

 average force= 0.001267
 time avg. forc= 0.000549
 largest residual force= 0.000213 in node 1765 and dof 3
 largest increment of disp= 1.086819e-04
 largest correction to disp= 5.993619e-06 in node 6591 and dof 1

 no convergence

 iteration 2

 Using up to 1 cpu(s) for the symmetric stiffness/mass contributions.

 Factoring the system of equations using the symmetric spooles solver
 Using up to 1 cpu(s) for spooles.

 Using up to 1 cpu(s) for the stress calculation.

 average force= 0.001266
 time avg. forc= 0.000549
 largest residual force= 0.000029 in node 1767 and dof 1
 largest increment of disp= 1.086819e-04
 largest correction to disp= 7.636835e-06 in node 6519 and dof 1

 no convergence

 iteration 3

 Using up to 1 cpu(s) for the symmetric stiffness/mass contributions.

 Factoring the system of equations using the symmetric spooles solver
 Using up to 1 cpu(s) for spooles.

 Using up to 1 cpu(s) for the stress calculation.

 average force= 0.001266
 time avg. forc= 0.000549
 largest residual force= 0.000000 in node 1218 and dof 1
 largest increment of disp= 1.086819e-04
 largest correction to disp= 3.903180e-07 in node 6519 and dof 1

 convergence; the increment size is increased to 7.500000e-02

 the increment size exceeds the maximum allowed and is decreased to 5.000000e-02

 increment 19 attempt 1 
 increment size= 5.000000e-02
 sum of previous increments=6.265625e-01
 actual step time=6.765625e-01
 actual total time=6.765625e-01

 iteration 1

 Using up to 1 cpu(s) for the stress calculation.

 Using up to 1 cpu(s) for the symmetric stiffness/mass contributions.

 Factoring the system of equations using the symmetric spooles solver
 Using up to 1 cpu(s) for spooles.

 Using up to 1 cpu(s) for the stress calculation.

 average force= 0.001350
 time avg. forc= 0.000591
 largest residual force= 0.000186 in node 1765 and dof 3
 largest increment of disp= 1.064204e-04
 largest correction to disp= 5.615767e-06 in node 6495 and dof 1

 no convergence

 iteration 2

 Using up to 1 cpu(s) for the symmetric stiffness/mass contributions.

 Factoring the system of equations using the symmetric spooles solver
 Using up to 1 cpu(s) for spooles.

 Using up to 1 cpu(s) for the stress calculation.

 average force= 0.001349
 time avg. forc= 0.000591
 largest residual force= 0.000017 in node 1763 and dof 1
 largest increment of disp= 1.064204e-04
 largest correction to disp= 4.716444e-06 in node 6519 and dof 1

 no convergence

 iteration 3

 Using up to 1 cpu(s) for the symmetric stiffness/mass contributions.

 Factoring the system of equations using the symmetric spooles solver
 Using up to 1 cpu(s) for spooles.

 Using up to 1 cpu(s) for the stress calculation.

 average force= 0.001349
 time avg. forc= 0.000591
 largest residual force= 0.000000 in node 1218 and dof 1
 largest increment of disp= 1.064204e-04
 largest correction to disp= 1.168726e-07 in node 6507 and dof 1

 convergence; the increment size is increased to 7.500000e-02

 the increment size exceeds the maximum allowed and is decreased to 5.000000e-02

 increment 20 attempt 1 
 increment size= 5.000000e-02
 sum of previous increments=6.765625e-01
 actual step time=7.265625e-01
 actual total time=7.265625e-01

 iteration 1

 Using up to 1 cpu(s) for the stress calculation.

 Using up to 1 cpu(s) for the symmetric stiffness/mass contributions.

 Factoring the system of equations using the symmetric spooles solver
 Using up to 1 cpu(s) for spooles.

 Using up to 1 cpu(s) for the stress calculation.

 average force= 0.001430
 time avg. forc= 0.000633
 largest residual force= 0.000162 in node 1765 and dof 3
 largest increment of disp= 1.040817e-04
 largest correction to disp= 5.562016e-06 in node 6531 and dof 1

 no convergence

 iteration 2

 Using up to 1 cpu(s) for the symmetric stiffness/mass contributions.

 Factoring the system of equations using the symmetric spooles solver
 Using up to 1 cpu(s) for spooles.

 Using up to 1 cpu(s) for the stress calculation.

 average force= 0.001430
 time avg. forc= 0.000633
 largest residual force= 0.000009 in node 1763 and dof 1
 largest increment of disp= 1.040817e-04
 largest correction to disp= 3.026928e-06 in node 6507 and dof 1

 no convergence

 iteration 3

 Using up to 1 cpu(s) for the symmetric stiffness/mass contributions.

 Factoring the system of equations using the symmetric spooles solver
 Using up to 1 cpu(s) for spooles.

 Using up to 1 cpu(s) for the stress calculation.

 average force= 0.001430
 time avg. forc= 0.000633
 largest residual force= 0.000000 in node 1769 and dof 1
 largest increment of disp= 1.040817e-04
 largest correction to disp= 3.871866e-08 in node 6519 and dof 1

 convergence; the increment size is increased to 7.500000e-02

 the increment size exceeds the maximum allowed and is decreased to 5.000000e-02

 Using up to 1 cpu(s) for the stress calculation.

 increment 21 attempt 1 
 increment size= 5.000000e-02
 sum of previous increments=7.265625e-01
 actual step time=7.765625e-01
 actual total time=7.765625e-01

 iteration 1

 Using up to 1 cpu(s) for the stress calculation.

 Using up to 1 cpu(s) for the symmetric stiffness/mass contributions.

 Factoring the system of equations using the symmetric spooles solver
 Using up to 1 cpu(s) for spooles.

 Using up to 1 cpu(s) for the stress calculation.

 average force= 0.001508
 time avg. forc= 0.000675
 largest residual force= 0.000142 in node 1765 and dof 3
 largest increment of disp= 1.015957e-04
 largest correction to disp= 5.679104e-06 in node 6452 and dof 1

 no convergence

 iteration 2

 Using up to 1 cpu(s) for the symmetric stiffness/mass contributions.

 Factoring the system of equations using the symmetric spooles solver
 Using up to 1 cpu(s) for spooles.

 Using up to 1 cpu(s) for the stress calculation.

 average force= 0.001508
 time avg. forc= 0.000675
 largest residual force= 0.000006 in node 1702 and dof 2
 largest increment of disp= 1.015957e-04
 largest correction to disp= 2.145921e-06 in node 6519 and dof 1

 no convergence

 iteration 3

 Using up to 1 cpu(s) for the symmetric stiffness/mass contributions.

 Factoring the system of equations using the symmetric spooles solver
 Using up to 1 cpu(s) for spooles.

 Using up to 1 cpu(s) for the stress calculation.

 average force= 0.001508
 time avg. forc= 0.000675
 largest residual force= 0.000000 in node 1795 and dof 1
 largest increment of disp= 1.015957e-04
 largest correction to disp= 2.029451e-08 in node 718 and dof 1

 convergence; the increment size is increased to 7.500000e-02

 the increment size exceeds the maximum allowed and is decreased to 5.000000e-02

 increment 22 attempt 1 
 increment size= 5.000000e-02
 sum of previous increments=7.765625e-01
 actual step time=8.265625e-01
 actual total time=8.265625e-01

 iteration 1

 Using up to 1 cpu(s) for the stress calculation.

 Using up to 1 cpu(s) for the symmetric stiffness/mass contributions.

 Factoring the system of equations using the symmetric spooles solver
 Using up to 1 cpu(s) for spooles.

 Using up to 1 cpu(s) for the stress calculation.

 average force= 0.001584
 time avg. forc= 0.000716
 largest residual force= 0.000126 in node 1765 and dof 3
 largest increment of disp= 9.896109e-05
 largest correction to disp= 4.935952e-06 in node 6519 and dof 1

 no convergence

 iteration 2

 Using up to 1 cpu(s) for the symmetric stiffness/mass contributions.

 Factoring the system of equations using the symmetric spooles solver
 Using up to 1 cpu(s) for spooles.

 Using up to 1 cpu(s) for the stress calculation.

 average force= 0.001583
 time avg. forc= 0.000716
 largest residual force= 0.000004 in node 1825 and dof 2
 largest increment of disp= 9.896109e-05
 largest correction to disp= 1.440327e-06 in node 6507 and dof 1

 no convergence

 iteration 3

 Using up to 1 cpu(s) for the symmetric stiffness/mass contributions.

 Factoring the system of equations using the symmetric spooles solver
 Using up to 1 cpu(s) for spooles.

 Using up to 1 cpu(s) for the stress calculation.

 average force= 0.001583
 time avg. forc= 0.000716
 largest residual force= 0.000000 in node 1795 and dof 1
 largest increment of disp= 9.896109e-05
 largest correction to disp= 2.165021e-08 in node 718 and dof 1

 convergence; the increment size is increased to 7.500000e-02

 the increment size exceeds the maximum allowed and is decreased to 5.000000e-02

 increment 23 attempt 1 
 increment size= 5.000000e-02
 sum of previous increments=8.265625e-01
 actual step time=8.765625e-01
 actual total time=8.765625e-01

 iteration 1

 Using up to 1 cpu(s) for the stress calculation.

 Using up to 1 cpu(s) for the symmetric stiffness/mass contributions.

 Factoring the system of equations using the symmetric spooles solver
 Using up to 1 cpu(s) for spooles.

 Using up to 1 cpu(s) for the stress calculation.

 average force= 0.001657
 time avg. forc= 0.000757
 largest residual force= 0.000113 in node 1765 and dof 3
 largest increment of disp= 9.627211e-05
 largest correction to disp= 3.885582e-06 in node 6510 and dof 1

 no convergence

 iteration 2

 Using up to 1 cpu(s) for the symmetric stiffness/mass contributions.

 Factoring the system of equations using the symmetric spooles solver
 Using up to 1 cpu(s) for spooles.

 Using up to 1 cpu(s) for the stress calculation.

 average force= 0.001656
 time avg. forc= 0.000757
 largest residual force= 0.000004 in node 1825 and dof 2
 largest increment of disp= 9.627211e-05
 largest correction to disp= 1.366854e-06 in node 6450 and dof 1

 no convergence

 iteration 3

 Using up to 1 cpu(s) for the symmetric stiffness/mass contributions.

 Factoring the system of equations using the symmetric spooles solver
 Using up to 1 cpu(s) for spooles.

 Using up to 1 cpu(s) for the stress calculation.

 average force= 0.001656
 time avg. forc= 0.000757
 largest residual force= 0.000000 in node 1634 and dof 1
 largest increment of disp= 9.627211e-05
 largest correction to disp= 7.740643e-09 in node 1192 and dof 1

 convergence; the increment size is increased to 7.500000e-02

 the increment size exceeds the maximum allowed and is decreased to 5.000000e-02

 increment 24 attempt 1 
 increment size= 5.000000e-02
 sum of previous increments=8.765625e-01
 actual step time=9.265625e-01
 actual total time=9.265625e-01

 iteration 1

 Using up to 1 cpu(s) for the stress calculation.

 Using up to 1 cpu(s) for the symmetric stiffness/mass contributions.

 Factoring the system of equations using the symmetric spooles solver
 Using up to 1 cpu(s) for spooles.

 Using up to 1 cpu(s) for the stress calculation.

 average force= 0.001727
 time avg. forc= 0.000797
 largest residual force= 0.000102 in node 1765 and dof 3
 largest increment of disp= 9.368145e-05
 largest correction to disp= 4.158292e-06 in node 6450 and dof 1

 no convergence

 iteration 2

 Using up to 1 cpu(s) for the symmetric stiffness/mass contributions.

 Factoring the system of equations using the symmetric spooles solver
 Using up to 1 cpu(s) for spooles.

 Using up to 1 cpu(s) for the stress calculation.

 average force= 0.001727
 time avg. forc= 0.000797
 largest residual force= 0.000004 in node 1701 and dof 2
 largest increment of disp= 9.368145e-05
 largest correction to disp= 2.396946e-06 in node 6452 and dof 1

 no convergence

 iteration 3

 Using up to 1 cpu(s) for the symmetric stiffness/mass contributions.

 Factoring the system of equations using the symmetric spooles solver
 Using up to 1 cpu(s) for spooles.

 Using up to 1 cpu(s) for the stress calculation.

 average force= 0.001727
 time avg. forc= 0.000797
 largest residual force= 0.000000 in node 1795 and dof 1
 largest increment of disp= 9.368145e-05
 largest correction to disp= 2.452592e-08 in node 1221 and dof 1

 convergence; the increment size is increased to 7.500000e-02

 the increment size exceeds the maximum allowed and is decreased to 5.000000e-02

 increment 25 attempt 1 
 increment size= 5.000000e-02
 sum of previous increments=9.265625e-01
 actual step time=9.765625e-01
 actual total time=9.765625e-01

 iteration 1

 Using up to 1 cpu(s) for the stress calculation.

 Using up to 1 cpu(s) for the symmetric stiffness/mass contributions.

 Factoring the system of equations using the symmetric spooles solver
 Using up to 1 cpu(s) for spooles.

 Using up to 1 cpu(s) for the stress calculation.

 average force= 0.001795
 time avg. forc= 0.000837
 largest residual force= 0.000091 in node 1765 and dof 3
 largest increment of disp= 9.124355e-05
 largest correction to disp= 4.079153e-06 in node 6450 and dof 1

 no convergence

 iteration 2

 Using up to 1 cpu(s) for the symmetric stiffness/mass contributions.

 Factoring the system of equations using the symmetric spooles solver
 Using up to 1 cpu(s) for spooles.

 Using up to 1 cpu(s) for the stress calculation.

 average force= 0.001795
 time avg. forc= 0.000837
 largest residual force= 0.000003 in node 1701 and dof 2
 largest increment of disp= 9.124355e-05
 largest correction to disp= 2.017778e-06 in node 6452 and dof 1

 no convergence

 iteration 3

 Using up to 1 cpu(s) for the symmetric stiffness/mass contributions.

 Factoring the system of equations using the symmetric spooles solver
 Using up to 1 cpu(s) for spooles.

 Using up to 1 cpu(s) for the stress calculation.

 average force= 0.001795
 time avg. forc= 0.000837
 largest residual force= 0.000000 in node 1795 and dof 1
 largest increment of disp= 9.124355e-05
 largest correction to disp= 2.574985e-08 in node 1221 and dof 1

 convergence; the increment size is increased to 7.500000e-02

 the increment size exceeds the maximum allowed and is decreased to 5.000000e-02

 the increment size exceeds the remainder of the step and is decreased to 2.343750e-02

 Using up to 1 cpu(s) for the stress calculation.

 increment 26 attempt 1 
 increment size= 2.343750e-02
 sum of previous increments=9.765625e-01
 actual step time=1.000000e+00
 actual total time=1.000000e+00

 iteration 1

 Using up to 1 cpu(s) for the stress calculation.

 Using up to 1 cpu(s) for the symmetric stiffness/mass contributions.

 Factoring the system of equations using the symmetric spooles solver
 Using up to 1 cpu(s) for spooles.

 Using up to 1 cpu(s) for the stress calculation.

 average force= 0.001826
 time avg. forc= 0.000875
 largest residual force= 0.000011 in node 1765 and dof 3
 largest increment of disp= 4.167536e-05
 largest correction to disp= 1.646031e-06 in node 6452 and dof 1

 no convergence

 iteration 2

 Using up to 1 cpu(s) for the symmetric stiffness/mass contributions.

 Factoring the system of equations using the symmetric spooles solver
 Using up to 1 cpu(s) for spooles.

 Using up to 1 cpu(s) for the stress calculation.

 average force= 0.001826
 time avg. forc= 0.000875
 largest residual force= 0.000000 in node 1825 and dof 2
 largest increment of disp= 4.167536e-05
 largest correction to disp= 2.195802e-07 in node 6452 and dof 1

 convergence; the increment size is increased to 3.515625e-02

 the increment size exceeds the remainder of the step and is decreased to 0.000000e+00

 Using up to 1 cpu(s) for the stress calculation.


 Job finished

________________________________________

Total CalculiX Time: 111.775709
________________________________________
=== on-caso-2 (CCX): ccx2paraview nao encontrado dentro do container ===
    (esperado - rode 'cd cases/on-caso-2/ccx && /tmp/ccx2pv/bin/ccx2paraview on-caso-2.frd vtu' no HOST)

=== Concluido. Arquivos de saida: ===
  on-caso-2.frd  - campos CalculiX (cgx -c se disponivel)
  on-caso-2.pvd  - ParaView Data (abre direto no ParaView)
  on-caso-2.dat  - totais RF no engaste posterior (curva F_z(Dz))
  on-caso-2.sta  - status de convergencia por incremento Riks

Analise: python3 ../../../brunaStuff/analyze_on-caso-2_ccx.py
