=== on-caso-3-sf (CCX): polyMesh -> CalculiX .inp  [k_winkler=200000 Pa/m] ===
[1/5] Lendo polyMesh em ../solid/constant/polyMesh
      nodes=5317, faces=14796, cells=4752, patches=10, zones=['on', 'pia', 'sas', 'dura', 'lc', 'sclera_peri', 'sclera_ring', 'globo']
[2/5] Reconstruindo conectividade C3D8 (4752 celulas)
      OK
[3/5] Escrevendo malha em on-caso-3-sf_mesh.inp
      DURA_INNER_SURF: 240 faces (interface dura<->sas)
[4/5] Escrevendo Winkler em on-caso-3-sf_winkler.inp
[5/5] Concluido. Total: 5317 nodes, 4752 hex C3D8I.
=== on-caso-3-sf (CCX): P_CONTACT = 9034 Pa (arteria oftalmica, LATERAL) ===
182:CONTACT_LOCAL_SURF, P, 9034
=== on-caso-3-sf (CCX): solver ccx_preCICE -i on-caso-3-sf  [tag=Pc9034] ===

************************************************************

CalculiX Version 2.20, Copyright(C) 1998-2022 Guido Dhondt
CalculiX comes with ABSOLUTELY NO WARRANTY. This is free
software, and you are welcome to redistribute it under
certain conditions, see gpl.htm

************************************************************

You are using an executable made on Sun Jul 31 18:08:37 CEST 2022

  The numbers below are estimated upper bounds

  number of:

   nodes:        19822
   elements:         5001
   one-dimensional elements:            0
   two-dimensional elements:            0
   integration points per element:            8
   degrees of freedom per node:            3
   layers per element:            1

   distributed facial loads:          242
   distributed volumetric loads:            0
   concentrated loads:            0
   single point constraints:         3008
   multiple point constraints:            1
   terms in all multiple point constraints:            1
   tie constraints:            0
   dependent nodes tied by cyclic constraints:            0
   dependent nodes in pre-tension constraints:            0

   sets:          280
   terms in all sets:        18471

   materials:          257
   constants per material and temperature:            9
   temperature points per material:            1
   plastic data points per material:            0

   orientations:            1
   amplitudes:            5
   data points in all amplitudes:            5
   print requests:            8
   transformations:            0
   property cards:            0

 *INFO reading *HYPERELASTIC: nonlinear geometric
       effects are turned on

 *INFO reading *HYPERELASTIC: nonlinear geometric
       effects are turned on

 *INFO reading *HYPERELASTIC: nonlinear geometric
       effects are turned on

 *INFO reading *HYPERELASTIC: nonlinear geometric
       effects are turned on

 *INFO reading *HYPERELASTIC: nonlinear geometric
       effects are turned on

 *INFO reading *HYPERELASTIC: nonlinear geometric
       effects are turned on

 *INFO reading *HYPERELASTIC: nonlinear geometric
       effects are turned on

 *INFO reading *STEP: nonlinear geometric
       effects are turned on

 *WARNING reading *STATIC: parameter not recognized:
          RIKS
 *WARNING reading *STATIC. Card image:
          *STATIC,RIKS


 STEP            1

 Static analysis was selected

 Nonlinear material laws are taken into account

 Newton-Raphson iterative procedure is active

 Nonlinear geometric effects are taken into account

 Decascading the MPC's

 Determining the structure of the matrix:
 Using up to 1 cpu(s) for setting up the structure of the matrix.
 number of equations
 56674
 number of nonzero lower triangular matrix elements
 1634214

 increment 1 attempt 1 
 increment size= 2.500000e-02
 sum of previous increments=0.000000e+00
 actual step time=2.500000e-02
 actual total time=2.500000e-02

 iteration 1

 Using up to 1 cpu(s) for the stress calculation.

 Using up to 1 cpu(s) for the symmetric stiffness/mass contributions.

 Factoring the system of equations using the symmetric spooles solver
 Using up to 1 cpu(s) for spooles.

 Using up to 1 cpu(s) for the stress calculation.

 average force= 0.000002
 time avg. forc= 0.000002
 largest residual force= 0.000150 in node 4095 and dof 1
 largest increment of disp= 1.615155e-05
 largest correction to disp= 1.615155e-05 in node 4076 and dof 1

 no convergence

 iteration 2

 Using up to 1 cpu(s) for the symmetric stiffness/mass contributions.

 Factoring the system of equations using the symmetric spooles solver
 Using up to 1 cpu(s) for spooles.

 Using up to 1 cpu(s) for the stress calculation.

 average force= 0.000002
 time avg. forc= 0.000002
 largest residual force= 0.000002 in node 2190 and dof 1
 largest increment of disp= 1.615155e-05
 largest correction to disp= 1.626444e-06 in node 3317 and dof 1

 no convergence

 iteration 3

 Using up to 1 cpu(s) for the symmetric stiffness/mass contributions.

 Factoring the system of equations using the symmetric spooles solver
 Using up to 1 cpu(s) for spooles.

 Using up to 1 cpu(s) for the stress calculation.

 average force= 0.000002
 time avg. forc= 0.000002
 largest residual force= 0.000000 in node 2257 and dof 2
 largest increment of disp= 1.615155e-05
 largest correction to disp= 3.272566e-09 in node 3725 and dof 1

 convergence

 increment 2 attempt 1 
 increment size= 2.500000e-02
 sum of previous increments=2.500000e-02
 actual step time=5.000000e-02
 actual total time=5.000000e-02

 iteration 1

 Using up to 1 cpu(s) for the stress calculation.

 Using up to 1 cpu(s) for the symmetric stiffness/mass contributions.

 Factoring the system of equations using the symmetric spooles solver
 Using up to 1 cpu(s) for spooles.

 Using up to 1 cpu(s) for the stress calculation.

 average force= 0.000004
 time avg. forc= 0.000003
 largest residual force= 0.000000 in node 2190 and dof 1
 largest increment of disp= 1.464015e-05
 largest correction to disp= 5.831461e-07 in node 3317 and dof 1

 no convergence

 iteration 2

 Using up to 1 cpu(s) for the symmetric stiffness/mass contributions.

 Factoring the system of equations using the symmetric spooles solver
 Using up to 1 cpu(s) for spooles.

 Using up to 1 cpu(s) for the stress calculation.

 average force= 0.000004
 time avg. forc= 0.000003
 largest residual force= 0.000000 in node 2257 and dof 2
 largest increment of disp= 1.464015e-05
 largest correction to disp= 1.668877e-09 in node 3725 and dof 1

 convergence; the increment size is increased to 3.750000e-02

 increment 3 attempt 1 
 increment size= 3.750000e-02
 sum of previous increments=5.000000e-02
 actual step time=8.750000e-02
 actual total time=8.750000e-02

 iteration 1

 Using up to 1 cpu(s) for the stress calculation.

 Using up to 1 cpu(s) for the symmetric stiffness/mass contributions.

 Factoring the system of equations using the symmetric spooles solver
 Using up to 1 cpu(s) for spooles.

 Using up to 1 cpu(s) for the stress calculation.

 average force= 0.000007
 time avg. forc= 0.000004
 largest residual force= 0.000000 in node 4095 and dof 1
 largest increment of disp= 2.122323e-05
 largest correction to disp= 9.502847e-08 in node 16280 and dof 1

 no convergence

 iteration 2

 Using up to 1 cpu(s) for the symmetric stiffness/mass contributions.

 Factoring the system of equations using the symmetric spooles solver
 Using up to 1 cpu(s) for spooles.

 Using up to 1 cpu(s) for the stress calculation.

 average force= 0.000007
 time avg. forc= 0.000004
 largest residual force= 0.000000 in node 4469 and dof 2
 largest increment of disp= 2.122323e-05
 largest correction to disp= 4.940388e-10 in node 4334 and dof 1

 convergence; the increment size is increased to 5.625000e-02

 the increment size exceeds the maximum allowed and is decreased to 5.000000e-02

 increment 4 attempt 1 
 increment size= 5.000000e-02
 sum of previous increments=8.750000e-02
 actual step time=1.375000e-01
 actual total time=1.375000e-01

 iteration 1

 Using up to 1 cpu(s) for the stress calculation.

 Using up to 1 cpu(s) for the symmetric stiffness/mass contributions.

 Factoring the system of equations using the symmetric spooles solver
 Using up to 1 cpu(s) for spooles.

 Using up to 1 cpu(s) for the stress calculation.

 average force= 0.000011
 time avg. forc= 0.000006
 largest residual force= 0.000000 in node 4089 and dof 1
 largest increment of disp= 2.833907e-05
 largest correction to disp= 1.875944e-07 in node 16274 and dof 1

 no convergence

 iteration 2

 Using up to 1 cpu(s) for the symmetric stiffness/mass contributions.

 Factoring the system of equations using the symmetric spooles solver
 Using up to 1 cpu(s) for spooles.

 Using up to 1 cpu(s) for the stress calculation.

 average force= 0.000011
 time avg. forc= 0.000006
 largest residual force= 0.000000 in node 4089 and dof 1
 largest increment of disp= 2.833907e-05
 largest correction to disp= 1.254380e-09 in node 4334 and dof 1

 convergence; the increment size is increased to 7.500000e-02

 the increment size exceeds the maximum allowed and is decreased to 5.000000e-02

 increment 5 attempt 1 
 increment size= 5.000000e-02
 sum of previous increments=1.375000e-01
 actual step time=1.875000e-01
 actual total time=1.875000e-01

 iteration 1

 Using up to 1 cpu(s) for the stress calculation.

 Using up to 1 cpu(s) for the symmetric stiffness/mass contributions.

 Factoring the system of equations using the symmetric spooles solver
 Using up to 1 cpu(s) for spooles.

 Using up to 1 cpu(s) for the stress calculation.

 average force= 0.000015
 time avg. forc= 0.000008
 largest residual force= 0.000000 in node 4093 and dof 1
 largest increment of disp= 2.841291e-05
 largest correction to disp= 2.294178e-07 in node 16280 and dof 1

 no convergence

 iteration 2

 Using up to 1 cpu(s) for the symmetric stiffness/mass contributions.

 Factoring the system of equations using the symmetric spooles solver
 Using up to 1 cpu(s) for spooles.

 Using up to 1 cpu(s) for the stress calculation.

 average force= 0.000015
 time avg. forc= 0.000008
 largest residual force= 0.000000 in node 4079 and dof 1
 largest increment of disp= 2.841291e-05
 largest correction to disp= 1.990819e-09 in node 4334 and dof 1

 convergence; the increment size is increased to 7.500000e-02

 the increment size exceeds the maximum allowed and is decreased to 5.000000e-02

 Using up to 1 cpu(s) for the stress calculation.

 increment 6 attempt 1 
 increment size= 5.000000e-02
 sum of previous increments=1.875000e-01
 actual step time=2.375000e-01
 actual total time=2.375000e-01

 iteration 1

 Using up to 1 cpu(s) for the stress calculation.

 Using up to 1 cpu(s) for the symmetric stiffness/mass contributions.

 Factoring the system of equations using the symmetric spooles solver
 Using up to 1 cpu(s) for spooles.

 Using up to 1 cpu(s) for the stress calculation.

 average force= 0.000019
 time avg. forc= 0.000010
 largest residual force= 0.000000 in node 4093 and dof 1
 largest increment of disp= 2.850130e-05
 largest correction to disp= 2.710382e-07 in node 12093 and dof 1

 no convergence

 iteration 2

 Using up to 1 cpu(s) for the symmetric stiffness/mass contributions.

 Factoring the system of equations using the symmetric spooles solver
 Using up to 1 cpu(s) for spooles.

 Using up to 1 cpu(s) for the stress calculation.

 average force= 0.000019
 time avg. forc= 0.000010
 largest residual force= 0.000000 in node 4079 and dof 1
 largest increment of disp= 2.850130e-05
 largest correction to disp= 2.605578e-09 in node 4334 and dof 1

 convergence; the increment size is increased to 7.500000e-02

 the increment size exceeds the maximum allowed and is decreased to 5.000000e-02

 increment 7 attempt 1 
 increment size= 5.000000e-02
 sum of previous increments=2.375000e-01
 actual step time=2.875000e-01
 actual total time=2.875000e-01

 iteration 1

 Using up to 1 cpu(s) for the stress calculation.

 Using up to 1 cpu(s) for the symmetric stiffness/mass contributions.

 Factoring the system of equations using the symmetric spooles solver
 Using up to 1 cpu(s) for spooles.

 Using up to 1 cpu(s) for the stress calculation.

 average force= 0.000023
 time avg. forc= 0.000011
 largest residual force= 0.000000 in node 4089 and dof 1
 largest increment of disp= 2.859290e-05
 largest correction to disp= 3.465582e-07 in node 12093 and dof 1

 no convergence

 iteration 2

 Using up to 1 cpu(s) for the symmetric stiffness/mass contributions.

 Factoring the system of equations using the symmetric spooles solver
 Using up to 1 cpu(s) for spooles.

 Using up to 1 cpu(s) for the stress calculation.

 average force= 0.000023
 time avg. forc= 0.000011
 largest residual force= 0.000000 in node 4469 and dof 2
 largest increment of disp= 2.859290e-05
 largest correction to disp= 3.226308e-09 in node 4334 and dof 1

 convergence; the increment size is increased to 7.500000e-02

 the increment size exceeds the maximum allowed and is decreased to 5.000000e-02

 increment 8 attempt 1 
 increment size= 5.000000e-02
 sum of previous increments=2.875000e-01
 actual step time=3.375000e-01
 actual total time=3.375000e-01

 iteration 1

 Using up to 1 cpu(s) for the stress calculation.

 Using up to 1 cpu(s) for the symmetric stiffness/mass contributions.

 Factoring the system of equations using the symmetric spooles solver
 Using up to 1 cpu(s) for spooles.

 Using up to 1 cpu(s) for the stress calculation.

 average force= 0.000027
 time avg. forc= 0.000013
 largest residual force= 0.000000 in node 4089 and dof 1
 largest increment of disp= 2.868796e-05
 largest correction to disp= 4.835863e-07 in node 14258 and dof 1

 no convergence

 iteration 2

 Using up to 1 cpu(s) for the symmetric stiffness/mass contributions.

 Factoring the system of equations using the symmetric spooles solver
 Using up to 1 cpu(s) for spooles.

 Using up to 1 cpu(s) for the stress calculation.

 average force= 0.000027
 time avg. forc= 0.000013
 largest residual force= 0.000000 in node 4469 and dof 2
 largest increment of disp= 2.868796e-05
 largest correction to disp= 3.855608e-09 in node 4334 and dof 1

 convergence; the increment size is increased to 7.500000e-02

 the increment size exceeds the maximum allowed and is decreased to 5.000000e-02

 increment 9 attempt 1 
 increment size= 5.000000e-02
 sum of previous increments=3.375000e-01
 actual step time=3.875000e-01
 actual total time=3.875000e-01

 iteration 1

 Using up to 1 cpu(s) for the stress calculation.

 Using up to 1 cpu(s) for the symmetric stiffness/mass contributions.

 Factoring the system of equations using the symmetric spooles solver
 Using up to 1 cpu(s) for spooles.

 Using up to 1 cpu(s) for the stress calculation.

 average force= 0.000031
 time avg. forc= 0.000015
 largest residual force= 0.000000 in node 4089 and dof 1
 largest increment of disp= 2.878689e-05
 largest correction to disp= 7.726269e-07 in node 14258 and dof 1

 no convergence

 iteration 2

 Using up to 1 cpu(s) for the symmetric stiffness/mass contributions.

 Factoring the system of equations using the symmetric spooles solver
 Using up to 1 cpu(s) for spooles.

 Using up to 1 cpu(s) for the stress calculation.

 average force= 0.000031
 time avg. forc= 0.000015
 largest residual force= 0.000000 in node 4063 and dof 1
 largest increment of disp= 2.878689e-05
 largest correction to disp= 4.496359e-09 in node 4334 and dof 1

 convergence; the increment size is increased to 7.500000e-02

 the increment size exceeds the maximum allowed and is decreased to 5.000000e-02

 increment 10 attempt 1 
 increment size= 5.000000e-02
 sum of previous increments=3.875000e-01
 actual step time=4.375000e-01
 actual total time=4.375000e-01

 iteration 1

 Using up to 1 cpu(s) for the stress calculation.

 Using up to 1 cpu(s) for the symmetric stiffness/mass contributions.

 Factoring the system of equations using the symmetric spooles solver
 Using up to 1 cpu(s) for spooles.

 Using up to 1 cpu(s) for the stress calculation.

 average force= 0.000035
 time avg. forc= 0.000017
 largest residual force= 0.000000 in node 4089 and dof 1
 largest increment of disp= 2.889022e-05
 largest correction to disp= 1.525220e-06 in node 14258 and dof 1

 no convergence

 iteration 2

 Using up to 1 cpu(s) for the symmetric stiffness/mass contributions.

 Factoring the system of equations using the symmetric spooles solver
 Using up to 1 cpu(s) for spooles.

 Using up to 1 cpu(s) for the stress calculation.

 average force= 0.000035
 time avg. forc= 0.000017
 largest residual force= 0.000000 in node 2190 and dof 1
 largest increment of disp= 2.889022e-05
 largest correction to disp= 7.491614e-09 in node 14258 and dof 1

 convergence; the increment size is increased to 7.500000e-02

 the increment size exceeds the maximum allowed and is decreased to 5.000000e-02

 Using up to 1 cpu(s) for the stress calculation.

 increment 11 attempt 1 
 increment size= 5.000000e-02
 sum of previous increments=4.375000e-01
 actual step time=4.875000e-01
 actual total time=4.875000e-01

 iteration 1

 Using up to 1 cpu(s) for the stress calculation.

 Using up to 1 cpu(s) for the symmetric stiffness/mass contributions.

 Factoring the system of equations using the symmetric spooles solver
 Using up to 1 cpu(s) for spooles.

 Using up to 1 cpu(s) for the stress calculation.

 average force= 0.000039
 time avg. forc= 0.000019
 largest residual force= 0.000000 in node 4091 and dof 1
 largest increment of disp= 2.899864e-05
 largest correction to disp= 7.164808e-06 in node 14256 and dof 1

 no convergence

 iteration 2

 Using up to 1 cpu(s) for the symmetric stiffness/mass contributions.

 Factoring the system of equations using the symmetric spooles solver
 Using up to 1 cpu(s) for spooles.

 Using up to 1 cpu(s) for the stress calculation.

 average force= 0.000039
 time avg. forc= 0.000019
 largest residual force= 0.000000 in node 2190 and dof 1
 largest increment of disp= 2.899864e-05
 largest correction to disp= 2.031898e-07 in node 14247 and dof 1

 convergence; the increment size is increased to 7.500000e-02

 the increment size exceeds the maximum allowed and is decreased to 5.000000e-02

 increment 12 attempt 1 
 increment size= 5.000000e-02
 sum of previous increments=4.875000e-01
 actual step time=5.375000e-01
 actual total time=5.375000e-01

 iteration 1

 Using up to 1 cpu(s) for the stress calculation.

 Using up to 1 cpu(s) for the symmetric stiffness/mass contributions.

 Factoring the system of equations using the symmetric spooles solver
 Using up to 1 cpu(s) for spooles.

 Using up to 1 cpu(s) for the stress calculation.

 average force= 0.000043
 time avg. forc= 0.000021
 largest residual force= 0.000008 in node 3336 and dof 1
 largest increment of disp= 6.612102e-05
 largest correction to disp= 6.612102e-05 in node 14244 and dof 1

 no convergence

 iteration 2

 Using up to 1 cpu(s) for the symmetric stiffness/mass contributions.

 Factoring the system of equations using the symmetric spooles solver
 Using up to 1 cpu(s) for spooles.

 Using up to 1 cpu(s) for the stress calculation.

 average force= 0.000043
 time avg. forc= 0.000021
 largest residual force= 0.000000 in node 2546 and dof 1
 largest increment of disp= 6.612102e-05
 largest correction to disp= 1.288053e-05 in node 14244 and dof 1

 convergence; the increment size is increased to 7.500000e-02

 the increment size exceeds the maximum allowed and is decreased to 5.000000e-02

 increment 13 attempt 1 
 increment size= 5.000000e-02
 sum of previous increments=5.375000e-01
 actual step time=5.875000e-01
 actual total time=5.875000e-01

 iteration 1

 Using up to 1 cpu(s) for the stress calculation.

 Using up to 1 cpu(s) for the symmetric stiffness/mass contributions.

 Factoring the system of equations using the symmetric spooles solver
 Using up to 1 cpu(s) for spooles.

 Using up to 1 cpu(s) for the stress calculation.

 average force= 0.000088
 time avg. forc= 0.000026
 largest residual force= 0.071588 in node 2544 and dof 3
 largest increment of disp= 5.430498e-03
 largest correction to disp= 5.430498e-03 in node 12096 and dof 1

 no convergence

 iteration 2

 Using up to 1 cpu(s) for the symmetric stiffness/mass contributions.

 Factoring the system of equations using the symmetric spooles solver
 Using up to 1 cpu(s) for spooles.

 Using up to 1 cpu(s) for the stress calculation.

 average force= 5.542964
 time avg. forc= 0.426401
 largest residual force= 19661.954435 in node 14209 and dof 2
 largest increment of disp= 5.755704e-02
 largest correction to disp= 5.755704e-02 in node 12132 and dof 1

 no convergence

 iteration 3

 Using up to 1 cpu(s) for the symmetric stiffness/mass contributions.

 Factoring the system of equations using the symmetric spooles solver
 Using up to 1 cpu(s) for spooles.

 Using up to 1 cpu(s) for the stress calculation.

 average force= 231.291371
 time avg. forc= 17.791663
 largest residual force= 1750601.384472 in node 14773 and dof 1
 largest increment of disp= 1.323691e-01
 largest correction to disp= 1.323691e-01 in node 14366 and dof 3

 no convergence

 iteration 4

 Using up to 1 cpu(s) for the symmetric stiffness/mass contributions.

 Factoring the system of equations using the symmetric spooles solver
 Using up to 1 cpu(s) for spooles.

 Using up to 1 cpu(s) for the stress calculation.

 average force= 43697685161.715187
 time avg. forc= 3361360397.055034
 largest residual force= 1324262340508991.750000 in node 17719 and dof 2
 largest increment of disp= 3.097616e+00
 largest correction to disp= 3.097616e+00 in node 15050 and dof 2

 divergence; the increment size is decreased to 1.250000e-02
 the increment is reattempted

 increment 13 attempt 2 
 increment size= 1.250000e-02
 sum of previous increments=5.375000e-01
 actual step time=5.500000e-01
 actual total time=5.500000e-01

 iteration 1

 Using up to 1 cpu(s) for the stress calculation.

 Using up to 1 cpu(s) for the symmetric stiffness/mass contributions.

 Factoring the system of equations using the symmetric spooles solver
 Using up to 1 cpu(s) for spooles.

 Using up to 1 cpu(s) for the stress calculation.

 average force= 0.000044
 time avg. forc= 0.000023
 largest residual force= 0.000005 in node 2545 and dof 1
 largest increment of disp= 5.329522e-05
 largest correction to disp= 5.329522e-05 in node 12087 and dof 1

 no convergence

 iteration 2

 Using up to 1 cpu(s) for the symmetric stiffness/mass contributions.

 Factoring the system of equations using the symmetric spooles solver
 Using up to 1 cpu(s) for spooles.

 Using up to 1 cpu(s) for the stress calculation.

 average force= 0.000044
 time avg. forc= 0.000023
 largest residual force= 0.000000 in node 2545 and dof 1
 largest increment of disp= 5.329522e-05
 largest correction to disp= 1.635056e-05 in node 12087 and dof 1

 convergence

 increment 14 attempt 1 
 increment size= 1.250000e-02
 sum of previous increments=5.500000e-01
 actual step time=5.625000e-01
 actual total time=5.625000e-01

 iteration 1

 Using up to 1 cpu(s) for the stress calculation.

 Using up to 1 cpu(s) for the symmetric stiffness/mass contributions.

 Factoring the system of equations using the symmetric spooles solver
 Using up to 1 cpu(s) for spooles.

 Using up to 1 cpu(s) for the stress calculation.

 average force= 0.000045
 time avg. forc= 0.000025
 largest residual force= 0.000000 in node 2545 and dof 1
 largest increment of disp= 5.025826e-05
 largest correction to disp= 1.237603e-05 in node 12089 and dof 1

 no convergence

 iteration 2

 Using up to 1 cpu(s) for the symmetric stiffness/mass contributions.

 Factoring the system of equations using the symmetric spooles solver
 Using up to 1 cpu(s) for spooles.

 Using up to 1 cpu(s) for the stress calculation.

 average force= 0.000045
 time avg. forc= 0.000025
 largest residual force= 0.000000 in node 2544 and dof 1
 largest increment of disp= 5.025826e-05
 largest correction to disp= 1.859167e-06 in node 12096 and dof 1

 convergence; the increment size is increased to 1.875000e-02

 increment 15 attempt 1 
 increment size= 1.875000e-02
 sum of previous increments=5.625000e-01
 actual step time=5.812500e-01
 actual total time=5.812500e-01

 iteration 1

 Using up to 1 cpu(s) for the stress calculation.

 Using up to 1 cpu(s) for the symmetric stiffness/mass contributions.

 Factoring the system of equations using the symmetric spooles solver
 Using up to 1 cpu(s) for spooles.

 Using up to 1 cpu(s) for the stress calculation.

 average force= 0.000047
 time avg. forc= 0.000026
 largest residual force= 0.000000 in node 2176 and dof 1
 largest increment of disp= 6.583114e-05
 largest correction to disp= 8.360778e-06 in node 12033 and dof 1

 no convergence

 iteration 2

 Using up to 1 cpu(s) for the symmetric stiffness/mass contributions.

 Factoring the system of equations using the symmetric spooles solver
 Using up to 1 cpu(s) for spooles.

 Using up to 1 cpu(s) for the stress calculation.

 average force= 0.000047
 time avg. forc= 0.000026
 largest residual force= 0.000000 in node 3336 and dof 1
 largest increment of disp= 6.583114e-05
 largest correction to disp= 1.041654e-06 in node 14253 and dof 1

 convergence; the increment size is increased to 2.812500e-02

 Using up to 1 cpu(s) for the stress calculation.

 increment 16 attempt 1 
 increment size= 2.812500e-02
 sum of previous increments=5.812500e-01
 actual step time=6.093750e-01
 actual total time=6.093750e-01

 iteration 1

 Using up to 1 cpu(s) for the stress calculation.

 Using up to 1 cpu(s) for the symmetric stiffness/mass contributions.

 Factoring the system of equations using the symmetric spooles solver
 Using up to 1 cpu(s) for spooles.

 Using up to 1 cpu(s) for the stress calculation.

 average force= 0.000049
 time avg. forc= 0.000027
 largest residual force= 0.000117 in node 2545 and dof 1
 largest increment of disp= 2.774240e-04
 largest correction to disp= 2.774240e-04 in node 12089 and dof 1

 no convergence

 iteration 2

 Using up to 1 cpu(s) for the symmetric stiffness/mass contributions.

 Factoring the system of equations using the symmetric spooles solver
 Using up to 1 cpu(s) for spooles.

 Using up to 1 cpu(s) for the stress calculation.

 average force= 0.000049
 time avg. forc= 0.000027
 largest residual force= 0.000009 in node 2545 and dof 1
 largest increment of disp= 2.774240e-04
 largest correction to disp= 6.096549e-05 in node 12087 and dof 1

 no convergence

 iteration 3

 Using up to 1 cpu(s) for the symmetric stiffness/mass contributions.

 Factoring the system of equations using the symmetric spooles solver
 Using up to 1 cpu(s) for spooles.

 Using up to 1 cpu(s) for the stress calculation.

 average force= 0.000049
 time avg. forc= 0.000027
 largest residual force= 0.000004 in node 2544 and dof 1
 largest increment of disp= 2.774240e-04
 largest correction to disp= 5.801285e-05 in node 12087 and dof 1

 no convergence

 iteration 4

 Using up to 1 cpu(s) for the symmetric stiffness/mass contributions.

 Factoring the system of equations using the symmetric spooles solver
 Using up to 1 cpu(s) for spooles.

 Using up to 1 cpu(s) for the stress calculation.

 average force= 0.000049
 time avg. forc= 0.000027
 largest residual force= 0.000147 in node 2545 and dof 1
 largest increment of disp= 3.634183e-04
 largest correction to disp= 3.634183e-04 in node 12096 and dof 1

 no convergence

 iteration 5

 Using up to 1 cpu(s) for the symmetric stiffness/mass contributions.

 Factoring the system of equations using the symmetric spooles solver
 Using up to 1 cpu(s) for spooles.

 Using up to 1 cpu(s) for the stress calculation.

 average force= 0.000049
 time avg. forc= 0.000027
 largest residual force= 0.000013 in node 2544 and dof 3
 largest increment of disp= 3.634183e-04
 largest correction to disp= 9.855680e-05 in node 12096 and dof 1

 divergence; the increment size is decreased to 7.031250e-03
 the increment is reattempted

 increment 16 attempt 2 
 increment size= 7.031250e-03
 sum of previous increments=5.812500e-01
 actual step time=5.882812e-01
 actual total time=5.882812e-01

 iteration 1

 Using up to 1 cpu(s) for the stress calculation.

 Using up to 1 cpu(s) for the symmetric stiffness/mass contributions.

 Factoring the system of equations using the symmetric spooles solver
 Using up to 1 cpu(s) for spooles.

 Using up to 1 cpu(s) for the stress calculation.

 average force= 0.000047
 time avg. forc= 0.000027
 largest residual force= 0.000000 in node 2545 and dof 1
 largest increment of disp= 2.129188e-05
 largest correction to disp= 3.650666e-06 in node 12087 and dof 1

 no convergence

 iteration 2

 Using up to 1 cpu(s) for the symmetric stiffness/mass contributions.

 Factoring the system of equations using the symmetric spooles solver
 Using up to 1 cpu(s) for spooles.

 Using up to 1 cpu(s) for the stress calculation.

 average force= 0.000047
 time avg. forc= 0.000027
 largest residual force= 0.000000 in node 3336 and dof 1
 largest increment of disp= 2.129188e-05
 largest correction to disp= 1.884175e-07 in node 14253 and dof 1

 convergence

 increment 17 attempt 1 
 increment size= 7.031250e-03
 sum of previous increments=5.882812e-01
 actual step time=5.953125e-01
 actual total time=5.953125e-01

 iteration 1

 Using up to 1 cpu(s) for the stress calculation.

 Using up to 1 cpu(s) for the symmetric stiffness/mass contributions.

 Factoring the system of equations using the symmetric spooles solver
 Using up to 1 cpu(s) for spooles.

 Using up to 1 cpu(s) for the stress calculation.

 average force= 0.000048
 time avg. forc= 0.000029
 largest residual force= 0.000000 in node 2544 and dof 1
 largest increment of disp= 1.757597e-05
 largest correction to disp= 1.669206e-06 in node 12087 and dof 1

 no convergence

 iteration 2

 Using up to 1 cpu(s) for the symmetric stiffness/mass contributions.

 Factoring the system of equations using the symmetric spooles solver
 Using up to 1 cpu(s) for spooles.

 Using up to 1 cpu(s) for the stress calculation.

 average force= 0.000048
 time avg. forc= 0.000029
 largest residual force= 0.000000 in node 2545 and dof 1
 largest increment of disp= 1.757597e-05
 largest correction to disp= 7.260442e-08 in node 12089 and dof 1

 convergence; the increment size is increased to 1.054688e-02

 increment 18 attempt 1 
 increment size= 1.054688e-02
 sum of previous increments=5.953125e-01
 actual step time=6.058594e-01
 actual total time=6.058594e-01

 iteration 1

 Using up to 1 cpu(s) for the stress calculation.

 Using up to 1 cpu(s) for the symmetric stiffness/mass contributions.

 Factoring the system of equations using the symmetric spooles solver
 Using up to 1 cpu(s) for spooles.

 Using up to 1 cpu(s) for the stress calculation.

 average force= 0.000049
 time avg. forc= 0.000030
 largest residual force= 0.000000 in node 2546 and dof 1
 largest increment of disp= 2.385828e-05
 largest correction to disp= 5.142209e-06 in node 12098 and dof 1

 no convergence

 iteration 2

 Using up to 1 cpu(s) for the symmetric stiffness/mass contributions.

 Factoring the system of equations using the symmetric spooles solver
 Using up to 1 cpu(s) for spooles.

 Using up to 1 cpu(s) for the stress calculation.

 average force= 0.000049
 time avg. forc= 0.000030
 largest residual force= 0.000000 in node 2545 and dof 1
 largest increment of disp= 2.385828e-05
 largest correction to disp= 5.466723e-07 in node 12089 and dof 1

 convergence; the increment size is increased to 1.582031e-02

 increment 19 attempt 1 
 increment size= 1.582031e-02
 sum of previous increments=6.058594e-01
 actual step time=6.216797e-01
 actual total time=6.216797e-01

 iteration 1

 Using up to 1 cpu(s) for the stress calculation.

 Using up to 1 cpu(s) for the symmetric stiffness/mass contributions.

 Factoring the system of equations using the symmetric spooles solver
 Using up to 1 cpu(s) for spooles.

 Using up to 1 cpu(s) for the stress calculation.

 average force= 0.000050
 time avg. forc= 0.000031
 largest residual force= 0.000001 in node 2545 and dof 1
 largest increment of disp= 3.507277e-05
 largest correction to disp= 2.651818e-05 in node 12089 and dof 1

 no convergence

 iteration 2

 Using up to 1 cpu(s) for the symmetric stiffness/mass contributions.

 Factoring the system of equations using the symmetric spooles solver
 Using up to 1 cpu(s) for spooles.

 Using up to 1 cpu(s) for the stress calculation.

 average force= 0.000050
 time avg. forc= 0.000031
 largest residual force= 0.000000 in node 2545 and dof 1
 largest increment of disp= 3.507277e-05
 largest correction to disp= 9.263483e-06 in node 12089 and dof 1

 convergence; the increment size is increased to 2.373047e-02

 increment 20 attempt 1 
 increment size= 2.373047e-02
 sum of previous increments=6.216797e-01
 actual step time=6.454102e-01
 actual total time=6.454102e-01

 iteration 1

 Using up to 1 cpu(s) for the stress calculation.

 Using up to 1 cpu(s) for the symmetric stiffness/mass contributions.

 Factoring the system of equations using the symmetric spooles solver
 Using up to 1 cpu(s) for spooles.

 Using up to 1 cpu(s) for the stress calculation.

 average force= 0.000052
 time avg. forc= 0.000032
 largest residual force= 0.000003 in node 2546 and dof 1
 largest increment of disp= 6.378830e-05
 largest correction to disp= 4.268416e-05 in node 12098 and dof 1

 no convergence

 iteration 2

 Using up to 1 cpu(s) for the symmetric stiffness/mass contributions.

 Factoring the system of equations using the symmetric spooles solver
 Using up to 1 cpu(s) for spooles.

 Using up to 1 cpu(s) for the stress calculation.

 average force= 0.000052
 time avg. forc= 0.000032
 largest residual force= 0.000000 in node 2545 and dof 1
 largest increment of disp= 6.378830e-05
 largest correction to disp= 1.954989e-05 in node 12098 and dof 1

 convergence; the increment size is increased to 3.559570e-02

 Using up to 1 cpu(s) for the stress calculation.

 increment 21 attempt 1 
 increment size= 3.559570e-02
 sum of previous increments=6.454102e-01
 actual step time=6.810059e-01
 actual total time=6.810059e-01

 iteration 1

 Using up to 1 cpu(s) for the stress calculation.

 Using up to 1 cpu(s) for the symmetric stiffness/mass contributions.

 Factoring the system of equations using the symmetric spooles solver
 Using up to 1 cpu(s) for spooles.

 Using up to 1 cpu(s) for the stress calculation.

 average force= 0.000056
 time avg. forc= 0.000033
 largest residual force= 0.000000 in node 3336 and dof 1
 largest increment of disp= 9.688220e-05
 largest correction to disp= 2.455743e-05 in node 14253 and dof 1

 no convergence

 iteration 2

 Using up to 1 cpu(s) for the symmetric stiffness/mass contributions.

 Factoring the system of equations using the symmetric spooles solver
 Using up to 1 cpu(s) for spooles.

 Using up to 1 cpu(s) for the stress calculation.

 average force= 0.000056
 time avg. forc= 0.000033
 largest residual force= 0.000000 in node 2546 and dof 1
 largest increment of disp= 9.688220e-05
 largest correction to disp= 1.124220e-05 in node 12098 and dof 1

 convergence; the increment size is increased to 5.339355e-02

 the increment size exceeds the maximum allowed and is decreased to 5.000000e-02

 increment 22 attempt 1 
 increment size= 5.000000e-02
 sum of previous increments=6.810059e-01
 actual step time=7.310059e-01
 actual total time=7.310059e-01

 iteration 1

 Using up to 1 cpu(s) for the stress calculation.

 Using up to 1 cpu(s) for the symmetric stiffness/mass contributions.

 Factoring the system of equations using the symmetric spooles solver
 Using up to 1 cpu(s) for spooles.

 Using up to 1 cpu(s) for the stress calculation.

 average force= 0.000060
 time avg. forc= 0.000034
 largest residual force= 0.000002 in node 2545 and dof 1
 largest increment of disp= 1.024798e-04
 largest correction to disp= 3.251813e-05 in node 12098 and dof 1

 no convergence

 iteration 2

 Using up to 1 cpu(s) for the symmetric stiffness/mass contributions.

 Factoring the system of equations using the symmetric spooles solver
 Using up to 1 cpu(s) for spooles.

 Using up to 1 cpu(s) for the stress calculation.

 average force= 0.000060
 time avg. forc= 0.000034
 largest residual force= 0.000000 in node 2546 and dof 1
 largest increment of disp= 1.024798e-04
 largest correction to disp= 9.994915e-06 in node 12098 and dof 1

 convergence; the increment size is increased to 7.500000e-02

 the increment size exceeds the maximum allowed and is decreased to 5.000000e-02

 increment 23 attempt 1 
 increment size= 5.000000e-02
 sum of previous increments=7.310059e-01
 actual step time=7.810059e-01
 actual total time=7.810059e-01

 iteration 1

 Using up to 1 cpu(s) for the stress calculation.

 Using up to 1 cpu(s) for the symmetric stiffness/mass contributions.

 Factoring the system of equations using the symmetric spooles solver
 Using up to 1 cpu(s) for spooles.

 Using up to 1 cpu(s) for the stress calculation.

 average force= 0.000065
 time avg. forc= 0.000036
 largest residual force= 0.000002 in node 4089 and dof 1
 largest increment of disp= 7.748989e-05
 largest correction to disp= 1.174597e-05 in node 14253 and dof 1

 no convergence

 iteration 2

 Using up to 1 cpu(s) for the symmetric stiffness/mass contributions.

 Factoring the system of equations using the symmetric spooles solver
 Using up to 1 cpu(s) for spooles.

 Using up to 1 cpu(s) for the stress calculation.

 average force= 0.000065
 time avg. forc= 0.000036
 largest residual force= 0.000000 in node 3338 and dof 1
 largest increment of disp= 7.748989e-05
 largest correction to disp= 1.393269e-06 in node 14258 and dof 1

 convergence; the increment size is increased to 7.500000e-02

 the increment size exceeds the maximum allowed and is decreased to 5.000000e-02

 increment 24 attempt 1 
 increment size= 5.000000e-02
 sum of previous increments=7.810059e-01
 actual step time=8.310059e-01
 actual total time=8.310059e-01

 iteration 1

 Using up to 1 cpu(s) for the stress calculation.

 Using up to 1 cpu(s) for the symmetric stiffness/mass contributions.

 Factoring the system of equations using the symmetric spooles solver
 Using up to 1 cpu(s) for spooles.

 Using up to 1 cpu(s) for the stress calculation.

 average force= 0.000070
 time avg. forc= 0.000037
 largest residual force= 0.000002 in node 4093 and dof 1
 largest increment of disp= 6.537147e-05
 largest correction to disp= 6.347216e-06 in node 14253 and dof 1

 no convergence

 iteration 2

 Using up to 1 cpu(s) for the symmetric stiffness/mass contributions.

 Factoring the system of equations using the symmetric spooles solver
 Using up to 1 cpu(s) for spooles.

 Using up to 1 cpu(s) for the stress calculation.

 average force= 0.000070
 time avg. forc= 0.000037
 largest residual force= 0.000000 in node 4073 and dof 1
 largest increment of disp= 6.537147e-05
 largest correction to disp= 3.516801e-07 in node 14249 and dof 1

 convergence; the increment size is increased to 7.500000e-02

 the increment size exceeds the maximum allowed and is decreased to 5.000000e-02

 increment 25 attempt 1 
 increment size= 5.000000e-02
 sum of previous increments=8.310059e-01
 actual step time=8.810059e-01
 actual total time=8.810059e-01

 iteration 1

 Using up to 1 cpu(s) for the stress calculation.

 Using up to 1 cpu(s) for the symmetric stiffness/mass contributions.

 Factoring the system of equations using the symmetric spooles solver
 Using up to 1 cpu(s) for spooles.

 Using up to 1 cpu(s) for the stress calculation.

 average force= 0.000075
 time avg. forc= 0.000038
 largest residual force= 0.000002 in node 4089 and dof 1
 largest increment of disp= 5.886486e-05
 largest correction to disp= 4.672785e-06 in node 14244 and dof 1

 no convergence

 iteration 2

 Using up to 1 cpu(s) for the symmetric stiffness/mass contributions.

 Factoring the system of equations using the symmetric spooles solver
 Using up to 1 cpu(s) for spooles.

 Using up to 1 cpu(s) for the stress calculation.

 average force= 0.000075
 time avg. forc= 0.000038
 largest residual force= 0.000000 in node 4081 and dof 1
 largest increment of disp= 5.886486e-05
 largest correction to disp= 2.694419e-07 in node 14249 and dof 1

 convergence; the increment size is increased to 7.500000e-02

 the increment size exceeds the maximum allowed and is decreased to 5.000000e-02

 Using up to 1 cpu(s) for the stress calculation.

 increment 26 attempt 1 
 increment size= 5.000000e-02
 sum of previous increments=8.810059e-01
 actual step time=9.310059e-01
 actual total time=9.310059e-01

 iteration 1

 Using up to 1 cpu(s) for the stress calculation.

 Using up to 1 cpu(s) for the symmetric stiffness/mass contributions.

 Factoring the system of equations using the symmetric spooles solver
 Using up to 1 cpu(s) for spooles.

 Using up to 1 cpu(s) for the stress calculation.

 average force= 0.000080
 time avg. forc= 0.000040
 largest residual force= 0.000001 in node 4093 and dof 1
 largest increment of disp= 5.410304e-05
 largest correction to disp= 4.017148e-06 in node 14256 and dof 1

 no convergence

 iteration 2

 Using up to 1 cpu(s) for the symmetric stiffness/mass contributions.

 Factoring the system of equations using the symmetric spooles solver
 Using up to 1 cpu(s) for spooles.

 Using up to 1 cpu(s) for the stress calculation.

 average force= 0.000080
 time avg. forc= 0.000040
 largest residual force= 0.000000 in node 2190 and dof 1
 largest increment of disp= 5.410304e-05
 largest correction to disp= 2.706900e-07 in node 14249 and dof 1

 convergence; the increment size is increased to 7.500000e-02

 the increment size exceeds the maximum allowed and is decreased to 5.000000e-02

 increment 27 attempt 1 
 increment size= 5.000000e-02
 sum of previous increments=9.310059e-01
 actual step time=9.810059e-01
 actual total time=9.810059e-01

 iteration 1

 Using up to 1 cpu(s) for the stress calculation.

 Using up to 1 cpu(s) for the symmetric stiffness/mass contributions.

 Factoring the system of equations using the symmetric spooles solver
 Using up to 1 cpu(s) for spooles.

 Using up to 1 cpu(s) for the stress calculation.

 average force= 0.000085
 time avg. forc= 0.000042
 largest residual force= 0.000001 in node 4093 and dof 1
 largest increment of disp= 5.022807e-05
 largest correction to disp= 5.093681e-06 in node 14247 and dof 1

 no convergence

 iteration 2

 Using up to 1 cpu(s) for the symmetric stiffness/mass contributions.

 Factoring the system of equations using the symmetric spooles solver
 Using up to 1 cpu(s) for spooles.

 Using up to 1 cpu(s) for the stress calculation.

 average force= 0.000085
 time avg. forc= 0.000042
 largest residual force= 0.000000 in node 2190 and dof 1
 largest increment of disp= 5.022807e-05
 largest correction to disp= 3.128525e-07 in node 14258 and dof 1

 convergence; the increment size is increased to 7.500000e-02

 the increment size exceeds the maximum allowed and is decreased to 5.000000e-02

 the increment size exceeds the remainder of the step and is decreased to 1.899414e-02

 increment 28 attempt 1 
 increment size= 1.899414e-02
 sum of previous increments=9.810059e-01
 actual step time=1.000000e+00
 actual total time=1.000000e+00

 iteration 1

 Using up to 1 cpu(s) for the stress calculation.

 Using up to 1 cpu(s) for the symmetric stiffness/mass contributions.

 Factoring the system of equations using the symmetric spooles solver
 Using up to 1 cpu(s) for spooles.

 Using up to 1 cpu(s) for the stress calculation.

 average force= 0.000087
 time avg. forc= 0.000043
 largest residual force= 0.000000 in node 2183 and dof 1
 largest increment of disp= 1.775985e-05
 largest correction to disp= 1.525114e-06 in node 14247 and dof 1

 no convergence

 iteration 2

 Using up to 1 cpu(s) for the symmetric stiffness/mass contributions.

 Factoring the system of equations using the symmetric spooles solver
 Using up to 1 cpu(s) for spooles.

 Using up to 1 cpu(s) for the stress calculation.

 average force= 0.000087
 time avg. forc= 0.000043
 largest residual force= 0.000000 in node 4093 and dof 1
 largest increment of disp= 1.775985e-05
 largest correction to disp= 3.402813e-08 in node 14249 and dof 1

 convergence; the increment size is increased to 2.849121e-02

 the increment size exceeds the remainder of the step and is decreased to 0.000000e+00

 Using up to 1 cpu(s) for the stress calculation.


 Job finished

________________________________________

Total CalculiX Time: 177.442125
________________________________________
=== on-caso-3-sf (CCX): renomeando outputs _Pc9034 ===
=== on-caso-3-sf (CCX): ccx2paraview nao encontrado dentro do container ===
    (rode no HOST: cd cases/on-caso-3-sf/ccx && /tmp/ccx2pv/bin/ccx2paraview on-caso-3-sf_Pc9034.frd vtu)

=== Concluido. Arquivos de saida: ===
  on-caso-3-sf.frd  - campos CalculiX (U, RF, S, E)
  on-caso-3-sf.dat  - totais RF/U nos NSETs monitorados
  on-caso-3-sf.sta  - status de convergencia por incremento Riks (lam_final)

Analise: python3 brunaStuff/analyze_on-caso-3-sf_pcontact_sweep.py
