 Container myopenfoam-fsi-run-b3c5c2b417e4 Creating 
 Container myopenfoam-fsi-run-b3c5c2b417e4 Created 
End

 Container myopenfoam-fsi-run-405c1c6bd19d Creating 
 Container myopenfoam-fsi-run-405c1c6bd19d Created 
End

 Container myopenfoam-fsi-run-b7b111409760 Creating 
 Container myopenfoam-fsi-run-b7b111409760 Created 
End

 Container myopenfoam-fsi-run-c6b7663b6b21 Creating 
 Container myopenfoam-fsi-run-c6b7663b6b21 Created 
End

 Container myopenfoam-fsi-run-bb01c3c17316 Creating 
 Container myopenfoam-fsi-run-bb01c3c17316 Created 
End

 Container myopenfoam-fsi-run-dbc1037df978 Creating 
 Container myopenfoam-fsi-run-dbc1037df978 Created 
End

 Container myopenfoam-fsi-run-b6d36a593fc5 Creating 
 Container myopenfoam-fsi-run-b6d36a593fc5 Created 
End

 Container myopenfoam-fsi-run-5f7bd21bbeec Creating 
 Container myopenfoam-fsi-run-5f7bd21bbeec Created 
End

 Container myopenfoam-fsi-run-a60de6328aed Creating 
 Container myopenfoam-fsi-run-a60de6328aed Created 
End

 Container myopenfoam-fsi-run-f17411ba2a5b Creating 
 Container myopenfoam-fsi-run-f17411ba2a5b Created 
End

 Container myopenfoam-fsi-run-14810271583a Creating 
 Container myopenfoam-fsi-run-14810271583a Created 
End

 Container myopenfoam-fsi-run-8ac042c00801 Creating 
 Container myopenfoam-fsi-run-8ac042c00801 Created 
End


===== P1333_d1e15: PIC_alvo=1333 Pa, d=1e+15, Q_in=2.6738e-11 m3/s =====
  $ rm -rf /Users/brunaenne/Documents/repos/myopenfoam/cases/on-caso-1.2/_grid_qin_fluid/P1333_d1e15
refine_blockmesh: 16 blocos escalados (fr=1, ft=1, fz=1) -> /Users/brunaenne/Documents/repos/myopenfoam/cases/on-caso-1.2/_grid_qin_fluid/P1333_d1e15/system/blockMeshDict
  $ docker compose run --rm fsi bash -lc "cd on-caso-1.2/_grid_qin_fluid/P1333_d1e15 && blockMesh > log.blockMesh 2>&1 && simpleFoam > log.simpleFoam 2>&1 ; tail -n 2 log.simpleFoam"
  PIC bulk: mean=1333.0  min=1333.0  max=1333.0  std=0.000 Pa  | err vs alvo=-0.00%  var espacial=0.0000%

===== P1333_d1e17: PIC_alvo=1333 Pa, d=1e+17, Q_in=2.6740e-13 m3/s =====
  $ rm -rf /Users/brunaenne/Documents/repos/myopenfoam/cases/on-caso-1.2/_grid_qin_fluid/P1333_d1e17
refine_blockmesh: 16 blocos escalados (fr=1, ft=1, fz=1) -> /Users/brunaenne/Documents/repos/myopenfoam/cases/on-caso-1.2/_grid_qin_fluid/P1333_d1e17/system/blockMeshDict
  $ docker compose run --rm fsi bash -lc "cd on-caso-1.2/_grid_qin_fluid/P1333_d1e17 && blockMesh > log.blockMesh 2>&1 && simpleFoam > log.simpleFoam 2>&1 ; tail -n 2 log.simpleFoam"
  PIC bulk: mean=1333.1  min=1333.1  max=1333.1  std=0.000 Pa  | err vs alvo=+0.01%  var espacial=0.0000%

===== P1333_d1e19: PIC_alvo=1333 Pa, d=1e+19, Q_in=2.6811e-15 m3/s =====
  $ rm -rf /Users/brunaenne/Documents/repos/myopenfoam/cases/on-caso-1.2/_grid_qin_fluid/P1333_d1e19
refine_blockmesh: 16 blocos escalados (fr=1, ft=1, fz=1) -> /Users/brunaenne/Documents/repos/myopenfoam/cases/on-caso-1.2/_grid_qin_fluid/P1333_d1e19/system/blockMeshDict
  $ docker compose run --rm fsi bash -lc "cd on-caso-1.2/_grid_qin_fluid/P1333_d1e19 && blockMesh > log.blockMesh 2>&1 && simpleFoam > log.simpleFoam 2>&1 ; tail -n 2 log.simpleFoam"
  PIC bulk: mean=1336.4  min=1336.4  max=1336.4  std=0.000 Pa  | err vs alvo=+0.26%  var espacial=0.0000%

===== P2000_d1e15: PIC_alvo=2000 Pa, d=1e+15, Q_in=4.0118e-11 m3/s =====
  $ rm -rf /Users/brunaenne/Documents/repos/myopenfoam/cases/on-caso-1.2/_grid_qin_fluid/P2000_d1e15
refine_blockmesh: 16 blocos escalados (fr=1, ft=1, fz=1) -> /Users/brunaenne/Documents/repos/myopenfoam/cases/on-caso-1.2/_grid_qin_fluid/P2000_d1e15/system/blockMeshDict
  $ docker compose run --rm fsi bash -lc "cd on-caso-1.2/_grid_qin_fluid/P2000_d1e15 && blockMesh > log.blockMesh 2>&1 && simpleFoam > log.simpleFoam 2>&1 ; tail -n 2 log.simpleFoam"
  PIC bulk: mean=2000.0  min=2000.0  max=2000.0  std=0.001 Pa  | err vs alvo=-0.00%  var espacial=0.0000%

===== P2000_d1e17: PIC_alvo=2000 Pa, d=1e+17, Q_in=4.0126e-13 m3/s =====
  $ rm -rf /Users/brunaenne/Documents/repos/myopenfoam/cases/on-caso-1.2/_grid_qin_fluid/P2000_d1e17
refine_blockmesh: 16 blocos escalados (fr=1, ft=1, fz=1) -> /Users/brunaenne/Documents/repos/myopenfoam/cases/on-caso-1.2/_grid_qin_fluid/P2000_d1e17/system/blockMeshDict
  $ docker compose run --rm fsi bash -lc "cd on-caso-1.2/_grid_qin_fluid/P2000_d1e17 && blockMesh > log.blockMesh 2>&1 && simpleFoam > log.simpleFoam 2>&1 ; tail -n 2 log.simpleFoam"
  PIC bulk: mean=2000.4  min=2000.4  max=2000.4  std=0.000 Pa  | err vs alvo=+0.02%  var espacial=0.0000%

===== P2000_d1e19: PIC_alvo=2000 Pa, d=1e+19, Q_in=4.0227e-15 m3/s =====
  $ rm -rf /Users/brunaenne/Documents/repos/myopenfoam/cases/on-caso-1.2/_grid_qin_fluid/P2000_d1e19
refine_blockmesh: 16 blocos escalados (fr=1, ft=1, fz=1) -> /Users/brunaenne/Documents/repos/myopenfoam/cases/on-caso-1.2/_grid_qin_fluid/P2000_d1e19/system/blockMeshDict
  $ docker compose run --rm fsi bash -lc "cd on-caso-1.2/_grid_qin_fluid/P2000_d1e19 && blockMesh > log.blockMesh 2>&1 && simpleFoam > log.simpleFoam 2>&1 ; tail -n 2 log.simpleFoam"
  PIC bulk: mean=2005.4  min=2005.4  max=2005.4  std=0.000 Pa  | err vs alvo=+0.27%  var espacial=0.0000%

===== P3000_d1e15: PIC_alvo=3000 Pa, d=1e+15, Q_in=6.0177e-11 m3/s =====
  $ rm -rf /Users/brunaenne/Documents/repos/myopenfoam/cases/on-caso-1.2/_grid_qin_fluid/P3000_d1e15
refine_blockmesh: 16 blocos escalados (fr=1, ft=1, fz=1) -> /Users/brunaenne/Documents/repos/myopenfoam/cases/on-caso-1.2/_grid_qin_fluid/P3000_d1e15/system/blockMeshDict
  $ docker compose run --rm fsi bash -lc "cd on-caso-1.2/_grid_qin_fluid/P3000_d1e15 && blockMesh > log.blockMesh 2>&1 && simpleFoam > log.simpleFoam 2>&1 ; tail -n 2 log.simpleFoam"
  PIC bulk: mean=3000.0  min=3000.0  max=3000.0  std=0.001 Pa  | err vs alvo=-0.00%  var espacial=0.0000%

===== P3000_d1e17: PIC_alvo=3000 Pa, d=1e+17, Q_in=6.0189e-13 m3/s =====
  $ rm -rf /Users/brunaenne/Documents/repos/myopenfoam/cases/on-caso-1.2/_grid_qin_fluid/P3000_d1e17
refine_blockmesh: 16 blocos escalados (fr=1, ft=1, fz=1) -> /Users/brunaenne/Documents/repos/myopenfoam/cases/on-caso-1.2/_grid_qin_fluid/P3000_d1e17/system/blockMeshDict
  $ docker compose run --rm fsi bash -lc "cd on-caso-1.2/_grid_qin_fluid/P3000_d1e17 && blockMesh > log.blockMesh 2>&1 && simpleFoam > log.simpleFoam 2>&1 ; tail -n 2 log.simpleFoam"
  PIC bulk: mean=3000.6  min=3000.6  max=3000.6  std=0.000 Pa  | err vs alvo=+0.02%  var espacial=0.0000%

===== P3000_d1e19: PIC_alvo=3000 Pa, d=1e+19, Q_in=6.0340e-15 m3/s =====
  $ rm -rf /Users/brunaenne/Documents/repos/myopenfoam/cases/on-caso-1.2/_grid_qin_fluid/P3000_d1e19
refine_blockmesh: 16 blocos escalados (fr=1, ft=1, fz=1) -> /Users/brunaenne/Documents/repos/myopenfoam/cases/on-caso-1.2/_grid_qin_fluid/P3000_d1e19/system/blockMeshDict
  $ docker compose run --rm fsi bash -lc "cd on-caso-1.2/_grid_qin_fluid/P3000_d1e19 && blockMesh > log.blockMesh 2>&1 && simpleFoam > log.simpleFoam 2>&1 ; tail -n 2 log.simpleFoam"
  PIC bulk: mean=3007.8  min=3007.8  max=3007.8  std=0.000 Pa  | err vs alvo=+0.26%  var espacial=0.0000%

===== P3900_d1e15: PIC_alvo=3900 Pa, d=1e+15, Q_in=7.8230e-11 m3/s =====
  $ rm -rf /Users/brunaenne/Documents/repos/myopenfoam/cases/on-caso-1.2/_grid_qin_fluid/P3900_d1e15
refine_blockmesh: 16 blocos escalados (fr=1, ft=1, fz=1) -> /Users/brunaenne/Documents/repos/myopenfoam/cases/on-caso-1.2/_grid_qin_fluid/P3900_d1e15/system/blockMeshDict
  $ docker compose run --rm fsi bash -lc "cd on-caso-1.2/_grid_qin_fluid/P3900_d1e15 && blockMesh > log.blockMesh 2>&1 && simpleFoam > log.simpleFoam 2>&1 ; tail -n 2 log.simpleFoam"
  PIC bulk: mean=3900.0  min=3900.0  max=3900.0  std=0.001 Pa  | err vs alvo=-0.00%  var espacial=0.0000%

===== P3900_d1e17: PIC_alvo=3900 Pa, d=1e+17, Q_in=7.8234e-13 m3/s =====
  $ rm -rf /Users/brunaenne/Documents/repos/myopenfoam/cases/on-caso-1.2/_grid_qin_fluid/P3900_d1e17
refine_blockmesh: 16 blocos escalados (fr=1, ft=1, fz=1) -> /Users/brunaenne/Documents/repos/myopenfoam/cases/on-caso-1.2/_grid_qin_fluid/P3900_d1e17/system/blockMeshDict
  $ docker compose run --rm fsi bash -lc "cd on-caso-1.2/_grid_qin_fluid/P3900_d1e17 && blockMesh > log.blockMesh 2>&1 && simpleFoam > log.simpleFoam 2>&1 ; tail -n 2 log.simpleFoam"
  PIC bulk: mean=3900.2  min=3900.2  max=3900.2  std=0.000 Pa  | err vs alvo=+0.01%  var espacial=0.0000%

===== P3900_d1e19: PIC_alvo=3900 Pa, d=1e+19, Q_in=7.8441e-15 m3/s =====
  $ rm -rf /Users/brunaenne/Documents/repos/myopenfoam/cases/on-caso-1.2/_grid_qin_fluid/P3900_d1e19
refine_blockmesh: 16 blocos escalados (fr=1, ft=1, fz=1) -> /Users/brunaenne/Documents/repos/myopenfoam/cases/on-caso-1.2/_grid_qin_fluid/P3900_d1e19/system/blockMeshDict
  $ docker compose run --rm fsi bash -lc "cd on-caso-1.2/_grid_qin_fluid/P3900_d1e19 && blockMesh > log.blockMesh 2>&1 && simpleFoam > log.simpleFoam 2>&1 ; tail -n 2 log.simpleFoam"
  PIC bulk: mean=3911.4  min=3911.4  max=3911.4  std=0.000 Pa  | err vs alvo=+0.29%  var espacial=0.0000%

===== RESUMO FLUIDO-SO (Q_in prescrita) =====
           label   alvo      d   PICmean      min      max     std    err%  varEsp%
     P1333_d1e15   1333  1e+15    1333.0   1333.0   1333.0   0.000   -0.00   0.0000
     P1333_d1e17   1333  1e+17    1333.1   1333.1   1333.1   0.000   +0.01   0.0000
     P1333_d1e19   1333  1e+19    1336.4   1336.4   1336.4   0.000   +0.26   0.0000
     P2000_d1e15   2000  1e+15    2000.0   2000.0   2000.0   0.001   -0.00   0.0000
     P2000_d1e17   2000  1e+17    2000.4   2000.4   2000.4   0.000   +0.02   0.0000
     P2000_d1e19   2000  1e+19    2005.4   2005.4   2005.4   0.000   +0.27   0.0000
     P3000_d1e15   3000  1e+15    3000.0   3000.0   3000.0   0.001   -0.00   0.0000
     P3000_d1e17   3000  1e+17    3000.6   3000.6   3000.6   0.000   +0.02   0.0000
     P3000_d1e19   3000  1e+19    3007.8   3007.8   3007.8   0.000   +0.26   0.0000
     P3900_d1e15   3900  1e+15    3900.0   3900.0   3900.0   0.001   -0.00   0.0000
     P3900_d1e17   3900  1e+17    3900.2   3900.2   3900.2   0.000   +0.01   0.0000
     P3900_d1e19   3900  1e+19    3911.4   3911.4   3911.4   0.000   +0.29   0.0000

resultados -> /Users/brunaenne/Documents/repos/myopenfoam/cases/on-caso-1.2/_grid_qin_fluid/qin_fluid_results.json
