================================================================
 [17:12:28] build+run radpia2dura3 (factor=rad:2:3, P_contact=9034)
================================================================
refine_blockmesh_radial: pia n1->2 (12 blocos), dura n1->3 (12 blocos) -> /Users/brunaenne/Documents/repos/myopenfoam/cases/_mi/on-caso-3__radpia2dura3/solid/system/blockMeshDict
build_meshindep: /Users/brunaenne/Documents/repos/myopenfoam/cases/_mi/on-caso-3__radpia2dura3 pronto (factor=rad:2:3 contact=yes warp=no)
67:** Solver: *STATIC, RIKS (arc-length method, Riks-Wempner-Crisfield)
73:**   Sintaxe CCX: *STATIC, RIKS
208:*STEP, NLGEOM=YES, INC=1500
209:*STATIC, RIKS
295:CONTACT_LOCAL_SURF, P, 9034
 rc=0
 A_patch=3.9157858036e-06 m^2  -> F = P*A = 35.375208949722406 mN
     1         27     1     2  0.953125E+00  0.953125E+00  0.500000E-01
     1         28     1     2  0.100000E+01  0.100000E+01  0.468750E-01
================================================================
 [17:17:22] build+run radpia3dura4 (factor=rad:3:4, P_contact=9034)
================================================================
refine_blockmesh_radial: pia n1->3 (12 blocos), dura n1->4 (12 blocos) -> /Users/brunaenne/Documents/repos/myopenfoam/cases/_mi/on-caso-3__radpia3dura4/solid/system/blockMeshDict
build_meshindep: /Users/brunaenne/Documents/repos/myopenfoam/cases/_mi/on-caso-3__radpia3dura4 pronto (factor=rad:3:4 contact=yes warp=no)
67:** Solver: *STATIC, RIKS (arc-length method, Riks-Wempner-Crisfield)
73:**   Sintaxe CCX: *STATIC, RIKS
208:*STEP, NLGEOM=YES, INC=1500
209:*STATIC, RIKS
295:CONTACT_LOCAL_SURF, P, 9034
 rc=0
 A_patch=3.9157858036e-06 m^2  -> F = P*A = 35.375208949722406 mN
     1         37     1     2  0.990231E+00  0.990231E+00  0.500000E-01
     1         38     1     2  0.100000E+01  0.100000E+01  0.976944E-02

=== concluido. Analise: secante von Mises f100 vs radial ===
