 Container myopenfoam-fsi-run-109361522343 Creating 
 Container myopenfoam-fsi-run-109361522343 Created 
=== on-caso-2 (CCX): polyMesh -> CalculiX .inp ===
[1/5] Lendo polyMesh em ../solid/constant/polyMesh
      nodes=3493, faces=8940, cells=2736, patches=12, zones=['on', 'pia', 'dura', 'lc', 'sclera_peri', 'sclera_ring', 'globo']
[2/5] Reconstruindo conectividade C3D8 (2736 celulas)
      OK
[3/5] Escrevendo malha em on-caso-2_mesh.inp
[4/5] Escrevendo Winkler em on-caso-2_winkler.inp
[5/5] Concluido. Total: 3493 nodes, 2736 hex C3D8I.
=== on-caso-2 (CCX): solver ccx_preCICE -i on-caso-2 ===

************************************************************

CalculiX Version 2.20, Copyright(C) 1998-2022 Guido Dhondt
CalculiX comes with ABSOLUTELY NO WARRANTY. This is free
software, and you are welcome to redistribute it under
certain conditions, see gpl.htm

************************************************************

You are using an executable made on Sun Jul 31 18:08:37 CEST 2022

  The numbers below are estimated upper bounds

  number of:

   nodes:        11950
   elements:         2985
   one-dimensional elements:            0
   two-dimensional elements:            0
   integration points per element:            8
   degrees of freedom per node:            3
   layers per element:            1

   distributed facial loads:          480
   distributed volumetric loads:            0
   concentrated loads:            0
   single point constraints:         2625
   multiple point constraints:            1
   terms in all multiple point constraints:            1
   tie constraints:            0
   dependent nodes tied by cyclic constraints:            0
   dependent nodes in pre-tension constraints:            0

   sets:          282
   terms in all sets:        13402

   materials:          256
   constants per material and temperature:            2
   temperature points per material:            1
   plastic data points per material:            0

   orientations:            0
   amplitudes:            6
   data points in all amplitudes:            9
   print requests:            5
   transformations:            0
   property cards:            0

 *INFO reading *HYPERELASTIC: nonlinear geometric
       effects are turned on

 *INFO reading *HYPERELASTIC: nonlinear geometric
       effects are turned on

 *INFO reading *HYPERELASTIC: nonlinear geometric
       effects are turned on

 *INFO reading *HYPERELASTIC: nonlinear geometric
       effects are turned on

 *INFO reading *HYPERELASTIC: nonlinear geometric
       effects are turned on

 *INFO reading *HYPERELASTIC: nonlinear geometric
       effects are turned on

 *INFO reading *HYPERELASTIC: nonlinear geometric
       effects are turned on

 *INFO reading *STEP: nonlinear geometric
       effects are turned on

 *WARNING reading *STATIC: parameter not recognized:
          RIKS
 *WARNING reading *STATIC. Card image:
          *STATIC,RIKS


 STEP            1

 Static analysis was selected

 Nonlinear material laws are taken into account

 Newton-Raphson iterative procedure is active

 Nonlinear geometric effects are taken into account

 Decascading the MPC's

 Determining the structure of the matrix:
 Using up to 1 cpu(s) for setting up the structure of the matrix.
 number of equations
 33297
 number of nonzero lower triangular matrix elements
 918879

 increment 1 attempt 1 
 increment size= 2.500000e-02
 sum of previous increments=0.000000e+00
 actual step time=2.500000e-02
 actual total time=2.500000e-02

 iteration 1

 Using up to 1 cpu(s) for the stress calculation.

 Using up to 1 cpu(s) for the symmetric stiffness/mass contributions.

 Factoring the system of equations using the symmetric spooles solver
 Using up to 1 cpu(s) for spooles.

 Using up to 1 cpu(s) for the stress calculation.

 average force= 0.000011
 time avg. forc= 0.000011
 largest residual force= 0.000054 in node 2387 and dof 1
 largest increment of disp= 2.499497e-05
 largest correction to disp= 2.499497e-05 in node 2846 and dof 3

 no convergence

 iteration 2

 Using up to 1 cpu(s) for the symmetric stiffness/mass contributions.

 Factoring the system of equations using the symmetric spooles solver
 Using up to 1 cpu(s) for spooles.

 Using up to 1 cpu(s) for the stress calculation.

 average force= 0.000011
 time avg. forc= 0.000011
 largest residual force= 0.000000 in node 1949 and dof 1
 largest increment of disp= 2.499497e-05
 largest correction to disp= 5.355505e-07 in node 2413 and dof 3

 convergence

 increment 2 attempt 1 
 increment size= 2.500000e-02
 sum of previous increments=2.500000e-02
 actual step time=5.000000e-02
 actual total time=5.000000e-02

 iteration 1

 Using up to 1 cpu(s) for the stress calculation.

 Using up to 1 cpu(s) for the symmetric stiffness/mass contributions.

 Factoring the system of equations using the symmetric spooles solver
 Using up to 1 cpu(s) for spooles.

 Using up to 1 cpu(s) for the stress calculation.

 average force= 0.000022
 time avg. forc= 0.000017
 largest residual force= 0.000000 in node 1982 and dof 1
 largest increment of disp= 2.499508e-05
 largest correction to disp= 1.428838e-07 in node 1996 and dof 1

 no convergence

 iteration 2

 Using up to 1 cpu(s) for the symmetric stiffness/mass contributions.

 Factoring the system of equations using the symmetric spooles solver
 Using up to 1 cpu(s) for spooles.

 Using up to 1 cpu(s) for the stress calculation.

 average force= 0.000022
 time avg. forc= 0.000017
 largest residual force= 0.000000 in node 1970 and dof 1
 largest increment of disp= 2.499508e-05
 largest correction to disp= 2.152250e-09 in node 1975 and dof 1

 convergence; the increment size is increased to 3.750000e-02

 increment 3 attempt 1 
 increment size= 3.750000e-02
 sum of previous increments=5.000000e-02
 actual step time=8.750000e-02
 actual total time=8.750000e-02

 iteration 1

 Using up to 1 cpu(s) for the stress calculation.

 Using up to 1 cpu(s) for the symmetric stiffness/mass contributions.

 Factoring the system of equations using the symmetric spooles solver
 Using up to 1 cpu(s) for spooles.

 Using up to 1 cpu(s) for the stress calculation.

 average force= 0.000039
 time avg. forc= 0.000024
 largest residual force= 0.000000 in node 2457 and dof 1
 largest increment of disp= 3.749265e-05
 largest correction to disp= 5.150430e-08 in node 9480 and dof 1

 no convergence

 iteration 2

 Using up to 1 cpu(s) for the symmetric stiffness/mass contributions.

 Factoring the system of equations using the symmetric spooles solver
 Using up to 1 cpu(s) for spooles.

 Using up to 1 cpu(s) for the stress calculation.

 average force= 0.000039
 time avg. forc= 0.000024
 largest residual force= 0.000000 in node 1648 and dof 1
 largest increment of disp= 3.749265e-05
 largest correction to disp= 4.365066e-10 in node 7817 and dof 1

 convergence; the increment size is increased to 5.625000e-02

 the increment size exceeds the maximum allowed and is decreased to 5.000000e-02

 increment 4 attempt 1 
 increment size= 5.000000e-02
 sum of previous increments=8.750000e-02
 actual step time=1.375000e-01
 actual total time=1.375000e-01

 iteration 1

 Using up to 1 cpu(s) for the stress calculation.

 Using up to 1 cpu(s) for the symmetric stiffness/mass contributions.

 Factoring the system of equations using the symmetric spooles solver
 Using up to 1 cpu(s) for spooles.

 Using up to 1 cpu(s) for the stress calculation.

 average force= 0.000062
 time avg. forc= 0.000034
 largest residual force= 0.000000 in node 2457 and dof 1
 largest increment of disp= 4.999017e-05
 largest correction to disp= 1.471358e-07 in node 7781 and dof 1

 no convergence

 iteration 2

 Using up to 1 cpu(s) for the symmetric stiffness/mass contributions.

 Factoring the system of equations using the symmetric spooles solver
 Using up to 1 cpu(s) for spooles.

 Using up to 1 cpu(s) for the stress calculation.

 average force= 0.000062
 time avg. forc= 0.000034
 largest residual force= 0.000000 in node 1648 and dof 1
 largest increment of disp= 4.999017e-05
 largest correction to disp= 4.616945e-09 in node 7820 and dof 1

 convergence; the increment size is increased to 7.500000e-02

 the increment size exceeds the maximum allowed and is decreased to 5.000000e-02

 increment 5 attempt 1 
 increment size= 5.000000e-02
 sum of previous increments=1.375000e-01
 actual step time=1.875000e-01
 actual total time=1.875000e-01

 iteration 1

 Using up to 1 cpu(s) for the stress calculation.

 Using up to 1 cpu(s) for the symmetric stiffness/mass contributions.

 Factoring the system of equations using the symmetric spooles solver
 Using up to 1 cpu(s) for spooles.

 Using up to 1 cpu(s) for the stress calculation.

 average force= 0.000086
 time avg. forc= 0.000044
 largest residual force= 0.000011 in node 1641 and dof 1
 largest increment of disp= 4.998998e-05
 largest correction to disp= 5.614271e-07 in node 7820 and dof 1

 no convergence

 iteration 2

 Using up to 1 cpu(s) for the symmetric stiffness/mass contributions.

 Factoring the system of equations using the symmetric spooles solver
 Using up to 1 cpu(s) for spooles.

 Using up to 1 cpu(s) for the stress calculation.

 average force= 0.000086
 time avg. forc= 0.000044
 largest residual force= 0.000000 in node 1648 and dof 1
 largest increment of disp= 4.998998e-05
 largest correction to disp= 3.849236e-08 in node 7835 and dof 1

 convergence; the increment size is increased to 7.500000e-02

 the increment size exceeds the maximum allowed and is decreased to 5.000000e-02

 Using up to 1 cpu(s) for the stress calculation.

 increment 6 attempt 1 
 increment size= 5.000000e-02
 sum of previous increments=1.875000e-01
 actual step time=2.375000e-01
 actual total time=2.375000e-01

 iteration 1

 Using up to 1 cpu(s) for the stress calculation.

 Using up to 1 cpu(s) for the symmetric stiffness/mass contributions.

 Factoring the system of equations using the symmetric spooles solver
 Using up to 1 cpu(s) for spooles.

 Using up to 1 cpu(s) for the stress calculation.

 average force= 0.000142
 time avg. forc= 0.000060
 largest residual force= 0.007639 in node 1648 and dof 1
 largest increment of disp= 4.998902e-05
 largest correction to disp= 1.450875e-05 in node 7835 and dof 1

 no convergence

 iteration 2

 Using up to 1 cpu(s) for the symmetric stiffness/mass contributions.

 Factoring the system of equations using the symmetric spooles solver
 Using up to 1 cpu(s) for spooles.

 Using up to 1 cpu(s) for the stress calculation.

 average force= 0.000116
 time avg. forc= 0.000056
 largest residual force= 0.000020 in node 1783 and dof 1
 largest increment of disp= 4.998902e-05
 largest correction to disp= 7.388116e-07 in node 8198 and dof 1

 no convergence

 iteration 3

 Using up to 1 cpu(s) for the symmetric stiffness/mass contributions.

 Factoring the system of equations using the symmetric spooles solver
 Using up to 1 cpu(s) for spooles.

 Using up to 1 cpu(s) for the stress calculation.

 average force= 0.000115
 time avg. forc= 0.000056
 largest residual force= 0.000834 in node 1648 and dof 1
 largest increment of disp= 4.998902e-05
 largest correction to disp= 4.799923e-06 in node 7835 and dof 1

 no convergence

 iteration 4

 Using up to 1 cpu(s) for the symmetric stiffness/mass contributions.

 Factoring the system of equations using the symmetric spooles solver
 Using up to 1 cpu(s) for spooles.

 Using up to 1 cpu(s) for the stress calculation.

 average force= 0.000114
 time avg. forc= 0.000056
 largest residual force= 0.000005 in node 1648 and dof 1
 largest increment of disp= 4.998902e-05
 largest correction to disp= 3.580372e-07 in node 7835 and dof 1

 no convergence

 iteration 5

 Using up to 1 cpu(s) for the symmetric stiffness/mass contributions.

 Factoring the system of equations using the symmetric spooles solver
 Using up to 1 cpu(s) for spooles.

 Using up to 1 cpu(s) for the stress calculation.

 average force= 0.000113
 time avg. forc= 0.000056
 largest residual force= 0.000004 in node 1648 and dof 1
 largest increment of disp= 4.998902e-05
 largest correction to disp= 3.182419e-07 in node 7838 and dof 1

 no convergence

 iteration 6

 Using up to 1 cpu(s) for the symmetric stiffness/mass contributions.

 Factoring the system of equations using the symmetric spooles solver
 Using up to 1 cpu(s) for spooles.

 Using up to 1 cpu(s) for the stress calculation.

 average force= 0.000113
 time avg. forc= 0.000056
 largest residual force= 0.000000 in node 1648 and dof 1
 largest increment of disp= 4.998902e-05
 largest correction to disp= 2.729579e-09 in node 7835 and dof 1

 convergence

 increment 7 attempt 1 
 increment size= 5.000000e-02
 sum of previous increments=2.375000e-01
 actual step time=2.875000e-01
 actual total time=2.875000e-01

 iteration 1

 Using up to 1 cpu(s) for the stress calculation.

 Using up to 1 cpu(s) for the symmetric stiffness/mass contributions.

 Factoring the system of equations using the symmetric spooles solver
 Using up to 1 cpu(s) for spooles.

 Using up to 1 cpu(s) for the stress calculation.

 average force= 0.000229
 time avg. forc= 0.000080
 largest residual force= 0.019710 in node 1783 and dof 1
 largest increment of disp= 5.016387e-05
 largest correction to disp= 2.329014e-05 in node 8198 and dof 1

 no convergence

 iteration 2

 Using up to 1 cpu(s) for the symmetric stiffness/mass contributions.

 Factoring the system of equations using the symmetric spooles solver
 Using up to 1 cpu(s) for spooles.

 Using up to 1 cpu(s) for the stress calculation.

 average force= 0.000161
 time avg. forc= 0.000071
 largest residual force= 0.001098 in node 1648 and dof 1
 largest increment of disp= 5.016387e-05
 largest correction to disp= 5.485073e-06 in node 7838 and dof 1

 no convergence

 iteration 3

 Using up to 1 cpu(s) for the symmetric stiffness/mass contributions.

 Factoring the system of equations using the symmetric spooles solver
 Using up to 1 cpu(s) for spooles.

 Using up to 1 cpu(s) for the stress calculation.

 average force= 0.000737
 time avg. forc= 0.000153
 largest residual force= 0.143206 in node 1783 and dof 1
 largest increment of disp= 6.285953e-05
 largest correction to disp= 6.285953e-05 in node 8198 and dof 1

 no convergence

 iteration 4

 Using up to 1 cpu(s) for the symmetric stiffness/mass contributions.

 Factoring the system of equations using the symmetric spooles solver
 Using up to 1 cpu(s) for spooles.

 Using up to 1 cpu(s) for the stress calculation.

 average force= 0.000197
 time avg. forc= 0.000076
 largest residual force= 0.000267 in node 1783 and dof 1
 largest increment of disp= 6.285953e-05
 largest correction to disp= 9.183794e-06 in node 6756 and dof 1

 no convergence

 iteration 5

 Using up to 1 cpu(s) for the symmetric stiffness/mass contributions.

 Factoring the system of equations using the symmetric spooles solver
 Using up to 1 cpu(s) for spooles.

 Using up to 1 cpu(s) for the stress calculation.

 average force= 0.000232
 time avg. forc= 0.000081
 largest residual force= 0.016075 in node 1783 and dof 1
 largest increment of disp= 6.285953e-05
 largest correction to disp= 2.102528e-05 in node 8198 and dof 1

 no convergence

 iteration 6

 Using up to 1 cpu(s) for the symmetric stiffness/mass contributions.

 Factoring the system of equations using the symmetric spooles solver
 Using up to 1 cpu(s) for spooles.

 Using up to 1 cpu(s) for the stress calculation.

 average force= 0.000182
 time avg. forc= 0.000074
 largest residual force= 0.000310 in node 1783 and dof 1
 largest increment of disp= 6.285953e-05
 largest correction to disp= 2.911148e-06 in node 8198 and dof 1

 divergence; the increment size is decreased to 1.250000e-02
 the increment is reattempted

 increment 7 attempt 2 
 increment size= 1.250000e-02
 sum of previous increments=2.375000e-01
 actual step time=2.500000e-01
 actual total time=2.500000e-01

 iteration 1

 Using up to 1 cpu(s) for the stress calculation.

 Using up to 1 cpu(s) for the symmetric stiffness/mass contributions.

 Factoring the system of equations using the symmetric spooles solver
 Using up to 1 cpu(s) for spooles.

 Using up to 1 cpu(s) for the stress calculation.

 average force= 0.000143
 time avg. forc= 0.000068
 largest residual force= 0.005392 in node 1783 and dof 1
 largest increment of disp= 1.254097e-05
 largest correction to disp= 1.219570e-05 in node 8195 and dof 1

 no convergence

 iteration 2

 Using up to 1 cpu(s) for the symmetric stiffness/mass contributions.

 Factoring the system of equations using the symmetric spooles solver
 Using up to 1 cpu(s) for spooles.

 Using up to 1 cpu(s) for the stress calculation.

 average force= 0.000128
 time avg. forc= 0.000066
 largest residual force= 0.000040 in node 1648 and dof 1
 largest increment of disp= 1.254097e-05
 largest correction to disp= 1.050966e-06 in node 7835 and dof 1

 no convergence

 iteration 3

 Using up to 1 cpu(s) for the symmetric stiffness/mass contributions.

 Factoring the system of equations using the symmetric spooles solver
 Using up to 1 cpu(s) for spooles.

 Using up to 1 cpu(s) for the stress calculation.

 average force= 0.000133
 time avg. forc= 0.000067
 largest residual force= 0.001305 in node 1648 and dof 1
 largest increment of disp= 1.254097e-05
 largest correction to disp= 6.005116e-06 in node 7838 and dof 1

 no convergence

 iteration 4

 Using up to 1 cpu(s) for the symmetric stiffness/mass contributions.

 Factoring the system of equations using the symmetric spooles solver
 Using up to 1 cpu(s) for spooles.

 Using up to 1 cpu(s) for the stress calculation.

 average force= 0.000131
 time avg. forc= 0.000066
 largest residual force= 0.000010 in node 1783 and dof 1
 largest increment of disp= 1.254097e-05
 largest correction to disp= 5.188126e-07 in node 8195 and dof 1

 no convergence

 iteration 5

 Using up to 1 cpu(s) for the symmetric stiffness/mass contributions.

 Factoring the system of equations using the symmetric spooles solver
 Using up to 1 cpu(s) for spooles.

 Using up to 1 cpu(s) for the stress calculation.

 average force= 0.000130
 time avg. forc= 0.000066
 largest residual force= 0.000009 in node 1648 and dof 1
 largest increment of disp= 1.254097e-05
 largest correction to disp= 4.902452e-07 in node 7838 and dof 1

 no convergence

 iteration 6

 Using up to 1 cpu(s) for the symmetric stiffness/mass contributions.

 Factoring the system of equations using the symmetric spooles solver
 Using up to 1 cpu(s) for spooles.

 Using up to 1 cpu(s) for the stress calculation.

 average force= 0.000130
 time avg. forc= 0.000066
 largest residual force= 0.000000 in node 1648 and dof 1
 largest increment of disp= 1.254097e-05
 largest correction to disp= 1.165851e-08 in node 7835 and dof 1

 convergence

 increment 8 attempt 1 
 increment size= 1.250000e-02
 sum of previous increments=2.500000e-01
 actual step time=2.625000e-01
 actual total time=2.625000e-01

 iteration 1

 Using up to 1 cpu(s) for the stress calculation.

 Using up to 1 cpu(s) for the symmetric stiffness/mass contributions.

 Factoring the system of equations using the symmetric spooles solver
 Using up to 1 cpu(s) for spooles.

 Using up to 1 cpu(s) for the stress calculation.

 average force= 0.000148
 time avg. forc= 0.000077
 largest residual force= 0.000006 in node 2441 and dof 1
 largest increment of disp= 2.033686e-05
 largest correction to disp= 1.067352e-06 in node 6675 and dof 1

 no convergence

 iteration 2

 Using up to 1 cpu(s) for the symmetric stiffness/mass contributions.

 Factoring the system of equations using the symmetric spooles solver
 Using up to 1 cpu(s) for spooles.

 Using up to 1 cpu(s) for the stress calculation.

 average force= 0.000148
 time avg. forc= 0.000077
 largest residual force= 0.000014 in node 1648 and dof 1
 largest increment of disp= 2.033686e-05
 largest correction to disp= 6.187786e-07 in node 7838 and dof 1

 no convergence

 iteration 3

 Using up to 1 cpu(s) for the symmetric stiffness/mass contributions.

 Factoring the system of equations using the symmetric spooles solver
 Using up to 1 cpu(s) for spooles.

 Using up to 1 cpu(s) for the stress calculation.

 average force= 0.000148
 time avg. forc= 0.000077
 largest residual force= 0.000000 in node 1648 and dof 1
 largest increment of disp= 2.033686e-05
 largest correction to disp= 1.101691e-08 in node 7835 and dof 1

 convergence

 increment 9 attempt 1 
 increment size= 1.250000e-02
 sum of previous increments=2.625000e-01
 actual step time=2.750000e-01
 actual total time=2.750000e-01

 iteration 1

 Using up to 1 cpu(s) for the stress calculation.

 Using up to 1 cpu(s) for the symmetric stiffness/mass contributions.

 Factoring the system of equations using the symmetric spooles solver
 Using up to 1 cpu(s) for spooles.

 Using up to 1 cpu(s) for the stress calculation.

 average force= 0.000166
 time avg. forc= 0.000087
 largest residual force= 0.000022 in node 1783 and dof 1
 largest increment of disp= 1.965985e-05
 largest correction to disp= 1.687200e-06 in node 6696 and dof 1

 no convergence

 iteration 2

 Using up to 1 cpu(s) for the symmetric stiffness/mass contributions.

 Factoring the system of equations using the symmetric spooles solver
 Using up to 1 cpu(s) for spooles.

 Using up to 1 cpu(s) for the stress calculation.

 average force= 0.000164
 time avg. forc= 0.000086
 largest residual force= 0.000476 in node 1783 and dof 1
 largest increment of disp= 1.965985e-05
 largest correction to disp= 3.627632e-06 in node 8195 and dof 1

 no convergence

 iteration 3

 Using up to 1 cpu(s) for the symmetric stiffness/mass contributions.

 Factoring the system of equations using the symmetric spooles solver
 Using up to 1 cpu(s) for spooles.

 Using up to 1 cpu(s) for the stress calculation.

 average force= 0.000164
 time avg. forc= 0.000086
 largest residual force= 0.000003 in node 1783 and dof 1
 largest increment of disp= 1.965985e-05
 largest correction to disp= 2.785124e-07 in node 8198 and dof 1

 no convergence

 iteration 4

 Using up to 1 cpu(s) for the symmetric stiffness/mass contributions.

 Factoring the system of equations using the symmetric spooles solver
 Using up to 1 cpu(s) for spooles.

 Using up to 1 cpu(s) for the stress calculation.

 average force= 0.000164
 time avg. forc= 0.000086
 largest residual force= 0.000000 in node 1783 and dof 1
 largest increment of disp= 1.965985e-05
 largest correction to disp= 2.902043e-08 in node 8198 and dof 1

 convergence; the increment size is increased to 1.875000e-02

 increment 10 attempt 1 
 increment size= 1.875000e-02
 sum of previous increments=2.750000e-01
 actual step time=2.937500e-01
 actual total time=2.937500e-01

 iteration 1

 Using up to 1 cpu(s) for the stress calculation.

 Using up to 1 cpu(s) for the symmetric stiffness/mass contributions.

 Factoring the system of equations using the symmetric spooles solver
 Using up to 1 cpu(s) for spooles.

 Using up to 1 cpu(s) for the stress calculation.

 average force= 0.000188
 time avg. forc= 0.000096
 largest residual force= 0.000423 in node 2441 and dof 1
 largest increment of disp= 2.251488e-05
 largest correction to disp= 3.932507e-06 in node 6756 and dof 1

 no convergence

 iteration 2

 Using up to 1 cpu(s) for the symmetric stiffness/mass contributions.

 Factoring the system of equations using the symmetric spooles solver
 Using up to 1 cpu(s) for spooles.

 Using up to 1 cpu(s) for the stress calculation.

 average force= 0.000186
 time avg. forc= 0.000096
 largest residual force= 0.000375 in node 1783 and dof 1
 largest increment of disp= 2.251488e-05
 largest correction to disp= 3.222504e-06 in node 8195 and dof 1

 no convergence

 iteration 3

 Using up to 1 cpu(s) for the symmetric stiffness/mass contributions.

 Factoring the system of equations using the symmetric spooles solver
 Using up to 1 cpu(s) for spooles.

 Using up to 1 cpu(s) for the stress calculation.

 average force= 0.000186
 time avg. forc= 0.000096
 largest residual force= 0.000001 in node 1783 and dof 1
 largest increment of disp= 2.251488e-05
 largest correction to disp= 1.837412e-07 in node 8198 and dof 1

 no convergence

 iteration 4

 Using up to 1 cpu(s) for the symmetric stiffness/mass contributions.

 Factoring the system of equations using the symmetric spooles solver
 Using up to 1 cpu(s) for spooles.

 Using up to 1 cpu(s) for the stress calculation.

 average force= 0.000186
 time avg. forc= 0.000096
 largest residual force= 0.000000 in node 1783 and dof 1
 largest increment of disp= 2.251488e-05
 largest correction to disp= 9.631904e-09 in node 8198 and dof 1

 convergence; the increment size is increased to 2.812500e-02

 Using up to 1 cpu(s) for the stress calculation.

 increment 11 attempt 1 
 increment size= 2.812500e-02
 sum of previous increments=2.937500e-01
 actual step time=3.218750e-01
 actual total time=3.218750e-01

 iteration 1

 Using up to 1 cpu(s) for the stress calculation.

 Using up to 1 cpu(s) for the symmetric stiffness/mass contributions.

 Factoring the system of equations using the symmetric spooles solver
 Using up to 1 cpu(s) for spooles.

 Using up to 1 cpu(s) for the stress calculation.

 average force= 0.000240
 time avg. forc= 0.000109
 largest residual force= 0.003072 in node 2039 and dof 1
 largest increment of disp= 2.915526e-05
 largest correction to disp= 1.074429e-05 in node 6756 and dof 1

 no convergence

 iteration 2

 Using up to 1 cpu(s) for the symmetric stiffness/mass contributions.

 Factoring the system of equations using the symmetric spooles solver
 Using up to 1 cpu(s) for spooles.

 Using up to 1 cpu(s) for the stress calculation.

 average force= 0.000282
 time avg. forc= 0.000113
 largest residual force= 0.008110 in node 2441 and dof 1
 largest increment of disp= 2.915526e-05
 largest correction to disp= 1.186063e-05 in node 9452 and dof 1

 no convergence

 iteration 3

 Using up to 1 cpu(s) for the symmetric stiffness/mass contributions.

 Factoring the system of equations using the symmetric spooles solver
 Using up to 1 cpu(s) for spooles.

 Using up to 1 cpu(s) for the stress calculation.

 average force= 0.000250
 time avg. forc= 0.000110
 largest residual force= 0.000470 in node 2060 and dof 1
 largest increment of disp= 2.915526e-05
 largest correction to disp= 2.847112e-06 in node 8726 and dof 1

 no convergence

 iteration 4

 Using up to 1 cpu(s) for the symmetric stiffness/mass contributions.

 Factoring the system of equations using the symmetric spooles solver
 Using up to 1 cpu(s) for spooles.

 Using up to 1 cpu(s) for the stress calculation.

 average force= 0.000270
 time avg. forc= 0.000112
 largest residual force= 0.002982 in node 2441 and dof 1
 largest increment of disp= 2.915526e-05
 largest correction to disp= 7.197195e-06 in node 9452 and dof 1

 no convergence

 iteration 5

 Using up to 1 cpu(s) for the symmetric stiffness/mass contributions.

 Factoring the system of equations using the symmetric spooles solver
 Using up to 1 cpu(s) for spooles.

 Using up to 1 cpu(s) for the stress calculation.

 average force= 0.000261
 time avg. forc= 0.000111
 largest residual force= 0.000001 in node 2441 and dof 1
 largest increment of disp= 2.915526e-05
 largest correction to disp= 1.478542e-07 in node 9452 and dof 1

 no convergence

 iteration 6

 Using up to 1 cpu(s) for the symmetric stiffness/mass contributions.

 Factoring the system of equations using the symmetric spooles solver
 Using up to 1 cpu(s) for spooles.

 Using up to 1 cpu(s) for the stress calculation.

 average force= 0.000261
 time avg. forc= 0.000111
 largest residual force= 0.000000 in node 2459 and dof 1
 largest increment of disp= 2.915526e-05
 largest correction to disp= 1.163163e-07 in node 9446 and dof 1

 convergence

 increment 12 attempt 1 
 increment size= 2.812500e-02
 sum of previous increments=3.218750e-01
 actual step time=3.500000e-01
 actual total time=3.500000e-01

 iteration 1

 Using up to 1 cpu(s) for the stress calculation.

 Using up to 1 cpu(s) for the symmetric stiffness/mass contributions.

 Factoring the system of equations using the symmetric spooles solver
 Using up to 1 cpu(s) for spooles.

 Using up to 1 cpu(s) for the stress calculation.

 average force= 0.000348
 time avg. forc= 0.000131
 largest residual force= 0.000146 in node 2441 and dof 1
 largest increment of disp= 3.707967e-05
 largest correction to disp= 6.745026e-06 in node 6756 and dof 1

 no convergence

 iteration 2

 Using up to 1 cpu(s) for the symmetric stiffness/mass contributions.

 Factoring the system of equations using the symmetric spooles solver
 Using up to 1 cpu(s) for spooles.

 Using up to 1 cpu(s) for the stress calculation.

 average force= 0.000349
 time avg. forc= 0.000131
 largest residual force= 0.000204 in node 2060 and dof 1
 largest increment of disp= 3.707967e-05
 largest correction to disp= 2.462753e-06 in node 6756 and dof 1

 no convergence

 iteration 3

 Using up to 1 cpu(s) for the symmetric stiffness/mass contributions.

 Factoring the system of equations using the symmetric spooles solver
 Using up to 1 cpu(s) for spooles.

 Using up to 1 cpu(s) for the stress calculation.

 average force= 0.000349
 time avg. forc= 0.000131
 largest residual force= 0.000000 in node 1783 and dof 1
 largest increment of disp= 3.707967e-05
 largest correction to disp= 6.135881e-08 in node 6756 and dof 1

 convergence

 increment 13 attempt 1 
 increment size= 2.812500e-02
 sum of previous increments=3.500000e-01
 actual step time=3.781250e-01
 actual total time=3.781250e-01

 iteration 1

 Using up to 1 cpu(s) for the stress calculation.

 Using up to 1 cpu(s) for the symmetric stiffness/mass contributions.

 Factoring the system of equations using the symmetric spooles solver
 Using up to 1 cpu(s) for spooles.

 Using up to 1 cpu(s) for the stress calculation.

 average force= 0.000434
 time avg. forc= 0.000154
 largest residual force= 0.000228 in node 2441 and dof 1
 largest increment of disp= 3.859614e-05
 largest correction to disp= 3.511952e-06 in node 1975 and dof 3

 no convergence

 iteration 2

 Using up to 1 cpu(s) for the symmetric stiffness/mass contributions.

 Factoring the system of equations using the symmetric spooles solver
 Using up to 1 cpu(s) for spooles.

 Using up to 1 cpu(s) for the stress calculation.

 average force= 0.000425
 time avg. forc= 0.000154
 largest residual force= 0.004506 in node 2459 and dof 1
 largest increment of disp= 3.859614e-05
 largest correction to disp= 8.796949e-06 in node 9452 and dof 1

 no convergence

 iteration 3

 Using up to 1 cpu(s) for the symmetric stiffness/mass contributions.

 Factoring the system of equations using the symmetric spooles solver
 Using up to 1 cpu(s) for spooles.

 Using up to 1 cpu(s) for the stress calculation.

 average force= 0.000416
 time avg. forc= 0.000153
 largest residual force= 0.000047 in node 2459 and dof 1
 largest increment of disp= 3.859614e-05
 largest correction to disp= 9.018962e-07 in node 9452 and dof 1

 no convergence

 iteration 4

 Using up to 1 cpu(s) for the symmetric stiffness/mass contributions.

 Factoring the system of equations using the symmetric spooles solver
 Using up to 1 cpu(s) for spooles.

 Using up to 1 cpu(s) for the stress calculation.

 average force= 0.000416
 time avg. forc= 0.000153
 largest residual force= 0.000004 in node 2630 and dof 2
 largest increment of disp= 3.859614e-05
 largest correction to disp= 2.470178e-07 in node 9128 and dof 2

 no convergence

 iteration 5

 Using up to 1 cpu(s) for the symmetric stiffness/mass contributions.

 Factoring the system of equations using the symmetric spooles solver
 Using up to 1 cpu(s) for spooles.

 Using up to 1 cpu(s) for the stress calculation.

 average force= 0.000416
 time avg. forc= 0.000153
 largest residual force= 0.000000 in node 2060 and dof 1
 largest increment of disp= 3.859614e-05
 largest correction to disp= 1.448466e-09 in node 8762 and dof 1

 convergence

 increment 14 attempt 1 
 increment size= 2.812500e-02
 sum of previous increments=3.781250e-01
 actual step time=4.062500e-01
 actual total time=4.062500e-01

 iteration 1

 Using up to 1 cpu(s) for the stress calculation.

 Using up to 1 cpu(s) for the symmetric stiffness/mass contributions.

 Factoring the system of equations using the symmetric spooles solver
 Using up to 1 cpu(s) for spooles.

 Using up to 1 cpu(s) for the stress calculation.

 average force= 0.000479
 time avg. forc= 0.000176
 largest residual force= 0.000115 in node 2615 and dof 2
 largest increment of disp= 2.956493e-05
 largest correction to disp= 3.276232e-06 in node 7344 and dof 2

 no convergence

 iteration 2

 Using up to 1 cpu(s) for the symmetric stiffness/mass contributions.

 Factoring the system of equations using the symmetric spooles solver
 Using up to 1 cpu(s) for spooles.

 Using up to 1 cpu(s) for the stress calculation.

 average force= 0.000472
 time avg. forc= 0.000176
 largest residual force= 0.000913 in node 2060 and dof 1
 largest increment of disp= 2.956493e-05
 largest correction to disp= 3.977670e-06 in node 8762 and dof 1

 no convergence

 iteration 3

 Using up to 1 cpu(s) for the symmetric stiffness/mass contributions.

 Factoring the system of equations using the symmetric spooles solver
 Using up to 1 cpu(s) for spooles.

 Using up to 1 cpu(s) for the stress calculation.

 average force= 0.000472
 time avg. forc= 0.000176
 largest residual force= 0.000002 in node 2060 and dof 1
 largest increment of disp= 2.956493e-05
 largest correction to disp= 1.796840e-07 in node 8768 and dof 1

 no convergence

 iteration 4

 Using up to 1 cpu(s) for the symmetric stiffness/mass contributions.

 Factoring the system of equations using the symmetric spooles solver
 Using up to 1 cpu(s) for spooles.

 Using up to 1 cpu(s) for the stress calculation.

 average force= 0.000472
 time avg. forc= 0.000176
 largest residual force= 0.000000 in node 2060 and dof 1
 largest increment of disp= 2.956493e-05
 largest correction to disp= 7.149591e-09 in node 8762 and dof 1

 convergence

 increment 15 attempt 1 
 increment size= 2.812500e-02
 sum of previous increments=4.062500e-01
 actual step time=4.343750e-01
 actual total time=4.343750e-01

 iteration 1

 Using up to 1 cpu(s) for the stress calculation.

 Using up to 1 cpu(s) for the symmetric stiffness/mass contributions.

 Factoring the system of equations using the symmetric spooles solver
 Using up to 1 cpu(s) for spooles.

 Using up to 1 cpu(s) for the stress calculation.

 average force= 0.000524
 time avg. forc= 0.000199
 largest residual force= 0.000083 in node 2615 and dof 2
 largest increment of disp= 2.886457e-05
 largest correction to disp= 2.818582e-06 in node 5964 and dof 2

 no convergence

 iteration 2

 Using up to 1 cpu(s) for the symmetric stiffness/mass contributions.

 Factoring the system of equations using the symmetric spooles solver
 Using up to 1 cpu(s) for spooles.

 Using up to 1 cpu(s) for the stress calculation.

 average force= 0.000520
 time avg. forc= 0.000199
 largest residual force= 0.000239 in node 2060 and dof 1
 largest increment of disp= 2.886457e-05
 largest correction to disp= 2.041458e-06 in node 8768 and dof 1

 no convergence

 iteration 3

 Using up to 1 cpu(s) for the symmetric stiffness/mass contributions.

 Factoring the system of equations using the symmetric spooles solver
 Using up to 1 cpu(s) for spooles.

 Using up to 1 cpu(s) for the stress calculation.

 average force= 0.000520
 time avg. forc= 0.000199
 largest residual force= 0.000000 in node 2060 and dof 1
 largest increment of disp= 2.886457e-05
 largest correction to disp= 4.309651e-08 in node 8762 and dof 1

 convergence; the increment size is increased to 4.218750e-02

 Using up to 1 cpu(s) for the stress calculation.

 increment 16 attempt 1 
 increment size= 4.218750e-02
 sum of previous increments=4.343750e-01
 actual step time=4.765625e-01
 actual total time=4.765625e-01

 iteration 1

 Using up to 1 cpu(s) for the stress calculation.

 Using up to 1 cpu(s) for the symmetric stiffness/mass contributions.

 Factoring the system of equations using the symmetric spooles solver
 Using up to 1 cpu(s) for spooles.

 Using up to 1 cpu(s) for the stress calculation.

 average force= 0.000588
 time avg. forc= 0.000223
 largest residual force= 0.000123 in node 2243 and dof 2
 largest increment of disp= 4.320377e-05
 largest correction to disp= 3.395150e-06 in node 6624 and dof 1

 no convergence

 iteration 2

 Using up to 1 cpu(s) for the symmetric stiffness/mass contributions.

 Factoring the system of equations using the symmetric spooles solver
 Using up to 1 cpu(s) for spooles.

 Using up to 1 cpu(s) for the stress calculation.

 average force= 0.000583
 time avg. forc= 0.000223
 largest residual force= 0.000358 in node 2060 and dof 1
 largest increment of disp= 4.320377e-05
 largest correction to disp= 2.508544e-06 in node 8762 and dof 1

 no convergence

 iteration 3

 Using up to 1 cpu(s) for the symmetric stiffness/mass contributions.

 Factoring the system of equations using the symmetric spooles solver
 Using up to 1 cpu(s) for spooles.

 Using up to 1 cpu(s) for the stress calculation.

 average force= 0.000583
 time avg. forc= 0.000223
 largest residual force= 0.000000 in node 2060 and dof 1
 largest increment of disp= 4.320377e-05
 largest correction to disp= 5.661628e-08 in node 8768 and dof 1

 convergence; the increment size is increased to 6.328125e-02

 the increment size exceeds the maximum allowed and is decreased to 5.000000e-02

 increment 17 attempt 1 
 increment size= 5.000000e-02
 sum of previous increments=4.765625e-01
 actual step time=5.265625e-01
 actual total time=5.265625e-01

 iteration 1

 Using up to 1 cpu(s) for the stress calculation.

 Using up to 1 cpu(s) for the symmetric stiffness/mass contributions.

 Factoring the system of equations using the symmetric spooles solver
 Using up to 1 cpu(s) for spooles.

 Using up to 1 cpu(s) for the stress calculation.

 average force= 0.000653
 time avg. forc= 0.000248
 largest residual force= 0.000151 in node 2243 and dof 2
 largest increment of disp= 5.110366e-05
 largest correction to disp= 3.560958e-06 in node 6756 and dof 1

 no convergence

 iteration 2

 Using up to 1 cpu(s) for the symmetric stiffness/mass contributions.

 Factoring the system of equations using the symmetric spooles solver
 Using up to 1 cpu(s) for spooles.

 Using up to 1 cpu(s) for the stress calculation.

 average force= 0.000649
 time avg. forc= 0.000248
 largest residual force= 0.000362 in node 2060 and dof 1
 largest increment of disp= 5.110366e-05
 largest correction to disp= 2.524918e-06 in node 8762 and dof 1

 no convergence

 iteration 3

 Using up to 1 cpu(s) for the symmetric stiffness/mass contributions.

 Factoring the system of equations using the symmetric spooles solver
 Using up to 1 cpu(s) for spooles.

 Using up to 1 cpu(s) for the stress calculation.

 average force= 0.000649
 time avg. forc= 0.000248
 largest residual force= 0.000000 in node 2060 and dof 1
 largest increment of disp= 5.110366e-05
 largest correction to disp= 5.111159e-08 in node 8768 and dof 1

 convergence; the increment size is increased to 7.500000e-02

 the increment size exceeds the maximum allowed and is decreased to 5.000000e-02

 increment 18 attempt 1 
 increment size= 5.000000e-02
 sum of previous increments=5.265625e-01
 actual step time=5.765625e-01
 actual total time=5.765625e-01

 iteration 1

 Using up to 1 cpu(s) for the stress calculation.

 Using up to 1 cpu(s) for the symmetric stiffness/mass contributions.

 Factoring the system of equations using the symmetric spooles solver
 Using up to 1 cpu(s) for spooles.

 Using up to 1 cpu(s) for the stress calculation.

 average force= 0.000710
 time avg. forc= 0.000273
 largest residual force= 0.000121 in node 2615 and dof 2
 largest increment of disp= 5.101031e-05
 largest correction to disp= 2.821238e-06 in node 6696 and dof 1

 no convergence

 iteration 2

 Using up to 1 cpu(s) for the symmetric stiffness/mass contributions.

 Factoring the system of equations using the symmetric spooles solver
 Using up to 1 cpu(s) for spooles.

 Using up to 1 cpu(s) for the stress calculation.

 average force= 0.000707
 time avg. forc= 0.000273
 largest residual force= 0.000148 in node 2060 and dof 1
 largest increment of disp= 5.101031e-05
 largest correction to disp= 1.619672e-06 in node 8762 and dof 1

 no convergence

 iteration 3

 Using up to 1 cpu(s) for the symmetric stiffness/mass contributions.

 Factoring the system of equations using the symmetric spooles solver
 Using up to 1 cpu(s) for spooles.

 Using up to 1 cpu(s) for the stress calculation.

 average force= 0.000707
 time avg. forc= 0.000273
 largest residual force= 0.000000 in node 2060 and dof 1
 largest increment of disp= 5.101031e-05
 largest correction to disp= 1.937418e-08 in node 8768 and dof 1

 convergence; the increment size is increased to 7.500000e-02

 the increment size exceeds the maximum allowed and is decreased to 5.000000e-02

 increment 19 attempt 1 
 increment size= 5.000000e-02
 sum of previous increments=5.765625e-01
 actual step time=6.265625e-01
 actual total time=6.265625e-01

 iteration 1

 Using up to 1 cpu(s) for the stress calculation.

 Using up to 1 cpu(s) for the symmetric stiffness/mass contributions.

 Factoring the system of equations using the symmetric spooles solver
 Using up to 1 cpu(s) for spooles.

 Using up to 1 cpu(s) for the stress calculation.

 average force= 0.000761
 time avg. forc= 0.000299
 largest residual force= 0.000088 in node 2615 and dof 2
 largest increment of disp= 5.093768e-05
 largest correction to disp= 2.240912e-06 in node 7431 and dof 2

 no convergence

 iteration 2

 Using up to 1 cpu(s) for the symmetric stiffness/mass contributions.

 Factoring the system of equations using the symmetric spooles solver
 Using up to 1 cpu(s) for spooles.

 Using up to 1 cpu(s) for the stress calculation.

 average force= 0.000760
 time avg. forc= 0.000299
 largest residual force= 0.000053 in node 2060 and dof 1
 largest increment of disp= 5.093768e-05
 largest correction to disp= 9.730613e-07 in node 8768 and dof 1

 no convergence

 iteration 3

 Using up to 1 cpu(s) for the symmetric stiffness/mass contributions.

 Factoring the system of equations using the symmetric spooles solver
 Using up to 1 cpu(s) for spooles.

 Using up to 1 cpu(s) for the stress calculation.

 average force= 0.000760
 time avg. forc= 0.000299
 largest residual force= 0.000000 in node 2060 and dof 1
 largest increment of disp= 5.093768e-05
 largest correction to disp= 6.619551e-09 in node 8762 and dof 1

 convergence; the increment size is increased to 7.500000e-02

 the increment size exceeds the maximum allowed and is decreased to 5.000000e-02

 increment 20 attempt 1 
 increment size= 5.000000e-02
 sum of previous increments=6.265625e-01
 actual step time=6.765625e-01
 actual total time=6.765625e-01

 iteration 1

 Using up to 1 cpu(s) for the stress calculation.

 Using up to 1 cpu(s) for the symmetric stiffness/mass contributions.

 Factoring the system of equations using the symmetric spooles solver
 Using up to 1 cpu(s) for spooles.

 Using up to 1 cpu(s) for the stress calculation.

 average force= 0.000810
 time avg. forc= 0.000324
 largest residual force= 0.000065 in node 2615 and dof 2
 largest increment of disp= 5.088203e-05
 largest correction to disp= 1.929235e-06 in node 6783 and dof 1

 no convergence

 iteration 2

 Using up to 1 cpu(s) for the symmetric stiffness/mass contributions.

 Factoring the system of equations using the symmetric spooles solver
 Using up to 1 cpu(s) for spooles.

 Using up to 1 cpu(s) for the stress calculation.

 average force= 0.000809
 time avg. forc= 0.000324
 largest residual force= 0.000021 in node 2060 and dof 1
 largest increment of disp= 5.088203e-05
 largest correction to disp= 6.200431e-07 in node 8762 and dof 1

 no convergence

 iteration 3

 Using up to 1 cpu(s) for the symmetric stiffness/mass contributions.

 Factoring the system of equations using the symmetric spooles solver
 Using up to 1 cpu(s) for spooles.

 Using up to 1 cpu(s) for the stress calculation.

 average force= 0.000809
 time avg. forc= 0.000324
 largest residual force= 0.000000 in node 2060 and dof 1
 largest increment of disp= 5.088203e-05
 largest correction to disp= 2.605386e-09 in node 8762 and dof 1

 convergence; the increment size is increased to 7.500000e-02

 the increment size exceeds the maximum allowed and is decreased to 5.000000e-02

 Using up to 1 cpu(s) for the stress calculation.

 increment 21 attempt 1 
 increment size= 5.000000e-02
 sum of previous increments=6.765625e-01
 actual step time=7.265625e-01
 actual total time=7.265625e-01

 iteration 1

 Using up to 1 cpu(s) for the stress calculation.

 Using up to 1 cpu(s) for the symmetric stiffness/mass contributions.

 Factoring the system of equations using the symmetric spooles solver
 Using up to 1 cpu(s) for spooles.

 Using up to 1 cpu(s) for the stress calculation.

 average force= 0.000855
 time avg. forc= 0.000350
 largest residual force= 0.000048 in node 2039 and dof 1
 largest increment of disp= 5.083658e-05
 largest correction to disp= 1.692052e-06 in node 5379 and dof 1

 no convergence

 iteration 2

 Using up to 1 cpu(s) for the symmetric stiffness/mass contributions.

 Factoring the system of equations using the symmetric spooles solver
 Using up to 1 cpu(s) for spooles.

 Using up to 1 cpu(s) for the stress calculation.

 average force= 0.000855
 time avg. forc= 0.000350
 largest residual force= 0.000010 in node 2060 and dof 1
 largest increment of disp= 5.083658e-05
 largest correction to disp= 4.141474e-07 in node 8768 and dof 1

 no convergence

 iteration 3

 Using up to 1 cpu(s) for the symmetric stiffness/mass contributions.

 Factoring the system of equations using the symmetric spooles solver
 Using up to 1 cpu(s) for spooles.

 Using up to 1 cpu(s) for the stress calculation.

 average force= 0.000855
 time avg. forc= 0.000350
 largest residual force= 0.000000 in node 2060 and dof 1
 largest increment of disp= 5.083658e-05
 largest correction to disp= 1.153610e-09 in node 8762 and dof 1

 convergence; the increment size is increased to 7.500000e-02

 the increment size exceeds the maximum allowed and is decreased to 5.000000e-02

 increment 22 attempt 1 
 increment size= 5.000000e-02
 sum of previous increments=7.265625e-01
 actual step time=7.765625e-01
 actual total time=7.765625e-01

 iteration 1

 Using up to 1 cpu(s) for the stress calculation.

 Using up to 1 cpu(s) for the symmetric stiffness/mass contributions.

 Factoring the system of equations using the symmetric spooles solver
 Using up to 1 cpu(s) for spooles.

 Using up to 1 cpu(s) for the stress calculation.

 average force= 0.000898
 time avg. forc= 0.000375
 largest residual force= 0.000037 in node 2039 and dof 1
 largest increment of disp= 5.079793e-05
 largest correction to disp= 1.484140e-06 in node 5355 and dof 1

 no convergence

 iteration 2

 Using up to 1 cpu(s) for the symmetric stiffness/mass contributions.

 Factoring the system of equations using the symmetric spooles solver
 Using up to 1 cpu(s) for spooles.

 Using up to 1 cpu(s) for the stress calculation.

 average force= 0.000898
 time avg. forc= 0.000375
 largest residual force= 0.000005 in node 2060 and dof 1
 largest increment of disp= 5.079793e-05
 largest correction to disp= 2.876618e-07 in node 8762 and dof 1

 no convergence

 iteration 3

 Using up to 1 cpu(s) for the symmetric stiffness/mass contributions.

 Factoring the system of equations using the symmetric spooles solver
 Using up to 1 cpu(s) for spooles.

 Using up to 1 cpu(s) for the stress calculation.

 average force= 0.000898
 time avg. forc= 0.000375
 largest residual force= 0.000000 in node 2459 and dof 1
 largest increment of disp= 5.079793e-05
 largest correction to disp= 6.056190e-10 in node 5286 and dof 1

 convergence; the increment size is increased to 7.500000e-02

 the increment size exceeds the maximum allowed and is decreased to 5.000000e-02

 increment 23 attempt 1 
 increment size= 5.000000e-02
 sum of previous increments=7.765625e-01
 actual step time=8.265625e-01
 actual total time=8.265625e-01

 iteration 1

 Using up to 1 cpu(s) for the stress calculation.

 Using up to 1 cpu(s) for the symmetric stiffness/mass contributions.

 Factoring the system of equations using the symmetric spooles solver
 Using up to 1 cpu(s) for spooles.

 Using up to 1 cpu(s) for the stress calculation.

 average force= 0.000940
 time avg. forc= 0.000399
 largest residual force= 0.000028 in node 2039 and dof 1
 largest increment of disp= 5.076439e-05
 largest correction to disp= 1.314366e-06 in node 5355 and dof 1

 no convergence

 iteration 2

 Using up to 1 cpu(s) for the symmetric stiffness/mass contributions.

 Factoring the system of equations using the symmetric spooles solver
 Using up to 1 cpu(s) for spooles.

 Using up to 1 cpu(s) for the stress calculation.

 average force= 0.000939
 time avg. forc= 0.000399
 largest residual force= 0.000002 in node 2060 and dof 1
 largest increment of disp= 5.076439e-05
 largest correction to disp= 2.065132e-07 in node 8762 and dof 1

 no convergence

 iteration 3

 Using up to 1 cpu(s) for the symmetric stiffness/mass contributions.

 Factoring the system of equations using the symmetric spooles solver
 Using up to 1 cpu(s) for spooles.

 Using up to 1 cpu(s) for the stress calculation.

 average force= 0.000939
 time avg. forc= 0.000399
 largest residual force= 0.000000 in node 2037 and dof 1
 largest increment of disp= 5.076439e-05
 largest correction to disp= 5.467555e-10 in node 5298 and dof 1

 convergence; the increment size is increased to 7.500000e-02

 the increment size exceeds the maximum allowed and is decreased to 5.000000e-02

 increment 24 attempt 1 
 increment size= 5.000000e-02
 sum of previous increments=8.265625e-01
 actual step time=8.765625e-01
 actual total time=8.765625e-01

 iteration 1

 Using up to 1 cpu(s) for the stress calculation.

 Using up to 1 cpu(s) for the symmetric stiffness/mass contributions.

 Factoring the system of equations using the symmetric spooles solver
 Using up to 1 cpu(s) for spooles.

 Using up to 1 cpu(s) for the stress calculation.

 average force= 0.000979
 time avg. forc= 0.000423
 largest residual force= 0.000023 in node 2248 and dof 3
 largest increment of disp= 5.073505e-05
 largest correction to disp= 1.146825e-06 in node 5367 and dof 1

 no convergence

 iteration 2

 Using up to 1 cpu(s) for the symmetric stiffness/mass contributions.

 Factoring the system of equations using the symmetric spooles solver
 Using up to 1 cpu(s) for spooles.

 Using up to 1 cpu(s) for the stress calculation.

 average force= 0.000979
 time avg. forc= 0.000423
 largest residual force= 0.000001 in node 2261 and dof 2
 largest increment of disp= 5.073505e-05
 largest correction to disp= 1.524901e-07 in node 8768 and dof 1

 convergence; the increment size is increased to 7.500000e-02

 the increment size exceeds the maximum allowed and is decreased to 5.000000e-02

 increment 25 attempt 1 
 increment size= 5.000000e-02
 sum of previous increments=8.765625e-01
 actual step time=9.265625e-01
 actual total time=9.265625e-01

 iteration 1

 Using up to 1 cpu(s) for the stress calculation.

 Using up to 1 cpu(s) for the symmetric stiffness/mass contributions.

 Factoring the system of equations using the symmetric spooles solver
 Using up to 1 cpu(s) for spooles.

 Using up to 1 cpu(s) for the stress calculation.

 average force= 0.001018
 time avg. forc= 0.000447
 largest residual force= 0.000019 in node 2449 and dof 3
 largest increment of disp= 5.070940e-05
 largest correction to disp= 9.838856e-07 in node 5355 and dof 1

 no convergence

 iteration 2

 Using up to 1 cpu(s) for the symmetric stiffness/mass contributions.

 Factoring the system of equations using the symmetric spooles solver
 Using up to 1 cpu(s) for spooles.

 Using up to 1 cpu(s) for the stress calculation.

 average force= 0.001017
 time avg. forc= 0.000447
 largest residual force= 0.000000 in node 2261 and dof 2
 largest increment of disp= 5.070940e-05
 largest correction to disp= 1.212305e-07 in node 1976 and dof 3

 convergence; the increment size is increased to 7.500000e-02

 the increment size exceeds the maximum allowed and is decreased to 5.000000e-02

 Using up to 1 cpu(s) for the stress calculation.

 increment 26 attempt 1 
 increment size= 5.000000e-02
 sum of previous increments=9.265625e-01
 actual step time=9.765625e-01
 actual total time=9.765625e-01

 iteration 1

 Using up to 1 cpu(s) for the stress calculation.

 Using up to 1 cpu(s) for the symmetric stiffness/mass contributions.

 Factoring the system of equations using the symmetric spooles solver
 Using up to 1 cpu(s) for spooles.

 Using up to 1 cpu(s) for the stress calculation.

 average force= 0.001054
 time avg. forc= 0.000470
 largest residual force= 0.000016 in node 2443 and dof 3
 largest increment of disp= 5.068711e-05
 largest correction to disp= 8.638172e-07 in node 5358 and dof 1

 no convergence

 iteration 2

 Using up to 1 cpu(s) for the symmetric stiffness/mass contributions.

 Factoring the system of equations using the symmetric spooles solver
 Using up to 1 cpu(s) for spooles.

 Using up to 1 cpu(s) for the stress calculation.

 average force= 0.001054
 time avg. forc= 0.000470
 largest residual force= 0.000000 in node 2630 and dof 2
 largest increment of disp= 5.068711e-05
 largest correction to disp= 9.832216e-08 in node 1976 and dof 3

 convergence; the increment size is increased to 7.500000e-02

 the increment size exceeds the maximum allowed and is decreased to 5.000000e-02

 the increment size exceeds the remainder of the step and is decreased to 2.343750e-02

 increment 27 attempt 1 
 increment size= 2.343750e-02
 sum of previous increments=9.765625e-01
 actual step time=1.000000e+00
 actual total time=1.000000e+00

 iteration 1

 Using up to 1 cpu(s) for the stress calculation.

 Using up to 1 cpu(s) for the symmetric stiffness/mass contributions.

 Factoring the system of equations using the symmetric spooles solver
 Using up to 1 cpu(s) for spooles.

 Using up to 1 cpu(s) for the stress calculation.

 average force= 0.001071
 time avg. forc= 0.000493
 largest residual force= 0.000002 in node 2437 and dof 3
 largest increment of disp= 2.375050e-05
 largest correction to disp= 2.827664e-07 in node 5370 and dof 1

 no convergence

 iteration 2

 Using up to 1 cpu(s) for the symmetric stiffness/mass contributions.

 Factoring the system of equations using the symmetric spooles solver
 Using up to 1 cpu(s) for spooles.

 Using up to 1 cpu(s) for the stress calculation.

 average force= 0.001071
 time avg. forc= 0.000493
 largest residual force= 0.000000 in node 2261 and dof 2
 largest increment of disp= 2.375050e-05
 largest correction to disp= 1.094612e-08 in node 1976 and dof 3

 convergence; the increment size is increased to 3.515625e-02

 the increment size exceeds the remainder of the step and is decreased to 0.000000e+00

 Using up to 1 cpu(s) for the stress calculation.


 Job finished

________________________________________

Total CalculiX Time: 95.365907
________________________________________
=== on-caso-2 (CCX): ccx2paraview nao encontrado dentro do container ===
    (esperado - rode 'cd cases/on-caso-2/ccx && /tmp/ccx2pv/bin/ccx2paraview on-caso-2.frd vtu' no HOST)

=== Concluido. Arquivos de saida: ===
  on-caso-2.frd  - campos CalculiX (cgx -c se disponivel)
  on-caso-2.pvd  - ParaView Data (abre direto no ParaView)
  on-caso-2.dat  - totais RF no engaste posterior (curva F_z(Dz))
  on-caso-2.sta  - status de convergencia por incremento Riks

Analise: python3 ../../../brunaStuff/analyze_on-caso-2_ccx.py
