 Container myopenfoam-fsi-run-b47152696431 Creating 
 Container myopenfoam-fsi-run-b47152696431 Created 
=== on-caso-2 (CCX): polyMesh -> CalculiX .inp ===
[1/5] Lendo polyMesh em ../solid/constant/polyMesh
      nodes=3493, faces=8940, cells=2736, patches=12, zones=['on', 'pia', 'dura', 'lc', 'sclera_peri', 'sclera_ring', 'globo']
[2/5] Reconstruindo conectividade C3D8 (2736 celulas)
      OK
[3/5] Escrevendo malha em on-caso-2_mesh.inp
[4/5] Escrevendo Winkler em on-caso-2_winkler.inp
[5/5] Concluido. Total: 3493 nodes, 2736 hex C3D8I.
=== on-caso-2 (CCX): solver ccx_preCICE -i on-caso-2 ===

************************************************************

CalculiX Version 2.20, Copyright(C) 1998-2022 Guido Dhondt
CalculiX comes with ABSOLUTELY NO WARRANTY. This is free
software, and you are welcome to redistribute it under
certain conditions, see gpl.htm

************************************************************

You are using an executable made on Sun Jul 31 18:08:37 CEST 2022

  The numbers below are estimated upper bounds

  number of:

   nodes:        11950
   elements:         2985
   one-dimensional elements:            0
   two-dimensional elements:            0
   integration points per element:            8
   degrees of freedom per node:            3
   layers per element:            1

   distributed facial loads:            8
   distributed volumetric loads:            0
   concentrated loads:            0
   single point constraints:         1903
   multiple point constraints:            1
   terms in all multiple point constraints:            1
   tie constraints:            0
   dependent nodes tied by cyclic constraints:            0
   dependent nodes in pre-tension constraints:            0

   sets:          282
   terms in all sets:        13402

   materials:          256
   constants per material and temperature:            2
   temperature points per material:            1
   plastic data points per material:            0

   orientations:            0
   amplitudes:            5
   data points in all amplitudes:            8
   print requests:            5
   transformations:            0
   property cards:            0

 *INFO reading *HYPERELASTIC: nonlinear geometric
       effects are turned on

 *INFO reading *HYPERELASTIC: nonlinear geometric
       effects are turned on

 *INFO reading *HYPERELASTIC: nonlinear geometric
       effects are turned on

 *INFO reading *HYPERELASTIC: nonlinear geometric
       effects are turned on

 *INFO reading *HYPERELASTIC: nonlinear geometric
       effects are turned on

 *INFO reading *HYPERELASTIC: nonlinear geometric
       effects are turned on

 *INFO reading *HYPERELASTIC: nonlinear geometric
       effects are turned on

 *INFO reading *STEP: nonlinear geometric
       effects are turned on

 *WARNING reading *STATIC: parameter not recognized:
          RIKS
 *WARNING reading *STATIC. Card image:
          *STATIC,RIKS


 STEP            1

 Static analysis was selected

 Nonlinear material laws are taken into account

 Newton-Raphson iterative procedure is active

 Nonlinear geometric effects are taken into account

 Decascading the MPC's

 Determining the structure of the matrix:
 Using up to 1 cpu(s) for setting up the structure of the matrix.
 number of equations
 34019
 number of nonzero lower triangular matrix elements
 968926

 increment 1 attempt 1 
 increment size= 2.500000e-02
 sum of previous increments=0.000000e+00
 actual step time=2.500000e-02
 actual total time=2.500000e-02

 iteration 1

 Using up to 1 cpu(s) for the stress calculation.

 Using up to 1 cpu(s) for the symmetric stiffness/mass contributions.

 Factoring the system of equations using the symmetric spooles solver
 Using up to 1 cpu(s) for spooles.

 Using up to 1 cpu(s) for the stress calculation.

 average force= 0.000032
 time avg. forc= 0.000032
 largest residual force= 0.000473 in node 2570 and dof 2
 largest increment of disp= 7.492355e-05
 largest correction to disp= 7.492355e-05 in node 2724 and dof 3

 no convergence

 iteration 2

 Using up to 1 cpu(s) for the symmetric stiffness/mass contributions.

 Factoring the system of equations using the symmetric spooles solver
 Using up to 1 cpu(s) for spooles.

 Using up to 1 cpu(s) for the stress calculation.

 average force= 0.000031
 time avg. forc= 0.000031
 largest residual force= 0.000003 in node 2459 and dof 1
 largest increment of disp= 7.492355e-05
 largest correction to disp= 1.726470e-06 in node 2404 and dof 3

 no convergence

 iteration 3

 Using up to 1 cpu(s) for the symmetric stiffness/mass contributions.

 Factoring the system of equations using the symmetric spooles solver
 Using up to 1 cpu(s) for spooles.

 Using up to 1 cpu(s) for the stress calculation.

 average force= 0.000031
 time avg. forc= 0.000031
 largest residual force= 0.000000 in node 1961 and dof 1
 largest increment of disp= 7.492355e-05
 largest correction to disp= 9.586696e-09 in node 1954 and dof 1

 convergence

 increment 2 attempt 1 
 increment size= 2.500000e-02
 sum of previous increments=2.500000e-02
 actual step time=5.000000e-02
 actual total time=5.000000e-02

 iteration 1

 Using up to 1 cpu(s) for the stress calculation.

 Using up to 1 cpu(s) for the symmetric stiffness/mass contributions.

 Factoring the system of equations using the symmetric spooles solver
 Using up to 1 cpu(s) for spooles.

 Using up to 1 cpu(s) for the stress calculation.

 average force= 0.000063
 time avg. forc= 0.000047
 largest residual force= 0.000021 in node 1641 and dof 1
 largest increment of disp= 7.492682e-05
 largest correction to disp= 7.630340e-07 in node 7817 and dof 1

 no convergence

 iteration 2

 Using up to 1 cpu(s) for the symmetric stiffness/mass contributions.

 Factoring the system of equations using the symmetric spooles solver
 Using up to 1 cpu(s) for spooles.

 Using up to 1 cpu(s) for the stress calculation.

 average force= 0.000063
 time avg. forc= 0.000047
 largest residual force= 0.000000 in node 1648 and dof 1
 largest increment of disp= 7.492682e-05
 largest correction to disp= 7.495192e-08 in node 7838 and dof 1

 convergence; the increment size is increased to 3.750000e-02

 increment 3 attempt 1 
 increment size= 3.750000e-02
 sum of previous increments=5.000000e-02
 actual step time=8.750000e-02
 actual total time=8.750000e-02

 iteration 1

 Using up to 1 cpu(s) for the stress calculation.

 Using up to 1 cpu(s) for the symmetric stiffness/mass contributions.

 Factoring the system of equations using the symmetric spooles solver
 Using up to 1 cpu(s) for spooles.

 Using up to 1 cpu(s) for the stress calculation.

 average force= 0.000129
 time avg. forc= 0.000074
 largest residual force= 0.004051 in node 1648 and dof 1
 largest increment of disp= 1.123986e-04
 largest correction to disp= 1.063553e-05 in node 7838 and dof 1

 no convergence

 iteration 2

 Using up to 1 cpu(s) for the symmetric stiffness/mass contributions.

 Factoring the system of equations using the symmetric spooles solver
 Using up to 1 cpu(s) for spooles.

 Using up to 1 cpu(s) for the stress calculation.

 average force= 0.000117
 time avg. forc= 0.000070
 largest residual force= 0.000844 in node 1783 and dof 1
 largest increment of disp= 1.123986e-04
 largest correction to disp= 4.825715e-06 in node 8198 and dof 1

 no convergence

 iteration 3

 Using up to 1 cpu(s) for the symmetric stiffness/mass contributions.

 Factoring the system of equations using the symmetric spooles solver
 Using up to 1 cpu(s) for spooles.

 Using up to 1 cpu(s) for the stress calculation.

 average force= 0.000302
 time avg. forc= 0.000132
 largest residual force= 0.065195 in node 1783 and dof 1
 largest increment of disp= 1.123986e-04
 largest correction to disp= 4.234015e-05 in node 8198 and dof 1

 no convergence

 iteration 4

 Using up to 1 cpu(s) for the symmetric stiffness/mass contributions.

 Factoring the system of equations using the symmetric spooles solver
 Using up to 1 cpu(s) for spooles.

 Using up to 1 cpu(s) for the stress calculation.

 average force= 0.000127
 time avg. forc= 0.000074
 largest residual force= 0.000024 in node 1783 and dof 1
 largest increment of disp= 1.123986e-04
 largest correction to disp= 1.598229e-06 in node 1765 and dof 3

 no convergence

 iteration 5

 Using up to 1 cpu(s) for the symmetric stiffness/mass contributions.

 Factoring the system of equations using the symmetric spooles solver
 Using up to 1 cpu(s) for spooles.

 Using up to 1 cpu(s) for the stress calculation.

 average force= 0.000136
 time avg. forc= 0.000077
 largest residual force= 0.006631 in node 1648 and dof 1
 largest increment of disp= 1.123986e-04
 largest correction to disp= 1.354363e-05 in node 7820 and dof 1

 no convergence

 iteration 6

 Using up to 1 cpu(s) for the symmetric stiffness/mass contributions.

 Factoring the system of equations using the symmetric spooles solver
 Using up to 1 cpu(s) for spooles.

 Using up to 1 cpu(s) for the stress calculation.

 average force= 0.000129
 time avg. forc= 0.000074
 largest residual force= 0.000057 in node 1648 and dof 1
 largest increment of disp= 1.123986e-04
 largest correction to disp= 1.244428e-06 in node 7838 and dof 1

 divergence; the increment size is decreased to 9.375000e-03
 the increment is reattempted

 increment 3 attempt 2 
 increment size= 9.375000e-03
 sum of previous increments=5.000000e-02
 actual step time=5.937500e-02
 actual total time=5.937500e-02

 iteration 1

 Using up to 1 cpu(s) for the stress calculation.

 Using up to 1 cpu(s) for the symmetric stiffness/mass contributions.

 Factoring the system of equations using the symmetric spooles solver
 Using up to 1 cpu(s) for spooles.

 Using up to 1 cpu(s) for the stress calculation.

 average force= 0.000075
 time avg. forc= 0.000056
 largest residual force= 0.000017 in node 1648 and dof 1
 largest increment of disp= 2.809966e-05
 largest correction to disp= 6.808075e-07 in node 7820 and dof 1

 no convergence

 iteration 2

 Using up to 1 cpu(s) for the symmetric stiffness/mass contributions.

 Factoring the system of equations using the symmetric spooles solver
 Using up to 1 cpu(s) for spooles.

 Using up to 1 cpu(s) for the stress calculation.

 average force= 0.000075
 time avg. forc= 0.000056
 largest residual force= 0.000000 in node 1648 and dof 1
 largest increment of disp= 2.809966e-05
 largest correction to disp= 2.206518e-08 in node 7835 and dof 1

 convergence

 increment 4 attempt 1 
 increment size= 9.375000e-03
 sum of previous increments=5.937500e-02
 actual step time=6.875000e-02
 actual total time=6.875000e-02

 iteration 1

 Using up to 1 cpu(s) for the stress calculation.

 Using up to 1 cpu(s) for the symmetric stiffness/mass contributions.

 Factoring the system of equations using the symmetric spooles solver
 Using up to 1 cpu(s) for spooles.

 Using up to 1 cpu(s) for the stress calculation.

 average force= 0.000089
 time avg. forc= 0.000064
 largest residual force= 0.000091 in node 1648 and dof 1
 largest increment of disp= 2.810675e-05
 largest correction to disp= 1.579980e-06 in node 7835 and dof 1

 no convergence

 iteration 2

 Using up to 1 cpu(s) for the symmetric stiffness/mass contributions.

 Factoring the system of equations using the symmetric spooles solver
 Using up to 1 cpu(s) for spooles.

 Using up to 1 cpu(s) for the stress calculation.

 average force= 0.000088
 time avg. forc= 0.000064
 largest residual force= 0.000000 in node 1783 and dof 1
 largest increment of disp= 2.810675e-05
 largest correction to disp= 1.848227e-08 in node 8198 and dof 1

 convergence; the increment size is increased to 1.406250e-02

 increment 5 attempt 1 
 increment size= 1.406250e-02
 sum of previous increments=6.875000e-02
 actual step time=8.281250e-02
 actual total time=8.281250e-02

 iteration 1

 Using up to 1 cpu(s) for the stress calculation.

 Using up to 1 cpu(s) for the symmetric stiffness/mass contributions.

 Factoring the system of equations using the symmetric spooles solver
 Using up to 1 cpu(s) for spooles.

 Using up to 1 cpu(s) for the stress calculation.

 average force= 0.000276
 time avg. forc= 0.000107
 largest residual force= 0.041003 in node 1783 and dof 1
 largest increment of disp= 4.218460e-05
 largest correction to disp= 3.368269e-05 in node 8198 and dof 1

 no convergence

 iteration 2

 Using up to 1 cpu(s) for the symmetric stiffness/mass contributions.

 Factoring the system of equations using the symmetric spooles solver
 Using up to 1 cpu(s) for spooles.

 Using up to 1 cpu(s) for the stress calculation.

 average force= 0.000125
 time avg. forc= 0.000076
 largest residual force= 0.000011 in node 1783 and dof 1
 largest increment of disp= 4.218460e-05
 largest correction to disp= 1.285743e-06 in node 1219 and dof 3

 no convergence

 iteration 3

 Using up to 1 cpu(s) for the symmetric stiffness/mass contributions.

 Factoring the system of equations using the symmetric spooles solver
 Using up to 1 cpu(s) for spooles.

 Using up to 1 cpu(s) for the stress calculation.

 average force= 0.000124
 time avg. forc= 0.000076
 largest residual force= 0.000903 in node 1783 and dof 1
 largest increment of disp= 4.218460e-05
 largest correction to disp= 4.986644e-06 in node 8198 and dof 1

 no convergence

 iteration 4

 Using up to 1 cpu(s) for the symmetric stiffness/mass contributions.

 Factoring the system of equations using the symmetric spooles solver
 Using up to 1 cpu(s) for spooles.

 Using up to 1 cpu(s) for the stress calculation.

 average force= 0.000122
 time avg. forc= 0.000076
 largest residual force= 0.000012 in node 1783 and dof 1
 largest increment of disp= 4.218460e-05
 largest correction to disp= 5.648304e-07 in node 8198 and dof 1

 divergence; the increment size is decreased to 3.515625e-03
 the increment is reattempted

 increment 5 attempt 2 
 increment size= 3.515625e-03
 sum of previous increments=6.875000e-02
 actual step time=7.226562e-02
 actual total time=7.226562e-02

 iteration 1

 Using up to 1 cpu(s) for the stress calculation.

 Using up to 1 cpu(s) for the symmetric stiffness/mass contributions.

 Factoring the system of equations using the symmetric spooles solver
 Using up to 1 cpu(s) for spooles.

 Using up to 1 cpu(s) for the stress calculation.

 average force= 0.000094
 time avg. forc= 0.000070
 largest residual force= 0.000055 in node 1783 and dof 1
 largest increment of disp= 1.054615e-05
 largest correction to disp= 1.236912e-06 in node 8195 and dof 1

 no convergence

 iteration 2

 Using up to 1 cpu(s) for the symmetric stiffness/mass contributions.

 Factoring the system of equations using the symmetric spooles solver
 Using up to 1 cpu(s) for spooles.

 Using up to 1 cpu(s) for the stress calculation.

 average force= 0.000094
 time avg. forc= 0.000070
 largest residual force= 0.000000 in node 1648 and dof 1
 largest increment of disp= 1.054615e-05
 largest correction to disp= 4.474852e-08 in node 7835 and dof 1

 convergence

 Using up to 1 cpu(s) for the stress calculation.

 increment 6 attempt 1 
 increment size= 3.515625e-03
 sum of previous increments=7.226562e-02
 actual step time=7.578125e-02
 actual total time=7.578125e-02

 iteration 1

 Using up to 1 cpu(s) for the stress calculation.

 Using up to 1 cpu(s) for the symmetric stiffness/mass contributions.

 Factoring the system of equations using the symmetric spooles solver
 Using up to 1 cpu(s) for spooles.

 Using up to 1 cpu(s) for the stress calculation.

 average force= 0.000100
 time avg. forc= 0.000075
 largest residual force= 0.000126 in node 1783 and dof 1
 largest increment of disp= 1.059732e-05
 largest correction to disp= 1.866269e-06 in node 8198 and dof 1

 no convergence

 iteration 2

 Using up to 1 cpu(s) for the symmetric stiffness/mass contributions.

 Factoring the system of equations using the symmetric spooles solver
 Using up to 1 cpu(s) for spooles.

 Using up to 1 cpu(s) for the stress calculation.

 average force= 0.000100
 time avg. forc= 0.000075
 largest residual force= 0.000004 in node 1783 and dof 1
 largest increment of disp= 1.059732e-05
 largest correction to disp= 3.382786e-07 in node 8195 and dof 1

 no convergence

 iteration 3

 Using up to 1 cpu(s) for the symmetric stiffness/mass contributions.

 Factoring the system of equations using the symmetric spooles solver
 Using up to 1 cpu(s) for spooles.

 Using up to 1 cpu(s) for the stress calculation.

 average force= 0.000100
 time avg. forc= 0.000075
 largest residual force= 0.000000 in node 1783 and dof 1
 largest increment of disp= 1.059732e-05
 largest correction to disp= 2.445113e-08 in node 8198 and dof 1

 convergence; the increment size is increased to 5.273438e-03

 increment 7 attempt 1 
 increment size= 5.273438e-03
 sum of previous increments=7.578125e-02
 actual step time=8.105469e-02
 actual total time=8.105469e-02

 iteration 1

 Using up to 1 cpu(s) for the stress calculation.

 Using up to 1 cpu(s) for the symmetric stiffness/mass contributions.

 Factoring the system of equations using the symmetric spooles solver
 Using up to 1 cpu(s) for spooles.

 Using up to 1 cpu(s) for the stress calculation.

 average force= 0.000113
 time avg. forc= 0.000081
 largest residual force= 0.000434 in node 1783 and dof 1
 largest increment of disp= 1.603590e-05
 largest correction to disp= 3.464279e-06 in node 8198 and dof 1

 no convergence

 iteration 2

 Using up to 1 cpu(s) for the symmetric stiffness/mass contributions.

 Factoring the system of equations using the symmetric spooles solver
 Using up to 1 cpu(s) for spooles.

 Using up to 1 cpu(s) for the stress calculation.

 average force= 0.000119
 time avg. forc= 0.000081
 largest residual force= 0.001361 in node 1783 and dof 1
 largest increment of disp= 1.603590e-05
 largest correction to disp= 6.141103e-06 in node 8195 and dof 1

 no convergence

 iteration 3

 Using up to 1 cpu(s) for the symmetric stiffness/mass contributions.

 Factoring the system of equations using the symmetric spooles solver
 Using up to 1 cpu(s) for spooles.

 Using up to 1 cpu(s) for the stress calculation.

 average force= 0.000116
 time avg. forc= 0.000081
 largest residual force= 0.000006 in node 1783 and dof 1
 largest increment of disp= 1.603590e-05
 largest correction to disp= 4.007513e-07 in node 8198 and dof 1

 no convergence

 iteration 4

 Using up to 1 cpu(s) for the symmetric stiffness/mass contributions.

 Factoring the system of equations using the symmetric spooles solver
 Using up to 1 cpu(s) for spooles.

 Using up to 1 cpu(s) for the stress calculation.

 average force= 0.000116
 time avg. forc= 0.000081
 largest residual force= 0.000004 in node 1783 and dof 1
 largest increment of disp= 1.603590e-05
 largest correction to disp= 3.384486e-07 in node 8195 and dof 1

 no convergence

 iteration 5

 Using up to 1 cpu(s) for the symmetric stiffness/mass contributions.

 Factoring the system of equations using the symmetric spooles solver
 Using up to 1 cpu(s) for spooles.

 Using up to 1 cpu(s) for the stress calculation.

 average force= 0.000116
 time avg. forc= 0.000081
 largest residual force= 0.000000 in node 1783 and dof 1
 largest increment of disp= 1.603590e-05
 largest correction to disp= 2.154521e-09 in node 8198 and dof 1

 convergence

 increment 8 attempt 1 
 increment size= 5.273438e-03
 sum of previous increments=8.105469e-02
 actual step time=8.632813e-02
 actual total time=8.632813e-02

 iteration 1

 Using up to 1 cpu(s) for the stress calculation.

 Using up to 1 cpu(s) for the symmetric stiffness/mass contributions.

 Factoring the system of equations using the symmetric spooles solver
 Using up to 1 cpu(s) for spooles.

 Using up to 1 cpu(s) for the stress calculation.

 average force= 0.000133
 time avg. forc= 0.000087
 largest residual force= 0.000014 in node 1648 and dof 1
 largest increment of disp= 1.696657e-05
 largest correction to disp= 7.218413e-07 in node 1237 and dof 3

 no convergence

 iteration 2

 Using up to 1 cpu(s) for the symmetric stiffness/mass contributions.

 Factoring the system of equations using the symmetric spooles solver
 Using up to 1 cpu(s) for spooles.

 Using up to 1 cpu(s) for the stress calculation.

 average force= 0.000136
 time avg. forc= 0.000088
 largest residual force= 0.000786 in node 1648 and dof 1
 largest increment of disp= 1.696657e-05
 largest correction to disp= 4.668315e-06 in node 7835 and dof 1

 no convergence

 iteration 3

 Using up to 1 cpu(s) for the symmetric stiffness/mass contributions.

 Factoring the system of equations using the symmetric spooles solver
 Using up to 1 cpu(s) for spooles.

 Using up to 1 cpu(s) for the stress calculation.

 average force= 0.000135
 time avg. forc= 0.000088
 largest residual force= 0.000006 in node 1648 and dof 1
 largest increment of disp= 1.696657e-05
 largest correction to disp= 3.982638e-07 in node 7835 and dof 1

 no convergence

 iteration 4

 Using up to 1 cpu(s) for the symmetric stiffness/mass contributions.

 Factoring the system of equations using the symmetric spooles solver
 Using up to 1 cpu(s) for spooles.

 Using up to 1 cpu(s) for the stress calculation.

 average force= 0.000135
 time avg. forc= 0.000088
 largest residual force= 0.000000 in node 1648 and dof 1
 largest increment of disp= 1.696657e-05
 largest correction to disp= 1.008600e-07 in node 7838 and dof 1

 convergence

 increment 9 attempt 1 
 increment size= 5.273438e-03
 sum of previous increments=8.632813e-02
 actual step time=9.160156e-02
 actual total time=9.160156e-02

 iteration 1

 Using up to 1 cpu(s) for the stress calculation.

 Using up to 1 cpu(s) for the symmetric stiffness/mass contributions.

 Factoring the system of equations using the symmetric spooles solver
 Using up to 1 cpu(s) for spooles.

 Using up to 1 cpu(s) for the stress calculation.

 average force= 0.000154
 time avg. forc= 0.000095
 largest residual force= 0.000077 in node 2441 and dof 1
 largest increment of disp= 2.157754e-05
 largest correction to disp= 1.160554e-06 in node 9452 and dof 1

 no convergence

 iteration 2

 Using up to 1 cpu(s) for the symmetric stiffness/mass contributions.

 Factoring the system of equations using the symmetric spooles solver
 Using up to 1 cpu(s) for spooles.

 Using up to 1 cpu(s) for the stress calculation.

 average force= 0.000153
 time avg. forc= 0.000095
 largest residual force= 0.000437 in node 1783 and dof 1
 largest increment of disp= 2.157754e-05
 largest correction to disp= 3.482024e-06 in node 8198 and dof 1

 no convergence

 iteration 3

 Using up to 1 cpu(s) for the symmetric stiffness/mass contributions.

 Factoring the system of equations using the symmetric spooles solver
 Using up to 1 cpu(s) for spooles.

 Using up to 1 cpu(s) for the stress calculation.

 average force= 0.000152
 time avg. forc= 0.000095
 largest residual force= 0.000002 in node 1783 and dof 1
 largest increment of disp= 2.157754e-05
 largest correction to disp= 2.448160e-07 in node 8195 and dof 1

 no convergence

 iteration 4

 Using up to 1 cpu(s) for the symmetric stiffness/mass contributions.

 Factoring the system of equations using the symmetric spooles solver
 Using up to 1 cpu(s) for spooles.

 Using up to 1 cpu(s) for the stress calculation.

 average force= 0.000152
 time avg. forc= 0.000095
 largest residual force= 0.000000 in node 1783 and dof 1
 largest increment of disp= 2.157754e-05
 largest correction to disp= 2.108888e-08 in node 8195 and dof 1

 convergence; the increment size is increased to 7.910156e-03

 increment 10 attempt 1 
 increment size= 7.910156e-03
 sum of previous increments=9.160156e-02
 actual step time=9.951172e-02
 actual total time=9.951172e-02

 iteration 1

 Using up to 1 cpu(s) for the stress calculation.

 Using up to 1 cpu(s) for the symmetric stiffness/mass contributions.

 Factoring the system of equations using the symmetric spooles solver
 Using up to 1 cpu(s) for spooles.

 Using up to 1 cpu(s) for the stress calculation.

 average force= 0.000209
 time avg. forc= 0.000106
 largest residual force= 0.007044 in node 2459 and dof 1
 largest increment of disp= 2.579537e-05
 largest correction to disp= 1.108805e-05 in node 9446 and dof 1

 no convergence

 iteration 2

 Using up to 1 cpu(s) for the symmetric stiffness/mass contributions.

 Factoring the system of equations using the symmetric spooles solver
 Using up to 1 cpu(s) for spooles.

 Using up to 1 cpu(s) for the stress calculation.

 average force= 0.000184
 time avg. forc= 0.000104
 largest residual force= 0.000583 in node 1783 and dof 1
 largest increment of disp= 2.579537e-05
 largest correction to disp= 4.025877e-06 in node 8198 and dof 1

 no convergence

 iteration 3

 Using up to 1 cpu(s) for the symmetric stiffness/mass contributions.

 Factoring the system of equations using the symmetric spooles solver
 Using up to 1 cpu(s) for spooles.

 Using up to 1 cpu(s) for the stress calculation.

 average force= 0.000188
 time avg. forc= 0.000104
 largest residual force= 0.001331 in node 2459 and dof 1
 largest increment of disp= 2.579537e-05
 largest correction to disp= 4.813181e-06 in node 9452 and dof 1

 no convergence

 iteration 4

 Using up to 1 cpu(s) for the symmetric stiffness/mass contributions.

 Factoring the system of equations using the symmetric spooles solver
 Using up to 1 cpu(s) for spooles.

 Using up to 1 cpu(s) for the stress calculation.

 average force= 0.000187
 time avg. forc= 0.000104
 largest residual force= 0.000003 in node 2441 and dof 1
 largest increment of disp= 2.579537e-05
 largest correction to disp= 2.243041e-07 in node 9452 and dof 1

 no convergence

 iteration 5

 Using up to 1 cpu(s) for the symmetric stiffness/mass contributions.

 Factoring the system of equations using the symmetric spooles solver
 Using up to 1 cpu(s) for spooles.

 Using up to 1 cpu(s) for the stress calculation.

 average force= 0.000187
 time avg. forc= 0.000104
 largest residual force= 0.000002 in node 2459 and dof 1
 largest increment of disp= 2.579537e-05
 largest correction to disp= 1.716949e-07 in node 9446 and dof 1

 no convergence

 iteration 6

 Using up to 1 cpu(s) for the symmetric stiffness/mass contributions.

 Factoring the system of equations using the symmetric spooles solver
 Using up to 1 cpu(s) for spooles.

 Using up to 1 cpu(s) for the stress calculation.

 average force= 0.000187
 time avg. forc= 0.000104
 largest residual force= 0.000000 in node 2459 and dof 1
 largest increment of disp= 2.579537e-05
 largest correction to disp= 1.078210e-09 in node 9452 and dof 1

 convergence

 Using up to 1 cpu(s) for the stress calculation.

 increment 11 attempt 1 
 increment size= 7.910156e-03
 sum of previous increments=9.951172e-02
 actual step time=1.074219e-01
 actual total time=1.074219e-01

 iteration 1

 Using up to 1 cpu(s) for the stress calculation.

 Using up to 1 cpu(s) for the symmetric stiffness/mass contributions.

 Factoring the system of equations using the symmetric spooles solver
 Using up to 1 cpu(s) for spooles.

 Using up to 1 cpu(s) for the stress calculation.

 average force= 0.000231
 time avg. forc= 0.000116
 largest residual force= 0.000249 in node 2060 and dof 1
 largest increment of disp= 2.455798e-05
 largest correction to disp= 2.684474e-06 in node 6696 and dof 1

 no convergence

 iteration 2

 Using up to 1 cpu(s) for the symmetric stiffness/mass contributions.

 Factoring the system of equations using the symmetric spooles solver
 Using up to 1 cpu(s) for spooles.

 Using up to 1 cpu(s) for the stress calculation.

 average force= 0.001669
 time avg. forc= 0.000246
 largest residual force= 0.200246 in node 2261 and dof 2
 largest increment of disp= 5.886921e-05
 largest correction to disp= 5.886921e-05 in node 9092 and dof 2

 no convergence

 iteration 3

 Using up to 1 cpu(s) for the symmetric stiffness/mass contributions.

 Factoring the system of equations using the symmetric spooles solver
 Using up to 1 cpu(s) for spooles.

 Using up to 1 cpu(s) for the stress calculation.

 average force= 0.000315
 time avg. forc= 0.000123
 largest residual force= 0.000389 in node 2441 and dof 1
 largest increment of disp= 5.886921e-05
 largest correction to disp= 3.787533e-06 in node 1975 and dof 3

 no convergence

 iteration 4

 Using up to 1 cpu(s) for the symmetric stiffness/mass contributions.

 Factoring the system of equations using the symmetric spooles solver
 Using up to 1 cpu(s) for spooles.

 Using up to 1 cpu(s) for the stress calculation.

 average force= 0.000432
 time avg. forc= 0.000134
 largest residual force= 0.026917 in node 2459 and dof 1
 largest increment of disp= 5.886921e-05
 largest correction to disp= 2.146729e-05 in node 9482 and dof 1

 no convergence

 iteration 5

 Using up to 1 cpu(s) for the symmetric stiffness/mass contributions.

 Factoring the system of equations using the symmetric spooles solver
 Using up to 1 cpu(s) for spooles.

 Using up to 1 cpu(s) for the stress calculation.

 average force= 0.000276
 time avg. forc= 0.000120
 largest residual force= 0.000368 in node 2441 and dof 1
 largest increment of disp= 5.886921e-05
 largest correction to disp= 2.528921e-06 in node 9446 and dof 1

 no convergence

 iteration 6

 Using up to 1 cpu(s) for the symmetric stiffness/mass contributions.

 Factoring the system of equations using the symmetric spooles solver
 Using up to 1 cpu(s) for spooles.

 Using up to 1 cpu(s) for the stress calculation.

 average force= 0.000273
 time avg. forc= 0.000119
 largest residual force= 0.003067 in node 2261 and dof 2
 largest increment of disp= 5.886921e-05
 largest correction to disp= 7.241598e-06 in node 9092 and dof 2

 no convergence

 iteration 7

 Using up to 1 cpu(s) for the symmetric stiffness/mass contributions.

 Factoring the system of equations using the symmetric spooles solver
 Using up to 1 cpu(s) for spooles.

 Using up to 1 cpu(s) for the stress calculation.

 average force= 0.000264
 time avg. forc= 0.000119
 largest residual force= 0.000060 in node 2459 and dof 1
 largest increment of disp= 5.886921e-05
 largest correction to disp= 1.016288e-06 in node 9452 and dof 1

 no convergence

 iteration 8

 Using up to 1 cpu(s) for the symmetric stiffness/mass contributions.

 Factoring the system of equations using the symmetric spooles solver
 Using up to 1 cpu(s) for spooles.

 Using up to 1 cpu(s) for the stress calculation.

 average force= 0.000263
 time avg. forc= 0.000119
 largest residual force= 0.000013 in node 2060 and dof 1
 largest increment of disp= 5.886921e-05
 largest correction to disp= 4.650854e-07 in node 8726 and dof 1

 estimated number of iterations till convergence = 10
 no convergence

 iteration 9

 Using up to 1 cpu(s) for the symmetric stiffness/mass contributions.

 Factoring the system of equations using the symmetric spooles solver
 Using up to 1 cpu(s) for spooles.

 Using up to 1 cpu(s) for the stress calculation.

 average force= 0.000263
 time avg. forc= 0.000119
 largest residual force= 0.000000 in node 2060 and dof 1
 largest increment of disp= 5.886921e-05
 largest correction to disp= 8.377691e-09 in node 8732 and dof 1

 convergence

 increment 12 attempt 1 
 increment size= 7.910156e-03
 sum of previous increments=1.074219e-01
 actual step time=1.153320e-01
 actual total time=1.153320e-01

 iteration 1

 Using up to 1 cpu(s) for the stress calculation.

 Using up to 1 cpu(s) for the symmetric stiffness/mass contributions.

 Factoring the system of equations using the symmetric spooles solver
 Using up to 1 cpu(s) for spooles.

 Using up to 1 cpu(s) for the stress calculation.

 average force= 0.000349
 time avg. forc= 0.000138
 largest residual force= 0.000368 in node 2441 and dof 1
 largest increment of disp= 4.576010e-05
 largest correction to disp= 4.807208e-06 in node 1975 and dof 3

 no convergence

 iteration 2

 Using up to 1 cpu(s) for the symmetric stiffness/mass contributions.

 Factoring the system of equations using the symmetric spooles solver
 Using up to 1 cpu(s) for spooles.

 Using up to 1 cpu(s) for the stress calculation.

 average force= 0.000364
 time avg. forc= 0.000139
 largest residual force= 0.009104 in node 2459 and dof 1
 largest increment of disp= 4.576010e-05
 largest correction to disp= 1.250807e-05 in node 9452 and dof 1

 no convergence

 iteration 3

 Using up to 1 cpu(s) for the symmetric stiffness/mass contributions.

 Factoring the system of equations using the symmetric spooles solver
 Using up to 1 cpu(s) for spooles.

 Using up to 1 cpu(s) for the stress calculation.

 average force= 0.000326
 time avg. forc= 0.000136
 largest residual force= 0.000154 in node 2459 and dof 1
 largest increment of disp= 4.576010e-05
 largest correction to disp= 1.632503e-06 in node 9446 and dof 1

 no convergence

 iteration 4

 Using up to 1 cpu(s) for the symmetric stiffness/mass contributions.

 Factoring the system of equations using the symmetric spooles solver
 Using up to 1 cpu(s) for spooles.

 Using up to 1 cpu(s) for the stress calculation.

 average force= 0.000324
 time avg. forc= 0.000136
 largest residual force= 0.000071 in node 2459 and dof 1
 largest increment of disp= 4.576010e-05
 largest correction to disp= 1.104736e-06 in node 9488 and dof 1

 no convergence

 iteration 5

 Using up to 1 cpu(s) for the symmetric stiffness/mass contributions.

 Factoring the system of equations using the symmetric spooles solver
 Using up to 1 cpu(s) for spooles.

 Using up to 1 cpu(s) for the stress calculation.

 average force= 0.000324
 time avg. forc= 0.000136
 largest residual force= 0.000000 in node 2459 and dof 1
 largest increment of disp= 4.576010e-05
 largest correction to disp= 2.940551e-08 in node 9452 and dof 1

 convergence

 increment 13 attempt 1 
 increment size= 7.910156e-03
 sum of previous increments=1.153320e-01
 actual step time=1.232422e-01
 actual total time=1.232422e-01

 iteration 1

 Using up to 1 cpu(s) for the stress calculation.

 Using up to 1 cpu(s) for the symmetric stiffness/mass contributions.

 Factoring the system of equations using the symmetric spooles solver
 Using up to 1 cpu(s) for spooles.

 Using up to 1 cpu(s) for the stress calculation.

 average force= 0.000382
 time avg. forc= 0.000155
 largest residual force= 0.000129 in node 2441 and dof 1
 largest increment of disp= 2.934330e-05
 largest correction to disp= 4.706244e-06 in node 6756 and dof 1

 no convergence

 iteration 2

 Using up to 1 cpu(s) for the symmetric stiffness/mass contributions.

 Factoring the system of equations using the symmetric spooles solver
 Using up to 1 cpu(s) for spooles.

 Using up to 1 cpu(s) for the stress calculation.

 average force= 0.000374
 time avg. forc= 0.000154
 largest residual force= 0.001640 in node 2261 and dof 2
 largest increment of disp= 2.934330e-05
 largest correction to disp= 5.319772e-06 in node 9128 and dof 2

 no convergence

 iteration 3

 Using up to 1 cpu(s) for the symmetric stiffness/mass contributions.

 Factoring the system of equations using the symmetric spooles solver
 Using up to 1 cpu(s) for spooles.

 Using up to 1 cpu(s) for the stress calculation.

 average force= 0.000373
 time avg. forc= 0.000154
 largest residual force= 0.000007 in node 2261 and dof 2
 largest increment of disp= 2.934330e-05
 largest correction to disp= 3.434149e-07 in node 8726 and dof 1

 no convergence

 iteration 4

 Using up to 1 cpu(s) for the symmetric stiffness/mass contributions.

 Factoring the system of equations using the symmetric spooles solver
 Using up to 1 cpu(s) for spooles.

 Using up to 1 cpu(s) for the stress calculation.

 average force= 0.000373
 time avg. forc= 0.000154
 largest residual force= 0.000000 in node 2060 and dof 1
 largest increment of disp= 2.934330e-05
 largest correction to disp= 3.007964e-08 in node 8762 and dof 1

 convergence

 increment 14 attempt 1 
 increment size= 7.910156e-03
 sum of previous increments=1.232422e-01
 actual step time=1.311523e-01
 actual total time=1.311523e-01

 iteration 1

 Using up to 1 cpu(s) for the stress calculation.

 Using up to 1 cpu(s) for the symmetric stiffness/mass contributions.

 Factoring the system of equations using the symmetric spooles solver
 Using up to 1 cpu(s) for spooles.

 Using up to 1 cpu(s) for the stress calculation.

 average force= 0.000419
 time avg. forc= 0.000173
 largest residual force= 0.000086 in node 2615 and dof 2
 largest increment of disp= 2.446925e-05
 largest correction to disp= 4.170946e-06 in node 5256 and dof 1

 no convergence

 iteration 2

 Using up to 1 cpu(s) for the symmetric stiffness/mass contributions.

 Factoring the system of equations using the symmetric spooles solver
 Using up to 1 cpu(s) for spooles.

 Using up to 1 cpu(s) for the stress calculation.

 average force= 0.000415
 time avg. forc= 0.000173
 largest residual force= 0.000361 in node 2060 and dof 1
 largest increment of disp= 2.446925e-05
 largest correction to disp= 2.506004e-06 in node 8762 and dof 1

 no convergence

 iteration 3

 Using up to 1 cpu(s) for the symmetric stiffness/mass contributions.

 Factoring the system of equations using the symmetric spooles solver
 Using up to 1 cpu(s) for spooles.

 Using up to 1 cpu(s) for the stress calculation.

 average force= 0.000415
 time avg. forc= 0.000173
 largest residual force= 0.000000 in node 2060 and dof 1
 largest increment of disp= 2.446925e-05
 largest correction to disp= 7.067974e-08 in node 8768 and dof 1

 convergence; the increment size is increased to 1.186523e-02

 increment 15 attempt 1 
 increment size= 1.186523e-02
 sum of previous increments=1.311523e-01
 actual step time=1.430176e-01
 actual total time=1.430176e-01

 iteration 1

 Using up to 1 cpu(s) for the stress calculation.

 Using up to 1 cpu(s) for the symmetric stiffness/mass contributions.

 Factoring the system of equations using the symmetric spooles solver
 Using up to 1 cpu(s) for spooles.

 Using up to 1 cpu(s) for the stress calculation.

 average force= 0.000475
 time avg. forc= 0.000193
 largest residual force= 0.000120 in node 2243 and dof 2
 largest increment of disp= 3.647033e-05
 largest correction to disp= 2.417317e-06 in node 5400 and dof 1

 no convergence

 iteration 2

 Using up to 1 cpu(s) for the symmetric stiffness/mass contributions.

 Factoring the system of equations using the symmetric spooles solver
 Using up to 1 cpu(s) for spooles.

 Using up to 1 cpu(s) for the stress calculation.

 average force= 0.000470
 time avg. forc= 0.000192
 largest residual force= 0.000463 in node 2060 and dof 1
 largest increment of disp= 3.647033e-05
 largest correction to disp= 2.846199e-06 in node 8762 and dof 1

 no convergence

 iteration 3

 Using up to 1 cpu(s) for the symmetric stiffness/mass contributions.

 Factoring the system of equations using the symmetric spooles solver
 Using up to 1 cpu(s) for spooles.

 Using up to 1 cpu(s) for the stress calculation.

 average force= 0.000470
 time avg. forc= 0.000192
 largest residual force= 0.000000 in node 2060 and dof 1
 largest increment of disp= 3.647033e-05
 largest correction to disp= 7.875507e-08 in node 8768 and dof 1

 convergence; the increment size is increased to 1.779785e-02

 Using up to 1 cpu(s) for the stress calculation.

 increment 16 attempt 1 
 increment size= 1.779785e-02
 sum of previous increments=1.430176e-01
 actual step time=1.608154e-01
 actual total time=1.608154e-01

 iteration 1

 Using up to 1 cpu(s) for the stress calculation.

 Using up to 1 cpu(s) for the symmetric stiffness/mass contributions.

 Factoring the system of equations using the symmetric spooles solver
 Using up to 1 cpu(s) for spooles.

 Using up to 1 cpu(s) for the stress calculation.

 average force= 0.000548
 time avg. forc= 0.000215
 largest residual force= 0.000215 in node 2243 and dof 2
 largest increment of disp= 5.459949e-05
 largest correction to disp= 3.505408e-06 in node 6684 and dof 1

 no convergence

 iteration 2

 Using up to 1 cpu(s) for the symmetric stiffness/mass contributions.

 Factoring the system of equations using the symmetric spooles solver
 Using up to 1 cpu(s) for spooles.

 Using up to 1 cpu(s) for the stress calculation.

 average force= 0.000542
 time avg. forc= 0.000214
 largest residual force= 0.000959 in node 2060 and dof 1
 largest increment of disp= 5.459949e-05
 largest correction to disp= 4.099882e-06 in node 8768 and dof 1

 no convergence

 iteration 3

 Using up to 1 cpu(s) for the symmetric stiffness/mass contributions.

 Factoring the system of equations using the symmetric spooles solver
 Using up to 1 cpu(s) for spooles.

 Using up to 1 cpu(s) for the stress calculation.

 average force= 0.000541
 time avg. forc= 0.000214
 largest residual force= 0.000001 in node 2060 and dof 1
 largest increment of disp= 5.459949e-05
 largest correction to disp= 1.405981e-07 in node 8768 and dof 1

 no convergence

 iteration 4

 Using up to 1 cpu(s) for the symmetric stiffness/mass contributions.

 Factoring the system of equations using the symmetric spooles solver
 Using up to 1 cpu(s) for spooles.

 Using up to 1 cpu(s) for the stress calculation.

 average force= 0.000541
 time avg. forc= 0.000214
 largest residual force= 0.000000 in node 2060 and dof 1
 largest increment of disp= 5.459949e-05
 largest correction to disp= 2.949742e-09 in node 8762 and dof 1

 convergence; the increment size is increased to 2.669678e-02

 increment 17 attempt 1 
 increment size= 2.669678e-02
 sum of previous increments=1.608154e-01
 actual step time=1.875122e-01
 actual total time=1.875122e-01

 iteration 1

 Using up to 1 cpu(s) for the stress calculation.

 Using up to 1 cpu(s) for the symmetric stiffness/mass contributions.

 Factoring the system of equations using the symmetric spooles solver
 Using up to 1 cpu(s) for spooles.

 Using up to 1 cpu(s) for the stress calculation.

 average force= 0.000642
 time avg. forc= 0.000239
 largest residual force= 0.000399 in node 2039 and dof 1
 largest increment of disp= 8.178673e-05
 largest correction to disp= 6.779183e-06 in node 6684 and dof 1

 no convergence

 iteration 2

 Using up to 1 cpu(s) for the symmetric stiffness/mass contributions.

 Factoring the system of equations using the symmetric spooles solver
 Using up to 1 cpu(s) for spooles.

 Using up to 1 cpu(s) for the stress calculation.

 average force= 0.000633
 time avg. forc= 0.000239
 largest residual force= 0.001757 in node 2060 and dof 1
 largest increment of disp= 8.178673e-05
 largest correction to disp= 8.856946e-06 in node 6696 and dof 1

 no convergence

 iteration 3

 Using up to 1 cpu(s) for the symmetric stiffness/mass contributions.

 Factoring the system of equations using the symmetric spooles solver
 Using up to 1 cpu(s) for spooles.

 Using up to 1 cpu(s) for the stress calculation.

 average force= 0.000632
 time avg. forc= 0.000239
 largest residual force= 0.000003 in node 2060 and dof 1
 largest increment of disp= 8.178673e-05
 largest correction to disp= 5.298378e-07 in node 6756 and dof 1

 no convergence

 iteration 4

 Using up to 1 cpu(s) for the symmetric stiffness/mass contributions.

 Factoring the system of equations using the symmetric spooles solver
 Using up to 1 cpu(s) for spooles.

 Using up to 1 cpu(s) for the stress calculation.

 average force= 0.000632
 time avg. forc= 0.000239
 largest residual force= 0.000000 in node 2060 and dof 1
 largest increment of disp= 8.178673e-05
 largest correction to disp= 1.023829e-08 in node 5256 and dof 1

 convergence; the increment size is increased to 4.004517e-02

 increment 18 attempt 1 
 increment size= 4.004517e-02
 sum of previous increments=1.875122e-01
 actual step time=2.275574e-01
 actual total time=2.275574e-01

 iteration 1

 Using up to 1 cpu(s) for the stress calculation.

 Using up to 1 cpu(s) for the symmetric stiffness/mass contributions.

 Factoring the system of equations using the symmetric spooles solver
 Using up to 1 cpu(s) for spooles.

 Using up to 1 cpu(s) for the stress calculation.

 average force= 0.000761
 time avg. forc= 0.000268
 largest residual force= 0.000803 in node 2440 and dof 3
 largest increment of disp= 1.223637e-04
 largest correction to disp= 8.105817e-06 in node 6696 and dof 1

 no convergence

 iteration 2

 Using up to 1 cpu(s) for the symmetric stiffness/mass contributions.

 Factoring the system of equations using the symmetric spooles solver
 Using up to 1 cpu(s) for spooles.

 Using up to 1 cpu(s) for the stress calculation.

 average force= 0.000751
 time avg. forc= 0.000267
 largest residual force= 0.002928 in node 2060 and dof 1
 largest increment of disp= 1.223637e-04
 largest correction to disp= 1.037783e-05 in node 5256 and dof 1

 no convergence

 iteration 3

 Using up to 1 cpu(s) for the symmetric stiffness/mass contributions.

 Factoring the system of equations using the symmetric spooles solver
 Using up to 1 cpu(s) for spooles.

 Using up to 1 cpu(s) for the stress calculation.

 average force= 0.000748
 time avg. forc= 0.000267
 largest residual force= 0.000006 in node 2060 and dof 1
 largest increment of disp= 1.223637e-04
 largest correction to disp= 7.011748e-07 in node 5316 and dof 1

 no convergence

 iteration 4

 Using up to 1 cpu(s) for the symmetric stiffness/mass contributions.

 Factoring the system of equations using the symmetric spooles solver
 Using up to 1 cpu(s) for spooles.

 Using up to 1 cpu(s) for the stress calculation.

 average force= 0.000748
 time avg. forc= 0.000267
 largest residual force= 0.000000 in node 2060 and dof 1
 largest increment of disp= 1.223637e-04
 largest correction to disp= 1.645683e-08 in node 5316 and dof 1

 convergence; the increment size is increased to 6.006775e-02

 the increment size exceeds the maximum allowed and is decreased to 5.000000e-02

 increment 19 attempt 1 
 increment size= 5.000000e-02
 sum of previous increments=2.275574e-01
 actual step time=2.775574e-01
 actual total time=2.775574e-01

 iteration 1

 Using up to 1 cpu(s) for the stress calculation.

 Using up to 1 cpu(s) for the symmetric stiffness/mass contributions.

 Factoring the system of equations using the symmetric spooles solver
 Using up to 1 cpu(s) for spooles.

 Using up to 1 cpu(s) for the stress calculation.

 average force= 0.000885
 time avg. forc= 0.000300
 largest residual force= 0.001102 in node 2440 and dof 3
 largest increment of disp= 1.523999e-04
 largest correction to disp= 7.751337e-06 in node 6639 and dof 1

 no convergence

 iteration 2

 Using up to 1 cpu(s) for the symmetric stiffness/mass contributions.

 Factoring the system of equations using the symmetric spooles solver
 Using up to 1 cpu(s) for spooles.

 Using up to 1 cpu(s) for the stress calculation.

 average force= 0.000874
 time avg. forc= 0.000299
 largest residual force= 0.002551 in node 2060 and dof 1
 largest increment of disp= 1.523999e-04
 largest correction to disp= 8.677418e-06 in node 5307 and dof 1

 no convergence

 iteration 3

 Using up to 1 cpu(s) for the symmetric stiffness/mass contributions.

 Factoring the system of equations using the symmetric spooles solver
 Using up to 1 cpu(s) for spooles.

 Using up to 1 cpu(s) for the stress calculation.

 average force= 0.000871
 time avg. forc= 0.000299
 largest residual force= 0.000004 in node 2060 and dof 1
 largest increment of disp= 1.523999e-04
 largest correction to disp= 4.139750e-07 in node 5259 and dof 1

 no convergence

 iteration 4

 Using up to 1 cpu(s) for the symmetric stiffness/mass contributions.

 Factoring the system of equations using the symmetric spooles solver
 Using up to 1 cpu(s) for spooles.

 Using up to 1 cpu(s) for the stress calculation.

 average force= 0.000871
 time avg. forc= 0.000299
 largest residual force= 0.000000 in node 2261 and dof 2
 largest increment of disp= 1.523999e-04
 largest correction to disp= 7.659003e-09 in node 5259 and dof 1

 convergence; the increment size is increased to 7.500000e-02

 the increment size exceeds the maximum allowed and is decreased to 5.000000e-02

 increment 20 attempt 1 
 increment size= 5.000000e-02
 sum of previous increments=2.775574e-01
 actual step time=3.275574e-01
 actual total time=3.275574e-01

 iteration 1

 Using up to 1 cpu(s) for the stress calculation.

 Using up to 1 cpu(s) for the symmetric stiffness/mass contributions.

 Factoring the system of equations using the symmetric spooles solver
 Using up to 1 cpu(s) for spooles.

 Using up to 1 cpu(s) for the stress calculation.

 average force= 0.000990
 time avg. forc= 0.000333
 largest residual force= 0.000840 in node 2440 and dof 3
 largest increment of disp= 1.521099e-04
 largest correction to disp= 6.696164e-06 in node 6819 and dof 1

 no convergence

 iteration 2

 Using up to 1 cpu(s) for the symmetric stiffness/mass contributions.

 Factoring the system of equations using the symmetric spooles solver
 Using up to 1 cpu(s) for spooles.

 Using up to 1 cpu(s) for the stress calculation.

 average force= 0.000982
 time avg. forc= 0.000333
 largest residual force= 0.000941 in node 2060 and dof 1
 largest increment of disp= 1.521099e-04
 largest correction to disp= 4.777078e-06 in node 1976 and dof 3

 no convergence

 iteration 3

 Using up to 1 cpu(s) for the symmetric stiffness/mass contributions.

 Factoring the system of equations using the symmetric spooles solver
 Using up to 1 cpu(s) for spooles.

 Using up to 1 cpu(s) for the stress calculation.

 average force= 0.000982
 time avg. forc= 0.000333
 largest residual force= 0.000000 in node 2060 and dof 1
 largest increment of disp= 1.521099e-04
 largest correction to disp= 1.151538e-07 in node 5259 and dof 1

 convergence; the increment size is increased to 7.500000e-02

 the increment size exceeds the maximum allowed and is decreased to 5.000000e-02

 Using up to 1 cpu(s) for the stress calculation.

 increment 21 attempt 1 
 increment size= 5.000000e-02
 sum of previous increments=3.275574e-01
 actual step time=3.775574e-01
 actual total time=3.775574e-01

 iteration 1

 Using up to 1 cpu(s) for the stress calculation.

 Using up to 1 cpu(s) for the symmetric stiffness/mass contributions.

 Factoring the system of equations using the symmetric spooles solver
 Using up to 1 cpu(s) for spooles.

 Using up to 1 cpu(s) for the stress calculation.

 average force= 0.001087
 time avg. forc= 0.000369
 largest residual force= 0.000579 in node 2440 and dof 3
 largest increment of disp= 1.519069e-04
 largest correction to disp= 5.287160e-06 in node 6807 and dof 1

 no convergence

 iteration 2

 Using up to 1 cpu(s) for the symmetric stiffness/mass contributions.

 Factoring the system of equations using the symmetric spooles solver
 Using up to 1 cpu(s) for spooles.

 Using up to 1 cpu(s) for the stress calculation.

 average force= 0.001083
 time avg. forc= 0.000369
 largest residual force= 0.000309 in node 2060 and dof 1
 largest increment of disp= 1.519069e-04
 largest correction to disp= 3.120028e-06 in node 1976 and dof 3

 no convergence

 iteration 3

 Using up to 1 cpu(s) for the symmetric stiffness/mass contributions.

 Factoring the system of equations using the symmetric spooles solver
 Using up to 1 cpu(s) for spooles.

 Using up to 1 cpu(s) for the stress calculation.

 average force= 0.001083
 time avg. forc= 0.000369
 largest residual force= 0.000000 in node 2630 and dof 2
 largest increment of disp= 1.519069e-04
 largest correction to disp= 2.887367e-08 in node 5322 and dof 1

 convergence; the increment size is increased to 7.500000e-02

 the increment size exceeds the maximum allowed and is decreased to 5.000000e-02

 increment 22 attempt 1 
 increment size= 5.000000e-02
 sum of previous increments=3.775574e-01
 actual step time=4.275574e-01
 actual total time=4.275574e-01

 iteration 1

 Using up to 1 cpu(s) for the stress calculation.

 Using up to 1 cpu(s) for the symmetric stiffness/mass contributions.

 Factoring the system of equations using the symmetric spooles solver
 Using up to 1 cpu(s) for spooles.

 Using up to 1 cpu(s) for the stress calculation.

 average force= 0.001178
 time avg. forc= 0.000405
 largest residual force= 0.000422 in node 2440 and dof 3
 largest increment of disp= 1.517682e-04
 largest correction to disp= 3.916661e-06 in node 6798 and dof 1

 no convergence

 iteration 2

 Using up to 1 cpu(s) for the symmetric stiffness/mass contributions.

 Factoring the system of equations using the symmetric spooles solver
 Using up to 1 cpu(s) for spooles.

 Using up to 1 cpu(s) for the stress calculation.

 average force= 0.001176
 time avg. forc= 0.000405
 largest residual force= 0.000119 in node 2060 and dof 1
 largest increment of disp= 1.517682e-04
 largest correction to disp= 2.162732e-06 in node 1976 and dof 3

 no convergence

 iteration 3

 Using up to 1 cpu(s) for the symmetric stiffness/mass contributions.

 Factoring the system of equations using the symmetric spooles solver
 Using up to 1 cpu(s) for spooles.

 Using up to 1 cpu(s) for the stress calculation.

 average force= 0.001176
 time avg. forc= 0.000405
 largest residual force= 0.000000 in node 2261 and dof 2
 largest increment of disp= 1.517682e-04
 largest correction to disp= 1.236053e-08 in node 5274 and dof 1

 convergence; the increment size is increased to 7.500000e-02

 the increment size exceeds the maximum allowed and is decreased to 5.000000e-02

 increment 23 attempt 1 
 increment size= 5.000000e-02
 sum of previous increments=4.275574e-01
 actual step time=4.775574e-01
 actual total time=4.775574e-01

 iteration 1

 Using up to 1 cpu(s) for the stress calculation.

 Using up to 1 cpu(s) for the symmetric stiffness/mass contributions.

 Factoring the system of equations using the symmetric spooles solver
 Using up to 1 cpu(s) for spooles.

 Using up to 1 cpu(s) for the stress calculation.

 average force= 0.001265
 time avg. forc= 0.000443
 largest residual force= 0.000320 in node 2440 and dof 3
 largest increment of disp= 1.516712e-04
 largest correction to disp= 3.101400e-06 in node 6738 and dof 1

 no convergence

 iteration 2

 Using up to 1 cpu(s) for the symmetric stiffness/mass contributions.

 Factoring the system of equations using the symmetric spooles solver
 Using up to 1 cpu(s) for spooles.

 Using up to 1 cpu(s) for the stress calculation.

 average force= 0.001263
 time avg. forc= 0.000443
 largest residual force= 0.000052 in node 2060 and dof 1
 largest increment of disp= 1.516712e-04
 largest correction to disp= 1.569099e-06 in node 1976 and dof 3

 no convergence

 iteration 3

 Using up to 1 cpu(s) for the symmetric stiffness/mass contributions.

 Factoring the system of equations using the symmetric spooles solver
 Using up to 1 cpu(s) for spooles.

 Using up to 1 cpu(s) for the stress calculation.

 average force= 0.001263
 time avg. forc= 0.000443
 largest residual force= 0.000000 in node 2630 and dof 2
 largest increment of disp= 1.516712e-04
 largest correction to disp= 6.123592e-09 in node 5288 and dof 1

 convergence; the increment size is increased to 7.500000e-02

 the increment size exceeds the maximum allowed and is decreased to 5.000000e-02

 increment 24 attempt 1 
 increment size= 5.000000e-02
 sum of previous increments=4.775574e-01
 actual step time=5.275574e-01
 actual total time=5.275574e-01

 iteration 1

 Using up to 1 cpu(s) for the stress calculation.

 Using up to 1 cpu(s) for the symmetric stiffness/mass contributions.

 Factoring the system of equations using the symmetric spooles solver
 Using up to 1 cpu(s) for spooles.

 Using up to 1 cpu(s) for the stress calculation.

 average force= 0.001348
 time avg. forc= 0.000480
 largest residual force= 0.000250 in node 2440 and dof 3
 largest increment of disp= 1.516003e-04
 largest correction to disp= 2.891531e-06 in node 6726 and dof 1

 no convergence

 iteration 2

 Using up to 1 cpu(s) for the symmetric stiffness/mass contributions.

 Factoring the system of equations using the symmetric spooles solver
 Using up to 1 cpu(s) for spooles.

 Using up to 1 cpu(s) for the stress calculation.

 average force= 0.001347
 time avg. forc= 0.000480
 largest residual force= 0.000025 in node 2630 and dof 2
 largest increment of disp= 1.516003e-04
 largest correction to disp= 1.179227e-06 in node 1976 and dof 3

 no convergence

 iteration 3

 Using up to 1 cpu(s) for the symmetric stiffness/mass contributions.

 Factoring the system of equations using the symmetric spooles solver
 Using up to 1 cpu(s) for spooles.

 Using up to 1 cpu(s) for the stress calculation.

 average force= 0.001347
 time avg. forc= 0.000480
 largest residual force= 0.000000 in node 2630 and dof 2
 largest increment of disp= 1.516003e-04
 largest correction to disp= 3.348931e-09 in node 6008 and dof 2

 convergence; the increment size is increased to 7.500000e-02

 the increment size exceeds the maximum allowed and is decreased to 5.000000e-02

 increment 25 attempt 1 
 increment size= 5.000000e-02
 sum of previous increments=5.275574e-01
 actual step time=5.775574e-01
 actual total time=5.775574e-01

 iteration 1

 Using up to 1 cpu(s) for the stress calculation.

 Using up to 1 cpu(s) for the symmetric stiffness/mass contributions.

 Factoring the system of equations using the symmetric spooles solver
 Using up to 1 cpu(s) for spooles.

 Using up to 1 cpu(s) for the stress calculation.

 average force= 0.001427
 time avg. forc= 0.000518
 largest residual force= 0.000199 in node 2440 and dof 3
 largest increment of disp= 1.515441e-04
 largest correction to disp= 2.537442e-06 in node 5298 and dof 1

 no convergence

 iteration 2

 Using up to 1 cpu(s) for the symmetric stiffness/mass contributions.

 Factoring the system of equations using the symmetric spooles solver
 Using up to 1 cpu(s) for spooles.

 Using up to 1 cpu(s) for the stress calculation.

 average force= 0.001426
 time avg. forc= 0.000518
 largest residual force= 0.000013 in node 2630 and dof 2
 largest increment of disp= 1.515441e-04
 largest correction to disp= 9.162077e-07 in node 1996 and dof 3

 no convergence

 iteration 3

 Using up to 1 cpu(s) for the symmetric stiffness/mass contributions.

 Factoring the system of equations using the symmetric spooles solver
 Using up to 1 cpu(s) for spooles.

 Using up to 1 cpu(s) for the stress calculation.

 average force= 0.001426
 time avg. forc= 0.000518
 largest residual force= 0.000000 in node 2630 and dof 2
 largest increment of disp= 1.515441e-04
 largest correction to disp= 1.778439e-09 in node 7460 and dof 2

 convergence; the increment size is increased to 7.500000e-02

 the increment size exceeds the maximum allowed and is decreased to 5.000000e-02

 Using up to 1 cpu(s) for the stress calculation.

 increment 26 attempt 1 
 increment size= 5.000000e-02
 sum of previous increments=5.775574e-01
 actual step time=6.275574e-01
 actual total time=6.275574e-01

 iteration 1

 Using up to 1 cpu(s) for the stress calculation.

 Using up to 1 cpu(s) for the symmetric stiffness/mass contributions.

 Factoring the system of equations using the symmetric spooles solver
 Using up to 1 cpu(s) for spooles.

 Using up to 1 cpu(s) for the stress calculation.

 average force= 0.001504
 time avg. forc= 0.000556
 largest residual force= 0.000163 in node 2440 and dof 3
 largest increment of disp= 1.514959e-04
 largest correction to disp= 2.260367e-06 in node 6008 and dof 2

 no convergence

 iteration 2

 Using up to 1 cpu(s) for the symmetric stiffness/mass contributions.

 Factoring the system of equations using the symmetric spooles solver
 Using up to 1 cpu(s) for spooles.

 Using up to 1 cpu(s) for the stress calculation.

 average force= 0.001503
 time avg. forc= 0.000556
 largest residual force= 0.000007 in node 2261 and dof 2
 largest increment of disp= 1.514959e-04
 largest correction to disp= 7.333509e-07 in node 1996 and dof 3

 no convergence

 iteration 3

 Using up to 1 cpu(s) for the symmetric stiffness/mass contributions.

 Factoring the system of equations using the symmetric spooles solver
 Using up to 1 cpu(s) for spooles.

 Using up to 1 cpu(s) for the stress calculation.

 average force= 0.001503
 time avg. forc= 0.000556
 largest residual force= 0.000000 in node 319 and dof 3
 largest increment of disp= 1.514959e-04
 largest correction to disp= 2.502564e-08 in node 4473 and dof 1

 convergence; the increment size is increased to 7.500000e-02

 the increment size exceeds the maximum allowed and is decreased to 5.000000e-02

 increment 27 attempt 1 
 increment size= 5.000000e-02
 sum of previous increments=6.275574e-01
 actual step time=6.775574e-01
 actual total time=6.775574e-01

 iteration 1

 Using up to 1 cpu(s) for the stress calculation.

 Using up to 1 cpu(s) for the symmetric stiffness/mass contributions.

 Factoring the system of equations using the symmetric spooles solver
 Using up to 1 cpu(s) for spooles.

 Using up to 1 cpu(s) for the stress calculation.

 average force= 0.001579
 time avg. forc= 0.000594
 largest residual force= 0.000135 in node 2440 and dof 3
 largest increment of disp= 1.514525e-04
 largest correction to disp= 1.974917e-06 in node 5288 and dof 1

 no convergence

 iteration 2

 Using up to 1 cpu(s) for the symmetric stiffness/mass contributions.

 Factoring the system of equations using the symmetric spooles solver
 Using up to 1 cpu(s) for spooles.

 Using up to 1 cpu(s) for the stress calculation.

 average force= 0.001578
 time avg. forc= 0.000594
 largest residual force= 0.000004 in node 2261 and dof 2
 largest increment of disp= 1.514525e-04
 largest correction to disp= 5.976166e-07 in node 1996 and dof 3

 no convergence

 iteration 3

 Using up to 1 cpu(s) for the symmetric stiffness/mass contributions.

 Factoring the system of equations using the symmetric spooles solver
 Using up to 1 cpu(s) for spooles.

 Using up to 1 cpu(s) for the stress calculation.

 average force= 0.001578
 time avg. forc= 0.000594
 largest residual force= 0.000000 in node 1715 and dof 2
 largest increment of disp= 1.514525e-04
 largest correction to disp= 5.939948e-09 in node 4458 and dof 2

 convergence; the increment size is increased to 7.500000e-02

 the increment size exceeds the maximum allowed and is decreased to 5.000000e-02

 increment 28 attempt 1 
 increment size= 5.000000e-02
 sum of previous increments=6.775574e-01
 actual step time=7.275574e-01
 actual total time=7.275574e-01

 iteration 1

 Using up to 1 cpu(s) for the stress calculation.

 Using up to 1 cpu(s) for the symmetric stiffness/mass contributions.

 Factoring the system of equations using the symmetric spooles solver
 Using up to 1 cpu(s) for spooles.

 Using up to 1 cpu(s) for the stress calculation.

 average force= 0.001652
 time avg. forc= 0.000632
 largest residual force= 0.000114 in node 2440 and dof 3
 largest increment of disp= 1.514121e-04
 largest correction to disp= 1.701540e-06 in node 6008 and dof 2

 no convergence

 iteration 2

 Using up to 1 cpu(s) for the symmetric stiffness/mass contributions.

 Factoring the system of equations using the symmetric spooles solver
 Using up to 1 cpu(s) for spooles.

 Using up to 1 cpu(s) for the stress calculation.

 average force= 0.001652
 time avg. forc= 0.000632
 largest residual force= 0.000002 in node 2630 and dof 2
 largest increment of disp= 1.514121e-04
 largest correction to disp= 4.942491e-07 in node 2578 and dof 3

 convergence; the increment size is increased to 7.500000e-02

 the increment size exceeds the maximum allowed and is decreased to 5.000000e-02

 increment 29 attempt 1 
 increment size= 5.000000e-02
 sum of previous increments=7.275574e-01
 actual step time=7.775574e-01
 actual total time=7.775574e-01

 iteration 1

 Using up to 1 cpu(s) for the stress calculation.

 Using up to 1 cpu(s) for the symmetric stiffness/mass contributions.

 Factoring the system of equations using the symmetric spooles solver
 Using up to 1 cpu(s) for spooles.

 Using up to 1 cpu(s) for the stress calculation.

 average force= 0.001724
 time avg. forc= 0.000669
 largest residual force= 0.000098 in node 2440 and dof 3
 largest increment of disp= 1.513741e-04
 largest correction to disp= 1.617774e-06 in node 2422 and dof 3

 no convergence

 iteration 2

 Using up to 1 cpu(s) for the symmetric stiffness/mass contributions.

 Factoring the system of equations using the symmetric spooles solver
 Using up to 1 cpu(s) for spooles.

 Using up to 1 cpu(s) for the stress calculation.

 average force= 0.001723
 time avg. forc= 0.000669
 largest residual force= 0.000001 in node 2039 and dof 1
 largest increment of disp= 1.513741e-04
 largest correction to disp= 4.140298e-07 in node 2407 and dof 3

 convergence; the increment size is increased to 7.500000e-02

 the increment size exceeds the maximum allowed and is decreased to 5.000000e-02

 increment 30 attempt 1 
 increment size= 5.000000e-02
 sum of previous increments=7.775574e-01
 actual step time=8.275574e-01
 actual total time=8.275574e-01

 iteration 1

 Using up to 1 cpu(s) for the stress calculation.

 Using up to 1 cpu(s) for the symmetric stiffness/mass contributions.

 Factoring the system of equations using the symmetric spooles solver
 Using up to 1 cpu(s) for spooles.

 Using up to 1 cpu(s) for the stress calculation.

 average force= 0.001794
 time avg. forc= 0.000707
 largest residual force= 0.000085 in node 2440 and dof 3
 largest increment of disp= 1.513378e-04
 largest correction to disp= 1.572217e-06 in node 2422 and dof 3

 no convergence

 iteration 2

 Using up to 1 cpu(s) for the symmetric stiffness/mass contributions.

 Factoring the system of equations using the symmetric spooles solver
 Using up to 1 cpu(s) for spooles.

 Using up to 1 cpu(s) for the stress calculation.

 average force= 0.001794
 time avg. forc= 0.000707
 largest residual force= 0.000000 in node 2039 and dof 1
 largest increment of disp= 1.513378e-04
 largest correction to disp= 3.494438e-07 in node 2404 and dof 3

 convergence; the increment size is increased to 7.500000e-02

 the increment size exceeds the maximum allowed and is decreased to 5.000000e-02

 Using up to 1 cpu(s) for the stress calculation.

 increment 31 attempt 1 
 increment size= 5.000000e-02
 sum of previous increments=8.275574e-01
 actual step time=8.775574e-01
 actual total time=8.775574e-01

 iteration 1

 Using up to 1 cpu(s) for the stress calculation.

 Using up to 1 cpu(s) for the symmetric stiffness/mass contributions.

 Factoring the system of equations using the symmetric spooles solver
 Using up to 1 cpu(s) for spooles.

 Using up to 1 cpu(s) for the stress calculation.

 average force= 0.001863
 time avg. forc= 0.000744
 largest residual force= 0.000075 in node 2458 and dof 3
 largest increment of disp= 1.513029e-04
 largest correction to disp= 1.537540e-06 in node 2422 and dof 3

 no convergence

 iteration 2

 Using up to 1 cpu(s) for the symmetric stiffness/mass contributions.

 Factoring the system of equations using the symmetric spooles solver
 Using up to 1 cpu(s) for spooles.

 Using up to 1 cpu(s) for the stress calculation.

 average force= 0.001863
 time avg. forc= 0.000744
 largest residual force= 0.000000 in node 2039 and dof 1
 largest increment of disp= 1.513029e-04
 largest correction to disp= 2.968990e-07 in node 2404 and dof 3

 convergence; the increment size is increased to 7.500000e-02

 the increment size exceeds the maximum allowed and is decreased to 5.000000e-02

 increment 32 attempt 1 
 increment size= 5.000000e-02
 sum of previous increments=8.775574e-01
 actual step time=9.275574e-01
 actual total time=9.275574e-01

 iteration 1

 Using up to 1 cpu(s) for the stress calculation.

 Using up to 1 cpu(s) for the symmetric stiffness/mass contributions.

 Factoring the system of equations using the symmetric spooles solver
 Using up to 1 cpu(s) for spooles.

 Using up to 1 cpu(s) for the stress calculation.

 average force= 0.001930
 time avg. forc= 0.000781
 largest residual force= 0.000068 in node 2458 and dof 3
 largest increment of disp= 1.512694e-04
 largest correction to disp= 1.511659e-06 in node 2422 and dof 3

 no convergence

 iteration 2

 Using up to 1 cpu(s) for the symmetric stiffness/mass contributions.

 Factoring the system of equations using the symmetric spooles solver
 Using up to 1 cpu(s) for spooles.

 Using up to 1 cpu(s) for the stress calculation.

 average force= 0.001930
 time avg. forc= 0.000781
 largest residual force= 0.000000 in node 2039 and dof 1
 largest increment of disp= 1.512694e-04
 largest correction to disp= 2.531271e-07 in node 2404 and dof 3

 convergence; the increment size is increased to 7.500000e-02

 the increment size exceeds the maximum allowed and is decreased to 5.000000e-02

 increment 33 attempt 1 
 increment size= 5.000000e-02
 sum of previous increments=9.275574e-01
 actual step time=9.775574e-01
 actual total time=9.775574e-01

 iteration 1

 Using up to 1 cpu(s) for the stress calculation.

 Using up to 1 cpu(s) for the symmetric stiffness/mass contributions.

 Factoring the system of equations using the symmetric spooles solver
 Using up to 1 cpu(s) for spooles.

 Using up to 1 cpu(s) for the stress calculation.

 average force= 0.001997
 time avg. forc= 0.000818
 largest residual force= 0.000062 in node 2458 and dof 3
 largest increment of disp= 1.512369e-04
 largest correction to disp= 1.492898e-06 in node 2422 and dof 3

 no convergence

 iteration 2

 Using up to 1 cpu(s) for the symmetric stiffness/mass contributions.

 Factoring the system of equations using the symmetric spooles solver
 Using up to 1 cpu(s) for spooles.

 Using up to 1 cpu(s) for the stress calculation.

 average force= 0.001997
 time avg. forc= 0.000818
 largest residual force= 0.000000 in node 2039 and dof 1
 largest increment of disp= 1.512369e-04
 largest correction to disp= 2.159541e-07 in node 2404 and dof 3

 convergence; the increment size is increased to 7.500000e-02

 the increment size exceeds the maximum allowed and is decreased to 5.000000e-02

 the increment size exceeds the remainder of the step and is decreased to 2.244263e-02

 increment 34 attempt 1 
 increment size= 2.244263e-02
 sum of previous increments=9.775574e-01
 actual step time=1.000000e+00
 actual total time=1.000000e+00

 iteration 1

 Using up to 1 cpu(s) for the stress calculation.

 Using up to 1 cpu(s) for the symmetric stiffness/mass contributions.

 Factoring the system of equations using the symmetric spooles solver
 Using up to 1 cpu(s) for spooles.

 Using up to 1 cpu(s) for the stress calculation.

 average force= 0.002027
 time avg. forc= 0.000854
 largest residual force= 0.000006 in node 2458 and dof 3
 largest increment of disp= 6.786897e-05
 largest correction to disp= 4.515641e-07 in node 2026 and dof 3

 no convergence

 iteration 2

 Using up to 1 cpu(s) for the symmetric stiffness/mass contributions.

 Factoring the system of equations using the symmetric spooles solver
 Using up to 1 cpu(s) for spooles.

 Using up to 1 cpu(s) for the stress calculation.

 average force= 0.002027
 time avg. forc= 0.000854
 largest residual force= 0.000000 in node 2039 and dof 1
 largest increment of disp= 6.786897e-05
 largest correction to disp= 2.377446e-08 in node 2404 and dof 3

 convergence; the increment size is increased to 3.366394e-02

 the increment size exceeds the remainder of the step and is decreased to 0.000000e+00

 Using up to 1 cpu(s) for the stress calculation.


 Job finished

________________________________________

Total CalculiX Time: 112.612935
________________________________________
=== on-caso-2 (CCX): ccx2paraview nao encontrado dentro do container ===
    (esperado - rode 'cd cases/on-caso-2/ccx && /tmp/ccx2pv/bin/ccx2paraview on-caso-2.frd vtu' no HOST)

=== Concluido. Arquivos de saida: ===
  on-caso-2.frd  - campos CalculiX (cgx -c se disponivel)
  on-caso-2.pvd  - ParaView Data (abre direto no ParaView)
  on-caso-2.dat  - totais RF no engaste posterior (curva F_z(Dz))
  on-caso-2.sta  - status de convergencia por incremento Riks

Analise: python3 ../../../brunaStuff/analyze_on-caso-2_ccx.py
