 Container myopenfoam-fsi-run-c7c83ed7d4ec Creating 
 Container myopenfoam-fsi-run-c7c83ed7d4ec Created 
=== on-caso-2 (CCX): polyMesh -> CalculiX .inp ===
[1/5] Lendo polyMesh em ../solid/constant/polyMesh
      nodes=3493, faces=8940, cells=2736, patches=12, zones=['on', 'pia', 'dura', 'lc', 'sclera_peri', 'sclera_ring', 'globo']
[2/5] Reconstruindo conectividade C3D8 (2736 celulas)
      OK
[3/5] Escrevendo malha em on-caso-2_mesh.inp
[4/5] Escrevendo Winkler em on-caso-2_winkler.inp
[5/5] Concluido. Total: 3493 nodes, 2736 hex C3D8I.
=== on-caso-2 (CCX): solver ccx_preCICE -i on-caso-2 ===

************************************************************

CalculiX Version 2.20, Copyright(C) 1998-2022 Guido Dhondt
CalculiX comes with ABSOLUTELY NO WARRANTY. This is free
software, and you are welcome to redistribute it under
certain conditions, see gpl.htm

************************************************************

You are using an executable made on Sun Jul 31 18:08:37 CEST 2022

  The numbers below are estimated upper bounds

  number of:

   nodes:        11950
   elements:        50264
   one-dimensional elements:            0
   two-dimensional elements:            0
   integration points per element:            8
   degrees of freedom per node:            3
   layers per element:            1

   distributed facial loads:          480
   distributed volumetric loads:            0
   concentrated loads:          373
   single point constraints:         2264
   multiple point constraints:            1
   terms in all multiple point constraints:            1
   tie constraints:            0
   dependent nodes tied by cyclic constraints:            0
   dependent nodes in pre-tension constraints:            0

   sets:          285
   terms in all sets:        13678

   materials:          257
   constants per material and temperature:            9
   temperature points per material:            1
   plastic data points per material:            0

   orientations:            1
   amplitudes:            7
   data points in all amplitudes:           10
   print requests:            8
   transformations:            0
   property cards:            0

 *INFO reading *HYPERELASTIC: nonlinear geometric
       effects are turned on

 *INFO reading *HYPERELASTIC: nonlinear geometric
       effects are turned on

 *INFO reading *HYPERELASTIC: nonlinear geometric
       effects are turned on

 *INFO reading *HYPERELASTIC: nonlinear geometric
       effects are turned on

 *INFO reading *HYPERELASTIC: nonlinear geometric
       effects are turned on

 *INFO reading *HYPERELASTIC: nonlinear geometric
       effects are turned on

 *INFO reading *STEP: nonlinear geometric
       effects are turned on

 *WARNING reading *STATIC: parameter not recognized:
          RIKS
 *WARNING reading *STATIC. Card image:
          *STATIC,RIKS


 STEP            1

 Static analysis was selected

 Nonlinear material laws are taken into account

 Newton-Raphson iterative procedure is active

 Nonlinear geometric effects are taken into account

 Decascading the MPC's

 Determining the structure of the matrix:
 Using up to 1 cpu(s) for setting up the structure of the matrix.
 number of equations
 33658
 number of nonzero lower triangular matrix elements
 944478

 increment 1 attempt 1 
 increment size= 2.500000e-02
 sum of previous increments=0.000000e+00
 actual step time=2.500000e-02
 actual total time=2.500000e-02

 iteration 1

 Using up to 1 cpu(s) for the stress calculation.

 Using up to 1 cpu(s) for the symmetric stiffness/mass contributions.

 Factoring the system of equations using the symmetric spooles solver
 Using up to 1 cpu(s) for spooles.

 Using up to 1 cpu(s) for the stress calculation.

 average force= 0.000040
 time avg. forc= 0.000040
 largest residual force= 0.000542 in node 1627 and dof 1
 largest increment of disp= 4.928480e-05
 largest correction to disp= 4.928480e-05 in node 3156 and dof 3

 no convergence

 iteration 2

 Using up to 1 cpu(s) for the symmetric stiffness/mass contributions.

 Factoring the system of equations using the symmetric spooles solver
 Using up to 1 cpu(s) for spooles.

 Using up to 1 cpu(s) for the stress calculation.

 average force= 0.000038
 time avg. forc= 0.000038
 largest residual force= 0.000007 in node 1655 and dof 1
 largest increment of disp= 4.928480e-05
 largest correction to disp= 3.969136e-06 in node 2081 and dof 3

 no convergence

 iteration 3

 Using up to 1 cpu(s) for the symmetric stiffness/mass contributions.

 Factoring the system of equations using the symmetric spooles solver
 Using up to 1 cpu(s) for spooles.

 Using up to 1 cpu(s) for the stress calculation.

 average force= 0.000038
 time avg. forc= 0.000038
 largest residual force= 0.000000 in node 1655 and dof 1
 largest increment of disp= 4.928480e-05
 largest correction to disp= 7.706055e-09 in node 7835 and dof 1

 convergence

 increment 2 attempt 1 
 increment size= 2.500000e-02
 sum of previous increments=2.500000e-02
 actual step time=5.000000e-02
 actual total time=5.000000e-02

 iteration 1

 Using up to 1 cpu(s) for the stress calculation.

 Using up to 1 cpu(s) for the symmetric stiffness/mass contributions.

 Factoring the system of equations using the symmetric spooles solver
 Using up to 1 cpu(s) for spooles.

 Using up to 1 cpu(s) for the stress calculation.

 average force= 0.000078
 time avg. forc= 0.000058
 largest residual force= 0.000057 in node 1648 and dof 1
 largest increment of disp= 4.546394e-05
 largest correction to disp= 1.264161e-06 in node 7820 and dof 1

 no convergence

 iteration 2

 Using up to 1 cpu(s) for the symmetric stiffness/mass contributions.

 Factoring the system of equations using the symmetric spooles solver
 Using up to 1 cpu(s) for spooles.

 Using up to 1 cpu(s) for the stress calculation.

 average force= 0.000078
 time avg. forc= 0.000058
 largest residual force= 0.000000 in node 1634 and dof 1
 largest increment of disp= 4.546394e-05
 largest correction to disp= 2.417153e-08 in node 7784 and dof 1

 convergence; the increment size is increased to 3.750000e-02

 increment 3 attempt 1 
 increment size= 3.750000e-02
 sum of previous increments=5.000000e-02
 actual step time=8.750000e-02
 actual total time=8.750000e-02

 iteration 1

 Using up to 1 cpu(s) for the stress calculation.

 Using up to 1 cpu(s) for the symmetric stiffness/mass contributions.

 Factoring the system of equations using the symmetric spooles solver
 Using up to 1 cpu(s) for spooles.

 Using up to 1 cpu(s) for the stress calculation.

 average force= 0.000142
 time avg. forc= 0.000086
 largest residual force= 0.001123 in node 1648 and dof 1
 largest increment of disp= 6.823273e-05
 largest correction to disp= 5.529468e-06 in node 7838 and dof 1

 no convergence

 iteration 2

 Using up to 1 cpu(s) for the symmetric stiffness/mass contributions.

 Factoring the system of equations using the symmetric spooles solver
 Using up to 1 cpu(s) for spooles.

 Using up to 1 cpu(s) for the stress calculation.

 average force= 0.000142
 time avg. forc= 0.000086
 largest residual force= 0.000021 in node 1641 and dof 1
 largest increment of disp= 6.823273e-05
 largest correction to disp= 7.598273e-07 in node 7817 and dof 1

 no convergence

 iteration 3

 Using up to 1 cpu(s) for the symmetric stiffness/mass contributions.

 Factoring the system of equations using the symmetric spooles solver
 Using up to 1 cpu(s) for spooles.

 Using up to 1 cpu(s) for the stress calculation.

 average force= 0.000142
 time avg. forc= 0.000086
 largest residual force= 0.000000 in node 1648 and dof 1
 largest increment of disp= 6.823273e-05
 largest correction to disp= 8.717848e-08 in node 7838 and dof 1

 convergence; the increment size is increased to 5.625000e-02

 the increment size exceeds the maximum allowed and is decreased to 5.000000e-02

 increment 4 attempt 1 
 increment size= 5.000000e-02
 sum of previous increments=8.750000e-02
 actual step time=1.375000e-01
 actual total time=1.375000e-01

 iteration 1

 Using up to 1 cpu(s) for the stress calculation.

 Using up to 1 cpu(s) for the symmetric stiffness/mass contributions.

 Factoring the system of equations using the symmetric spooles solver
 Using up to 1 cpu(s) for spooles.

 Using up to 1 cpu(s) for the stress calculation.

 average force= 0.000345
 time avg. forc= 0.000151
 largest residual force= 0.035324 in node 1789 and dof 1
 largest increment of disp= 9.149089e-05
 largest correction to disp= 3.117454e-05 in node 8195 and dof 1

 no convergence

 iteration 2

 Using up to 1 cpu(s) for the symmetric stiffness/mass contributions.

 Factoring the system of equations using the symmetric spooles solver
 Using up to 1 cpu(s) for spooles.

 Using up to 1 cpu(s) for the stress calculation.

 average force= 0.000258
 time avg. forc= 0.000129
 largest residual force= 0.008500 in node 1648 and dof 1
 largest increment of disp= 9.149089e-05
 largest correction to disp= 1.530300e-05 in node 7820 and dof 1

 no convergence

 iteration 3

 Using up to 1 cpu(s) for the symmetric stiffness/mass contributions.

 Factoring the system of equations using the symmetric spooles solver
 Using up to 1 cpu(s) for spooles.

 Using up to 1 cpu(s) for the stress calculation.

 average force= 0.000271
 time avg. forc= 0.000132
 largest residual force= 0.006603 in node 1844 and dof 2
 largest increment of disp= 9.149089e-05
 largest correction to disp= 1.338370e-05 in node 8381 and dof 2

 no convergence

 iteration 4

 Using up to 1 cpu(s) for the symmetric stiffness/mass contributions.

 Factoring the system of equations using the symmetric spooles solver
 Using up to 1 cpu(s) for spooles.

 Using up to 1 cpu(s) for the stress calculation.

 average force= 0.000262
 time avg. forc= 0.000130
 largest residual force= 0.000860 in node 1648 and dof 1
 largest increment of disp= 9.149089e-05
 largest correction to disp= 4.835871e-06 in node 7838 and dof 1

 no convergence

 iteration 5

 Using up to 1 cpu(s) for the symmetric stiffness/mass contributions.

 Factoring the system of equations using the symmetric spooles solver
 Using up to 1 cpu(s) for spooles.

 Using up to 1 cpu(s) for the stress calculation.

 average force= 0.000263
 time avg. forc= 0.000130
 largest residual force= 0.000254 in node 1648 and dof 1
 largest increment of disp= 9.149089e-05
 largest correction to disp= 2.657623e-06 in node 7838 and dof 1

 no convergence

 iteration 6

 Using up to 1 cpu(s) for the symmetric stiffness/mass contributions.

 Factoring the system of equations using the symmetric spooles solver
 Using up to 1 cpu(s) for spooles.

 Using up to 1 cpu(s) for the stress calculation.

 average force= 0.000263
 time avg. forc= 0.000130
 largest residual force= 0.000000 in node 1648 and dof 1
 largest increment of disp= 9.149089e-05
 largest correction to disp= 8.360263e-08 in node 7835 and dof 1

 convergence

 increment 5 attempt 1 
 increment size= 5.000000e-02
 sum of previous increments=1.375000e-01
 actual step time=1.875000e-01
 actual total time=1.875000e-01

 iteration 1

 Using up to 1 cpu(s) for the stress calculation.

 Using up to 1 cpu(s) for the symmetric stiffness/mass contributions.

 Factoring the system of equations using the symmetric spooles solver
 Using up to 1 cpu(s) for spooles.

 Using up to 1 cpu(s) for the stress calculation.

 average force= 0.000438
 time avg. forc= 0.000192
 largest residual force= 0.032311 in node 2039 and dof 1
 largest increment of disp= 9.579741e-05
 largest correction to disp= 3.443961e-05 in node 5976 and dof 2

 no convergence

 iteration 2

 Using up to 1 cpu(s) for the symmetric stiffness/mass contributions.

 Factoring the system of equations using the symmetric spooles solver
 Using up to 1 cpu(s) for spooles.

 Using up to 1 cpu(s) for the stress calculation.

 average force= 0.001106
 time avg. forc= 0.000325
 largest residual force= 0.423664 in node 1783 and dof 1
 largest increment of disp= 1.082032e-04
 largest correction to disp= 1.082032e-04 in node 8180 and dof 1

 no convergence

 iteration 3

 Using up to 1 cpu(s) for the symmetric stiffness/mass contributions.

 Factoring the system of equations using the symmetric spooles solver
 Using up to 1 cpu(s) for spooles.

 Using up to 1 cpu(s) for the stress calculation.

 average force= 0.000475
 time avg. forc= 0.000199
 largest residual force= 0.001704 in node 2459 and dof 1
 largest increment of disp= 1.082032e-04
 largest correction to disp= 2.233001e-05 in node 5976 and dof 2

 no convergence

 iteration 4

 Using up to 1 cpu(s) for the symmetric stiffness/mass contributions.

 Factoring the system of equations using the symmetric spooles solver
 Using up to 1 cpu(s) for spooles.

 Using up to 1 cpu(s) for the stress calculation.

 average force= 0.000513
 time avg. forc= 0.000207
 largest residual force= 0.048487 in node 1777 and dof 1
 largest increment of disp= 1.082032e-04
 largest correction to disp= 3.644983e-05 in node 8180 and dof 1

 no convergence

 iteration 5

 Using up to 1 cpu(s) for the symmetric stiffness/mass contributions.

 Factoring the system of equations using the symmetric spooles solver
 Using up to 1 cpu(s) for spooles.

 Using up to 1 cpu(s) for the stress calculation.

 average force= 0.000459
 time avg. forc= 0.000196
 largest residual force= 0.001107 in node 1783 and dof 1
 largest increment of disp= 1.082032e-04
 largest correction to disp= 5.531481e-06 in node 8180 and dof 1

 no convergence

 iteration 6

 Using up to 1 cpu(s) for the symmetric stiffness/mass contributions.

 Factoring the system of equations using the symmetric spooles solver
 Using up to 1 cpu(s) for spooles.

 Using up to 1 cpu(s) for the stress calculation.

 average force= 0.000456
 time avg. forc= 0.000195
 largest residual force= 0.004900 in node 1777 and dof 1
 largest increment of disp= 1.082032e-04
 largest correction to disp= 1.154411e-05 in node 8180 and dof 1

 no convergence

 iteration 7

 Using up to 1 cpu(s) for the symmetric stiffness/mass contributions.

 Factoring the system of equations using the symmetric spooles solver
 Using up to 1 cpu(s) for spooles.

 Using up to 1 cpu(s) for the stress calculation.

 average force= 0.000454
 time avg. forc= 0.000195
 largest residual force= 0.000086 in node 1777 and dof 1
 largest increment of disp= 1.082032e-04
 largest correction to disp= 1.537834e-06 in node 8177 and dof 1

 no convergence

 iteration 8

 Using up to 1 cpu(s) for the symmetric stiffness/mass contributions.

 Factoring the system of equations using the symmetric spooles solver
 Using up to 1 cpu(s) for spooles.

 Using up to 1 cpu(s) for the stress calculation.

 average force= 0.000454
 time avg. forc= 0.000195
 largest residual force= 0.000005 in node 1777 and dof 1
 largest increment of disp= 1.082032e-04
 largest correction to disp= 3.713957e-07 in node 8180 and dof 1

 estimated number of iterations till convergence = 9
 no convergence

 iteration 9

 Using up to 1 cpu(s) for the symmetric stiffness/mass contributions.

 Factoring the system of equations using the symmetric spooles solver
 Using up to 1 cpu(s) for spooles.

 Using up to 1 cpu(s) for the stress calculation.

 average force= 0.000454
 time avg. forc= 0.000195
 largest residual force= 0.000000 in node 1777 and dof 1
 largest increment of disp= 1.082032e-04
 largest correction to disp= 2.419033e-09 in node 8177 and dof 1

 convergence

 Using up to 1 cpu(s) for the stress calculation.

 increment 6 attempt 1 
 increment size= 5.000000e-02
 sum of previous increments=1.875000e-01
 actual step time=2.375000e-01
 actual total time=2.375000e-01

 iteration 1

 Using up to 1 cpu(s) for the stress calculation.

 Using up to 1 cpu(s) for the symmetric stiffness/mass contributions.

 Factoring the system of equations using the symmetric spooles solver
 Using up to 1 cpu(s) for spooles.

 Using up to 1 cpu(s) for the stress calculation.

 average force= 0.000629
 time avg. forc= 0.000267
 largest residual force= 0.010367 in node 2261 and dof 2
 largest increment of disp= 1.088652e-04
 largest correction to disp= 1.457673e-05 in node 9086 and dof 2

 no convergence

 iteration 2

 Using up to 1 cpu(s) for the symmetric stiffness/mass contributions.

 Factoring the system of equations using the symmetric spooles solver
 Using up to 1 cpu(s) for spooles.

 Using up to 1 cpu(s) for the stress calculation.

 average force= 0.000664
 time avg. forc= 0.000273
 largest residual force= 0.022085 in node 2037 and dof 1
 largest increment of disp= 1.088652e-04
 largest correction to disp= 2.278335e-05 in node 8688 and dof 1

 no convergence

 iteration 3

 Using up to 1 cpu(s) for the symmetric stiffness/mass contributions.

 Factoring the system of equations using the symmetric spooles solver
 Using up to 1 cpu(s) for spooles.

 Using up to 1 cpu(s) for the stress calculation.

 average force= 0.000638
 time avg. forc= 0.000269
 largest residual force= 0.001434 in node 2015 and dof 1
 largest increment of disp= 1.088652e-04
 largest correction to disp= 4.998426e-06 in node 8726 and dof 1

 no convergence

 iteration 4

 Using up to 1 cpu(s) for the symmetric stiffness/mass contributions.

 Factoring the system of equations using the symmetric spooles solver
 Using up to 1 cpu(s) for spooles.

 Using up to 1 cpu(s) for the stress calculation.

 average force= 0.000674
 time avg. forc= 0.000275
 largest residual force= 0.010229 in node 2595 and dof 2
 largest increment of disp= 1.088652e-04
 largest correction to disp= 4.830701e-06 in node 2188 and dof 2

 no convergence

 iteration 5

 Using up to 1 cpu(s) for the symmetric stiffness/mass contributions.

 Factoring the system of equations using the symmetric spooles solver
 Using up to 1 cpu(s) for spooles.

 Using up to 1 cpu(s) for the stress calculation.

 average force= 0.000820
 time avg. forc= 0.000299
 largest residual force= 0.010271 in node 2013 and dof 1
 largest increment of disp= 1.088652e-04
 largest correction to disp= 3.928987e-06 in node 2017 and dof 1

 divergence; the increment size is decreased to 1.250000e-02
 the increment is reattempted

 increment 6 attempt 2 
 increment size= 1.250000e-02
 sum of previous increments=1.875000e-01
 actual step time=2.000000e-01
 actual total time=2.000000e-01

 iteration 1

 Using up to 1 cpu(s) for the stress calculation.

 Using up to 1 cpu(s) for the symmetric stiffness/mass contributions.

 Factoring the system of equations using the symmetric spooles solver
 Using up to 1 cpu(s) for spooles.

 Using up to 1 cpu(s) for the stress calculation.

 average force= 0.000496
 time avg. forc= 0.000245
 largest residual force= 0.003137 in node 2459 and dof 1
 largest increment of disp= 2.721629e-05
 largest correction to disp= 8.209100e-06 in node 9452 and dof 1

 no convergence

 iteration 2

 Using up to 1 cpu(s) for the symmetric stiffness/mass contributions.

 Factoring the system of equations using the symmetric spooles solver
 Using up to 1 cpu(s) for spooles.

 Using up to 1 cpu(s) for the stress calculation.

 average force= 0.000492
 time avg. forc= 0.000245
 largest residual force= 0.004639 in node 2060 and dof 1
 largest increment of disp= 2.721629e-05
 largest correction to disp= 9.993395e-06 in node 8694 and dof 1

 no convergence

 iteration 3

 Using up to 1 cpu(s) for the symmetric stiffness/mass contributions.

 Factoring the system of equations using the symmetric spooles solver
 Using up to 1 cpu(s) for spooles.

 Using up to 1 cpu(s) for the stress calculation.

 average force= 0.000542
 time avg. forc= 0.000253
 largest residual force= 0.039800 in node 2441 and dof 1
 largest increment of disp= 2.889554e-05
 largest correction to disp= 2.889554e-05 in node 9410 and dof 1

 no convergence

 iteration 4

 Using up to 1 cpu(s) for the symmetric stiffness/mass contributions.

 Factoring the system of equations using the symmetric spooles solver
 Using up to 1 cpu(s) for spooles.

 Using up to 1 cpu(s) for the stress calculation.

 average force= 0.000515
 time avg. forc= 0.000248
 largest residual force= 0.001210 in node 1977 and dof 1
 largest increment of disp= 2.889554e-05
 largest correction to disp= 3.782567e-06 in node 8616 and dof 1

 no convergence

 iteration 5

 Using up to 1 cpu(s) for the symmetric stiffness/mass contributions.

 Factoring the system of equations using the symmetric spooles solver
 Using up to 1 cpu(s) for spooles.

 Using up to 1 cpu(s) for the stress calculation.

 average force= 0.000626
 time avg. forc= 0.000267
 largest residual force= 0.085057 in node 2459 and dof 1
 largest increment of disp= 4.229247e-05
 largest correction to disp= 4.229247e-05 in node 9446 and dof 1

 no convergence

 iteration 6

 Using up to 1 cpu(s) for the symmetric stiffness/mass contributions.

 Factoring the system of equations using the symmetric spooles solver
 Using up to 1 cpu(s) for spooles.

 Using up to 1 cpu(s) for the stress calculation.

 average force= 0.000792
 time avg. forc= 0.000295
 largest residual force= 0.044991 in node 2399 and dof 1
 largest increment of disp= 4.229247e-05
 largest correction to disp= 1.014419e-05 in node 2460 and dof 1

 divergence; the increment size is decreased to 3.125000e-03
 the increment is reattempted

 increment 6 attempt 3 
 increment size= 3.125000e-03
 sum of previous increments=1.875000e-01
 actual step time=1.906250e-01
 actual total time=1.906250e-01

 iteration 1

 Using up to 1 cpu(s) for the stress calculation.

 Using up to 1 cpu(s) for the symmetric stiffness/mass contributions.

 Factoring the system of equations using the symmetric spooles solver
 Using up to 1 cpu(s) for spooles.

 Using up to 1 cpu(s) for the stress calculation.

 average force= 0.000463
 time avg. forc= 0.000240
 largest residual force= 0.000488 in node 2060 and dof 1
 largest increment of disp= 6.804073e-06
 largest correction to disp= 3.170342e-06 in node 8762 and dof 1

 no convergence

 iteration 2

 Using up to 1 cpu(s) for the symmetric stiffness/mass contributions.

 Factoring the system of equations using the symmetric spooles solver
 Using up to 1 cpu(s) for spooles.

 Using up to 1 cpu(s) for the stress calculation.

 average force= 0.000463
 time avg. forc= 0.000240
 largest residual force= 0.000055 in node 2453 and dof 1
 largest increment of disp= 6.804073e-06
 largest correction to disp= 8.986497e-07 in node 9480 and dof 1

 no convergence

 iteration 3

 Using up to 1 cpu(s) for the symmetric stiffness/mass contributions.

 Factoring the system of equations using the symmetric spooles solver
 Using up to 1 cpu(s) for spooles.

 Using up to 1 cpu(s) for the stress calculation.

 average force= 0.000462
 time avg. forc= 0.000240
 largest residual force= 0.000004 in node 2021 and dof 1
 largest increment of disp= 6.804073e-06
 largest correction to disp= 1.656367e-07 in node 2017 and dof 1

 no convergence

 iteration 4

 Using up to 1 cpu(s) for the symmetric stiffness/mass contributions.

 Factoring the system of equations using the symmetric spooles solver
 Using up to 1 cpu(s) for spooles.

 Using up to 1 cpu(s) for the stress calculation.

 average force= 0.000462
 time avg. forc= 0.000240
 largest residual force= 0.000000 in node 2021 and dof 1
 largest increment of disp= 6.804073e-06
 largest correction to disp= 1.764608e-08 in node 2017 and dof 1

 convergence

 increment 7 attempt 1 
 increment size= 3.125000e-03
 sum of previous increments=1.906250e-01
 actual step time=1.937500e-01
 actual total time=1.937500e-01

 iteration 1

 Using up to 1 cpu(s) for the stress calculation.

 Using up to 1 cpu(s) for the symmetric stiffness/mass contributions.

 Factoring the system of equations using the symmetric spooles solver
 Using up to 1 cpu(s) for spooles.

 Using up to 1 cpu(s) for the stress calculation.

 average force= 0.000471
 time avg. forc= 0.000273
 largest residual force= 0.000034 in node 2060 and dof 1
 largest increment of disp= 6.940814e-06
 largest correction to disp= 8.430160e-07 in node 8768 and dof 1

 no convergence

 iteration 2

 Using up to 1 cpu(s) for the symmetric stiffness/mass contributions.

 Factoring the system of equations using the symmetric spooles solver
 Using up to 1 cpu(s) for spooles.

 Using up to 1 cpu(s) for the stress calculation.

 average force= 0.000471
 time avg. forc= 0.000273
 largest residual force= 0.000000 in node 2405 and dof 1
 largest increment of disp= 6.940814e-06
 largest correction to disp= 4.070650e-08 in node 9486 and dof 1

 convergence; the increment size is increased to 4.687500e-03

 increment 8 attempt 1 
 increment size= 4.687500e-03
 sum of previous increments=1.937500e-01
 actual step time=1.984375e-01
 actual total time=1.984375e-01

 iteration 1

 Using up to 1 cpu(s) for the stress calculation.

 Using up to 1 cpu(s) for the symmetric stiffness/mass contributions.

 Factoring the system of equations using the symmetric spooles solver
 Using up to 1 cpu(s) for spooles.

 Using up to 1 cpu(s) for the stress calculation.

 average force= 0.000488
 time avg. forc= 0.000300
 largest residual force= 0.000410 in node 2060 and dof 1
 largest increment of disp= 1.053138e-05
 largest correction to disp= 2.914401e-06 in node 8762 and dof 1

 no convergence

 iteration 2

 Using up to 1 cpu(s) for the symmetric stiffness/mass contributions.

 Factoring the system of equations using the symmetric spooles solver
 Using up to 1 cpu(s) for spooles.

 Using up to 1 cpu(s) for the stress calculation.

 average force= 0.000487
 time avg. forc= 0.000300
 largest residual force= 0.000015 in node 2405 and dof 1
 largest increment of disp= 1.053138e-05
 largest correction to disp= 5.602622e-07 in node 9480 and dof 1

 no convergence

 iteration 3

 Using up to 1 cpu(s) for the symmetric stiffness/mass contributions.

 Factoring the system of equations using the symmetric spooles solver
 Using up to 1 cpu(s) for spooles.

 Using up to 1 cpu(s) for the stress calculation.

 average force= 0.000488
 time avg. forc= 0.000300
 largest residual force= 0.000000 in node 2405 and dof 1
 largest increment of disp= 1.053138e-05
 largest correction to disp= 7.640663e-08 in node 9486 and dof 1

 convergence; the increment size is increased to 7.031250e-03

 increment 9 attempt 1 
 increment size= 7.031250e-03
 sum of previous increments=1.984375e-01
 actual step time=2.054687e-01
 actual total time=2.054687e-01

 iteration 1

 Using up to 1 cpu(s) for the stress calculation.

 Using up to 1 cpu(s) for the symmetric stiffness/mass contributions.

 Factoring the system of equations using the symmetric spooles solver
 Using up to 1 cpu(s) for spooles.

 Using up to 1 cpu(s) for the stress calculation.

 average force= 0.000548
 time avg. forc= 0.000327
 largest residual force= 0.009662 in node 2459 and dof 1
 largest increment of disp= 1.600553e-05
 largest correction to disp= 1.369438e-05 in node 9482 and dof 1

 no convergence

 iteration 2

 Using up to 1 cpu(s) for the symmetric stiffness/mass contributions.

 Factoring the system of equations using the symmetric spooles solver
 Using up to 1 cpu(s) for spooles.

 Using up to 1 cpu(s) for the stress calculation.

 average force= 0.000748
 time avg. forc= 0.000349
 largest residual force= 0.015749 in node 2264 and dof 2
 largest increment of disp= 1.600553e-05
 largest correction to disp= 9.571872e-06 in node 2629 and dof 2

 no convergence

 iteration 3

 Using up to 1 cpu(s) for the symmetric stiffness/mass contributions.

 Factoring the system of equations using the symmetric spooles solver
 Using up to 1 cpu(s) for spooles.

 Using up to 1 cpu(s) for the stress calculation.

 average force= 0.004533
 time avg. forc= 0.000770
 largest residual force= 2.116464 in node 9356 and dof 1
 largest increment of disp= 6.911843e-05
 largest correction to disp= 6.911843e-05 in node 2059 and dof 1

 no convergence

 iteration 4

 Using up to 1 cpu(s) for the symmetric stiffness/mass contributions.

 Factoring the system of equations using the symmetric spooles solver
 Using up to 1 cpu(s) for spooles.

 Using up to 1 cpu(s) for the stress calculation.

 average force= 1.115138
 time avg. forc= 0.124170
 largest residual force= 2883.821711 in node 9183 and dof 2
 largest increment of disp= 1.079545e-03
 largest correction to disp= 1.079545e-03 in node 9258 and dof 1

 divergence; the increment size is decreased to 1.757813e-03
 the increment is reattempted

 increment 9 attempt 2 
 increment size= 1.757813e-03
 sum of previous increments=1.984375e-01
 actual step time=2.001953e-01
 actual total time=2.001953e-01

 iteration 1

 Using up to 1 cpu(s) for the stress calculation.

 Using up to 1 cpu(s) for the symmetric stiffness/mass contributions.

 Factoring the system of equations using the symmetric spooles solver
 Using up to 1 cpu(s) for spooles.

 Using up to 1 cpu(s) for the stress calculation.

 average force= 0.000496
 time avg. forc= 0.000321
 largest residual force= 0.000472 in node 2060 and dof 1
 largest increment of disp= 4.001382e-06
 largest correction to disp= 3.128858e-06 in node 8768 and dof 1

 no convergence

 iteration 2

 Using up to 1 cpu(s) for the symmetric stiffness/mass contributions.

 Factoring the system of equations using the symmetric spooles solver
 Using up to 1 cpu(s) for spooles.

 Using up to 1 cpu(s) for the stress calculation.

 average force= 0.000495
 time avg. forc= 0.000321
 largest residual force= 0.000043 in node 2405 and dof 1
 largest increment of disp= 4.001382e-06
 largest correction to disp= 9.558831e-07 in node 9480 and dof 1

 no convergence

 iteration 3

 Using up to 1 cpu(s) for the symmetric stiffness/mass contributions.

 Factoring the system of equations using the symmetric spooles solver
 Using up to 1 cpu(s) for spooles.

 Using up to 1 cpu(s) for the stress calculation.

 average force= 0.000495
 time avg. forc= 0.000321
 largest residual force= 0.000005 in node 2405 and dof 1
 largest increment of disp= 4.001382e-06
 largest correction to disp= 3.285911e-07 in node 9480 and dof 1

 no convergence

 iteration 4

 Using up to 1 cpu(s) for the symmetric stiffness/mass contributions.

 Factoring the system of equations using the symmetric spooles solver
 Using up to 1 cpu(s) for spooles.

 Using up to 1 cpu(s) for the stress calculation.

 average force= 0.000495
 time avg. forc= 0.000321
 largest residual force= 0.000000 in node 2057 and dof 1
 largest increment of disp= 4.001382e-06
 largest correction to disp= 2.050333e-08 in node 9480 and dof 1

 convergence

 increment 10 attempt 1 
 increment size= 1.757813e-03
 sum of previous increments=2.001953e-01
 actual step time=2.019531e-01
 actual total time=2.019531e-01

 iteration 1

 Using up to 1 cpu(s) for the stress calculation.

 Using up to 1 cpu(s) for the symmetric stiffness/mass contributions.

 Factoring the system of equations using the symmetric spooles solver
 Using up to 1 cpu(s) for spooles.

 Using up to 1 cpu(s) for the stress calculation.

 average force= 0.000498
 time avg. forc= 0.000339
 largest residual force= 0.003559 in node 2405 and dof 1
 largest increment of disp= 8.516885e-06
 largest correction to disp= 8.516885e-06 in node 9486 and dof 1

 no convergence

 iteration 2

 Using up to 1 cpu(s) for the symmetric stiffness/mass contributions.

 Factoring the system of equations using the symmetric spooles solver
 Using up to 1 cpu(s) for spooles.

 Using up to 1 cpu(s) for the stress calculation.

 average force= 0.000497
 time avg. forc= 0.000339
 largest residual force= 0.001637 in node 2405 and dof 1
 largest increment of disp= 8.516885e-06
 largest correction to disp= 5.592229e-06 in node 9486 and dof 1

 no convergence

 iteration 3

 Using up to 1 cpu(s) for the symmetric stiffness/mass contributions.

 Factoring the system of equations using the symmetric spooles solver
 Using up to 1 cpu(s) for spooles.

 Using up to 1 cpu(s) for the stress calculation.

 average force= 0.000986
 time avg. forc= 0.000388
 largest residual force= 0.103614 in node 2459 and dof 1
 largest increment of disp= 4.218373e-05
 largest correction to disp= 4.218373e-05 in node 9488 and dof 1

 no convergence

 iteration 4

 Using up to 1 cpu(s) for the symmetric stiffness/mass contributions.

 Factoring the system of equations using the symmetric spooles solver
 Using up to 1 cpu(s) for spooles.

 Using up to 1 cpu(s) for the stress calculation.

 average force= 0.003595
 time avg. forc= 0.000649
 largest residual force= 1.432030 in node 8967 and dof 2
 largest increment of disp= 6.774010e-05
 largest correction to disp= 6.774010e-05 in node 2224 and dof 2

 divergence; the increment size is decreased to 4.394531e-04
 the increment is reattempted

 increment 10 attempt 2 
 increment size= 4.394531e-04
 sum of previous increments=2.001953e-01
 actual step time=2.006348e-01
 actual total time=2.006348e-01

 iteration 1

 Using up to 1 cpu(s) for the stress calculation.

 Using up to 1 cpu(s) for the symmetric stiffness/mass contributions.

 Factoring the system of equations using the symmetric spooles solver
 Using up to 1 cpu(s) for spooles.

 Using up to 1 cpu(s) for the stress calculation.

 average force= 0.000498
 time avg. forc= 0.000339
 largest residual force= 0.000049 in node 2423 and dof 1
 largest increment of disp= 1.047492e-06
 largest correction to disp= 1.024276e-06 in node 9480 and dof 1

 no convergence

 iteration 2

 Using up to 1 cpu(s) for the symmetric stiffness/mass contributions.

 Factoring the system of equations using the symmetric spooles solver
 Using up to 1 cpu(s) for spooles.

 Using up to 1 cpu(s) for the stress calculation.

 average force= 0.000498
 time avg. forc= 0.000339
 largest residual force= 0.000002 in node 2405 and dof 1
 largest increment of disp= 1.047492e-06
 largest correction to disp= 1.977810e-07 in node 9480 and dof 1

 no convergence

 iteration 3

 Using up to 1 cpu(s) for the symmetric stiffness/mass contributions.

 Factoring the system of equations using the symmetric spooles solver
 Using up to 1 cpu(s) for spooles.

 Using up to 1 cpu(s) for the stress calculation.

 average force= 0.000498
 time avg. forc= 0.000339
 largest residual force= 0.000000 in node 2420 and dof 1
 largest increment of disp= 1.047492e-06
 largest correction to disp= 1.977720e-08 in node 9480 and dof 1

 convergence

 Using up to 1 cpu(s) for the stress calculation.

 increment 11 attempt 1 
 increment size= 4.394531e-04
 sum of previous increments=2.006348e-01
 actual step time=2.010742e-01
 actual total time=2.010742e-01

 iteration 1

 Using up to 1 cpu(s) for the stress calculation.

 Using up to 1 cpu(s) for the symmetric stiffness/mass contributions.

 Factoring the system of equations using the symmetric spooles solver
 Using up to 1 cpu(s) for spooles.

 Using up to 1 cpu(s) for the stress calculation.

 average force= 0.000503
 time avg. forc= 0.000354
 largest residual force= 0.000095 in node 2405 and dof 1
 largest increment of disp= 1.893763e-06
 largest correction to disp= 1.414574e-06 in node 9480 and dof 1

 no convergence

 iteration 2

 Using up to 1 cpu(s) for the symmetric stiffness/mass contributions.

 Factoring the system of equations using the symmetric spooles solver
 Using up to 1 cpu(s) for spooles.

 Using up to 1 cpu(s) for the stress calculation.

 average force= 0.000502
 time avg. forc= 0.000354
 largest residual force= 0.000018 in node 2405 and dof 1
 largest increment of disp= 1.893763e-06
 largest correction to disp= 5.993958e-07 in node 9480 and dof 1

 no convergence

 iteration 3

 Using up to 1 cpu(s) for the symmetric stiffness/mass contributions.

 Factoring the system of equations using the symmetric spooles solver
 Using up to 1 cpu(s) for spooles.

 Using up to 1 cpu(s) for the stress calculation.

 average force= 0.000502
 time avg. forc= 0.000354
 largest residual force= 0.000001 in node 2405 and dof 1
 largest increment of disp= 1.893763e-06
 largest correction to disp= 1.425578e-07 in node 9486 and dof 1

 convergence; the increment size is increased to 6.591797e-04

 increment 12 attempt 1 
 increment size= 6.591797e-04
 sum of previous increments=2.010742e-01
 actual step time=2.017334e-01
 actual total time=2.017334e-01

 iteration 1

 Using up to 1 cpu(s) for the stress calculation.

 Using up to 1 cpu(s) for the symmetric stiffness/mass contributions.

 Factoring the system of equations using the symmetric spooles solver
 Using up to 1 cpu(s) for spooles.

 Using up to 1 cpu(s) for the stress calculation.

 average force= 0.000505
 time avg. forc= 0.000366
 largest residual force= 0.000345 in node 2405 and dof 1
 largest increment of disp= 4.277249e-06
 largest correction to disp= 2.654624e-06 in node 9486 and dof 1

 no convergence

 iteration 2

 Using up to 1 cpu(s) for the symmetric stiffness/mass contributions.

 Factoring the system of equations using the symmetric spooles solver
 Using up to 1 cpu(s) for spooles.

 Using up to 1 cpu(s) for the stress calculation.

 average force= 0.000833
 time avg. forc= 0.000394
 largest residual force= 0.069614 in node 2405 and dof 1
 largest increment of disp= 3.776103e-05
 largest correction to disp= 3.776103e-05 in node 9480 and dof 1

 no convergence

 iteration 3

 Using up to 1 cpu(s) for the symmetric stiffness/mass contributions.

 Factoring the system of equations using the symmetric spooles solver
 Using up to 1 cpu(s) for spooles.

 Using up to 1 cpu(s) for the stress calculation.

 average force= 0.000762
 time avg. forc= 0.000388
 largest residual force= 0.004641 in node 9356 and dof 1
 largest increment of disp= 3.776103e-05
 largest correction to disp= 6.587695e-06 in node 8688 and dof 1

 no convergence

 iteration 4

 Using up to 1 cpu(s) for the symmetric stiffness/mass contributions.

 Factoring the system of equations using the symmetric spooles solver
 Using up to 1 cpu(s) for spooles.

 Using up to 1 cpu(s) for the stress calculation.

 average force= 0.000689
 time avg. forc= 0.000382
 largest residual force= 0.013624 in node 2039 and dof 1
 largest increment of disp= 3.776103e-05
 largest correction to disp= 1.418527e-05 in node 8732 and dof 1

 no convergence

 iteration 5

 Using up to 1 cpu(s) for the symmetric stiffness/mass contributions.

 Factoring the system of equations using the symmetric spooles solver
 Using up to 1 cpu(s) for spooles.

 Using up to 1 cpu(s) for the stress calculation.

 average force= 0.000619
 time avg. forc= 0.000376
 largest residual force= 0.003995 in node 1988 and dof 1
 largest increment of disp= 3.776103e-05
 largest correction to disp= 6.180331e-06 in node 9450 and dof 1

 no convergence

 iteration 6

 Using up to 1 cpu(s) for the symmetric stiffness/mass contributions.

 Factoring the system of equations using the symmetric spooles solver
 Using up to 1 cpu(s) for spooles.

 Using up to 1 cpu(s) for the stress calculation.

 average force= 0.000572
 time avg. forc= 0.000372
 largest residual force= 0.001619 in node 2462 and dof 1
 largest increment of disp= 3.776103e-05
 largest correction to disp= 4.236808e-06 in node 9480 and dof 1

 no convergence

 iteration 7

 Using up to 1 cpu(s) for the symmetric stiffness/mass contributions.

 Factoring the system of equations using the symmetric spooles solver
 Using up to 1 cpu(s) for spooles.

 Using up to 1 cpu(s) for the stress calculation.

 average force= 0.000549
 time avg. forc= 0.000370
 largest residual force= 0.000642 in node 2060 and dof 1
 largest increment of disp= 3.776103e-05
 largest correction to disp= 3.495613e-06 in node 9486 and dof 1

 no convergence

 iteration 8

 Using up to 1 cpu(s) for the symmetric stiffness/mass contributions.

 Factoring the system of equations using the symmetric spooles solver
 Using up to 1 cpu(s) for spooles.

 Using up to 1 cpu(s) for the stress calculation.

 average force= 0.000533
 time avg. forc= 0.000369
 largest residual force= 0.000716 in node 2405 and dof 1
 largest increment of disp= 3.776103e-05
 largest correction to disp= 3.924962e-06 in node 9480 and dof 1

 no convergence

 iteration 9

 Using up to 1 cpu(s) for the symmetric stiffness/mass contributions.

 Factoring the system of equations using the symmetric spooles solver
 Using up to 1 cpu(s) for spooles.

 Using up to 1 cpu(s) for the stress calculation.

 average force= 0.000522
 time avg. forc= 0.000368
 largest residual force= 0.000385 in node 2405 and dof 1
 largest increment of disp= 3.776103e-05
 largest correction to disp= 2.861497e-06 in node 9480 and dof 1

 estimated number of iterations till convergence = 18
 too slow convergence; the increment size is decreased to 3.295898e-04
 the increment is reattempted

 increment 12 attempt 2 
 increment size= 3.295898e-04
 sum of previous increments=2.010742e-01
 actual step time=2.014038e-01
 actual total time=2.014038e-01

 iteration 1

 Using up to 1 cpu(s) for the stress calculation.

 Using up to 1 cpu(s) for the symmetric stiffness/mass contributions.

 Factoring the system of equations using the symmetric spooles solver
 Using up to 1 cpu(s) for spooles.

 Using up to 1 cpu(s) for the stress calculation.

 average force= 0.000556
 time avg. forc= 0.000371
 largest residual force= 0.008280 in node 2405 and dof 1
 largest increment of disp= 1.313953e-05
 largest correction to disp= 1.313953e-05 in node 9480 and dof 1

 no convergence

 iteration 2

 Using up to 1 cpu(s) for the symmetric stiffness/mass contributions.

 Factoring the system of equations using the symmetric spooles solver
 Using up to 1 cpu(s) for spooles.

 Using up to 1 cpu(s) for the stress calculation.

 average force= 0.000558
 time avg. forc= 0.000371
 largest residual force= 0.000100 in node 2061 and dof 1
 largest increment of disp= 1.313953e-05
 largest correction to disp= 1.472610e-06 in node 8760 and dof 1

 no convergence

 iteration 3

 Using up to 1 cpu(s) for the symmetric stiffness/mass contributions.

 Factoring the system of equations using the symmetric spooles solver
 Using up to 1 cpu(s) for spooles.

 Using up to 1 cpu(s) for the stress calculation.

 average force= 0.000539
 time avg. forc= 0.000369
 largest residual force= 0.000340 in node 2063 and dof 1
 largest increment of disp= 1.313953e-05
 largest correction to disp= 2.103029e-06 in node 9480 and dof 1

 no convergence

 iteration 4

 Using up to 1 cpu(s) for the symmetric stiffness/mass contributions.

 Factoring the system of equations using the symmetric spooles solver
 Using up to 1 cpu(s) for spooles.

 Using up to 1 cpu(s) for the stress calculation.

 average force= 0.000535
 time avg. forc= 0.000369
 largest residual force= 0.000020 in node 2405 and dof 1
 largest increment of disp= 1.313953e-05
 largest correction to disp= 6.125886e-07 in node 9486 and dof 1

 no convergence

 iteration 5

 Using up to 1 cpu(s) for the symmetric stiffness/mass contributions.

 Factoring the system of equations using the symmetric spooles solver
 Using up to 1 cpu(s) for spooles.

 Using up to 1 cpu(s) for the stress calculation.

 average force= 0.000533
 time avg. forc= 0.000369
 largest residual force= 0.000015 in node 2405 and dof 1
 largest increment of disp= 1.313953e-05
 largest correction to disp= 5.685967e-07 in node 9480 and dof 1

 no convergence

 iteration 6

 Using up to 1 cpu(s) for the symmetric stiffness/mass contributions.

 Factoring the system of equations using the symmetric spooles solver
 Using up to 1 cpu(s) for spooles.

 Using up to 1 cpu(s) for the stress calculation.

 average force= 0.000532
 time avg. forc= 0.000369
 largest residual force= 0.000000 in node 2405 and dof 1
 largest increment of disp= 1.313953e-05
 largest correction to disp= 1.399714e-07 in node 9486 and dof 1

 convergence

 increment 13 attempt 1 
 increment size= 3.295898e-04
 sum of previous increments=2.014038e-01
 actual step time=2.017334e-01
 actual total time=2.017334e-01

 iteration 1

 Using up to 1 cpu(s) for the stress calculation.

 Using up to 1 cpu(s) for the symmetric stiffness/mass contributions.

 Factoring the system of equations using the symmetric spooles solver
 Using up to 1 cpu(s) for spooles.

 Using up to 1 cpu(s) for the stress calculation.

 average force= 0.000572
 time avg. forc= 0.000384
 largest residual force= 0.000128 in node 2426 and dof 1
 largest increment of disp= 1.116229e-05
 largest correction to disp= 1.329063e-06 in node 9480 and dof 1

 no convergence

 iteration 2

 Using up to 1 cpu(s) for the symmetric stiffness/mass contributions.

 Factoring the system of equations using the symmetric spooles solver
 Using up to 1 cpu(s) for spooles.

 Using up to 1 cpu(s) for the stress calculation.

 average force= 0.000541
 time avg. forc= 0.000382
 largest residual force= 0.002263 in node 2405 and dof 1
 largest increment of disp= 1.116229e-05
 largest correction to disp= 6.997143e-06 in node 9486 and dof 1

 no convergence

 iteration 3

 Using up to 1 cpu(s) for the symmetric stiffness/mass contributions.

 Factoring the system of equations using the symmetric spooles solver
 Using up to 1 cpu(s) for spooles.

 Using up to 1 cpu(s) for the stress calculation.

 average force= 0.000535
 time avg. forc= 0.000382
 largest residual force= 0.000173 in node 2423 and dof 1
 largest increment of disp= 1.116229e-05
 largest correction to disp= 1.935697e-06 in node 9486 and dof 1

 no convergence

 iteration 4

 Using up to 1 cpu(s) for the symmetric stiffness/mass contributions.

 Factoring the system of equations using the symmetric spooles solver
 Using up to 1 cpu(s) for spooles.

 Using up to 1 cpu(s) for the stress calculation.

 average force= 0.000518
 time avg. forc= 0.000380
 largest residual force= 0.000987 in node 2405 and dof 1
 largest increment of disp= 1.116229e-05
 largest correction to disp= 4.555573e-06 in node 9486 and dof 1

 no convergence

 iteration 5

 Using up to 1 cpu(s) for the symmetric stiffness/mass contributions.

 Factoring the system of equations using the symmetric spooles solver
 Using up to 1 cpu(s) for spooles.

 Using up to 1 cpu(s) for the stress calculation.

 average force= 0.000512
 time avg. forc= 0.000380
 largest residual force= 0.000224 in node 2405 and dof 1
 largest increment of disp= 1.116229e-05
 largest correction to disp= 2.155441e-06 in node 9480 and dof 1

 divergence; the increment size is decreased to 8.239746e-05
 the increment is reattempted

 increment 13 attempt 2 
 increment size= 8.239746e-05
 sum of previous increments=2.014038e-01
 actual step time=2.014862e-01
 actual total time=2.014862e-01

 iteration 1

 Using up to 1 cpu(s) for the stress calculation.

 Using up to 1 cpu(s) for the symmetric stiffness/mass contributions.

 Factoring the system of equations using the symmetric spooles solver
 Using up to 1 cpu(s) for spooles.

 Using up to 1 cpu(s) for the stress calculation.

 average force= 0.000539
 time avg. forc= 0.000382
 largest residual force= 0.000053 in node 2405 and dof 1
 largest increment of disp= 2.790572e-06
 largest correction to disp= 1.049871e-06 in node 9486 and dof 1

 no convergence

 iteration 2

 Using up to 1 cpu(s) for the symmetric stiffness/mass contributions.

 Factoring the system of equations using the symmetric spooles solver
 Using up to 1 cpu(s) for spooles.

 Using up to 1 cpu(s) for the stress calculation.

 average force= 0.000529
 time avg. forc= 0.000381
 largest residual force= 0.000254 in node 2405 and dof 1
 largest increment of disp= 2.790572e-06
 largest correction to disp= 2.320160e-06 in node 9480 and dof 1

 no convergence

 iteration 3

 Using up to 1 cpu(s) for the symmetric stiffness/mass contributions.

 Factoring the system of equations using the symmetric spooles solver
 Using up to 1 cpu(s) for spooles.

 Using up to 1 cpu(s) for the stress calculation.

 average force= 0.000526
 time avg. forc= 0.000381
 largest residual force= 0.000044 in node 2405 and dof 1
 largest increment of disp= 2.790572e-06
 largest correction to disp= 9.645068e-07 in node 9486 and dof 1

 no convergence

 iteration 4

 Using up to 1 cpu(s) for the symmetric stiffness/mass contributions.

 Factoring the system of equations using the symmetric spooles solver
 Using up to 1 cpu(s) for spooles.

 Using up to 1 cpu(s) for the stress calculation.

 average force= 0.000522
 time avg. forc= 0.000381
 largest residual force= 0.000044 in node 2405 and dof 1
 largest increment of disp= 2.790572e-06
 largest correction to disp= 9.710748e-07 in node 9480 and dof 1

 no convergence

 iteration 5

 Using up to 1 cpu(s) for the symmetric stiffness/mass contributions.

 Factoring the system of equations using the symmetric spooles solver
 Using up to 1 cpu(s) for spooles.

 Using up to 1 cpu(s) for the stress calculation.

 average force= 0.000520
 time avg. forc= 0.000380
 largest residual force= 0.000022 in node 2405 and dof 1
 largest increment of disp= 2.790572e-06
 largest correction to disp= 6.782236e-07 in node 9486 and dof 1

 no convergence

 iteration 6

 Using up to 1 cpu(s) for the symmetric stiffness/mass contributions.

 Factoring the system of equations using the symmetric spooles solver
 Using up to 1 cpu(s) for spooles.

 Using up to 1 cpu(s) for the stress calculation.

 average force= 0.000518
 time avg. forc= 0.000380
 largest residual force= 0.000023 in node 2405 and dof 1
 largest increment of disp= 2.790572e-06
 largest correction to disp= 6.943880e-07 in node 9480 and dof 1

 no convergence

 iteration 7

 Using up to 1 cpu(s) for the symmetric stiffness/mass contributions.

 Factoring the system of equations using the symmetric spooles solver
 Using up to 1 cpu(s) for spooles.

 Using up to 1 cpu(s) for the stress calculation.

 average force= 0.000514
 time avg. forc= 0.000380
 largest residual force= 0.000075 in node 2405 and dof 1
 largest increment of disp= 2.790572e-06
 largest correction to disp= 1.256590e-06 in node 9486 and dof 1

 divergence; the increment size is decreased to 2.059937e-05
 the increment is reattempted

 increment 13 attempt 3 
 increment size= 2.059937e-05
 sum of previous increments=2.014038e-01
 actual step time=2.014244e-01
 actual total time=2.014244e-01

 iteration 1

 Using up to 1 cpu(s) for the stress calculation.

 Using up to 1 cpu(s) for the symmetric stiffness/mass contributions.

 Factoring the system of equations using the symmetric spooles solver
 Using up to 1 cpu(s) for spooles.

 Using up to 1 cpu(s) for the stress calculation.

 average force= 0.000533
 time avg. forc= 0.000381
 largest residual force= 0.000017 in node 2405 and dof 1
 largest increment of disp= 6.976429e-07
 largest correction to disp= 5.942888e-07 in node 9480 and dof 1

 no convergence

 iteration 2

 Using up to 1 cpu(s) for the symmetric stiffness/mass contributions.

 Factoring the system of equations using the symmetric spooles solver
 Using up to 1 cpu(s) for spooles.

 Using up to 1 cpu(s) for the stress calculation.

 average force= 0.000530
 time avg. forc= 0.000381
 largest residual force= 0.000013 in node 2405 and dof 1
 largest increment of disp= 6.976429e-07
 largest correction to disp= 5.243504e-07 in node 9486 and dof 1

 no convergence

 iteration 3

 Using up to 1 cpu(s) for the symmetric stiffness/mass contributions.

 Factoring the system of equations using the symmetric spooles solver
 Using up to 1 cpu(s) for spooles.

 Using up to 1 cpu(s) for the stress calculation.

 average force= 0.000530
 time avg. forc= 0.000381
 largest residual force= 0.000000 in node 2405 and dof 1
 largest increment of disp= 6.976429e-07
 largest correction to disp= 1.443924e-07 in node 9480 and dof 1

 convergence

 increment 14 attempt 1 
 increment size= 2.059937e-05
 sum of previous increments=2.014244e-01
 actual step time=2.014450e-01
 actual total time=2.014450e-01

 iteration 1

 Using up to 1 cpu(s) for the stress calculation.

 Using up to 1 cpu(s) for the symmetric stiffness/mass contributions.

 Factoring the system of equations using the symmetric spooles solver
 Using up to 1 cpu(s) for spooles.

 Using up to 1 cpu(s) for the stress calculation.

 average force= 0.000527
 time avg. forc= 0.000392
 largest residual force= 0.000000 in node 2405 and dof 1
 largest increment of disp= 5.653886e-07
 largest correction to disp= 1.156594e-07 in node 9486 and dof 1

 no convergence

 iteration 2

 Using up to 1 cpu(s) for the symmetric stiffness/mass contributions.

 Factoring the system of equations using the symmetric spooles solver
 Using up to 1 cpu(s) for spooles.

 Using up to 1 cpu(s) for the stress calculation.

 average force= 0.000527
 time avg. forc= 0.000392
 largest residual force= 0.000000 in node 2405 and dof 1
 largest increment of disp= 5.653886e-07
 largest correction to disp= 3.803228e-08 in node 9480 and dof 1

 convergence; the increment size is increased to 3.089905e-05

 increment 15 attempt 1 
 increment size= 3.089905e-05
 sum of previous increments=2.014450e-01
 actual step time=2.014759e-01
 actual total time=2.014759e-01

 iteration 1

 Using up to 1 cpu(s) for the stress calculation.

 Using up to 1 cpu(s) for the symmetric stiffness/mass contributions.

 Factoring the system of equations using the symmetric spooles solver
 Using up to 1 cpu(s) for spooles.

 Using up to 1 cpu(s) for the stress calculation.

 average force= 0.000522
 time avg. forc= 0.000400
 largest residual force= 0.000004 in node 2405 and dof 1
 largest increment of disp= 1.078620e-06
 largest correction to disp= 2.784932e-07 in node 9486 and dof 1

 no convergence

 iteration 2

 Using up to 1 cpu(s) for the symmetric stiffness/mass contributions.

 Factoring the system of equations using the symmetric spooles solver
 Using up to 1 cpu(s) for spooles.

 Using up to 1 cpu(s) for the stress calculation.

 average force= 0.000521
 time avg. forc= 0.000400
 largest residual force= 0.000003 in node 2405 and dof 1
 largest increment of disp= 1.078620e-06
 largest correction to disp= 2.662287e-07 in node 9480 and dof 1

 no convergence

 iteration 3

 Using up to 1 cpu(s) for the symmetric stiffness/mass contributions.

 Factoring the system of equations using the symmetric spooles solver
 Using up to 1 cpu(s) for spooles.

 Using up to 1 cpu(s) for the stress calculation.

 average force= 0.000521
 time avg. forc= 0.000400
 largest residual force= 0.000001 in node 2405 and dof 1
 largest increment of disp= 1.078620e-06
 largest correction to disp= 1.539210e-07 in node 9486 and dof 1

 no convergence

 iteration 4

 Using up to 1 cpu(s) for the symmetric stiffness/mass contributions.

 Factoring the system of equations using the symmetric spooles solver
 Using up to 1 cpu(s) for spooles.

 Using up to 1 cpu(s) for the stress calculation.

 average force= 0.000520
 time avg. forc= 0.000400
 largest residual force= 0.000000 in node 2405 and dof 1
 largest increment of disp= 1.078620e-06
 largest correction to disp= 9.117970e-08 in node 9480 and dof 1

 convergence; the increment size is increased to 4.634857e-05

 Using up to 1 cpu(s) for the stress calculation.

 increment 16 attempt 1 
 increment size= 4.634857e-05
 sum of previous increments=2.014759e-01
 actual step time=2.015223e-01
 actual total time=2.015223e-01

 iteration 1

 Using up to 1 cpu(s) for the stress calculation.

 Using up to 1 cpu(s) for the symmetric stiffness/mass contributions.

 Factoring the system of equations using the symmetric spooles solver
 Using up to 1 cpu(s) for spooles.

 Using up to 1 cpu(s) for the stress calculation.

 average force= 0.000509
 time avg. forc= 0.000407
 largest residual force= 0.000116 in node 2405 and dof 1
 largest increment of disp= 2.802664e-06
 largest correction to disp= 1.544979e-06 in node 9480 and dof 1

 no convergence

 iteration 2

 Using up to 1 cpu(s) for the symmetric stiffness/mass contributions.

 Factoring the system of equations using the symmetric spooles solver
 Using up to 1 cpu(s) for spooles.

 Using up to 1 cpu(s) for the stress calculation.

 average force= 0.000527
 time avg. forc= 0.000408
 largest residual force= 0.001658 in node 2405 and dof 1
 largest increment of disp= 5.857119e-06
 largest correction to disp= 5.857119e-06 in node 9480 and dof 1

 no convergence

 iteration 3

 Using up to 1 cpu(s) for the symmetric stiffness/mass contributions.

 Factoring the system of equations using the symmetric spooles solver
 Using up to 1 cpu(s) for spooles.

 Using up to 1 cpu(s) for the stress calculation.

 average force= 0.000524
 time avg. forc= 0.000408
 largest residual force= 0.000013 in node 2015 and dof 1
 largest increment of disp= 5.857119e-06
 largest correction to disp= 2.932459e-07 in node 2422 and dof 1

 no convergence

 iteration 4

 Using up to 1 cpu(s) for the symmetric stiffness/mass contributions.

 Factoring the system of equations using the symmetric spooles solver
 Using up to 1 cpu(s) for spooles.

 Using up to 1 cpu(s) for the stress calculation.

 average force= 0.000517
 time avg. forc= 0.000407
 largest residual force= 0.000211 in node 2405 and dof 1
 largest increment of disp= 5.857119e-06
 largest correction to disp= 2.121795e-06 in node 9480 and dof 1

 no convergence

 iteration 5

 Using up to 1 cpu(s) for the symmetric stiffness/mass contributions.

 Factoring the system of equations using the symmetric spooles solver
 Using up to 1 cpu(s) for spooles.

 Using up to 1 cpu(s) for the stress calculation.

 average force= 0.000513
 time avg. forc= 0.000407
 largest residual force= 0.000152 in node 2405 and dof 1
 largest increment of disp= 5.857119e-06
 largest correction to disp= 1.793504e-06 in node 9486 and dof 1

 divergence; the increment size is decreased to 1.158714e-05
 the increment is reattempted

 increment 16 attempt 2 
 increment size= 1.158714e-05
 sum of previous increments=2.014759e-01
 actual step time=2.014875e-01
 actual total time=2.014875e-01

 iteration 1

 Using up to 1 cpu(s) for the stress calculation.

 Using up to 1 cpu(s) for the symmetric stiffness/mass contributions.

 Factoring the system of equations using the symmetric spooles solver
 Using up to 1 cpu(s) for spooles.

 Using up to 1 cpu(s) for the stress calculation.

 average force= 0.000516
 time avg. forc= 0.000407
 largest residual force= 0.000026 in node 2405 and dof 1
 largest increment of disp= 7.381520e-07
 largest correction to disp= 7.381520e-07 in node 9480 and dof 1

 no convergence

 iteration 2

 Using up to 1 cpu(s) for the symmetric stiffness/mass contributions.

 Factoring the system of equations using the symmetric spooles solver
 Using up to 1 cpu(s) for spooles.

 Using up to 1 cpu(s) for the stress calculation.

 average force= 0.002003
 time avg. forc= 0.000500
 largest residual force= 0.366885 in node 2405 and dof 1
 largest increment of disp= 8.770964e-05
 largest correction to disp= 8.770964e-05 in node 9486 and dof 1

 no convergence

 iteration 3

 Using up to 1 cpu(s) for the symmetric stiffness/mass contributions.

 Factoring the system of equations using the symmetric spooles solver
 Using up to 1 cpu(s) for spooles.

 Using up to 1 cpu(s) for the stress calculation.

 average force= 0.076518
 time avg. forc= 0.005158
 largest residual force= 28.998434 in node 8979 and dof 1
 largest increment of disp= 3.546243e-04
 largest correction to disp= 3.546243e-04 in node 2332 and dof 1

 no convergence

 iteration 4

 Using up to 1 cpu(s) for the symmetric stiffness/mass contributions.

 Factoring the system of equations using the symmetric spooles solver
 Using up to 1 cpu(s) for spooles.

 Using up to 1 cpu(s) for the stress calculation.

 average force= 413.054224
 time avg. forc= 25.816264
 largest residual force= 1550848.504902 in node 9009 and dof 1
 largest increment of disp= 3.514301e-02
 largest correction to disp= 3.514301e-02 in node 9380 and dof 2

 divergence; the increment size is decreased to 2.896786e-06
 the increment is reattempted


 *ERROR: increment size smaller than minimum
 best solution and residuals are in the frd file


