 Container myopenfoam-fsi-run-b5cc00bb3bf7 Creating 
 Container myopenfoam-fsi-run-b5cc00bb3bf7 Created 
=== on-caso-3-sf (CCX): polyMesh -> CalculiX .inp  [k_winkler=200000 Pa/m] ===
[1/5] Lendo polyMesh em ../solid/constant/polyMesh
      nodes=5317, faces=14796, cells=4752, patches=10, zones=['on', 'pia', 'sas', 'dura', 'lc', 'sclera_peri', 'sclera_ring', 'globo']
[2/5] Reconstruindo conectividade C3D8 (4752 celulas)
      OK
[3/5] Escrevendo malha em on-caso-3-sf_mesh.inp
[4/5] Escrevendo Winkler em on-caso-3-sf_winkler.inp
[5/5] Concluido. Total: 5317 nodes, 4752 hex C3D8I.
=== on-caso-3-sf (CCX): P_CONTACT = 9034 Pa (arteria oftalmica, LATERAL) ===
182:CONTACT_LOCAL_SURF, P, 9034
=== on-caso-3-sf (CCX): solver ccx_preCICE -i on-caso-3-sf  [tag=Pc9034] ===

************************************************************

CalculiX Version 2.20, Copyright(C) 1998-2022 Guido Dhondt
CalculiX comes with ABSOLUTELY NO WARRANTY. This is free
software, and you are welcome to redistribute it under
certain conditions, see gpl.htm

************************************************************

You are using an executable made on Sun Jul 31 18:08:37 CEST 2022

  The numbers below are estimated upper bounds

  number of:

   nodes:        19822
   elements:         5001
   one-dimensional elements:            0
   two-dimensional elements:            0
   integration points per element:            8
   degrees of freedom per node:            3
   layers per element:            1

   distributed facial loads:            2
   distributed volumetric loads:            0
   concentrated loads:            0
   single point constraints:         3008
   multiple point constraints:            1
   terms in all multiple point constraints:            1
   tie constraints:            0
   dependent nodes tied by cyclic constraints:            0
   dependent nodes in pre-tension constraints:            0

   sets:          279
   terms in all sets:        18231

   materials:          257
   constants per material and temperature:            9
   temperature points per material:            1
   plastic data points per material:            0

   orientations:            1
   amplitudes:            4
   data points in all amplitudes:            4
   print requests:            8
   transformations:            0
   property cards:            0

 *INFO reading *HYPERELASTIC: nonlinear geometric
       effects are turned on

 *INFO reading *HYPERELASTIC: nonlinear geometric
       effects are turned on

 *INFO reading *HYPERELASTIC: nonlinear geometric
       effects are turned on

 *INFO reading *HYPERELASTIC: nonlinear geometric
       effects are turned on

 *INFO reading *HYPERELASTIC: nonlinear geometric
       effects are turned on

 *INFO reading *HYPERELASTIC: nonlinear geometric
       effects are turned on

 *INFO reading *HYPERELASTIC: nonlinear geometric
       effects are turned on

 *INFO reading *STEP: nonlinear geometric
       effects are turned on

 *WARNING reading *STATIC: parameter not recognized:
          RIKS
 *WARNING reading *STATIC. Card image:
          *STATIC,RIKS


 STEP            1

 Static analysis was selected

 Nonlinear material laws are taken into account

 Newton-Raphson iterative procedure is active

 Nonlinear geometric effects are taken into account

 Decascading the MPC's

 Determining the structure of the matrix:
 Using up to 1 cpu(s) for setting up the structure of the matrix.
 number of equations
 56674
 number of nonzero lower triangular matrix elements
 1634214

 increment 1 attempt 1 
 increment size= 2.500000e-02
 sum of previous increments=0.000000e+00
 actual step time=2.500000e-02
 actual total time=2.500000e-02

 iteration 1

 Using up to 1 cpu(s) for the stress calculation.

 Using up to 1 cpu(s) for the symmetric stiffness/mass contributions.

 Factoring the system of equations using the symmetric spooles solver
 Using up to 1 cpu(s) for spooles.

 Using up to 1 cpu(s) for the stress calculation.

 average force= 0.000002
 time avg. forc= 0.000002
 largest residual force= 0.000149 in node 4095 and dof 1
 largest increment of disp= 1.630329e-05
 largest correction to disp= 1.630329e-05 in node 4076 and dof 1

 no convergence

 iteration 2

 Using up to 1 cpu(s) for the symmetric stiffness/mass contributions.

 Factoring the system of equations using the symmetric spooles solver
 Using up to 1 cpu(s) for spooles.

 Using up to 1 cpu(s) for the stress calculation.

 average force= 0.000001
 time avg. forc= 0.000001
 largest residual force= 0.000002 in node 2190 and dof 1
 largest increment of disp= 1.630329e-05
 largest correction to disp= 1.614682e-06 in node 3317 and dof 1

 no convergence

 iteration 3

 Using up to 1 cpu(s) for the symmetric stiffness/mass contributions.

 Factoring the system of equations using the symmetric spooles solver
 Using up to 1 cpu(s) for spooles.

 Using up to 1 cpu(s) for the stress calculation.

 average force= 0.000001
 time avg. forc= 0.000001
 largest residual force= 0.000000 in node 2275 and dof 1
 largest increment of disp= 1.630329e-05
 largest correction to disp= 1.372573e-09 in node 3275 and dof 1

 convergence

 increment 2 attempt 1 
 increment size= 2.500000e-02
 sum of previous increments=2.500000e-02
 actual step time=5.000000e-02
 actual total time=5.000000e-02

 iteration 1

 Using up to 1 cpu(s) for the stress calculation.

 Using up to 1 cpu(s) for the symmetric stiffness/mass contributions.

 Factoring the system of equations using the symmetric spooles solver
 Using up to 1 cpu(s) for spooles.

 Using up to 1 cpu(s) for the stress calculation.

 average force= 0.000003
 time avg. forc= 0.000002
 largest residual force= 0.000000 in node 2323 and dof 1
 largest increment of disp= 1.483163e-05
 largest correction to disp= 5.419313e-07 in node 3317 and dof 1

 no convergence

 iteration 2

 Using up to 1 cpu(s) for the symmetric stiffness/mass contributions.

 Factoring the system of equations using the symmetric spooles solver
 Using up to 1 cpu(s) for spooles.

 Using up to 1 cpu(s) for the stress calculation.

 average force= 0.000003
 time avg. forc= 0.000002
 largest residual force= 0.000000 in node 4081 and dof 1
 largest increment of disp= 1.483163e-05
 largest correction to disp= 3.360710e-10 in node 3926 and dof 1

 convergence; the increment size is increased to 3.750000e-02

 increment 3 attempt 1 
 increment size= 3.750000e-02
 sum of previous increments=5.000000e-02
 actual step time=8.750000e-02
 actual total time=8.750000e-02

 iteration 1

 Using up to 1 cpu(s) for the stress calculation.

 Using up to 1 cpu(s) for the symmetric stiffness/mass contributions.

 Factoring the system of equations using the symmetric spooles solver
 Using up to 1 cpu(s) for spooles.

 Using up to 1 cpu(s) for the stress calculation.

 average force= 0.000005
 time avg. forc= 0.000003
 largest residual force= 0.000000 in node 4087 and dof 2
 largest increment of disp= 2.164996e-05
 largest correction to disp= 2.046598e-07 in node 4091 and dof 1

 no convergence

 iteration 2

 Using up to 1 cpu(s) for the symmetric stiffness/mass contributions.

 Factoring the system of equations using the symmetric spooles solver
 Using up to 1 cpu(s) for spooles.

 Using up to 1 cpu(s) for the stress calculation.

 average force= 0.000005
 time avg. forc= 0.000003
 largest residual force= 0.000000 in node 4087 and dof 1
 largest increment of disp= 2.164996e-05
 largest correction to disp= 9.669479e-10 in node 3539 and dof 1

 convergence; the increment size is increased to 5.625000e-02

 the increment size exceeds the maximum allowed and is decreased to 5.000000e-02

 increment 4 attempt 1 
 increment size= 5.000000e-02
 sum of previous increments=8.750000e-02
 actual step time=1.375000e-01
 actual total time=1.375000e-01

 iteration 1

 Using up to 1 cpu(s) for the stress calculation.

 Using up to 1 cpu(s) for the symmetric stiffness/mass contributions.

 Factoring the system of equations using the symmetric spooles solver
 Using up to 1 cpu(s) for spooles.

 Using up to 1 cpu(s) for the stress calculation.

 average force= 0.000008
 time avg. forc= 0.000004
 largest residual force= 0.000000 in node 4089 and dof 1
 largest increment of disp= 2.913838e-05
 largest correction to disp= 4.073375e-07 in node 4076 and dof 1

 no convergence

 iteration 2

 Using up to 1 cpu(s) for the symmetric stiffness/mass contributions.

 Factoring the system of equations using the symmetric spooles solver
 Using up to 1 cpu(s) for spooles.

 Using up to 1 cpu(s) for the stress calculation.

 average force= 0.000008
 time avg. forc= 0.000004
 largest residual force= 0.000000 in node 4095 and dof 1
 largest increment of disp= 2.913838e-05
 largest correction to disp= 3.104429e-09 in node 3926 and dof 1

 convergence; the increment size is increased to 7.500000e-02

 the increment size exceeds the maximum allowed and is decreased to 5.000000e-02

 increment 5 attempt 1 
 increment size= 5.000000e-02
 sum of previous increments=1.375000e-01
 actual step time=1.875000e-01
 actual total time=1.875000e-01

 iteration 1

 Using up to 1 cpu(s) for the stress calculation.

 Using up to 1 cpu(s) for the symmetric stiffness/mass contributions.

 Factoring the system of equations using the symmetric spooles solver
 Using up to 1 cpu(s) for spooles.

 Using up to 1 cpu(s) for the stress calculation.

 average force= 0.000011
 time avg. forc= 0.000006
 largest residual force= 0.000000 in node 4093 and dof 1
 largest increment of disp= 2.954787e-05
 largest correction to disp= 4.887227e-07 in node 4076 and dof 1

 no convergence

 iteration 2

 Using up to 1 cpu(s) for the symmetric stiffness/mass contributions.

 Factoring the system of equations using the symmetric spooles solver
 Using up to 1 cpu(s) for spooles.

 Using up to 1 cpu(s) for the stress calculation.

 average force= 0.000011
 time avg. forc= 0.000006
 largest residual force= 0.000000 in node 4073 and dof 1
 largest increment of disp= 2.954787e-05
 largest correction to disp= 4.926673e-09 in node 3926 and dof 1

 convergence; the increment size is increased to 7.500000e-02

 the increment size exceeds the maximum allowed and is decreased to 5.000000e-02

 Using up to 1 cpu(s) for the stress calculation.

 increment 6 attempt 1 
 increment size= 5.000000e-02
 sum of previous increments=1.875000e-01
 actual step time=2.375000e-01
 actual total time=2.375000e-01

 iteration 1

 Using up to 1 cpu(s) for the stress calculation.

 Using up to 1 cpu(s) for the symmetric stiffness/mass contributions.

 Factoring the system of equations using the symmetric spooles solver
 Using up to 1 cpu(s) for spooles.

 Using up to 1 cpu(s) for the stress calculation.

 average force= 0.000014
 time avg. forc= 0.000007
 largest residual force= 0.000000 in node 4093 and dof 1
 largest increment of disp= 3.003879e-05
 largest correction to disp= 5.148055e-07 in node 4091 and dof 1

 no convergence

 iteration 2

 Using up to 1 cpu(s) for the symmetric stiffness/mass contributions.

 Factoring the system of equations using the symmetric spooles solver
 Using up to 1 cpu(s) for spooles.

 Using up to 1 cpu(s) for the stress calculation.

 average force= 0.000014
 time avg. forc= 0.000007
 largest residual force= 0.000000 in node 4073 and dof 1
 largest increment of disp= 3.003879e-05
 largest correction to disp= 6.391713e-09 in node 4071 and dof 1

 convergence; the increment size is increased to 7.500000e-02

 the increment size exceeds the maximum allowed and is decreased to 5.000000e-02

 increment 7 attempt 1 
 increment size= 5.000000e-02
 sum of previous increments=2.375000e-01
 actual step time=2.875000e-01
 actual total time=2.875000e-01

 iteration 1

 Using up to 1 cpu(s) for the stress calculation.

 Using up to 1 cpu(s) for the symmetric stiffness/mass contributions.

 Factoring the system of equations using the symmetric spooles solver
 Using up to 1 cpu(s) for spooles.

 Using up to 1 cpu(s) for the stress calculation.

 average force= 0.000017
 time avg. forc= 0.000008
 largest residual force= 0.000001 in node 4093 and dof 1
 largest increment of disp= 3.055408e-05
 largest correction to disp= 5.430106e-07 in node 4091 and dof 1

 no convergence

 iteration 2

 Using up to 1 cpu(s) for the symmetric stiffness/mass contributions.

 Factoring the system of equations using the symmetric spooles solver
 Using up to 1 cpu(s) for spooles.

 Using up to 1 cpu(s) for the stress calculation.

 average force= 0.000017
 time avg. forc= 0.000008
 largest residual force= 0.000000 in node 4075 and dof 1
 largest increment of disp= 3.055408e-05
 largest correction to disp= 8.096134e-09 in node 4071 and dof 1

 convergence; the increment size is increased to 7.500000e-02

 the increment size exceeds the maximum allowed and is decreased to 5.000000e-02

 increment 8 attempt 1 
 increment size= 5.000000e-02
 sum of previous increments=2.875000e-01
 actual step time=3.375000e-01
 actual total time=3.375000e-01

 iteration 1

 Using up to 1 cpu(s) for the stress calculation.

 Using up to 1 cpu(s) for the symmetric stiffness/mass contributions.

 Factoring the system of equations using the symmetric spooles solver
 Using up to 1 cpu(s) for spooles.

 Using up to 1 cpu(s) for the stress calculation.

 average force= 0.000020
 time avg. forc= 0.000010
 largest residual force= 0.000001 in node 4089 and dof 1
 largest increment of disp= 3.109492e-05
 largest correction to disp= 8.305829e-07 in node 14249 and dof 1

 no convergence

 iteration 2

 Using up to 1 cpu(s) for the symmetric stiffness/mass contributions.

 Factoring the system of equations using the symmetric spooles solver
 Using up to 1 cpu(s) for spooles.

 Using up to 1 cpu(s) for the stress calculation.

 average force= 0.000020
 time avg. forc= 0.000010
 largest residual force= 0.000000 in node 4079 and dof 1
 largest increment of disp= 3.109492e-05
 largest correction to disp= 1.001520e-08 in node 4083 and dof 1

 convergence; the increment size is increased to 7.500000e-02

 the increment size exceeds the maximum allowed and is decreased to 5.000000e-02

 increment 9 attempt 1 
 increment size= 5.000000e-02
 sum of previous increments=3.375000e-01
 actual step time=3.875000e-01
 actual total time=3.875000e-01

 iteration 1

 Using up to 1 cpu(s) for the stress calculation.

 Using up to 1 cpu(s) for the symmetric stiffness/mass contributions.

 Factoring the system of equations using the symmetric spooles solver
 Using up to 1 cpu(s) for spooles.

 Using up to 1 cpu(s) for the stress calculation.

 average force= 0.000023
 time avg. forc= 0.000011
 largest residual force= 0.000002 in node 4093 and dof 1
 largest increment of disp= 3.166262e-05
 largest correction to disp= 1.984227e-06 in node 14249 and dof 1

 no convergence

 iteration 2

 Using up to 1 cpu(s) for the symmetric stiffness/mass contributions.

 Factoring the system of equations using the symmetric spooles solver
 Using up to 1 cpu(s) for spooles.

 Using up to 1 cpu(s) for the stress calculation.

 average force= 0.000023
 time avg. forc= 0.000011
 largest residual force= 0.000000 in node 4079 and dof 1
 largest increment of disp= 3.166262e-05
 largest correction to disp= 2.372178e-08 in node 14247 and dof 1

 convergence; the increment size is increased to 7.500000e-02

 the increment size exceeds the maximum allowed and is decreased to 5.000000e-02

 increment 10 attempt 1 
 increment size= 5.000000e-02
 sum of previous increments=3.875000e-01
 actual step time=4.375000e-01
 actual total time=4.375000e-01

 iteration 1

 Using up to 1 cpu(s) for the stress calculation.

 Using up to 1 cpu(s) for the symmetric stiffness/mass contributions.

 Factoring the system of equations using the symmetric spooles solver
 Using up to 1 cpu(s) for spooles.

 Using up to 1 cpu(s) for the stress calculation.

 average force= 0.000026
 time avg. forc= 0.000013
 largest residual force= 0.000002 in node 4089 and dof 1
 largest increment of disp= 3.225870e-05
 largest correction to disp= 1.804125e-05 in node 12096 and dof 1

 no convergence

 iteration 2

 Using up to 1 cpu(s) for the symmetric stiffness/mass contributions.

 Factoring the system of equations using the symmetric spooles solver
 Using up to 1 cpu(s) for spooles.

 Using up to 1 cpu(s) for the stress calculation.

 average force= 0.000026
 time avg. forc= 0.000013
 largest residual force= 0.000000 in node 3336 and dof 1
 largest increment of disp= 3.225870e-05
 largest correction to disp= 1.042571e-06 in node 14256 and dof 1

 convergence; the increment size is increased to 7.500000e-02

 the increment size exceeds the maximum allowed and is decreased to 5.000000e-02

 Using up to 1 cpu(s) for the stress calculation.

 increment 11 attempt 1 
 increment size= 5.000000e-02
 sum of previous increments=4.375000e-01
 actual step time=4.875000e-01
 actual total time=4.875000e-01

 iteration 1

 Using up to 1 cpu(s) for the stress calculation.

 Using up to 1 cpu(s) for the symmetric stiffness/mass contributions.

 Factoring the system of equations using the symmetric spooles solver
 Using up to 1 cpu(s) for spooles.

 Using up to 1 cpu(s) for the stress calculation.

 average force= 0.000029
 time avg. forc= 0.000014
 largest residual force= 0.000007 in node 2545 and dof 1
 largest increment of disp= 6.292682e-05
 largest correction to disp= 6.292682e-05 in node 12096 and dof 1

 no convergence

 iteration 2

 Using up to 1 cpu(s) for the symmetric stiffness/mass contributions.

 Factoring the system of equations using the symmetric spooles solver
 Using up to 1 cpu(s) for spooles.

 Using up to 1 cpu(s) for the stress calculation.

 average force= 0.000029
 time avg. forc= 0.000014
 largest residual force= 0.000000 in node 3336 and dof 1
 largest increment of disp= 6.292682e-05
 largest correction to disp= 7.415211e-06 in node 14244 and dof 1

 convergence; the increment size is increased to 7.500000e-02

 the increment size exceeds the maximum allowed and is decreased to 5.000000e-02

 increment 12 attempt 1 
 increment size= 5.000000e-02
 sum of previous increments=4.875000e-01
 actual step time=5.375000e-01
 actual total time=5.375000e-01

 iteration 1

 Using up to 1 cpu(s) for the stress calculation.

 Using up to 1 cpu(s) for the symmetric stiffness/mass contributions.

 Factoring the system of equations using the symmetric spooles solver
 Using up to 1 cpu(s) for spooles.

 Using up to 1 cpu(s) for the stress calculation.

 average force= 0.000033
 time avg. forc= 0.000016
 largest residual force= 0.000002 in node 4089 and dof 1
 largest increment of disp= 4.239724e-05
 largest correction to disp= 4.239724e-05 in node 12084 and dof 1

 no convergence

 iteration 2

 Using up to 1 cpu(s) for the symmetric stiffness/mass contributions.

 Factoring the system of equations using the symmetric spooles solver
 Using up to 1 cpu(s) for spooles.

 Using up to 1 cpu(s) for the stress calculation.

 average force= 0.000033
 time avg. forc= 0.000016
 largest residual force= 0.000000 in node 863 and dof 1
 largest increment of disp= 4.239724e-05
 largest correction to disp= 2.862093e-06 in node 12084 and dof 1

 convergence; the increment size is increased to 7.500000e-02

 the increment size exceeds the maximum allowed and is decreased to 5.000000e-02

 increment 13 attempt 1 
 increment size= 5.000000e-02
 sum of previous increments=5.375000e-01
 actual step time=5.875000e-01
 actual total time=5.875000e-01

 iteration 1

 Using up to 1 cpu(s) for the stress calculation.

 Using up to 1 cpu(s) for the symmetric stiffness/mass contributions.

 Factoring the system of equations using the symmetric spooles solver
 Using up to 1 cpu(s) for spooles.

 Using up to 1 cpu(s) for the stress calculation.

 average force= 0.000036
 time avg. forc= 0.000017
 largest residual force= 0.000003 in node 4093 and dof 1
 largest increment of disp= 3.423055e-05
 largest correction to disp= 1.579289e-05 in node 14258 and dof 1

 no convergence

 iteration 2

 Using up to 1 cpu(s) for the symmetric stiffness/mass contributions.

 Factoring the system of equations using the symmetric spooles solver
 Using up to 1 cpu(s) for spooles.

 Using up to 1 cpu(s) for the stress calculation.

 average force= 0.000036
 time avg. forc= 0.000017
 largest residual force= 0.000000 in node 4075 and dof 1
 largest increment of disp= 3.423055e-05
 largest correction to disp= 7.586492e-08 in node 12098 and dof 1

 convergence; the increment size is increased to 7.500000e-02

 the increment size exceeds the maximum allowed and is decreased to 5.000000e-02

 increment 14 attempt 1 
 increment size= 5.000000e-02
 sum of previous increments=5.875000e-01
 actual step time=6.375000e-01
 actual total time=6.375000e-01

 iteration 1

 Using up to 1 cpu(s) for the stress calculation.

 Using up to 1 cpu(s) for the symmetric stiffness/mass contributions.

 Factoring the system of equations using the symmetric spooles solver
 Using up to 1 cpu(s) for spooles.

 Using up to 1 cpu(s) for the stress calculation.

 average force= 0.000040
 time avg. forc= 0.000019
 largest residual force= 0.000004 in node 4089 and dof 1
 largest increment of disp= 4.028122e-05
 largest correction to disp= 4.028122e-05 in node 12093 and dof 1

 no convergence

 iteration 2

 Using up to 1 cpu(s) for the symmetric stiffness/mass contributions.

 Factoring the system of equations using the symmetric spooles solver
 Using up to 1 cpu(s) for spooles.

 Using up to 1 cpu(s) for the stress calculation.

 average force= 0.000040
 time avg. forc= 0.000019
 largest residual force= 0.000000 in node 4081 and dof 1
 largest increment of disp= 4.028122e-05
 largest correction to disp= 1.759744e-06 in node 12093 and dof 1

 convergence; the increment size is increased to 7.500000e-02

 the increment size exceeds the maximum allowed and is decreased to 5.000000e-02

 increment 15 attempt 1 
 increment size= 5.000000e-02
 sum of previous increments=6.375000e-01
 actual step time=6.875000e-01
 actual total time=6.875000e-01

 iteration 1

 Using up to 1 cpu(s) for the stress calculation.

 Using up to 1 cpu(s) for the symmetric stiffness/mass contributions.

 Factoring the system of equations using the symmetric spooles solver
 Using up to 1 cpu(s) for spooles.

 Using up to 1 cpu(s) for the stress calculation.

 average force= 0.000044
 time avg. forc= 0.000021
 largest residual force= 0.000019 in node 2544 and dof 1
 largest increment of disp= 1.207574e-04
 largest correction to disp= 1.207574e-04 in node 12093 and dof 1

 no convergence

 iteration 2

 Using up to 1 cpu(s) for the symmetric stiffness/mass contributions.

 Factoring the system of equations using the symmetric spooles solver
 Using up to 1 cpu(s) for spooles.

 Using up to 1 cpu(s) for the stress calculation.

 average force= 0.000044
 time avg. forc= 0.000021
 largest residual force= 0.000001 in node 3338 and dof 1
 largest increment of disp= 1.207574e-04
 largest correction to disp= 2.632496e-05 in node 12084 and dof 1

 no convergence

 iteration 3

 Using up to 1 cpu(s) for the symmetric stiffness/mass contributions.

 Factoring the system of equations using the symmetric spooles solver
 Using up to 1 cpu(s) for spooles.

 Using up to 1 cpu(s) for the stress calculation.

 average force= 0.000044
 time avg. forc= 0.000021
 largest residual force= 0.000000 in node 2176 and dof 1
 largest increment of disp= 1.207574e-04
 largest correction to disp= 4.161797e-06 in node 12093 and dof 1

 convergence; the increment size is increased to 7.500000e-02

 the increment size exceeds the maximum allowed and is decreased to 5.000000e-02

 Using up to 1 cpu(s) for the stress calculation.

 increment 16 attempt 1 
 increment size= 5.000000e-02
 sum of previous increments=6.875000e-01
 actual step time=7.375000e-01
 actual total time=7.375000e-01

 iteration 1

 Using up to 1 cpu(s) for the stress calculation.

 Using up to 1 cpu(s) for the symmetric stiffness/mass contributions.

 Factoring the system of equations using the symmetric spooles solver
 Using up to 1 cpu(s) for spooles.

 Using up to 1 cpu(s) for the stress calculation.

 average force= 0.000049
 time avg. forc= 0.000022
 largest residual force= 0.000016 in node 4075 and dof 1
 largest increment of disp= 1.533487e-04
 largest correction to disp= 3.815085e-05 in node 12096 and dof 1

 no convergence

 iteration 2

 Using up to 1 cpu(s) for the symmetric stiffness/mass contributions.

 Factoring the system of equations using the symmetric spooles solver
 Using up to 1 cpu(s) for spooles.

 Using up to 1 cpu(s) for the stress calculation.

 average force= 0.000049
 time avg. forc= 0.000022
 largest residual force= 0.000000 in node 4081 and dof 1
 largest increment of disp= 1.533487e-04
 largest correction to disp= 2.759726e-06 in node 12096 and dof 1

 convergence; the increment size is increased to 7.500000e-02

 the increment size exceeds the maximum allowed and is decreased to 5.000000e-02

 increment 17 attempt 1 
 increment size= 5.000000e-02
 sum of previous increments=7.375000e-01
 actual step time=7.875000e-01
 actual total time=7.875000e-01

 iteration 1

 Using up to 1 cpu(s) for the stress calculation.

 Using up to 1 cpu(s) for the symmetric stiffness/mass contributions.

 Factoring the system of equations using the symmetric spooles solver
 Using up to 1 cpu(s) for spooles.

 Using up to 1 cpu(s) for the stress calculation.

 average force= 0.000054
 time avg. forc= 0.000024
 largest residual force= 0.000027 in node 3337 and dof 1
 largest increment of disp= 1.814122e-04
 largest correction to disp= 1.114598e-04 in node 14249 and dof 1

 no convergence

 iteration 2

 Using up to 1 cpu(s) for the symmetric stiffness/mass contributions.

 Factoring the system of equations using the symmetric spooles solver
 Using up to 1 cpu(s) for spooles.

 Using up to 1 cpu(s) for the stress calculation.

 average force= 0.000054
 time avg. forc= 0.000024
 largest residual force= 0.000006 in node 3338 and dof 1
 largest increment of disp= 1.814122e-04
 largest correction to disp= 5.116177e-05 in node 14258 and dof 1

 no convergence

 iteration 3

 Using up to 1 cpu(s) for the symmetric stiffness/mass contributions.

 Factoring the system of equations using the symmetric spooles solver
 Using up to 1 cpu(s) for spooles.

 Using up to 1 cpu(s) for the stress calculation.

 average force= 0.000054
 time avg. forc= 0.000024
 largest residual force= 0.000000 in node 2544 and dof 1
 largest increment of disp= 1.814122e-04
 largest correction to disp= 2.980533e-06 in node 12093 and dof 1

 convergence; the increment size is increased to 7.500000e-02

 the increment size exceeds the maximum allowed and is decreased to 5.000000e-02

 increment 18 attempt 1 
 increment size= 5.000000e-02
 sum of previous increments=7.875000e-01
 actual step time=8.375000e-01
 actual total time=8.375000e-01

 iteration 1

 Using up to 1 cpu(s) for the stress calculation.

 Using up to 1 cpu(s) for the symmetric stiffness/mass contributions.

 Factoring the system of equations using the symmetric spooles solver
 Using up to 1 cpu(s) for spooles.

 Using up to 1 cpu(s) for the stress calculation.

 average force= 0.000059
 time avg. forc= 0.000026
 largest residual force= 0.000004 in node 3337 and dof 1
 largest increment of disp= 1.624407e-04
 largest correction to disp= 4.546488e-05 in node 14258 and dof 1

 no convergence

 iteration 2

 Using up to 1 cpu(s) for the symmetric stiffness/mass contributions.

 Factoring the system of equations using the symmetric spooles solver
 Using up to 1 cpu(s) for spooles.

 Using up to 1 cpu(s) for the stress calculation.

 average force= 0.000059
 time avg. forc= 0.000026
 largest residual force= 0.000000 in node 3338 and dof 1
 largest increment of disp= 1.624407e-04
 largest correction to disp= 6.045494e-06 in node 14258 and dof 1

 convergence; the increment size is increased to 7.500000e-02

 the increment size exceeds the maximum allowed and is decreased to 5.000000e-02

 increment 19 attempt 1 
 increment size= 5.000000e-02
 sum of previous increments=8.375000e-01
 actual step time=8.875000e-01
 actual total time=8.875000e-01

 iteration 1

 Using up to 1 cpu(s) for the stress calculation.

 Using up to 1 cpu(s) for the symmetric stiffness/mass contributions.

 Factoring the system of equations using the symmetric spooles solver
 Using up to 1 cpu(s) for spooles.

 Using up to 1 cpu(s) for the stress calculation.

 average force= 0.000064
 time avg. forc= 0.000028
 largest residual force= 0.000005 in node 4089 and dof 1
 largest increment of disp= 1.383789e-04
 largest correction to disp= 2.039478e-05 in node 12039 and dof 1

 no convergence

 iteration 2

 Using up to 1 cpu(s) for the symmetric stiffness/mass contributions.

 Factoring the system of equations using the symmetric spooles solver
 Using up to 1 cpu(s) for spooles.

 Using up to 1 cpu(s) for the stress calculation.

 average force= 0.000064
 time avg. forc= 0.000028
 largest residual force= 0.000000 in node 851 and dof 1
 largest increment of disp= 1.383789e-04
 largest correction to disp= 9.764404e-07 in node 14249 and dof 1

 convergence; the increment size is increased to 7.500000e-02

 the increment size exceeds the maximum allowed and is decreased to 5.000000e-02

 increment 20 attempt 1 
 increment size= 5.000000e-02
 sum of previous increments=8.875000e-01
 actual step time=9.375000e-01
 actual total time=9.375000e-01

 iteration 1

 Using up to 1 cpu(s) for the stress calculation.

 Using up to 1 cpu(s) for the symmetric stiffness/mass contributions.

 Factoring the system of equations using the symmetric spooles solver
 Using up to 1 cpu(s) for spooles.

 Using up to 1 cpu(s) for the stress calculation.

 average force= 0.000069
 time avg. forc= 0.000030
 largest residual force= 0.000005 in node 4095 and dof 1
 largest increment of disp= 1.196267e-04
 largest correction to disp= 1.340353e-05 in node 12030 and dof 1

 no convergence

 iteration 2

 Using up to 1 cpu(s) for the symmetric stiffness/mass contributions.

 Factoring the system of equations using the symmetric spooles solver
 Using up to 1 cpu(s) for spooles.

 Using up to 1 cpu(s) for the stress calculation.

 average force= 0.000069
 time avg. forc= 0.000030
 largest residual force= 0.000000 in node 2177 and dof 1
 largest increment of disp= 1.196267e-04
 largest correction to disp= 3.547942e-07 in node 14249 and dof 1

 convergence; the increment size is increased to 7.500000e-02

 the increment size exceeds the maximum allowed and is decreased to 5.000000e-02

 Using up to 1 cpu(s) for the stress calculation.

 increment 21 attempt 1 
 increment size= 5.000000e-02
 sum of previous increments=9.375000e-01
 actual step time=9.875000e-01
 actual total time=9.875000e-01

 iteration 1

 Using up to 1 cpu(s) for the stress calculation.

 Using up to 1 cpu(s) for the symmetric stiffness/mass contributions.

 Factoring the system of equations using the symmetric spooles solver
 Using up to 1 cpu(s) for spooles.

 Using up to 1 cpu(s) for the stress calculation.

 average force= 0.000075
 time avg. forc= 0.000032
 largest residual force= 0.000005 in node 4087 and dof 1
 largest increment of disp= 1.091021e-04
 largest correction to disp= 9.460875e-06 in node 12039 and dof 1

 no convergence

 iteration 2

 Using up to 1 cpu(s) for the symmetric stiffness/mass contributions.

 Factoring the system of equations using the symmetric spooles solver
 Using up to 1 cpu(s) for spooles.

 Using up to 1 cpu(s) for the stress calculation.

 average force= 0.000075
 time avg. forc= 0.000032
 largest residual force= 0.000000 in node 2176 and dof 1
 largest increment of disp= 1.091021e-04
 largest correction to disp= 9.687627e-08 in node 12087 and dof 1

 convergence; the increment size is increased to 7.500000e-02

 the increment size exceeds the maximum allowed and is decreased to 5.000000e-02

 the increment size exceeds the remainder of the step and is decreased to 1.250000e-02

 increment 22 attempt 1 
 increment size= 1.250000e-02
 sum of previous increments=9.875000e-01
 actual step time=1.000000e+00
 actual total time=1.000000e+00

 iteration 1

 Using up to 1 cpu(s) for the stress calculation.

 Using up to 1 cpu(s) for the symmetric stiffness/mass contributions.

 Factoring the system of equations using the symmetric spooles solver
 Using up to 1 cpu(s) for spooles.

 Using up to 1 cpu(s) for the stress calculation.

 average force= 0.000076
 time avg. forc= 0.000034
 largest residual force= 0.000000 in node 4087 and dof 1
 largest increment of disp= 2.578544e-05
 largest correction to disp= 1.199808e-06 in node 12030 and dof 1

 no convergence

 iteration 2

 Using up to 1 cpu(s) for the symmetric stiffness/mass contributions.

 Factoring the system of equations using the symmetric spooles solver
 Using up to 1 cpu(s) for spooles.

 Using up to 1 cpu(s) for the stress calculation.

 average force= 0.000076
 time avg. forc= 0.000034
 largest residual force= 0.000000 in node 4093 and dof 1
 largest increment of disp= 2.578544e-05
 largest correction to disp= 2.974241e-08 in node 12093 and dof 1

 convergence; the increment size is increased to 1.875000e-02

 the increment size exceeds the remainder of the step and is decreased to 0.000000e+00

 Using up to 1 cpu(s) for the stress calculation.


 Job finished

________________________________________

Total CalculiX Time: 126.152918
________________________________________
=== on-caso-3-sf (CCX): renomeando outputs _Pc9034 ===
=== on-caso-3-sf (CCX): ccx2paraview nao encontrado dentro do container ===
    (rode no HOST: cd cases/on-caso-3-sf/ccx && /tmp/ccx2pv/bin/ccx2paraview on-caso-3-sf_Pc9034.frd vtu)

=== Concluido. Arquivos de saida: ===
  on-caso-3-sf.frd  - campos CalculiX (U, RF, S, E)
  on-caso-3-sf.dat  - totais RF/U nos NSETs monitorados
  on-caso-3-sf.sta  - status de convergencia por incremento Riks (lam_final)

Analise: python3 brunaStuff/analyze_on-caso-3-sf_pcontact_sweep.py
