 Container myopenfoam-fsi-run-7b8440eb3c4c Creating 
 Container myopenfoam-fsi-run-7b8440eb3c4c Created 
=== on-caso-2 (CCX): polyMesh -> CalculiX .inp ===
[1/5] Lendo polyMesh em ../solid/constant/polyMesh
      nodes=5317, faces=14796, cells=4752, patches=9, zones=['on', 'pia', 'sas', 'dura', 'lc', 'sclera_peri', 'sclera_ring', 'globo']
[2/5] Reconstruindo conectividade C3D8 (4752 celulas)
      OK
[3/5] Escrevendo malha em on-caso-2_mesh.inp
[4/5] Escrevendo Winkler em on-caso-2_winkler.inp
[5/5] Concluido. Total: 5317 nodes, 4752 hex C3D8I.
=== on-caso-2 (CCX): solver ccx_preCICE -i on-caso-2 ===

************************************************************

CalculiX Version 2.20, Copyright(C) 1998-2022 Guido Dhondt
CalculiX comes with ABSOLUTELY NO WARRANTY. This is free
software, and you are welcome to redistribute it under
certain conditions, see gpl.htm

************************************************************

You are using an executable made on Sun Jul 31 18:08:37 CEST 2022

  The numbers below are estimated upper bounds

  number of:

   nodes:        19822
   elements:         5001
   one-dimensional elements:            0
   two-dimensional elements:            0
   integration points per element:            8
   degrees of freedom per node:            3
   layers per element:            1

   distributed facial loads:            0
   distributed volumetric loads:            0
   concentrated loads:          419
   single point constraints:         3417
   multiple point constraints:            1
   terms in all multiple point constraints:            1
   tie constraints:            0
   dependent nodes tied by cyclic constraints:            0
   dependent nodes in pre-tension constraints:            0

   sets:          279
   terms in all sets:        18236

   materials:          257
   constants per material and temperature:            9
   temperature points per material:            1
   plastic data points per material:            0

   orientations:            1
   amplitudes:            7
   data points in all amplitudes:           10
   print requests:            8
   transformations:            0
   property cards:            0

 *INFO reading *HYPERELASTIC: nonlinear geometric
       effects are turned on

 *INFO reading *HYPERELASTIC: nonlinear geometric
       effects are turned on

 *INFO reading *HYPERELASTIC: nonlinear geometric
       effects are turned on

 *INFO reading *HYPERELASTIC: nonlinear geometric
       effects are turned on

 *INFO reading *HYPERELASTIC: nonlinear geometric
       effects are turned on

 *INFO reading *HYPERELASTIC: nonlinear geometric
       effects are turned on

 *INFO reading *HYPERELASTIC: nonlinear geometric
       effects are turned on

 *INFO reading *STEP: nonlinear geometric
       effects are turned on

 *WARNING reading *STATIC: parameter not recognized:
          RIKS
 *WARNING reading *STATIC. Card image:
          *STATIC,RIKS


 STEP            1

 Static analysis was selected

 Nonlinear material laws are taken into account

 Newton-Raphson iterative procedure is active

 Nonlinear geometric effects are taken into account

 Decascading the MPC's

 Determining the structure of the matrix:
 Using up to 1 cpu(s) for setting up the structure of the matrix.
 number of equations
 56265
 number of nonzero lower triangular matrix elements
 1607559

 increment 1 attempt 1 
 increment size= 2.500000e-02
 sum of previous increments=0.000000e+00
 actual step time=2.500000e-02
 actual total time=2.500000e-02

 iteration 1

 Using up to 1 cpu(s) for the stress calculation.

 Using up to 1 cpu(s) for the symmetric stiffness/mass contributions.

 Factoring the system of equations using the symmetric spooles solver
 Using up to 1 cpu(s) for spooles.

 Using up to 1 cpu(s) for the stress calculation.

 average force= 0.000006
 time avg. forc= 0.000006
 largest residual force= 0.000175 in node 2155 and dof 1
 largest increment of disp= 3.749543e-05
 largest correction to disp= 3.749543e-05 in node 4781 and dof 3

 no convergence

 iteration 2

 Using up to 1 cpu(s) for the symmetric stiffness/mass contributions.

 Factoring the system of equations using the symmetric spooles solver
 Using up to 1 cpu(s) for spooles.

 Using up to 1 cpu(s) for the stress calculation.

 average force= 0.000006
 time avg. forc= 0.000006
 largest residual force= 0.000000 in node 2162 and dof 1
 largest increment of disp= 3.749543e-05
 largest correction to disp= 7.957297e-07 in node 4335 and dof 3

 convergence

 increment 2 attempt 1 
 increment size= 2.500000e-02
 sum of previous increments=2.500000e-02
 actual step time=5.000000e-02
 actual total time=5.000000e-02

 iteration 1

 Using up to 1 cpu(s) for the stress calculation.

 Using up to 1 cpu(s) for the symmetric stiffness/mass contributions.

 Factoring the system of equations using the symmetric spooles solver
 Using up to 1 cpu(s) for spooles.

 Using up to 1 cpu(s) for the stress calculation.

 average force= 0.000013
 time avg. forc= 0.000010
 largest residual force= 0.000009 in node 2169 and dof 1
 largest increment of disp= 3.749567e-05
 largest correction to disp= 4.888189e-07 in node 11081 and dof 1

 no convergence

 iteration 2

 Using up to 1 cpu(s) for the symmetric stiffness/mass contributions.

 Factoring the system of equations using the symmetric spooles solver
 Using up to 1 cpu(s) for spooles.

 Using up to 1 cpu(s) for the stress calculation.

 average force= 0.000013
 time avg. forc= 0.000010
 largest residual force= 0.000000 in node 2184 and dof 1
 largest increment of disp= 3.749567e-05
 largest correction to disp= 1.382857e-09 in node 11117 and dof 1

 convergence; the increment size is increased to 3.750000e-02

 increment 3 attempt 1 
 increment size= 3.750000e-02
 sum of previous increments=5.000000e-02
 actual step time=8.750000e-02
 actual total time=8.750000e-02

 iteration 1

 Using up to 1 cpu(s) for the stress calculation.

 Using up to 1 cpu(s) for the symmetric stiffness/mass contributions.

 Factoring the system of equations using the symmetric spooles solver
 Using up to 1 cpu(s) for spooles.

 Using up to 1 cpu(s) for the stress calculation.

 average force= 0.000023
 time avg. forc= 0.000014
 largest residual force= 0.000115 in node 2169 and dof 1
 largest increment of disp= 5.624662e-05
 largest correction to disp= 1.780642e-06 in node 11084 and dof 1

 no convergence

 iteration 2

 Using up to 1 cpu(s) for the symmetric stiffness/mass contributions.

 Factoring the system of equations using the symmetric spooles solver
 Using up to 1 cpu(s) for spooles.

 Using up to 1 cpu(s) for the stress calculation.

 average force= 0.000023
 time avg. forc= 0.000014
 largest residual force= 0.000000 in node 2155 and dof 1
 largest increment of disp= 5.624662e-05
 largest correction to disp= 1.946434e-08 in node 11045 and dof 1

 convergence; the increment size is increased to 5.625000e-02

 the increment size exceeds the maximum allowed and is decreased to 5.000000e-02

 increment 4 attempt 1 
 increment size= 5.000000e-02
 sum of previous increments=8.750000e-02
 actual step time=1.375000e-01
 actual total time=1.375000e-01

 iteration 1

 Using up to 1 cpu(s) for the stress calculation.

 Using up to 1 cpu(s) for the symmetric stiffness/mass contributions.

 Factoring the system of equations using the symmetric spooles solver
 Using up to 1 cpu(s) for spooles.

 Using up to 1 cpu(s) for the stress calculation.

 average force= 0.000039
 time avg. forc= 0.000020
 largest residual force= 0.004121 in node 2176 and dof 1
 largest increment of disp= 7.501367e-05
 largest correction to disp= 1.060565e-05 in node 11081 and dof 1

 no convergence

 iteration 2

 Using up to 1 cpu(s) for the symmetric stiffness/mass contributions.

 Factoring the system of equations using the symmetric spooles solver
 Using up to 1 cpu(s) for spooles.

 Using up to 1 cpu(s) for the stress calculation.

 average force= 0.000038
 time avg. forc= 0.000020
 largest residual force= 0.000057 in node 2169 and dof 1
 largest increment of disp= 7.501367e-05
 largest correction to disp= 1.238029e-06 in node 11084 and dof 1

 no convergence

 iteration 3

 Using up to 1 cpu(s) for the symmetric stiffness/mass contributions.

 Factoring the system of equations using the symmetric spooles solver
 Using up to 1 cpu(s) for spooles.

 Using up to 1 cpu(s) for the stress calculation.

 average force= 0.000038
 time avg. forc= 0.000020
 largest residual force= 0.000020 in node 2176 and dof 1
 largest increment of disp= 7.501367e-05
 largest correction to disp= 7.335027e-07 in node 11099 and dof 1

 no convergence

 iteration 4

 Using up to 1 cpu(s) for the symmetric stiffness/mass contributions.

 Factoring the system of equations using the symmetric spooles solver
 Using up to 1 cpu(s) for spooles.

 Using up to 1 cpu(s) for the stress calculation.

 average force= 0.000038
 time avg. forc= 0.000020
 largest residual force= 0.000000 in node 2176 and dof 1
 largest increment of disp= 7.501367e-05
 largest correction to disp= 2.082325e-09 in node 11081 and dof 1

 convergence; the increment size is increased to 7.500000e-02

 the increment size exceeds the maximum allowed and is decreased to 5.000000e-02

 increment 5 attempt 1 
 increment size= 5.000000e-02
 sum of previous increments=1.375000e-01
 actual step time=1.875000e-01
 actual total time=1.875000e-01

 iteration 1

 Using up to 1 cpu(s) for the stress calculation.

 Using up to 1 cpu(s) for the symmetric stiffness/mass contributions.

 Factoring the system of equations using the symmetric spooles solver
 Using up to 1 cpu(s) for spooles.

 Using up to 1 cpu(s) for the stress calculation.

 average force= 0.000090
 time avg. forc= 0.000034
 largest residual force= 0.022878 in node 2370 and dof 2
 largest increment of disp= 7.539879e-05
 largest correction to disp= 2.760118e-05 in node 13122 and dof 1

 no convergence

 iteration 2

 Using up to 1 cpu(s) for the symmetric stiffness/mass contributions.

 Factoring the system of equations using the symmetric spooles solver
 Using up to 1 cpu(s) for spooles.

 Using up to 1 cpu(s) for the stress calculation.

 average force= 0.000076
 time avg. forc= 0.000031
 largest residual force= 0.023814 in node 2176 and dof 1
 largest increment of disp= 7.539879e-05
 largest correction to disp= 2.552863e-05 in node 11084 and dof 1

 no convergence

 iteration 3

 Using up to 1 cpu(s) for the symmetric stiffness/mass contributions.

 Factoring the system of equations using the symmetric spooles solver
 Using up to 1 cpu(s) for spooles.

 Using up to 1 cpu(s) for the stress calculation.

 average force= 0.000080
 time avg. forc= 0.000032
 largest residual force= 0.027380 in node 2311 and dof 1
 largest increment of disp= 7.539879e-05
 largest correction to disp= 2.729295e-05 in node 11444 and dof 1

 no convergence

 iteration 4

 Using up to 1 cpu(s) for the symmetric stiffness/mass contributions.

 Factoring the system of equations using the symmetric spooles solver
 Using up to 1 cpu(s) for spooles.

 Using up to 1 cpu(s) for the stress calculation.

 average force= 0.000068
 time avg. forc= 0.000029
 largest residual force= 0.003492 in node 2176 and dof 1
 largest increment of disp= 7.539879e-05
 largest correction to disp= 9.781970e-06 in node 11102 and dof 1

 no convergence

 iteration 5

 Using up to 1 cpu(s) for the symmetric stiffness/mass contributions.

 Factoring the system of equations using the symmetric spooles solver
 Using up to 1 cpu(s) for spooles.

 Using up to 1 cpu(s) for the stress calculation.

 average force= 0.000068
 time avg. forc= 0.000029
 largest residual force= 0.003671 in node 2311 and dof 1
 largest increment of disp= 7.539879e-05
 largest correction to disp= 1.003254e-05 in node 11462 and dof 1

 no convergence

 iteration 6

 Using up to 1 cpu(s) for the symmetric stiffness/mass contributions.

 Factoring the system of equations using the symmetric spooles solver
 Using up to 1 cpu(s) for spooles.

 Using up to 1 cpu(s) for the stress calculation.

 average force= 0.000067
 time avg. forc= 0.000029
 largest residual force= 0.000012 in node 2311 and dof 1
 largest increment of disp= 7.539879e-05
 largest correction to disp= 5.653466e-07 in node 11441 and dof 1

 no convergence

 iteration 7

 Using up to 1 cpu(s) for the symmetric stiffness/mass contributions.

 Factoring the system of equations using the symmetric spooles solver
 Using up to 1 cpu(s) for spooles.

 Using up to 1 cpu(s) for the stress calculation.

 average force= 0.000066
 time avg. forc= 0.000029
 largest residual force= 0.000256 in node 2311 and dof 1
 largest increment of disp= 7.539879e-05
 largest correction to disp= 2.660890e-06 in node 11462 and dof 1

 no convergence

 iteration 8

 Using up to 1 cpu(s) for the symmetric stiffness/mass contributions.

 Factoring the system of equations using the symmetric spooles solver
 Using up to 1 cpu(s) for spooles.

 Using up to 1 cpu(s) for the stress calculation.

 average force= 0.000067
 time avg. forc= 0.000029
 largest residual force= 0.001906 in node 2311 and dof 1
 largest increment of disp= 7.539879e-05
 largest correction to disp= 7.260935e-06 in node 11459 and dof 1

 divergence; the increment size is decreased to 1.250000e-02
 the increment is reattempted

 increment 5 attempt 2 
 increment size= 1.250000e-02
 sum of previous increments=1.375000e-01
 actual step time=1.500000e-01
 actual total time=1.500000e-01

 iteration 1

 Using up to 1 cpu(s) for the stress calculation.

 Using up to 1 cpu(s) for the symmetric stiffness/mass contributions.

 Factoring the system of equations using the symmetric spooles solver
 Using up to 1 cpu(s) for spooles.

 Using up to 1 cpu(s) for the stress calculation.

 average force= 0.000043
 time avg. forc= 0.000024
 largest residual force= 0.000905 in node 2176 and dof 1
 largest increment of disp= 1.884970e-05
 largest correction to disp= 4.966121e-06 in node 11099 and dof 1

 no convergence

 iteration 2

 Using up to 1 cpu(s) for the symmetric stiffness/mass contributions.

 Factoring the system of equations using the symmetric spooles solver
 Using up to 1 cpu(s) for spooles.

 Using up to 1 cpu(s) for the stress calculation.

 average force= 0.000043
 time avg. forc= 0.000025
 largest residual force= 0.000293 in node 2176 and dof 1
 largest increment of disp= 1.884970e-05
 largest correction to disp= 2.824970e-06 in node 11081 and dof 1

 no convergence

 iteration 3

 Using up to 1 cpu(s) for the symmetric stiffness/mass contributions.

 Factoring the system of equations using the symmetric spooles solver
 Using up to 1 cpu(s) for spooles.

 Using up to 1 cpu(s) for the stress calculation.

 average force= 0.000043
 time avg. forc= 0.000025
 largest residual force= 0.000006 in node 2176 and dof 1
 largest increment of disp= 1.884970e-05
 largest correction to disp= 4.134878e-07 in node 11102 and dof 1

 no convergence

 iteration 4

 Using up to 1 cpu(s) for the symmetric stiffness/mass contributions.

 Factoring the system of equations using the symmetric spooles solver
 Using up to 1 cpu(s) for spooles.

 Using up to 1 cpu(s) for the stress calculation.

 average force= 0.000043
 time avg. forc= 0.000025
 largest residual force= 0.000000 in node 2176 and dof 1
 largest increment of disp= 1.884970e-05
 largest correction to disp= 2.058417e-08 in node 11099 and dof 1

 convergence

 Using up to 1 cpu(s) for the stress calculation.

 increment 6 attempt 1 
 increment size= 1.250000e-02
 sum of previous increments=1.500000e-01
 actual step time=1.625000e-01
 actual total time=1.625000e-01

 iteration 1

 Using up to 1 cpu(s) for the stress calculation.

 Using up to 1 cpu(s) for the symmetric stiffness/mass contributions.

 Factoring the system of equations using the symmetric spooles solver
 Using up to 1 cpu(s) for spooles.

 Using up to 1 cpu(s) for the stress calculation.

 average force= 0.000049
 time avg. forc= 0.000029
 largest residual force= 0.000109 in node 2372 and dof 2
 largest increment of disp= 1.915813e-05
 largest correction to disp= 1.676026e-06 in node 11258 and dof 2

 no convergence

 iteration 2

 Using up to 1 cpu(s) for the symmetric stiffness/mass contributions.

 Factoring the system of equations using the symmetric spooles solver
 Using up to 1 cpu(s) for spooles.

 Using up to 1 cpu(s) for the stress calculation.

 average force= 0.000050
 time avg. forc= 0.000029
 largest residual force= 0.000623 in node 2176 and dof 1
 largest increment of disp= 1.915813e-05
 largest correction to disp= 4.130517e-06 in node 11099 and dof 1

 no convergence

 iteration 3

 Using up to 1 cpu(s) for the symmetric stiffness/mass contributions.

 Factoring the system of equations using the symmetric spooles solver
 Using up to 1 cpu(s) for spooles.

 Using up to 1 cpu(s) for the stress calculation.

 average force= 0.000050
 time avg. forc= 0.000029
 largest residual force= 0.000000 in node 2176 and dof 1
 largest increment of disp= 1.915813e-05
 largest correction to disp= 1.457045e-07 in node 11099 and dof 1

 convergence; the increment size is increased to 1.875000e-02

 increment 7 attempt 1 
 increment size= 1.875000e-02
 sum of previous increments=1.625000e-01
 actual step time=1.812500e-01
 actual total time=1.812500e-01

 iteration 1

 Using up to 1 cpu(s) for the stress calculation.

 Using up to 1 cpu(s) for the symmetric stiffness/mass contributions.

 Factoring the system of equations using the symmetric spooles solver
 Using up to 1 cpu(s) for spooles.

 Using up to 1 cpu(s) for the stress calculation.

 average force= 0.000062
 time avg. forc= 0.000033
 largest residual force= 0.000213 in node 2311 and dof 1
 largest increment of disp= 2.907155e-05
 largest correction to disp= 5.983297e-06 in node 11871 and dof 1

 no convergence

 iteration 2

 Using up to 1 cpu(s) for the symmetric stiffness/mass contributions.

 Factoring the system of equations using the symmetric spooles solver
 Using up to 1 cpu(s) for spooles.

 Using up to 1 cpu(s) for the stress calculation.

 average force= 0.000095
 time avg. forc= 0.000038
 largest residual force= 0.040376 in node 2311 and dof 1
 largest increment of disp= 3.330902e-05
 largest correction to disp= 3.330902e-05 in node 11462 and dof 1

 no convergence

 iteration 3

 Using up to 1 cpu(s) for the symmetric stiffness/mass contributions.

 Factoring the system of equations using the symmetric spooles solver
 Using up to 1 cpu(s) for spooles.

 Using up to 1 cpu(s) for the stress calculation.

 average force= 0.000062
 time avg. forc= 0.000034
 largest residual force= 0.000077 in node 2305 and dof 1
 largest increment of disp= 3.330902e-05
 largest correction to disp= 1.380399e-06 in node 11444 and dof 1

 no convergence

 iteration 4

 Using up to 1 cpu(s) for the symmetric stiffness/mass contributions.

 Factoring the system of equations using the symmetric spooles solver
 Using up to 1 cpu(s) for spooles.

 Using up to 1 cpu(s) for the stress calculation.

 average force= 0.000066
 time avg. forc= 0.000034
 largest residual force= 0.005941 in node 2311 and dof 1
 largest increment of disp= 3.330902e-05
 largest correction to disp= 1.283292e-05 in node 11462 and dof 1

 no convergence

 iteration 5

 Using up to 1 cpu(s) for the symmetric stiffness/mass contributions.

 Factoring the system of equations using the symmetric spooles solver
 Using up to 1 cpu(s) for spooles.

 Using up to 1 cpu(s) for the stress calculation.

 average force= 0.000062
 time avg. forc= 0.000033
 largest residual force= 0.000113 in node 2311 and dof 1
 largest increment of disp= 3.330902e-05
 largest correction to disp= 1.759120e-06 in node 11459 and dof 1

 divergence; the increment size is decreased to 4.687500e-03
 the increment is reattempted

 increment 7 attempt 2 
 increment size= 4.687500e-03
 sum of previous increments=1.625000e-01
 actual step time=1.671875e-01
 actual total time=1.671875e-01

 iteration 1

 Using up to 1 cpu(s) for the stress calculation.

 Using up to 1 cpu(s) for the symmetric stiffness/mass contributions.

 Factoring the system of equations using the symmetric spooles solver
 Using up to 1 cpu(s) for spooles.

 Using up to 1 cpu(s) for the stress calculation.

 average force= 0.000053
 time avg. forc= 0.000032
 largest residual force= 0.000013 in node 2371 and dof 2
 largest increment of disp= 7.267887e-06
 largest correction to disp= 6.181626e-07 in node 11871 and dof 1

 no convergence

 iteration 2

 Using up to 1 cpu(s) for the symmetric stiffness/mass contributions.

 Factoring the system of equations using the symmetric spooles solver
 Using up to 1 cpu(s) for spooles.

 Using up to 1 cpu(s) for the stress calculation.

 average force= 0.000053
 time avg. forc= 0.000032
 largest residual force= 0.000006 in node 2244 and dof 2
 largest increment of disp= 7.267887e-06
 largest correction to disp= 4.174627e-07 in node 11642 and dof 2

 no convergence

 iteration 3

 Using up to 1 cpu(s) for the symmetric stiffness/mass contributions.

 Factoring the system of equations using the symmetric spooles solver
 Using up to 1 cpu(s) for spooles.

 Using up to 1 cpu(s) for the stress calculation.

 average force= 0.000053
 time avg. forc= 0.000032
 largest residual force= 0.000000 in node 2176 and dof 1
 largest increment of disp= 7.267887e-06
 largest correction to disp= 2.372449e-09 in node 11099 and dof 1

 convergence

 increment 8 attempt 1 
 increment size= 4.687500e-03
 sum of previous increments=1.671875e-01
 actual step time=1.718750e-01
 actual total time=1.718750e-01

 iteration 1

 Using up to 1 cpu(s) for the stress calculation.

 Using up to 1 cpu(s) for the symmetric stiffness/mass contributions.

 Factoring the system of equations using the symmetric spooles solver
 Using up to 1 cpu(s) for spooles.

 Using up to 1 cpu(s) for the stress calculation.

 average force= 0.000056
 time avg. forc= 0.000035
 largest residual force= 0.000013 in node 2369 and dof 2
 largest increment of disp= 7.484661e-06
 largest correction to disp= 6.939032e-07 in node 13122 and dof 1

 no convergence

 iteration 2

 Using up to 1 cpu(s) for the symmetric stiffness/mass contributions.

 Factoring the system of equations using the symmetric spooles solver
 Using up to 1 cpu(s) for spooles.

 Using up to 1 cpu(s) for the stress calculation.

 average force= 0.000056
 time avg. forc= 0.000035
 largest residual force= 0.000007 in node 2311 and dof 1
 largest increment of disp= 7.484661e-06
 largest correction to disp= 4.251478e-07 in node 11459 and dof 1

 no convergence

 iteration 3

 Using up to 1 cpu(s) for the symmetric stiffness/mass contributions.

 Factoring the system of equations using the symmetric spooles solver
 Using up to 1 cpu(s) for spooles.

 Using up to 1 cpu(s) for the stress calculation.

 average force= 0.000056
 time avg. forc= 0.000035
 largest residual force= 0.000000 in node 2311 and dof 1
 largest increment of disp= 7.484661e-06
 largest correction to disp= 1.405594e-08 in node 11462 and dof 1

 convergence; the increment size is increased to 7.031250e-03

 increment 9 attempt 1 
 increment size= 7.031250e-03
 sum of previous increments=1.718750e-01
 actual step time=1.789063e-01
 actual total time=1.789063e-01

 iteration 1

 Using up to 1 cpu(s) for the stress calculation.

 Using up to 1 cpu(s) for the symmetric stiffness/mass contributions.

 Factoring the system of equations using the symmetric spooles solver
 Using up to 1 cpu(s) for spooles.

 Using up to 1 cpu(s) for the stress calculation.

 average force= 0.000061
 time avg. forc= 0.000038
 largest residual force= 0.001634 in node 2311 and dof 1
 largest increment of disp= 1.106568e-05
 largest correction to disp= 6.700713e-06 in node 11459 and dof 1

 no convergence

 iteration 2

 Using up to 1 cpu(s) for the symmetric stiffness/mass contributions.

 Factoring the system of equations using the symmetric spooles solver
 Using up to 1 cpu(s) for spooles.

 Using up to 1 cpu(s) for the stress calculation.

 average force= 0.000062
 time avg. forc= 0.000038
 largest residual force= 0.000530 in node 2311 and dof 1
 largest increment of disp= 1.106568e-05
 largest correction to disp= 3.813106e-06 in node 11459 and dof 1

 no convergence

 iteration 3

 Using up to 1 cpu(s) for the symmetric stiffness/mass contributions.

 Factoring the system of equations using the symmetric spooles solver
 Using up to 1 cpu(s) for spooles.

 Using up to 1 cpu(s) for the stress calculation.

 average force= 0.000079
 time avg. forc= 0.000040
 largest residual force= 0.020825 in node 2311 and dof 1
 largest increment of disp= 2.386533e-05
 largest correction to disp= 2.386533e-05 in node 11462 and dof 1

 no convergence

 iteration 4

 Using up to 1 cpu(s) for the symmetric stiffness/mass contributions.

 Factoring the system of equations using the symmetric spooles solver
 Using up to 1 cpu(s) for spooles.

 Using up to 1 cpu(s) for the stress calculation.

 average force= 0.000065
 time avg. forc= 0.000038
 largest residual force= 0.000014 in node 2305 and dof 1
 largest increment of disp= 2.386533e-05
 largest correction to disp= 6.194220e-07 in node 13122 and dof 1

 no convergence

 iteration 5

 Using up to 1 cpu(s) for the symmetric stiffness/mass contributions.

 Factoring the system of equations using the symmetric spooles solver
 Using up to 1 cpu(s) for spooles.

 Using up to 1 cpu(s) for the stress calculation.

 average force= 0.000069
 time avg. forc= 0.000039
 largest residual force= 0.005524 in node 2311 and dof 1
 largest increment of disp= 2.386533e-05
 largest correction to disp= 1.226394e-05 in node 11441 and dof 1

 no convergence

 iteration 6

 Using up to 1 cpu(s) for the symmetric stiffness/mass contributions.

 Factoring the system of equations using the symmetric spooles solver
 Using up to 1 cpu(s) for spooles.

 Using up to 1 cpu(s) for the stress calculation.

 average force= 0.000066
 time avg. forc= 0.000039
 largest residual force= 0.000027 in node 2311 and dof 1
 largest increment of disp= 2.386533e-05
 largest correction to disp= 8.699745e-07 in node 11459 and dof 1

 divergence; the increment size is decreased to 1.757813e-03
 the increment is reattempted

 increment 9 attempt 2 
 increment size= 1.757813e-03
 sum of previous increments=1.718750e-01
 actual step time=1.736328e-01
 actual total time=1.736328e-01

 iteration 1

 Using up to 1 cpu(s) for the stress calculation.

 Using up to 1 cpu(s) for the symmetric stiffness/mass contributions.

 Factoring the system of equations using the symmetric spooles solver
 Using up to 1 cpu(s) for spooles.

 Using up to 1 cpu(s) for the stress calculation.

 average force= 0.000057
 time avg. forc= 0.000038
 largest residual force= 0.000024 in node 2311 and dof 1
 largest increment of disp= 2.766420e-06
 largest correction to disp= 8.069326e-07 in node 11462 and dof 1

 no convergence

 iteration 2

 Using up to 1 cpu(s) for the symmetric stiffness/mass contributions.

 Factoring the system of equations using the symmetric spooles solver
 Using up to 1 cpu(s) for spooles.

 Using up to 1 cpu(s) for the stress calculation.

 average force= 0.000057
 time avg. forc= 0.000038
 largest residual force= 0.000002 in node 2311 and dof 1
 largest increment of disp= 2.766420e-06
 largest correction to disp= 2.187354e-07 in node 11459 and dof 1

 no convergence

 iteration 3

 Using up to 1 cpu(s) for the symmetric stiffness/mass contributions.

 Factoring the system of equations using the symmetric spooles solver
 Using up to 1 cpu(s) for spooles.

 Using up to 1 cpu(s) for the stress calculation.

 average force= 0.000057
 time avg. forc= 0.000038
 largest residual force= 0.000000 in node 2311 and dof 1
 largest increment of disp= 2.766420e-06
 largest correction to disp= 1.381982e-08 in node 11462 and dof 1

 convergence

 increment 10 attempt 1 
 increment size= 1.757813e-03
 sum of previous increments=1.736328e-01
 actual step time=1.753906e-01
 actual total time=1.753906e-01

 iteration 1

 Using up to 1 cpu(s) for the stress calculation.

 Using up to 1 cpu(s) for the symmetric stiffness/mass contributions.

 Factoring the system of equations using the symmetric spooles solver
 Using up to 1 cpu(s) for spooles.

 Using up to 1 cpu(s) for the stress calculation.

 average force= 0.000059
 time avg. forc= 0.000040
 largest residual force= 0.000131 in node 2311 and dof 1
 largest increment of disp= 2.735372e-06
 largest correction to disp= 1.896421e-06 in node 11459 and dof 1

 no convergence

 iteration 2

 Using up to 1 cpu(s) for the symmetric stiffness/mass contributions.

 Factoring the system of equations using the symmetric spooles solver
 Using up to 1 cpu(s) for spooles.

 Using up to 1 cpu(s) for the stress calculation.

 average force= 0.000059
 time avg. forc= 0.000040
 largest residual force= 0.000072 in node 2311 and dof 1
 largest increment of disp= 2.735372e-06
 largest correction to disp= 1.404224e-06 in node 11462 and dof 1

 no convergence

 iteration 3

 Using up to 1 cpu(s) for the symmetric stiffness/mass contributions.

 Factoring the system of equations using the symmetric spooles solver
 Using up to 1 cpu(s) for spooles.

 Using up to 1 cpu(s) for the stress calculation.

 average force= 0.000059
 time avg. forc= 0.000040
 largest residual force= 0.000035 in node 2311 and dof 1
 largest increment of disp= 2.735372e-06
 largest correction to disp= 9.857686e-07 in node 11462 and dof 1

 no convergence

 iteration 4

 Using up to 1 cpu(s) for the symmetric stiffness/mass contributions.

 Factoring the system of equations using the symmetric spooles solver
 Using up to 1 cpu(s) for spooles.

 Using up to 1 cpu(s) for the stress calculation.

 average force= 0.000059
 time avg. forc= 0.000040
 largest residual force= 0.000010 in node 2311 and dof 1
 largest increment of disp= 2.735372e-06
 largest correction to disp= 5.177255e-07 in node 11459 and dof 1

 no convergence

 iteration 5

 Using up to 1 cpu(s) for the symmetric stiffness/mass contributions.

 Factoring the system of equations using the symmetric spooles solver
 Using up to 1 cpu(s) for spooles.

 Using up to 1 cpu(s) for the stress calculation.

 average force= 0.000059
 time avg. forc= 0.000040
 largest residual force= 0.000000 in node 2311 and dof 1
 largest increment of disp= 2.735372e-06
 largest correction to disp= 1.638464e-07 in node 11459 and dof 1

 convergence

 Using up to 1 cpu(s) for the stress calculation.

 increment 11 attempt 1 
 increment size= 1.757813e-03
 sum of previous increments=1.753906e-01
 actual step time=1.771484e-01
 actual total time=1.771484e-01

 iteration 1

 Using up to 1 cpu(s) for the stress calculation.

 Using up to 1 cpu(s) for the symmetric stiffness/mass contributions.

 Factoring the system of equations using the symmetric spooles solver
 Using up to 1 cpu(s) for spooles.

 Using up to 1 cpu(s) for the stress calculation.

 average force= 0.000061
 time avg. forc= 0.000042
 largest residual force= 0.000056 in node 2311 and dof 1
 largest increment of disp= 5.875338e-06
 largest correction to disp= 1.239806e-06 in node 11444 and dof 1

 no convergence

 iteration 2

 Using up to 1 cpu(s) for the symmetric stiffness/mass contributions.

 Factoring the system of equations using the symmetric spooles solver
 Using up to 1 cpu(s) for spooles.

 Using up to 1 cpu(s) for the stress calculation.

 average force= 0.000190
 time avg. forc= 0.000053
 largest residual force= 0.156463 in node 2311 and dof 1
 largest increment of disp= 6.539967e-05
 largest correction to disp= 6.539967e-05 in node 11459 and dof 1

 no convergence

 iteration 3

 Using up to 1 cpu(s) for the symmetric stiffness/mass contributions.

 Factoring the system of equations using the symmetric spooles solver
 Using up to 1 cpu(s) for spooles.

 Using up to 1 cpu(s) for the stress calculation.

 average force= 0.000061
 time avg. forc= 0.000042
 largest residual force= 0.000177 in node 2311 and dof 1
 largest increment of disp= 6.539967e-05
 largest correction to disp= 1.643265e-06 in node 13122 and dof 1

 no convergence

 iteration 4

 Using up to 1 cpu(s) for the symmetric stiffness/mass contributions.

 Factoring the system of equations using the symmetric spooles solver
 Using up to 1 cpu(s) for spooles.

 Using up to 1 cpu(s) for the stress calculation.

 average force= 0.000068
 time avg. forc= 0.000042
 largest residual force= 0.014135 in node 2311 and dof 1
 largest increment of disp= 6.539967e-05
 largest correction to disp= 1.965991e-05 in node 11459 and dof 1

 no convergence

 iteration 5

 Using up to 1 cpu(s) for the symmetric stiffness/mass contributions.

 Factoring the system of equations using the symmetric spooles solver
 Using up to 1 cpu(s) for spooles.

 Using up to 1 cpu(s) for the stress calculation.

 average force= 0.000059
 time avg. forc= 0.000041
 largest residual force= 0.000216 in node 2311 and dof 1
 largest increment of disp= 6.539967e-05
 largest correction to disp= 2.424617e-06 in node 11444 and dof 1

 divergence; the increment size is decreased to 4.394531e-04
 the increment is reattempted

 increment 11 attempt 2 
 increment size= 4.394531e-04
 sum of previous increments=1.753906e-01
 actual step time=1.758301e-01
 actual total time=1.758301e-01

 iteration 1

 Using up to 1 cpu(s) for the stress calculation.

 Using up to 1 cpu(s) for the symmetric stiffness/mass contributions.

 Factoring the system of equations using the symmetric spooles solver
 Using up to 1 cpu(s) for spooles.

 Using up to 1 cpu(s) for the stress calculation.

 average force= 0.000059
 time avg. forc= 0.000041
 largest residual force= 0.000043 in node 2311 and dof 1
 largest increment of disp= 1.468834e-06
 largest correction to disp= 1.086972e-06 in node 11462 and dof 1

 no convergence

 iteration 2

 Using up to 1 cpu(s) for the symmetric stiffness/mass contributions.

 Factoring the system of equations using the symmetric spooles solver
 Using up to 1 cpu(s) for spooles.

 Using up to 1 cpu(s) for the stress calculation.

 average force= 0.000060
 time avg. forc= 0.000042
 largest residual force= 0.001520 in node 2311 and dof 1
 largest increment of disp= 6.449832e-06
 largest correction to disp= 6.449832e-06 in node 11459 and dof 1

 no convergence

 iteration 3

 Using up to 1 cpu(s) for the symmetric stiffness/mass contributions.

 Factoring the system of equations using the symmetric spooles solver
 Using up to 1 cpu(s) for spooles.

 Using up to 1 cpu(s) for the stress calculation.

 average force= 0.000060
 time avg. forc= 0.000042
 largest residual force= 0.000001 in node 2311 and dof 1
 largest increment of disp= 6.449832e-06
 largest correction to disp= 1.689199e-07 in node 11444 and dof 1

 no convergence

 iteration 4

 Using up to 1 cpu(s) for the symmetric stiffness/mass contributions.

 Factoring the system of equations using the symmetric spooles solver
 Using up to 1 cpu(s) for spooles.

 Using up to 1 cpu(s) for the stress calculation.

 average force= 0.000060
 time avg. forc= 0.000042
 largest residual force= 0.000261 in node 2311 and dof 1
 largest increment of disp= 6.449832e-06
 largest correction to disp= 2.667229e-06 in node 11462 and dof 1

 no convergence

 iteration 5

 Using up to 1 cpu(s) for the symmetric stiffness/mass contributions.

 Factoring the system of equations using the symmetric spooles solver
 Using up to 1 cpu(s) for spooles.

 Using up to 1 cpu(s) for the stress calculation.

 average force= 0.000060
 time avg. forc= 0.000042
 largest residual force= 0.000001 in node 2311 and dof 1
 largest increment of disp= 6.449832e-06
 largest correction to disp= 1.667527e-07 in node 11462 and dof 1

 no convergence

 iteration 6

 Using up to 1 cpu(s) for the symmetric stiffness/mass contributions.

 Factoring the system of equations using the symmetric spooles solver
 Using up to 1 cpu(s) for spooles.

 Using up to 1 cpu(s) for the stress calculation.

 average force= 0.000060
 time avg. forc= 0.000042
 largest residual force= 0.000004 in node 2311 and dof 1
 largest increment of disp= 6.449832e-06
 largest correction to disp= 3.378322e-07 in node 11462 and dof 1

 no convergence

 iteration 7

 Using up to 1 cpu(s) for the symmetric stiffness/mass contributions.

 Factoring the system of equations using the symmetric spooles solver
 Using up to 1 cpu(s) for spooles.

 Using up to 1 cpu(s) for the stress calculation.

 average force= 0.000060
 time avg. forc= 0.000042
 largest residual force= 0.000000 in node 2311 and dof 1
 largest increment of disp= 6.449832e-06
 largest correction to disp= 1.363941e-08 in node 11462 and dof 1

 convergence

 increment 12 attempt 1 
 increment size= 4.394531e-04
 sum of previous increments=1.758301e-01
 actual step time=1.762695e-01
 actual total time=1.762695e-01

 iteration 1

 Using up to 1 cpu(s) for the stress calculation.

 Using up to 1 cpu(s) for the symmetric stiffness/mass contributions.

 Factoring the system of equations using the symmetric spooles solver
 Using up to 1 cpu(s) for spooles.

 Using up to 1 cpu(s) for the stress calculation.

 average force= 0.000062
 time avg. forc= 0.000043
 largest residual force= 0.000004 in node 2370 and dof 2
 largest increment of disp= 1.131884e-05
 largest correction to disp= 3.524846e-07 in node 11264 and dof 2

 no convergence

 iteration 2

 Using up to 1 cpu(s) for the symmetric stiffness/mass contributions.

 Factoring the system of equations using the symmetric spooles solver
 Using up to 1 cpu(s) for spooles.

 Using up to 1 cpu(s) for the stress calculation.

 average force= 0.000062
 time avg. forc= 0.000043
 largest residual force= 0.000390 in node 2311 and dof 1
 largest increment of disp= 1.131884e-05
 largest correction to disp= 3.260333e-06 in node 11459 and dof 1

 no convergence

 iteration 3

 Using up to 1 cpu(s) for the symmetric stiffness/mass contributions.

 Factoring the system of equations using the symmetric spooles solver
 Using up to 1 cpu(s) for spooles.

 Using up to 1 cpu(s) for the stress calculation.

 average force= 0.000061
 time avg. forc= 0.000043
 largest residual force= 0.000006 in node 2311 and dof 1
 largest increment of disp= 1.131884e-05
 largest correction to disp= 4.194702e-07 in node 11462 and dof 1

 no convergence

 iteration 4

 Using up to 1 cpu(s) for the symmetric stiffness/mass contributions.

 Factoring the system of equations using the symmetric spooles solver
 Using up to 1 cpu(s) for spooles.

 Using up to 1 cpu(s) for the stress calculation.

 average force= 0.000061
 time avg. forc= 0.000043
 largest residual force= 0.000009 in node 2311 and dof 1
 largest increment of disp= 1.131884e-05
 largest correction to disp= 4.859871e-07 in node 11459 and dof 1

 no convergence

 iteration 5

 Using up to 1 cpu(s) for the symmetric stiffness/mass contributions.

 Factoring the system of equations using the symmetric spooles solver
 Using up to 1 cpu(s) for spooles.

 Using up to 1 cpu(s) for the stress calculation.

 average force= 0.000061
 time avg. forc= 0.000043
 largest residual force= 0.000000 in node 2311 and dof 1
 largest increment of disp= 1.131884e-05
 largest correction to disp= 2.643943e-08 in node 11459 and dof 1

 convergence

 increment 13 attempt 1 
 increment size= 4.394531e-04
 sum of previous increments=1.762695e-01
 actual step time=1.767090e-01
 actual total time=1.767090e-01

 iteration 1

 Using up to 1 cpu(s) for the stress calculation.

 Using up to 1 cpu(s) for the symmetric stiffness/mass contributions.

 Factoring the system of equations using the symmetric spooles solver
 Using up to 1 cpu(s) for spooles.

 Using up to 1 cpu(s) for the stress calculation.

 average force= 0.000063
 time avg. forc= 0.000045
 largest residual force= 0.000004 in node 2317 and dof 1
 largest increment of disp= 7.047168e-06
 largest correction to disp= 3.209377e-07 in node 11462 and dof 1

 no convergence

 iteration 2

 Using up to 1 cpu(s) for the symmetric stiffness/mass contributions.

 Factoring the system of equations using the symmetric spooles solver
 Using up to 1 cpu(s) for spooles.

 Using up to 1 cpu(s) for the stress calculation.

 average force= 0.000062
 time avg. forc= 0.000045
 largest residual force= 0.000157 in node 2311 and dof 1
 largest increment of disp= 7.047168e-06
 largest correction to disp= 2.066080e-06 in node 11444 and dof 1

 no convergence

 iteration 3

 Using up to 1 cpu(s) for the symmetric stiffness/mass contributions.

 Factoring the system of equations using the symmetric spooles solver
 Using up to 1 cpu(s) for spooles.

 Using up to 1 cpu(s) for the stress calculation.

 average force= 0.000062
 time avg. forc= 0.000045
 largest residual force= 0.000002 in node 2311 and dof 1
 largest increment of disp= 7.047168e-06
 largest correction to disp= 2.218408e-07 in node 11459 and dof 1

 no convergence

 iteration 4

 Using up to 1 cpu(s) for the symmetric stiffness/mass contributions.

 Factoring the system of equations using the symmetric spooles solver
 Using up to 1 cpu(s) for spooles.

 Using up to 1 cpu(s) for the stress calculation.

 average force= 0.000062
 time avg. forc= 0.000045
 largest residual force= 0.000000 in node 2311 and dof 1
 largest increment of disp= 7.047168e-06
 largest correction to disp= 7.024530e-08 in node 11462 and dof 1

 convergence

 increment 14 attempt 1 
 increment size= 4.394531e-04
 sum of previous increments=1.767090e-01
 actual step time=1.771484e-01
 actual total time=1.771484e-01

 iteration 1

 Using up to 1 cpu(s) for the stress calculation.

 Using up to 1 cpu(s) for the symmetric stiffness/mass contributions.

 Factoring the system of equations using the symmetric spooles solver
 Using up to 1 cpu(s) for spooles.

 Using up to 1 cpu(s) for the stress calculation.

 average force= 0.000063
 time avg. forc= 0.000046
 largest residual force= 0.000004 in node 2311 and dof 1
 largest increment of disp= 4.368513e-06
 largest correction to disp= 3.116655e-07 in node 11459 and dof 1

 no convergence

 iteration 2

 Using up to 1 cpu(s) for the symmetric stiffness/mass contributions.

 Factoring the system of equations using the symmetric spooles solver
 Using up to 1 cpu(s) for spooles.

 Using up to 1 cpu(s) for the stress calculation.

 average force= 0.000063
 time avg. forc= 0.000046
 largest residual force= 0.000016 in node 2311 and dof 1
 largest increment of disp= 4.368513e-06
 largest correction to disp= 6.546440e-07 in node 11444 and dof 1

 no convergence

 iteration 3

 Using up to 1 cpu(s) for the symmetric stiffness/mass contributions.

 Factoring the system of equations using the symmetric spooles solver
 Using up to 1 cpu(s) for spooles.

 Using up to 1 cpu(s) for the stress calculation.

 average force= 0.000063
 time avg. forc= 0.000046
 largest residual force= 0.000000 in node 2311 and dof 1
 largest increment of disp= 4.368513e-06
 largest correction to disp= 2.587089e-08 in node 11459 and dof 1

 convergence; the increment size is increased to 6.591797e-04

 increment 15 attempt 1 
 increment size= 6.591797e-04
 sum of previous increments=1.771484e-01
 actual step time=1.778076e-01
 actual total time=1.778076e-01

 iteration 1

 Using up to 1 cpu(s) for the stress calculation.

 Using up to 1 cpu(s) for the symmetric stiffness/mass contributions.

 Factoring the system of equations using the symmetric spooles solver
 Using up to 1 cpu(s) for spooles.

 Using up to 1 cpu(s) for the stress calculation.

 average force= 0.000064
 time avg. forc= 0.000047
 largest residual force= 0.000004 in node 2311 and dof 1
 largest increment of disp= 5.065286e-06
 largest correction to disp= 3.405068e-07 in node 11459 and dof 1

 no convergence

 iteration 2

 Using up to 1 cpu(s) for the symmetric stiffness/mass contributions.

 Factoring the system of equations using the symmetric spooles solver
 Using up to 1 cpu(s) for spooles.

 Using up to 1 cpu(s) for the stress calculation.

 average force= 0.000064
 time avg. forc= 0.000047
 largest residual force= 0.000013 in node 2311 and dof 1
 largest increment of disp= 5.065286e-06
 largest correction to disp= 5.988356e-07 in node 11444 and dof 1

 no convergence

 iteration 3

 Using up to 1 cpu(s) for the symmetric stiffness/mass contributions.

 Factoring the system of equations using the symmetric spooles solver
 Using up to 1 cpu(s) for spooles.

 Using up to 1 cpu(s) for the stress calculation.

 average force= 0.000064
 time avg. forc= 0.000047
 largest residual force= 0.000000 in node 2311 and dof 1
 largest increment of disp= 5.065286e-06
 largest correction to disp= 1.909541e-08 in node 11459 and dof 1

 convergence; the increment size is increased to 9.887695e-04

 Using up to 1 cpu(s) for the stress calculation.

 increment 16 attempt 1 
 increment size= 9.887695e-04
 sum of previous increments=1.778076e-01
 actual step time=1.787964e-01
 actual total time=1.787964e-01

 iteration 1

 Using up to 1 cpu(s) for the stress calculation.

 Using up to 1 cpu(s) for the symmetric stiffness/mass contributions.

 Factoring the system of equations using the symmetric spooles solver
 Using up to 1 cpu(s) for spooles.

 Using up to 1 cpu(s) for the stress calculation.

 average force= 0.000066
 time avg. forc= 0.000048
 largest residual force= 0.000006 in node 2311 and dof 1
 largest increment of disp= 6.161911e-06
 largest correction to disp= 4.023030e-07 in node 11462 and dof 1

 no convergence

 iteration 2

 Using up to 1 cpu(s) for the symmetric stiffness/mass contributions.

 Factoring the system of equations using the symmetric spooles solver
 Using up to 1 cpu(s) for spooles.

 Using up to 1 cpu(s) for the stress calculation.

 average force= 0.000066
 time avg. forc= 0.000048
 largest residual force= 0.000021 in node 2311 and dof 1
 largest increment of disp= 6.161911e-06
 largest correction to disp= 7.637508e-07 in node 11444 and dof 1

 no convergence

 iteration 3

 Using up to 1 cpu(s) for the symmetric stiffness/mass contributions.

 Factoring the system of equations using the symmetric spooles solver
 Using up to 1 cpu(s) for spooles.

 Using up to 1 cpu(s) for the stress calculation.

 average force= 0.000066
 time avg. forc= 0.000048
 largest residual force= 0.000000 in node 2311 and dof 1
 largest increment of disp= 6.161911e-06
 largest correction to disp= 2.639735e-08 in node 11441 and dof 1

 convergence; the increment size is increased to 1.483154e-03

 increment 17 attempt 1 
 increment size= 1.483154e-03
 sum of previous increments=1.787964e-01
 actual step time=1.802795e-01
 actual total time=1.802795e-01

 iteration 1

 Using up to 1 cpu(s) for the stress calculation.

 Using up to 1 cpu(s) for the symmetric stiffness/mass contributions.

 Factoring the system of equations using the symmetric spooles solver
 Using up to 1 cpu(s) for spooles.

 Using up to 1 cpu(s) for the stress calculation.

 average force= 0.000068
 time avg. forc= 0.000049
 largest residual force= 0.000008 in node 2311 and dof 1
 largest increment of disp= 7.457713e-06
 largest correction to disp= 4.735258e-07 in node 11462 and dof 1

 no convergence

 iteration 2

 Using up to 1 cpu(s) for the symmetric stiffness/mass contributions.

 Factoring the system of equations using the symmetric spooles solver
 Using up to 1 cpu(s) for spooles.

 Using up to 1 cpu(s) for the stress calculation.

 average force= 0.000067
 time avg. forc= 0.000049
 largest residual force= 0.000033 in node 2311 and dof 1
 largest increment of disp= 7.457713e-06
 largest correction to disp= 9.537955e-07 in node 11444 and dof 1

 no convergence

 iteration 3

 Using up to 1 cpu(s) for the symmetric stiffness/mass contributions.

 Factoring the system of equations using the symmetric spooles solver
 Using up to 1 cpu(s) for spooles.

 Using up to 1 cpu(s) for the stress calculation.

 average force= 0.000067
 time avg. forc= 0.000049
 largest residual force= 0.000000 in node 2311 and dof 1
 largest increment of disp= 7.457713e-06
 largest correction to disp= 3.492314e-08 in node 11441 and dof 1

 convergence; the increment size is increased to 2.224731e-03

 increment 18 attempt 1 
 increment size= 2.224731e-03
 sum of previous increments=1.802795e-01
 actual step time=1.825043e-01
 actual total time=1.825043e-01

 iteration 1

 Using up to 1 cpu(s) for the stress calculation.

 Using up to 1 cpu(s) for the symmetric stiffness/mass contributions.

 Factoring the system of equations using the symmetric spooles solver
 Using up to 1 cpu(s) for spooles.

 Using up to 1 cpu(s) for the stress calculation.

 average force= 0.000070
 time avg. forc= 0.000051
 largest residual force= 0.000011 in node 2317 and dof 1
 largest increment of disp= 8.999667e-06
 largest correction to disp= 5.561900e-07 in node 11459 and dof 1

 no convergence

 iteration 2

 Using up to 1 cpu(s) for the symmetric stiffness/mass contributions.

 Factoring the system of equations using the symmetric spooles solver
 Using up to 1 cpu(s) for spooles.

 Using up to 1 cpu(s) for the stress calculation.

 average force= 0.000070
 time avg. forc= 0.000051
 largest residual force= 0.000051 in node 2311 and dof 1
 largest increment of disp= 8.999667e-06
 largest correction to disp= 1.174409e-06 in node 11441 and dof 1

 no convergence

 iteration 3

 Using up to 1 cpu(s) for the symmetric stiffness/mass contributions.

 Factoring the system of equations using the symmetric spooles solver
 Using up to 1 cpu(s) for spooles.

 Using up to 1 cpu(s) for the stress calculation.

 average force= 0.000070
 time avg. forc= 0.000051
 largest residual force= 0.000000 in node 2311 and dof 1
 largest increment of disp= 8.999667e-06
 largest correction to disp= 4.490236e-08 in node 11444 and dof 1

 convergence; the increment size is increased to 3.337097e-03

 increment 19 attempt 1 
 increment size= 3.337097e-03
 sum of previous increments=1.825043e-01
 actual step time=1.858414e-01
 actual total time=1.858414e-01

 iteration 1

 Using up to 1 cpu(s) for the stress calculation.

 Using up to 1 cpu(s) for the symmetric stiffness/mass contributions.

 Factoring the system of equations using the symmetric spooles solver
 Using up to 1 cpu(s) for spooles.

 Using up to 1 cpu(s) for the stress calculation.

 average force= 0.000074
 time avg. forc= 0.000052
 largest residual force= 0.000016 in node 2317 and dof 1
 largest increment of disp= 1.084699e-05
 largest correction to disp= 7.752608e-07 in node 13124 and dof 1

 no convergence

 iteration 2

 Using up to 1 cpu(s) for the symmetric stiffness/mass contributions.

 Factoring the system of equations using the symmetric spooles solver
 Using up to 1 cpu(s) for spooles.

 Using up to 1 cpu(s) for the stress calculation.

 average force= 0.000074
 time avg. forc= 0.000052
 largest residual force= 0.000075 in node 2311 and dof 1
 largest increment of disp= 1.084699e-05
 largest correction to disp= 1.433416e-06 in node 11444 and dof 1

 no convergence

 iteration 3

 Using up to 1 cpu(s) for the symmetric stiffness/mass contributions.

 Factoring the system of equations using the symmetric spooles solver
 Using up to 1 cpu(s) for spooles.

 Using up to 1 cpu(s) for the stress calculation.

 average force= 0.000074
 time avg. forc= 0.000052
 largest residual force= 0.000000 in node 2311 and dof 1
 largest increment of disp= 1.084699e-05
 largest correction to disp= 5.685552e-08 in node 11444 and dof 1

 convergence; the increment size is increased to 5.005646e-03

 increment 20 attempt 1 
 increment size= 5.005646e-03
 sum of previous increments=1.858414e-01
 actual step time=1.908470e-01
 actual total time=1.908470e-01

 iteration 1

 Using up to 1 cpu(s) for the stress calculation.

 Using up to 1 cpu(s) for the symmetric stiffness/mass contributions.

 Factoring the system of equations using the symmetric spooles solver
 Using up to 1 cpu(s) for spooles.

 Using up to 1 cpu(s) for the stress calculation.

 average force= 0.000079
 time avg. forc= 0.000053
 largest residual force= 0.000022 in node 2317 and dof 1
 largest increment of disp= 1.307106e-05
 largest correction to disp= 1.927645e-06 in node 15270 and dof 1

 no convergence

 iteration 2

 Using up to 1 cpu(s) for the symmetric stiffness/mass contributions.

 Factoring the system of equations using the symmetric spooles solver
 Using up to 1 cpu(s) for spooles.

 Using up to 1 cpu(s) for the stress calculation.

 average force= 0.000079
 time avg. forc= 0.000053
 largest residual force= 0.000110 in node 2311 and dof 1
 largest increment of disp= 1.307106e-05
 largest correction to disp= 1.736069e-06 in node 11441 and dof 1

 no convergence

 iteration 3

 Using up to 1 cpu(s) for the symmetric stiffness/mass contributions.

 Factoring the system of equations using the symmetric spooles solver
 Using up to 1 cpu(s) for spooles.

 Using up to 1 cpu(s) for the stress calculation.

 average force= 0.000079
 time avg. forc= 0.000053
 largest residual force= 0.000000 in node 2311 and dof 1
 largest increment of disp= 1.307106e-05
 largest correction to disp= 7.121070e-08 in node 11441 and dof 1

 convergence; the increment size is increased to 7.508469e-03

 Using up to 1 cpu(s) for the stress calculation.

 increment 21 attempt 1 
 increment size= 7.508469e-03
 sum of previous increments=1.908470e-01
 actual step time=1.983555e-01
 actual total time=1.983555e-01

 iteration 1

 Using up to 1 cpu(s) for the stress calculation.

 Using up to 1 cpu(s) for the symmetric stiffness/mass contributions.

 Factoring the system of equations using the symmetric spooles solver
 Using up to 1 cpu(s) for spooles.

 Using up to 1 cpu(s) for the stress calculation.

 average force= 0.000087
 time avg. forc= 0.000055
 largest residual force= 0.000031 in node 2317 and dof 1
 largest increment of disp= 2.134077e-05
 largest correction to disp= 4.880031e-06 in node 15270 and dof 1

 no convergence

 iteration 2

 Using up to 1 cpu(s) for the symmetric stiffness/mass contributions.

 Factoring the system of equations using the symmetric spooles solver
 Using up to 1 cpu(s) for spooles.

 Using up to 1 cpu(s) for the stress calculation.

 average force= 0.000087
 time avg. forc= 0.000055
 largest residual force= 0.000158 in node 2311 and dof 1
 largest increment of disp= 2.134077e-05
 largest correction to disp= 2.079776e-06 in node 11441 and dof 1

 no convergence

 iteration 3

 Using up to 1 cpu(s) for the symmetric stiffness/mass contributions.

 Factoring the system of equations using the symmetric spooles solver
 Using up to 1 cpu(s) for spooles.

 Using up to 1 cpu(s) for the stress calculation.

 average force= 0.000087
 time avg. forc= 0.000055
 largest residual force= 0.000000 in node 2311 and dof 1
 largest increment of disp= 2.134077e-05
 largest correction to disp= 8.773278e-08 in node 11444 and dof 1

 convergence; the increment size is increased to 1.126270e-02

 increment 22 attempt 1 
 increment size= 1.126270e-02
 sum of previous increments=1.983555e-01
 actual step time=2.096182e-01
 actual total time=2.096182e-01

 iteration 1

 Using up to 1 cpu(s) for the stress calculation.

 Using up to 1 cpu(s) for the symmetric stiffness/mass contributions.

 Factoring the system of equations using the symmetric spooles solver
 Using up to 1 cpu(s) for spooles.

 Using up to 1 cpu(s) for the stress calculation.

 average force= 0.000100
 time avg. forc= 0.000057
 largest residual force= 0.000043 in node 2317 and dof 1
 largest increment of disp= 3.361424e-05
 largest correction to disp= 7.038533e-06 in node 14028 and dof 1

 no convergence

 iteration 2

 Using up to 1 cpu(s) for the symmetric stiffness/mass contributions.

 Factoring the system of equations using the symmetric spooles solver
 Using up to 1 cpu(s) for spooles.

 Using up to 1 cpu(s) for the stress calculation.

 average force= 0.000099
 time avg. forc= 0.000057
 largest residual force= 0.000214 in node 2311 and dof 1
 largest increment of disp= 3.361424e-05
 largest correction to disp= 2.421916e-06 in node 11441 and dof 1

 no convergence

 iteration 3

 Using up to 1 cpu(s) for the symmetric stiffness/mass contributions.

 Factoring the system of equations using the symmetric spooles solver
 Using up to 1 cpu(s) for spooles.

 Using up to 1 cpu(s) for the stress calculation.

 average force= 0.000099
 time avg. forc= 0.000057
 largest residual force= 0.000000 in node 2311 and dof 1
 largest increment of disp= 3.361424e-05
 largest correction to disp= 1.028664e-07 in node 11444 and dof 1

 convergence; the increment size is increased to 1.689405e-02

 increment 23 attempt 1 
 increment size= 1.689405e-02
 sum of previous increments=2.096182e-01
 actual step time=2.265122e-01
 actual total time=2.265122e-01

 iteration 1

 Using up to 1 cpu(s) for the stress calculation.

 Using up to 1 cpu(s) for the symmetric stiffness/mass contributions.

 Factoring the system of equations using the symmetric spooles solver
 Using up to 1 cpu(s) for spooles.

 Using up to 1 cpu(s) for the stress calculation.

 average force= 0.000124
 time avg. forc= 0.000060
 largest residual force= 0.000268 in node 4077 and dof 1
 largest increment of disp= 4.374704e-05
 largest correction to disp= 1.155156e-05 in node 13113 and dof 1

 no convergence

 iteration 2

 Using up to 1 cpu(s) for the symmetric stiffness/mass contributions.

 Factoring the system of equations using the symmetric spooles solver
 Using up to 1 cpu(s) for spooles.

 Using up to 1 cpu(s) for the stress calculation.

 average force= 0.000123
 time avg. forc= 0.000060
 largest residual force= 0.000242 in node 2311 and dof 1
 largest increment of disp= 4.374704e-05
 largest correction to disp= 2.568120e-06 in node 11441 and dof 1

 no convergence

 iteration 3

 Using up to 1 cpu(s) for the symmetric stiffness/mass contributions.

 Factoring the system of equations using the symmetric spooles solver
 Using up to 1 cpu(s) for spooles.

 Using up to 1 cpu(s) for the stress calculation.

 average force= 0.000123
 time avg. forc= 0.000060
 largest residual force= 0.000000 in node 2311 and dof 1
 largest increment of disp= 4.374704e-05
 largest correction to disp= 1.945342e-07 in node 15273 and dof 1

 convergence; the increment size is increased to 2.534108e-02

 increment 24 attempt 1 
 increment size= 2.534108e-02
 sum of previous increments=2.265122e-01
 actual step time=2.518533e-01
 actual total time=2.518533e-01

 iteration 1

 Using up to 1 cpu(s) for the stress calculation.

 Using up to 1 cpu(s) for the symmetric stiffness/mass contributions.

 Factoring the system of equations using the symmetric spooles solver
 Using up to 1 cpu(s) for spooles.

 Using up to 1 cpu(s) for the stress calculation.

 average force= 0.000190
 time avg. forc= 0.000065
 largest residual force= 0.014594 in node 4359 and dof 1
 largest increment of disp= 8.016201e-05
 largest correction to disp= 8.016201e-05 in node 15273 and dof 1

 no convergence

 iteration 2

 Using up to 1 cpu(s) for the symmetric stiffness/mass contributions.

 Factoring the system of equations using the symmetric spooles solver
 Using up to 1 cpu(s) for spooles.

 Using up to 1 cpu(s) for the stress calculation.

 average force= 0.000216
 time avg. forc= 0.000066
 largest residual force= 0.036729 in node 4077 and dof 1
 largest increment of disp= 9.190813e-05
 largest correction to disp= 9.190813e-05 in node 16244 and dof 1

 no convergence

 iteration 3

 Using up to 1 cpu(s) for the symmetric stiffness/mass contributions.

 Factoring the system of equations using the symmetric spooles solver
 Using up to 1 cpu(s) for spooles.

 Using up to 1 cpu(s) for the stress calculation.

 average force= 0.000196
 time avg. forc= 0.000065
 largest residual force= 0.005936 in node 4347 and dof 1
 largest increment of disp= 9.190813e-05
 largest correction to disp= 8.205822e-05 in node 15273 and dof 1

 no convergence

 iteration 4

 Using up to 1 cpu(s) for the symmetric stiffness/mass contributions.

 Factoring the system of equations using the symmetric spooles solver
 Using up to 1 cpu(s) for spooles.

 Using up to 1 cpu(s) for the stress calculation.

 average force= 0.000204
 time avg. forc= 0.000066
 largest residual force= 0.003015 in node 4077 and dof 1
 largest increment of disp= 9.190813e-05
 largest correction to disp= 2.653773e-05 in node 16274 and dof 1

 no convergence

 iteration 5

 Using up to 1 cpu(s) for the symmetric stiffness/mass contributions.

 Factoring the system of equations using the symmetric spooles solver
 Using up to 1 cpu(s) for spooles.

 Using up to 1 cpu(s) for the stress calculation.

 average force= 0.000200
 time avg. forc= 0.000066
 largest residual force= 0.000139 in node 4077 and dof 1
 largest increment of disp= 9.190813e-05
 largest correction to disp= 7.825749e-06 in node 15279 and dof 1

 no convergence

 iteration 6

 Using up to 1 cpu(s) for the symmetric stiffness/mass contributions.

 Factoring the system of equations using the symmetric spooles solver
 Using up to 1 cpu(s) for spooles.

 Using up to 1 cpu(s) for the stress calculation.

 average force= 0.000200
 time avg. forc= 0.000066
 largest residual force= 0.000006 in node 4077 and dof 1
 largest increment of disp= 9.190813e-05
 largest correction to disp= 1.180854e-06 in node 16280 and dof 1

 no convergence

 iteration 7

 Using up to 1 cpu(s) for the symmetric stiffness/mass contributions.

 Factoring the system of equations using the symmetric spooles solver
 Using up to 1 cpu(s) for spooles.

 Using up to 1 cpu(s) for the stress calculation.

 average force= 0.000200
 time avg. forc= 0.000066
 largest residual force= 0.000000 in node 4077 and dof 1
 largest increment of disp= 9.190813e-05
 largest correction to disp= 2.353140e-08 in node 16280 and dof 1

 convergence

 increment 25 attempt 1 
 increment size= 2.534108e-02
 sum of previous increments=2.518533e-01
 actual step time=2.771944e-01
 actual total time=2.771944e-01

 iteration 1

 Using up to 1 cpu(s) for the stress calculation.

 Using up to 1 cpu(s) for the symmetric stiffness/mass contributions.

 Factoring the system of equations using the symmetric spooles solver
 Using up to 1 cpu(s) for spooles.

 Using up to 1 cpu(s) for the stress calculation.

 average force= 0.000311
 time avg. forc= 0.000075
 largest residual force= 0.003556 in node 4077 and dof 1
 largest increment of disp= 1.769781e-04
 largest correction to disp= 4.881655e-05 in node 15219 and dof 1

 no convergence

 iteration 2

 Using up to 1 cpu(s) for the symmetric stiffness/mass contributions.

 Factoring the system of equations using the symmetric spooles solver
 Using up to 1 cpu(s) for spooles.

 Using up to 1 cpu(s) for the stress calculation.

 average force= 0.000278
 time avg. forc= 0.000074
 largest residual force= 0.006285 in node 4091 and dof 1
 largest increment of disp= 1.769781e-04
 largest correction to disp= 5.022414e-05 in node 15273 and dof 1

 no convergence

 iteration 3

 Using up to 1 cpu(s) for the symmetric stiffness/mass contributions.

 Factoring the system of equations using the symmetric spooles solver
 Using up to 1 cpu(s) for spooles.

 Using up to 1 cpu(s) for the stress calculation.

 average force= 0.000256
 time avg. forc= 0.000073
 largest residual force= 0.001045 in node 4091 and dof 1
 largest increment of disp= 1.769781e-04
 largest correction to disp= 5.170075e-05 in node 15279 and dof 1

 no convergence

 iteration 4

 Using up to 1 cpu(s) for the symmetric stiffness/mass contributions.

 Factoring the system of equations using the symmetric spooles solver
 Using up to 1 cpu(s) for spooles.

 Using up to 1 cpu(s) for the stress calculation.

 average force= 0.000252
 time avg. forc= 0.000073
 largest residual force= 0.000133 in node 4091 and dof 1
 largest increment of disp= 1.769781e-04
 largest correction to disp= 2.424103e-05 in node 15270 and dof 1

 no convergence

 iteration 5

 Using up to 1 cpu(s) for the symmetric stiffness/mass contributions.

 Factoring the system of equations using the symmetric spooles solver
 Using up to 1 cpu(s) for spooles.

 Using up to 1 cpu(s) for the stress calculation.

 average force= 0.000251
 time avg. forc= 0.000073
 largest residual force= 0.000001 in node 4077 and dof 1
 largest increment of disp= 1.769781e-04
 largest correction to disp= 1.476427e-05 in node 15279 and dof 1

 no convergence

 iteration 6

 Using up to 1 cpu(s) for the symmetric stiffness/mass contributions.

 Factoring the system of equations using the symmetric spooles solver
 Using up to 1 cpu(s) for spooles.

 Using up to 1 cpu(s) for the stress calculation.

 average force= 0.000251
 time avg. forc= 0.000073
 largest residual force= 0.000000 in node 3724 and dof 1
 largest increment of disp= 1.769781e-04
 largest correction to disp= 4.373449e-07 in node 15282 and dof 1

 convergence

 Using up to 1 cpu(s) for the stress calculation.

 increment 26 attempt 1 
 increment size= 2.534108e-02
 sum of previous increments=2.771944e-01
 actual step time=3.025355e-01
 actual total time=3.025355e-01

 iteration 1

 Using up to 1 cpu(s) for the stress calculation.

 Using up to 1 cpu(s) for the symmetric stiffness/mass contributions.

 Factoring the system of equations using the symmetric spooles solver
 Using up to 1 cpu(s) for spooles.

 Using up to 1 cpu(s) for the stress calculation.

 average force= 0.000295
 time avg. forc= 0.000082
 largest residual force= 0.000188 in node 4091 and dof 1
 largest increment of disp= 3.936327e-05
 largest correction to disp= 9.608492e-06 in node 15273 and dof 1

 no convergence

 iteration 2

 Using up to 1 cpu(s) for the symmetric stiffness/mass contributions.

 Factoring the system of equations using the symmetric spooles solver
 Using up to 1 cpu(s) for spooles.

 Using up to 1 cpu(s) for the stress calculation.

 average force= 0.000293
 time avg. forc= 0.000081
 largest residual force= 0.000111 in node 2311 and dof 1
 largest increment of disp= 3.936327e-05
 largest correction to disp= 4.244723e-06 in node 14037 and dof 1

 no convergence

 iteration 3

 Using up to 1 cpu(s) for the symmetric stiffness/mass contributions.

 Factoring the system of equations using the symmetric spooles solver
 Using up to 1 cpu(s) for spooles.

 Using up to 1 cpu(s) for the stress calculation.

 average force= 0.000293
 time avg. forc= 0.000081
 largest residual force= 0.000000 in node 2311 and dof 1
 largest increment of disp= 3.936327e-05
 largest correction to disp= 1.631151e-07 in node 14037 and dof 1

 convergence

 increment 27 attempt 1 
 increment size= 2.534108e-02
 sum of previous increments=3.025355e-01
 actual step time=3.278766e-01
 actual total time=3.278766e-01

 iteration 1

 Using up to 1 cpu(s) for the stress calculation.

 Using up to 1 cpu(s) for the symmetric stiffness/mass contributions.

 Factoring the system of equations using the symmetric spooles solver
 Using up to 1 cpu(s) for spooles.

 Using up to 1 cpu(s) for the stress calculation.

 average force= 0.000329
 time avg. forc= 0.000091
 largest residual force= 0.000061 in node 4091 and dof 1
 largest increment of disp= 3.891037e-05
 largest correction to disp= 4.118154e-06 in node 15284 and dof 1

 no convergence

 iteration 2

 Using up to 1 cpu(s) for the symmetric stiffness/mass contributions.

 Factoring the system of equations using the symmetric spooles solver
 Using up to 1 cpu(s) for spooles.

 Using up to 1 cpu(s) for the stress calculation.

 average force= 0.000328
 time avg. forc= 0.000091
 largest residual force= 0.000036 in node 2311 and dof 1
 largest increment of disp= 3.891037e-05
 largest correction to disp= 1.938302e-06 in node 8454 and dof 2

 no convergence

 iteration 3

 Using up to 1 cpu(s) for the symmetric stiffness/mass contributions.

 Factoring the system of equations using the symmetric spooles solver
 Using up to 1 cpu(s) for spooles.

 Using up to 1 cpu(s) for the stress calculation.

 average force= 0.000328
 time avg. forc= 0.000091
 largest residual force= 0.000000 in node 2305 and dof 1
 largest increment of disp= 3.891037e-05
 largest correction to disp= 3.219991e-08 in node 8454 and dof 2

 convergence; the increment size is increased to 3.801162e-02

 increment 28 attempt 1 
 increment size= 3.801162e-02
 sum of previous increments=3.278766e-01
 actual step time=3.658882e-01
 actual total time=3.658882e-01

 iteration 1

 Using up to 1 cpu(s) for the stress calculation.

 Using up to 1 cpu(s) for the symmetric stiffness/mass contributions.

 Factoring the system of equations using the symmetric spooles solver
 Using up to 1 cpu(s) for spooles.

 Using up to 1 cpu(s) for the stress calculation.

 average force= 0.000377
 time avg. forc= 0.000101
 largest residual force= 0.000077 in node 2317 and dof 1
 largest increment of disp= 5.805753e-05
 largest correction to disp= 6.194218e-06 in node 15216 and dof 1

 no convergence

 iteration 2

 Using up to 1 cpu(s) for the symmetric stiffness/mass contributions.

 Factoring the system of equations using the symmetric spooles solver
 Using up to 1 cpu(s) for spooles.

 Using up to 1 cpu(s) for the stress calculation.

 average force= 0.000376
 time avg. forc= 0.000101
 largest residual force= 0.000077 in node 2311 and dof 1
 largest increment of disp= 5.805753e-05
 largest correction to disp= 2.406173e-06 in node 10557 and dof 2

 no convergence

 iteration 3

 Using up to 1 cpu(s) for the symmetric stiffness/mass contributions.

 Factoring the system of equations using the symmetric spooles solver
 Using up to 1 cpu(s) for spooles.

 Using up to 1 cpu(s) for the stress calculation.

 average force= 0.000376
 time avg. forc= 0.000101
 largest residual force= 0.000000 in node 2305 and dof 1
 largest increment of disp= 5.805753e-05
 largest correction to disp= 4.590229e-08 in node 8454 and dof 2

 convergence; the increment size is increased to 5.701743e-02

 the increment size exceeds the maximum allowed and is decreased to 5.000000e-02

 increment 29 attempt 1 
 increment size= 5.000000e-02
 sum of previous increments=3.658882e-01
 actual step time=4.158882e-01
 actual total time=4.158882e-01

 iteration 1

 Using up to 1 cpu(s) for the stress calculation.

 Using up to 1 cpu(s) for the symmetric stiffness/mass contributions.

 Factoring the system of equations using the symmetric spooles solver
 Using up to 1 cpu(s) for spooles.

 Using up to 1 cpu(s) for the stress calculation.

 average force= 0.000432
 time avg. forc= 0.000112
 largest residual force= 0.000127 in node 2317 and dof 1
 largest increment of disp= 7.623363e-05
 largest correction to disp= 8.379842e-06 in node 15279 and dof 1

 no convergence

 iteration 2

 Using up to 1 cpu(s) for the symmetric stiffness/mass contributions.

 Factoring the system of equations using the symmetric spooles solver
 Using up to 1 cpu(s) for spooles.

 Using up to 1 cpu(s) for the stress calculation.

 average force= 0.000430
 time avg. forc= 0.000112
 largest residual force= 0.000148 in node 2311 and dof 1
 largest increment of disp= 7.623363e-05
 largest correction to disp= 3.114886e-06 in node 10539 and dof 2

 no convergence

 iteration 3

 Using up to 1 cpu(s) for the symmetric stiffness/mass contributions.

 Factoring the system of equations using the symmetric spooles solver
 Using up to 1 cpu(s) for spooles.

 Using up to 1 cpu(s) for the stress calculation.

 average force= 0.000430
 time avg. forc= 0.000112
 largest residual force= 0.000000 in node 2305 and dof 1
 largest increment of disp= 7.623363e-05
 largest correction to disp= 6.747097e-08 in node 10539 and dof 2

 convergence; the increment size is increased to 7.500000e-02

 the increment size exceeds the maximum allowed and is decreased to 5.000000e-02

 increment 30 attempt 1 
 increment size= 5.000000e-02
 sum of previous increments=4.158882e-01
 actual step time=4.658882e-01
 actual total time=4.658882e-01

 iteration 1

 Using up to 1 cpu(s) for the stress calculation.

 Using up to 1 cpu(s) for the symmetric stiffness/mass contributions.

 Factoring the system of equations using the symmetric spooles solver
 Using up to 1 cpu(s) for spooles.

 Using up to 1 cpu(s) for the stress calculation.

 average force= 0.000480
 time avg. forc= 0.000124
 largest residual force= 0.000109 in node 2317 and dof 1
 largest increment of disp= 7.610218e-05
 largest correction to disp= 6.398262e-06 in node 15270 and dof 1

 no convergence

 iteration 2

 Using up to 1 cpu(s) for the symmetric stiffness/mass contributions.

 Factoring the system of equations using the symmetric spooles solver
 Using up to 1 cpu(s) for spooles.

 Using up to 1 cpu(s) for the stress calculation.

 average force= 0.000479
 time avg. forc= 0.000124
 largest residual force= 0.000074 in node 2311 and dof 1
 largest increment of disp= 7.610218e-05
 largest correction to disp= 2.063557e-06 in node 8469 and dof 2

 no convergence

 iteration 3

 Using up to 1 cpu(s) for the symmetric stiffness/mass contributions.

 Factoring the system of equations using the symmetric spooles solver
 Using up to 1 cpu(s) for spooles.

 Using up to 1 cpu(s) for the stress calculation.

 average force= 0.000479
 time avg. forc= 0.000124
 largest residual force= 0.000000 in node 2305 and dof 1
 largest increment of disp= 7.610218e-05
 largest correction to disp= 2.861910e-08 in node 9405 and dof 1

 convergence; the increment size is increased to 7.500000e-02

 the increment size exceeds the maximum allowed and is decreased to 5.000000e-02

 Using up to 1 cpu(s) for the stress calculation.

 increment 31 attempt 1 
 increment size= 5.000000e-02
 sum of previous increments=4.658882e-01
 actual step time=5.158882e-01
 actual total time=5.158882e-01

 iteration 1

 Using up to 1 cpu(s) for the stress calculation.

 Using up to 1 cpu(s) for the symmetric stiffness/mass contributions.

 Factoring the system of equations using the symmetric spooles solver
 Using up to 1 cpu(s) for spooles.

 Using up to 1 cpu(s) for the stress calculation.

 average force= 0.000524
 time avg. forc= 0.000137
 largest residual force= 0.000079 in node 2317 and dof 1
 largest increment of disp= 7.599682e-05
 largest correction to disp= 4.328525e-06 in node 15270 and dof 1

 no convergence

 iteration 2

 Using up to 1 cpu(s) for the symmetric stiffness/mass contributions.

 Factoring the system of equations using the symmetric spooles solver
 Using up to 1 cpu(s) for spooles.

 Using up to 1 cpu(s) for the stress calculation.

 average force= 0.000523
 time avg. forc= 0.000137
 largest residual force= 0.000027 in node 2370 and dof 2
 largest increment of disp= 7.599682e-05
 largest correction to disp= 1.331765e-06 in node 7314 and dof 1

 no convergence

 iteration 3

 Using up to 1 cpu(s) for the symmetric stiffness/mass contributions.

 Factoring the system of equations using the symmetric spooles solver
 Using up to 1 cpu(s) for spooles.

 Using up to 1 cpu(s) for the stress calculation.

 average force= 0.000523
 time avg. forc= 0.000137
 largest residual force= 0.000000 in node 2305 and dof 1
 largest increment of disp= 7.599682e-05
 largest correction to disp= 1.264245e-08 in node 7314 and dof 1

 convergence; the increment size is increased to 7.500000e-02

 the increment size exceeds the maximum allowed and is decreased to 5.000000e-02

 increment 32 attempt 1 
 increment size= 5.000000e-02
 sum of previous increments=5.158882e-01
 actual step time=5.658882e-01
 actual total time=5.658882e-01

 iteration 1

 Using up to 1 cpu(s) for the stress calculation.

 Using up to 1 cpu(s) for the symmetric stiffness/mass contributions.

 Factoring the system of equations using the symmetric spooles solver
 Using up to 1 cpu(s) for spooles.

 Using up to 1 cpu(s) for the stress calculation.

 average force= 0.000565
 time avg. forc= 0.000151
 largest residual force= 0.000059 in node 2311 and dof 1
 largest increment of disp= 7.601062e-05
 largest correction to disp= 3.126833e-06 in node 15270 and dof 1

 no convergence

 iteration 2

 Using up to 1 cpu(s) for the symmetric stiffness/mass contributions.

 Factoring the system of equations using the symmetric spooles solver
 Using up to 1 cpu(s) for spooles.

 Using up to 1 cpu(s) for the stress calculation.

 average force= 0.000565
 time avg. forc= 0.000151
 largest residual force= 0.000011 in node 2370 and dof 2
 largest increment of disp= 7.601062e-05
 largest correction to disp= 9.954920e-07 in node 7368 and dof 1

 no convergence

 iteration 3

 Using up to 1 cpu(s) for the symmetric stiffness/mass contributions.

 Factoring the system of equations using the symmetric spooles solver
 Using up to 1 cpu(s) for spooles.

 Using up to 1 cpu(s) for the stress calculation.

 average force= 0.000565
 time avg. forc= 0.000151
 largest residual force= 0.000000 in node 2305 and dof 1
 largest increment of disp= 7.601062e-05
 largest correction to disp= 7.092618e-09 in node 7314 and dof 1

 convergence; the increment size is increased to 7.500000e-02

 the increment size exceeds the maximum allowed and is decreased to 5.000000e-02

 increment 33 attempt 1 
 increment size= 5.000000e-02
 sum of previous increments=5.658882e-01
 actual step time=6.158882e-01
 actual total time=6.158882e-01

 iteration 1

 Using up to 1 cpu(s) for the stress calculation.

 Using up to 1 cpu(s) for the symmetric stiffness/mass contributions.

 Factoring the system of equations using the symmetric spooles solver
 Using up to 1 cpu(s) for spooles.

 Using up to 1 cpu(s) for the stress calculation.

 average force= 0.000604
 time avg. forc= 0.000164
 largest residual force= 0.000045 in node 2311 and dof 1
 largest increment of disp= 7.602004e-05
 largest correction to disp= 2.384516e-06 in node 15270 and dof 1

 no convergence

 iteration 2

 Using up to 1 cpu(s) for the symmetric stiffness/mass contributions.

 Factoring the system of equations using the symmetric spooles solver
 Using up to 1 cpu(s) for spooles.

 Using up to 1 cpu(s) for the stress calculation.

 average force= 0.000604
 time avg. forc= 0.000164
 largest residual force= 0.000005 in node 2370 and dof 2
 largest increment of disp= 7.602004e-05
 largest correction to disp= 8.013819e-07 in node 9636 and dof 1

 no convergence

 iteration 3

 Using up to 1 cpu(s) for the symmetric stiffness/mass contributions.

 Factoring the system of equations using the symmetric spooles solver
 Using up to 1 cpu(s) for spooles.

 Using up to 1 cpu(s) for the stress calculation.

 average force= 0.000604
 time avg. forc= 0.000164
 largest residual force= 0.000000 in node 2311 and dof 1
 largest increment of disp= 7.602004e-05
 largest correction to disp= 4.402885e-09 in node 7314 and dof 1

 convergence; the increment size is increased to 7.500000e-02

 the increment size exceeds the maximum allowed and is decreased to 5.000000e-02

 increment 34 attempt 1 
 increment size= 5.000000e-02
 sum of previous increments=6.158882e-01
 actual step time=6.658882e-01
 actual total time=6.658882e-01

 iteration 1

 Using up to 1 cpu(s) for the stress calculation.

 Using up to 1 cpu(s) for the symmetric stiffness/mass contributions.

 Factoring the system of equations using the symmetric spooles solver
 Using up to 1 cpu(s) for spooles.

 Using up to 1 cpu(s) for the stress calculation.

 average force= 0.000641
 time avg. forc= 0.000178
 largest residual force= 0.000034 in node 2311 and dof 1
 largest increment of disp= 7.601400e-05
 largest correction to disp= 1.897656e-06 in node 15270 and dof 1

 no convergence

 iteration 2

 Using up to 1 cpu(s) for the symmetric stiffness/mass contributions.

 Factoring the system of equations using the symmetric spooles solver
 Using up to 1 cpu(s) for spooles.

 Using up to 1 cpu(s) for the stress calculation.

 average force= 0.000641
 time avg. forc= 0.000178
 largest residual force= 0.000002 in node 2245 and dof 2
 largest increment of disp= 7.601400e-05
 largest correction to disp= 7.477600e-07 in node 6258 and dof 1

 no convergence

 iteration 3

 Using up to 1 cpu(s) for the symmetric stiffness/mass contributions.

 Factoring the system of equations using the symmetric spooles solver
 Using up to 1 cpu(s) for spooles.

 Using up to 1 cpu(s) for the stress calculation.

 average force= 0.000641
 time avg. forc= 0.000178
 largest residual force= 0.000000 in node 2311 and dof 1
 largest increment of disp= 7.601400e-05
 largest correction to disp= 2.777874e-09 in node 7314 and dof 1

 convergence; the increment size is increased to 7.500000e-02

 the increment size exceeds the maximum allowed and is decreased to 5.000000e-02

 increment 35 attempt 1 
 increment size= 5.000000e-02
 sum of previous increments=6.658882e-01
 actual step time=7.158882e-01
 actual total time=7.158882e-01

 iteration 1

 Using up to 1 cpu(s) for the stress calculation.

 Using up to 1 cpu(s) for the symmetric stiffness/mass contributions.

 Factoring the system of equations using the symmetric spooles solver
 Using up to 1 cpu(s) for spooles.

 Using up to 1 cpu(s) for the stress calculation.

 average force= 0.000677
 time avg. forc= 0.000193
 largest residual force= 0.000027 in node 2311 and dof 1
 largest increment of disp= 7.599485e-05
 largest correction to disp= 1.562789e-06 in node 15279 and dof 1

 no convergence

 iteration 2

 Using up to 1 cpu(s) for the symmetric stiffness/mass contributions.

 Factoring the system of equations using the symmetric spooles solver
 Using up to 1 cpu(s) for spooles.

 Using up to 1 cpu(s) for the stress calculation.

 average force= 0.000677
 time avg. forc= 0.000193
 largest residual force= 0.000001 in node 2245 and dof 2
 largest increment of disp= 7.599485e-05
 largest correction to disp= 6.304881e-07 in node 6384 and dof 1

 no convergence

 iteration 3

 Using up to 1 cpu(s) for the symmetric stiffness/mass contributions.

 Factoring the system of equations using the symmetric spooles solver
 Using up to 1 cpu(s) for spooles.

 Using up to 1 cpu(s) for the stress calculation.

 average force= 0.000677
 time avg. forc= 0.000193
 largest residual force= 0.000000 in node 2317 and dof 1
 largest increment of disp= 7.599485e-05
 largest correction to disp= 1.662599e-09 in node 7368 and dof 1

 convergence; the increment size is increased to 7.500000e-02

 the increment size exceeds the maximum allowed and is decreased to 5.000000e-02

 Using up to 1 cpu(s) for the stress calculation.

 increment 36 attempt 1 
 increment size= 5.000000e-02
 sum of previous increments=7.158882e-01
 actual step time=7.658882e-01
 actual total time=7.658882e-01

 iteration 1

 Using up to 1 cpu(s) for the stress calculation.

 Using up to 1 cpu(s) for the symmetric stiffness/mass contributions.

 Factoring the system of equations using the symmetric spooles solver
 Using up to 1 cpu(s) for spooles.

 Using up to 1 cpu(s) for the stress calculation.

 average force= 0.000711
 time avg. forc= 0.000207
 largest residual force= 0.000022 in node 2317 and dof 1
 largest increment of disp= 7.596619e-05
 largest correction to disp= 1.374891e-06 in node 10680 and dof 2

 no convergence

 iteration 2

 Using up to 1 cpu(s) for the symmetric stiffness/mass contributions.

 Factoring the system of equations using the symmetric spooles solver
 Using up to 1 cpu(s) for spooles.

 Using up to 1 cpu(s) for the stress calculation.

 average force= 0.000711
 time avg. forc= 0.000207
 largest residual force= 0.000000 in node 2370 and dof 2
 largest increment of disp= 7.596619e-05
 largest correction to disp= 4.681357e-07 in node 6384 and dof 1

 convergence; the increment size is increased to 7.500000e-02

 the increment size exceeds the maximum allowed and is decreased to 5.000000e-02

 increment 37 attempt 1 
 increment size= 5.000000e-02
 sum of previous increments=7.658882e-01
 actual step time=8.158882e-01
 actual total time=8.158882e-01

 iteration 1

 Using up to 1 cpu(s) for the stress calculation.

 Using up to 1 cpu(s) for the symmetric stiffness/mass contributions.

 Factoring the system of equations using the symmetric spooles solver
 Using up to 1 cpu(s) for spooles.

 Using up to 1 cpu(s) for the stress calculation.

 average force= 0.000744
 time avg. forc= 0.000221
 largest residual force= 0.000018 in node 2317 and dof 1
 largest increment of disp= 7.593235e-05
 largest correction to disp= 1.249475e-06 in node 10680 and dof 2

 no convergence

 iteration 2

 Using up to 1 cpu(s) for the symmetric stiffness/mass contributions.

 Factoring the system of equations using the symmetric spooles solver
 Using up to 1 cpu(s) for spooles.

 Using up to 1 cpu(s) for the stress calculation.

 average force= 0.000744
 time avg. forc= 0.000221
 largest residual force= 0.000000 in node 2317 and dof 1
 largest increment of disp= 7.593235e-05
 largest correction to disp= 2.986970e-07 in node 6384 and dof 1

 convergence; the increment size is increased to 7.500000e-02

 the increment size exceeds the maximum allowed and is decreased to 5.000000e-02

 increment 38 attempt 1 
 increment size= 5.000000e-02
 sum of previous increments=8.158882e-01
 actual step time=8.658882e-01
 actual total time=8.658882e-01

 iteration 1

 Using up to 1 cpu(s) for the stress calculation.

 Using up to 1 cpu(s) for the symmetric stiffness/mass contributions.

 Factoring the system of equations using the symmetric spooles solver
 Using up to 1 cpu(s) for spooles.

 Using up to 1 cpu(s) for the stress calculation.

 average force= 0.000776
 time avg. forc= 0.000236
 largest residual force= 0.000015 in node 2317 and dof 1
 largest increment of disp= 7.589727e-05
 largest correction to disp= 1.119251e-06 in node 8538 and dof 2

 no convergence

 iteration 2

 Using up to 1 cpu(s) for the symmetric stiffness/mass contributions.

 Factoring the system of equations using the symmetric spooles solver
 Using up to 1 cpu(s) for spooles.

 Using up to 1 cpu(s) for the stress calculation.

 average force= 0.000775
 time avg. forc= 0.000236
 largest residual force= 0.000000 in node 2317 and dof 1
 largest increment of disp= 7.589727e-05
 largest correction to disp= 1.630313e-07 in node 6273 and dof 1

 convergence; the increment size is increased to 7.500000e-02

 the increment size exceeds the maximum allowed and is decreased to 5.000000e-02

 increment 39 attempt 1 
 increment size= 5.000000e-02
 sum of previous increments=8.658882e-01
 actual step time=9.158882e-01
 actual total time=9.158882e-01

 iteration 1

 Using up to 1 cpu(s) for the stress calculation.

 Using up to 1 cpu(s) for the symmetric stiffness/mass contributions.

 Factoring the system of equations using the symmetric spooles solver
 Using up to 1 cpu(s) for spooles.

 Using up to 1 cpu(s) for the stress calculation.

 average force= 0.000806
 time avg. forc= 0.000251
 largest residual force= 0.000012 in node 2317 and dof 1
 largest increment of disp= 7.586403e-05
 largest correction to disp= 1.000821e-06 in node 10662 and dof 2

 no convergence

 iteration 2

 Using up to 1 cpu(s) for the symmetric stiffness/mass contributions.

 Factoring the system of equations using the symmetric spooles solver
 Using up to 1 cpu(s) for spooles.

 Using up to 1 cpu(s) for the stress calculation.

 average force= 0.000806
 time avg. forc= 0.000251
 largest residual force= 0.000000 in node 2317 and dof 1
 largest increment of disp= 7.586403e-05
 largest correction to disp= 9.397008e-08 in node 6261 and dof 2

 convergence; the increment size is increased to 7.500000e-02

 the increment size exceeds the maximum allowed and is decreased to 5.000000e-02

 increment 40 attempt 1 
 increment size= 5.000000e-02
 sum of previous increments=9.158882e-01
 actual step time=9.658882e-01
 actual total time=9.658882e-01

 iteration 1

 Using up to 1 cpu(s) for the stress calculation.

 Using up to 1 cpu(s) for the symmetric stiffness/mass contributions.

 Factoring the system of equations using the symmetric spooles solver
 Using up to 1 cpu(s) for spooles.

 Using up to 1 cpu(s) for the stress calculation.

 average force= 0.000836
 time avg. forc= 0.000265
 largest residual force= 0.000010 in node 2317 and dof 1
 largest increment of disp= 7.583420e-05
 largest correction to disp= 9.311742e-07 in node 6273 and dof 2

 no convergence

 iteration 2

 Using up to 1 cpu(s) for the symmetric stiffness/mass contributions.

 Factoring the system of equations using the symmetric spooles solver
 Using up to 1 cpu(s) for spooles.

 Using up to 1 cpu(s) for the stress calculation.

 average force= 0.000836
 time avg. forc= 0.000265
 largest residual force= 0.000000 in node 2317 and dof 1
 largest increment of disp= 7.583420e-05
 largest correction to disp= 9.116637e-08 in node 6261 and dof 2

 convergence; the increment size is increased to 7.500000e-02

 the increment size exceeds the maximum allowed and is decreased to 5.000000e-02

 the increment size exceeds the remainder of the step and is decreased to 3.411181e-02

 Using up to 1 cpu(s) for the stress calculation.

 increment 41 attempt 1 
 increment size= 3.411181e-02
 sum of previous increments=9.658882e-01
 actual step time=1.000000e+00
 actual total time=1.000000e+00

 iteration 1

 Using up to 1 cpu(s) for the stress calculation.

 Using up to 1 cpu(s) for the symmetric stiffness/mass contributions.

 Factoring the system of equations using the symmetric spooles solver
 Using up to 1 cpu(s) for spooles.

 Using up to 1 cpu(s) for the stress calculation.

 average force= 0.000857
 time avg. forc= 0.000280
 largest residual force= 0.000003 in node 2317 and dof 1
 largest increment of disp= 5.173485e-05
 largest correction to disp= 5.353063e-07 in node 6273 and dof 2

 no convergence

 iteration 2

 Using up to 1 cpu(s) for the symmetric stiffness/mass contributions.

 Factoring the system of equations using the symmetric spooles solver
 Using up to 1 cpu(s) for spooles.

 Using up to 1 cpu(s) for the stress calculation.

 average force= 0.000857
 time avg. forc= 0.000280
 largest residual force= 0.000000 in node 2317 and dof 1
 largest increment of disp= 5.173485e-05
 largest correction to disp= 3.011865e-08 in node 6255 and dof 2

 convergence; the increment size is increased to 5.116771e-02

 the increment size exceeds the maximum allowed and is decreased to 5.000000e-02

 the increment size exceeds the remainder of the step and is decreased to 0.000000e+00

 Using up to 1 cpu(s) for the stress calculation.


 Job finished

________________________________________

Total CalculiX Time: 393.133420
________________________________________
=== on-caso-2 (CCX): ccx2paraview nao encontrado dentro do container ===
    (esperado - rode 'cd cases/on-caso-2/ccx && /tmp/ccx2pv/bin/ccx2paraview on-caso-2.frd vtu' no HOST)

=== Concluido. Arquivos de saida: ===
  on-caso-2.frd  - campos CalculiX (cgx -c se disponivel)
  on-caso-2.pvd  - ParaView Data (abre direto no ParaView)
  on-caso-2.dat  - totais RF no engaste posterior (curva F_z(Dz))
  on-caso-2.sta  - status de convergencia por incremento Riks

Analise: python3 ../../../brunaStuff/analyze_on-caso-2_ccx.py
