 Container myopenfoam-fsi-run-5342b0cb7823 Creating 
 Container myopenfoam-fsi-run-5342b0cb7823 Created 
=== 1+2) SKIP gen (arquivos ja' presentes; brunaStuff nao montado) ===
=== 3) Fluid: blockMesh + checkMesh ===
/*---------------------------------------------------------------------------*\
| =========                 |                                                 |
| \\      /  F ield         | OpenFOAM: The Open Source CFD Toolbox           |
|  \\    /   O peration     | Version:  2512                                  |
|   \\  /    A nd           | Website:  www.openfoam.com                      |
|    \\/     M anipulation  |                                                 |
\*---------------------------------------------------------------------------*/
Build  : _bd2b6720-20260127 OPENFOAM=2512 version=2512
Arch   : "LSB;label=32;scalar=64"
Exec   : blockMesh
Date   : Jun 02 2026
Time   : 00:51:43
Host   : 6ce0923053c8
PID    : 225
I/O    : uncollated
Case   : /simulation/on-caso-1.2/fluid
nProcs : 1
trapFpe: Floating point exception trapping enabled (FOAM_SIGFPE).
memory pool : not available
fileModificationChecking : Monitoring run-time modified files using timeStampMaster (fileModificationSkew 5, maxFileModificationPolls 20)
allowSystemOperations : Allowing user-supplied system call operations

// * * * * * * * * * * * * * * * * * * * * * * * * * * * * * * * * * * * * * //
Create time

Creating block mesh from "system/blockMeshDict"
Creating block edges
No non-planar block faces defined
Creating topology blocks

Creating topology patches - from boundary section

Creating block mesh topology - scaling/transform applied later

Check topology

	Basic statistics
		Number of internal faces : 32
		Number of boundary faces : 32
		Number of defined boundary faces : 32
		Number of undefined boundary faces : 0
	Checking patch -> block consistency

Creating block offsets
Creating merge list (topological search)...

Creating polyMesh from blockMesh
Creating patches
Creating cells
Creating points with scale (0.001 0.001 0.001)
    Block 0 cell size :
        i : 0.00014999998 .. 0.00014999998
        j : 0.00030385318 .. 0.00030385318
        k : 0.001 .. 0.001

    Block 1 cell size :
        i : 0.00014999998 .. 0.00014999998
        j : 0.00030385318 .. 0.00030385318
        k : 0.001 .. 0.001

    Block 2 cell size :
        i : 0.00014999998 .. 0.00014999998
        j : 0.00030385318 .. 0.00030385318
        k : 0.001 .. 0.001

    Block 3 cell size :
        i : 0.00014999998 .. 0.00014999998
        j : 0.00030385318 .. 0.00030385318
        k : 0.001 .. 0.001

    Block 4 cell size :
        i : 0.00011666649 .. 0.00011666649
        j : 0.0003920686 .. 0.0003920686
        k : 0.001 .. 0.001

    Block 5 cell size :
        i : 0.00011666649 .. 0.00011666649
        j : 0.0003920686 .. 0.0003920686
        k : 0.001 .. 0.001

    Block 6 cell size :
        i : 0.00011666649 .. 0.00011666649
        j : 0.0003920686 .. 0.0003920686
        k : 0.001 .. 0.001

    Block 7 cell size :
        i : 0.00011666649 .. 0.00011666649
        j : 0.0003920686 .. 0.0003920686
        k : 0.001 .. 0.001

    Block 8 cell size :
        i : 0.00014999998 .. 0.00014999998
        j : 0.00030385318 .. 0.00030385318
        k : 0.00025 .. 0.00025

    Block 9 cell size :
        i : 0.00014999998 .. 0.00014999998
        j : 0.00030385318 .. 0.00030385318
        k : 0.00025 .. 0.00025

    Block 10 cell size :
        i : 0.00014999998 .. 0.00014999998
        j : 0.00030385318 .. 0.00030385318
        k : 0.00025 .. 0.00025

    Block 11 cell size :
        i : 0.00014999998 .. 0.00014999998
        j : 0.00030385318 .. 0.00030385318
        k : 0.00025 .. 0.00025

    Block 12 cell size :
        i : 0.00011666649 .. 0.00011666649
        j : 0.0003920686 .. 0.0003920686
        k : 0.00025 .. 0.00025

    Block 13 cell size :
        i : 0.00011666649 .. 0.00011666649
        j : 0.0003920686 .. 0.0003920686
        k : 0.00025 .. 0.00025

    Block 14 cell size :
        i : 0.00011666649 .. 0.00011666649
        j : 0.0003920686 .. 0.0003920686
        k : 0.00025 .. 0.00025

    Block 15 cell size :
        i : 0.00011666649 .. 0.00011666649
        j : 0.0003920686 .. 0.0003920686
        k : 0.00025 .. 0.00025

Adding cell zones
    0	sas
    1	peri_porous
No patch pairs to merge

Writing polyMesh with 2 cellZones
----------------
Mesh Information
----------------
  boundingBox: (-0.00235 -0.00235 0) (0.00235 0.00235 0.0305)
  nPoints: 7392
  nCells: 6144
  nFaces: 19648
  nInternalFaces: 17216
----------------
Cell Zones
----------------
  zone 0 (size: 5760) name: sas
  zone 1 (size: 384) name: peri_porous
----------------
Patches
----------------
  patch 0 (start: 17216 size: 192) name: inlet
  patch 1 (start: 17408 size: 960) name: fsi_pia
  patch 2 (start: 18368 size: 960) name: fsi_dura
  patch 3 (start: 19328 size: 64) name: lid_wall_inner
  patch 4 (start: 19392 size: 64) name: lid_wall_outer
  patch 5 (start: 19456 size: 192) name: outlet_peri

End

/*---------------------------------------------------------------------------*\
| =========                 |                                                 |
| \\      /  F ield         | OpenFOAM: The Open Source CFD Toolbox           |
|  \\    /   O peration     | Version:  2512                                  |
|   \\  /    A nd           | Website:  www.openfoam.com                      |
|    \\/     M anipulation  |                                                 |
\*---------------------------------------------------------------------------*/
Build  : _bd2b6720-20260127 OPENFOAM=2512 version=2512
Arch   : "LSB;label=32;scalar=64"
Exec   : checkMesh
Date   : Jun 02 2026
Time   : 00:51:44
Host   : 6ce0923053c8
PID    : 227
I/O    : uncollated
Case   : /simulation/on-caso-1.2/fluid
nProcs : 1
trapFpe: Floating point exception trapping enabled (FOAM_SIGFPE).
memory pool : not available
fileModificationChecking : Monitoring run-time modified files using timeStampMaster (fileModificationSkew 5, maxFileModificationPolls 20)
allowSystemOperations : Allowing user-supplied system call operations

// * * * * * * * * * * * * * * * * * * * * * * * * * * * * * * * * * * * * * //
Create time

Create mesh for time = 0

Check mesh...

Time = 0

Mesh stats 
    points:           7392
    faces:            19648
    internal faces:   17216
    cells:            6144
    faces per cell:   6
    boundary patches: 6
    point zones:      0
    face zones:       0
    cell zones:       2

Overall number of cells of each type:
    hexahedra:     6144
    prisms:        0
    wedges:        0
    pyramids:      0
    tet wedges:    0
    tetrahedra:    0
    polyhedra:     0

Checking topology...
    Boundary definition OK.
    Cell to face addressing OK.
    Point usage OK.
    Upper triangular ordering OK.
    Face vertices OK.
    Number of regions: 1 (OK).

Checking patch topology for multiply connected surfaces...
    Patch               Faces    Points     Surface topology
    inlet               192      224      ok (non-closed singly connected)  
    fsi_pia             960      992      ok (non-closed singly connected)  
    fsi_dura            960      992      ok (non-closed singly connected)  
    lid_wall_inner      64       96       ok (non-closed singly connected)  
    lid_wall_outer      64       96       ok (non-closed singly connected)  
    outlet_peri         192      224      ok (non-closed singly connected)  
    ".*"                2432     2432     ok (closed singly connected)      


Checking faceZone topology for multiply connected surfaces...
    No faceZones found.

Checking basic cellZone addressing...
    CellZone            Cells        Points       Volume       BoundingBox
    sas                 5760         6944         2.9216721e-07 (-0.00235 -0.00235 0) (0.00235 0.00235 0.03)
    peri_porous         384          672          4.8694535e-09 (-0.00235 -0.00235 0.03) (0.00235 0.00235 0.0305)

Checking basic pointZone addressing...
    No pointZones found.

Checking geometry...
    Overall domain bounding box (-0.00235 -0.00235 0) (0.00235 0.00235 0.0305)
    Mesh has 3 geometric (non-empty/wedge) directions (1 1 1)
    Mesh has 3 solution (non-empty) directions (1 1 1)
    Boundary openness (-1.9982078e-16 -1.9980349e-16 -3.1632528e-18) OK.
    Max cell openness = 1.7656408e-16 OK.
    Max aspect ratio = 8.9614454 OK.
    Minimum face area = 2.9166622e-08. Maximum face area = 4.6068057e-07.  Face area magnitudes OK.
    Min volume = 1.171218e-11. Max volume = 5.6332337e-11.  Total volume = 2.9703666e-07.  Cell volumes OK.
    Mesh non-orthogonality Max: 4.6918727e-05 average: 8.3215561e-06
    Non-orthogonality check OK.
    Face pyramids OK.
    Max skewness = 0.2406948 OK.
    Coupled point location match (average 0) OK.

Mesh OK.

Time = 1


Checking geometry...
    Overall domain bounding box (-0.0023958074 -0.0024055513 -2.151392e-07) (0.0023611234 0.0024055513 0.0305)
    Mesh has 3 geometric (non-empty/wedge) directions (1 1 1)
    Mesh has 3 solution (non-empty) directions (1 1 1)
    Boundary openness (5.8056569e-17 -3.2263234e-18 -5.2794383e-18) OK.
    Max cell openness = 2.3988138e-16 OK.
    Max aspect ratio = 11.143054 OK.
    Minimum face area = 2.882775e-08. Maximum face area = 4.667744e-07.  Face area magnitudes OK.
    Min volume = 1.1714013e-11. Max volume = 6.4395289e-11.  Total volume = 3.0428388e-07.  Cell volumes OK.
    Mesh non-orthogonality Max: 10.845215 average: 1.6691595
    Non-orthogonality check OK.
    Face pyramids OK.
    Max skewness = 0.26351881 OK.
    Coupled point location match (average 0) OK.

Mesh OK.

End

=== 4) Coupled solvers (preCICE IQN-ILS implicit two-way) ===
    Fluido: solids4Foam (pimpleFluid)
    Solido: ccx_preCICE -i main -precice-participant Solid
=== 5) Converter .frd -> .vtu (ParaView) ===
  ccx2paraview nao encontrado, instalando localmente...
  OK: solid/main.pvd + solid/main.{1..N}.vtu

=== Allrun finished. ===
    Fluido:   fluid/1/  (campos U, p, etc)
                paraview fluid/on-caso-1.2-fluid.foam
    Solido:   solid/main.pvd  (serie temporal CalculiX -> ParaView)
                paraview solid/main.pvd
    Logs:     solid/log.ccx, fluid/log.solids4Foam
    preCICE:  precice-Fluid-iterations.log, precice-Solid-iterations.log
