=== Sweep on-caso-3-sf: 5 valores de P_contact (arteria oftalmica, LATERAL) ===
    SEM forca frontal (sem Dz, sem EOM). Winkler k=200 kPa/m (baseline), Riks ARCMAX=1.0
Sat Jun 20 09:21:24 -03 2026

================================================================
 [09:21:24] tag=Pc0  P_CONTACT=0 Pa (LATERAL)
================================================================
 [.sta tail]
     1         21     1     2  0.987500E+00  0.987500E+00  0.500000E-01
     1         22     1     2  0.100000E+01  0.100000E+01  0.125000E-01

================================================================
 [09:23:26] tag=Pc4517  P_CONTACT=4517 Pa (LATERAL)
================================================================
 [.sta tail]
     1         21     1     2  0.987500E+00  0.987500E+00  0.500000E-01
     1         22     1     2  0.100000E+01  0.100000E+01  0.125000E-01

================================================================
 [09:25:31] tag=Pc9034  P_CONTACT=9034 Pa (LATERAL)
================================================================
 [.sta tail]
     1         27     1     2  0.981006E+00  0.981006E+00  0.500000E-01
     1         28     1     2  0.100000E+01  0.100000E+01  0.189941E-01

================================================================
 [09:28:30] tag=Pc13551  P_CONTACT=13551 Pa (LATERAL)
================================================================
 [.sta tail]
     1         31     1     3  0.997213E+00  0.997213E+00  0.500000E-01
     1         32     1     2  0.100000E+01  0.100000E+01  0.278702E-02

================================================================
 [09:32:25] tag=Pc18068  P_CONTACT=18068 Pa (LATERAL)
================================================================
 [.sta tail]
     1         26     1     2  0.973438E+00  0.973438E+00  0.281250E-01
     1         27     1     2  0.100000E+01  0.100000E+01  0.265625E-01

=== Sweep concluido ===
Sat Jun 20 09:35:46 -03 2026
-rw-r--r--  1 brunaenne  staff  195240 Jun 20 09:23 cases/on-caso-3-sf/ccx/on-caso-3-sf_Pc0.dat
-rw-r--r--  1 brunaenne  staff  273336 Jun 20 09:32 cases/on-caso-3-sf/ccx/on-caso-3-sf_Pc13551.dat
-rw-r--r--  1 brunaenne  staff  234288 Jun 20 09:35 cases/on-caso-3-sf/ccx/on-caso-3-sf_Pc18068.dat
-rw-r--r--  1 brunaenne  staff  195240 Jun 20 09:25 cases/on-caso-3-sf/ccx/on-caso-3-sf_Pc4517.dat
-rw-r--r--  1 brunaenne  staff  234288 Jun 20 09:28 cases/on-caso-3-sf/ccx/on-caso-3-sf_Pc9034.dat

Proximo passo: python3 brunaStuff/analyze_on-caso-3-sf_pcontact_sweep.py
