=== on-caso-3 (CCX): polyMesh -> CalculiX .inp  [k_winkler=200000 Pa/m] ===
[1/5] Lendo polyMesh em ../solid/constant/polyMesh
      nodes=5317, faces=14796, cells=4752, patches=10, zones=['on', 'pia', 'sas', 'dura', 'lc', 'sclera_peri', 'sclera_ring', 'globo']
[2/5] Reconstruindo conectividade C3D8 (4752 celulas)
      OK
[3/5] Escrevendo malha em on-caso-3_mesh.inp
      DURA_INNER_SURF: 240 faces (interface dura<->sas)
[4/5] Escrevendo Winkler em on-caso-3_winkler.inp
[5/5] Concluido. Total: 5317 nodes, 4752 hex C3D8I.
=== on-caso-3 (CCX): P_CONTACT = 9034 Pa (arteria oftalmica) ===
295:CONTACT_LOCAL_SURF, P, 9034
=== on-caso-3 (CCX): solver ccx_preCICE -i on-caso-3  [tag=Pc9034] ===

************************************************************

CalculiX Version 2.20, Copyright(C) 1998-2022 Guido Dhondt
CalculiX comes with ABSOLUTELY NO WARRANTY. This is free
software, and you are welcome to redistribute it under
certain conditions, see gpl.htm

************************************************************

You are using an executable made on Sun Jul 31 18:08:37 CEST 2022

  The numbers below are estimated upper bounds

  number of:

   nodes:        19822
   elements:         5001
   one-dimensional elements:            0
   two-dimensional elements:            0
   integration points per element:            8
   degrees of freedom per node:            3
   layers per element:            1

   distributed facial loads:          242
   distributed volumetric loads:            0
   concentrated loads:          409
   single point constraints:         3417
   multiple point constraints:            1
   terms in all multiple point constraints:            1
   tie constraints:            0
   dependent nodes tied by cyclic constraints:            0
   dependent nodes in pre-tension constraints:            0

   sets:          280
   terms in all sets:        18471

   materials:          257
   constants per material and temperature:            9
   temperature points per material:            1
   plastic data points per material:            0

   orientations:            1
   amplitudes:            8
   data points in all amplitudes:           11
   print requests:            8
   transformations:            0
   property cards:            0

 *INFO reading *HYPERELASTIC: nonlinear geometric
       effects are turned on

 *INFO reading *HYPERELASTIC: nonlinear geometric
       effects are turned on

 *INFO reading *HYPERELASTIC: nonlinear geometric
       effects are turned on

 *INFO reading *HYPERELASTIC: nonlinear geometric
       effects are turned on

 *INFO reading *HYPERELASTIC: nonlinear geometric
       effects are turned on

 *INFO reading *HYPERELASTIC: nonlinear geometric
       effects are turned on

 *INFO reading *HYPERELASTIC: nonlinear geometric
       effects are turned on

 *INFO reading *STEP: nonlinear geometric
       effects are turned on

 *WARNING reading *STATIC: parameter not recognized:
          RIKS
 *WARNING reading *STATIC. Card image:
          *STATIC,RIKS


 STEP            1

 Static analysis was selected

 Nonlinear material laws are taken into account

 Newton-Raphson iterative procedure is active

 Nonlinear geometric effects are taken into account

 Decascading the MPC's

 Determining the structure of the matrix:
 Using up to 1 cpu(s) for setting up the structure of the matrix.
 number of equations
 56265
 number of nonzero lower triangular matrix elements
 1607559

 increment 1 attempt 1 
 increment size= 2.500000e-02
 sum of previous increments=0.000000e+00
 actual step time=2.500000e-02
 actual total time=2.500000e-02

 iteration 1

 Using up to 1 cpu(s) for the stress calculation.

 Using up to 1 cpu(s) for the symmetric stiffness/mass contributions.

 Factoring the system of equations using the symmetric spooles solver
 Using up to 1 cpu(s) for spooles.

 Using up to 1 cpu(s) for the stress calculation.

 average force= 0.000007
 time avg. forc= 0.000007
 largest residual force= 0.000144 in node 4073 and dof 1
 largest increment of disp= 3.749506e-05
 largest correction to disp= 3.749506e-05 in node 4727 and dof 3

 no convergence

 iteration 2

 Using up to 1 cpu(s) for the symmetric stiffness/mass contributions.

 Factoring the system of equations using the symmetric spooles solver
 Using up to 1 cpu(s) for spooles.

 Using up to 1 cpu(s) for the stress calculation.

 average force= 0.000007
 time avg. forc= 0.000007
 largest residual force= 0.000000 in node 2317 and dof 1
 largest increment of disp= 3.749506e-05
 largest correction to disp= 7.584893e-07 in node 3707 and dof 3

 convergence

 increment 2 attempt 1 
 increment size= 2.500000e-02
 sum of previous increments=2.500000e-02
 actual step time=5.000000e-02
 actual total time=5.000000e-02

 iteration 1

 Using up to 1 cpu(s) for the stress calculation.

 Using up to 1 cpu(s) for the symmetric stiffness/mass contributions.

 Factoring the system of equations using the symmetric spooles solver
 Using up to 1 cpu(s) for spooles.

 Using up to 1 cpu(s) for the stress calculation.

 average force= 0.000013
 time avg. forc= 0.000010
 largest residual force= 0.000000 in node 2323 and dof 1
 largest increment of disp= 3.749532e-05
 largest correction to disp= 1.927604e-07 in node 17358 and dof 2

 no convergence

 iteration 2

 Using up to 1 cpu(s) for the symmetric stiffness/mass contributions.

 Factoring the system of equations using the symmetric spooles solver
 Using up to 1 cpu(s) for spooles.

 Using up to 1 cpu(s) for the stress calculation.

 average force= 0.000013
 time avg. forc= 0.000010
 largest residual force= 0.000000 in node 2169 and dof 1
 largest increment of disp= 3.749532e-05
 largest correction to disp= 7.331577e-10 in node 11084 and dof 1

 convergence; the increment size is increased to 3.750000e-02

 increment 3 attempt 1 
 increment size= 3.750000e-02
 sum of previous increments=5.000000e-02
 actual step time=8.750000e-02
 actual total time=8.750000e-02

 iteration 1

 Using up to 1 cpu(s) for the stress calculation.

 Using up to 1 cpu(s) for the symmetric stiffness/mass contributions.

 Factoring the system of equations using the symmetric spooles solver
 Using up to 1 cpu(s) for spooles.

 Using up to 1 cpu(s) for the stress calculation.

 average force= 0.000024
 time avg. forc= 0.000015
 largest residual force= 0.000003 in node 2169 and dof 1
 largest increment of disp= 5.624321e-05
 largest correction to disp= 4.990097e-07 in node 16632 and dof 2

 no convergence

 iteration 2

 Using up to 1 cpu(s) for the symmetric stiffness/mass contributions.

 Factoring the system of equations using the symmetric spooles solver
 Using up to 1 cpu(s) for spooles.

 Using up to 1 cpu(s) for the stress calculation.

 average force= 0.000024
 time avg. forc= 0.000015
 largest residual force= 0.000000 in node 2169 and dof 1
 largest increment of disp= 5.624321e-05
 largest correction to disp= 7.879158e-09 in node 11084 and dof 1

 convergence; the increment size is increased to 5.625000e-02

 the increment size exceeds the maximum allowed and is decreased to 5.000000e-02

 increment 4 attempt 1 
 increment size= 5.000000e-02
 sum of previous increments=8.750000e-02
 actual step time=1.375000e-01
 actual total time=1.375000e-01

 iteration 1

 Using up to 1 cpu(s) for the stress calculation.

 Using up to 1 cpu(s) for the symmetric stiffness/mass contributions.

 Factoring the system of equations using the symmetric spooles solver
 Using up to 1 cpu(s) for spooles.

 Using up to 1 cpu(s) for the stress calculation.

 average force= 0.000038
 time avg. forc= 0.000020
 largest residual force= 0.000257 in node 2169 and dof 1
 largest increment of disp= 7.499128e-05
 largest correction to disp= 2.662934e-06 in node 11084 and dof 1

 no convergence

 iteration 2

 Using up to 1 cpu(s) for the symmetric stiffness/mass contributions.

 Factoring the system of equations using the symmetric spooles solver
 Using up to 1 cpu(s) for spooles.

 Using up to 1 cpu(s) for the stress calculation.

 average force= 0.000038
 time avg. forc= 0.000020
 largest residual force= 0.000004 in node 2176 and dof 1
 largest increment of disp= 7.499128e-05
 largest correction to disp= 3.175273e-07 in node 11084 and dof 1

 no convergence

 iteration 3

 Using up to 1 cpu(s) for the symmetric stiffness/mass contributions.

 Factoring the system of equations using the symmetric spooles solver
 Using up to 1 cpu(s) for spooles.

 Using up to 1 cpu(s) for the stress calculation.

 average force= 0.000038
 time avg. forc= 0.000020
 largest residual force= 0.000000 in node 2176 and dof 1
 largest increment of disp= 7.499128e-05
 largest correction to disp= 1.601810e-08 in node 11084 and dof 1

 convergence; the increment size is increased to 7.500000e-02

 the increment size exceeds the maximum allowed and is decreased to 5.000000e-02

 increment 5 attempt 1 
 increment size= 5.000000e-02
 sum of previous increments=1.375000e-01
 actual step time=1.875000e-01
 actual total time=1.875000e-01

 iteration 1

 Using up to 1 cpu(s) for the stress calculation.

 Using up to 1 cpu(s) for the symmetric stiffness/mass contributions.

 Factoring the system of equations using the symmetric spooles solver
 Using up to 1 cpu(s) for spooles.

 Using up to 1 cpu(s) for the stress calculation.

 average force= 0.000069
 time avg. forc= 0.000030
 largest residual force= 0.015537 in node 2176 and dof 1
 largest increment of disp= 7.499652e-05
 largest correction to disp= 2.058339e-05 in node 11084 and dof 1

 no convergence

 iteration 2

 Using up to 1 cpu(s) for the symmetric stiffness/mass contributions.

 Factoring the system of equations using the symmetric spooles solver
 Using up to 1 cpu(s) for spooles.

 Using up to 1 cpu(s) for the stress calculation.

 average force= 0.000056
 time avg. forc= 0.000028
 largest residual force= 0.000012 in node 2299 and dof 1
 largest increment of disp= 7.499652e-05
 largest correction to disp= 5.580281e-07 in node 11423 and dof 1

 no convergence

 iteration 3

 Using up to 1 cpu(s) for the symmetric stiffness/mass contributions.

 Factoring the system of equations using the symmetric spooles solver
 Using up to 1 cpu(s) for spooles.

 Using up to 1 cpu(s) for the stress calculation.

 average force= 0.000057
 time avg. forc= 0.000028
 largest residual force= 0.000373 in node 2311 and dof 1
 largest increment of disp= 7.499652e-05
 largest correction to disp= 3.191778e-06 in node 11459 and dof 1

 no convergence

 iteration 4

 Using up to 1 cpu(s) for the symmetric stiffness/mass contributions.

 Factoring the system of equations using the symmetric spooles solver
 Using up to 1 cpu(s) for spooles.

 Using up to 1 cpu(s) for the stress calculation.

 average force= 0.000057
 time avg. forc= 0.000028
 largest residual force= 0.000000 in node 2311 and dof 1
 largest increment of disp= 7.499652e-05
 largest correction to disp= 1.231591e-07 in node 11459 and dof 1

 convergence; the increment size is increased to 7.500000e-02

 the increment size exceeds the maximum allowed and is decreased to 5.000000e-02

 Using up to 1 cpu(s) for the stress calculation.

 increment 6 attempt 1 
 increment size= 5.000000e-02
 sum of previous increments=1.875000e-01
 actual step time=2.375000e-01
 actual total time=2.375000e-01

 iteration 1

 Using up to 1 cpu(s) for the stress calculation.

 Using up to 1 cpu(s) for the symmetric stiffness/mass contributions.

 Factoring the system of equations using the symmetric spooles solver
 Using up to 1 cpu(s) for spooles.

 Using up to 1 cpu(s) for the stress calculation.

 average force= 0.000212
 time avg. forc= 0.000058
 largest residual force= 0.113379 in node 2245 and dof 2
 largest increment of disp= 7.528040e-05
 largest correction to disp= 5.782770e-05 in node 11279 and dof 2

 no convergence

 iteration 2

 Using up to 1 cpu(s) for the symmetric stiffness/mass contributions.

 Factoring the system of equations using the symmetric spooles solver
 Using up to 1 cpu(s) for spooles.

 Using up to 1 cpu(s) for the stress calculation.

 average force= 0.146107
 time avg. forc= 0.024374
 largest residual force= 195.988525 in node 2311 and dof 1
 largest increment of disp= 2.233879e-03
 largest correction to disp= 2.233879e-03 in node 11462 and dof 1

 no convergence

 iteration 3

 Using up to 1 cpu(s) for the symmetric stiffness/mass contributions.

 Factoring the system of equations using the symmetric spooles solver
 Using up to 1 cpu(s) for spooles.

 Using up to 1 cpu(s) for the stress calculation.

 average force= 1110.317141
 time avg. forc= 185.052880
 largest residual force= 4988059.547528 in node 9668 and dof 3
 largest increment of disp= 6.328201e-02
 largest correction to disp= 6.328201e-02 in node 9578 and dof 2

 no convergence

 iteration 4

 Using up to 1 cpu(s) for the symmetric stiffness/mass contributions.

 Factoring the system of equations using the symmetric spooles solver
 Using up to 1 cpu(s) for spooles.

 Using up to 1 cpu(s) for the stress calculation.

 average force= 3456570344419549696.000000
 time avg. forc= 576095057403258304.000000
 largest residual force= 23372724724054049685504.000000 in node 13676 and dof 2
 largest increment of disp= 2.066260e+02
 largest correction to disp= 2.066260e+02 in node 13677 and dof 1

 divergence; the increment size is decreased to 1.250000e-02
 the increment is reattempted

 increment 6 attempt 2 
 increment size= 1.250000e-02
 sum of previous increments=1.875000e-01
 actual step time=2.000000e-01
 actual total time=2.000000e-01

 iteration 1

 Using up to 1 cpu(s) for the stress calculation.

 Using up to 1 cpu(s) for the symmetric stiffness/mass contributions.

 Factoring the system of equations using the symmetric spooles solver
 Using up to 1 cpu(s) for spooles.

 Using up to 1 cpu(s) for the stress calculation.

 average force= 0.000370
 time avg. forc= 0.000085
 largest residual force= 0.240414 in node 2176 and dof 1
 largest increment of disp= 8.159473e-05
 largest correction to disp= 8.159473e-05 in node 11084 and dof 1

 no convergence

 iteration 2

 Using up to 1 cpu(s) for the symmetric stiffness/mass contributions.

 Factoring the system of equations using the symmetric spooles solver
 Using up to 1 cpu(s) for spooles.

 Using up to 1 cpu(s) for the stress calculation.

 average force= 0.000079
 time avg. forc= 0.000036
 largest residual force= 0.000286 in node 2169 and dof 1
 largest increment of disp= 8.159473e-05
 largest correction to disp= 4.195693e-06 in node 7236 and dof 1

 no convergence

 iteration 3

 Using up to 1 cpu(s) for the symmetric stiffness/mass contributions.

 Factoring the system of equations using the symmetric spooles solver
 Using up to 1 cpu(s) for spooles.

 Using up to 1 cpu(s) for the stress calculation.

 average force= 0.000083
 time avg. forc= 0.000037
 largest residual force= 0.008667 in node 2176 and dof 1
 largest increment of disp= 8.159473e-05
 largest correction to disp= 1.546262e-05 in node 11084 and dof 1

 no convergence

 iteration 4

 Using up to 1 cpu(s) for the symmetric stiffness/mass contributions.

 Factoring the system of equations using the symmetric spooles solver
 Using up to 1 cpu(s) for spooles.

 Using up to 1 cpu(s) for the stress calculation.

 average force= 0.000075
 time avg. forc= 0.000035
 largest residual force= 0.000263 in node 2176 and dof 1
 largest increment of disp= 8.159473e-05
 largest correction to disp= 2.698562e-06 in node 11084 and dof 1

 no convergence

 iteration 5

 Using up to 1 cpu(s) for the symmetric stiffness/mass contributions.

 Factoring the system of equations using the symmetric spooles solver
 Using up to 1 cpu(s) for spooles.

 Using up to 1 cpu(s) for the stress calculation.

 average force= 0.000074
 time avg. forc= 0.000035
 largest residual force= 0.000460 in node 2176 and dof 1
 largest increment of disp= 8.159473e-05
 largest correction to disp= 3.568200e-06 in node 11084 and dof 1

 no convergence

 iteration 6

 Using up to 1 cpu(s) for the symmetric stiffness/mass contributions.

 Factoring the system of equations using the symmetric spooles solver
 Using up to 1 cpu(s) for spooles.

 Using up to 1 cpu(s) for the stress calculation.

 average force= 0.000074
 time avg. forc= 0.000035
 largest residual force= 0.000019 in node 2371 and dof 2
 largest increment of disp= 8.159473e-05
 largest correction to disp= 7.351988e-07 in node 11642 and dof 2

 no convergence

 iteration 7

 Using up to 1 cpu(s) for the symmetric stiffness/mass contributions.

 Factoring the system of equations using the symmetric spooles solver
 Using up to 1 cpu(s) for spooles.

 Using up to 1 cpu(s) for the stress calculation.

 average force= 0.000074
 time avg. forc= 0.000035
 largest residual force= 0.000002 in node 2245 and dof 2
 largest increment of disp= 8.159473e-05
 largest correction to disp= 2.399856e-07 in node 11279 and dof 2

 no convergence

 iteration 8

 Using up to 1 cpu(s) for the symmetric stiffness/mass contributions.

 Factoring the system of equations using the symmetric spooles solver
 Using up to 1 cpu(s) for spooles.

 Using up to 1 cpu(s) for the stress calculation.

 average force= 0.000074
 time avg. forc= 0.000035
 largest residual force= 0.000000 in node 2245 and dof 2
 largest increment of disp= 8.159473e-05
 largest correction to disp= 6.458196e-09 in node 11642 and dof 2

 convergence

 increment 7 attempt 1 
 increment size= 1.250000e-02
 sum of previous increments=2.000000e-01
 actual step time=2.125000e-01
 actual total time=2.125000e-01

 iteration 1

 Using up to 1 cpu(s) for the stress calculation.

 Using up to 1 cpu(s) for the symmetric stiffness/mass contributions.

 Factoring the system of equations using the symmetric spooles solver
 Using up to 1 cpu(s) for spooles.

 Using up to 1 cpu(s) for the stress calculation.

 average force= 0.000096
 time avg. forc= 0.000044
 largest residual force= 0.000653 in node 2176 and dof 1
 largest increment of disp= 6.321929e-05
 largest correction to disp= 1.125680e-05 in node 7341 and dof 1

 no convergence

 iteration 2

 Using up to 1 cpu(s) for the symmetric stiffness/mass contributions.

 Factoring the system of equations using the symmetric spooles solver
 Using up to 1 cpu(s) for spooles.

 Using up to 1 cpu(s) for the stress calculation.

 average force= 0.000116
 time avg. forc= 0.000047
 largest residual force= 0.028201 in node 2176 and dof 1
 largest increment of disp= 6.321929e-05
 largest correction to disp= 2.783099e-05 in node 11084 and dof 1

 no convergence

 iteration 3

 Using up to 1 cpu(s) for the symmetric stiffness/mass contributions.

 Factoring the system of equations using the symmetric spooles solver
 Using up to 1 cpu(s) for spooles.

 Using up to 1 cpu(s) for the stress calculation.

 average force= 0.000088
 time avg. forc= 0.000043
 largest residual force= 0.000693 in node 2176 and dof 1
 largest increment of disp= 6.321929e-05
 largest correction to disp= 4.367759e-06 in node 11081 and dof 1

 no convergence

 iteration 4

 Using up to 1 cpu(s) for the symmetric stiffness/mass contributions.

 Factoring the system of equations using the symmetric spooles solver
 Using up to 1 cpu(s) for spooles.

 Using up to 1 cpu(s) for the stress calculation.

 average force= 0.000087
 time avg. forc= 0.000043
 largest residual force= 0.002549 in node 2176 and dof 1
 largest increment of disp= 6.321929e-05
 largest correction to disp= 8.417258e-06 in node 11084 and dof 1

 no convergence

 iteration 5

 Using up to 1 cpu(s) for the symmetric stiffness/mass contributions.

 Factoring the system of equations using the symmetric spooles solver
 Using up to 1 cpu(s) for spooles.

 Using up to 1 cpu(s) for the stress calculation.

 average force= 0.000086
 time avg. forc= 0.000043
 largest residual force= 0.000075 in node 2176 and dof 1
 largest increment of disp= 6.321929e-05
 largest correction to disp= 1.446684e-06 in node 11084 and dof 1

 no convergence

 iteration 6

 Using up to 1 cpu(s) for the symmetric stiffness/mass contributions.

 Factoring the system of equations using the symmetric spooles solver
 Using up to 1 cpu(s) for spooles.

 Using up to 1 cpu(s) for the stress calculation.

 average force= 0.000086
 time avg. forc= 0.000043
 largest residual force= 0.000014 in node 2371 and dof 2
 largest increment of disp= 6.321929e-05
 largest correction to disp= 6.209956e-07 in node 11642 and dof 2

 no convergence

 iteration 7

 Using up to 1 cpu(s) for the symmetric stiffness/mass contributions.

 Factoring the system of equations using the symmetric spooles solver
 Using up to 1 cpu(s) for spooles.

 Using up to 1 cpu(s) for the stress calculation.

 average force= 0.000086
 time avg. forc= 0.000043
 largest residual force= 0.000000 in node 2371 and dof 2
 largest increment of disp= 6.321929e-05
 largest correction to disp= 3.240289e-08 in node 11279 and dof 2

 convergence

 increment 8 attempt 1 
 increment size= 1.250000e-02
 sum of previous increments=2.125000e-01
 actual step time=2.250000e-01
 actual total time=2.250000e-01

 iteration 1

 Using up to 1 cpu(s) for the stress calculation.

 Using up to 1 cpu(s) for the symmetric stiffness/mass contributions.

 Factoring the system of equations using the symmetric spooles solver
 Using up to 1 cpu(s) for spooles.

 Using up to 1 cpu(s) for the stress calculation.

 average force= 0.000100
 time avg. forc= 0.000050
 largest residual force= 0.000084 in node 2311 and dof 1
 largest increment of disp= 2.012912e-05
 largest correction to disp= 3.740158e-06 in node 7341 and dof 1

 no convergence

 iteration 2

 Using up to 1 cpu(s) for the symmetric stiffness/mass contributions.

 Factoring the system of equations using the symmetric spooles solver
 Using up to 1 cpu(s) for spooles.

 Using up to 1 cpu(s) for the stress calculation.

 average force= 0.000099
 time avg. forc= 0.000050
 largest residual force= 0.000290 in node 2311 and dof 1
 largest increment of disp= 2.012912e-05
 largest correction to disp= 2.829159e-06 in node 11459 and dof 1

 no convergence

 iteration 3

 Using up to 1 cpu(s) for the symmetric stiffness/mass contributions.

 Factoring the system of equations using the symmetric spooles solver
 Using up to 1 cpu(s) for spooles.

 Using up to 1 cpu(s) for the stress calculation.

 average force= 0.000099
 time avg. forc= 0.000050
 largest residual force= 0.000002 in node 2369 and dof 2
 largest increment of disp= 2.012912e-05
 largest correction to disp= 2.167056e-07 in node 11639 and dof 2

 no convergence

 iteration 4

 Using up to 1 cpu(s) for the symmetric stiffness/mass contributions.

 Factoring the system of equations using the symmetric spooles solver
 Using up to 1 cpu(s) for spooles.

 Using up to 1 cpu(s) for the stress calculation.

 average force= 0.000099
 time avg. forc= 0.000050
 largest residual force= 0.000000 in node 2245 and dof 2
 largest increment of disp= 2.012912e-05
 largest correction to disp= 1.525711e-08 in node 11282 and dof 2

 convergence

 increment 9 attempt 1 
 increment size= 1.250000e-02
 sum of previous increments=2.250000e-01
 actual step time=2.375000e-01
 actual total time=2.375000e-01

 iteration 1

 Using up to 1 cpu(s) for the stress calculation.

 Using up to 1 cpu(s) for the symmetric stiffness/mass contributions.

 Factoring the system of equations using the symmetric spooles solver
 Using up to 1 cpu(s) for spooles.

 Using up to 1 cpu(s) for the stress calculation.

 average force= 0.000117
 time avg. forc= 0.000057
 largest residual force= 0.000497 in node 4077 and dof 1
 largest increment of disp= 1.930762e-05
 largest correction to disp= 1.063389e-05 in node 16274 and dof 1

 no convergence

 iteration 2

 Using up to 1 cpu(s) for the symmetric stiffness/mass contributions.

 Factoring the system of equations using the symmetric spooles solver
 Using up to 1 cpu(s) for spooles.

 Using up to 1 cpu(s) for the stress calculation.

 average force= 0.000117
 time avg. forc= 0.000057
 largest residual force= 0.000045 in node 4077 and dof 1
 largest increment of disp= 1.930762e-05
 largest correction to disp= 3.222873e-06 in node 16280 and dof 1

 no convergence

 iteration 3

 Using up to 1 cpu(s) for the symmetric stiffness/mass contributions.

 Factoring the system of equations using the symmetric spooles solver
 Using up to 1 cpu(s) for spooles.

 Using up to 1 cpu(s) for the stress calculation.

 average force= 0.000117
 time avg. forc= 0.000057
 largest residual force= 0.000002 in node 4077 and dof 1
 largest increment of disp= 1.930762e-05
 largest correction to disp= 6.318613e-07 in node 16280 and dof 1

 no convergence

 iteration 4

 Using up to 1 cpu(s) for the symmetric stiffness/mass contributions.

 Factoring the system of equations using the symmetric spooles solver
 Using up to 1 cpu(s) for spooles.

 Using up to 1 cpu(s) for the stress calculation.

 average force= 0.000117
 time avg. forc= 0.000057
 largest residual force= 0.000000 in node 4077 and dof 1
 largest increment of disp= 1.930762e-05
 largest correction to disp= 2.840607e-08 in node 16280 and dof 1

 convergence; the increment size is increased to 1.875000e-02

 increment 10 attempt 1 
 increment size= 1.875000e-02
 sum of previous increments=2.375000e-01
 actual step time=2.562500e-01
 actual total time=2.562500e-01

 iteration 1

 Using up to 1 cpu(s) for the stress calculation.

 Using up to 1 cpu(s) for the symmetric stiffness/mass contributions.

 Factoring the system of equations using the symmetric spooles solver
 Using up to 1 cpu(s) for spooles.

 Using up to 1 cpu(s) for the stress calculation.

 average force= 0.000156
 time avg. forc= 0.000067
 largest residual force= 0.007847 in node 4091 and dof 1
 largest increment of disp= 4.275451e-05
 largest correction to disp= 4.275451e-05 in node 16274 and dof 1

 no convergence

 iteration 2

 Using up to 1 cpu(s) for the symmetric stiffness/mass contributions.

 Factoring the system of equations using the symmetric spooles solver
 Using up to 1 cpu(s) for spooles.

 Using up to 1 cpu(s) for the stress calculation.

 average force= 0.000575
 time avg. forc= 0.000109
 largest residual force= 0.153672 in node 4359 and dof 1
 largest increment of disp= 1.898687e-04
 largest correction to disp= 1.898687e-04 in node 17000 and dof 1

 no convergence

 iteration 3

 Using up to 1 cpu(s) for the symmetric stiffness/mass contributions.

 Factoring the system of equations using the symmetric spooles solver
 Using up to 1 cpu(s) for spooles.

 Using up to 1 cpu(s) for the stress calculation.

 average force= 0.000254
 time avg. forc= 0.000077
 largest residual force= 0.005920 in node 3317 and dof 1
 largest increment of disp= 1.898687e-04
 largest correction to disp= 3.820680e-05 in node 16242 and dof 1

 no convergence

 iteration 4

 Using up to 1 cpu(s) for the symmetric stiffness/mass contributions.

 Factoring the system of equations using the symmetric spooles solver
 Using up to 1 cpu(s) for spooles.

 Using up to 1 cpu(s) for the stress calculation.

 average force= 0.000271
 time avg. forc= 0.000079
 largest residual force= 0.029406 in node 3338 and dof 1
 largest increment of disp= 1.898687e-04
 largest correction to disp= 8.474851e-05 in node 16236 and dof 1

 no convergence

 iteration 5

 Using up to 1 cpu(s) for the symmetric stiffness/mass contributions.

 Factoring the system of equations using the symmetric spooles solver
 Using up to 1 cpu(s) for spooles.

 Using up to 1 cpu(s) for the stress calculation.

 average force= 0.000196
 time avg. forc= 0.000071
 largest residual force= 0.001744 in node 4347 and dof 1
 largest increment of disp= 1.898687e-04
 largest correction to disp= 2.032517e-05 in node 17000 and dof 1

 no convergence

 iteration 6

 Using up to 1 cpu(s) for the symmetric stiffness/mass contributions.

 Factoring the system of equations using the symmetric spooles solver
 Using up to 1 cpu(s) for spooles.

 Using up to 1 cpu(s) for the stress calculation.

 average force= 0.000185
 time avg. forc= 0.000070
 largest residual force= 0.001091 in node 3338 and dof 1
 largest increment of disp= 1.898687e-04
 largest correction to disp= 1.652723e-05 in node 16236 and dof 1

 no convergence

 iteration 7

 Using up to 1 cpu(s) for the symmetric stiffness/mass contributions.

 Factoring the system of equations using the symmetric spooles solver
 Using up to 1 cpu(s) for spooles.

 Using up to 1 cpu(s) for the stress calculation.

 average force= 0.000181
 time avg. forc= 0.000070
 largest residual force= 0.000193 in node 3743 and dof 1
 largest increment of disp= 1.898687e-04
 largest correction to disp= 6.997983e-06 in node 16998 and dof 1

 no convergence

 iteration 8

 Using up to 1 cpu(s) for the symmetric stiffness/mass contributions.

 Factoring the system of equations using the symmetric spooles solver
 Using up to 1 cpu(s) for spooles.

 Using up to 1 cpu(s) for the stress calculation.

 average force= 0.000180
 time avg. forc= 0.000069
 largest residual force= 0.000027 in node 3743 and dof 1
 largest increment of disp= 1.898687e-04
 largest correction to disp= 2.603372e-06 in node 16992 and dof 1

 estimated number of iterations till convergence = 11
 no convergence

 iteration 9

 Using up to 1 cpu(s) for the symmetric stiffness/mass contributions.

 Factoring the system of equations using the symmetric spooles solver
 Using up to 1 cpu(s) for spooles.

 Using up to 1 cpu(s) for the stress calculation.

 average force= 0.000180
 time avg. forc= 0.000069
 largest residual force= 0.000000 in node 3743 and dof 1
 largest increment of disp= 1.898687e-04
 largest correction to disp= 2.507840e-07 in node 16992 and dof 1

 convergence

 Using up to 1 cpu(s) for the stress calculation.

 increment 11 attempt 1 
 increment size= 1.875000e-02
 sum of previous increments=2.562500e-01
 actual step time=2.750000e-01
 actual total time=2.750000e-01

 iteration 1

 Using up to 1 cpu(s) for the stress calculation.

 Using up to 1 cpu(s) for the symmetric stiffness/mass contributions.

 Factoring the system of equations using the symmetric spooles solver
 Using up to 1 cpu(s) for spooles.

 Using up to 1 cpu(s) for the stress calculation.

 average force= 0.000257
 time avg. forc= 0.000087
 largest residual force= 0.001945 in node 4091 and dof 1
 largest increment of disp= 9.664592e-05
 largest correction to disp= 2.023972e-05 in node 16310 and dof 1

 no convergence

 iteration 2

 Using up to 1 cpu(s) for the symmetric stiffness/mass contributions.

 Factoring the system of equations using the symmetric spooles solver
 Using up to 1 cpu(s) for spooles.

 Using up to 1 cpu(s) for the stress calculation.

 average force= 0.000232
 time avg. forc= 0.000084
 largest residual force= 0.003374 in node 4091 and dof 1
 largest increment of disp= 9.664592e-05
 largest correction to disp= 2.878057e-05 in node 16272 and dof 1

 no convergence

 iteration 3

 Using up to 1 cpu(s) for the symmetric stiffness/mass contributions.

 Factoring the system of equations using the symmetric spooles solver
 Using up to 1 cpu(s) for spooles.

 Using up to 1 cpu(s) for the stress calculation.

 average force= 0.000221
 time avg. forc= 0.000083
 largest residual force= 0.000482 in node 3338 and dof 1
 largest increment of disp= 9.664592e-05
 largest correction to disp= 1.105628e-05 in node 16272 and dof 1

 no convergence

 iteration 4

 Using up to 1 cpu(s) for the symmetric stiffness/mass contributions.

 Factoring the system of equations using the symmetric spooles solver
 Using up to 1 cpu(s) for spooles.

 Using up to 1 cpu(s) for the stress calculation.

 average force= 0.000219
 time avg. forc= 0.000083
 largest residual force= 0.000050 in node 3338 and dof 1
 largest increment of disp= 9.664592e-05
 largest correction to disp= 3.551154e-06 in node 16242 and dof 1

 no convergence

 iteration 5

 Using up to 1 cpu(s) for the symmetric stiffness/mass contributions.

 Factoring the system of equations using the symmetric spooles solver
 Using up to 1 cpu(s) for spooles.

 Using up to 1 cpu(s) for the stress calculation.

 average force= 0.000219
 time avg. forc= 0.000083
 largest residual force= 0.000000 in node 2370 and dof 2
 largest increment of disp= 9.664592e-05
 largest correction to disp= 2.791714e-07 in node 16236 and dof 1

 convergence

 increment 12 attempt 1 
 increment size= 1.875000e-02
 sum of previous increments=2.750000e-01
 actual step time=2.937500e-01
 actual total time=2.937500e-01

 iteration 1

 Using up to 1 cpu(s) for the stress calculation.

 Using up to 1 cpu(s) for the symmetric stiffness/mass contributions.

 Factoring the system of equations using the symmetric spooles solver
 Using up to 1 cpu(s) for spooles.

 Using up to 1 cpu(s) for the stress calculation.

 average force= 0.000253
 time avg. forc= 0.000097
 largest residual force= 0.000300 in node 3743 and dof 1
 largest increment of disp= 4.420045e-05
 largest correction to disp= 8.544119e-06 in node 16992 and dof 1

 no convergence

 iteration 2

 Using up to 1 cpu(s) for the symmetric stiffness/mass contributions.

 Factoring the system of equations using the symmetric spooles solver
 Using up to 1 cpu(s) for spooles.

 Using up to 1 cpu(s) for the stress calculation.

 average force= 0.000250
 time avg. forc= 0.000097
 largest residual force= 0.000146 in node 2244 and dof 2
 largest increment of disp= 4.420045e-05
 largest correction to disp= 5.359593e-06 in node 16992 and dof 1

 no convergence

 iteration 3

 Using up to 1 cpu(s) for the symmetric stiffness/mass contributions.

 Factoring the system of equations using the symmetric spooles solver
 Using up to 1 cpu(s) for spooles.

 Using up to 1 cpu(s) for the stress calculation.

 average force= 0.000250
 time avg. forc= 0.000097
 largest residual force= 0.000001 in node 2245 and dof 2
 largest increment of disp= 4.420045e-05
 largest correction to disp= 4.186435e-07 in node 16992 and dof 1

 no convergence

 iteration 4

 Using up to 1 cpu(s) for the symmetric stiffness/mass contributions.

 Factoring the system of equations using the symmetric spooles solver
 Using up to 1 cpu(s) for spooles.

 Using up to 1 cpu(s) for the stress calculation.

 average force= 0.000250
 time avg. forc= 0.000097
 largest residual force= 0.000000 in node 2370 and dof 2
 largest increment of disp= 4.420045e-05
 largest correction to disp= 1.236684e-08 in node 11639 and dof 2

 convergence

 increment 13 attempt 1 
 increment size= 1.875000e-02
 sum of previous increments=2.937500e-01
 actual step time=3.125000e-01
 actual total time=3.125000e-01

 iteration 1

 Using up to 1 cpu(s) for the stress calculation.

 Using up to 1 cpu(s) for the symmetric stiffness/mass contributions.

 Factoring the system of equations using the symmetric spooles solver
 Using up to 1 cpu(s) for spooles.

 Using up to 1 cpu(s) for the stress calculation.

 average force= 0.000278
 time avg. forc= 0.000111
 largest residual force= 0.000080 in node 3743 and dof 1
 largest increment of disp= 3.835178e-05
 largest correction to disp= 6.332742e-06 in node 12087 and dof 1

 no convergence

 iteration 2

 Using up to 1 cpu(s) for the symmetric stiffness/mass contributions.

 Factoring the system of equations using the symmetric spooles solver
 Using up to 1 cpu(s) for spooles.

 Using up to 1 cpu(s) for the stress calculation.

 average force= 0.000277
 time avg. forc= 0.000111
 largest residual force= 0.000017 in node 2243 and dof 2
 largest increment of disp= 3.835178e-05
 largest correction to disp= 2.403004e-06 in node 7356 and dof 1

 no convergence

 iteration 3

 Using up to 1 cpu(s) for the symmetric stiffness/mass contributions.

 Factoring the system of equations using the symmetric spooles solver
 Using up to 1 cpu(s) for spooles.

 Using up to 1 cpu(s) for the stress calculation.

 average force= 0.000277
 time avg. forc= 0.000111
 largest residual force= 0.000000 in node 2370 and dof 2
 largest increment of disp= 3.835178e-05
 largest correction to disp= 5.074380e-08 in node 7338 and dof 1

 convergence; the increment size is increased to 2.812500e-02

 increment 14 attempt 1 
 increment size= 2.812500e-02
 sum of previous increments=3.125000e-01
 actual step time=3.406250e-01
 actual total time=3.406250e-01

 iteration 1

 Using up to 1 cpu(s) for the stress calculation.

 Using up to 1 cpu(s) for the symmetric stiffness/mass contributions.

 Factoring the system of equations using the symmetric spooles solver
 Using up to 1 cpu(s) for spooles.

 Using up to 1 cpu(s) for the stress calculation.

 average force= 0.000316
 time avg. forc= 0.000125
 largest residual force= 0.000083 in node 3743 and dof 1
 largest increment of disp= 5.640611e-05
 largest correction to disp= 2.022613e-05 in node 14190 and dof 1

 no convergence

 iteration 2

 Using up to 1 cpu(s) for the symmetric stiffness/mass contributions.

 Factoring the system of equations using the symmetric spooles solver
 Using up to 1 cpu(s) for spooles.

 Using up to 1 cpu(s) for the stress calculation.

 average force= 0.000315
 time avg. forc= 0.000125
 largest residual force= 0.000035 in node 2168 and dof 1
 largest increment of disp= 5.640611e-05
 largest correction to disp= 3.094494e-06 in node 9516 and dof 1

 no convergence

 iteration 3

 Using up to 1 cpu(s) for the symmetric stiffness/mass contributions.

 Factoring the system of equations using the symmetric spooles solver
 Using up to 1 cpu(s) for spooles.

 Using up to 1 cpu(s) for the stress calculation.

 average force= 0.000315
 time avg. forc= 0.000125
 largest residual force= 0.000000 in node 2246 and dof 2
 largest increment of disp= 5.640611e-05
 largest correction to disp= 1.339110e-07 in node 14190 and dof 1

 convergence; the increment size is increased to 4.218750e-02

 increment 15 attempt 1 
 increment size= 4.218750e-02
 sum of previous increments=3.406250e-01
 actual step time=3.828125e-01
 actual total time=3.828125e-01

 iteration 1

 Using up to 1 cpu(s) for the stress calculation.

 Using up to 1 cpu(s) for the symmetric stiffness/mass contributions.

 Factoring the system of equations using the symmetric spooles solver
 Using up to 1 cpu(s) for spooles.

 Using up to 1 cpu(s) for the stress calculation.

 average force= 0.000366
 time avg. forc= 0.000141
 largest residual force= 0.000132 in node 3743 and dof 1
 largest increment of disp= 1.946445e-04
 largest correction to disp= 1.946445e-04 in node 14190 and dof 1

 no convergence

 iteration 2

 Using up to 1 cpu(s) for the symmetric stiffness/mass contributions.

 Factoring the system of equations using the symmetric spooles solver
 Using up to 1 cpu(s) for spooles.

 Using up to 1 cpu(s) for the stress calculation.

 average force= 0.000364
 time avg. forc= 0.000141
 largest residual force= 0.000189 in node 2246 and dof 2
 largest increment of disp= 1.946445e-04
 largest correction to disp= 3.308888e-05 in node 12089 and dof 1

 no convergence

 iteration 3

 Using up to 1 cpu(s) for the symmetric stiffness/mass contributions.

 Factoring the system of equations using the symmetric spooles solver
 Using up to 1 cpu(s) for spooles.

 Using up to 1 cpu(s) for the stress calculation.

 average force= 0.000364
 time avg. forc= 0.000141
 largest residual force= 0.000007 in node 2245 and dof 2
 largest increment of disp= 1.946445e-04
 largest correction to disp= 2.623887e-05 in node 14253 and dof 1

 no convergence

 iteration 4

 Using up to 1 cpu(s) for the symmetric stiffness/mass contributions.

 Factoring the system of equations using the symmetric spooles solver
 Using up to 1 cpu(s) for spooles.

 Using up to 1 cpu(s) for the stress calculation.

 average force= 0.000364
 time avg. forc= 0.000141
 largest residual force= 0.000003 in node 2545 and dof 1
 largest increment of disp= 1.946445e-04
 largest correction to disp= 4.431005e-05 in node 12089 and dof 1

 no convergence

 iteration 5

 Using up to 1 cpu(s) for the symmetric stiffness/mass contributions.

 Factoring the system of equations using the symmetric spooles solver
 Using up to 1 cpu(s) for spooles.

 Using up to 1 cpu(s) for the stress calculation.

 average force= 0.000364
 time avg. forc= 0.000141
 largest residual force= 0.000009 in node 3336 and dof 1
 largest increment of disp= 1.946445e-04
 largest correction to disp= 7.271794e-05 in node 14199 and dof 1

 no convergence

 iteration 6

 Using up to 1 cpu(s) for the symmetric stiffness/mass contributions.

 Factoring the system of equations using the symmetric spooles solver
 Using up to 1 cpu(s) for spooles.

 Using up to 1 cpu(s) for the stress calculation.

 average force= 0.000364
 time avg. forc= 0.000141
 largest residual force= 0.000125 in node 3336 and dof 1
 largest increment of disp= 2.775325e-04
 largest correction to disp= 2.775325e-04 in node 14190 and dof 1

 divergence; the increment size is decreased to 1.054688e-02
 the increment is reattempted

 increment 15 attempt 2 
 increment size= 1.054688e-02
 sum of previous increments=3.406250e-01
 actual step time=3.511719e-01
 actual total time=3.511719e-01

 iteration 1

 Using up to 1 cpu(s) for the stress calculation.

 Using up to 1 cpu(s) for the symmetric stiffness/mass contributions.

 Factoring the system of equations using the symmetric spooles solver
 Using up to 1 cpu(s) for spooles.

 Using up to 1 cpu(s) for the stress calculation.

 average force= 0.000328
 time avg. forc= 0.000139
 largest residual force= 0.000007 in node 2170 and dof 1
 largest increment of disp= 3.501519e-05
 largest correction to disp= 3.501519e-05 in node 14199 and dof 1

 no convergence

 iteration 2

 Using up to 1 cpu(s) for the symmetric stiffness/mass contributions.

 Factoring the system of equations using the symmetric spooles solver
 Using up to 1 cpu(s) for spooles.

 Using up to 1 cpu(s) for the stress calculation.

 average force= 0.000328
 time avg. forc= 0.000139
 largest residual force= 0.000000 in node 2369 and dof 2
 largest increment of disp= 3.501519e-05
 largest correction to disp= 4.505003e-06 in node 14199 and dof 1

 convergence

 Using up to 1 cpu(s) for the stress calculation.

 increment 16 attempt 1 
 increment size= 1.054688e-02
 sum of previous increments=3.511719e-01
 actual step time=3.617188e-01
 actual total time=3.617188e-01

 iteration 1

 Using up to 1 cpu(s) for the stress calculation.

 Using up to 1 cpu(s) for the symmetric stiffness/mass contributions.

 Factoring the system of equations using the symmetric spooles solver
 Using up to 1 cpu(s) for spooles.

 Using up to 1 cpu(s) for the stress calculation.

 average force= 0.000340
 time avg. forc= 0.000151
 largest residual force= 0.000002 in node 2171 and dof 1
 largest increment of disp= 3.303988e-05
 largest correction to disp= 6.939984e-06 in node 14190 and dof 1

 no convergence

 iteration 2

 Using up to 1 cpu(s) for the symmetric stiffness/mass contributions.

 Factoring the system of equations using the symmetric spooles solver
 Using up to 1 cpu(s) for spooles.

 Using up to 1 cpu(s) for the stress calculation.

 average force= 0.000340
 time avg. forc= 0.000151
 largest residual force= 0.000000 in node 2246 and dof 2
 largest increment of disp= 3.303988e-05
 largest correction to disp= 7.633102e-07 in node 14199 and dof 1

 convergence; the increment size is increased to 1.582031e-02

 increment 17 attempt 1 
 increment size= 1.582031e-02
 sum of previous increments=3.617188e-01
 actual step time=3.775391e-01
 actual total time=3.775391e-01

 iteration 1

 Using up to 1 cpu(s) for the stress calculation.

 Using up to 1 cpu(s) for the symmetric stiffness/mass contributions.

 Factoring the system of equations using the symmetric spooles solver
 Using up to 1 cpu(s) for spooles.

 Using up to 1 cpu(s) for the stress calculation.

 average force= 0.000358
 time avg. forc= 0.000164
 largest residual force= 0.000005 in node 2171 and dof 1
 largest increment of disp= 5.971206e-05
 largest correction to disp= 1.082680e-05 in node 12044 and dof 1

 no convergence

 iteration 2

 Using up to 1 cpu(s) for the symmetric stiffness/mass contributions.

 Factoring the system of equations using the symmetric spooles solver
 Using up to 1 cpu(s) for spooles.

 Using up to 1 cpu(s) for the stress calculation.

 average force= 0.000358
 time avg. forc= 0.000164
 largest residual force= 0.000005 in node 2369 and dof 2
 largest increment of disp= 5.971206e-05
 largest correction to disp= 4.581676e-06 in node 14190 and dof 1

 no convergence

 iteration 3

 Using up to 1 cpu(s) for the symmetric stiffness/mass contributions.

 Factoring the system of equations using the symmetric spooles solver
 Using up to 1 cpu(s) for spooles.

 Using up to 1 cpu(s) for the stress calculation.

 average force= 0.000358
 time avg. forc= 0.000164
 largest residual force= 0.000000 in node 2245 and dof 2
 largest increment of disp= 5.971206e-05
 largest correction to disp= 2.572916e-07 in node 14199 and dof 1

 convergence; the increment size is increased to 2.373047e-02

 increment 18 attempt 1 
 increment size= 2.373047e-02
 sum of previous increments=3.775391e-01
 actual step time=4.012695e-01
 actual total time=4.012695e-01

 iteration 1

 Using up to 1 cpu(s) for the stress calculation.

 Using up to 1 cpu(s) for the symmetric stiffness/mass contributions.

 Factoring the system of equations using the symmetric spooles solver
 Using up to 1 cpu(s) for spooles.

 Using up to 1 cpu(s) for the stress calculation.

 average force= 0.000384
 time avg. forc= 0.000176
 largest residual force= 0.000016 in node 2167 and dof 1
 largest increment of disp= 6.607345e-05
 largest correction to disp= 1.515954e-05 in node 14199 and dof 1

 no convergence

 iteration 2

 Using up to 1 cpu(s) for the symmetric stiffness/mass contributions.

 Factoring the system of equations using the symmetric spooles solver
 Using up to 1 cpu(s) for spooles.

 Using up to 1 cpu(s) for the stress calculation.

 average force= 0.000384
 time avg. forc= 0.000176
 largest residual force= 0.000100 in node 2369 and dof 2
 largest increment of disp= 6.607345e-05
 largest correction to disp= 7.494291e-06 in node 10449 and dof 2

 no convergence

 iteration 3

 Using up to 1 cpu(s) for the symmetric stiffness/mass contributions.

 Factoring the system of equations using the symmetric spooles solver
 Using up to 1 cpu(s) for spooles.

 Using up to 1 cpu(s) for the stress calculation.

 average force= 0.000384
 time avg. forc= 0.000176
 largest residual force= 0.000000 in node 2246 and dof 2
 largest increment of disp= 6.607345e-05
 largest correction to disp= 5.549943e-07 in node 8466 and dof 2

 convergence; the increment size is increased to 3.559570e-02

 increment 19 attempt 1 
 increment size= 3.559570e-02
 sum of previous increments=4.012695e-01
 actual step time=4.368652e-01
 actual total time=4.368652e-01

 iteration 1

 Using up to 1 cpu(s) for the stress calculation.

 Using up to 1 cpu(s) for the symmetric stiffness/mass contributions.

 Factoring the system of equations using the symmetric spooles solver
 Using up to 1 cpu(s) for spooles.

 Using up to 1 cpu(s) for the stress calculation.

 average force= 0.000421
 time avg. forc= 0.000189
 largest residual force= 0.000053 in node 2179 and dof 1
 largest increment of disp= 6.937102e-05
 largest correction to disp= 1.535560e-05 in node 14199 and dof 1

 no convergence

 iteration 2

 Using up to 1 cpu(s) for the symmetric stiffness/mass contributions.

 Factoring the system of equations using the symmetric spooles solver
 Using up to 1 cpu(s) for spooles.

 Using up to 1 cpu(s) for the stress calculation.

 average force= 0.000421
 time avg. forc= 0.000189
 largest residual force= 0.000440 in node 2246 and dof 2
 largest increment of disp= 6.937102e-05
 largest correction to disp= 2.328665e-05 in node 8466 and dof 2

 no convergence

 iteration 3

 Using up to 1 cpu(s) for the symmetric stiffness/mass contributions.

 Factoring the system of equations using the symmetric spooles solver
 Using up to 1 cpu(s) for spooles.

 Using up to 1 cpu(s) for the stress calculation.

 average force= 0.000421
 time avg. forc= 0.000189
 largest residual force= 0.000002 in node 2246 and dof 2
 largest increment of disp= 6.937102e-05
 largest correction to disp= 1.236105e-06 in node 9456 and dof 1

 no convergence

 iteration 4

 Using up to 1 cpu(s) for the symmetric stiffness/mass contributions.

 Factoring the system of equations using the symmetric spooles solver
 Using up to 1 cpu(s) for spooles.

 Using up to 1 cpu(s) for the stress calculation.

 average force= 0.000421
 time avg. forc= 0.000189
 largest residual force= 0.000000 in node 2369 and dof 2
 largest increment of disp= 6.937102e-05
 largest correction to disp= 6.362047e-07 in node 10536 and dof 2

 convergence; the increment size is increased to 5.339355e-02

 the increment size exceeds the maximum allowed and is decreased to 5.000000e-02

 increment 20 attempt 1 
 increment size= 5.000000e-02
 sum of previous increments=4.368652e-01
 actual step time=4.868652e-01
 actual total time=4.868652e-01

 iteration 1

 Using up to 1 cpu(s) for the stress calculation.

 Using up to 1 cpu(s) for the symmetric stiffness/mass contributions.

 Factoring the system of equations using the symmetric spooles solver
 Using up to 1 cpu(s) for spooles.

 Using up to 1 cpu(s) for the stress calculation.

 average force= 0.000469
 time avg. forc= 0.000203
 largest residual force= 0.000146 in node 2369 and dof 2
 largest increment of disp= 7.882258e-05
 largest correction to disp= 1.532518e-05 in node 14190 and dof 1

 no convergence

 iteration 2

 Using up to 1 cpu(s) for the symmetric stiffness/mass contributions.

 Factoring the system of equations using the symmetric spooles solver
 Using up to 1 cpu(s) for spooles.

 Using up to 1 cpu(s) for the stress calculation.

 average force= 0.000468
 time avg. forc= 0.000203
 largest residual force= 0.000115 in node 2367 and dof 2
 largest increment of disp= 7.882258e-05
 largest correction to disp= 1.548806e-05 in node 10467 and dof 2

 no convergence

 iteration 3

 Using up to 1 cpu(s) for the symmetric stiffness/mass contributions.

 Factoring the system of equations using the symmetric spooles solver
 Using up to 1 cpu(s) for spooles.

 Using up to 1 cpu(s) for the stress calculation.

 average force= 0.000468
 time avg. forc= 0.000203
 largest residual force= 0.000027 in node 2246 and dof 2
 largest increment of disp= 7.882258e-05
 largest correction to disp= 3.486991e-06 in node 8454 and dof 2

 no convergence

 iteration 4

 Using up to 1 cpu(s) for the symmetric stiffness/mass contributions.

 Factoring the system of equations using the symmetric spooles solver
 Using up to 1 cpu(s) for spooles.

 Using up to 1 cpu(s) for the stress calculation.

 average force= 0.000468
 time avg. forc= 0.000203
 largest residual force= 0.000000 in node 2369 and dof 2
 largest increment of disp= 7.882258e-05
 largest correction to disp= 6.910485e-07 in node 10449 and dof 2

 convergence; the increment size is increased to 7.500000e-02

 the increment size exceeds the maximum allowed and is decreased to 5.000000e-02

 Using up to 1 cpu(s) for the stress calculation.

 increment 21 attempt 1 
 increment size= 5.000000e-02
 sum of previous increments=4.868652e-01
 actual step time=5.368652e-01
 actual total time=5.368652e-01

 iteration 1

 Using up to 1 cpu(s) for the stress calculation.

 Using up to 1 cpu(s) for the symmetric stiffness/mass contributions.

 Factoring the system of equations using the symmetric spooles solver
 Using up to 1 cpu(s) for spooles.

 Using up to 1 cpu(s) for the stress calculation.

 average force= 0.000512
 time avg. forc= 0.000217
 largest residual force= 0.000144 in node 2246 and dof 2
 largest increment of disp= 7.666618e-05
 largest correction to disp= 1.305610e-05 in node 15216 and dof 1

 no convergence

 iteration 2

 Using up to 1 cpu(s) for the symmetric stiffness/mass contributions.

 Factoring the system of equations using the symmetric spooles solver
 Using up to 1 cpu(s) for spooles.

 Using up to 1 cpu(s) for the stress calculation.

 average force= 0.000512
 time avg. forc= 0.000217
 largest residual force= 0.000083 in node 2238 and dof 2
 largest increment of disp= 7.666618e-05
 largest correction to disp= 1.478843e-05 in node 8343 and dof 2

 no convergence

 iteration 3

 Using up to 1 cpu(s) for the symmetric stiffness/mass contributions.

 Factoring the system of equations using the symmetric spooles solver
 Using up to 1 cpu(s) for spooles.

 Using up to 1 cpu(s) for the stress calculation.

 average force= 0.000512
 time avg. forc= 0.000217
 largest residual force= 0.000016 in node 2246 and dof 2
 largest increment of disp= 7.666618e-05
 largest correction to disp= 2.562385e-06 in node 8472 and dof 2

 no convergence

 iteration 4

 Using up to 1 cpu(s) for the symmetric stiffness/mass contributions.

 Factoring the system of equations using the symmetric spooles solver
 Using up to 1 cpu(s) for spooles.

 Using up to 1 cpu(s) for the stress calculation.

 average force= 0.000512
 time avg. forc= 0.000217
 largest residual force= 0.000000 in node 2246 and dof 2
 largest increment of disp= 7.666618e-05
 largest correction to disp= 6.607502e-07 in node 8472 and dof 2

 convergence; the increment size is increased to 7.500000e-02

 the increment size exceeds the maximum allowed and is decreased to 5.000000e-02

 increment 22 attempt 1 
 increment size= 5.000000e-02
 sum of previous increments=5.368652e-01
 actual step time=5.868652e-01
 actual total time=5.868652e-01

 iteration 1

 Using up to 1 cpu(s) for the stress calculation.

 Using up to 1 cpu(s) for the symmetric stiffness/mass contributions.

 Factoring the system of equations using the symmetric spooles solver
 Using up to 1 cpu(s) for spooles.

 Using up to 1 cpu(s) for the stress calculation.

 average force= 0.000553
 time avg. forc= 0.000233
 largest residual force= 0.000115 in node 2371 and dof 2
 largest increment of disp= 7.648082e-05
 largest correction to disp= 1.059857e-05 in node 15279 and dof 1

 no convergence

 iteration 2

 Using up to 1 cpu(s) for the symmetric stiffness/mass contributions.

 Factoring the system of equations using the symmetric spooles solver
 Using up to 1 cpu(s) for spooles.

 Using up to 1 cpu(s) for the stress calculation.

 average force= 0.000553
 time avg. forc= 0.000233
 largest residual force= 0.000027 in node 2243 and dof 2
 largest increment of disp= 7.648082e-05
 largest correction to disp= 6.675407e-06 in node 10536 and dof 2

 no convergence

 iteration 3

 Using up to 1 cpu(s) for the symmetric stiffness/mass contributions.

 Factoring the system of equations using the symmetric spooles solver
 Using up to 1 cpu(s) for spooles.

 Using up to 1 cpu(s) for the stress calculation.

 average force= 0.000553
 time avg. forc= 0.000233
 largest residual force= 0.000000 in node 2252 and dof 2
 largest increment of disp= 7.648082e-05
 largest correction to disp= 4.553736e-07 in node 9456 and dof 1

 convergence; the increment size is increased to 7.500000e-02

 the increment size exceeds the maximum allowed and is decreased to 5.000000e-02

 increment 23 attempt 1 
 increment size= 5.000000e-02
 sum of previous increments=5.868652e-01
 actual step time=6.368652e-01
 actual total time=6.368652e-01

 iteration 1

 Using up to 1 cpu(s) for the stress calculation.

 Using up to 1 cpu(s) for the symmetric stiffness/mass contributions.

 Factoring the system of equations using the symmetric spooles solver
 Using up to 1 cpu(s) for spooles.

 Using up to 1 cpu(s) for the stress calculation.

 average force= 0.000592
 time avg. forc= 0.000248
 largest residual force= 0.000107 in node 2371 and dof 2
 largest increment of disp= 7.636444e-05
 largest correction to disp= 4.714452e-06 in node 14190 and dof 1

 no convergence

 iteration 2

 Using up to 1 cpu(s) for the symmetric stiffness/mass contributions.

 Factoring the system of equations using the symmetric spooles solver
 Using up to 1 cpu(s) for spooles.

 Using up to 1 cpu(s) for the stress calculation.

 average force= 0.000592
 time avg. forc= 0.000248
 largest residual force= 0.000019 in node 2371 and dof 2
 largest increment of disp= 7.636444e-05
 largest correction to disp= 3.183237e-06 in node 10536 and dof 2

 no convergence

 iteration 3

 Using up to 1 cpu(s) for the symmetric stiffness/mass contributions.

 Factoring the system of equations using the symmetric spooles solver
 Using up to 1 cpu(s) for spooles.

 Using up to 1 cpu(s) for the stress calculation.

 average force= 0.000592
 time avg. forc= 0.000248
 largest residual force= 0.000000 in node 2369 and dof 2
 largest increment of disp= 7.636444e-05
 largest correction to disp= 8.237432e-08 in node 10542 and dof 2

 convergence; the increment size is increased to 7.500000e-02

 the increment size exceeds the maximum allowed and is decreased to 5.000000e-02

 increment 24 attempt 1 
 increment size= 5.000000e-02
 sum of previous increments=6.368652e-01
 actual step time=6.868652e-01
 actual total time=6.868652e-01

 iteration 1

 Using up to 1 cpu(s) for the stress calculation.

 Using up to 1 cpu(s) for the symmetric stiffness/mass contributions.

 Factoring the system of equations using the symmetric spooles solver
 Using up to 1 cpu(s) for spooles.

 Using up to 1 cpu(s) for the stress calculation.

 average force= 0.000630
 time avg. forc= 0.000264
 largest residual force= 0.000093 in node 2371 and dof 2
 largest increment of disp= 7.630902e-05
 largest correction to disp= 5.313583e-06 in node 15216 and dof 1

 no convergence

 iteration 2

 Using up to 1 cpu(s) for the symmetric stiffness/mass contributions.

 Factoring the system of equations using the symmetric spooles solver
 Using up to 1 cpu(s) for spooles.

 Using up to 1 cpu(s) for the stress calculation.

 average force= 0.000630
 time avg. forc= 0.000264
 largest residual force= 0.000052 in node 2370 and dof 2
 largest increment of disp= 7.630902e-05
 largest correction to disp= 1.434446e-06 in node 10536 and dof 2

 no convergence

 iteration 3

 Using up to 1 cpu(s) for the symmetric stiffness/mass contributions.

 Factoring the system of equations using the symmetric spooles solver
 Using up to 1 cpu(s) for spooles.

 Using up to 1 cpu(s) for the stress calculation.

 average force= 0.000630
 time avg. forc= 0.000264
 largest residual force= 0.000000 in node 2369 and dof 2
 largest increment of disp= 7.630902e-05
 largest correction to disp= 1.540411e-07 in node 11639 and dof 2

 convergence; the increment size is increased to 7.500000e-02

 the increment size exceeds the maximum allowed and is decreased to 5.000000e-02

 increment 25 attempt 1 
 increment size= 5.000000e-02
 sum of previous increments=6.868652e-01
 actual step time=7.368652e-01
 actual total time=7.368652e-01

 iteration 1

 Using up to 1 cpu(s) for the stress calculation.

 Using up to 1 cpu(s) for the symmetric stiffness/mass contributions.

 Factoring the system of equations using the symmetric spooles solver
 Using up to 1 cpu(s) for spooles.

 Using up to 1 cpu(s) for the stress calculation.

 average force= 0.000666
 time avg. forc= 0.000280
 largest residual force= 0.000074 in node 2244 and dof 2
 largest increment of disp= 7.633694e-05
 largest correction to disp= 4.740773e-06 in node 15216 and dof 1

 no convergence

 iteration 2

 Using up to 1 cpu(s) for the symmetric stiffness/mass contributions.

 Factoring the system of equations using the symmetric spooles solver
 Using up to 1 cpu(s) for spooles.

 Using up to 1 cpu(s) for the stress calculation.

 average force= 0.000666
 time avg. forc= 0.000280
 largest residual force= 0.000149 in node 2369 and dof 2
 largest increment of disp= 7.633694e-05
 largest correction to disp= 2.189522e-06 in node 9492 and dof 1

 no convergence

 iteration 3

 Using up to 1 cpu(s) for the symmetric stiffness/mass contributions.

 Factoring the system of equations using the symmetric spooles solver
 Using up to 1 cpu(s) for spooles.

 Using up to 1 cpu(s) for the stress calculation.

 average force= 0.000666
 time avg. forc= 0.000280
 largest residual force= 0.000000 in node 2246 and dof 2
 largest increment of disp= 7.633694e-05
 largest correction to disp= 1.481963e-07 in node 11282 and dof 2

 convergence; the increment size is increased to 7.500000e-02

 the increment size exceeds the maximum allowed and is decreased to 5.000000e-02

 Using up to 1 cpu(s) for the stress calculation.

 increment 26 attempt 1 
 increment size= 5.000000e-02
 sum of previous increments=7.368652e-01
 actual step time=7.868652e-01
 actual total time=7.868652e-01

 iteration 1

 Using up to 1 cpu(s) for the stress calculation.

 Using up to 1 cpu(s) for the symmetric stiffness/mass contributions.

 Factoring the system of equations using the symmetric spooles solver
 Using up to 1 cpu(s) for spooles.

 Using up to 1 cpu(s) for the stress calculation.

 average force= 0.000701
 time avg. forc= 0.000296
 largest residual force= 0.000055 in node 2371 and dof 2
 largest increment of disp= 7.636961e-05
 largest correction to disp= 3.813219e-06 in node 10758 and dof 2

 no convergence

 iteration 2

 Using up to 1 cpu(s) for the symmetric stiffness/mass contributions.

 Factoring the system of equations using the symmetric spooles solver
 Using up to 1 cpu(s) for spooles.

 Using up to 1 cpu(s) for the stress calculation.

 average force= 0.000701
 time avg. forc= 0.000296
 largest residual force= 0.000159 in node 2246 and dof 2
 largest increment of disp= 7.636961e-05
 largest correction to disp= 4.178300e-06 in node 9510 and dof 1

 no convergence

 iteration 3

 Using up to 1 cpu(s) for the symmetric stiffness/mass contributions.

 Factoring the system of equations using the symmetric spooles solver
 Using up to 1 cpu(s) for spooles.

 Using up to 1 cpu(s) for the stress calculation.

 average force= 0.000701
 time avg. forc= 0.000296
 largest residual force= 0.000000 in node 2369 and dof 2
 largest increment of disp= 7.636961e-05
 largest correction to disp= 3.353898e-07 in node 9510 and dof 1

 convergence; the increment size is increased to 7.500000e-02

 the increment size exceeds the maximum allowed and is decreased to 5.000000e-02

 increment 27 attempt 1 
 increment size= 5.000000e-02
 sum of previous increments=7.868652e-01
 actual step time=8.368652e-01
 actual total time=8.368652e-01

 iteration 1

 Using up to 1 cpu(s) for the stress calculation.

 Using up to 1 cpu(s) for the symmetric stiffness/mass contributions.

 Factoring the system of equations using the symmetric spooles solver
 Using up to 1 cpu(s) for spooles.

 Using up to 1 cpu(s) for the stress calculation.

 average force= 0.000736
 time avg. forc= 0.000313
 largest residual force= 0.000055 in node 2246 and dof 2
 largest increment of disp= 7.641591e-05
 largest correction to disp= 3.473983e-06 in node 9726 and dof 1

 no convergence

 iteration 2

 Using up to 1 cpu(s) for the symmetric stiffness/mass contributions.

 Factoring the system of equations using the symmetric spooles solver
 Using up to 1 cpu(s) for spooles.

 Using up to 1 cpu(s) for the stress calculation.

 average force= 0.000736
 time avg. forc= 0.000313
 largest residual force= 0.000054 in node 2369 and dof 2
 largest increment of disp= 7.641591e-05
 largest correction to disp= 1.282238e-05 in node 9492 and dof 1

 no convergence

 iteration 3

 Using up to 1 cpu(s) for the symmetric stiffness/mass contributions.

 Factoring the system of equations using the symmetric spooles solver
 Using up to 1 cpu(s) for spooles.

 Using up to 1 cpu(s) for the stress calculation.

 average force= 0.000736
 time avg. forc= 0.000313
 largest residual force= 0.000002 in node 1662 and dof 1
 largest increment of disp= 7.641591e-05
 largest correction to disp= 3.254019e-06 in node 9492 and dof 1

 no convergence

 iteration 4

 Using up to 1 cpu(s) for the symmetric stiffness/mass contributions.

 Factoring the system of equations using the symmetric spooles solver
 Using up to 1 cpu(s) for spooles.

 Using up to 1 cpu(s) for the stress calculation.

 average force= 0.000736
 time avg. forc= 0.000313
 largest residual force= 0.000002 in node 1662 and dof 1
 largest increment of disp= 7.641591e-05
 largest correction to disp= 3.940603e-06 in node 9492 and dof 1

 no convergence

 iteration 5

 Using up to 1 cpu(s) for the symmetric stiffness/mass contributions.

 Factoring the system of equations using the symmetric spooles solver
 Using up to 1 cpu(s) for spooles.

 Using up to 1 cpu(s) for the stress calculation.

 average force= 0.000736
 time avg. forc= 0.000313
 largest residual force= 0.000000 in node 1662 and dof 1
 largest increment of disp= 7.641591e-05
 largest correction to disp= 8.912123e-07 in node 9492 and dof 1

 convergence

 increment 28 attempt 1 
 increment size= 5.000000e-02
 sum of previous increments=8.368652e-01
 actual step time=8.868652e-01
 actual total time=8.868652e-01

 iteration 1

 Using up to 1 cpu(s) for the stress calculation.

 Using up to 1 cpu(s) for the symmetric stiffness/mass contributions.

 Factoring the system of equations using the symmetric spooles solver
 Using up to 1 cpu(s) for spooles.

 Using up to 1 cpu(s) for the stress calculation.

 average force= 0.000769
 time avg. forc= 0.000329
 largest residual force= 0.000117 in node 2369 and dof 2
 largest increment of disp= 7.673093e-05
 largest correction to disp= 8.943563e-06 in node 9726 and dof 1

 no convergence

 iteration 2

 Using up to 1 cpu(s) for the symmetric stiffness/mass contributions.

 Factoring the system of equations using the symmetric spooles solver
 Using up to 1 cpu(s) for spooles.

 Using up to 1 cpu(s) for the stress calculation.

 average force= 0.000769
 time avg. forc= 0.000329
 largest residual force= 0.001022 in node 1662 and dof 1
 largest increment of disp= 8.411433e-05
 largest correction to disp= 8.411433e-05 in node 9492 and dof 1

 no convergence

 iteration 3

 Using up to 1 cpu(s) for the symmetric stiffness/mass contributions.

 Factoring the system of equations using the symmetric spooles solver
 Using up to 1 cpu(s) for spooles.

 Using up to 1 cpu(s) for the stress calculation.

 average force= 0.000769
 time avg. forc= 0.000329
 largest residual force= 0.000005 in node 1662 and dof 1
 largest increment of disp= 8.411433e-05
 largest correction to disp= 7.091040e-06 in node 9708 and dof 1

 no convergence

 iteration 4

 Using up to 1 cpu(s) for the symmetric stiffness/mass contributions.

 Factoring the system of equations using the symmetric spooles solver
 Using up to 1 cpu(s) for spooles.

 Using up to 1 cpu(s) for the stress calculation.

 average force= 0.000769
 time avg. forc= 0.000329
 largest residual force= 0.000377 in node 1662 and dof 1
 largest increment of disp= 8.411433e-05
 largest correction to disp= 4.789136e-05 in node 9492 and dof 1

 no convergence

 iteration 5

 Using up to 1 cpu(s) for the symmetric stiffness/mass contributions.

 Factoring the system of equations using the symmetric spooles solver
 Using up to 1 cpu(s) for spooles.

 Using up to 1 cpu(s) for the stress calculation.

 average force= 0.000769
 time avg. forc= 0.000329
 largest residual force= 0.000009 in node 1662 and dof 1
 largest increment of disp= 8.411433e-05
 largest correction to disp= 8.772410e-06 in node 9492 and dof 1

 divergence; the increment size is decreased to 1.250000e-02
 the increment is reattempted

 increment 28 attempt 2 
 increment size= 1.250000e-02
 sum of previous increments=8.368652e-01
 actual step time=8.493652e-01
 actual total time=8.493652e-01

 iteration 1

 Using up to 1 cpu(s) for the stress calculation.

 Using up to 1 cpu(s) for the symmetric stiffness/mass contributions.

 Factoring the system of equations using the symmetric spooles solver
 Using up to 1 cpu(s) for spooles.

 Using up to 1 cpu(s) for the stress calculation.

 average force= 0.000744
 time avg. forc= 0.000328
 largest residual force= 0.000005 in node 2369 and dof 2
 largest increment of disp= 1.918273e-05
 largest correction to disp= 4.414275e-06 in node 9492 and dof 1

 no convergence

 iteration 2

 Using up to 1 cpu(s) for the symmetric stiffness/mass contributions.

 Factoring the system of equations using the symmetric spooles solver
 Using up to 1 cpu(s) for spooles.

 Using up to 1 cpu(s) for the stress calculation.

 average force= 0.000749
 time avg. forc= 0.000328
 largest residual force= 0.006359 in node 1662 and dof 1
 largest increment of disp= 2.052869e-04
 largest correction to disp= 2.052869e-04 in node 9492 and dof 1

 no convergence

 iteration 3

 Using up to 1 cpu(s) for the symmetric stiffness/mass contributions.

 Factoring the system of equations using the symmetric spooles solver
 Using up to 1 cpu(s) for spooles.

 Using up to 1 cpu(s) for the stress calculation.

 average force= 0.000744
 time avg. forc= 0.000328
 largest residual force= 0.000055 in node 1656 and dof 3
 largest increment of disp= 2.052869e-04
 largest correction to disp= 2.348409e-05 in node 9474 and dof 1

 no convergence

 iteration 4

 Using up to 1 cpu(s) for the symmetric stiffness/mass contributions.

 Factoring the system of equations using the symmetric spooles solver
 Using up to 1 cpu(s) for spooles.

 Using up to 1 cpu(s) for the stress calculation.

 average force= 0.000744
 time avg. forc= 0.000328
 largest residual force= 0.000869 in node 1662 and dof 1
 largest increment of disp= 2.052869e-04
 largest correction to disp= 6.568597e-05 in node 9600 and dof 1

 no convergence

 iteration 5

 Using up to 1 cpu(s) for the symmetric stiffness/mass contributions.

 Factoring the system of equations using the symmetric spooles solver
 Using up to 1 cpu(s) for spooles.

 Using up to 1 cpu(s) for the stress calculation.

 average force= 0.000744
 time avg. forc= 0.000328
 largest residual force= 0.000028 in node 1662 and dof 1
 largest increment of disp= 2.052869e-04
 largest correction to disp= 1.425656e-05 in node 9492 and dof 1

 no convergence

 iteration 6

 Using up to 1 cpu(s) for the symmetric stiffness/mass contributions.

 Factoring the system of equations using the symmetric spooles solver
 Using up to 1 cpu(s) for spooles.

 Using up to 1 cpu(s) for the stress calculation.

 average force= 0.000744
 time avg. forc= 0.000328
 largest residual force= 0.000320 in node 357 and dof 1
 largest increment of disp= 2.052869e-04
 largest correction to disp= 4.497952e-05 in node 9456 and dof 1

 no convergence

 iteration 7

 Using up to 1 cpu(s) for the symmetric stiffness/mass contributions.

 Factoring the system of equations using the symmetric spooles solver
 Using up to 1 cpu(s) for spooles.

 Using up to 1 cpu(s) for the stress calculation.

 average force= 0.000744
 time avg. forc= 0.000328
 largest residual force= 0.000010 in node 1662 and dof 1
 largest increment of disp= 2.052869e-04
 largest correction to disp= 8.924257e-06 in node 9510 and dof 1

 no convergence

 iteration 8

 Using up to 1 cpu(s) for the symmetric stiffness/mass contributions.

 Factoring the system of equations using the symmetric spooles solver
 Using up to 1 cpu(s) for spooles.

 Using up to 1 cpu(s) for the stress calculation.

 average force= 0.000744
 time avg. forc= 0.000328
 largest residual force= 0.000121 in node 1662 and dof 1
 largest increment of disp= 2.052869e-04
 largest correction to disp= 2.687100e-05 in node 9510 and dof 1

 estimated number of iterations till convergence = 7
 no convergence

 iteration 9

 Using up to 1 cpu(s) for the symmetric stiffness/mass contributions.

 Factoring the system of equations using the symmetric spooles solver
 Using up to 1 cpu(s) for spooles.

 Using up to 1 cpu(s) for the stress calculation.

 average force= 0.000744
 time avg. forc= 0.000328
 largest residual force= 0.000005 in node 1662 and dof 1
 largest increment of disp= 2.052869e-04
 largest correction to disp= 6.142350e-06 in node 9492 and dof 1

 estimated number of iterations till convergence = 10
 no convergence

 iteration 10

 Using up to 1 cpu(s) for the symmetric stiffness/mass contributions.

 Factoring the system of equations using the symmetric spooles solver
 Using up to 1 cpu(s) for spooles.

 Using up to 1 cpu(s) for the stress calculation.

 average force= 0.000744
 time avg. forc= 0.000328
 largest residual force= 0.000075 in node 1662 and dof 1
 largest increment of disp= 2.052869e-04
 largest correction to disp= 2.193363e-05 in node 9510 and dof 1

 estimated number of iterations till convergence = 9
 no convergence

 iteration 11

 Using up to 1 cpu(s) for the symmetric stiffness/mass contributions.

 Factoring the system of equations using the symmetric spooles solver
 Using up to 1 cpu(s) for spooles.

 Using up to 1 cpu(s) for the stress calculation.

 average force= 0.000744
 time avg. forc= 0.000328
 largest residual force= 0.000008 in node 1662 and dof 1
 largest increment of disp= 2.052869e-04
 largest correction to disp= 7.577909e-06 in node 9492 and dof 1

 divergence; the increment size is decreased to 3.125000e-03
 the increment is reattempted

 increment 28 attempt 3 
 increment size= 3.125000e-03
 sum of previous increments=8.368652e-01
 actual step time=8.399902e-01
 actual total time=8.399902e-01

 iteration 1

 Using up to 1 cpu(s) for the stress calculation.

 Using up to 1 cpu(s) for the symmetric stiffness/mass contributions.

 Factoring the system of equations using the symmetric spooles solver
 Using up to 1 cpu(s) for spooles.

 Using up to 1 cpu(s) for the stress calculation.

 average force= 0.000738
 time avg. forc= 0.000328
 largest residual force= 0.000001 in node 1662 and dof 1
 largest increment of disp= 4.795683e-06
 largest correction to disp= 2.626237e-06 in node 9492 and dof 1

 no convergence

 iteration 2

 Using up to 1 cpu(s) for the symmetric stiffness/mass contributions.

 Factoring the system of equations using the symmetric spooles solver
 Using up to 1 cpu(s) for spooles.

 Using up to 1 cpu(s) for the stress calculation.

 average force= 0.000738
 time avg. forc= 0.000328
 largest residual force= 0.000009 in node 1662 and dof 1
 largest increment of disp= 7.490812e-06
 largest correction to disp= 7.490812e-06 in node 9510 and dof 1

 no convergence

 iteration 3

 Using up to 1 cpu(s) for the symmetric stiffness/mass contributions.

 Factoring the system of equations using the symmetric spooles solver
 Using up to 1 cpu(s) for spooles.

 Using up to 1 cpu(s) for the stress calculation.

 average force= 0.000738
 time avg. forc= 0.000328
 largest residual force= 0.000010 in node 1662 and dof 1
 largest increment of disp= 8.367324e-06
 largest correction to disp= 8.367324e-06 in node 9510 and dof 1

 no convergence

 iteration 4

 Using up to 1 cpu(s) for the symmetric stiffness/mass contributions.

 Factoring the system of equations using the symmetric spooles solver
 Using up to 1 cpu(s) for spooles.

 Using up to 1 cpu(s) for the stress calculation.

 average force= 0.000738
 time avg. forc= 0.000328
 largest residual force= 0.000102 in node 1662 and dof 1
 largest increment of disp= 2.613995e-05
 largest correction to disp= 2.613995e-05 in node 9510 and dof 1

 divergence; the increment size is decreased to 7.812500e-04
 the increment is reattempted

 increment 28 attempt 4 
 increment size= 7.812500e-04
 sum of previous increments=8.368652e-01
 actual step time=8.376465e-01
 actual total time=8.376465e-01

 iteration 1

 Using up to 1 cpu(s) for the stress calculation.

 Using up to 1 cpu(s) for the symmetric stiffness/mass contributions.

 Factoring the system of equations using the symmetric spooles solver
 Using up to 1 cpu(s) for spooles.

 Using up to 1 cpu(s) for the stress calculation.

 average force= 0.000736
 time avg. forc= 0.000328
 largest residual force= 0.000000 in node 1662 and dof 1
 largest increment of disp= 1.198921e-06
 largest correction to disp= 1.188942e-06 in node 9492 and dof 1

 no convergence

 iteration 2

 Using up to 1 cpu(s) for the symmetric stiffness/mass contributions.

 Factoring the system of equations using the symmetric spooles solver
 Using up to 1 cpu(s) for spooles.

 Using up to 1 cpu(s) for the stress calculation.

 average force= 0.000736
 time avg. forc= 0.000328
 largest residual force= 0.000000 in node 1662 and dof 1
 largest increment of disp= 1.198921e-06
 largest correction to disp= 6.308104e-07 in node 9510 and dof 1

 convergence

 increment 29 attempt 1 
 increment size= 7.812500e-04
 sum of previous increments=8.376465e-01
 actual step time=8.384277e-01
 actual total time=8.384277e-01

 iteration 1

 Using up to 1 cpu(s) for the stress calculation.

 Using up to 1 cpu(s) for the symmetric stiffness/mass contributions.

 Factoring the system of equations using the symmetric spooles solver
 Using up to 1 cpu(s) for spooles.

 Using up to 1 cpu(s) for the stress calculation.

 average force= 0.000737
 time avg. forc= 0.000342
 largest residual force= 0.000000 in node 1662 and dof 1
 largest increment of disp= 2.394179e-06
 largest correction to disp= 6.663382e-07 in node 9492 and dof 1

 no convergence

 iteration 2

 Using up to 1 cpu(s) for the symmetric stiffness/mass contributions.

 Factoring the system of equations using the symmetric spooles solver
 Using up to 1 cpu(s) for spooles.

 Using up to 1 cpu(s) for the stress calculation.

 average force= 0.000737
 time avg. forc= 0.000342
 largest residual force= 0.000000 in node 1662 and dof 1
 largest increment of disp= 2.394179e-06
 largest correction to disp= 1.897606e-07 in node 9492 and dof 1

 convergence; the increment size is increased to 1.171875e-03

 increment 30 attempt 1 
 increment size= 1.171875e-03
 sum of previous increments=8.384277e-01
 actual step time=8.395996e-01
 actual total time=8.395996e-01

 iteration 1

 Using up to 1 cpu(s) for the stress calculation.

 Using up to 1 cpu(s) for the symmetric stiffness/mass contributions.

 Factoring the system of equations using the symmetric spooles solver
 Using up to 1 cpu(s) for spooles.

 Using up to 1 cpu(s) for the stress calculation.

 average force= 0.000738
 time avg. forc= 0.000355
 largest residual force= 0.000003 in node 1662 and dof 1
 largest increment of disp= 4.875417e-06
 largest correction to disp= 4.585819e-06 in node 9510 and dof 1

 no convergence

 iteration 2

 Using up to 1 cpu(s) for the symmetric stiffness/mass contributions.

 Factoring the system of equations using the symmetric spooles solver
 Using up to 1 cpu(s) for spooles.

 Using up to 1 cpu(s) for the stress calculation.

 average force= 0.000737
 time avg. forc= 0.000355
 largest residual force= 0.000027 in node 1662 and dof 1
 largest increment of disp= 1.336009e-05
 largest correction to disp= 1.336009e-05 in node 9510 and dof 1

 no convergence

 iteration 3

 Using up to 1 cpu(s) for the symmetric stiffness/mass contributions.

 Factoring the system of equations using the symmetric spooles solver
 Using up to 1 cpu(s) for spooles.

 Using up to 1 cpu(s) for the stress calculation.

 average force= 0.000737
 time avg. forc= 0.000355
 largest residual force= 0.000000 in node 1662 and dof 1
 largest increment of disp= 1.336009e-05
 largest correction to disp= 2.437365e-06 in node 9492 and dof 1

 convergence; the increment size is increased to 1.757813e-03

 Using up to 1 cpu(s) for the stress calculation.

 increment 31 attempt 1 
 increment size= 1.757813e-03
 sum of previous increments=8.395996e-01
 actual step time=8.413574e-01
 actual total time=8.413574e-01

 iteration 1

 Using up to 1 cpu(s) for the stress calculation.

 Using up to 1 cpu(s) for the symmetric stiffness/mass contributions.

 Factoring the system of equations using the symmetric spooles solver
 Using up to 1 cpu(s) for spooles.

 Using up to 1 cpu(s) for the stress calculation.

 average force= 0.000739
 time avg. forc= 0.000367
 largest residual force= 0.000015 in node 1662 and dof 1
 largest increment of disp= 1.006751e-05
 largest correction to disp= 1.006751e-05 in node 9510 and dof 1

 no convergence

 iteration 2

 Using up to 1 cpu(s) for the symmetric stiffness/mass contributions.

 Factoring the system of equations using the symmetric spooles solver
 Using up to 1 cpu(s) for spooles.

 Using up to 1 cpu(s) for the stress calculation.

 average force= 0.000739
 time avg. forc= 0.000367
 largest residual force= 0.000011 in node 1662 and dof 1
 largest increment of disp= 1.006751e-05
 largest correction to disp= 8.499445e-06 in node 9492 and dof 1

 no convergence

 iteration 3

 Using up to 1 cpu(s) for the symmetric stiffness/mass contributions.

 Factoring the system of equations using the symmetric spooles solver
 Using up to 1 cpu(s) for spooles.

 Using up to 1 cpu(s) for the stress calculation.

 average force= 0.000739
 time avg. forc= 0.000367
 largest residual force= 0.000277 in node 1662 and dof 1
 largest increment of disp= 4.311197e-05
 largest correction to disp= 4.311197e-05 in node 9492 and dof 1

 no convergence

 iteration 4

 Using up to 1 cpu(s) for the symmetric stiffness/mass contributions.

 Factoring the system of equations using the symmetric spooles solver
 Using up to 1 cpu(s) for spooles.

 Using up to 1 cpu(s) for the stress calculation.

 average force= 0.000739
 time avg. forc= 0.000367
 largest residual force= 0.000002 in node 1662 and dof 1
 largest increment of disp= 4.311197e-05
 largest correction to disp= 4.004430e-06 in node 9492 and dof 1

 no convergence

 iteration 5

 Using up to 1 cpu(s) for the symmetric stiffness/mass contributions.

 Factoring the system of equations using the symmetric spooles solver
 Using up to 1 cpu(s) for spooles.

 Using up to 1 cpu(s) for the stress calculation.

 average force= 0.000739
 time avg. forc= 0.000367
 largest residual force= 0.000040 in node 1662 and dof 1
 largest increment of disp= 4.311197e-05
 largest correction to disp= 1.593415e-05 in node 9492 and dof 1

 no convergence

 iteration 6

 Using up to 1 cpu(s) for the symmetric stiffness/mass contributions.

 Factoring the system of equations using the symmetric spooles solver
 Using up to 1 cpu(s) for spooles.

 Using up to 1 cpu(s) for the stress calculation.

 average force= 0.000739
 time avg. forc= 0.000367
 largest residual force= 0.000003 in node 1662 and dof 1
 largest increment of disp= 4.311197e-05
 largest correction to disp= 4.178775e-06 in node 9510 and dof 1

 divergence; the increment size is decreased to 4.394531e-04
 the increment is reattempted

 increment 31 attempt 2 
 increment size= 4.394531e-04
 sum of previous increments=8.395996e-01
 actual step time=8.400391e-01
 actual total time=8.400391e-01

 iteration 1

 Using up to 1 cpu(s) for the stress calculation.

 Using up to 1 cpu(s) for the symmetric stiffness/mass contributions.

 Factoring the system of equations using the symmetric spooles solver
 Using up to 1 cpu(s) for spooles.

 Using up to 1 cpu(s) for the stress calculation.

 average force= 0.000738
 time avg. forc= 0.000367
 largest residual force= 0.000008 in node 1662 and dof 1
 largest increment of disp= 7.313638e-06
 largest correction to disp= 7.313638e-06 in node 9510 and dof 1

 no convergence

 iteration 2

 Using up to 1 cpu(s) for the symmetric stiffness/mass contributions.

 Factoring the system of equations using the symmetric spooles solver
 Using up to 1 cpu(s) for spooles.

 Using up to 1 cpu(s) for the stress calculation.

 average force= 0.000738
 time avg. forc= 0.000367
 largest residual force= 0.000006 in node 1662 and dof 1
 largest increment of disp= 7.313638e-06
 largest correction to disp= 6.520397e-06 in node 9492 and dof 1

 no convergence

 iteration 3

 Using up to 1 cpu(s) for the symmetric stiffness/mass contributions.

 Factoring the system of equations using the symmetric spooles solver
 Using up to 1 cpu(s) for spooles.

 Using up to 1 cpu(s) for the stress calculation.

 average force= 0.000738
 time avg. forc= 0.000367
 largest residual force= 0.000074 in node 1662 and dof 1
 largest increment of disp= 2.221482e-05
 largest correction to disp= 2.221482e-05 in node 9510 and dof 1

 no convergence

 iteration 4

 Using up to 1 cpu(s) for the symmetric stiffness/mass contributions.

 Factoring the system of equations using the symmetric spooles solver
 Using up to 1 cpu(s) for spooles.

 Using up to 1 cpu(s) for the stress calculation.

 average force= 0.000738
 time avg. forc= 0.000367
 largest residual force= 0.000001 in node 1662 and dof 1
 largest increment of disp= 2.221482e-05
 largest correction to disp= 2.714558e-06 in node 9510 and dof 1

 no convergence

 iteration 5

 Using up to 1 cpu(s) for the symmetric stiffness/mass contributions.

 Factoring the system of equations using the symmetric spooles solver
 Using up to 1 cpu(s) for spooles.

 Using up to 1 cpu(s) for the stress calculation.

 average force= 0.000738
 time avg. forc= 0.000367
 largest residual force= 0.000011 in node 1662 and dof 1
 largest increment of disp= 2.221482e-05
 largest correction to disp= 8.504429e-06 in node 9510 and dof 1

 no convergence

 iteration 6

 Using up to 1 cpu(s) for the symmetric stiffness/mass contributions.

 Factoring the system of equations using the symmetric spooles solver
 Using up to 1 cpu(s) for spooles.

 Using up to 1 cpu(s) for the stress calculation.

 average force= 0.000738
 time avg. forc= 0.000367
 largest residual force= 0.000002 in node 1662 and dof 1
 largest increment of disp= 2.221482e-05
 largest correction to disp= 3.723089e-06 in node 9492 and dof 1

 divergence; the increment size is decreased to 1.098633e-04
 the increment is reattempted

 increment 31 attempt 3 
 increment size= 1.098633e-04
 sum of previous increments=8.395996e-01
 actual step time=8.397095e-01
 actual total time=8.397095e-01

 iteration 1

 Using up to 1 cpu(s) for the stress calculation.

 Using up to 1 cpu(s) for the symmetric stiffness/mass contributions.

 Factoring the system of equations using the symmetric spooles solver
 Using up to 1 cpu(s) for spooles.

 Using up to 1 cpu(s) for the stress calculation.

 average force= 0.000738
 time avg. forc= 0.000367
 largest residual force= 0.000006 in node 1662 and dof 1
 largest increment of disp= 6.272875e-06
 largest correction to disp= 6.272875e-06 in node 9510 and dof 1

 no convergence

 iteration 2

 Using up to 1 cpu(s) for the symmetric stiffness/mass contributions.

 Factoring the system of equations using the symmetric spooles solver
 Using up to 1 cpu(s) for spooles.

 Using up to 1 cpu(s) for the stress calculation.

 average force= 0.000738
 time avg. forc= 0.000367
 largest residual force= 0.000004 in node 1662 and dof 1
 largest increment of disp= 6.272875e-06
 largest correction to disp= 5.426788e-06 in node 9510 and dof 1

 no convergence

 iteration 3

 Using up to 1 cpu(s) for the symmetric stiffness/mass contributions.

 Factoring the system of equations using the symmetric spooles solver
 Using up to 1 cpu(s) for spooles.

 Using up to 1 cpu(s) for the stress calculation.

 average force= 0.000738
 time avg. forc= 0.000367
 largest residual force= 0.000047 in node 1662 and dof 1
 largest increment of disp= 1.759999e-05
 largest correction to disp= 1.759999e-05 in node 9492 and dof 1

 no convergence

 iteration 4

 Using up to 1 cpu(s) for the symmetric stiffness/mass contributions.

 Factoring the system of equations using the symmetric spooles solver
 Using up to 1 cpu(s) for spooles.

 Using up to 1 cpu(s) for the stress calculation.

 average force= 0.000738
 time avg. forc= 0.000367
 largest residual force= 0.000000 in node 1662 and dof 1
 largest increment of disp= 1.759999e-05
 largest correction to disp= 2.607184e-06 in node 9492 and dof 1

 convergence

 increment 32 attempt 1 
 increment size= 1.098633e-04
 sum of previous increments=8.397095e-01
 actual step time=8.398193e-01
 actual total time=8.398193e-01

 iteration 1

 Using up to 1 cpu(s) for the stress calculation.

 Using up to 1 cpu(s) for the symmetric stiffness/mass contributions.

 Factoring the system of equations using the symmetric spooles solver
 Using up to 1 cpu(s) for spooles.

 Using up to 1 cpu(s) for the stress calculation.

 average force= 0.000738
 time avg. forc= 0.000379
 largest residual force= 0.000008 in node 1662 and dof 1
 largest increment of disp= 7.106939e-06
 largest correction to disp= 7.106939e-06 in node 9510 and dof 1

 no convergence

 iteration 2

 Using up to 1 cpu(s) for the symmetric stiffness/mass contributions.

 Factoring the system of equations using the symmetric spooles solver
 Using up to 1 cpu(s) for spooles.

 Using up to 1 cpu(s) for the stress calculation.

 average force= 0.000738
 time avg. forc= 0.000379
 largest residual force= 0.000003 in node 1662 and dof 1
 largest increment of disp= 7.106939e-06
 largest correction to disp= 4.142837e-06 in node 9492 and dof 1

 no convergence

 iteration 3

 Using up to 1 cpu(s) for the symmetric stiffness/mass contributions.

 Factoring the system of equations using the symmetric spooles solver
 Using up to 1 cpu(s) for spooles.

 Using up to 1 cpu(s) for the stress calculation.

 average force= 0.000738
 time avg. forc= 0.000379
 largest residual force= 0.000008 in node 1662 and dof 1
 largest increment of disp= 7.492432e-06
 largest correction to disp= 7.492432e-06 in node 9510 and dof 1

 no convergence

 iteration 4

 Using up to 1 cpu(s) for the symmetric stiffness/mass contributions.

 Factoring the system of equations using the symmetric spooles solver
 Using up to 1 cpu(s) for spooles.

 Using up to 1 cpu(s) for the stress calculation.

 average force= 0.000740
 time avg. forc= 0.000379
 largest residual force= 0.003236 in node 1662 and dof 1
 largest increment of disp= 1.471405e-04
 largest correction to disp= 1.471405e-04 in node 9492 and dof 1

 divergence; the increment size is decreased to 2.746582e-05
 the increment is reattempted

 increment 32 attempt 2 
 increment size= 2.746582e-05
 sum of previous increments=8.397095e-01
 actual step time=8.397369e-01
 actual total time=8.397369e-01

 iteration 1

 Using up to 1 cpu(s) for the stress calculation.

 Using up to 1 cpu(s) for the symmetric stiffness/mass contributions.

 Factoring the system of equations using the symmetric spooles solver
 Using up to 1 cpu(s) for spooles.

 Using up to 1 cpu(s) for the stress calculation.

 average force= 0.000738
 time avg. forc= 0.000379
 largest residual force= 0.000008 in node 1662 and dof 1
 largest increment of disp= 7.015628e-06
 largest correction to disp= 7.015628e-06 in node 9510 and dof 1

 no convergence

 iteration 2

 Using up to 1 cpu(s) for the symmetric stiffness/mass contributions.

 Factoring the system of equations using the symmetric spooles solver
 Using up to 1 cpu(s) for spooles.

 Using up to 1 cpu(s) for the stress calculation.

 average force= 0.000738
 time avg. forc= 0.000379
 largest residual force= 0.000002 in node 1662 and dof 1
 largest increment of disp= 7.015628e-06
 largest correction to disp= 3.660145e-06 in node 9492 and dof 1

 no convergence

 iteration 3

 Using up to 1 cpu(s) for the symmetric stiffness/mass contributions.

 Factoring the system of equations using the symmetric spooles solver
 Using up to 1 cpu(s) for spooles.

 Using up to 1 cpu(s) for the stress calculation.

 average force= 0.000738
 time avg. forc= 0.000379
 largest residual force= 0.000037 in node 1662 and dof 1
 largest increment of disp= 1.566134e-05
 largest correction to disp= 1.566134e-05 in node 9510 and dof 1

 no convergence

 iteration 4

 Using up to 1 cpu(s) for the symmetric stiffness/mass contributions.

 Factoring the system of equations using the symmetric spooles solver
 Using up to 1 cpu(s) for spooles.

 Using up to 1 cpu(s) for the stress calculation.

 average force= 0.000738
 time avg. forc= 0.000379
 largest residual force= 0.000041 in node 1662 and dof 1
 largest increment of disp= 1.676852e-05
 largest correction to disp= 1.676852e-05 in node 9510 and dof 1

 divergence; the increment size is decreased to 6.866455e-06
 the increment is reattempted


 *ERROR: increment size smaller than minimum
 best solution and residuals are in the frd file

