=== on-caso-3 (CCX): polyMesh -> CalculiX .inp  [k_winkler=200000 Pa/m] ===
[1/5] Lendo polyMesh em ../solid/constant/polyMesh
      nodes=5317, faces=14796, cells=4752, patches=10, zones=['on', 'pia', 'sas', 'dura', 'lc', 'sclera_peri', 'sclera_ring', 'globo']
[2/5] Reconstruindo conectividade C3D8 (4752 celulas)
      OK
[3/5] Escrevendo malha em on-caso-3_mesh.inp
      DURA_INNER_SURF: 240 faces (interface dura<->sas)
[4/5] Escrevendo Winkler em on-caso-3_winkler.inp
[5/5] Concluido. Total: 5317 nodes, 4752 hex C3D8I.
=== on-caso-3 (CCX): P_CONTACT = 0 Pa (arteria oftalmica) ===
295:CONTACT_LOCAL_SURF, P, 0
=== on-caso-3 (CCX): solver ccx_preCICE -i on-caso-3  [tag=Pc0] ===

************************************************************

CalculiX Version 2.20, Copyright(C) 1998-2022 Guido Dhondt
CalculiX comes with ABSOLUTELY NO WARRANTY. This is free
software, and you are welcome to redistribute it under
certain conditions, see gpl.htm

************************************************************

You are using an executable made on Sun Jul 31 18:08:37 CEST 2022

  The numbers below are estimated upper bounds

  number of:

   nodes:        19822
   elements:         5001
   one-dimensional elements:            0
   two-dimensional elements:            0
   integration points per element:            8
   degrees of freedom per node:            3
   layers per element:            1

   distributed facial loads:          242
   distributed volumetric loads:            0
   concentrated loads:          409
   single point constraints:         3417
   multiple point constraints:            1
   terms in all multiple point constraints:            1
   tie constraints:            0
   dependent nodes tied by cyclic constraints:            0
   dependent nodes in pre-tension constraints:            0

   sets:          280
   terms in all sets:        18471

   materials:          257
   constants per material and temperature:            9
   temperature points per material:            1
   plastic data points per material:            0

   orientations:            1
   amplitudes:            8
   data points in all amplitudes:           11
   print requests:            8
   transformations:            0
   property cards:            0

 *INFO reading *HYPERELASTIC: nonlinear geometric
       effects are turned on

 *INFO reading *HYPERELASTIC: nonlinear geometric
       effects are turned on

 *INFO reading *HYPERELASTIC: nonlinear geometric
       effects are turned on

 *INFO reading *HYPERELASTIC: nonlinear geometric
       effects are turned on

 *INFO reading *HYPERELASTIC: nonlinear geometric
       effects are turned on

 *INFO reading *HYPERELASTIC: nonlinear geometric
       effects are turned on

 *INFO reading *HYPERELASTIC: nonlinear geometric
       effects are turned on

 *INFO reading *STEP: nonlinear geometric
       effects are turned on

 *WARNING reading *STATIC: parameter not recognized:
          RIKS
 *WARNING reading *STATIC. Card image:
          *STATIC,RIKS

 *WARNING reading *STATIC:
          the minimum increment    1.0000000000000000E-008
          is smaller then 1.e-6 times the 
          step time;
          the minimum increment is changed
          to    9.9999999999999995E-007
          which is the minimum of the initial
          increment time and 1.e-6 times the step time


 STEP            1

 Static analysis was selected

 Nonlinear material laws are taken into account

 Newton-Raphson iterative procedure is active

 Nonlinear geometric effects are taken into account

 Decascading the MPC's

 Determining the structure of the matrix:
 Using up to 1 cpu(s) for setting up the structure of the matrix.
 number of equations
 56265
 number of nonzero lower triangular matrix elements
 1607559

 increment 1 attempt 1 
 increment size= 2.500000e-02
 sum of previous increments=0.000000e+00
 actual step time=2.500000e-02
 actual total time=2.500000e-02

 iteration 1

 Using up to 1 cpu(s) for the stress calculation.

 Using up to 1 cpu(s) for the symmetric stiffness/mass contributions.

 Factoring the system of equations using the symmetric spooles solver
 Using up to 1 cpu(s) for spooles.

 Using up to 1 cpu(s) for the stress calculation.

 average force= 0.000006
 time avg. forc= 0.000006
 largest residual force= 0.000074 in node 2305 and dof 1
 largest increment of disp= 3.749433e-05
 largest correction to disp= 3.749433e-05 in node 4757 and dof 3

 no convergence

 iteration 2

 Using up to 1 cpu(s) for the symmetric stiffness/mass contributions.

 Factoring the system of equations using the symmetric spooles solver
 Using up to 1 cpu(s) for spooles.

 Using up to 1 cpu(s) for the stress calculation.

 average force= 0.000006
 time avg. forc= 0.000006
 largest residual force= 0.000000 in node 3581 and dof 2
 largest increment of disp= 3.749433e-05
 largest correction to disp= 7.784363e-07 in node 4335 and dof 3

 convergence

 increment 2 attempt 1 
 increment size= 2.500000e-02
 sum of previous increments=2.500000e-02
 actual step time=5.000000e-02
 actual total time=5.000000e-02

 iteration 1

 Using up to 1 cpu(s) for the stress calculation.

 Using up to 1 cpu(s) for the symmetric stiffness/mass contributions.

 Factoring the system of equations using the symmetric spooles solver
 Using up to 1 cpu(s) for spooles.

 Using up to 1 cpu(s) for the stress calculation.

 average force= 0.000013
 time avg. forc= 0.000009
 largest residual force= 0.000000 in node 3743 and dof 1
 largest increment of disp= 3.749458e-05
 largest correction to disp= 1.626710e-07 in node 16956 and dof 1

 no convergence

 iteration 2

 Using up to 1 cpu(s) for the symmetric stiffness/mass contributions.

 Factoring the system of equations using the symmetric spooles solver
 Using up to 1 cpu(s) for spooles.

 Using up to 1 cpu(s) for the stress calculation.

 average force= 0.000013
 time avg. forc= 0.000009
 largest residual force= 0.000000 in node 2299 and dof 1
 largest increment of disp= 3.749458e-05
 largest correction to disp= 1.271486e-10 in node 11408 and dof 1

 convergence; the increment size is increased to 3.750000e-02

 increment 3 attempt 1 
 increment size= 3.750000e-02
 sum of previous increments=5.000000e-02
 actual step time=8.750000e-02
 actual total time=8.750000e-02

 iteration 1

 Using up to 1 cpu(s) for the stress calculation.

 Using up to 1 cpu(s) for the symmetric stiffness/mass contributions.

 Factoring the system of equations using the symmetric spooles solver
 Using up to 1 cpu(s) for spooles.

 Using up to 1 cpu(s) for the stress calculation.

 average force= 0.000022
 time avg. forc= 0.000014
 largest residual force= 0.000000 in node 3743 and dof 1
 largest increment of disp= 5.624220e-05
 largest correction to disp= 4.413323e-07 in node 16956 and dof 1

 no convergence

 iteration 2

 Using up to 1 cpu(s) for the symmetric stiffness/mass contributions.

 Factoring the system of equations using the symmetric spooles solver
 Using up to 1 cpu(s) for spooles.

 Using up to 1 cpu(s) for the stress calculation.

 average force= 0.000022
 time avg. forc= 0.000014
 largest residual force= 0.000000 in node 2305 and dof 1
 largest increment of disp= 5.624220e-05
 largest correction to disp= 1.639663e-09 in node 11444 and dof 1

 convergence; the increment size is increased to 5.625000e-02

 the increment size exceeds the maximum allowed and is decreased to 5.000000e-02

 increment 4 attempt 1 
 increment size= 5.000000e-02
 sum of previous increments=8.750000e-02
 actual step time=1.375000e-01
 actual total time=1.375000e-01

 iteration 1

 Using up to 1 cpu(s) for the stress calculation.

 Using up to 1 cpu(s) for the symmetric stiffness/mass contributions.

 Factoring the system of equations using the symmetric spooles solver
 Using up to 1 cpu(s) for spooles.

 Using up to 1 cpu(s) for the stress calculation.

 average force= 0.000036
 time avg. forc= 0.000019
 largest residual force= 0.000010 in node 2305 and dof 1
 largest increment of disp= 7.499031e-05
 largest correction to disp= 1.495118e-06 in node 16962 and dof 1

 no convergence

 iteration 2

 Using up to 1 cpu(s) for the symmetric stiffness/mass contributions.

 Factoring the system of equations using the symmetric spooles solver
 Using up to 1 cpu(s) for spooles.

 Using up to 1 cpu(s) for the stress calculation.

 average force= 0.000036
 time avg. forc= 0.000019
 largest residual force= 0.000000 in node 2311 and dof 1
 largest increment of disp= 7.499031e-05
 largest correction to disp= 9.622852e-08 in node 11462 and dof 1

 convergence; the increment size is increased to 7.500000e-02

 the increment size exceeds the maximum allowed and is decreased to 5.000000e-02

 increment 5 attempt 1 
 increment size= 5.000000e-02
 sum of previous increments=1.375000e-01
 actual step time=1.875000e-01
 actual total time=1.875000e-01

 iteration 1

 Using up to 1 cpu(s) for the stress calculation.

 Using up to 1 cpu(s) for the symmetric stiffness/mass contributions.

 Factoring the system of equations using the symmetric spooles solver
 Using up to 1 cpu(s) for spooles.

 Using up to 1 cpu(s) for the stress calculation.

 average force= 0.000054
 time avg. forc= 0.000026
 largest residual force= 0.000262 in node 2317 and dof 1
 largest increment of disp= 7.499153e-05
 largest correction to disp= 4.205559e-06 in node 16962 and dof 1

 no convergence

 iteration 2

 Using up to 1 cpu(s) for the symmetric stiffness/mass contributions.

 Factoring the system of equations using the symmetric spooles solver
 Using up to 1 cpu(s) for spooles.

 Using up to 1 cpu(s) for the stress calculation.

 average force= 0.000054
 time avg. forc= 0.000026
 largest residual force= 0.000033 in node 2311 and dof 1
 largest increment of disp= 7.499153e-05
 largest correction to disp= 9.542838e-07 in node 11462 and dof 1

 no convergence

 iteration 3

 Using up to 1 cpu(s) for the symmetric stiffness/mass contributions.

 Factoring the system of equations using the symmetric spooles solver
 Using up to 1 cpu(s) for spooles.

 Using up to 1 cpu(s) for the stress calculation.

 average force= 0.000054
 time avg. forc= 0.000026
 largest residual force= 0.000000 in node 2311 and dof 1
 largest increment of disp= 7.499153e-05
 largest correction to disp= 1.171851e-07 in node 11462 and dof 1

 convergence; the increment size is increased to 7.500000e-02

 the increment size exceeds the maximum allowed and is decreased to 5.000000e-02

 Using up to 1 cpu(s) for the stress calculation.

 increment 6 attempt 1 
 increment size= 5.000000e-02
 sum of previous increments=1.875000e-01
 actual step time=2.375000e-01
 actual total time=2.375000e-01

 iteration 1

 Using up to 1 cpu(s) for the stress calculation.

 Using up to 1 cpu(s) for the symmetric stiffness/mass contributions.

 Factoring the system of equations using the symmetric spooles solver
 Using up to 1 cpu(s) for spooles.

 Using up to 1 cpu(s) for the stress calculation.

 average force= 0.000094
 time avg. forc= 0.000037
 largest residual force= 0.001721 in node 4346 and dof 1
 largest increment of disp= 7.501621e-05
 largest correction to disp= 2.062499e-05 in node 16956 and dof 1

 no convergence

 iteration 2

 Using up to 1 cpu(s) for the symmetric stiffness/mass contributions.

 Factoring the system of equations using the symmetric spooles solver
 Using up to 1 cpu(s) for spooles.

 Using up to 1 cpu(s) for the stress calculation.

 average force= 0.000094
 time avg. forc= 0.000037
 largest residual force= 0.002785 in node 4359 and dof 1
 largest increment of disp= 7.501621e-05
 largest correction to disp= 2.556035e-05 in node 17000 and dof 1

 no convergence

 iteration 3

 Using up to 1 cpu(s) for the symmetric stiffness/mass contributions.

 Factoring the system of equations using the symmetric spooles solver
 Using up to 1 cpu(s) for spooles.

 Using up to 1 cpu(s) for the stress calculation.

 average force= 0.000102
 time avg. forc= 0.000039
 largest residual force= 0.001622 in node 4359 and dof 1
 largest increment of disp= 7.501621e-05
 largest correction to disp= 1.951229e-05 in node 16994 and dof 1

 no convergence

 iteration 4

 Using up to 1 cpu(s) for the symmetric stiffness/mass contributions.

 Factoring the system of equations using the symmetric spooles solver
 Using up to 1 cpu(s) for spooles.

 Using up to 1 cpu(s) for the stress calculation.

 average force= 0.000115
 time avg. forc= 0.000041
 largest residual force= 0.001926 in node 4359 and dof 1
 largest increment of disp= 7.501621e-05
 largest correction to disp= 2.129967e-05 in node 17000 and dof 1

 no convergence

 iteration 5

 Using up to 1 cpu(s) for the symmetric stiffness/mass contributions.

 Factoring the system of equations using the symmetric spooles solver
 Using up to 1 cpu(s) for spooles.

 Using up to 1 cpu(s) for the stress calculation.

 average force= 0.000113
 time avg. forc= 0.000041
 largest residual force= 0.000003 in node 4347 and dof 1
 largest increment of disp= 7.501621e-05
 largest correction to disp= 8.359117e-07 in node 16964 and dof 1

 no convergence

 iteration 6

 Using up to 1 cpu(s) for the symmetric stiffness/mass contributions.

 Factoring the system of equations using the symmetric spooles solver
 Using up to 1 cpu(s) for spooles.

 Using up to 1 cpu(s) for the stress calculation.

 average force= 0.000113
 time avg. forc= 0.000041
 largest residual force= 0.000000 in node 4359 and dof 1
 largest increment of disp= 7.501621e-05
 largest correction to disp= 3.985231e-07 in node 17000 and dof 1

 convergence

 increment 7 attempt 1 
 increment size= 5.000000e-02
 sum of previous increments=2.375000e-01
 actual step time=2.875000e-01
 actual total time=2.875000e-01

 iteration 1

 Using up to 1 cpu(s) for the stress calculation.

 Using up to 1 cpu(s) for the symmetric stiffness/mass contributions.

 Factoring the system of equations using the symmetric spooles solver
 Using up to 1 cpu(s) for spooles.

 Using up to 1 cpu(s) for the stress calculation.

 average force= 0.000195
 time avg. forc= 0.000063
 largest residual force= 0.000760 in node 4091 and dof 1
 largest increment of disp= 7.652573e-05
 largest correction to disp= 1.215271e-05 in node 16274 and dof 1

 no convergence

 iteration 2

 Using up to 1 cpu(s) for the symmetric stiffness/mass contributions.

 Factoring the system of equations using the symmetric spooles solver
 Using up to 1 cpu(s) for spooles.

 Using up to 1 cpu(s) for the stress calculation.

 average force= 0.000208
 time avg. forc= 0.000064
 largest residual force= 0.000901 in node 4091 and dof 1
 largest increment of disp= 7.652573e-05
 largest correction to disp= 1.444108e-05 in node 16280 and dof 1

 no convergence

 iteration 3

 Using up to 1 cpu(s) for the symmetric stiffness/mass contributions.

 Factoring the system of equations using the symmetric spooles solver
 Using up to 1 cpu(s) for spooles.

 Using up to 1 cpu(s) for the stress calculation.

 average force= 0.000206
 time avg. forc= 0.000064
 largest residual force= 0.000012 in node 4091 and dof 1
 largest increment of disp= 7.652573e-05
 largest correction to disp= 1.685639e-06 in node 16280 and dof 1

 no convergence

 iteration 4

 Using up to 1 cpu(s) for the symmetric stiffness/mass contributions.

 Factoring the system of equations using the symmetric spooles solver
 Using up to 1 cpu(s) for spooles.

 Using up to 1 cpu(s) for the stress calculation.

 average force= 0.000206
 time avg. forc= 0.000064
 largest residual force= 0.000000 in node 4091 and dof 1
 largest increment of disp= 7.652573e-05
 largest correction to disp= 8.170703e-08 in node 16280 and dof 1

 convergence

 increment 8 attempt 1 
 increment size= 5.000000e-02
 sum of previous increments=2.875000e-01
 actual step time=3.375000e-01
 actual total time=3.375000e-01

 iteration 1

 Using up to 1 cpu(s) for the stress calculation.

 Using up to 1 cpu(s) for the symmetric stiffness/mass contributions.

 Factoring the system of equations using the symmetric spooles solver
 Using up to 1 cpu(s) for spooles.

 Using up to 1 cpu(s) for the stress calculation.

 average force= 0.000286
 time avg. forc= 0.000092
 largest residual force= 0.001491 in node 4359 and dof 1
 largest increment of disp= 8.226857e-05
 largest correction to disp= 1.775383e-05 in node 17000 and dof 1

 no convergence

 iteration 2

 Using up to 1 cpu(s) for the symmetric stiffness/mass contributions.

 Factoring the system of equations using the symmetric spooles solver
 Using up to 1 cpu(s) for spooles.

 Using up to 1 cpu(s) for the stress calculation.

 average force= 0.000269
 time avg. forc= 0.000090
 largest residual force= 0.001161 in node 4091 and dof 1
 largest increment of disp= 8.226857e-05
 largest correction to disp= 1.643271e-05 in node 16316 and dof 1

 no convergence

 iteration 3

 Using up to 1 cpu(s) for the symmetric stiffness/mass contributions.

 Factoring the system of equations using the symmetric spooles solver
 Using up to 1 cpu(s) for spooles.

 Using up to 1 cpu(s) for the stress calculation.

 average force= 0.000266
 time avg. forc= 0.000089
 largest residual force= 0.000030 in node 4091 and dof 1
 largest increment of disp= 8.226857e-05
 largest correction to disp= 2.667373e-06 in node 16274 and dof 1

 no convergence

 iteration 4

 Using up to 1 cpu(s) for the symmetric stiffness/mass contributions.

 Factoring the system of equations using the symmetric spooles solver
 Using up to 1 cpu(s) for spooles.

 Using up to 1 cpu(s) for the stress calculation.

 average force= 0.000266
 time avg. forc= 0.000089
 largest residual force= 0.000000 in node 4091 and dof 1
 largest increment of disp= 8.226857e-05
 largest correction to disp= 1.176736e-07 in node 16274 and dof 1

 convergence; the increment size is increased to 7.500000e-02

 the increment size exceeds the maximum allowed and is decreased to 5.000000e-02

 increment 9 attempt 1 
 increment size= 5.000000e-02
 sum of previous increments=3.375000e-01
 actual step time=3.875000e-01
 actual total time=3.875000e-01

 iteration 1

 Using up to 1 cpu(s) for the stress calculation.

 Using up to 1 cpu(s) for the symmetric stiffness/mass contributions.

 Factoring the system of equations using the symmetric spooles solver
 Using up to 1 cpu(s) for spooles.

 Using up to 1 cpu(s) for the stress calculation.

 average force= 0.000317
 time avg. forc= 0.000115
 largest residual force= 0.000259 in node 4091 and dof 1
 largest increment of disp= 7.633487e-05
 largest correction to disp= 1.576202e-05 in node 14148 and dof 1

 no convergence

 iteration 2

 Using up to 1 cpu(s) for the symmetric stiffness/mass contributions.

 Factoring the system of equations using the symmetric spooles solver
 Using up to 1 cpu(s) for spooles.

 Using up to 1 cpu(s) for the stress calculation.

 average force= 0.000314
 time avg. forc= 0.000114
 largest residual force= 0.000025 in node 4119 and dof 1
 largest increment of disp= 7.633487e-05
 largest correction to disp= 2.377016e-06 in node 16346 and dof 1

 no convergence

 iteration 3

 Using up to 1 cpu(s) for the symmetric stiffness/mass contributions.

 Factoring the system of equations using the symmetric spooles solver
 Using up to 1 cpu(s) for spooles.

 Using up to 1 cpu(s) for the stress calculation.

 average force= 0.000314
 time avg. forc= 0.000114
 largest residual force= 0.000000 in node 4091 and dof 1
 largest increment of disp= 7.633487e-05
 largest correction to disp= 4.603287e-08 in node 16310 and dof 1

 convergence; the increment size is increased to 7.500000e-02

 the increment size exceeds the maximum allowed and is decreased to 5.000000e-02

 increment 10 attempt 1 
 increment size= 5.000000e-02
 sum of previous increments=3.875000e-01
 actual step time=4.375000e-01
 actual total time=4.375000e-01

 iteration 1

 Using up to 1 cpu(s) for the stress calculation.

 Using up to 1 cpu(s) for the symmetric stiffness/mass contributions.

 Factoring the system of equations using the symmetric spooles solver
 Using up to 1 cpu(s) for spooles.

 Using up to 1 cpu(s) for the stress calculation.

 average force= 0.000365
 time avg. forc= 0.000139
 largest residual force= 0.000897 in node 2503 and dof 3
 largest increment of disp= 1.018310e-03
 largest correction to disp= 1.018310e-03 in node 11979 and dof 1

 no convergence

 iteration 2

 Using up to 1 cpu(s) for the symmetric stiffness/mass contributions.

 Factoring the system of equations using the symmetric spooles solver
 Using up to 1 cpu(s) for spooles.

 Using up to 1 cpu(s) for the stress calculation.

 average force= 0.000359
 time avg. forc= 0.000139
 largest residual force= 0.000226 in node 2503 and dof 3
 largest increment of disp= 1.018310e-03
 largest correction to disp= 3.026412e-04 in node 11925 and dof 1

 no convergence

 iteration 3

 Using up to 1 cpu(s) for the symmetric stiffness/mass contributions.

 Factoring the system of equations using the symmetric spooles solver
 Using up to 1 cpu(s) for spooles.

 Using up to 1 cpu(s) for the stress calculation.

 average force= 0.000356
 time avg. forc= 0.000139
 largest residual force= 0.000071 in node 2503 and dof 3
 largest increment of disp= 1.018310e-03
 largest correction to disp= 2.420053e-04 in node 11979 and dof 1

 no convergence

 iteration 4

 Using up to 1 cpu(s) for the symmetric stiffness/mass contributions.

 Factoring the system of equations using the symmetric spooles solver
 Using up to 1 cpu(s) for spooles.

 Using up to 1 cpu(s) for the stress calculation.

 average force= 0.000356
 time avg. forc= 0.000139
 largest residual force= 0.000021 in node 2503 and dof 3
 largest increment of disp= 1.018310e-03
 largest correction to disp= 1.435535e-04 in node 11988 and dof 1

 no convergence

 iteration 5

 Using up to 1 cpu(s) for the symmetric stiffness/mass contributions.

 Factoring the system of equations using the symmetric spooles solver
 Using up to 1 cpu(s) for spooles.

 Using up to 1 cpu(s) for the stress calculation.

 average force= 0.000393
 time avg. forc= 0.000142
 largest residual force= 0.001985 in node 330 and dof 1
 largest increment of disp= 1.018310e-03
 largest correction to disp= 1.285550e-04 in node 7194 and dof 1

 no convergence

 iteration 6

 Using up to 1 cpu(s) for the symmetric stiffness/mass contributions.

 Factoring the system of equations using the symmetric spooles solver
 Using up to 1 cpu(s) for spooles.

 Using up to 1 cpu(s) for the stress calculation.

 average force= 0.000362
 time avg. forc= 0.000139
 largest residual force= 0.000110 in node 2169 and dof 1
 largest increment of disp= 1.018310e-03
 largest correction to disp= 7.751544e-05 in node 11979 and dof 1

 divergence; the increment size is decreased to 1.250000e-02
 the increment is reattempted

 increment 10 attempt 2 
 increment size= 1.250000e-02
 sum of previous increments=3.875000e-01
 actual step time=4.000000e-01
 actual total time=4.000000e-01

 iteration 1

 Using up to 1 cpu(s) for the stress calculation.

 Using up to 1 cpu(s) for the symmetric stiffness/mass contributions.

 Factoring the system of equations using the symmetric spooles solver
 Using up to 1 cpu(s) for spooles.

 Using up to 1 cpu(s) for the stress calculation.

 average force= 0.000325
 time avg. forc= 0.000135
 largest residual force= 0.000004 in node 4091 and dof 1
 largest increment of disp= 1.897344e-05
 largest correction to disp= 4.644411e-06 in node 11988 and dof 1

 no convergence

 iteration 2

 Using up to 1 cpu(s) for the symmetric stiffness/mass contributions.

 Factoring the system of equations using the symmetric spooles solver
 Using up to 1 cpu(s) for spooles.

 Using up to 1 cpu(s) for the stress calculation.

 average force= 0.000325
 time avg. forc= 0.000135
 largest residual force= 0.000000 in node 330 and dof 1
 largest increment of disp= 1.897344e-05
 largest correction to disp= 4.523673e-07 in node 7263 and dof 1

 convergence

 Using up to 1 cpu(s) for the stress calculation.

 increment 11 attempt 1 
 increment size= 1.250000e-02
 sum of previous increments=4.000000e-01
 actual step time=4.125000e-01
 actual total time=4.125000e-01

 iteration 1

 Using up to 1 cpu(s) for the stress calculation.

 Using up to 1 cpu(s) for the symmetric stiffness/mass contributions.

 Factoring the system of equations using the symmetric spooles solver
 Using up to 1 cpu(s) for spooles.

 Using up to 1 cpu(s) for the stress calculation.

 average force= 0.000336
 time avg. forc= 0.000154
 largest residual force= 0.000035 in node 300 and dof 2
 largest increment of disp= 1.893422e-05
 largest correction to disp= 1.700454e-05 in node 9369 and dof 1

 no convergence

 iteration 2

 Using up to 1 cpu(s) for the symmetric stiffness/mass contributions.

 Factoring the system of equations using the symmetric spooles solver
 Using up to 1 cpu(s) for spooles.

 Using up to 1 cpu(s) for the stress calculation.

 average force= 0.000336
 time avg. forc= 0.000154
 largest residual force= 0.000000 in node 336 and dof 1
 largest increment of disp= 1.893422e-05
 largest correction to disp= 1.510276e-06 in node 9531 and dof 1

 convergence; the increment size is increased to 1.875000e-02

 increment 12 attempt 1 
 increment size= 1.875000e-02
 sum of previous increments=4.125000e-01
 actual step time=4.312500e-01
 actual total time=4.312500e-01

 iteration 1

 Using up to 1 cpu(s) for the stress calculation.

 Using up to 1 cpu(s) for the symmetric stiffness/mass contributions.

 Factoring the system of equations using the symmetric spooles solver
 Using up to 1 cpu(s) for spooles.

 Using up to 1 cpu(s) for the stress calculation.

 average force= 0.000353
 time avg. forc= 0.000170
 largest residual force= 0.000001 in node 253 and dof 1
 largest increment of disp= 2.896429e-05
 largest correction to disp= 6.647083e-06 in node 11979 and dof 1

 no convergence

 iteration 2

 Using up to 1 cpu(s) for the symmetric stiffness/mass contributions.

 Factoring the system of equations using the symmetric spooles solver
 Using up to 1 cpu(s) for spooles.

 Using up to 1 cpu(s) for the stress calculation.

 average force= 0.000353
 time avg. forc= 0.000170
 largest residual force= 0.000007 in node 825 and dof 1
 largest increment of disp= 2.896429e-05
 largest correction to disp= 7.702002e-06 in node 7284 and dof 1

 no convergence

 iteration 3

 Using up to 1 cpu(s) for the symmetric stiffness/mass contributions.

 Factoring the system of equations using the symmetric spooles solver
 Using up to 1 cpu(s) for spooles.

 Using up to 1 cpu(s) for the stress calculation.

 average force= 0.000353
 time avg. forc= 0.000170
 largest residual force= 0.000000 in node 338 and dof 2
 largest increment of disp= 2.896429e-05
 largest correction to disp= 1.724455e-06 in node 7263 and dof 1

 convergence; the increment size is increased to 2.812500e-02

 increment 13 attempt 1 
 increment size= 2.812500e-02
 sum of previous increments=4.312500e-01
 actual step time=4.593750e-01
 actual total time=4.593750e-01

 iteration 1

 Using up to 1 cpu(s) for the stress calculation.

 Using up to 1 cpu(s) for the symmetric stiffness/mass contributions.

 Factoring the system of equations using the symmetric spooles solver
 Using up to 1 cpu(s) for spooles.

 Using up to 1 cpu(s) for the stress calculation.

 average force= 0.000376
 time avg. forc= 0.000186
 largest residual force= 0.000004 in node 4105 and dof 1
 largest increment of disp= 4.268400e-05
 largest correction to disp= 7.075834e-06 in node 13070 and dof 1

 no convergence

 iteration 2

 Using up to 1 cpu(s) for the symmetric stiffness/mass contributions.

 Factoring the system of equations using the symmetric spooles solver
 Using up to 1 cpu(s) for spooles.

 Using up to 1 cpu(s) for the stress calculation.

 average force= 0.000376
 time avg. forc= 0.000186
 largest residual force= 0.000002 in node 825 and dof 1
 largest increment of disp= 4.268400e-05
 largest correction to disp= 3.800377e-06 in node 7194 and dof 1

 no convergence

 iteration 3

 Using up to 1 cpu(s) for the symmetric stiffness/mass contributions.

 Factoring the system of equations using the symmetric spooles solver
 Using up to 1 cpu(s) for spooles.

 Using up to 1 cpu(s) for the stress calculation.

 average force= 0.000376
 time avg. forc= 0.000186
 largest residual force= 0.000000 in node 302 and dof 1
 largest increment of disp= 4.268400e-05
 largest correction to disp= 3.359456e-07 in node 7209 and dof 1

 convergence; the increment size is increased to 4.218750e-02

 increment 14 attempt 1 
 increment size= 4.218750e-02
 sum of previous increments=4.593750e-01
 actual step time=5.015625e-01
 actual total time=5.015625e-01

 iteration 1

 Using up to 1 cpu(s) for the stress calculation.

 Using up to 1 cpu(s) for the symmetric stiffness/mass contributions.

 Factoring the system of equations using the symmetric spooles solver
 Using up to 1 cpu(s) for spooles.

 Using up to 1 cpu(s) for the stress calculation.

 average force= 0.000409
 time avg. forc= 0.000202
 largest residual force= 0.000012 in node 4105 and dof 1
 largest increment of disp= 6.385957e-05
 largest correction to disp= 1.342850e-05 in node 14136 and dof 1

 no convergence

 iteration 2

 Using up to 1 cpu(s) for the symmetric stiffness/mass contributions.

 Factoring the system of equations using the symmetric spooles solver
 Using up to 1 cpu(s) for spooles.

 Using up to 1 cpu(s) for the stress calculation.

 average force= 0.000409
 time avg. forc= 0.000202
 largest residual force= 0.000002 in node 1617 and dof 1
 largest increment of disp= 6.385957e-05
 largest correction to disp= 4.206049e-06 in node 9354 and dof 1

 no convergence

 iteration 3

 Using up to 1 cpu(s) for the symmetric stiffness/mass contributions.

 Factoring the system of equations using the symmetric spooles solver
 Using up to 1 cpu(s) for spooles.

 Using up to 1 cpu(s) for the stress calculation.

 average force= 0.000409
 time avg. forc= 0.000202
 largest residual force= 0.000000 in node 1641 and dof 1
 largest increment of disp= 6.385957e-05
 largest correction to disp= 3.136499e-07 in node 9444 and dof 1

 convergence; the increment size is increased to 6.328125e-02

 the increment size exceeds the maximum allowed and is decreased to 5.000000e-02

 increment 15 attempt 1 
 increment size= 5.000000e-02
 sum of previous increments=5.015625e-01
 actual step time=5.515625e-01
 actual total time=5.515625e-01

 iteration 1

 Using up to 1 cpu(s) for the stress calculation.

 Using up to 1 cpu(s) for the symmetric stiffness/mass contributions.

 Factoring the system of equations using the symmetric spooles solver
 Using up to 1 cpu(s) for spooles.

 Using up to 1 cpu(s) for the stress calculation.

 average force= 0.000445
 time avg. forc= 0.000218
 largest residual force= 0.000036 in node 2293 and dof 1
 largest increment of disp= 7.553411e-05
 largest correction to disp= 4.329028e-05 in node 14136 and dof 1

 no convergence

 iteration 2

 Using up to 1 cpu(s) for the symmetric stiffness/mass contributions.

 Factoring the system of equations using the symmetric spooles solver
 Using up to 1 cpu(s) for spooles.

 Using up to 1 cpu(s) for the stress calculation.

 average force= 0.000445
 time avg. forc= 0.000218
 largest residual force= 0.000000 in node 1614 and dof 1
 largest increment of disp= 7.553411e-05
 largest correction to disp= 3.858764e-06 in node 14145 and dof 1

 convergence; the increment size is increased to 7.500000e-02

 the increment size exceeds the maximum allowed and is decreased to 5.000000e-02

 Using up to 1 cpu(s) for the stress calculation.

 increment 16 attempt 1 
 increment size= 5.000000e-02
 sum of previous increments=5.515625e-01
 actual step time=6.015625e-01
 actual total time=6.015625e-01

 iteration 1

 Using up to 1 cpu(s) for the stress calculation.

 Using up to 1 cpu(s) for the symmetric stiffness/mass contributions.

 Factoring the system of equations using the symmetric spooles solver
 Using up to 1 cpu(s) for spooles.

 Using up to 1 cpu(s) for the stress calculation.

 average force= 0.000480
 time avg. forc= 0.000235
 largest residual force= 0.000129 in node 2293 and dof 1
 largest increment of disp= 7.546223e-05
 largest correction to disp= 1.321027e-05 in node 11927 and dof 1

 no convergence

 iteration 2

 Using up to 1 cpu(s) for the symmetric stiffness/mass contributions.

 Factoring the system of equations using the symmetric spooles solver
 Using up to 1 cpu(s) for spooles.

 Using up to 1 cpu(s) for the stress calculation.

 average force= 0.000480
 time avg. forc= 0.000235
 largest residual force= 0.000000 in node 1638 and dof 1
 largest increment of disp= 7.546223e-05
 largest correction to disp= 2.598195e-06 in node 14145 and dof 1

 convergence; the increment size is increased to 7.500000e-02

 the increment size exceeds the maximum allowed and is decreased to 5.000000e-02

 increment 17 attempt 1 
 increment size= 5.000000e-02
 sum of previous increments=6.015625e-01
 actual step time=6.515625e-01
 actual total time=6.515625e-01

 iteration 1

 Using up to 1 cpu(s) for the stress calculation.

 Using up to 1 cpu(s) for the symmetric stiffness/mass contributions.

 Factoring the system of equations using the symmetric spooles solver
 Using up to 1 cpu(s) for spooles.

 Using up to 1 cpu(s) for the stress calculation.

 average force= 0.000515
 time avg. forc= 0.000251
 largest residual force= 0.000524 in node 2155 and dof 1
 largest increment of disp= 7.543667e-05
 largest correction to disp= 1.056797e-05 in node 14136 and dof 1

 no convergence

 iteration 2

 Using up to 1 cpu(s) for the symmetric stiffness/mass contributions.

 Factoring the system of equations using the symmetric spooles solver
 Using up to 1 cpu(s) for spooles.

 Using up to 1 cpu(s) for the stress calculation.

 average force= 0.000515
 time avg. forc= 0.000251
 largest residual force= 0.000000 in node 2148 and dof 1
 largest increment of disp= 7.543667e-05
 largest correction to disp= 2.364912e-06 in node 14145 and dof 1

 convergence; the increment size is increased to 7.500000e-02

 the increment size exceeds the maximum allowed and is decreased to 5.000000e-02

 increment 18 attempt 1 
 increment size= 5.000000e-02
 sum of previous increments=6.515625e-01
 actual step time=7.015625e-01
 actual total time=7.015625e-01

 iteration 1

 Using up to 1 cpu(s) for the stress calculation.

 Using up to 1 cpu(s) for the symmetric stiffness/mass contributions.

 Factoring the system of equations using the symmetric spooles solver
 Using up to 1 cpu(s) for spooles.

 Using up to 1 cpu(s) for the stress calculation.

 average force= 0.000551
 time avg. forc= 0.000268
 largest residual force= 0.001534 in node 2293 and dof 1
 largest increment of disp= 7.545076e-05
 largest correction to disp= 6.585170e-06 in node 11390 and dof 1

 no convergence

 iteration 2

 Using up to 1 cpu(s) for the symmetric stiffness/mass contributions.

 Factoring the system of equations using the symmetric spooles solver
 Using up to 1 cpu(s) for spooles.

 Using up to 1 cpu(s) for the stress calculation.

 average force= 0.000551
 time avg. forc= 0.000268
 largest residual force= 0.000115 in node 2293 and dof 1
 largest increment of disp= 7.545076e-05
 largest correction to disp= 1.829856e-06 in node 11387 and dof 1

 no convergence

 iteration 3

 Using up to 1 cpu(s) for the symmetric stiffness/mass contributions.

 Factoring the system of equations using the symmetric spooles solver
 Using up to 1 cpu(s) for spooles.

 Using up to 1 cpu(s) for the stress calculation.

 average force= 0.000551
 time avg. forc= 0.000268
 largest residual force= 0.000002 in node 2155 and dof 1
 largest increment of disp= 7.545076e-05
 largest correction to disp= 2.225596e-07 in node 11027 and dof 1

 no convergence

 iteration 4

 Using up to 1 cpu(s) for the symmetric stiffness/mass contributions.

 Factoring the system of equations using the symmetric spooles solver
 Using up to 1 cpu(s) for spooles.

 Using up to 1 cpu(s) for the stress calculation.

 average force= 0.000551
 time avg. forc= 0.000268
 largest residual force= 0.000000 in node 2293 and dof 1
 largest increment of disp= 7.545076e-05
 largest correction to disp= 2.352553e-09 in node 11387 and dof 1

 convergence; the increment size is increased to 7.500000e-02

 the increment size exceeds the maximum allowed and is decreased to 5.000000e-02

 increment 19 attempt 1 
 increment size= 5.000000e-02
 sum of previous increments=7.015625e-01
 actual step time=7.515625e-01
 actual total time=7.515625e-01

 iteration 1

 Using up to 1 cpu(s) for the stress calculation.

 Using up to 1 cpu(s) for the symmetric stiffness/mass contributions.

 Factoring the system of equations using the symmetric spooles solver
 Using up to 1 cpu(s) for spooles.

 Using up to 1 cpu(s) for the stress calculation.

 average force= 0.000591
 time avg. forc= 0.000285
 largest residual force= 0.001692 in node 2155 and dof 1
 largest increment of disp= 7.552343e-05
 largest correction to disp= 6.791258e-06 in node 11027 and dof 1

 no convergence

 iteration 2

 Using up to 1 cpu(s) for the symmetric stiffness/mass contributions.

 Factoring the system of equations using the symmetric spooles solver
 Using up to 1 cpu(s) for spooles.

 Using up to 1 cpu(s) for the stress calculation.

 average force= 0.000597
 time avg. forc= 0.000285
 largest residual force= 0.005146 in node 2293 and dof 1
 largest increment of disp= 7.552343e-05
 largest correction to disp= 1.205334e-05 in node 11390 and dof 1

 no convergence

 iteration 3

 Using up to 1 cpu(s) for the symmetric stiffness/mass contributions.

 Factoring the system of equations using the symmetric spooles solver
 Using up to 1 cpu(s) for spooles.

 Using up to 1 cpu(s) for the stress calculation.

 average force= 0.000595
 time avg. forc= 0.000285
 largest residual force= 0.000030 in node 2355 and dof 2
 largest increment of disp= 7.552343e-05
 largest correction to disp= 9.890947e-07 in node 11318 and dof 2

 no convergence

 iteration 4

 Using up to 1 cpu(s) for the symmetric stiffness/mass contributions.

 Factoring the system of equations using the symmetric spooles solver
 Using up to 1 cpu(s) for spooles.

 Using up to 1 cpu(s) for the stress calculation.

 average force= 0.000595
 time avg. forc= 0.000285
 largest residual force= 0.000162 in node 2227 and dof 2
 largest increment of disp= 7.552343e-05
 largest correction to disp= 2.081065e-06 in node 11570 and dof 2

 no convergence

 iteration 5

 Using up to 1 cpu(s) for the symmetric stiffness/mass contributions.

 Factoring the system of equations using the symmetric spooles solver
 Using up to 1 cpu(s) for spooles.

 Using up to 1 cpu(s) for the stress calculation.

 average force= 0.000595
 time avg. forc= 0.000285
 largest residual force= 0.000000 in node 2155 and dof 1
 largest increment of disp= 7.552343e-05
 largest correction to disp= 3.258008e-08 in node 11030 and dof 1

 convergence

 increment 20 attempt 1 
 increment size= 5.000000e-02
 sum of previous increments=7.515625e-01
 actual step time=8.015625e-01
 actual total time=8.015625e-01

 iteration 1

 Using up to 1 cpu(s) for the stress calculation.

 Using up to 1 cpu(s) for the symmetric stiffness/mass contributions.

 Factoring the system of equations using the symmetric spooles solver
 Using up to 1 cpu(s) for spooles.

 Using up to 1 cpu(s) for the stress calculation.

 average force= 0.000641
 time avg. forc= 0.000303
 largest residual force= 0.000402 in node 2162 and dof 1
 largest increment of disp= 7.577774e-05
 largest correction to disp= 4.166606e-06 in node 9342 and dof 1

 no convergence

 iteration 2

 Using up to 1 cpu(s) for the symmetric stiffness/mass contributions.

 Factoring the system of equations using the symmetric spooles solver
 Using up to 1 cpu(s) for spooles.

 Using up to 1 cpu(s) for the stress calculation.

 average force= 0.002794
 time avg. forc= 0.000410
 largest residual force= 1.033028 in node 2169 and dof 1
 largest increment of disp= 1.761360e-04
 largest correction to disp= 1.761360e-04 in node 11261 and dof 1

 no convergence

 iteration 3

 Using up to 1 cpu(s) for the symmetric stiffness/mass contributions.

 Factoring the system of equations using the symmetric spooles solver
 Using up to 1 cpu(s) for spooles.

 Using up to 1 cpu(s) for the stress calculation.

 average force= 0.000698
 time avg. forc= 0.000306
 largest residual force= 0.014030 in node 2239 and dof 2
 largest increment of disp= 1.761360e-04
 largest correction to disp= 7.223904e-05 in node 9474 and dof 1

 no convergence

 iteration 4

 Using up to 1 cpu(s) for the symmetric stiffness/mass contributions.

 Factoring the system of equations using the symmetric spooles solver
 Using up to 1 cpu(s) for spooles.

 Using up to 1 cpu(s) for the stress calculation.

 average force= 0.008538
 time avg. forc= 0.000698
 largest residual force= 2.326836 in node 1684 and dof 3
 largest increment of disp= 2.100009e-03
 largest correction to disp= 2.100009e-03 in node 9666 and dof 1

 no convergence

 iteration 5

 Using up to 1 cpu(s) for the symmetric stiffness/mass contributions.

 Factoring the system of equations using the symmetric spooles solver
 Using up to 1 cpu(s) for spooles.

 Using up to 1 cpu(s) for the stress calculation.

 average force= 5202.961463
 time avg. forc= 260.148344
 largest residual force= 10074286.299485 in node 10893 and dof 3
 largest increment of disp= 5.978014e-02
 largest correction to disp= 5.978014e-02 in node 9074 and dof 2

 divergence; the increment size is decreased to 1.250000e-02
 the increment is reattempted

 increment 20 attempt 2 
 increment size= 1.250000e-02
 sum of previous increments=7.515625e-01
 actual step time=7.640625e-01
 actual total time=7.640625e-01

 iteration 1

 Using up to 1 cpu(s) for the stress calculation.

 Using up to 1 cpu(s) for the symmetric stiffness/mass contributions.

 Factoring the system of equations using the symmetric spooles solver
 Using up to 1 cpu(s) for spooles.

 Using up to 1 cpu(s) for the stress calculation.

 average force= 0.000607
 time avg. forc= 0.000301
 largest residual force= 0.000109 in node 2155 and dof 1
 largest increment of disp= 1.894444e-05
 largest correction to disp= 1.691304e-06 in node 11048 and dof 1

 no convergence

 iteration 2

 Using up to 1 cpu(s) for the symmetric stiffness/mass contributions.

 Factoring the system of equations using the symmetric spooles solver
 Using up to 1 cpu(s) for spooles.

 Using up to 1 cpu(s) for the stress calculation.

 average force= 0.000608
 time avg. forc= 0.000301
 largest residual force= 0.000089 in node 2354 and dof 2
 largest increment of disp= 1.894444e-05
 largest correction to disp= 1.645380e-06 in node 11579 and dof 2

 no convergence

 iteration 3

 Using up to 1 cpu(s) for the symmetric stiffness/mass contributions.

 Factoring the system of equations using the symmetric spooles solver
 Using up to 1 cpu(s) for spooles.

 Using up to 1 cpu(s) for the stress calculation.

 average force= 0.000608
 time avg. forc= 0.000301
 largest residual force= 0.000000 in node 2227 and dof 2
 largest increment of disp= 1.894444e-05
 largest correction to disp= 3.073933e-08 in node 11207 and dof 2

 convergence

 Using up to 1 cpu(s) for the stress calculation.

 increment 21 attempt 1 
 increment size= 1.250000e-02
 sum of previous increments=7.640625e-01
 actual step time=7.765625e-01
 actual total time=7.765625e-01

 iteration 1

 Using up to 1 cpu(s) for the stress calculation.

 Using up to 1 cpu(s) for the symmetric stiffness/mass contributions.

 Factoring the system of equations using the symmetric spooles solver
 Using up to 1 cpu(s) for spooles.

 Using up to 1 cpu(s) for the stress calculation.

 average force= 0.000621
 time avg. forc= 0.000316
 largest residual force= 0.000099 in node 2293 and dof 1
 largest increment of disp= 1.906439e-05
 largest correction to disp= 1.593109e-06 in node 11408 and dof 1

 no convergence

 iteration 2

 Using up to 1 cpu(s) for the symmetric stiffness/mass contributions.

 Factoring the system of equations using the symmetric spooles solver
 Using up to 1 cpu(s) for spooles.

 Using up to 1 cpu(s) for the stress calculation.

 average force= 0.000621
 time avg. forc= 0.000316
 largest residual force= 0.000126 in node 2162 and dof 1
 largest increment of disp= 1.906439e-05
 largest correction to disp= 1.769597e-06 in node 11051 and dof 2

 no convergence

 iteration 3

 Using up to 1 cpu(s) for the symmetric stiffness/mass contributions.

 Factoring the system of equations using the symmetric spooles solver
 Using up to 1 cpu(s) for spooles.

 Using up to 1 cpu(s) for the stress calculation.

 average force= 0.000621
 time avg. forc= 0.000316
 largest residual force= 0.000000 in node 2155 and dof 1
 largest increment of disp= 1.906439e-05
 largest correction to disp= 5.467680e-08 in node 11030 and dof 1

 convergence; the increment size is increased to 1.875000e-02

 increment 22 attempt 1 
 increment size= 1.875000e-02
 sum of previous increments=7.765625e-01
 actual step time=7.953125e-01
 actual total time=7.953125e-01

 iteration 1

 Using up to 1 cpu(s) for the stress calculation.

 Using up to 1 cpu(s) for the symmetric stiffness/mass contributions.

 Factoring the system of equations using the symmetric spooles solver
 Using up to 1 cpu(s) for spooles.

 Using up to 1 cpu(s) for the stress calculation.

 average force= 0.000642
 time avg. forc= 0.000331
 largest residual force= 0.000058 in node 2176 and dof 1
 largest increment of disp= 2.883545e-05
 largest correction to disp= 1.619499e-06 in node 8586 and dof 2

 no convergence

 iteration 2

 Using up to 1 cpu(s) for the symmetric stiffness/mass contributions.

 Factoring the system of equations using the symmetric spooles solver
 Using up to 1 cpu(s) for spooles.

 Using up to 1 cpu(s) for the stress calculation.

 average force= 0.000645
 time avg. forc= 0.000331
 largest residual force= 0.004942 in node 2169 and dof 1
 largest increment of disp= 2.883545e-05
 largest correction to disp= 1.227529e-05 in node 11081 and dof 2

 no convergence

 iteration 3

 Using up to 1 cpu(s) for the symmetric stiffness/mass contributions.

 Factoring the system of equations using the symmetric spooles solver
 Using up to 1 cpu(s) for spooles.

 Using up to 1 cpu(s) for the stress calculation.

 average force= 0.000643
 time avg. forc= 0.000331
 largest residual force= 0.000010 in node 2299 and dof 1
 largest increment of disp= 2.883545e-05
 largest correction to disp= 5.905482e-07 in node 7305 and dof 1

 no convergence

 iteration 4

 Using up to 1 cpu(s) for the symmetric stiffness/mass contributions.

 Factoring the system of equations using the symmetric spooles solver
 Using up to 1 cpu(s) for spooles.

 Using up to 1 cpu(s) for the stress calculation.

 average force= 0.000643
 time avg. forc= 0.000331
 largest residual force= 0.000052 in node 2305 and dof 1
 largest increment of disp= 2.883545e-05
 largest correction to disp= 1.257343e-06 in node 11261 and dof 1

 no convergence

 iteration 5

 Using up to 1 cpu(s) for the symmetric stiffness/mass contributions.

 Factoring the system of equations using the symmetric spooles solver
 Using up to 1 cpu(s) for spooles.

 Using up to 1 cpu(s) for the stress calculation.

 average force= 0.000643
 time avg. forc= 0.000331
 largest residual force= 0.000000 in node 2169 and dof 1
 largest increment of disp= 2.883545e-05
 largest correction to disp= 4.080097e-08 in node 11084 and dof 2

 convergence

 increment 23 attempt 1 
 increment size= 1.875000e-02
 sum of previous increments=7.953125e-01
 actual step time=8.140625e-01
 actual total time=8.140625e-01

 iteration 1

 Using up to 1 cpu(s) for the stress calculation.

 Using up to 1 cpu(s) for the symmetric stiffness/mass contributions.

 Factoring the system of equations using the symmetric spooles solver
 Using up to 1 cpu(s) for spooles.

 Using up to 1 cpu(s) for the stress calculation.

 average force= 0.000666
 time avg. forc= 0.000346
 largest residual force= 0.000038 in node 2294 and dof 1
 largest increment of disp= 2.956255e-05
 largest correction to disp= 3.102428e-06 in node 11985 and dof 1

 no convergence

 iteration 2

 Using up to 1 cpu(s) for the symmetric stiffness/mass contributions.

 Factoring the system of equations using the symmetric spooles solver
 Using up to 1 cpu(s) for spooles.

 Using up to 1 cpu(s) for the stress calculation.

 average force= 0.000667
 time avg. forc= 0.000346
 largest residual force= 0.004361 in node 2169 and dof 1
 largest increment of disp= 2.956255e-05
 largest correction to disp= 1.155727e-05 in node 11066 and dof 2

 no convergence

 iteration 3

 Using up to 1 cpu(s) for the symmetric stiffness/mass contributions.

 Factoring the system of equations using the symmetric spooles solver
 Using up to 1 cpu(s) for spooles.

 Using up to 1 cpu(s) for the stress calculation.

 average force= 0.000666
 time avg. forc= 0.000346
 largest residual force= 0.000015 in node 2169 and dof 1
 largest increment of disp= 2.956255e-05
 largest correction to disp= 6.696073e-07 in node 11081 and dof 2

 no convergence

 iteration 4

 Using up to 1 cpu(s) for the symmetric stiffness/mass contributions.

 Factoring the system of equations using the symmetric spooles solver
 Using up to 1 cpu(s) for spooles.

 Using up to 1 cpu(s) for the stress calculation.

 average force= 0.000666
 time avg. forc= 0.000346
 largest residual force= 0.000025 in node 2169 and dof 1
 largest increment of disp= 2.956255e-05
 largest correction to disp= 8.707039e-07 in node 11066 and dof 2

 no convergence

 iteration 5

 Using up to 1 cpu(s) for the symmetric stiffness/mass contributions.

 Factoring the system of equations using the symmetric spooles solver
 Using up to 1 cpu(s) for spooles.

 Using up to 1 cpu(s) for the stress calculation.

 average force= 0.000666
 time avg. forc= 0.000346
 largest residual force= 0.000000 in node 2305 and dof 1
 largest increment of disp= 2.956255e-05
 largest correction to disp= 1.976042e-08 in node 11261 and dof 1

 convergence

 increment 24 attempt 1 
 increment size= 1.875000e-02
 sum of previous increments=8.140625e-01
 actual step time=8.328125e-01
 actual total time=8.328125e-01

 iteration 1

 Using up to 1 cpu(s) for the stress calculation.

 Using up to 1 cpu(s) for the symmetric stiffness/mass contributions.

 Factoring the system of equations using the symmetric spooles solver
 Using up to 1 cpu(s) for spooles.

 Using up to 1 cpu(s) for the stress calculation.

 average force= 0.000689
 time avg. forc= 0.000360
 largest residual force= 0.000120 in node 2162 and dof 1
 largest increment of disp= 3.016127e-05
 largest correction to disp= 5.742759e-06 in node 11976 and dof 1

 no convergence

 iteration 2

 Using up to 1 cpu(s) for the symmetric stiffness/mass contributions.

 Factoring the system of equations using the symmetric spooles solver
 Using up to 1 cpu(s) for spooles.

 Using up to 1 cpu(s) for the stress calculation.

 average force= 0.000687
 time avg. forc= 0.000360
 largest residual force= 0.000558 in node 2169 and dof 1
 largest increment of disp= 3.016127e-05
 largest correction to disp= 4.382333e-06 in node 12498 and dof 2

 no convergence

 iteration 3

 Using up to 1 cpu(s) for the symmetric stiffness/mass contributions.

 Factoring the system of equations using the symmetric spooles solver
 Using up to 1 cpu(s) for spooles.

 Using up to 1 cpu(s) for the stress calculation.

 average force= 0.000687
 time avg. forc= 0.000360
 largest residual force= 0.000009 in node 2305 and dof 1
 largest increment of disp= 3.016127e-05
 largest correction to disp= 5.284601e-07 in node 11423 and dof 2

 no convergence

 iteration 4

 Using up to 1 cpu(s) for the symmetric stiffness/mass contributions.

 Factoring the system of equations using the symmetric spooles solver
 Using up to 1 cpu(s) for spooles.

 Using up to 1 cpu(s) for the stress calculation.

 average force= 0.000687
 time avg. forc= 0.000360
 largest residual force= 0.000000 in node 2305 and dof 1
 largest increment of disp= 3.016127e-05
 largest correction to disp= 6.637463e-08 in node 11426 and dof 2

 convergence

 increment 25 attempt 1 
 increment size= 1.875000e-02
 sum of previous increments=8.328125e-01
 actual step time=8.515625e-01
 actual total time=8.515625e-01

 iteration 1

 Using up to 1 cpu(s) for the stress calculation.

 Using up to 1 cpu(s) for the symmetric stiffness/mass contributions.

 Factoring the system of equations using the symmetric spooles solver
 Using up to 1 cpu(s) for spooles.

 Using up to 1 cpu(s) for the stress calculation.

 average force= 0.000707
 time avg. forc= 0.000374
 largest residual force= 0.000083 in node 2162 and dof 1
 largest increment of disp= 2.979096e-05
 largest correction to disp= 3.438074e-06 in node 11994 and dof 1

 no convergence

 iteration 2

 Using up to 1 cpu(s) for the symmetric stiffness/mass contributions.

 Factoring the system of equations using the symmetric spooles solver
 Using up to 1 cpu(s) for spooles.

 Using up to 1 cpu(s) for the stress calculation.

 average force= 0.000706
 time avg. forc= 0.000374
 largest residual force= 0.000366 in node 2305 and dof 1
 largest increment of disp= 2.979096e-05
 largest correction to disp= 3.790569e-06 in node 12003 and dof 1

 no convergence

 iteration 3

 Using up to 1 cpu(s) for the symmetric stiffness/mass contributions.

 Factoring the system of equations using the symmetric spooles solver
 Using up to 1 cpu(s) for spooles.

 Using up to 1 cpu(s) for the stress calculation.

 average force= 0.000706
 time avg. forc= 0.000374
 largest residual force= 0.000002 in node 2305 and dof 1
 largest increment of disp= 2.979096e-05
 largest correction to disp= 2.529981e-07 in node 11423 and dof 2

 no convergence

 iteration 4

 Using up to 1 cpu(s) for the symmetric stiffness/mass contributions.

 Factoring the system of equations using the symmetric spooles solver
 Using up to 1 cpu(s) for spooles.

 Using up to 1 cpu(s) for the stress calculation.

 average force= 0.000706
 time avg. forc= 0.000374
 largest residual force= 0.000000 in node 2299 and dof 1
 largest increment of disp= 2.979096e-05
 largest correction to disp= 1.629656e-08 in node 11416 and dof 2

 convergence; the increment size is increased to 2.812500e-02

 Using up to 1 cpu(s) for the stress calculation.

 increment 26 attempt 1 
 increment size= 2.812500e-02
 sum of previous increments=8.515625e-01
 actual step time=8.796875e-01
 actual total time=8.796875e-01

 iteration 1

 Using up to 1 cpu(s) for the stress calculation.

 Using up to 1 cpu(s) for the symmetric stiffness/mass contributions.

 Factoring the system of equations using the symmetric spooles solver
 Using up to 1 cpu(s) for spooles.

 Using up to 1 cpu(s) for the stress calculation.

 average force= 0.000734
 time avg. forc= 0.000388
 largest residual force= 0.000114 in node 2162 and dof 1
 largest increment of disp= 4.424527e-05
 largest correction to disp= 4.190888e-06 in node 11967 and dof 1

 no convergence

 iteration 2

 Using up to 1 cpu(s) for the symmetric stiffness/mass contributions.

 Factoring the system of equations using the symmetric spooles solver
 Using up to 1 cpu(s) for spooles.

 Using up to 1 cpu(s) for the stress calculation.

 average force= 0.000733
 time avg. forc= 0.000388
 largest residual force= 0.000443 in node 2305 and dof 1
 largest increment of disp= 4.424527e-05
 largest correction to disp= 4.720170e-06 in node 13578 and dof 2

 no convergence

 iteration 3

 Using up to 1 cpu(s) for the symmetric stiffness/mass contributions.

 Factoring the system of equations using the symmetric spooles solver
 Using up to 1 cpu(s) for spooles.

 Using up to 1 cpu(s) for the stress calculation.

 average force= 0.000733
 time avg. forc= 0.000388
 largest residual force= 0.000002 in node 2299 and dof 1
 largest increment of disp= 4.424527e-05
 largest correction to disp= 2.674626e-07 in node 11399 and dof 2

 no convergence

 iteration 4

 Using up to 1 cpu(s) for the symmetric stiffness/mass contributions.

 Factoring the system of equations using the symmetric spooles solver
 Using up to 1 cpu(s) for spooles.

 Using up to 1 cpu(s) for the stress calculation.

 average force= 0.000733
 time avg. forc= 0.000388
 largest residual force= 0.000000 in node 2163 and dof 1
 largest increment of disp= 4.424527e-05
 largest correction to disp= 1.667331e-08 in node 11056 and dof 2

 convergence; the increment size is increased to 4.218750e-02

 increment 27 attempt 1 
 increment size= 4.218750e-02
 sum of previous increments=8.796875e-01
 actual step time=9.218750e-01
 actual total time=9.218750e-01

 iteration 1

 Using up to 1 cpu(s) for the stress calculation.

 Using up to 1 cpu(s) for the symmetric stiffness/mass contributions.

 Factoring the system of equations using the symmetric spooles solver
 Using up to 1 cpu(s) for spooles.

 Using up to 1 cpu(s) for the stress calculation.

 average force= 0.000772
 time avg. forc= 0.000402
 largest residual force= 0.000228 in node 2323 and dof 1
 largest increment of disp= 6.588661e-05
 largest correction to disp= 6.720975e-06 in node 12042 and dof 1

 no convergence

 iteration 2

 Using up to 1 cpu(s) for the symmetric stiffness/mass contributions.

 Factoring the system of equations using the symmetric spooles solver
 Using up to 1 cpu(s) for spooles.

 Using up to 1 cpu(s) for the stress calculation.

 average force= 0.000771
 time avg. forc= 0.000402
 largest residual force= 0.000903 in node 2305 and dof 1
 largest increment of disp= 6.588661e-05
 largest correction to disp= 7.474402e-06 in node 13038 and dof 1

 no convergence

 iteration 3

 Using up to 1 cpu(s) for the symmetric stiffness/mass contributions.

 Factoring the system of equations using the symmetric spooles solver
 Using up to 1 cpu(s) for spooles.

 Using up to 1 cpu(s) for the stress calculation.

 average force= 0.000771
 time avg. forc= 0.000402
 largest residual force= 0.000011 in node 2162 and dof 1
 largest increment of disp= 6.588661e-05
 largest correction to disp= 5.562211e-07 in node 11056 and dof 2

 no convergence

 iteration 4

 Using up to 1 cpu(s) for the symmetric stiffness/mass contributions.

 Factoring the system of equations using the symmetric spooles solver
 Using up to 1 cpu(s) for spooles.

 Using up to 1 cpu(s) for the stress calculation.

 average force= 0.000771
 time avg. forc= 0.000402
 largest residual force= 0.000000 in node 2293 and dof 1
 largest increment of disp= 6.588661e-05
 largest correction to disp= 6.184208e-08 in node 11411 and dof 1

 convergence; the increment size is increased to 6.328125e-02

 the increment size exceeds the maximum allowed and is decreased to 5.000000e-02

 increment 28 attempt 1 
 increment size= 5.000000e-02
 sum of previous increments=9.218750e-01
 actual step time=9.718750e-01
 actual total time=9.718750e-01

 iteration 1

 Using up to 1 cpu(s) for the stress calculation.

 Using up to 1 cpu(s) for the symmetric stiffness/mass contributions.

 Factoring the system of equations using the symmetric spooles solver
 Using up to 1 cpu(s) for spooles.

 Using up to 1 cpu(s) for the stress calculation.

 average force= 0.000814
 time avg. forc= 0.000417
 largest residual force= 0.002311 in node 2190 and dof 1
 largest increment of disp= 7.759547e-05
 largest correction to disp= 8.185128e-06 in node 12024 and dof 1

 no convergence

 iteration 2

 Using up to 1 cpu(s) for the symmetric stiffness/mass contributions.

 Factoring the system of equations using the symmetric spooles solver
 Using up to 1 cpu(s) for spooles.

 Using up to 1 cpu(s) for the stress calculation.

 average force= 0.000813
 time avg. forc= 0.000417
 largest residual force= 0.009916 in node 2190 and dof 1
 largest increment of disp= 7.759547e-05
 largest correction to disp= 1.688758e-05 in node 11135 and dof 1

 no convergence

 iteration 3

 Using up to 1 cpu(s) for the symmetric stiffness/mass contributions.

 Factoring the system of equations using the symmetric spooles solver
 Using up to 1 cpu(s) for spooles.

 Using up to 1 cpu(s) for the stress calculation.

 average force= 0.000813
 time avg. forc= 0.000417
 largest residual force= 0.000423 in node 2293 and dof 1
 largest increment of disp= 7.759547e-05
 largest correction to disp= 3.267026e-06 in node 11411 and dof 1

 no convergence

 iteration 4

 Using up to 1 cpu(s) for the symmetric stiffness/mass contributions.

 Factoring the system of equations using the symmetric spooles solver
 Using up to 1 cpu(s) for spooles.

 Using up to 1 cpu(s) for the stress calculation.

 average force= 0.001254
 time avg. forc= 0.000432
 largest residual force= 0.495522 in node 2293 and dof 1
 largest increment of disp= 1.145770e-04
 largest correction to disp= 1.145770e-04 in node 11402 and dof 1

 no convergence

 iteration 5

 Using up to 1 cpu(s) for the symmetric stiffness/mass contributions.

 Factoring the system of equations using the symmetric spooles solver
 Using up to 1 cpu(s) for spooles.

 Using up to 1 cpu(s) for the stress calculation.

 average force= 0.000822
 time avg. forc= 0.000417
 largest residual force= 0.002938 in node 2293 and dof 1
 largest increment of disp= 1.145770e-04
 largest correction to disp= 8.558502e-06 in node 13005 and dof 1

 divergence; the increment size is decreased to 1.250000e-02
 the increment is reattempted

 increment 28 attempt 2 
 increment size= 1.250000e-02
 sum of previous increments=9.218750e-01
 actual step time=9.343750e-01
 actual total time=9.343750e-01

 iteration 1

 Using up to 1 cpu(s) for the stress calculation.

 Using up to 1 cpu(s) for the symmetric stiffness/mass contributions.

 Factoring the system of equations using the symmetric spooles solver
 Using up to 1 cpu(s) for spooles.

 Using up to 1 cpu(s) for the stress calculation.

 average force= 0.000782
 time avg. forc= 0.000415
 largest residual force= 0.000017 in node 2169 and dof 1
 largest increment of disp= 1.939887e-05
 largest correction to disp= 7.381327e-07 in node 7290 and dof 1

 no convergence

 iteration 2

 Using up to 1 cpu(s) for the symmetric stiffness/mass contributions.

 Factoring the system of equations using the symmetric spooles solver
 Using up to 1 cpu(s) for spooles.

 Using up to 1 cpu(s) for the stress calculation.

 average force= 0.000782
 time avg. forc= 0.000415
 largest residual force= 0.000034 in node 2299 and dof 1
 largest increment of disp= 1.939887e-05
 largest correction to disp= 9.623811e-07 in node 11402 and dof 1

 no convergence

 iteration 3

 Using up to 1 cpu(s) for the symmetric stiffness/mass contributions.

 Factoring the system of equations using the symmetric spooles solver
 Using up to 1 cpu(s) for spooles.

 Using up to 1 cpu(s) for the stress calculation.

 average force= 0.000782
 time avg. forc= 0.000415
 largest residual force= 0.000000 in node 2293 and dof 1
 largest increment of disp= 1.939887e-05
 largest correction to disp= 1.163461e-08 in node 11495 and dof 1

 convergence

 increment 29 attempt 1 
 increment size= 1.250000e-02
 sum of previous increments=9.343750e-01
 actual step time=9.468750e-01
 actual total time=9.468750e-01

 iteration 1

 Using up to 1 cpu(s) for the stress calculation.

 Using up to 1 cpu(s) for the symmetric stiffness/mass contributions.

 Factoring the system of equations using the symmetric spooles solver
 Using up to 1 cpu(s) for spooles.

 Using up to 1 cpu(s) for the stress calculation.

 average force= 0.000793
 time avg. forc= 0.000428
 largest residual force= 0.000007 in node 2162 and dof 1
 largest increment of disp= 1.934019e-05
 largest correction to disp= 4.233091e-07 in node 11063 and dof 2

 no convergence

 iteration 2

 Using up to 1 cpu(s) for the symmetric stiffness/mass contributions.

 Factoring the system of equations using the symmetric spooles solver
 Using up to 1 cpu(s) for spooles.

 Using up to 1 cpu(s) for the stress calculation.

 average force= 0.000793
 time avg. forc= 0.000428
 largest residual force= 0.000047 in node 2155 and dof 1
 largest increment of disp= 1.934019e-05
 largest correction to disp= 1.090929e-06 in node 11135 and dof 1

 no convergence

 iteration 3

 Using up to 1 cpu(s) for the symmetric stiffness/mass contributions.

 Factoring the system of equations using the symmetric spooles solver
 Using up to 1 cpu(s) for spooles.

 Using up to 1 cpu(s) for the stress calculation.

 average force= 0.000793
 time avg. forc= 0.000428
 largest residual force= 0.000000 in node 2293 and dof 1
 largest increment of disp= 1.934019e-05
 largest correction to disp= 4.803552e-08 in node 11402 and dof 1

 convergence; the increment size is increased to 1.875000e-02

 increment 30 attempt 1 
 increment size= 1.875000e-02
 sum of previous increments=9.468750e-01
 actual step time=9.656250e-01
 actual total time=9.656250e-01

 iteration 1

 Using up to 1 cpu(s) for the stress calculation.

 Using up to 1 cpu(s) for the symmetric stiffness/mass contributions.

 Factoring the system of equations using the symmetric spooles solver
 Using up to 1 cpu(s) for spooles.

 Using up to 1 cpu(s) for the stress calculation.

 average force= 0.000808
 time avg. forc= 0.000441
 largest residual force= 0.000013 in node 2293 and dof 1
 largest increment of disp= 2.898547e-05
 largest correction to disp= 5.793989e-07 in node 11387 and dof 1

 no convergence

 iteration 2

 Using up to 1 cpu(s) for the symmetric stiffness/mass contributions.

 Factoring the system of equations using the symmetric spooles solver
 Using up to 1 cpu(s) for spooles.

 Using up to 1 cpu(s) for the stress calculation.

 average force= 0.000808
 time avg. forc= 0.000441
 largest residual force= 0.000619 in node 2155 and dof 1
 largest increment of disp= 2.898547e-05
 largest correction to disp= 3.969088e-06 in node 11135 and dof 1

 no convergence

 iteration 3

 Using up to 1 cpu(s) for the symmetric stiffness/mass contributions.

 Factoring the system of equations using the symmetric spooles solver
 Using up to 1 cpu(s) for spooles.

 Using up to 1 cpu(s) for the stress calculation.

 average force= 0.000808
 time avg. forc= 0.000441
 largest residual force= 0.000044 in node 2155 and dof 1
 largest increment of disp= 2.898547e-05
 largest correction to disp= 1.072999e-06 in node 11042 and dof 1

 no convergence

 iteration 4

 Using up to 1 cpu(s) for the symmetric stiffness/mass contributions.

 Factoring the system of equations using the symmetric spooles solver
 Using up to 1 cpu(s) for spooles.

 Using up to 1 cpu(s) for the stress calculation.

 average force= 0.000808
 time avg. forc= 0.000441
 largest residual force= 0.000007 in node 2155 and dof 1
 largest increment of disp= 2.898547e-05
 largest correction to disp= 4.314273e-07 in node 11042 and dof 1

 no convergence

 iteration 5

 Using up to 1 cpu(s) for the symmetric stiffness/mass contributions.

 Factoring the system of equations using the symmetric spooles solver
 Using up to 1 cpu(s) for spooles.

 Using up to 1 cpu(s) for the stress calculation.

 average force= 0.000808
 time avg. forc= 0.000441
 largest residual force= 0.000000 in node 2155 and dof 1
 largest increment of disp= 2.898547e-05
 largest correction to disp= 2.575535e-08 in node 11051 and dof 1

 convergence

 Using up to 1 cpu(s) for the stress calculation.

 increment 31 attempt 1 
 increment size= 1.875000e-02
 sum of previous increments=9.656250e-01
 actual step time=9.843750e-01
 actual total time=9.843750e-01

 iteration 1

 Using up to 1 cpu(s) for the stress calculation.

 Using up to 1 cpu(s) for the symmetric stiffness/mass contributions.

 Factoring the system of equations using the symmetric spooles solver
 Using up to 1 cpu(s) for spooles.

 Using up to 1 cpu(s) for the stress calculation.

 average force= 0.000823
 time avg. forc= 0.000453
 largest residual force= 0.000025 in node 2293 and dof 1
 largest increment of disp= 2.898251e-05
 largest correction to disp= 8.293460e-07 in node 11387 and dof 1

 no convergence

 iteration 2

 Using up to 1 cpu(s) for the symmetric stiffness/mass contributions.

 Factoring the system of equations using the symmetric spooles solver
 Using up to 1 cpu(s) for spooles.

 Using up to 1 cpu(s) for the stress calculation.

 average force= 0.000823
 time avg. forc= 0.000453
 largest residual force= 0.000921 in node 2155 and dof 1
 largest increment of disp= 2.898251e-05
 largest correction to disp= 4.859550e-06 in node 11138 and dof 1

 no convergence

 iteration 3

 Using up to 1 cpu(s) for the symmetric stiffness/mass contributions.

 Factoring the system of equations using the symmetric spooles solver
 Using up to 1 cpu(s) for spooles.

 Using up to 1 cpu(s) for the stress calculation.

 average force= 0.000823
 time avg. forc= 0.000453
 largest residual force= 0.000084 in node 2155 and dof 1
 largest increment of disp= 2.898251e-05
 largest correction to disp= 1.459192e-06 in node 11042 and dof 1

 no convergence

 iteration 4

 Using up to 1 cpu(s) for the symmetric stiffness/mass contributions.

 Factoring the system of equations using the symmetric spooles solver
 Using up to 1 cpu(s) for spooles.

 Using up to 1 cpu(s) for the stress calculation.

 average force= 0.000823
 time avg. forc= 0.000453
 largest residual force= 0.000011 in node 2155 and dof 1
 largest increment of disp= 2.898251e-05
 largest correction to disp= 5.238012e-07 in node 11135 and dof 1

 no convergence

 iteration 5

 Using up to 1 cpu(s) for the symmetric stiffness/mass contributions.

 Factoring the system of equations using the symmetric spooles solver
 Using up to 1 cpu(s) for spooles.

 Using up to 1 cpu(s) for the stress calculation.

 average force= 0.000823
 time avg. forc= 0.000453
 largest residual force= 0.000000 in node 2155 and dof 1
 largest increment of disp= 2.898251e-05
 largest correction to disp= 3.404768e-08 in node 11135 and dof 1

 convergence

 the increment size exceeds the remainder of the step and is decreased to 1.562500e-02

 increment 32 attempt 1 
 increment size= 1.562500e-02
 sum of previous increments=9.843750e-01
 actual step time=1.000000e+00
 actual total time=1.000000e+00

 iteration 1

 Using up to 1 cpu(s) for the stress calculation.

 Using up to 1 cpu(s) for the symmetric stiffness/mass contributions.

 Factoring the system of equations using the symmetric spooles solver
 Using up to 1 cpu(s) for spooles.

 Using up to 1 cpu(s) for the stress calculation.

 average force= 0.000835
 time avg. forc= 0.000465
 largest residual force= 0.000015 in node 2293 and dof 1
 largest increment of disp= 2.432914e-05
 largest correction to disp= 8.506574e-07 in node 12024 and dof 1

 no convergence

 iteration 2

 Using up to 1 cpu(s) for the symmetric stiffness/mass contributions.

 Factoring the system of equations using the symmetric spooles solver
 Using up to 1 cpu(s) for spooles.

 Using up to 1 cpu(s) for the stress calculation.

 average force= 0.000835
 time avg. forc= 0.000465
 largest residual force= 0.000002 in node 2293 and dof 1
 largest increment of disp= 2.432914e-05
 largest correction to disp= 3.174181e-07 in node 6168 and dof 1

 no convergence

 iteration 3

 Using up to 1 cpu(s) for the symmetric stiffness/mass contributions.

 Factoring the system of equations using the symmetric spooles solver
 Using up to 1 cpu(s) for spooles.

 Using up to 1 cpu(s) for the stress calculation.

 average force= 0.000835
 time avg. forc= 0.000465
 largest residual force= 0.000000 in node 2155 and dof 1
 largest increment of disp= 2.432914e-05
 largest correction to disp= 2.405700e-09 in node 13610 and dof 2

 convergence

 the increment size exceeds the remainder of the step and is decreased to 0.000000e+00

 Using up to 1 cpu(s) for the stress calculation.


 Job finished

________________________________________

Total CalculiX Time: 288.008244
________________________________________
=== on-caso-3 (CCX): renomeando outputs _Pc0 ===
=== on-caso-3 (CCX): ccx2paraview nao encontrado dentro do container ===
    (esperado - rode 'cd cases/on-caso-3/ccx && /tmp/ccx2pv/bin/ccx2paraview on-caso-3_Pc0.frd vtu' no HOST)

=== Concluido. Arquivos de saida: ===
  on-caso-3.frd  - campos CalculiX (cgx -c se disponivel)
  on-caso-3.pvd  - ParaView Data (abre direto no ParaView)
  on-caso-3.dat  - totais RF no engaste posterior (curva F_z(Dz))
  on-caso-3.sta  - status de convergencia por incremento Riks

Analise: python3 ../../../brunaStuff/analyze_on-caso-3_ccx.py
CCX_DONE rc=0
