=== on-caso-3 (CCX): polyMesh -> CalculiX .inp  [k_winkler=200000 Pa/m] ===
[1/5] Lendo polyMesh em ../solid/constant/polyMesh
      nodes=5317, faces=14796, cells=4752, patches=10, zones=['on', 'pia', 'sas', 'dura', 'lc', 'sclera_peri', 'sclera_ring', 'globo']
[2/5] Reconstruindo conectividade C3D8 (4752 celulas)
      OK
[3/5] Escrevendo malha em on-caso-3_mesh.inp
      DURA_INNER_SURF: 240 faces (interface dura<->sas)
[4/5] Escrevendo Winkler em on-caso-3_winkler.inp
[5/5] Concluido. Total: 5317 nodes, 4752 hex C3D8I.
=== on-caso-3 (CCX): P_CONTACT = 18068 Pa (arteria oftalmica) ===
295:CONTACT_LOCAL_SURF, P, 18068
=== on-caso-3 (CCX): solver ccx_preCICE -i on-caso-3  [tag=Pc18068] ===

************************************************************

CalculiX Version 2.20, Copyright(C) 1998-2022 Guido Dhondt
CalculiX comes with ABSOLUTELY NO WARRANTY. This is free
software, and you are welcome to redistribute it under
certain conditions, see gpl.htm

************************************************************

You are using an executable made on Sun Jul 31 18:08:37 CEST 2022

  The numbers below are estimated upper bounds

  number of:

   nodes:        19822
   elements:         5001
   one-dimensional elements:            0
   two-dimensional elements:            0
   integration points per element:            8
   degrees of freedom per node:            3
   layers per element:            1

   distributed facial loads:          242
   distributed volumetric loads:            0
   concentrated loads:          409
   single point constraints:         3417
   multiple point constraints:            1
   terms in all multiple point constraints:            1
   tie constraints:            0
   dependent nodes tied by cyclic constraints:            0
   dependent nodes in pre-tension constraints:            0

   sets:          280
   terms in all sets:        18471

   materials:          257
   constants per material and temperature:            9
   temperature points per material:            1
   plastic data points per material:            0

   orientations:            1
   amplitudes:            8
   data points in all amplitudes:           11
   print requests:            8
   transformations:            0
   property cards:            0

 *INFO reading *HYPERELASTIC: nonlinear geometric
       effects are turned on

 *INFO reading *HYPERELASTIC: nonlinear geometric
       effects are turned on

 *INFO reading *HYPERELASTIC: nonlinear geometric
       effects are turned on

 *INFO reading *HYPERELASTIC: nonlinear geometric
       effects are turned on

 *INFO reading *HYPERELASTIC: nonlinear geometric
       effects are turned on

 *INFO reading *HYPERELASTIC: nonlinear geometric
       effects are turned on

 *INFO reading *HYPERELASTIC: nonlinear geometric
       effects are turned on

 *INFO reading *STEP: nonlinear geometric
       effects are turned on

 *WARNING reading *STATIC: parameter not recognized:
          RIKS
 *WARNING reading *STATIC. Card image:
          *STATIC,RIKS


 STEP            1

 Static analysis was selected

 Nonlinear material laws are taken into account

 Newton-Raphson iterative procedure is active

 Nonlinear geometric effects are taken into account

 Decascading the MPC's

 Determining the structure of the matrix:
 Using up to 1 cpu(s) for setting up the structure of the matrix.
 number of equations
 56265
 number of nonzero lower triangular matrix elements
 1607559

 increment 1 attempt 1 
 increment size= 2.500000e-02
 sum of previous increments=0.000000e+00
 actual step time=2.500000e-02
 actual total time=2.500000e-02

 iteration 1

 Using up to 1 cpu(s) for the stress calculation.

 Using up to 1 cpu(s) for the symmetric stiffness/mass contributions.

 Factoring the system of equations using the symmetric spooles solver
 Using up to 1 cpu(s) for spooles.

 Using up to 1 cpu(s) for the stress calculation.

 average force= 0.000008
 time avg. forc= 0.000008
 largest residual force= 0.000570 in node 4073 and dof 1
 largest increment of disp= 3.749724e-05
 largest correction to disp= 3.749724e-05 in node 4572 and dof 3

 no convergence

 iteration 2

 Using up to 1 cpu(s) for the symmetric stiffness/mass contributions.

 Factoring the system of equations using the symmetric spooles solver
 Using up to 1 cpu(s) for spooles.

 Using up to 1 cpu(s) for the stress calculation.

 average force= 0.000007
 time avg. forc= 0.000007
 largest residual force= 0.000001 in node 2317 and dof 1
 largest increment of disp= 3.749724e-05
 largest correction to disp= 1.246511e-06 in node 3317 and dof 1

 no convergence

 iteration 3

 Using up to 1 cpu(s) for the symmetric stiffness/mass contributions.

 Factoring the system of equations using the symmetric spooles solver
 Using up to 1 cpu(s) for spooles.

 Using up to 1 cpu(s) for the stress calculation.

 average force= 0.000007
 time avg. forc= 0.000007
 largest residual force= 0.000000 in node 2190 and dof 1
 largest increment of disp= 3.749724e-05
 largest correction to disp= 1.883722e-09 in node 3725 and dof 1

 convergence

 increment 2 attempt 1 
 increment size= 2.500000e-02
 sum of previous increments=2.500000e-02
 actual step time=5.000000e-02
 actual total time=5.000000e-02

 iteration 1

 Using up to 1 cpu(s) for the stress calculation.

 Using up to 1 cpu(s) for the symmetric stiffness/mass contributions.

 Factoring the system of equations using the symmetric spooles solver
 Using up to 1 cpu(s) for spooles.

 Using up to 1 cpu(s) for the stress calculation.

 average force= 0.000015
 time avg. forc= 0.000011
 largest residual force= 0.000000 in node 2323 and dof 1
 largest increment of disp= 3.749608e-05
 largest correction to disp= 3.539876e-07 in node 4076 and dof 1

 no convergence

 iteration 2

 Using up to 1 cpu(s) for the symmetric stiffness/mass contributions.

 Factoring the system of equations using the symmetric spooles solver
 Using up to 1 cpu(s) for spooles.

 Using up to 1 cpu(s) for the stress calculation.

 average force= 0.000015
 time avg. forc= 0.000011
 largest residual force= 0.000000 in node 4089 and dof 1
 largest increment of disp= 3.749608e-05
 largest correction to disp= 2.003669e-09 in node 16274 and dof 1

 convergence; the increment size is increased to 3.750000e-02

 increment 3 attempt 1 
 increment size= 3.750000e-02
 sum of previous increments=5.000000e-02
 actual step time=8.750000e-02
 actual total time=8.750000e-02

 iteration 1

 Using up to 1 cpu(s) for the stress calculation.

 Using up to 1 cpu(s) for the symmetric stiffness/mass contributions.

 Factoring the system of equations using the symmetric spooles solver
 Using up to 1 cpu(s) for spooles.

 Using up to 1 cpu(s) for the stress calculation.

 average force= 0.000026
 time avg. forc= 0.000016
 largest residual force= 0.000011 in node 2169 and dof 1
 largest increment of disp= 5.624419e-05
 largest correction to disp= 9.728129e-07 in node 4076 and dof 1

 no convergence

 iteration 2

 Using up to 1 cpu(s) for the symmetric stiffness/mass contributions.

 Factoring the system of equations using the symmetric spooles solver
 Using up to 1 cpu(s) for spooles.

 Using up to 1 cpu(s) for the stress calculation.

 average force= 0.000026
 time avg. forc= 0.000016
 largest residual force= 0.000000 in node 4089 and dof 1
 largest increment of disp= 5.624419e-05
 largest correction to disp= 1.117124e-08 in node 16274 and dof 1

 convergence; the increment size is increased to 5.625000e-02

 the increment size exceeds the maximum allowed and is decreased to 5.000000e-02

 increment 4 attempt 1 
 increment size= 5.000000e-02
 sum of previous increments=8.750000e-02
 actual step time=1.375000e-01
 actual total time=1.375000e-01

 iteration 1

 Using up to 1 cpu(s) for the stress calculation.

 Using up to 1 cpu(s) for the symmetric stiffness/mass contributions.

 Factoring the system of equations using the symmetric spooles solver
 Using up to 1 cpu(s) for spooles.

 Using up to 1 cpu(s) for the stress calculation.

 average force= 0.000042
 time avg. forc= 0.000023
 largest residual force= 0.000698 in node 2169 and dof 1
 largest increment of disp= 7.499521e-05
 largest correction to disp= 4.333956e-06 in node 11081 and dof 1

 no convergence

 iteration 2

 Using up to 1 cpu(s) for the symmetric stiffness/mass contributions.

 Factoring the system of equations using the symmetric spooles solver
 Using up to 1 cpu(s) for spooles.

 Using up to 1 cpu(s) for the stress calculation.

 average force= 0.000042
 time avg. forc= 0.000023
 largest residual force= 0.000000 in node 2299 and dof 1
 largest increment of disp= 7.499521e-05
 largest correction to disp= 7.748249e-08 in node 16280 and dof 1

 convergence; the increment size is increased to 7.500000e-02

 the increment size exceeds the maximum allowed and is decreased to 5.000000e-02

 increment 5 attempt 1 
 increment size= 5.000000e-02
 sum of previous increments=1.375000e-01
 actual step time=1.875000e-01
 actual total time=1.875000e-01

 iteration 1

 Using up to 1 cpu(s) for the stress calculation.

 Using up to 1 cpu(s) for the symmetric stiffness/mass contributions.

 Factoring the system of equations using the symmetric spooles solver
 Using up to 1 cpu(s) for spooles.

 Using up to 1 cpu(s) for the stress calculation.

 average force= 0.007003
 time avg. forc= 0.001419
 largest residual force= 5.988300 in node 2311 and dof 1
 largest increment of disp= 8.668373e-04
 largest correction to disp= 8.668373e-04 in node 14247 and dof 1

 no convergence

 iteration 2

 Using up to 1 cpu(s) for the symmetric stiffness/mass contributions.

 Factoring the system of equations using the symmetric spooles solver
 Using up to 1 cpu(s) for spooles.

 Using up to 1 cpu(s) for the stress calculation.

 average force= 5.998420
 time avg. forc= 1.199702
 largest residual force= 45022.145164 in node 11394 and dof 1
 largest increment of disp= 7.686276e-03
 largest correction to disp= 7.686276e-03 in node 11384 and dof 2

 no convergence

 iteration 3

 Using up to 1 cpu(s) for the symmetric stiffness/mass contributions.

 Factoring the system of equations using the symmetric spooles solver
 Using up to 1 cpu(s) for spooles.

 Using up to 1 cpu(s) for the stress calculation.

 average force= 195831909.751588
 time avg. forc= 39166381.950336
 largest residual force= 2077733850478.261475 in node 7707 and dof 1
 largest increment of disp= 1.431309e+00
 largest correction to disp= 1.431309e+00 in node 12105 and dof 1

 no convergence

 iteration 4

 Using up to 1 cpu(s) for the symmetric stiffness/mass contributions.

 Factoring the system of equations using the symmetric spooles solver
 Using up to 1 cpu(s) for spooles.

 Using up to 1 cpu(s) for the stress calculation.

 average force= 848332764923625209856.000000
 time avg. forc= 169666552984725028864.000000
 largest residual force= 56094538433948958215634944.000000 in node 13885 and dof 1
 largest increment of disp= 1.851416e+03
 largest correction to disp= 1.851416e+03 in node 13884 and dof 3

 divergence; the increment size is decreased to 1.250000e-02
 the increment is reattempted

 increment 5 attempt 2 
 increment size= 1.250000e-02
 sum of previous increments=1.375000e-01
 actual step time=1.500000e-01
 actual total time=1.500000e-01

 iteration 1

 Using up to 1 cpu(s) for the stress calculation.

 Using up to 1 cpu(s) for the symmetric stiffness/mass contributions.

 Factoring the system of equations using the symmetric spooles solver
 Using up to 1 cpu(s) for spooles.

 Using up to 1 cpu(s) for the stress calculation.

 average force= 0.000047
 time avg. forc= 0.000027
 largest residual force= 0.000736 in node 2176 and dof 1
 largest increment of disp= 1.876432e-05
 largest correction to disp= 4.516323e-06 in node 11084 and dof 1

 no convergence

 iteration 2

 Using up to 1 cpu(s) for the symmetric stiffness/mass contributions.

 Factoring the system of equations using the symmetric spooles solver
 Using up to 1 cpu(s) for spooles.

 Using up to 1 cpu(s) for the stress calculation.

 average force= 0.000046
 time avg. forc= 0.000027
 largest residual force= 0.000005 in node 2176 and dof 1
 largest increment of disp= 1.876432e-05
 largest correction to disp= 3.672322e-07 in node 11081 and dof 1

 no convergence

 iteration 3

 Using up to 1 cpu(s) for the symmetric stiffness/mass contributions.

 Factoring the system of equations using the symmetric spooles solver
 Using up to 1 cpu(s) for spooles.

 Using up to 1 cpu(s) for the stress calculation.

 average force= 0.000046
 time avg. forc= 0.000027
 largest residual force= 0.000000 in node 2176 and dof 1
 largest increment of disp= 1.876432e-05
 largest correction to disp= 9.079673e-08 in node 11084 and dof 1

 convergence

 Using up to 1 cpu(s) for the stress calculation.

 increment 6 attempt 1 
 increment size= 1.250000e-02
 sum of previous increments=1.500000e-01
 actual step time=1.625000e-01
 actual total time=1.625000e-01

 iteration 1

 Using up to 1 cpu(s) for the stress calculation.

 Using up to 1 cpu(s) for the symmetric stiffness/mass contributions.

 Factoring the system of equations using the symmetric spooles solver
 Using up to 1 cpu(s) for spooles.

 Using up to 1 cpu(s) for the stress calculation.

 average force= 0.000052
 time avg. forc= 0.000032
 largest residual force= 0.001314 in node 2176 and dof 1
 largest increment of disp= 1.893863e-05
 largest correction to disp= 6.007588e-06 in node 11084 and dof 1

 no convergence

 iteration 2

 Using up to 1 cpu(s) for the symmetric stiffness/mass contributions.

 Factoring the system of equations using the symmetric spooles solver
 Using up to 1 cpu(s) for spooles.

 Using up to 1 cpu(s) for the stress calculation.

 average force= 0.000053
 time avg. forc= 0.000032
 largest residual force= 0.001208 in node 2176 and dof 1
 largest increment of disp= 1.893863e-05
 largest correction to disp= 5.742784e-06 in node 11081 and dof 1

 no convergence

 iteration 3

 Using up to 1 cpu(s) for the symmetric stiffness/mass contributions.

 Factoring the system of equations using the symmetric spooles solver
 Using up to 1 cpu(s) for spooles.

 Using up to 1 cpu(s) for the stress calculation.

 average force= 0.000053
 time avg. forc= 0.000032
 largest residual force= 0.000154 in node 2176 and dof 1
 largest increment of disp= 1.893863e-05
 largest correction to disp= 2.047105e-06 in node 11084 and dof 1

 no convergence

 iteration 4

 Using up to 1 cpu(s) for the symmetric stiffness/mass contributions.

 Factoring the system of equations using the symmetric spooles solver
 Using up to 1 cpu(s) for spooles.

 Using up to 1 cpu(s) for the stress calculation.

 average force= 0.000053
 time avg. forc= 0.000032
 largest residual force= 0.000039 in node 2176 and dof 1
 largest increment of disp= 1.893863e-05
 largest correction to disp= 1.031765e-06 in node 11084 and dof 1

 no convergence

 iteration 5

 Using up to 1 cpu(s) for the symmetric stiffness/mass contributions.

 Factoring the system of equations using the symmetric spooles solver
 Using up to 1 cpu(s) for spooles.

 Using up to 1 cpu(s) for the stress calculation.

 average force= 0.000053
 time avg. forc= 0.000032
 largest residual force= 0.000000 in node 2176 and dof 1
 largest increment of disp= 1.893863e-05
 largest correction to disp= 4.903434e-08 in node 11081 and dof 1

 convergence

 increment 7 attempt 1 
 increment size= 1.250000e-02
 sum of previous increments=1.625000e-01
 actual step time=1.750000e-01
 actual total time=1.750000e-01

 iteration 1

 Using up to 1 cpu(s) for the stress calculation.

 Using up to 1 cpu(s) for the symmetric stiffness/mass contributions.

 Factoring the system of equations using the symmetric spooles solver
 Using up to 1 cpu(s) for spooles.

 Using up to 1 cpu(s) for the stress calculation.

 average force= 0.000061
 time avg. forc= 0.000036
 largest residual force= 0.000116 in node 2245 and dof 2
 largest increment of disp= 2.443280e-05
 largest correction to disp= 2.443280e-05 in node 12096 and dof 1

 no convergence

 iteration 2

 Using up to 1 cpu(s) for the symmetric stiffness/mass contributions.

 Factoring the system of equations using the symmetric spooles solver
 Using up to 1 cpu(s) for spooles.

 Using up to 1 cpu(s) for the stress calculation.

 average force= 0.000075
 time avg. forc= 0.000038
 largest residual force= 0.007426 in node 2370 and dof 2
 largest increment of disp= 2.443280e-05
 largest correction to disp= 1.446553e-05 in node 11639 and dof 2

 no convergence

 iteration 3

 Using up to 1 cpu(s) for the symmetric stiffness/mass contributions.

 Factoring the system of equations using the symmetric spooles solver
 Using up to 1 cpu(s) for spooles.

 Using up to 1 cpu(s) for the stress calculation.

 average force= 0.000064
 time avg. forc= 0.000036
 largest residual force= 0.000068 in node 2176 and dof 1
 largest increment of disp= 2.443280e-05
 largest correction to disp= 1.366401e-06 in node 11081 and dof 1

 no convergence

 iteration 4

 Using up to 1 cpu(s) for the symmetric stiffness/mass contributions.

 Factoring the system of equations using the symmetric spooles solver
 Using up to 1 cpu(s) for spooles.

 Using up to 1 cpu(s) for the stress calculation.

 average force= 0.000063
 time avg. forc= 0.000036
 largest residual force= 0.000112 in node 2371 and dof 2
 largest increment of disp= 2.443280e-05
 largest correction to disp= 1.768687e-06 in node 11642 and dof 2

 no convergence

 iteration 5

 Using up to 1 cpu(s) for the symmetric stiffness/mass contributions.

 Factoring the system of equations using the symmetric spooles solver
 Using up to 1 cpu(s) for spooles.

 Using up to 1 cpu(s) for the stress calculation.

 average force= 0.000063
 time avg. forc= 0.000036
 largest residual force= 0.000001 in node 2317 and dof 1
 largest increment of disp= 2.443280e-05
 largest correction to disp= 1.859476e-07 in node 11462 and dof 1

 no convergence

 iteration 6

 Using up to 1 cpu(s) for the symmetric stiffness/mass contributions.

 Factoring the system of equations using the symmetric spooles solver
 Using up to 1 cpu(s) for spooles.

 Using up to 1 cpu(s) for the stress calculation.

 average force= 0.000063
 time avg. forc= 0.000036
 largest residual force= 0.000000 in node 2311 and dof 1
 largest increment of disp= 2.443280e-05
 largest correction to disp= 3.161589e-08 in node 11462 and dof 1

 convergence

 increment 8 attempt 1 
 increment size= 1.250000e-02
 sum of previous increments=1.750000e-01
 actual step time=1.875000e-01
 actual total time=1.875000e-01

 iteration 1

 Using up to 1 cpu(s) for the stress calculation.

 Using up to 1 cpu(s) for the symmetric stiffness/mass contributions.

 Factoring the system of equations using the symmetric spooles solver
 Using up to 1 cpu(s) for spooles.

 Using up to 1 cpu(s) for the stress calculation.

 average force= 0.000076
 time avg. forc= 0.000041
 largest residual force= 0.000526 in node 2317 and dof 1
 largest increment of disp= 1.156103e-04
 largest correction to disp= 1.156103e-04 in node 14247 and dof 1

 no convergence

 iteration 2

 Using up to 1 cpu(s) for the symmetric stiffness/mass contributions.

 Factoring the system of equations using the symmetric spooles solver
 Using up to 1 cpu(s) for spooles.

 Using up to 1 cpu(s) for the stress calculation.

 average force= 0.000938
 time avg. forc= 0.000149
 largest residual force= 1.054867 in node 2311 and dof 1
 largest increment of disp= 1.707152e-04
 largest correction to disp= 1.707152e-04 in node 11462 and dof 1

 no convergence

 iteration 3

 Using up to 1 cpu(s) for the symmetric stiffness/mass contributions.

 Factoring the system of equations using the symmetric spooles solver
 Using up to 1 cpu(s) for spooles.

 Using up to 1 cpu(s) for the stress calculation.

 average force= 0.000101
 time avg. forc= 0.000044
 largest residual force= 0.001780 in node 2317 and dof 3
 largest increment of disp= 2.540860e-04
 largest correction to disp= 2.540860e-04 in node 14253 and dof 1

 no convergence

 iteration 4

 Using up to 1 cpu(s) for the symmetric stiffness/mass contributions.

 Factoring the system of equations using the symmetric spooles solver
 Using up to 1 cpu(s) for spooles.

 Using up to 1 cpu(s) for the stress calculation.

 average force= 0.000173
 time avg. forc= 0.000053
 largest residual force= 0.097531 in node 2311 and dof 1
 largest increment of disp= 2.540860e-04
 largest correction to disp= 6.431729e-05 in node 14253 and dof 1

 no convergence

 iteration 5

 Using up to 1 cpu(s) for the symmetric stiffness/mass contributions.

 Factoring the system of equations using the symmetric spooles solver
 Using up to 1 cpu(s) for spooles.

 Using up to 1 cpu(s) for the stress calculation.

 average force= 0.000090
 time avg. forc= 0.000043
 largest residual force= 0.002264 in node 2311 and dof 1
 largest increment of disp= 2.540860e-04
 largest correction to disp= 5.024305e-05 in node 14253 and dof 1

 divergence; the increment size is decreased to 3.125000e-03
 the increment is reattempted

 increment 8 attempt 2 
 increment size= 3.125000e-03
 sum of previous increments=1.750000e-01
 actual step time=1.781250e-01
 actual total time=1.781250e-01

 iteration 1

 Using up to 1 cpu(s) for the stress calculation.

 Using up to 1 cpu(s) for the symmetric stiffness/mass contributions.

 Factoring the system of equations using the symmetric spooles solver
 Using up to 1 cpu(s) for spooles.

 Using up to 1 cpu(s) for the stress calculation.

 average force= 0.000066
 time avg. forc= 0.000040
 largest residual force= 0.000286 in node 2311 and dof 1
 largest increment of disp= 1.015853e-05
 largest correction to disp= 1.015853e-05 in node 12089 and dof 1

 no convergence

 iteration 2

 Using up to 1 cpu(s) for the symmetric stiffness/mass contributions.

 Factoring the system of equations using the symmetric spooles solver
 Using up to 1 cpu(s) for spooles.

 Using up to 1 cpu(s) for the stress calculation.

 average force= 0.000069
 time avg. forc= 0.000040
 largest residual force= 0.003496 in node 2311 and dof 1
 largest increment of disp= 1.015853e-05
 largest correction to disp= 9.839047e-06 in node 11462 and dof 1

 no convergence

 iteration 3

 Using up to 1 cpu(s) for the symmetric stiffness/mass contributions.

 Factoring the system of equations using the symmetric spooles solver
 Using up to 1 cpu(s) for spooles.

 Using up to 1 cpu(s) for the stress calculation.

 average force= 0.000068
 time avg. forc= 0.000040
 largest residual force= 0.000003 in node 2311 and dof 1
 largest increment of disp= 1.015853e-05
 largest correction to disp= 2.831219e-07 in node 11459 and dof 1

 no convergence

 iteration 4

 Using up to 1 cpu(s) for the symmetric stiffness/mass contributions.

 Factoring the system of equations using the symmetric spooles solver
 Using up to 1 cpu(s) for spooles.

 Using up to 1 cpu(s) for the stress calculation.

 average force= 0.000068
 time avg. forc= 0.000040
 largest residual force= 0.000036 in node 2311 and dof 1
 largest increment of disp= 1.015853e-05
 largest correction to disp= 9.925234e-07 in node 11459 and dof 1

 no convergence

 iteration 5

 Using up to 1 cpu(s) for the symmetric stiffness/mass contributions.

 Factoring the system of equations using the symmetric spooles solver
 Using up to 1 cpu(s) for spooles.

 Using up to 1 cpu(s) for the stress calculation.

 average force= 0.000068
 time avg. forc= 0.000040
 largest residual force= 0.000000 in node 2311 and dof 1
 largest increment of disp= 1.015853e-05
 largest correction to disp= 2.860251e-08 in node 11462 and dof 1

 convergence

 increment 9 attempt 1 
 increment size= 3.125000e-03
 sum of previous increments=1.781250e-01
 actual step time=1.812500e-01
 actual total time=1.812500e-01

 iteration 1

 Using up to 1 cpu(s) for the stress calculation.

 Using up to 1 cpu(s) for the symmetric stiffness/mass contributions.

 Factoring the system of equations using the symmetric spooles solver
 Using up to 1 cpu(s) for spooles.

 Using up to 1 cpu(s) for the stress calculation.

 average force= 0.000072
 time avg. forc= 0.000044
 largest residual force= 0.000015 in node 2371 and dof 2
 largest increment of disp= 1.938488e-05
 largest correction to disp= 1.476852e-05 in node 14244 and dof 1

 no convergence

 iteration 2

 Using up to 1 cpu(s) for the symmetric stiffness/mass contributions.

 Factoring the system of equations using the symmetric spooles solver
 Using up to 1 cpu(s) for spooles.

 Using up to 1 cpu(s) for the stress calculation.

 average force= 0.000072
 time avg. forc= 0.000044
 largest residual force= 0.000188 in node 2317 and dof 1
 largest increment of disp= 1.938488e-05
 largest correction to disp= 2.288990e-06 in node 11462 and dof 1

 no convergence

 iteration 3

 Using up to 1 cpu(s) for the symmetric stiffness/mass contributions.

 Factoring the system of equations using the symmetric spooles solver
 Using up to 1 cpu(s) for spooles.

 Using up to 1 cpu(s) for the stress calculation.

 average force= 0.000072
 time avg. forc= 0.000044
 largest residual force= 0.000002 in node 2311 and dof 1
 largest increment of disp= 1.938488e-05
 largest correction to disp= 2.069816e-07 in node 11459 and dof 1

 no convergence

 iteration 4

 Using up to 1 cpu(s) for the symmetric stiffness/mass contributions.

 Factoring the system of equations using the symmetric spooles solver
 Using up to 1 cpu(s) for spooles.

 Using up to 1 cpu(s) for the stress calculation.

 average force= 0.000072
 time avg. forc= 0.000044
 largest residual force= 0.000000 in node 2311 and dof 1
 largest increment of disp= 1.938488e-05
 largest correction to disp= 2.916768e-08 in node 11462 and dof 1

 convergence

 increment 10 attempt 1 
 increment size= 3.125000e-03
 sum of previous increments=1.812500e-01
 actual step time=1.843750e-01
 actual total time=1.843750e-01

 iteration 1

 Using up to 1 cpu(s) for the stress calculation.

 Using up to 1 cpu(s) for the symmetric stiffness/mass contributions.

 Factoring the system of equations using the symmetric spooles solver
 Using up to 1 cpu(s) for spooles.

 Using up to 1 cpu(s) for the stress calculation.

 average force= 0.000076
 time avg. forc= 0.000047
 largest residual force= 0.000013 in node 2246 and dof 2
 largest increment of disp= 2.483208e-05
 largest correction to disp= 1.386950e-05 in node 14256 and dof 1

 no convergence

 iteration 2

 Using up to 1 cpu(s) for the symmetric stiffness/mass contributions.

 Factoring the system of equations using the symmetric spooles solver
 Using up to 1 cpu(s) for spooles.

 Using up to 1 cpu(s) for the stress calculation.

 average force= 0.000076
 time avg. forc= 0.000047
 largest residual force= 0.000321 in node 2311 and dof 1
 largest increment of disp= 2.483208e-05
 largest correction to disp= 2.982340e-06 in node 11459 and dof 1

 no convergence

 iteration 3

 Using up to 1 cpu(s) for the symmetric stiffness/mass contributions.

 Factoring the system of equations using the symmetric spooles solver
 Using up to 1 cpu(s) for spooles.

 Using up to 1 cpu(s) for the stress calculation.

 average force= 0.000076
 time avg. forc= 0.000047
 largest residual force= 0.000002 in node 2311 and dof 1
 largest increment of disp= 2.483208e-05
 largest correction to disp= 2.474594e-07 in node 11462 and dof 1

 no convergence

 iteration 4

 Using up to 1 cpu(s) for the symmetric stiffness/mass contributions.

 Factoring the system of equations using the symmetric spooles solver
 Using up to 1 cpu(s) for spooles.

 Using up to 1 cpu(s) for the stress calculation.

 average force= 0.000076
 time avg. forc= 0.000047
 largest residual force= 0.000000 in node 2311 and dof 1
 largest increment of disp= 2.483208e-05
 largest correction to disp= 3.337793e-08 in node 11462 and dof 1

 convergence; the increment size is increased to 4.687500e-03

 Using up to 1 cpu(s) for the stress calculation.

 increment 11 attempt 1 
 increment size= 4.687500e-03
 sum of previous increments=1.843750e-01
 actual step time=1.890625e-01
 actual total time=1.890625e-01

 iteration 1

 Using up to 1 cpu(s) for the stress calculation.

 Using up to 1 cpu(s) for the symmetric stiffness/mass contributions.

 Factoring the system of equations using the symmetric spooles solver
 Using up to 1 cpu(s) for spooles.

 Using up to 1 cpu(s) for the stress calculation.

 average force= 0.000081
 time avg. forc= 0.000050
 largest residual force= 0.000016 in node 2369 and dof 2
 largest increment of disp= 5.016472e-05
 largest correction to disp= 6.244430e-06 in node 12035 and dof 1

 no convergence

 iteration 2

 Using up to 1 cpu(s) for the symmetric stiffness/mass contributions.

 Factoring the system of equations using the symmetric spooles solver
 Using up to 1 cpu(s) for spooles.

 Using up to 1 cpu(s) for the stress calculation.

 average force= 0.000081
 time avg. forc= 0.000050
 largest residual force= 0.000237 in node 2311 and dof 1
 largest increment of disp= 5.016472e-05
 largest correction to disp= 2.562476e-06 in node 11459 and dof 1

 no convergence

 iteration 3

 Using up to 1 cpu(s) for the symmetric stiffness/mass contributions.

 Factoring the system of equations using the symmetric spooles solver
 Using up to 1 cpu(s) for spooles.

 Using up to 1 cpu(s) for the stress calculation.

 average force= 0.000081
 time avg. forc= 0.000050
 largest residual force= 0.000000 in node 2311 and dof 1
 largest increment of disp= 5.016472e-05
 largest correction to disp= 1.634004e-07 in node 11462 and dof 1

 convergence; the increment size is increased to 7.031250e-03

 increment 12 attempt 1 
 increment size= 7.031250e-03
 sum of previous increments=1.890625e-01
 actual step time=1.960938e-01
 actual total time=1.960938e-01

 iteration 1

 Using up to 1 cpu(s) for the stress calculation.

 Using up to 1 cpu(s) for the symmetric stiffness/mass contributions.

 Factoring the system of equations using the symmetric spooles solver
 Using up to 1 cpu(s) for spooles.

 Using up to 1 cpu(s) for the stress calculation.

 average force= 0.000088
 time avg. forc= 0.000053
 largest residual force= 0.000024 in node 2311 and dof 1
 largest increment of disp= 6.508059e-05
 largest correction to disp= 1.544064e-05 in node 14199 and dof 1

 no convergence

 iteration 2

 Using up to 1 cpu(s) for the symmetric stiffness/mass contributions.

 Factoring the system of equations using the symmetric spooles solver
 Using up to 1 cpu(s) for spooles.

 Using up to 1 cpu(s) for the stress calculation.

 average force= 0.000088
 time avg. forc= 0.000053
 largest residual force= 0.000287 in node 2311 and dof 1
 largest increment of disp= 6.508059e-05
 largest correction to disp= 3.303477e-06 in node 14253 and dof 1

 no convergence

 iteration 3

 Using up to 1 cpu(s) for the symmetric stiffness/mass contributions.

 Factoring the system of equations using the symmetric spooles solver
 Using up to 1 cpu(s) for spooles.

 Using up to 1 cpu(s) for the stress calculation.

 average force= 0.000088
 time avg. forc= 0.000053
 largest residual force= 0.000001 in node 2311 and dof 1
 largest increment of disp= 6.508059e-05
 largest correction to disp= 1.699053e-07 in node 11459 and dof 1

 no convergence

 iteration 4

 Using up to 1 cpu(s) for the symmetric stiffness/mass contributions.

 Factoring the system of equations using the symmetric spooles solver
 Using up to 1 cpu(s) for spooles.

 Using up to 1 cpu(s) for the stress calculation.

 average force= 0.000088
 time avg. forc= 0.000053
 largest residual force= 0.000000 in node 2311 and dof 1
 largest increment of disp= 6.508059e-05
 largest correction to disp= 9.088866e-09 in node 11462 and dof 1

 convergence; the increment size is increased to 1.054688e-02

 increment 13 attempt 1 
 increment size= 1.054688e-02
 sum of previous increments=1.960938e-01
 actual step time=2.066406e-01
 actual total time=2.066406e-01

 iteration 1

 Using up to 1 cpu(s) for the stress calculation.

 Using up to 1 cpu(s) for the symmetric stiffness/mass contributions.

 Factoring the system of equations using the symmetric spooles solver
 Using up to 1 cpu(s) for spooles.

 Using up to 1 cpu(s) for the stress calculation.

 average force= 0.000098
 time avg. forc= 0.000057
 largest residual force= 0.000034 in node 2311 and dof 1
 largest increment of disp= 7.602243e-05
 largest correction to disp= 1.713507e-05 in node 14199 and dof 1

 no convergence

 iteration 2

 Using up to 1 cpu(s) for the symmetric stiffness/mass contributions.

 Factoring the system of equations using the symmetric spooles solver
 Using up to 1 cpu(s) for spooles.

 Using up to 1 cpu(s) for the stress calculation.

 average force= 0.000098
 time avg. forc= 0.000057
 largest residual force= 0.000319 in node 2317 and dof 1
 largest increment of disp= 7.602243e-05
 largest correction to disp= 3.510370e-06 in node 14247 and dof 1

 no convergence

 iteration 3

 Using up to 1 cpu(s) for the symmetric stiffness/mass contributions.

 Factoring the system of equations using the symmetric spooles solver
 Using up to 1 cpu(s) for spooles.

 Using up to 1 cpu(s) for the stress calculation.

 average force= 0.000098
 time avg. forc= 0.000057
 largest residual force= 0.000000 in node 2311 and dof 1
 largest increment of disp= 7.602243e-05
 largest correction to disp= 1.624409e-07 in node 11459 and dof 1

 convergence; the increment size is increased to 1.582031e-02

 increment 14 attempt 1 
 increment size= 1.582031e-02
 sum of previous increments=2.066406e-01
 actual step time=2.224609e-01
 actual total time=2.224609e-01

 iteration 1

 Using up to 1 cpu(s) for the stress calculation.

 Using up to 1 cpu(s) for the symmetric stiffness/mass contributions.

 Factoring the system of equations using the symmetric spooles solver
 Using up to 1 cpu(s) for spooles.

 Using up to 1 cpu(s) for the stress calculation.

 average force= 0.000123
 time avg. forc= 0.000061
 largest residual force= 0.002695 in node 4077 and dof 1
 largest increment of disp= 8.975725e-05
 largest correction to disp= 2.498133e-05 in node 16274 and dof 1

 no convergence

 iteration 2

 Using up to 1 cpu(s) for the symmetric stiffness/mass contributions.

 Factoring the system of equations using the symmetric spooles solver
 Using up to 1 cpu(s) for spooles.

 Using up to 1 cpu(s) for the stress calculation.

 average force= 0.000121
 time avg. forc= 0.000061
 largest residual force= 0.000289 in node 2317 and dof 1
 largest increment of disp= 8.975725e-05
 largest correction to disp= 5.699491e-06 in node 14247 and dof 1

 no convergence

 iteration 3

 Using up to 1 cpu(s) for the symmetric stiffness/mass contributions.

 Factoring the system of equations using the symmetric spooles solver
 Using up to 1 cpu(s) for spooles.

 Using up to 1 cpu(s) for the stress calculation.

 average force= 0.000121
 time avg. forc= 0.000061
 largest residual force= 0.000007 in node 4077 and dof 1
 largest increment of disp= 8.975725e-05
 largest correction to disp= 1.272374e-06 in node 16274 and dof 1

 no convergence

 iteration 4

 Using up to 1 cpu(s) for the symmetric stiffness/mass contributions.

 Factoring the system of equations using the symmetric spooles solver
 Using up to 1 cpu(s) for spooles.

 Using up to 1 cpu(s) for the stress calculation.

 average force= 0.000121
 time avg. forc= 0.000061
 largest residual force= 0.000000 in node 4063 and dof 1
 largest increment of disp= 8.975725e-05
 largest correction to disp= 6.861345e-08 in node 14247 and dof 1

 convergence; the increment size is increased to 2.373047e-02

 increment 15 attempt 1 
 increment size= 2.373047e-02
 sum of previous increments=2.224609e-01
 actual step time=2.461914e-01
 actual total time=2.461914e-01

 iteration 1

 Using up to 1 cpu(s) for the stress calculation.

 Using up to 1 cpu(s) for the symmetric stiffness/mass contributions.

 Factoring the system of equations using the symmetric spooles solver
 Using up to 1 cpu(s) for spooles.

 Using up to 1 cpu(s) for the stress calculation.

 average force= 0.000278
 time avg. forc= 0.000076
 largest residual force= 0.045465 in node 4359 and dof 1
 largest increment of disp= 1.028872e-04
 largest correction to disp= 1.028872e-04 in node 17000 and dof 1

 no convergence

 iteration 2

 Using up to 1 cpu(s) for the symmetric stiffness/mass contributions.

 Factoring the system of equations using the symmetric spooles solver
 Using up to 1 cpu(s) for spooles.

 Using up to 1 cpu(s) for the stress calculation.

 average force= 0.000213
 time avg. forc= 0.000071
 largest residual force= 0.001149 in node 4347 and dof 1
 largest increment of disp= 1.028872e-04
 largest correction to disp= 1.523352e-05 in node 16964 and dof 1

 no convergence

 iteration 3

 Using up to 1 cpu(s) for the symmetric stiffness/mass contributions.

 Factoring the system of equations using the symmetric spooles solver
 Using up to 1 cpu(s) for spooles.

 Using up to 1 cpu(s) for the stress calculation.

 average force= 0.000201
 time avg. forc= 0.000070
 largest residual force= 0.002531 in node 4359 and dof 1
 largest increment of disp= 1.028872e-04
 largest correction to disp= 2.432451e-05 in node 17000 and dof 1

 no convergence

 iteration 4

 Using up to 1 cpu(s) for the symmetric stiffness/mass contributions.

 Factoring the system of equations using the symmetric spooles solver
 Using up to 1 cpu(s) for spooles.

 Using up to 1 cpu(s) for the stress calculation.

 average force= 0.000196
 time avg. forc= 0.000070
 largest residual force= 0.000336 in node 4359 and dof 1
 largest increment of disp= 1.028872e-04
 largest correction to disp= 8.894876e-06 in node 16994 and dof 1

 no convergence

 iteration 5

 Using up to 1 cpu(s) for the symmetric stiffness/mass contributions.

 Factoring the system of equations using the symmetric spooles solver
 Using up to 1 cpu(s) for spooles.

 Using up to 1 cpu(s) for the stress calculation.

 average force= 0.000195
 time avg. forc= 0.000070
 largest residual force= 0.000026 in node 4359 and dof 1
 largest increment of disp= 1.028872e-04
 largest correction to disp= 2.451624e-06 in node 17000 and dof 1

 no convergence

 iteration 6

 Using up to 1 cpu(s) for the symmetric stiffness/mass contributions.

 Factoring the system of equations using the symmetric spooles solver
 Using up to 1 cpu(s) for spooles.

 Using up to 1 cpu(s) for the stress calculation.

 average force= 0.000195
 time avg. forc= 0.000070
 largest residual force= 0.000000 in node 4359 and dof 1
 largest increment of disp= 1.028872e-04
 largest correction to disp= 1.304007e-07 in node 17000 and dof 1

 convergence

 Using up to 1 cpu(s) for the stress calculation.

 increment 16 attempt 1 
 increment size= 2.373047e-02
 sum of previous increments=2.461914e-01
 actual step time=2.699219e-01
 actual total time=2.699219e-01

 iteration 1

 Using up to 1 cpu(s) for the stress calculation.

 Using up to 1 cpu(s) for the symmetric stiffness/mass contributions.

 Factoring the system of equations using the symmetric spooles solver
 Using up to 1 cpu(s) for spooles.

 Using up to 1 cpu(s) for the stress calculation.

 average force= 0.000266
 time avg. forc= 0.000082
 largest residual force= 0.001186 in node 4077 and dof 1
 largest increment of disp= 7.511950e-05
 largest correction to disp= 1.778311e-05 in node 14244 and dof 1

 no convergence

 iteration 2

 Using up to 1 cpu(s) for the symmetric stiffness/mass contributions.

 Factoring the system of equations using the symmetric spooles solver
 Using up to 1 cpu(s) for spooles.

 Using up to 1 cpu(s) for the stress calculation.

 average force= 0.000252
 time avg. forc= 0.000081
 largest residual force= 0.000897 in node 4077 and dof 1
 largest increment of disp= 7.511950e-05
 largest correction to disp= 1.471869e-05 in node 16274 and dof 1

 no convergence

 iteration 3

 Using up to 1 cpu(s) for the symmetric stiffness/mass contributions.

 Factoring the system of equations using the symmetric spooles solver
 Using up to 1 cpu(s) for spooles.

 Using up to 1 cpu(s) for the stress calculation.

 average force= 0.000249
 time avg. forc= 0.000081
 largest residual force= 0.000038 in node 4475 and dof 2
 largest increment of disp= 7.511950e-05
 largest correction to disp= 3.000081e-06 in node 16634 and dof 2

 no convergence

 iteration 4

 Using up to 1 cpu(s) for the symmetric stiffness/mass contributions.

 Factoring the system of equations using the symmetric spooles solver
 Using up to 1 cpu(s) for spooles.

 Using up to 1 cpu(s) for the stress calculation.

 average force= 0.000249
 time avg. forc= 0.000081
 largest residual force= 0.000000 in node 4475 and dof 2
 largest increment of disp= 7.511950e-05
 largest correction to disp= 3.147311e-07 in node 14249 and dof 1

 convergence

 increment 17 attempt 1 
 increment size= 2.373047e-02
 sum of previous increments=2.699219e-01
 actual step time=2.936523e-01
 actual total time=2.936523e-01

 iteration 1

 Using up to 1 cpu(s) for the stress calculation.

 Using up to 1 cpu(s) for the symmetric stiffness/mass contributions.

 Factoring the system of equations using the symmetric spooles solver
 Using up to 1 cpu(s) for spooles.

 Using up to 1 cpu(s) for the stress calculation.

 average force= 0.000295
 time avg. forc= 0.000094
 largest residual force= 0.000235 in node 4359 and dof 1
 largest increment of disp= 6.291906e-05
 largest correction to disp= 1.246603e-05 in node 14258 and dof 1

 no convergence

 iteration 2

 Using up to 1 cpu(s) for the symmetric stiffness/mass contributions.

 Factoring the system of equations using the symmetric spooles solver
 Using up to 1 cpu(s) for spooles.

 Using up to 1 cpu(s) for the stress calculation.

 average force= 0.000292
 time avg. forc= 0.000094
 largest residual force= 0.000127 in node 2317 and dof 1
 largest increment of disp= 6.291906e-05
 largest correction to disp= 5.175723e-06 in node 14249 and dof 1

 no convergence

 iteration 3

 Using up to 1 cpu(s) for the symmetric stiffness/mass contributions.

 Factoring the system of equations using the symmetric spooles solver
 Using up to 1 cpu(s) for spooles.

 Using up to 1 cpu(s) for the stress calculation.

 average force= 0.000292
 time avg. forc= 0.000094
 largest residual force= 0.000000 in node 4359 and dof 1
 largest increment of disp= 6.291906e-05
 largest correction to disp= 2.415664e-07 in node 14249 and dof 1

 convergence; the increment size is increased to 3.559570e-02

 increment 18 attempt 1 
 increment size= 3.559570e-02
 sum of previous increments=2.936523e-01
 actual step time=3.292480e-01
 actual total time=3.292480e-01

 iteration 1

 Using up to 1 cpu(s) for the stress calculation.

 Using up to 1 cpu(s) for the symmetric stiffness/mass contributions.

 Factoring the system of equations using the symmetric spooles solver
 Using up to 1 cpu(s) for spooles.

 Using up to 1 cpu(s) for the stress calculation.

 average force= 0.000349
 time avg. forc= 0.000108
 largest residual force= 0.000188 in node 4359 and dof 1
 largest increment of disp= 8.976603e-05
 largest correction to disp= 1.322745e-05 in node 14193 and dof 1

 no convergence

 iteration 2

 Using up to 1 cpu(s) for the symmetric stiffness/mass contributions.

 Factoring the system of equations using the symmetric spooles solver
 Using up to 1 cpu(s) for spooles.

 Using up to 1 cpu(s) for the stress calculation.

 average force= 0.000346
 time avg. forc= 0.000108
 largest residual force= 0.000213 in node 2311 and dof 1
 largest increment of disp= 8.976603e-05
 largest correction to disp= 5.335149e-06 in node 9516 and dof 1

 no convergence

 iteration 3

 Using up to 1 cpu(s) for the symmetric stiffness/mass contributions.

 Factoring the system of equations using the symmetric spooles solver
 Using up to 1 cpu(s) for spooles.

 Using up to 1 cpu(s) for the stress calculation.

 average force= 0.000346
 time avg. forc= 0.000108
 largest residual force= 0.000000 in node 2311 and dof 1
 largest increment of disp= 8.976603e-05
 largest correction to disp= 2.370355e-07 in node 9498 and dof 1

 convergence; the increment size is increased to 5.339355e-02

 the increment size exceeds the maximum allowed and is decreased to 5.000000e-02

 increment 19 attempt 1 
 increment size= 5.000000e-02
 sum of previous increments=3.292480e-01
 actual step time=3.792480e-01
 actual total time=3.792480e-01

 iteration 1

 Using up to 1 cpu(s) for the stress calculation.

 Using up to 1 cpu(s) for the symmetric stiffness/mass contributions.

 Factoring the system of equations using the symmetric spooles solver
 Using up to 1 cpu(s) for spooles.

 Using up to 1 cpu(s) for the stress calculation.

 average force= 0.000415
 time avg. forc= 0.000124
 largest residual force= 0.000215 in node 4359 and dof 1
 largest increment of disp= 1.277743e-04
 largest correction to disp= 2.045289e-05 in node 14256 and dof 1

 no convergence

 iteration 2

 Using up to 1 cpu(s) for the symmetric stiffness/mass contributions.

 Factoring the system of equations using the symmetric spooles solver
 Using up to 1 cpu(s) for spooles.

 Using up to 1 cpu(s) for the stress calculation.

 average force= 0.000412
 time avg. forc= 0.000124
 largest residual force= 0.000412 in node 2311 and dof 1
 largest increment of disp= 1.277743e-04
 largest correction to disp= 6.179457e-06 in node 9477 and dof 1

 no convergence

 iteration 3

 Using up to 1 cpu(s) for the symmetric stiffness/mass contributions.

 Factoring the system of equations using the symmetric spooles solver
 Using up to 1 cpu(s) for spooles.

 Using up to 1 cpu(s) for the stress calculation.

 average force= 0.000412
 time avg. forc= 0.000124
 largest residual force= 0.000000 in node 2311 and dof 1
 largest increment of disp= 1.277743e-04
 largest correction to disp= 2.799166e-07 in node 9516 and dof 1

 convergence; the increment size is increased to 7.500000e-02

 the increment size exceeds the maximum allowed and is decreased to 5.000000e-02

 increment 20 attempt 1 
 increment size= 5.000000e-02
 sum of previous increments=3.792480e-01
 actual step time=4.292480e-01
 actual total time=4.292480e-01

 iteration 1

 Using up to 1 cpu(s) for the stress calculation.

 Using up to 1 cpu(s) for the symmetric stiffness/mass contributions.

 Factoring the system of equations using the symmetric spooles solver
 Using up to 1 cpu(s) for spooles.

 Using up to 1 cpu(s) for the stress calculation.

 average force= 0.000471
 time avg. forc= 0.000141
 largest residual force= 0.000146 in node 2317 and dof 1
 largest increment of disp= 1.114971e-04
 largest correction to disp= 1.811057e-05 in node 14249 and dof 1

 no convergence

 iteration 2

 Using up to 1 cpu(s) for the symmetric stiffness/mass contributions.

 Factoring the system of equations using the symmetric spooles solver
 Using up to 1 cpu(s) for spooles.

 Using up to 1 cpu(s) for the stress calculation.

 average force= 0.000469
 time avg. forc= 0.000141
 largest residual force= 0.000191 in node 2311 and dof 1
 largest increment of disp= 1.114971e-04
 largest correction to disp= 3.808534e-06 in node 9531 and dof 1

 no convergence

 iteration 3

 Using up to 1 cpu(s) for the symmetric stiffness/mass contributions.

 Factoring the system of equations using the symmetric spooles solver
 Using up to 1 cpu(s) for spooles.

 Using up to 1 cpu(s) for the stress calculation.

 average force= 0.000469
 time avg. forc= 0.000141
 largest residual force= 0.000000 in node 2311 and dof 1
 largest increment of disp= 1.114971e-04
 largest correction to disp= 1.505192e-07 in node 14258 and dof 1

 convergence; the increment size is increased to 7.500000e-02

 the increment size exceeds the maximum allowed and is decreased to 5.000000e-02

 Using up to 1 cpu(s) for the stress calculation.

 increment 21 attempt 1 
 increment size= 5.000000e-02
 sum of previous increments=4.292480e-01
 actual step time=4.792480e-01
 actual total time=4.792480e-01

 iteration 1

 Using up to 1 cpu(s) for the stress calculation.

 Using up to 1 cpu(s) for the symmetric stiffness/mass contributions.

 Factoring the system of equations using the symmetric spooles solver
 Using up to 1 cpu(s) for spooles.

 Using up to 1 cpu(s) for the stress calculation.

 average force= 0.000522
 time avg. forc= 0.000159
 largest residual force= 0.000104 in node 2311 and dof 1
 largest increment of disp= 9.247917e-05
 largest correction to disp= 1.398519e-05 in node 14258 and dof 1

 no convergence

 iteration 2

 Using up to 1 cpu(s) for the symmetric stiffness/mass contributions.

 Factoring the system of equations using the symmetric spooles solver
 Using up to 1 cpu(s) for spooles.

 Using up to 1 cpu(s) for the stress calculation.

 average force= 0.000521
 time avg. forc= 0.000159
 largest residual force= 0.000062 in node 2317 and dof 1
 largest increment of disp= 9.247917e-05
 largest correction to disp= 1.920715e-06 in node 9531 and dof 1

 no convergence

 iteration 3

 Using up to 1 cpu(s) for the symmetric stiffness/mass contributions.

 Factoring the system of equations using the symmetric spooles solver
 Using up to 1 cpu(s) for spooles.

 Using up to 1 cpu(s) for the stress calculation.

 average force= 0.000521
 time avg. forc= 0.000159
 largest residual force= 0.000000 in node 2311 and dof 1
 largest increment of disp= 9.247917e-05
 largest correction to disp= 8.258597e-08 in node 14249 and dof 1

 convergence; the increment size is increased to 7.500000e-02

 the increment size exceeds the maximum allowed and is decreased to 5.000000e-02

 increment 22 attempt 1 
 increment size= 5.000000e-02
 sum of previous increments=4.792480e-01
 actual step time=5.292480e-01
 actual total time=5.292480e-01

 iteration 1

 Using up to 1 cpu(s) for the stress calculation.

 Using up to 1 cpu(s) for the symmetric stiffness/mass contributions.

 Factoring the system of equations using the symmetric spooles solver
 Using up to 1 cpu(s) for spooles.

 Using up to 1 cpu(s) for the stress calculation.

 average force= 0.000570
 time avg. forc= 0.000178
 largest residual force= 0.000076 in node 2311 and dof 1
 largest increment of disp= 7.797663e-05
 largest correction to disp= 1.077892e-05 in node 14249 and dof 1

 no convergence

 iteration 2

 Using up to 1 cpu(s) for the symmetric stiffness/mass contributions.

 Factoring the system of equations using the symmetric spooles solver
 Using up to 1 cpu(s) for spooles.

 Using up to 1 cpu(s) for the stress calculation.

 average force= 0.000570
 time avg. forc= 0.000178
 largest residual force= 0.000023 in node 2317 and dof 1
 largest increment of disp= 7.797663e-05
 largest correction to disp= 1.299601e-06 in node 10608 and dof 2

 no convergence

 iteration 3

 Using up to 1 cpu(s) for the symmetric stiffness/mass contributions.

 Factoring the system of equations using the symmetric spooles solver
 Using up to 1 cpu(s) for spooles.

 Using up to 1 cpu(s) for the stress calculation.

 average force= 0.000570
 time avg. forc= 0.000178
 largest residual force= 0.000000 in node 4073 and dof 1
 largest increment of disp= 7.797663e-05
 largest correction to disp= 5.353105e-08 in node 14249 and dof 1

 convergence; the increment size is increased to 7.500000e-02

 the increment size exceeds the maximum allowed and is decreased to 5.000000e-02

 increment 23 attempt 1 
 increment size= 5.000000e-02
 sum of previous increments=5.292480e-01
 actual step time=5.792480e-01
 actual total time=5.792480e-01

 iteration 1

 Using up to 1 cpu(s) for the stress calculation.

 Using up to 1 cpu(s) for the symmetric stiffness/mass contributions.

 Factoring the system of equations using the symmetric spooles solver
 Using up to 1 cpu(s) for spooles.

 Using up to 1 cpu(s) for the stress calculation.

 average force= 0.000616
 time avg. forc= 0.000197
 largest residual force= 0.000058 in node 2169 and dof 1
 largest increment of disp= 7.602742e-05
 largest correction to disp= 8.987917e-06 in node 15270 and dof 1

 no convergence

 iteration 2

 Using up to 1 cpu(s) for the symmetric stiffness/mass contributions.

 Factoring the system of equations using the symmetric spooles solver
 Using up to 1 cpu(s) for spooles.

 Using up to 1 cpu(s) for the stress calculation.

 average force= 0.000615
 time avg. forc= 0.000197
 largest residual force= 0.000010 in node 2317 and dof 1
 largest increment of disp= 7.602742e-05
 largest correction to disp= 8.993020e-07 in node 10608 and dof 2

 no convergence

 iteration 3

 Using up to 1 cpu(s) for the symmetric stiffness/mass contributions.

 Factoring the system of equations using the symmetric spooles solver
 Using up to 1 cpu(s) for spooles.

 Using up to 1 cpu(s) for the stress calculation.

 average force= 0.000615
 time avg. forc= 0.000197
 largest residual force= 0.000000 in node 4081 and dof 1
 largest increment of disp= 7.602742e-05
 largest correction to disp= 3.689048e-08 in node 14258 and dof 1

 convergence; the increment size is increased to 7.500000e-02

 the increment size exceeds the maximum allowed and is decreased to 5.000000e-02

 increment 24 attempt 1 
 increment size= 5.000000e-02
 sum of previous increments=5.792480e-01
 actual step time=6.292480e-01
 actual total time=6.292480e-01

 iteration 1

 Using up to 1 cpu(s) for the stress calculation.

 Using up to 1 cpu(s) for the symmetric stiffness/mass contributions.

 Factoring the system of equations using the symmetric spooles solver
 Using up to 1 cpu(s) for spooles.

 Using up to 1 cpu(s) for the stress calculation.

 average force= 0.000659
 time avg. forc= 0.000216
 largest residual force= 0.000045 in node 2169 and dof 1
 largest increment of disp= 7.601405e-05
 largest correction to disp= 3.849019e-05 in node 15279 and dof 1

 no convergence

 iteration 2

 Using up to 1 cpu(s) for the symmetric stiffness/mass contributions.

 Factoring the system of equations using the symmetric spooles solver
 Using up to 1 cpu(s) for spooles.

 Using up to 1 cpu(s) for the stress calculation.

 average force= 0.000659
 time avg. forc= 0.000216
 largest residual force= 0.000005 in node 2317 and dof 1
 largest increment of disp= 7.601405e-05
 largest correction to disp= 4.301057e-06 in node 15279 and dof 1

 no convergence

 iteration 3

 Using up to 1 cpu(s) for the symmetric stiffness/mass contributions.

 Factoring the system of equations using the symmetric spooles solver
 Using up to 1 cpu(s) for spooles.

 Using up to 1 cpu(s) for the stress calculation.

 average force= 0.000659
 time avg. forc= 0.000216
 largest residual force= 0.000000 in node 3741 and dof 1
 largest increment of disp= 7.601405e-05
 largest correction to disp= 9.758601e-07 in node 15270 and dof 1

 convergence; the increment size is increased to 7.500000e-02

 the increment size exceeds the maximum allowed and is decreased to 5.000000e-02

 increment 25 attempt 1 
 increment size= 5.000000e-02
 sum of previous increments=6.292480e-01
 actual step time=6.792480e-01
 actual total time=6.792480e-01

 iteration 1

 Using up to 1 cpu(s) for the stress calculation.

 Using up to 1 cpu(s) for the symmetric stiffness/mass contributions.

 Factoring the system of equations using the symmetric spooles solver
 Using up to 1 cpu(s) for spooles.

 Using up to 1 cpu(s) for the stress calculation.

 average force= 0.000700
 time avg. forc= 0.000235
 largest residual force= 0.000036 in node 2169 and dof 1
 largest increment of disp= 7.598719e-05
 largest correction to disp= 2.414432e-05 in node 15270 and dof 1

 no convergence

 iteration 2

 Using up to 1 cpu(s) for the symmetric stiffness/mass contributions.

 Factoring the system of equations using the symmetric spooles solver
 Using up to 1 cpu(s) for spooles.

 Using up to 1 cpu(s) for the stress calculation.

 average force= 0.000700
 time avg. forc= 0.000235
 largest residual force= 0.000002 in node 2317 and dof 1
 largest increment of disp= 7.598719e-05
 largest correction to disp= 8.743039e-07 in node 15270 and dof 1

 no convergence

 iteration 3

 Using up to 1 cpu(s) for the symmetric stiffness/mass contributions.

 Factoring the system of equations using the symmetric spooles solver
 Using up to 1 cpu(s) for spooles.

 Using up to 1 cpu(s) for the stress calculation.

 average force= 0.000700
 time avg. forc= 0.000235
 largest residual force= 0.000000 in node 4073 and dof 1
 largest increment of disp= 7.598719e-05
 largest correction to disp= 2.937575e-08 in node 15279 and dof 1

 convergence; the increment size is increased to 7.500000e-02

 the increment size exceeds the maximum allowed and is decreased to 5.000000e-02

 Using up to 1 cpu(s) for the stress calculation.

 increment 26 attempt 1 
 increment size= 5.000000e-02
 sum of previous increments=6.792480e-01
 actual step time=7.292480e-01
 actual total time=7.292480e-01

 iteration 1

 Using up to 1 cpu(s) for the stress calculation.

 Using up to 1 cpu(s) for the symmetric stiffness/mass contributions.

 Factoring the system of equations using the symmetric spooles solver
 Using up to 1 cpu(s) for spooles.

 Using up to 1 cpu(s) for the stress calculation.

 average force= 0.000740
 time avg. forc= 0.000255
 largest residual force= 0.000029 in node 2169 and dof 1
 largest increment of disp= 7.595421e-05
 largest correction to disp= 1.388638e-05 in node 15270 and dof 1

 no convergence

 iteration 2

 Using up to 1 cpu(s) for the symmetric stiffness/mass contributions.

 Factoring the system of equations using the symmetric spooles solver
 Using up to 1 cpu(s) for spooles.

 Using up to 1 cpu(s) for the stress calculation.

 average force= 0.000740
 time avg. forc= 0.000255
 largest residual force= 0.000001 in node 2176 and dof 1
 largest increment of disp= 7.595421e-05
 largest correction to disp= 4.106990e-06 in node 15270 and dof 1

 no convergence

 iteration 3

 Using up to 1 cpu(s) for the symmetric stiffness/mass contributions.

 Factoring the system of equations using the symmetric spooles solver
 Using up to 1 cpu(s) for spooles.

 Using up to 1 cpu(s) for the stress calculation.

 average force= 0.000740
 time avg. forc= 0.000255
 largest residual force= 0.000000 in node 4081 and dof 1
 largest increment of disp= 7.595421e-05
 largest correction to disp= 1.759510e-07 in node 15279 and dof 1

 convergence; the increment size is increased to 7.500000e-02

 the increment size exceeds the maximum allowed and is decreased to 5.000000e-02

 increment 27 attempt 1 
 increment size= 5.000000e-02
 sum of previous increments=7.292480e-01
 actual step time=7.792480e-01
 actual total time=7.792480e-01

 iteration 1

 Using up to 1 cpu(s) for the stress calculation.

 Using up to 1 cpu(s) for the symmetric stiffness/mass contributions.

 Factoring the system of equations using the symmetric spooles solver
 Using up to 1 cpu(s) for spooles.

 Using up to 1 cpu(s) for the stress calculation.

 average force= 0.000779
 time avg. forc= 0.000274
 largest residual force= 0.000024 in node 2169 and dof 1
 largest increment of disp= 7.592070e-05
 largest correction to disp= 9.517404e-06 in node 15279 and dof 1

 no convergence

 iteration 2

 Using up to 1 cpu(s) for the symmetric stiffness/mass contributions.

 Factoring the system of equations using the symmetric spooles solver
 Using up to 1 cpu(s) for spooles.

 Using up to 1 cpu(s) for the stress calculation.

 average force= 0.000778
 time avg. forc= 0.000274
 largest residual force= 0.000000 in node 2176 and dof 1
 largest increment of disp= 7.592070e-05
 largest correction to disp= 1.077980e-06 in node 15270 and dof 1

 convergence; the increment size is increased to 7.500000e-02

 the increment size exceeds the maximum allowed and is decreased to 5.000000e-02

 increment 28 attempt 1 
 increment size= 5.000000e-02
 sum of previous increments=7.792480e-01
 actual step time=8.292480e-01
 actual total time=8.292480e-01

 iteration 1

 Using up to 1 cpu(s) for the stress calculation.

 Using up to 1 cpu(s) for the symmetric stiffness/mass contributions.

 Factoring the system of equations using the symmetric spooles solver
 Using up to 1 cpu(s) for spooles.

 Using up to 1 cpu(s) for the stress calculation.

 average force= 0.000816
 time avg. forc= 0.000294
 largest residual force= 0.000019 in node 2169 and dof 1
 largest increment of disp= 7.588922e-05
 largest correction to disp= 5.842657e-06 in node 15270 and dof 1

 no convergence

 iteration 2

 Using up to 1 cpu(s) for the symmetric stiffness/mass contributions.

 Factoring the system of equations using the symmetric spooles solver
 Using up to 1 cpu(s) for spooles.

 Using up to 1 cpu(s) for the stress calculation.

 average force= 0.000816
 time avg. forc= 0.000294
 largest residual force= 0.000000 in node 2176 and dof 1
 largest increment of disp= 7.588922e-05
 largest correction to disp= 2.134455e-07 in node 15270 and dof 1

 convergence; the increment size is increased to 7.500000e-02

 the increment size exceeds the maximum allowed and is decreased to 5.000000e-02

 increment 29 attempt 1 
 increment size= 5.000000e-02
 sum of previous increments=8.292480e-01
 actual step time=8.792480e-01
 actual total time=8.792480e-01

 iteration 1

 Using up to 1 cpu(s) for the stress calculation.

 Using up to 1 cpu(s) for the symmetric stiffness/mass contributions.

 Factoring the system of equations using the symmetric spooles solver
 Using up to 1 cpu(s) for spooles.

 Using up to 1 cpu(s) for the stress calculation.

 average force= 0.000852
 time avg. forc= 0.000313
 largest residual force= 0.000016 in node 2169 and dof 1
 largest increment of disp= 7.586104e-05
 largest correction to disp= 3.951598e-06 in node 15279 and dof 1

 no convergence

 iteration 2

 Using up to 1 cpu(s) for the symmetric stiffness/mass contributions.

 Factoring the system of equations using the symmetric spooles solver
 Using up to 1 cpu(s) for spooles.

 Using up to 1 cpu(s) for the stress calculation.

 average force= 0.000852
 time avg. forc= 0.000313
 largest residual force= 0.000000 in node 2176 and dof 1
 largest increment of disp= 7.586104e-05
 largest correction to disp= 1.243617e-07 in node 6384 and dof 1

 convergence; the increment size is increased to 7.500000e-02

 the increment size exceeds the maximum allowed and is decreased to 5.000000e-02

 increment 30 attempt 1 
 increment size= 5.000000e-02
 sum of previous increments=8.792480e-01
 actual step time=9.292480e-01
 actual total time=9.292480e-01

 iteration 1

 Using up to 1 cpu(s) for the stress calculation.

 Using up to 1 cpu(s) for the symmetric stiffness/mass contributions.

 Factoring the system of equations using the symmetric spooles solver
 Using up to 1 cpu(s) for spooles.

 Using up to 1 cpu(s) for the stress calculation.

 average force= 0.000888
 time avg. forc= 0.000332
 largest residual force= 0.000013 in node 2169 and dof 1
 largest increment of disp= 7.583651e-05
 largest correction to disp= 2.916893e-06 in node 15270 and dof 1

 no convergence

 iteration 2

 Using up to 1 cpu(s) for the symmetric stiffness/mass contributions.

 Factoring the system of equations using the symmetric spooles solver
 Using up to 1 cpu(s) for spooles.

 Using up to 1 cpu(s) for the stress calculation.

 average force= 0.000888
 time avg. forc= 0.000332
 largest residual force= 0.000000 in node 2176 and dof 1
 largest increment of disp= 7.583651e-05
 largest correction to disp= 1.139784e-07 in node 14240 and dof 1

 convergence; the increment size is increased to 7.500000e-02

 the increment size exceeds the maximum allowed and is decreased to 5.000000e-02

 Using up to 1 cpu(s) for the stress calculation.

 increment 31 attempt 1 
 increment size= 5.000000e-02
 sum of previous increments=9.292480e-01
 actual step time=9.792480e-01
 actual total time=9.792480e-01

 iteration 1

 Using up to 1 cpu(s) for the stress calculation.

 Using up to 1 cpu(s) for the symmetric stiffness/mass contributions.

 Factoring the system of equations using the symmetric spooles solver
 Using up to 1 cpu(s) for spooles.

 Using up to 1 cpu(s) for the stress calculation.

 average force= 0.000922
 time avg. forc= 0.000351
 largest residual force= 0.000011 in node 2169 and dof 1
 largest increment of disp= 7.581976e-05
 largest correction to disp= 2.576083e-06 in node 14258 and dof 1

 no convergence

 iteration 2

 Using up to 1 cpu(s) for the symmetric stiffness/mass contributions.

 Factoring the system of equations using the symmetric spooles solver
 Using up to 1 cpu(s) for spooles.

 Using up to 1 cpu(s) for the stress calculation.

 average force= 0.000922
 time avg. forc= 0.000351
 largest residual force= 0.000000 in node 2176 and dof 1
 largest increment of disp= 7.581976e-05
 largest correction to disp= 1.218434e-07 in node 14267 and dof 1

 convergence; the increment size is increased to 7.500000e-02

 the increment size exceeds the maximum allowed and is decreased to 5.000000e-02

 the increment size exceeds the remainder of the step and is decreased to 2.075195e-02

 increment 32 attempt 1 
 increment size= 2.075195e-02
 sum of previous increments=9.792480e-01
 actual step time=1.000000e+00
 actual total time=1.000000e+00

 iteration 1

 Using up to 1 cpu(s) for the stress calculation.

 Using up to 1 cpu(s) for the symmetric stiffness/mass contributions.

 Factoring the system of equations using the symmetric spooles solver
 Using up to 1 cpu(s) for spooles.

 Using up to 1 cpu(s) for the stress calculation.

 average force= 0.000937
 time avg. forc= 0.000369
 largest residual force= 0.000000 in node 2169 and dof 1
 largest increment of disp= 3.146551e-05
 largest correction to disp= 7.159833e-07 in node 14258 and dof 1

 no convergence

 iteration 2

 Using up to 1 cpu(s) for the symmetric stiffness/mass contributions.

 Factoring the system of equations using the symmetric spooles solver
 Using up to 1 cpu(s) for spooles.

 Using up to 1 cpu(s) for the stress calculation.

 average force= 0.000937
 time avg. forc= 0.000369
 largest residual force= 0.000000 in node 4081 and dof 1
 largest increment of disp= 3.146551e-05
 largest correction to disp= 6.176621e-08 in node 14267 and dof 1

 convergence; the increment size is increased to 3.112793e-02

 the increment size exceeds the remainder of the step and is decreased to 0.000000e+00

 Using up to 1 cpu(s) for the stress calculation.


 Job finished

________________________________________

Total CalculiX Time: 258.596028
________________________________________
=== on-caso-3 (CCX): renomeando outputs _Pc18068 ===
=== on-caso-3 (CCX): ccx2paraview nao encontrado dentro do container ===
    (esperado - rode 'cd cases/on-caso-3/ccx && /tmp/ccx2pv/bin/ccx2paraview on-caso-3_Pc18068.frd vtu' no HOST)

=== Concluido. Arquivos de saida: ===
  on-caso-3.frd  - campos CalculiX (cgx -c se disponivel)
  on-caso-3.pvd  - ParaView Data (abre direto no ParaView)
  on-caso-3.dat  - totais RF no engaste posterior (curva F_z(Dz))
  on-caso-3.sta  - status de convergencia por incremento Riks

Analise: python3 ../../../brunaStuff/analyze_on-caso-3_ccx.py
