 Container myopenfoam-fsi-run-1fe27d72ecda Creating 
 Container myopenfoam-fsi-run-1fe27d72ecda Created 
=== on-caso-2g (CCX): polyMesh -> CalculiX .inp  [k_winkler=20000 Pa/m] ===
[1/5] Lendo polyMesh em ../solid/constant/polyMesh
      nodes=5317, faces=14796, cells=4752, patches=9, zones=['on', 'pia', 'sas', 'dura', 'lc', 'sclera_peri', 'sclera_ring', 'globo']
[2/5] Reconstruindo conectividade C3D8 (4752 celulas)
      OK
[3/5] Escrevendo malha em on-caso-2_mesh.inp
      DURA_INNER_SURF: 240 faces (interface dura<->sas)
[4/5] Escrevendo Winkler em on-caso-2_winkler.inp (dura_outer + perturbation_strip = 240 faces, UNIFORME)
[5/5] Concluido. Total: 5317 nodes, 4752 hex C3D8I.
=== on-caso-2g (CCX): solver ccx_preCICE -i on-caso-2  [tag=k020k] ===

************************************************************

CalculiX Version 2.20, Copyright(C) 1998-2022 Guido Dhondt
CalculiX comes with ABSOLUTELY NO WARRANTY. This is free
software, and you are welcome to redistribute it under
certain conditions, see gpl.htm

************************************************************

You are using an executable made on Sun Jul 31 18:08:37 CEST 2022

  The numbers below are estimated upper bounds

  number of:

   nodes:        19837
   elements:         5016
   one-dimensional elements:            0
   two-dimensional elements:            0
   integration points per element:            8
   degrees of freedom per node:            3
   layers per element:            1

   distributed facial loads:          240
   distributed volumetric loads:            0
   concentrated loads:          409
   single point constraints:         3462
   multiple point constraints:            1
   terms in all multiple point constraints:            1
   tie constraints:            0
   dependent nodes tied by cyclic constraints:            0
   dependent nodes in pre-tension constraints:            0

   sets:          293
   terms in all sets:        18496

   materials:          272
   constants per material and temperature:            9
   temperature points per material:            1
   plastic data points per material:            0

   orientations:            1
   amplitudes:            7
   data points in all amplitudes:           10
   print requests:            8
   transformations:            0
   property cards:            0

 *INFO reading *HYPERELASTIC: nonlinear geometric
       effects are turned on

 *INFO reading *HYPERELASTIC: nonlinear geometric
       effects are turned on

 *INFO reading *HYPERELASTIC: nonlinear geometric
       effects are turned on

 *INFO reading *HYPERELASTIC: nonlinear geometric
       effects are turned on

 *INFO reading *HYPERELASTIC: nonlinear geometric
       effects are turned on

 *INFO reading *HYPERELASTIC: nonlinear geometric
       effects are turned on

 *INFO reading *HYPERELASTIC: nonlinear geometric
       effects are turned on

 *INFO reading *STEP: nonlinear geometric
       effects are turned on

 *WARNING reading *STATIC: parameter not recognized:
          RIKS
 *WARNING reading *STATIC. Card image:
          *STATIC,RIKS


 STEP            1

 Static analysis was selected

 Nonlinear material laws are taken into account

 Newton-Raphson iterative procedure is active

 Nonlinear geometric effects are taken into account

 Decascading the MPC's

 Determining the structure of the matrix:
 Using up to 1 cpu(s) for setting up the structure of the matrix.
 number of equations
 56265
 number of nonzero lower triangular matrix elements
 1607559

 increment 1 attempt 1 
 increment size= 2.500000e-02
 sum of previous increments=0.000000e+00
 actual step time=2.500000e-02
 actual total time=2.500000e-02

 iteration 1

 Using up to 1 cpu(s) for the stress calculation.

 Using up to 1 cpu(s) for the symmetric stiffness/mass contributions.

 Factoring the system of equations using the symmetric spooles solver
 Using up to 1 cpu(s) for spooles.

 Using up to 1 cpu(s) for the stress calculation.

 average force= 0.000006
 time avg. forc= 0.000006
 largest residual force= 0.000074 in node 2365 and dof 2
 largest increment of disp= 3.749433e-05
 largest correction to disp= 3.749433e-05 in node 4721 and dof 3

 no convergence

 iteration 2

 Using up to 1 cpu(s) for the symmetric stiffness/mass contributions.

 Factoring the system of equations using the symmetric spooles solver
 Using up to 1 cpu(s) for spooles.

 Using up to 1 cpu(s) for the stress calculation.

 average force= 0.000006
 time avg. forc= 0.000006
 largest residual force= 0.000000 in node 3920 and dof 2
 largest increment of disp= 3.749433e-05
 largest correction to disp= 8.887423e-08 in node 4069 and dof 3

 convergence

 increment 2 attempt 1 
 increment size= 2.500000e-02
 sum of previous increments=2.500000e-02
 actual step time=5.000000e-02
 actual total time=5.000000e-02

 iteration 1

 Using up to 1 cpu(s) for the stress calculation.

 Using up to 1 cpu(s) for the symmetric stiffness/mass contributions.

 Factoring the system of equations using the symmetric spooles solver
 Using up to 1 cpu(s) for spooles.

 Using up to 1 cpu(s) for the stress calculation.

 average force= 0.000012
 time avg. forc= 0.000009
 largest residual force= 0.000000 in node 3545 and dof 2
 largest increment of disp= 3.749442e-05
 largest correction to disp= 1.462134e-07 in node 16617 and dof 2

 no convergence

 iteration 2

 Using up to 1 cpu(s) for the symmetric stiffness/mass contributions.

 Factoring the system of equations using the symmetric spooles solver
 Using up to 1 cpu(s) for spooles.

 Using up to 1 cpu(s) for the stress calculation.

 average force= 0.000012
 time avg. forc= 0.000009
 largest residual force= 0.000000 in node 2239 and dof 2
 largest increment of disp= 3.749442e-05
 largest correction to disp= 3.206559e-10 in node 11276 and dof 2

 convergence; the increment size is increased to 3.750000e-02

 increment 3 attempt 1 
 increment size= 3.750000e-02
 sum of previous increments=5.000000e-02
 actual step time=8.750000e-02
 actual total time=8.750000e-02

 iteration 1

 Using up to 1 cpu(s) for the stress calculation.

 Using up to 1 cpu(s) for the symmetric stiffness/mass contributions.

 Factoring the system of equations using the symmetric spooles solver
 Using up to 1 cpu(s) for spooles.

 Using up to 1 cpu(s) for the stress calculation.

 average force= 0.000022
 time avg. forc= 0.000014
 largest residual force= 0.000000 in node 3920 and dof 2
 largest increment of disp= 5.624188e-05
 largest correction to disp= 4.000234e-07 in node 16257 and dof 1

 no convergence

 iteration 2

 Using up to 1 cpu(s) for the symmetric stiffness/mass contributions.

 Factoring the system of equations using the symmetric spooles solver
 Using up to 1 cpu(s) for spooles.

 Using up to 1 cpu(s) for the stress calculation.

 average force= 0.000022
 time avg. forc= 0.000014
 largest residual force= 0.000000 in node 2311 and dof 1
 largest increment of disp= 5.624188e-05
 largest correction to disp= 3.703533e-09 in node 11636 and dof 2

 convergence; the increment size is increased to 5.625000e-02

 the increment size exceeds the maximum allowed and is decreased to 5.000000e-02

 increment 4 attempt 1 
 increment size= 5.000000e-02
 sum of previous increments=8.750000e-02
 actual step time=1.375000e-01
 actual total time=1.375000e-01

 iteration 1

 Using up to 1 cpu(s) for the stress calculation.

 Using up to 1 cpu(s) for the symmetric stiffness/mass contributions.

 Factoring the system of equations using the symmetric spooles solver
 Using up to 1 cpu(s) for spooles.

 Using up to 1 cpu(s) for the stress calculation.

 average force= 0.000035
 time avg. forc= 0.000019
 largest residual force= 0.000044 in node 2169 and dof 1
 largest increment of disp= 7.498967e-05
 largest correction to disp= 1.340981e-06 in node 16971 and dof 1

 no convergence

 iteration 2

 Using up to 1 cpu(s) for the symmetric stiffness/mass contributions.

 Factoring the system of equations using the symmetric spooles solver
 Using up to 1 cpu(s) for spooles.

 Using up to 1 cpu(s) for the stress calculation.

 average force= 0.000035
 time avg. forc= 0.000019
 largest residual force= 0.000001 in node 2370 and dof 2
 largest increment of disp= 7.498967e-05
 largest correction to disp= 1.880358e-07 in node 11114 and dof 1

 no convergence

 iteration 3

 Using up to 1 cpu(s) for the symmetric stiffness/mass contributions.

 Factoring the system of equations using the symmetric spooles solver
 Using up to 1 cpu(s) for spooles.

 Using up to 1 cpu(s) for the stress calculation.

 average force= 0.000035
 time avg. forc= 0.000019
 largest residual force= 0.000000 in node 2311 and dof 1
 largest increment of disp= 7.498967e-05
 largest correction to disp= 2.368278e-09 in node 11114 and dof 1

 convergence; the increment size is increased to 7.500000e-02

 the increment size exceeds the maximum allowed and is decreased to 5.000000e-02

 increment 5 attempt 1 
 increment size= 5.000000e-02
 sum of previous increments=1.375000e-01
 actual step time=1.875000e-01
 actual total time=1.875000e-01

 iteration 1

 Using up to 1 cpu(s) for the stress calculation.

 Using up to 1 cpu(s) for the symmetric stiffness/mass contributions.

 Factoring the system of equations using the symmetric spooles solver
 Using up to 1 cpu(s) for spooles.

 Using up to 1 cpu(s) for the stress calculation.

 average force= 0.000054
 time avg. forc= 0.000026
 largest residual force= 0.001128 in node 2176 and dof 1
 largest increment of disp= 7.499023e-05
 largest correction to disp= 5.616738e-06 in node 11117 and dof 1

 no convergence

 iteration 2

 Using up to 1 cpu(s) for the symmetric stiffness/mass contributions.

 Factoring the system of equations using the symmetric spooles solver
 Using up to 1 cpu(s) for spooles.

 Using up to 1 cpu(s) for the stress calculation.

 average force= 0.000053
 time avg. forc= 0.000026
 largest residual force= 0.000394 in node 2245 and dof 2
 largest increment of disp= 7.499023e-05
 largest correction to disp= 3.295292e-06 in node 11294 and dof 2

 no convergence

 iteration 3

 Using up to 1 cpu(s) for the symmetric stiffness/mass contributions.

 Factoring the system of equations using the symmetric spooles solver
 Using up to 1 cpu(s) for spooles.

 Using up to 1 cpu(s) for the stress calculation.

 average force= 0.000053
 time avg. forc= 0.000026
 largest residual force= 0.000161 in node 2245 and dof 2
 largest increment of disp= 7.499023e-05
 largest correction to disp= 2.108293e-06 in node 11294 and dof 2

 no convergence

 iteration 4

 Using up to 1 cpu(s) for the symmetric stiffness/mass contributions.

 Factoring the system of equations using the symmetric spooles solver
 Using up to 1 cpu(s) for spooles.

 Using up to 1 cpu(s) for the stress calculation.

 average force= 0.000053
 time avg. forc= 0.000026
 largest residual force= 0.000007 in node 2245 and dof 2
 largest increment of disp= 7.499023e-05
 largest correction to disp= 4.482246e-07 in node 11294 and dof 2

 no convergence

 iteration 5

 Using up to 1 cpu(s) for the symmetric stiffness/mass contributions.

 Factoring the system of equations using the symmetric spooles solver
 Using up to 1 cpu(s) for spooles.

 Using up to 1 cpu(s) for the stress calculation.

 average force= 0.000053
 time avg. forc= 0.000026
 largest residual force= 0.000000 in node 2176 and dof 1
 largest increment of disp= 7.499023e-05
 largest correction to disp= 3.319455e-08 in node 11294 and dof 2

 convergence

 Using up to 1 cpu(s) for the stress calculation.

 increment 6 attempt 1 
 increment size= 5.000000e-02
 sum of previous increments=1.875000e-01
 actual step time=2.375000e-01
 actual total time=2.375000e-01

 iteration 1

 Using up to 1 cpu(s) for the stress calculation.

 Using up to 1 cpu(s) for the symmetric stiffness/mass contributions.

 Factoring the system of equations using the symmetric spooles solver
 Using up to 1 cpu(s) for spooles.

 Using up to 1 cpu(s) for the stress calculation.

 average force= 0.000104
 time avg. forc= 0.000039
 largest residual force= 0.004601 in node 2370 and dof 2
 largest increment of disp= 7.501965e-05
 largest correction to disp= 3.034371e-05 in node 17367 and dof 2

 no convergence

 iteration 2

 Using up to 1 cpu(s) for the symmetric stiffness/mass contributions.

 Factoring the system of equations using the symmetric spooles solver
 Using up to 1 cpu(s) for spooles.

 Using up to 1 cpu(s) for the stress calculation.

 average force= 0.000091
 time avg. forc= 0.000037
 largest residual force= 0.001775 in node 2370 and dof 2
 largest increment of disp= 7.501965e-05
 largest correction to disp= 6.965061e-06 in node 11639 and dof 2

 no convergence

 iteration 3

 Using up to 1 cpu(s) for the symmetric stiffness/mass contributions.

 Factoring the system of equations using the symmetric spooles solver
 Using up to 1 cpu(s) for spooles.

 Using up to 1 cpu(s) for the stress calculation.

 average force= 0.000098
 time avg. forc= 0.000038
 largest residual force= 0.002206 in node 4215 and dof 2
 largest increment of disp= 7.501965e-05
 largest correction to disp= 2.272712e-05 in node 16655 and dof 2

 no convergence

 iteration 4

 Using up to 1 cpu(s) for the symmetric stiffness/mass contributions.

 Factoring the system of equations using the symmetric spooles solver
 Using up to 1 cpu(s) for spooles.

 Using up to 1 cpu(s) for the stress calculation.

 average force= 0.000094
 time avg. forc= 0.000037
 largest residual force= 0.000091 in node 2370 and dof 2
 largest increment of disp= 7.501965e-05
 largest correction to disp= 3.024425e-06 in node 17009 and dof 1

 no convergence

 iteration 5

 Using up to 1 cpu(s) for the symmetric stiffness/mass contributions.

 Factoring the system of equations using the symmetric spooles solver
 Using up to 1 cpu(s) for spooles.

 Using up to 1 cpu(s) for the stress calculation.

 average force= 0.000088
 time avg. forc= 0.000036
 largest residual force= 0.001072 in node 4077 and dof 1
 largest increment of disp= 7.501965e-05
 largest correction to disp= 1.588122e-05 in node 16295 and dof 1

 no convergence

 iteration 6

 Using up to 1 cpu(s) for the symmetric stiffness/mass contributions.

 Factoring the system of equations using the symmetric spooles solver
 Using up to 1 cpu(s) for spooles.

 Using up to 1 cpu(s) for the stress calculation.

 average force= 0.000088
 time avg. forc= 0.000036
 largest residual force= 0.002144 in node 4215 and dof 2
 largest increment of disp= 7.501965e-05
 largest correction to disp= 2.245359e-05 in node 17009 and dof 1

 divergence; the increment size is decreased to 1.250000e-02
 the increment is reattempted

 increment 6 attempt 2 
 increment size= 1.250000e-02
 sum of previous increments=1.875000e-01
 actual step time=2.000000e-01
 actual total time=2.000000e-01

 iteration 1

 Using up to 1 cpu(s) for the stress calculation.

 Using up to 1 cpu(s) for the symmetric stiffness/mass contributions.

 Factoring the system of equations using the symmetric spooles solver
 Using up to 1 cpu(s) for spooles.

 Using up to 1 cpu(s) for the stress calculation.

 average force= 0.000059
 time avg. forc= 0.000031
 largest residual force= 0.000364 in node 2311 and dof 1
 largest increment of disp= 1.875491e-05
 largest correction to disp= 3.164416e-06 in node 11474 and dof 1

 no convergence

 iteration 2

 Using up to 1 cpu(s) for the symmetric stiffness/mass contributions.

 Factoring the system of equations using the symmetric spooles solver
 Using up to 1 cpu(s) for spooles.

 Using up to 1 cpu(s) for the stress calculation.

 average force= 0.000058
 time avg. forc= 0.000031
 largest residual force= 0.000004 in node 2370 and dof 2
 largest increment of disp= 1.875491e-05
 largest correction to disp= 3.455077e-07 in node 11474 and dof 1

 no convergence

 iteration 3

 Using up to 1 cpu(s) for the symmetric stiffness/mass contributions.

 Factoring the system of equations using the symmetric spooles solver
 Using up to 1 cpu(s) for spooles.

 Using up to 1 cpu(s) for the stress calculation.

 average force= 0.000058
 time avg. forc= 0.000031
 largest residual force= 0.000000 in node 2311 and dof 1
 largest increment of disp= 1.875491e-05
 largest correction to disp= 3.494484e-08 in node 11294 and dof 2

 convergence

 increment 7 attempt 1 
 increment size= 1.250000e-02
 sum of previous increments=2.000000e-01
 actual step time=2.125000e-01
 actual total time=2.125000e-01

 iteration 1

 Using up to 1 cpu(s) for the stress calculation.

 Using up to 1 cpu(s) for the symmetric stiffness/mass contributions.

 Factoring the system of equations using the symmetric spooles solver
 Using up to 1 cpu(s) for spooles.

 Using up to 1 cpu(s) for the stress calculation.

 average force= 0.000066
 time avg. forc= 0.000036
 largest residual force= 0.000028 in node 2176 and dof 1
 largest increment of disp= 1.875697e-05
 largest correction to disp= 1.084964e-06 in node 17333 and dof 2

 no convergence

 iteration 2

 Using up to 1 cpu(s) for the symmetric stiffness/mass contributions.

 Factoring the system of equations using the symmetric spooles solver
 Using up to 1 cpu(s) for spooles.

 Using up to 1 cpu(s) for the stress calculation.

 average force= 0.000066
 time avg. forc= 0.000036
 largest residual force= 0.000000 in node 2176 and dof 1
 largest increment of disp= 1.875697e-05
 largest correction to disp= 1.390014e-08 in node 11117 and dof 1

 convergence; the increment size is increased to 1.875000e-02

 increment 8 attempt 1 
 increment size= 1.875000e-02
 sum of previous increments=2.125000e-01
 actual step time=2.312500e-01
 actual total time=2.312500e-01

 iteration 1

 Using up to 1 cpu(s) for the stress calculation.

 Using up to 1 cpu(s) for the symmetric stiffness/mass contributions.

 Factoring the system of equations using the symmetric spooles solver
 Using up to 1 cpu(s) for spooles.

 Using up to 1 cpu(s) for the stress calculation.

 average force= 0.000085
 time avg. forc= 0.000042
 largest residual force= 0.000276 in node 4347 and dof 1
 largest increment of disp= 2.815169e-05
 largest correction to disp= 7.978345e-06 in node 16973 and dof 1

 no convergence

 iteration 2

 Using up to 1 cpu(s) for the symmetric stiffness/mass contributions.

 Factoring the system of equations using the symmetric spooles solver
 Using up to 1 cpu(s) for spooles.

 Using up to 1 cpu(s) for the stress calculation.

 average force= 0.000085
 time avg. forc= 0.000042
 largest residual force= 0.000004 in node 4091 and dof 1
 largest increment of disp= 2.815169e-05
 largest correction to disp= 9.717157e-07 in node 17015 and dof 1

 no convergence

 iteration 3

 Using up to 1 cpu(s) for the symmetric stiffness/mass contributions.

 Factoring the system of equations using the symmetric spooles solver
 Using up to 1 cpu(s) for spooles.

 Using up to 1 cpu(s) for the stress calculation.

 average force= 0.000085
 time avg. forc= 0.000042
 largest residual force= 0.000000 in node 4227 and dof 2
 largest increment of disp= 2.815169e-05
 largest correction to disp= 1.304783e-07 in node 17015 and dof 1

 convergence; the increment size is increased to 2.812500e-02

 increment 9 attempt 1 
 increment size= 2.812500e-02
 sum of previous increments=2.312500e-01
 actual step time=2.593750e-01
 actual total time=2.593750e-01

 iteration 1

 Using up to 1 cpu(s) for the stress calculation.

 Using up to 1 cpu(s) for the symmetric stiffness/mass contributions.

 Factoring the system of equations using the symmetric spooles solver
 Using up to 1 cpu(s) for spooles.

 Using up to 1 cpu(s) for the stress calculation.

 average force= 0.000245
 time avg. forc= 0.000065
 largest residual force= 0.028928 in node 4475 and dof 2
 largest increment of disp= 8.197466e-05
 largest correction to disp= 8.197466e-05 in node 17411 and dof 2

 no convergence

 iteration 2

 Using up to 1 cpu(s) for the symmetric stiffness/mass contributions.

 Factoring the system of equations using the symmetric spooles solver
 Using up to 1 cpu(s) for spooles.

 Using up to 1 cpu(s) for the stress calculation.

 average force= 0.000165
 time avg. forc= 0.000056
 largest residual force= 0.001104 in node 4063 and dof 1
 largest increment of disp= 8.197466e-05
 largest correction to disp= 1.605450e-05 in node 16253 and dof 1

 no convergence

 iteration 3

 Using up to 1 cpu(s) for the symmetric stiffness/mass contributions.

 Factoring the system of equations using the symmetric spooles solver
 Using up to 1 cpu(s) for spooles.

 Using up to 1 cpu(s) for the stress calculation.

 average force= 0.000149
 time avg. forc= 0.000054
 largest residual force= 0.001248 in node 3725 and dof 1
 largest increment of disp= 8.197466e-05
 largest correction to disp= 1.768243e-05 in node 16971 and dof 1

 no convergence

 iteration 4

 Using up to 1 cpu(s) for the symmetric stiffness/mass contributions.

 Factoring the system of equations using the symmetric spooles solver
 Using up to 1 cpu(s) for spooles.

 Using up to 1 cpu(s) for the stress calculation.

 average force= 0.000144
 time avg. forc= 0.000054
 largest residual force= 0.000134 in node 3743 and dof 1
 largest increment of disp= 8.197466e-05
 largest correction to disp= 5.846788e-06 in node 16653 and dof 2

 no convergence

 iteration 5

 Using up to 1 cpu(s) for the symmetric stiffness/mass contributions.

 Factoring the system of equations using the symmetric spooles solver
 Using up to 1 cpu(s) for spooles.

 Using up to 1 cpu(s) for the stress calculation.

 average force= 0.000143
 time avg. forc= 0.000053
 largest residual force= 0.000043 in node 3743 and dof 1
 largest increment of disp= 8.197466e-05
 largest correction to disp= 3.266501e-06 in node 16647 and dof 2

 no convergence

 iteration 6

 Using up to 1 cpu(s) for the symmetric stiffness/mass contributions.

 Factoring the system of equations using the symmetric spooles solver
 Using up to 1 cpu(s) for spooles.

 Using up to 1 cpu(s) for the stress calculation.

 average force= 0.000143
 time avg. forc= 0.000053
 largest residual force= 0.000001 in node 3338 and dof 1
 largest increment of disp= 8.197466e-05
 largest correction to disp= 5.523492e-07 in node 16293 and dof 1

 no convergence

 iteration 7

 Using up to 1 cpu(s) for the symmetric stiffness/mass contributions.

 Factoring the system of equations using the symmetric spooles solver
 Using up to 1 cpu(s) for spooles.

 Using up to 1 cpu(s) for the stress calculation.

 average force= 0.000143
 time avg. forc= 0.000053
 largest residual force= 0.000000 in node 3920 and dof 2
 largest increment of disp= 8.197466e-05
 largest correction to disp= 1.920316e-08 in node 16977 and dof 1

 convergence

 increment 10 attempt 1 
 increment size= 2.812500e-02
 sum of previous increments=2.593750e-01
 actual step time=2.875000e-01
 actual total time=2.875000e-01

 iteration 1

 Using up to 1 cpu(s) for the stress calculation.

 Using up to 1 cpu(s) for the symmetric stiffness/mass contributions.

 Factoring the system of equations using the symmetric spooles solver
 Using up to 1 cpu(s) for spooles.

 Using up to 1 cpu(s) for the stress calculation.

 average force= 0.000206
 time avg. forc= 0.000069
 largest residual force= 0.000785 in node 4077 and dof 1
 largest increment of disp= 6.691366e-05
 largest correction to disp= 1.301276e-05 in node 16259 and dof 1

 no convergence

 iteration 2

 Using up to 1 cpu(s) for the symmetric stiffness/mass contributions.

 Factoring the system of equations using the symmetric spooles solver
 Using up to 1 cpu(s) for spooles.

 Using up to 1 cpu(s) for the stress calculation.

 average force= 0.000193
 time avg. forc= 0.000067
 largest residual force= 0.000658 in node 4227 and dof 2
 largest increment of disp= 6.691366e-05
 largest correction to disp= 1.233103e-05 in node 17369 and dof 2

 no convergence

 iteration 3

 Using up to 1 cpu(s) for the symmetric stiffness/mass contributions.

 Factoring the system of equations using the symmetric spooles solver
 Using up to 1 cpu(s) for spooles.

 Using up to 1 cpu(s) for the stress calculation.

 average force= 0.000191
 time avg. forc= 0.000067
 largest residual force= 0.000015 in node 4475 and dof 2
 largest increment of disp= 6.691366e-05
 largest correction to disp= 1.882671e-06 in node 17369 and dof 2

 no convergence

 iteration 4

 Using up to 1 cpu(s) for the symmetric stiffness/mass contributions.

 Factoring the system of equations using the symmetric spooles solver
 Using up to 1 cpu(s) for spooles.

 Using up to 1 cpu(s) for the stress calculation.

 average force= 0.000191
 time avg. forc= 0.000067
 largest residual force= 0.000000 in node 4475 and dof 2
 largest increment of disp= 6.691366e-05
 largest correction to disp= 7.636231e-08 in node 16649 and dof 2

 convergence

 Using up to 1 cpu(s) for the stress calculation.

 increment 11 attempt 1 
 increment size= 2.812500e-02
 sum of previous increments=2.875000e-01
 actual step time=3.156250e-01
 actual total time=3.156250e-01

 iteration 1

 Using up to 1 cpu(s) for the stress calculation.

 Using up to 1 cpu(s) for the symmetric stiffness/mass contributions.

 Factoring the system of equations using the symmetric spooles solver
 Using up to 1 cpu(s) for spooles.

 Using up to 1 cpu(s) for the stress calculation.

 average force= 0.000233
 time avg. forc= 0.000082
 largest residual force= 0.000764 in node 3920 and dof 2
 largest increment of disp= 5.955238e-05
 largest correction to disp= 1.346010e-05 in node 16653 and dof 2

 no convergence

 iteration 2

 Using up to 1 cpu(s) for the symmetric stiffness/mass contributions.

 Factoring the system of equations using the symmetric spooles solver
 Using up to 1 cpu(s) for spooles.

 Using up to 1 cpu(s) for the stress calculation.

 average force= 0.000226
 time avg. forc= 0.000082
 largest residual force= 0.000508 in node 3545 and dof 2
 largest increment of disp= 5.955238e-05
 largest correction to disp= 1.122351e-05 in node 16647 and dof 2

 no convergence

 iteration 3

 Using up to 1 cpu(s) for the symmetric stiffness/mass contributions.

 Factoring the system of equations using the symmetric spooles solver
 Using up to 1 cpu(s) for spooles.

 Using up to 1 cpu(s) for the stress calculation.

 average force= 0.000226
 time avg. forc= 0.000082
 largest residual force= 0.000011 in node 3743 and dof 1
 largest increment of disp= 5.955238e-05
 largest correction to disp= 1.678620e-06 in node 17337 and dof 2

 no convergence

 iteration 4

 Using up to 1 cpu(s) for the symmetric stiffness/mass contributions.

 Factoring the system of equations using the symmetric spooles solver
 Using up to 1 cpu(s) for spooles.

 Using up to 1 cpu(s) for the stress calculation.

 average force= 0.000226
 time avg. forc= 0.000081
 largest residual force= 0.000000 in node 3545 and dof 2
 largest increment of disp= 5.955238e-05
 largest correction to disp= 5.829978e-08 in node 16251 and dof 1

 convergence; the increment size is increased to 4.218750e-02

 increment 12 attempt 1 
 increment size= 4.218750e-02
 sum of previous increments=3.156250e-01
 actual step time=3.578125e-01
 actual total time=3.578125e-01

 iteration 1

 Using up to 1 cpu(s) for the stress calculation.

 Using up to 1 cpu(s) for the symmetric stiffness/mass contributions.

 Factoring the system of equations using the symmetric spooles solver
 Using up to 1 cpu(s) for spooles.

 Using up to 1 cpu(s) for the stress calculation.

 average force= 0.000272
 time avg. forc= 0.000097
 largest residual force= 0.000315 in node 3743 and dof 1
 largest increment of disp= 6.592883e-05
 largest correction to disp= 8.798998e-06 in node 16293 and dof 1

 no convergence

 iteration 2

 Using up to 1 cpu(s) for the symmetric stiffness/mass contributions.

 Factoring the system of equations using the symmetric spooles solver
 Using up to 1 cpu(s) for spooles.

 Using up to 1 cpu(s) for the stress calculation.

 average force= 0.000270
 time avg. forc= 0.000097
 largest residual force= 0.000049 in node 3545 and dof 2
 largest increment of disp= 6.592883e-05
 largest correction to disp= 3.514190e-06 in node 17013 and dof 1

 no convergence

 iteration 3

 Using up to 1 cpu(s) for the symmetric stiffness/mass contributions.

 Factoring the system of equations using the symmetric spooles solver
 Using up to 1 cpu(s) for spooles.

 Using up to 1 cpu(s) for the stress calculation.

 average force= 0.000270
 time avg. forc= 0.000097
 largest residual force= 0.000000 in node 3743 and dof 1
 largest increment of disp= 6.592883e-05
 largest correction to disp= 1.297158e-07 in node 16977 and dof 1

 convergence; the increment size is increased to 6.328125e-02

 the increment size exceeds the maximum allowed and is decreased to 5.000000e-02

 increment 13 attempt 1 
 increment size= 5.000000e-02
 sum of previous increments=3.578125e-01
 actual step time=4.078125e-01
 actual total time=4.078125e-01

 iteration 1

 Using up to 1 cpu(s) for the stress calculation.

 Using up to 1 cpu(s) for the symmetric stiffness/mass contributions.

 Factoring the system of equations using the symmetric spooles solver
 Using up to 1 cpu(s) for spooles.

 Using up to 1 cpu(s) for the stress calculation.

 average force= 0.000316
 time avg. forc= 0.000114
 largest residual force= 0.000207 in node 3743 and dof 1
 largest increment of disp= 7.733637e-05
 largest correction to disp= 2.477961e-05 in node 13074 and dof 1

 no convergence

 iteration 2

 Using up to 1 cpu(s) for the symmetric stiffness/mass contributions.

 Factoring the system of equations using the symmetric spooles solver
 Using up to 1 cpu(s) for spooles.

 Using up to 1 cpu(s) for the stress calculation.

 average force= 0.000314
 time avg. forc= 0.000114
 largest residual force= 0.000014 in node 3563 and dof 2
 largest increment of disp= 7.733637e-05
 largest correction to disp= 5.504375e-06 in node 13074 and dof 1

 no convergence

 iteration 3

 Using up to 1 cpu(s) for the symmetric stiffness/mass contributions.

 Factoring the system of equations using the symmetric spooles solver
 Using up to 1 cpu(s) for spooles.

 Using up to 1 cpu(s) for the stress calculation.

 average force= 0.000314
 time avg. forc= 0.000114
 largest residual force= 0.000026 in node 296 and dof 2
 largest increment of disp= 7.733637e-05
 largest correction to disp= 1.472713e-05 in node 8304 and dof 2

 no convergence

 iteration 4

 Using up to 1 cpu(s) for the symmetric stiffness/mass contributions.

 Factoring the system of equations using the symmetric spooles solver
 Using up to 1 cpu(s) for spooles.

 Using up to 1 cpu(s) for the stress calculation.

 average force= 0.000314
 time avg. forc= 0.000114
 largest residual force= 0.000000 in node 342 and dof 2
 largest increment of disp= 7.733637e-05
 largest correction to disp= 1.477476e-06 in node 9384 and dof 1

 convergence; the increment size is increased to 7.500000e-02

 the increment size exceeds the maximum allowed and is decreased to 5.000000e-02

 increment 14 attempt 1 
 increment size= 5.000000e-02
 sum of previous increments=4.078125e-01
 actual step time=4.578125e-01
 actual total time=4.578125e-01

 iteration 1

 Using up to 1 cpu(s) for the stress calculation.

 Using up to 1 cpu(s) for the symmetric stiffness/mass contributions.

 Factoring the system of equations using the symmetric spooles solver
 Using up to 1 cpu(s) for spooles.

 Using up to 1 cpu(s) for the stress calculation.

 average force= 0.000353
 time avg. forc= 0.000131
 largest residual force= 0.000090 in node 3338 and dof 1
 largest increment of disp= 2.007117e-04
 largest correction to disp= 2.007117e-04 in node 12543 and dof 2

 no convergence

 iteration 2

 Using up to 1 cpu(s) for the symmetric stiffness/mass contributions.

 Factoring the system of equations using the symmetric spooles solver
 Using up to 1 cpu(s) for spooles.

 Using up to 1 cpu(s) for the stress calculation.

 average force= 0.000353
 time avg. forc= 0.000131
 largest residual force= 0.000006 in node 300 and dof 2
 largest increment of disp= 2.007117e-04
 largest correction to disp= 7.354400e-05 in node 12543 and dof 2

 no convergence

 iteration 3

 Using up to 1 cpu(s) for the symmetric stiffness/mass contributions.

 Factoring the system of equations using the symmetric spooles solver
 Using up to 1 cpu(s) for spooles.

 Using up to 1 cpu(s) for the stress calculation.

 average force= 0.000353
 time avg. forc= 0.000131
 largest residual force= 0.000008 in node 338 and dof 2
 largest increment of disp= 2.007117e-04
 largest correction to disp= 4.871097e-05 in node 12534 and dof 2

 no convergence

 iteration 4

 Using up to 1 cpu(s) for the symmetric stiffness/mass contributions.

 Factoring the system of equations using the symmetric spooles solver
 Using up to 1 cpu(s) for spooles.

 Using up to 1 cpu(s) for the stress calculation.

 average force= 0.000353
 time avg. forc= 0.000131
 largest residual force= 0.000000 in node 300 and dof 2
 largest increment of disp= 2.007117e-04
 largest correction to disp= 2.517159e-05 in node 12534 and dof 2

 convergence; the increment size is increased to 7.500000e-02

 the increment size exceeds the maximum allowed and is decreased to 5.000000e-02

 increment 15 attempt 1 
 increment size= 5.000000e-02
 sum of previous increments=4.578125e-01
 actual step time=5.078125e-01
 actual total time=5.078125e-01

 iteration 1

 Using up to 1 cpu(s) for the stress calculation.

 Using up to 1 cpu(s) for the symmetric stiffness/mass contributions.

 Factoring the system of equations using the symmetric spooles solver
 Using up to 1 cpu(s) for spooles.

 Using up to 1 cpu(s) for the stress calculation.

 average force= 0.000390
 time avg. forc= 0.000148
 largest residual force= 0.000042 in node 3563 and dof 2
 largest increment of disp= 7.858810e-05
 largest correction to disp= 2.728800e-05 in node 12534 and dof 2

 no convergence

 iteration 2

 Using up to 1 cpu(s) for the symmetric stiffness/mass contributions.

 Factoring the system of equations using the symmetric spooles solver
 Using up to 1 cpu(s) for spooles.

 Using up to 1 cpu(s) for the stress calculation.

 average force= 0.000389
 time avg. forc= 0.000148
 largest residual force= 0.000000 in node 1996 and dof 2
 largest increment of disp= 7.858810e-05
 largest correction to disp= 8.359703e-06 in node 13614 and dof 2

 convergence; the increment size is increased to 7.500000e-02

 the increment size exceeds the maximum allowed and is decreased to 5.000000e-02

 Using up to 1 cpu(s) for the stress calculation.

 increment 16 attempt 1 
 increment size= 5.000000e-02
 sum of previous increments=5.078125e-01
 actual step time=5.578125e-01
 actual total time=5.578125e-01

 iteration 1

 Using up to 1 cpu(s) for the stress calculation.

 Using up to 1 cpu(s) for the symmetric stiffness/mass contributions.

 Factoring the system of equations using the symmetric spooles solver
 Using up to 1 cpu(s) for spooles.

 Using up to 1 cpu(s) for the stress calculation.

 average force= 0.000448
 time avg. forc= 0.000167
 largest residual force= 0.002146 in node 1242 and dof 2
 largest increment of disp= 1.246636e-04
 largest correction to disp= 1.246636e-04 in node 8373 and dof 2

 no convergence

 iteration 2

 Using up to 1 cpu(s) for the symmetric stiffness/mass contributions.

 Factoring the system of equations using the symmetric spooles solver
 Using up to 1 cpu(s) for spooles.

 Using up to 1 cpu(s) for the stress calculation.

 average force= 0.000431
 time avg. forc= 0.000166
 largest residual force= 0.000036 in node 1229 and dof 2
 largest increment of disp= 1.246636e-04
 largest correction to disp= 9.460687e-06 in node 12543 and dof 2

 no convergence

 iteration 3

 Using up to 1 cpu(s) for the symmetric stiffness/mass contributions.

 Factoring the system of equations using the symmetric spooles solver
 Using up to 1 cpu(s) for spooles.

 Using up to 1 cpu(s) for the stress calculation.

 average force= 0.000428
 time avg. forc= 0.000166
 largest residual force= 0.000248 in node 1246 and dof 2
 largest increment of disp= 1.246636e-04
 largest correction to disp= 3.833586e-05 in node 8481 and dof 2

 no convergence

 iteration 4

 Using up to 1 cpu(s) for the symmetric stiffness/mass contributions.

 Factoring the system of equations using the symmetric spooles solver
 Using up to 1 cpu(s) for spooles.

 Using up to 1 cpu(s) for the stress calculation.

 average force= 0.000426
 time avg. forc= 0.000166
 largest residual force= 0.000121 in node 1999 and dof 2
 largest increment of disp= 1.246636e-04
 largest correction to disp= 3.042675e-05 in node 10629 and dof 2

 divergence; the increment size is decreased to 1.250000e-02
 the increment is reattempted

 increment 16 attempt 2 
 increment size= 1.250000e-02
 sum of previous increments=5.078125e-01
 actual step time=5.203125e-01
 actual total time=5.203125e-01

 iteration 1

 Using up to 1 cpu(s) for the stress calculation.

 Using up to 1 cpu(s) for the symmetric stiffness/mass contributions.

 Factoring the system of equations using the symmetric spooles solver
 Using up to 1 cpu(s) for spooles.

 Using up to 1 cpu(s) for the stress calculation.

 average force= 0.000398
 time avg. forc= 0.000164
 largest residual force= 0.000000 in node 3761 and dof 1
 largest increment of disp= 1.908289e-05
 largest correction to disp= 1.177459e-06 in node 14097 and dof 1

 no convergence

 iteration 2

 Using up to 1 cpu(s) for the symmetric stiffness/mass contributions.

 Factoring the system of equations using the symmetric spooles solver
 Using up to 1 cpu(s) for spooles.

 Using up to 1 cpu(s) for the stress calculation.

 average force= 0.000398
 time avg. forc= 0.000164
 largest residual force= 0.000000 in node 3359 and dof 1
 largest increment of disp= 1.908289e-05
 largest correction to disp= 1.934876e-08 in node 15771 and dof 2

 convergence

 increment 17 attempt 1 
 increment size= 1.250000e-02
 sum of previous increments=5.203125e-01
 actual step time=5.328125e-01
 actual total time=5.328125e-01

 iteration 1

 Using up to 1 cpu(s) for the stress calculation.

 Using up to 1 cpu(s) for the symmetric stiffness/mass contributions.

 Factoring the system of equations using the symmetric spooles solver
 Using up to 1 cpu(s) for spooles.

 Using up to 1 cpu(s) for the stress calculation.

 average force= 0.000407
 time avg. forc= 0.000178
 largest residual force= 0.000000 in node 338 and dof 2
 largest increment of disp= 1.905877e-05
 largest correction to disp= 1.330436e-06 in node 10533 and dof 2

 no convergence

 iteration 2

 Using up to 1 cpu(s) for the symmetric stiffness/mass contributions.

 Factoring the system of equations using the symmetric spooles solver
 Using up to 1 cpu(s) for spooles.

 Using up to 1 cpu(s) for the stress calculation.

 average force= 0.000407
 time avg. forc= 0.000178
 largest residual force= 0.000000 in node 2002 and dof 2
 largest increment of disp= 1.905877e-05
 largest correction to disp= 2.764142e-08 in node 10533 and dof 2

 convergence; the increment size is increased to 1.875000e-02

 increment 18 attempt 1 
 increment size= 1.875000e-02
 sum of previous increments=5.328125e-01
 actual step time=5.515625e-01
 actual total time=5.515625e-01

 iteration 1

 Using up to 1 cpu(s) for the stress calculation.

 Using up to 1 cpu(s) for the symmetric stiffness/mass contributions.

 Factoring the system of equations using the symmetric spooles solver
 Using up to 1 cpu(s) for spooles.

 Using up to 1 cpu(s) for the stress calculation.

 average force= 0.000419
 time avg. forc= 0.000192
 largest residual force= 0.000004 in node 1974 and dof 2
 largest increment of disp= 2.857579e-05
 largest correction to disp= 5.585813e-06 in node 10443 and dof 2

 no convergence

 iteration 2

 Using up to 1 cpu(s) for the symmetric stiffness/mass contributions.

 Factoring the system of equations using the symmetric spooles solver
 Using up to 1 cpu(s) for spooles.

 Using up to 1 cpu(s) for the stress calculation.

 average force= 0.000420
 time avg. forc= 0.000192
 largest residual force= 0.000000 in node 798 and dof 1
 largest increment of disp= 2.857579e-05
 largest correction to disp= 2.887400e-07 in node 7203 and dof 1

 convergence; the increment size is increased to 2.812500e-02

 increment 19 attempt 1 
 increment size= 2.812500e-02
 sum of previous increments=5.515625e-01
 actual step time=5.796875e-01
 actual total time=5.796875e-01

 iteration 1

 Using up to 1 cpu(s) for the stress calculation.

 Using up to 1 cpu(s) for the symmetric stiffness/mass contributions.

 Factoring the system of equations using the symmetric spooles solver
 Using up to 1 cpu(s) for spooles.

 Using up to 1 cpu(s) for the stress calculation.

 average force= 0.000439
 time avg. forc= 0.000205
 largest residual force= 0.000033 in node 1242 and dof 2
 largest increment of disp= 4.284215e-05
 largest correction to disp= 1.522330e-05 in node 10551 and dof 2

 no convergence

 iteration 2

 Using up to 1 cpu(s) for the symmetric stiffness/mass contributions.

 Factoring the system of equations using the symmetric spooles solver
 Using up to 1 cpu(s) for spooles.

 Using up to 1 cpu(s) for the stress calculation.

 average force= 0.000440
 time avg. forc= 0.000205
 largest residual force= 0.000000 in node 330 and dof 1
 largest increment of disp= 4.284215e-05
 largest correction to disp= 2.421340e-06 in node 7401 and dof 1

 convergence; the increment size is increased to 4.218750e-02

 increment 20 attempt 1 
 increment size= 4.218750e-02
 sum of previous increments=5.796875e-01
 actual step time=6.218750e-01
 actual total time=6.218750e-01

 iteration 1

 Using up to 1 cpu(s) for the stress calculation.

 Using up to 1 cpu(s) for the symmetric stiffness/mass contributions.

 Factoring the system of equations using the symmetric spooles solver
 Using up to 1 cpu(s) for spooles.

 Using up to 1 cpu(s) for the stress calculation.

 average force= 0.000470
 time avg. forc= 0.000218
 largest residual force= 0.000093 in node 2155 and dof 1
 largest increment of disp= 6.445216e-05
 largest correction to disp= 4.985031e-06 in node 10572 and dof 2

 no convergence

 iteration 2

 Using up to 1 cpu(s) for the symmetric stiffness/mass contributions.

 Factoring the system of equations using the symmetric spooles solver
 Using up to 1 cpu(s) for spooles.

 Using up to 1 cpu(s) for the stress calculation.

 average force= 0.000470
 time avg. forc= 0.000218
 largest residual force= 0.000008 in node 802 and dof 1
 largest increment of disp= 6.445216e-05
 largest correction to disp= 6.800529e-06 in node 9462 and dof 1

 no convergence

 iteration 3

 Using up to 1 cpu(s) for the symmetric stiffness/mass contributions.

 Factoring the system of equations using the symmetric spooles solver
 Using up to 1 cpu(s) for spooles.

 Using up to 1 cpu(s) for the stress calculation.

 average force= 0.000470
 time avg. forc= 0.000218
 largest residual force= 0.000000 in node 302 and dof 1
 largest increment of disp= 6.445216e-05
 largest correction to disp= 1.055848e-06 in node 8373 and dof 2

 convergence; the increment size is increased to 6.328125e-02

 the increment size exceeds the maximum allowed and is decreased to 5.000000e-02

 Using up to 1 cpu(s) for the stress calculation.

 increment 21 attempt 1 
 increment size= 5.000000e-02
 sum of previous increments=6.218750e-01
 actual step time=6.718750e-01
 actual total time=6.718750e-01

 iteration 1

 Using up to 1 cpu(s) for the stress calculation.

 Using up to 1 cpu(s) for the symmetric stiffness/mass contributions.

 Factoring the system of equations using the symmetric spooles solver
 Using up to 1 cpu(s) for spooles.

 Using up to 1 cpu(s) for the stress calculation.

 average force= 0.000506
 time avg. forc= 0.000232
 largest residual force= 0.000601 in node 2355 and dof 2
 largest increment of disp= 7.620759e-05
 largest correction to disp= 6.629211e-06 in node 8283 and dof 2

 no convergence

 iteration 2

 Using up to 1 cpu(s) for the symmetric stiffness/mass contributions.

 Factoring the system of equations using the symmetric spooles solver
 Using up to 1 cpu(s) for spooles.

 Using up to 1 cpu(s) for the stress calculation.

 average force= 0.000505
 time avg. forc= 0.000232
 largest residual force= 0.000007 in node 826 and dof 1
 largest increment of disp= 7.620759e-05
 largest correction to disp= 6.140961e-06 in node 8292 and dof 2

 no convergence

 iteration 3

 Using up to 1 cpu(s) for the symmetric stiffness/mass contributions.

 Factoring the system of equations using the symmetric spooles solver
 Using up to 1 cpu(s) for spooles.

 Using up to 1 cpu(s) for the stress calculation.

 average force= 0.000505
 time avg. forc= 0.000232
 largest residual force= 0.000000 in node 336 and dof 1
 largest increment of disp= 7.620759e-05
 largest correction to disp= 8.131903e-07 in node 8373 and dof 2

 convergence; the increment size is increased to 7.500000e-02

 the increment size exceeds the maximum allowed and is decreased to 5.000000e-02

 increment 22 attempt 1 
 increment size= 5.000000e-02
 sum of previous increments=6.718750e-01
 actual step time=7.218750e-01
 actual total time=7.218750e-01

 iteration 1

 Using up to 1 cpu(s) for the stress calculation.

 Using up to 1 cpu(s) for the symmetric stiffness/mass contributions.

 Factoring the system of equations using the symmetric spooles solver
 Using up to 1 cpu(s) for spooles.

 Using up to 1 cpu(s) for the stress calculation.

 average force= 0.000543
 time avg. forc= 0.000246
 largest residual force= 0.001551 in node 2155 and dof 1
 largest increment of disp= 7.599806e-05
 largest correction to disp= 6.462760e-06 in node 11042 and dof 1

 no convergence

 iteration 2

 Using up to 1 cpu(s) for the symmetric stiffness/mass contributions.

 Factoring the system of equations using the symmetric spooles solver
 Using up to 1 cpu(s) for spooles.

 Using up to 1 cpu(s) for the stress calculation.

 average force= 0.000544
 time avg. forc= 0.000246
 largest residual force= 0.000309 in node 2293 and dof 1
 largest increment of disp= 7.599806e-05
 largest correction to disp= 2.961300e-06 in node 11405 and dof 1

 no convergence

 iteration 3

 Using up to 1 cpu(s) for the symmetric stiffness/mass contributions.

 Factoring the system of equations using the symmetric spooles solver
 Using up to 1 cpu(s) for spooles.

 Using up to 1 cpu(s) for the stress calculation.

 average force= 0.000545
 time avg. forc= 0.000246
 largest residual force= 0.000002 in node 2355 and dof 2
 largest increment of disp= 7.599806e-05
 largest correction to disp= 2.549425e-07 in node 11225 and dof 2

 no convergence

 iteration 4

 Using up to 1 cpu(s) for the symmetric stiffness/mass contributions.

 Factoring the system of equations using the symmetric spooles solver
 Using up to 1 cpu(s) for spooles.

 Using up to 1 cpu(s) for the stress calculation.

 average force= 0.000545
 time avg. forc= 0.000246
 largest residual force= 0.000000 in node 2293 and dof 1
 largest increment of disp= 7.599806e-05
 largest correction to disp= 5.320300e-09 in node 11402 and dof 1

 convergence; the increment size is increased to 7.500000e-02

 the increment size exceeds the maximum allowed and is decreased to 5.000000e-02

 increment 23 attempt 1 
 increment size= 5.000000e-02
 sum of previous increments=7.218750e-01
 actual step time=7.718750e-01
 actual total time=7.718750e-01

 iteration 1

 Using up to 1 cpu(s) for the stress calculation.

 Using up to 1 cpu(s) for the symmetric stiffness/mass contributions.

 Factoring the system of equations using the symmetric spooles solver
 Using up to 1 cpu(s) for spooles.

 Using up to 1 cpu(s) for the stress calculation.

 average force= 0.000586
 time avg. forc= 0.000261
 largest residual force= 0.000953 in node 2355 and dof 2
 largest increment of disp= 7.607450e-05
 largest correction to disp= 5.099518e-06 in node 11246 and dof 2

 no convergence

 iteration 2

 Using up to 1 cpu(s) for the symmetric stiffness/mass contributions.

 Factoring the system of equations using the symmetric spooles solver
 Using up to 1 cpu(s) for spooles.

 Using up to 1 cpu(s) for the stress calculation.

 average force= 0.000595
 time avg. forc= 0.000261
 largest residual force= 0.003973 in node 2227 and dof 2
 largest increment of disp= 7.607450e-05
 largest correction to disp= 1.068785e-05 in node 11219 and dof 2

 no convergence

 iteration 3

 Using up to 1 cpu(s) for the symmetric stiffness/mass contributions.

 Factoring the system of equations using the symmetric spooles solver
 Using up to 1 cpu(s) for spooles.

 Using up to 1 cpu(s) for the stress calculation.

 average force= 0.000593
 time avg. forc= 0.000261
 largest residual force= 0.000002 in node 2227 and dof 2
 largest increment of disp= 7.607450e-05
 largest correction to disp= 2.506096e-07 in node 8340 and dof 2

 no convergence

 iteration 4

 Using up to 1 cpu(s) for the symmetric stiffness/mass contributions.

 Factoring the system of equations using the symmetric spooles solver
 Using up to 1 cpu(s) for spooles.

 Using up to 1 cpu(s) for the stress calculation.

 average force= 0.000593
 time avg. forc= 0.000261
 largest residual force= 0.000000 in node 2227 and dof 2
 largest increment of disp= 7.607450e-05
 largest correction to disp= 5.823923e-08 in node 11582 and dof 2

 convergence; the increment size is increased to 7.500000e-02

 the increment size exceeds the maximum allowed and is decreased to 5.000000e-02

 increment 24 attempt 1 
 increment size= 5.000000e-02
 sum of previous increments=7.718750e-01
 actual step time=8.218750e-01
 actual total time=8.218750e-01

 iteration 1

 Using up to 1 cpu(s) for the stress calculation.

 Using up to 1 cpu(s) for the symmetric stiffness/mass contributions.

 Factoring the system of equations using the symmetric spooles solver
 Using up to 1 cpu(s) for spooles.

 Using up to 1 cpu(s) for the stress calculation.

 average force= 0.000642
 time avg. forc= 0.000277
 largest residual force= 0.000497 in node 2006 and dof 2
 largest increment of disp= 7.648733e-05
 largest correction to disp= 6.032504e-05 in node 10557 and dof 2

 no convergence

 iteration 2

 Using up to 1 cpu(s) for the symmetric stiffness/mass contributions.

 Factoring the system of equations using the symmetric spooles solver
 Using up to 1 cpu(s) for spooles.

 Using up to 1 cpu(s) for the stress calculation.

 average force= 0.000656
 time avg. forc= 0.000277
 largest residual force= 0.011195 in node 2305 and dof 1
 largest increment of disp= 7.648733e-05
 largest correction to disp= 5.871017e-05 in node 7521 and dof 1

 no convergence

 iteration 3

 Using up to 1 cpu(s) for the symmetric stiffness/mass contributions.

 Factoring the system of equations using the symmetric spooles solver
 Using up to 1 cpu(s) for spooles.

 Using up to 1 cpu(s) for the stress calculation.

 average force= 0.000650
 time avg. forc= 0.000277
 largest residual force= 0.001269 in node 1976 and dof 2
 largest increment of disp= 9.621488e-05
 largest correction to disp= 9.621488e-05 in node 10557 and dof 2

 no convergence

 iteration 4

 Using up to 1 cpu(s) for the symmetric stiffness/mass contributions.

 Factoring the system of equations using the symmetric spooles solver
 Using up to 1 cpu(s) for spooles.

 Using up to 1 cpu(s) for the stress calculation.

 average force= 0.000651
 time avg. forc= 0.000277
 largest residual force= 0.001724 in node 826 and dof 1
 largest increment of disp= 9.621488e-05
 largest correction to disp= 8.333679e-05 in node 7413 and dof 1

 no convergence

 iteration 5

 Using up to 1 cpu(s) for the symmetric stiffness/mass contributions.

 Factoring the system of equations using the symmetric spooles solver
 Using up to 1 cpu(s) for spooles.

 Using up to 1 cpu(s) for the stress calculation.

 average force= 0.000649
 time avg. forc= 0.000277
 largest residual force= 0.000568 in node 1945 and dof 2
 largest increment of disp= 9.621488e-05
 largest correction to disp= 5.047246e-05 in node 10467 and dof 2

 no convergence

 iteration 6

 Using up to 1 cpu(s) for the symmetric stiffness/mass contributions.

 Factoring the system of equations using the symmetric spooles solver
 Using up to 1 cpu(s) for spooles.

 Using up to 1 cpu(s) for the stress calculation.

 average force= 0.000660
 time avg. forc= 0.000277
 largest residual force= 0.002386 in node 784 and dof 1
 largest increment of disp= 1.015245e-04
 largest correction to disp= 1.015245e-04 in node 7197 and dof 1

 no convergence

 iteration 7

 Using up to 1 cpu(s) for the symmetric stiffness/mass contributions.

 Factoring the system of equations using the symmetric spooles solver
 Using up to 1 cpu(s) for spooles.

 Using up to 1 cpu(s) for the stress calculation.

 average force= 0.000653
 time avg. forc= 0.000277
 largest residual force= 0.000262 in node 2169 and dof 1
 largest increment of disp= 1.015245e-04
 largest correction to disp= 1.319014e-05 in node 9354 and dof 1

 no convergence

 iteration 8

 Using up to 1 cpu(s) for the symmetric stiffness/mass contributions.

 Factoring the system of equations using the symmetric spooles solver
 Using up to 1 cpu(s) for spooles.

 Using up to 1 cpu(s) for the stress calculation.

 average force= 0.000653
 time avg. forc= 0.000277
 largest residual force= 0.000115 in node 2305 and dof 1
 largest increment of disp= 1.015245e-04
 largest correction to disp= 7.924546e-06 in node 7302 and dof 1

 estimated number of iterations till convergence = 14
 no convergence

 iteration 9

 Using up to 1 cpu(s) for the symmetric stiffness/mass contributions.

 Factoring the system of equations using the symmetric spooles solver
 Using up to 1 cpu(s) for spooles.

 Using up to 1 cpu(s) for the stress calculation.

 average force= 0.000653
 time avg. forc= 0.000277
 largest residual force= 0.000000 in node 2169 and dof 1
 largest increment of disp= 1.015245e-04
 largest correction to disp= 1.651277e-07 in node 11084 and dof 2

 convergence

 increment 25 attempt 1 
 increment size= 5.000000e-02
 sum of previous increments=8.218750e-01
 actual step time=8.718750e-01
 actual total time=8.718750e-01

 iteration 1

 Using up to 1 cpu(s) for the stress calculation.

 Using up to 1 cpu(s) for the symmetric stiffness/mass contributions.

 Factoring the system of equations using the symmetric spooles solver
 Using up to 1 cpu(s) for spooles.

 Using up to 1 cpu(s) for the stress calculation.

 average force= 0.000821
 time avg. forc= 0.000299
 largest residual force= 0.007992 in node 714 and dof 1
 largest increment of disp= 2.807963e-04
 largest correction to disp= 2.154174e-04 in node 10425 and dof 2

 no convergence

 iteration 2

 Using up to 1 cpu(s) for the symmetric stiffness/mass contributions.

 Factoring the system of equations using the symmetric spooles solver
 Using up to 1 cpu(s) for spooles.

 Using up to 1 cpu(s) for the stress calculation.

 average force= 0.001333
 time avg. forc= 0.000319
 largest residual force= 0.700258 in node 1611 and dof 2
 largest increment of disp= 1.663473e-03
 largest correction to disp= 1.663473e-03 in node 10455 and dof 1

 no convergence

 iteration 3

 Using up to 1 cpu(s) for the symmetric stiffness/mass contributions.

 Factoring the system of equations using the symmetric spooles solver
 Using up to 1 cpu(s) for spooles.

 Using up to 1 cpu(s) for the stress calculation.

 average force= 0.461192
 time avg. forc= 0.018714
 largest residual force= 495.392615 in node 704 and dof 3
 largest increment of disp= 8.370791e-03
 largest correction to disp= 8.370791e-03 in node 8073 and dof 2

 no convergence

 iteration 4

 Using up to 1 cpu(s) for the symmetric stiffness/mass contributions.

 Factoring the system of equations using the symmetric spooles solver
 Using up to 1 cpu(s) for spooles.

 Using up to 1 cpu(s) for the stress calculation.

 average force= 17741205.115335
 time avg. forc= 709648.204879
 largest residual force= 45639816985.955750 in node 9622 and dof 1
 largest increment of disp= 3.710348e-01
 largest correction to disp= 3.710348e-01 in node 9621 and dof 2

 divergence; the increment size is decreased to 1.250000e-02
 the increment is reattempted

 increment 25 attempt 2 
 increment size= 1.250000e-02
 sum of previous increments=8.218750e-01
 actual step time=8.343750e-01
 actual total time=8.343750e-01

 iteration 1

 Using up to 1 cpu(s) for the stress calculation.

 Using up to 1 cpu(s) for the symmetric stiffness/mass contributions.

 Factoring the system of equations using the symmetric spooles solver
 Using up to 1 cpu(s) for spooles.

 Using up to 1 cpu(s) for the stress calculation.

 average force= 0.000675
 time avg. forc= 0.000293
 largest residual force= 0.000619 in node 2245 and dof 2
 largest increment of disp= 7.019909e-05
 largest correction to disp= 2.748686e-05 in node 10371 and dof 2

 no convergence

 iteration 2

 Using up to 1 cpu(s) for the symmetric stiffness/mass contributions.

 Factoring the system of equations using the symmetric spooles solver
 Using up to 1 cpu(s) for spooles.

 Using up to 1 cpu(s) for the stress calculation.

 average force= 0.000670
 time avg. forc= 0.000293
 largest residual force= 0.000708 in node 2354 and dof 2
 largest increment of disp= 7.019909e-05
 largest correction to disp= 3.755650e-05 in node 8274 and dof 2

 no convergence

 iteration 3

 Using up to 1 cpu(s) for the symmetric stiffness/mass contributions.

 Factoring the system of equations using the symmetric spooles solver
 Using up to 1 cpu(s) for spooles.

 Using up to 1 cpu(s) for the stress calculation.

 average force= 0.000668
 time avg. forc= 0.000293
 largest residual force= 0.000150 in node 2162 and dof 1
 largest increment of disp= 7.019909e-05
 largest correction to disp= 1.090506e-05 in node 8184 and dof 2

 no convergence

 iteration 4

 Using up to 1 cpu(s) for the symmetric stiffness/mass contributions.

 Factoring the system of equations using the symmetric spooles solver
 Using up to 1 cpu(s) for spooles.

 Using up to 1 cpu(s) for the stress calculation.

 average force= 0.000667
 time avg. forc= 0.000293
 largest residual force= 0.000020 in node 2293 and dof 1
 largest increment of disp= 7.019909e-05
 largest correction to disp= 6.771554e-06 in node 9354 and dof 1

 no convergence

 iteration 5

 Using up to 1 cpu(s) for the symmetric stiffness/mass contributions.

 Factoring the system of equations using the symmetric spooles solver
 Using up to 1 cpu(s) for spooles.

 Using up to 1 cpu(s) for the stress calculation.

 average force= 0.000667
 time avg. forc= 0.000293
 largest residual force= 0.000000 in node 2233 and dof 2
 largest increment of disp= 7.019909e-05
 largest correction to disp= 5.828058e-07 in node 8184 and dof 2

 convergence

 Using up to 1 cpu(s) for the stress calculation.

 increment 26 attempt 1 
 increment size= 1.250000e-02
 sum of previous increments=8.343750e-01
 actual step time=8.468750e-01
 actual total time=8.468750e-01

 iteration 1

 Using up to 1 cpu(s) for the stress calculation.

 Using up to 1 cpu(s) for the symmetric stiffness/mass contributions.

 Factoring the system of equations using the symmetric spooles solver
 Using up to 1 cpu(s) for spooles.

 Using up to 1 cpu(s) for the stress calculation.

 average force= 0.000681
 time avg. forc= 0.000308
 largest residual force= 0.000027 in node 2162 and dof 1
 largest increment of disp= 1.983266e-05
 largest correction to disp= 1.415208e-06 in node 12531 and dof 2

 no convergence

 iteration 2

 Using up to 1 cpu(s) for the symmetric stiffness/mass contributions.

 Factoring the system of equations using the symmetric spooles solver
 Using up to 1 cpu(s) for spooles.

 Using up to 1 cpu(s) for the stress calculation.

 average force= 0.000681
 time avg. forc= 0.000308
 largest residual force= 0.000080 in node 2365 and dof 2
 largest increment of disp= 1.983266e-05
 largest correction to disp= 1.580224e-06 in node 10493 and dof 1

 no convergence

 iteration 3

 Using up to 1 cpu(s) for the symmetric stiffness/mass contributions.

 Factoring the system of equations using the symmetric spooles solver
 Using up to 1 cpu(s) for spooles.

 Using up to 1 cpu(s) for the stress calculation.

 average force= 0.000681
 time avg. forc= 0.000308
 largest residual force= 0.000000 in node 2365 and dof 2
 largest increment of disp= 1.983266e-05
 largest correction to disp= 5.736855e-08 in node 11276 and dof 1

 convergence

 increment 27 attempt 1 
 increment size= 1.250000e-02
 sum of previous increments=8.468750e-01
 actual step time=8.593750e-01
 actual total time=8.593750e-01

 iteration 1

 Using up to 1 cpu(s) for the stress calculation.

 Using up to 1 cpu(s) for the symmetric stiffness/mass contributions.

 Factoring the system of equations using the symmetric spooles solver
 Using up to 1 cpu(s) for spooles.

 Using up to 1 cpu(s) for the stress calculation.

 average force= 0.000693
 time avg. forc= 0.000322
 largest residual force= 0.000020 in node 2360 and dof 2
 largest increment of disp= 1.969159e-05
 largest correction to disp= 9.503733e-07 in node 12513 and dof 2

 no convergence

 iteration 2

 Using up to 1 cpu(s) for the symmetric stiffness/mass contributions.

 Factoring the system of equations using the symmetric spooles solver
 Using up to 1 cpu(s) for spooles.

 Using up to 1 cpu(s) for the stress calculation.

 average force= 0.000693
 time avg. forc= 0.000322
 largest residual force= 0.000035 in node 2239 and dof 2
 largest increment of disp= 1.969159e-05
 largest correction to disp= 1.055980e-06 in node 12513 and dof 1

 no convergence

 iteration 3

 Using up to 1 cpu(s) for the symmetric stiffness/mass contributions.

 Factoring the system of equations using the symmetric spooles solver
 Using up to 1 cpu(s) for spooles.

 Using up to 1 cpu(s) for the stress calculation.

 average force= 0.000693
 time avg. forc= 0.000322
 largest residual force= 0.000000 in node 2169 and dof 1
 largest increment of disp= 1.969159e-05
 largest correction to disp= 2.185936e-08 in node 11264 and dof 1

 convergence; the increment size is increased to 1.875000e-02

 increment 28 attempt 1 
 increment size= 1.875000e-02
 sum of previous increments=8.593750e-01
 actual step time=8.781250e-01
 actual total time=8.781250e-01

 iteration 1

 Using up to 1 cpu(s) for the stress calculation.

 Using up to 1 cpu(s) for the symmetric stiffness/mass contributions.

 Factoring the system of equations using the symmetric spooles solver
 Using up to 1 cpu(s) for spooles.

 Using up to 1 cpu(s) for the stress calculation.

 average force= 0.000712
 time avg. forc= 0.000336
 largest residual force= 0.000034 in node 2299 and dof 1
 largest increment of disp= 2.938128e-05
 largest correction to disp= 1.375975e-06 in node 13668 and dof 2

 no convergence

 iteration 2

 Using up to 1 cpu(s) for the symmetric stiffness/mass contributions.

 Factoring the system of equations using the symmetric spooles solver
 Using up to 1 cpu(s) for spooles.

 Using up to 1 cpu(s) for the stress calculation.

 average force= 0.000712
 time avg. forc= 0.000336
 largest residual force= 0.000066 in node 2365 and dof 2
 largest increment of disp= 2.938128e-05
 largest correction to disp= 1.569239e-06 in node 13593 and dof 1

 no convergence

 iteration 3

 Using up to 1 cpu(s) for the symmetric stiffness/mass contributions.

 Factoring the system of equations using the symmetric spooles solver
 Using up to 1 cpu(s) for spooles.

 Using up to 1 cpu(s) for the stress calculation.

 average force= 0.000712
 time avg. forc= 0.000336
 largest residual force= 0.000000 in node 2360 and dof 2
 largest increment of disp= 2.938128e-05
 largest correction to disp= 3.833382e-08 in node 11435 and dof 2

 convergence; the increment size is increased to 2.812500e-02

 increment 29 attempt 1 
 increment size= 2.812500e-02
 sum of previous increments=8.781250e-01
 actual step time=9.062500e-01
 actual total time=9.062500e-01

 iteration 1

 Using up to 1 cpu(s) for the stress calculation.

 Using up to 1 cpu(s) for the symmetric stiffness/mass contributions.

 Factoring the system of equations using the symmetric spooles solver
 Using up to 1 cpu(s) for spooles.

 Using up to 1 cpu(s) for the stress calculation.

 average force= 0.000738
 time avg. forc= 0.000350
 largest residual force= 0.000073 in node 2162 and dof 1
 largest increment of disp= 4.386436e-05
 largest correction to disp= 2.714918e-06 in node 12048 and dof 1

 no convergence

 iteration 2

 Using up to 1 cpu(s) for the symmetric stiffness/mass contributions.

 Factoring the system of equations using the symmetric spooles solver
 Using up to 1 cpu(s) for spooles.

 Using up to 1 cpu(s) for the stress calculation.

 average force= 0.000738
 time avg. forc= 0.000350
 largest residual force= 0.000173 in node 2239 and dof 2
 largest increment of disp= 4.386436e-05
 largest correction to disp= 2.841892e-06 in node 12513 and dof 1

 no convergence

 iteration 3

 Using up to 1 cpu(s) for the symmetric stiffness/mass contributions.

 Factoring the system of equations using the symmetric spooles solver
 Using up to 1 cpu(s) for spooles.

 Using up to 1 cpu(s) for the stress calculation.

 average force= 0.000738
 time avg. forc= 0.000350
 largest residual force= 0.000000 in node 2360 and dof 2
 largest increment of disp= 4.386436e-05
 largest correction to disp= 9.605456e-08 in node 11615 and dof 1

 convergence; the increment size is increased to 4.218750e-02

 increment 30 attempt 1 
 increment size= 4.218750e-02
 sum of previous increments=9.062500e-01
 actual step time=9.484375e-01
 actual total time=9.484375e-01

 iteration 1

 Using up to 1 cpu(s) for the stress calculation.

 Using up to 1 cpu(s) for the symmetric stiffness/mass contributions.

 Factoring the system of equations using the symmetric spooles solver
 Using up to 1 cpu(s) for spooles.

 Using up to 1 cpu(s) for the stress calculation.

 average force= 0.000775
 time avg. forc= 0.000364
 largest residual force= 0.000148 in node 2299 and dof 1
 largest increment of disp= 6.547623e-05
 largest correction to disp= 5.146870e-06 in node 13677 and dof 2

 no convergence

 iteration 2

 Using up to 1 cpu(s) for the symmetric stiffness/mass contributions.

 Factoring the system of equations using the symmetric spooles solver
 Using up to 1 cpu(s) for spooles.

 Using up to 1 cpu(s) for the stress calculation.

 average force= 0.000775
 time avg. forc= 0.000364
 largest residual force= 0.000376 in node 2305 and dof 1
 largest increment of disp= 6.547623e-05
 largest correction to disp= 4.905530e-06 in node 13089 and dof 1

 no convergence

 iteration 3

 Using up to 1 cpu(s) for the symmetric stiffness/mass contributions.

 Factoring the system of equations using the symmetric spooles solver
 Using up to 1 cpu(s) for spooles.

 Using up to 1 cpu(s) for the stress calculation.

 average force= 0.000775
 time avg. forc= 0.000364
 largest residual force= 0.000001 in node 2360 and dof 2
 largest increment of disp= 6.547623e-05
 largest correction to disp= 2.110006e-07 in node 13638 and dof 1

 convergence; the increment size is increased to 6.328125e-02

 the increment size exceeds the maximum allowed and is decreased to 5.000000e-02

 Using up to 1 cpu(s) for the stress calculation.

 increment 31 attempt 1 
 increment size= 5.000000e-02
 sum of previous increments=9.484375e-01
 actual step time=9.984375e-01
 actual total time=9.984375e-01

 iteration 1

 Using up to 1 cpu(s) for the stress calculation.

 Using up to 1 cpu(s) for the symmetric stiffness/mass contributions.

 Factoring the system of equations using the symmetric spooles solver
 Using up to 1 cpu(s) for spooles.

 Using up to 1 cpu(s) for the stress calculation.

 average force= 0.000816
 time avg. forc= 0.000379
 largest residual force= 0.000172 in node 2299 and dof 1
 largest increment of disp= 7.723274e-05
 largest correction to disp= 6.037166e-06 in node 13137 and dof 1

 no convergence

 iteration 2

 Using up to 1 cpu(s) for the symmetric stiffness/mass contributions.

 Factoring the system of equations using the symmetric spooles solver
 Using up to 1 cpu(s) for spooles.

 Using up to 1 cpu(s) for the stress calculation.

 average force= 0.000816
 time avg. forc= 0.000379
 largest residual force= 0.000342 in node 2365 and dof 2
 largest increment of disp= 7.723274e-05
 largest correction to disp= 5.352713e-06 in node 13137 and dof 1

 no convergence

 iteration 3

 Using up to 1 cpu(s) for the symmetric stiffness/mass contributions.

 Factoring the system of equations using the symmetric spooles solver
 Using up to 1 cpu(s) for spooles.

 Using up to 1 cpu(s) for the stress calculation.

 average force= 0.000816
 time avg. forc= 0.000379
 largest residual force= 0.000001 in node 2162 and dof 1
 largest increment of disp= 7.723274e-05
 largest correction to disp= 2.012643e-07 in node 13638 and dof 1

 convergence; the increment size is increased to 7.500000e-02

 the increment size exceeds the maximum allowed and is decreased to 5.000000e-02

 the increment size exceeds the remainder of the step and is decreased to 1.562500e-03

 increment 32 attempt 1 
 increment size= 1.562500e-03
 sum of previous increments=9.984375e-01
 actual step time=1.000000e+00
 actual total time=1.000000e+00

 iteration 1

 Using up to 1 cpu(s) for the stress calculation.

 Using up to 1 cpu(s) for the symmetric stiffness/mass contributions.

 Factoring the system of equations using the symmetric spooles solver
 Using up to 1 cpu(s) for spooles.

 Using up to 1 cpu(s) for the stress calculation.

 average force= 0.000817
 time avg. forc= 0.000392
 largest residual force= 0.000000 in node 2239 and dof 2
 largest increment of disp= 2.405369e-06
 largest correction to disp= 7.497440e-08 in node 7197 and dof 1

 no convergence

 iteration 2

 Using up to 1 cpu(s) for the symmetric stiffness/mass contributions.

 Factoring the system of equations using the symmetric spooles solver
 Using up to 1 cpu(s) for spooles.

 Using up to 1 cpu(s) for the stress calculation.

 average force= 0.000817
 time avg. forc= 0.000392
 largest residual force= 0.000000 in node 2299 and dof 1
 largest increment of disp= 2.405369e-06
 largest correction to disp= 4.985330e-09 in node 12597 and dof 2

 convergence; the increment size is increased to 2.343750e-03

 the increment size exceeds the remainder of the step and is decreased to 0.000000e+00

 Using up to 1 cpu(s) for the stress calculation.


 Job finished

________________________________________

Total CalculiX Time: 297.041890
________________________________________
=== on-caso-2g (CCX): renomeando outputs _k020k ===

=== Concluido [k=20000 Pa/m, tag=k020k]. Outputs: ===
-rw-r--r-- 1 ubuntu ubuntu  1055163 Jun  1 00:56 on-caso-2_k020k.1.vtu
-rw-r--r-- 1 ubuntu ubuntu  1051445 Jun  1 00:56 on-caso-2_k020k.2.vtu
-rw-r--r-- 1 ubuntu ubuntu  1037187 Jun  1 00:56 on-caso-2_k020k.3.vtu
-rw-r--r-- 1 ubuntu ubuntu  1038306 Jun  1 00:56 on-caso-2_k020k.4.vtu
-rw-r--r-- 1 ubuntu ubuntu  1012067 Jun  1 00:56 on-caso-2_k020k.5.vtu
-rw-r--r-- 1 ubuntu ubuntu  1030107 Jun  1 00:56 on-caso-2_k020k.6.vtu
-rw-r--r-- 1 ubuntu ubuntu  1035558 Jun  1 00:56 on-caso-2_k020k.7.vtu
-rw-r--r-- 1 ubuntu ubuntu  1017125 Jun  1 00:56 on-caso-2_k020k.8.vtu
-rw-r--r-- 1 ubuntu ubuntu  1031286 Jun  1 00:56 on-caso-2_k020k.9.vtu
-rw-r--r-- 1 ubuntu ubuntu    10114 Jun 17 02:10 on-caso-2_k020k.cvg
-rw-r--r-- 1 ubuntu ubuntu   273336 Jun 17 02:10 on-caso-2_k020k.dat
-rw-r--r-- 1 ubuntu ubuntu 12503970 Jun 17 02:10 on-caso-2_k020k.frd
-rw-r--r-- 1 ubuntu ubuntu      678 Jun  1 00:56 on-caso-2_k020k.pvd
-rw-r--r-- 1 ubuntu ubuntu     2618 Jun 17 02:10 on-caso-2_k020k.sta
