=== on-caso-4: (re)gerando polyMesh com CONTACT_BOX=(2.3941e-03 -5.3702e-04 2.0840e-02) (2.6000e-03 5.3702e-04 2.4160e-02) ===
50:            box (2.3941e-03 -5.3702e-04 2.0840e-02) (2.6000e-03 5.3702e-04 2.4160e-02);
/*---------------------------------------------------------------------------*\
| =========                 |                                                 |
| \\      /  F ield         | OpenFOAM: The Open Source CFD Toolbox           |
|  \\    /   O peration     | Version:  2512                                  |
|   \\  /    A nd           | Website:  www.openfoam.com                      |
|    \\/     M anipulation  |                                                 |
\*---------------------------------------------------------------------------*/
Build  : _bd2b6720-20260127 OPENFOAM=2512 version=2512
Arch   : "LSB;label=32;scalar=64"
Exec   : blockMesh
Date   : Jun 06 2026
Time   : 02:03:10
Host   : 92d379eb91b7
PID    : 223
I/O    : uncollated
Case   : /simulation/on-caso-4/solid
nProcs : 1
trapFpe: Floating point exception trapping enabled (FOAM_SIGFPE).
memory pool : not available
fileModificationChecking : Monitoring run-time modified files using timeStampMaster (fileModificationSkew 5, maxFileModificationPolls 20)
allowSystemOperations : Allowing user-supplied system call operations

// * * * * * * * * * * * * * * * * * * * * * * * * * * * * * * * * * * * * * //
Create time

--> FOAM Warning : 
    From void* Foam::dlLibraryTable::openLibrary(const Foam::fileName&, bool)
    in file db/dynamicLibrary/dlLibraryTable/dlLibraryTable.C at line 188
    Could not load "$FOAM_CASE/../src/elasticFoundation/libsolidTractionElasticFoundation.so"
/simulation/on-caso-4/solid/../src/elasticFoundation/libsolidTractionElasticFoundation.so: cannot open shared object file: No such file or directory
Creating block mesh from "system/blockMeshDict"
Creating block edges
No non-planar block faces defined
Creating topology blocks

Creating topology patches - from boundary section

Creating block mesh topology - scaling/transform applied later

Check topology

	Basic statistics
		Number of internal faces : 162
		Number of boundary faces : 54
		Number of defined boundary faces : 54
		Number of undefined boundary faces : 0
	Checking patch -> block consistency

Creating block offsets
Creating merge list (topological search)...
Deleting polyMesh directory "constant/polyMesh"

Creating polyMesh from blockMesh
Creating patches
Creating cells
Creating points with scale (0.001 0.001 0.001)
    Block 0 cell size :
        i : 0.000125 .. 0.000125
        j : 0.000125 .. 0.000125
        k : 0.0015 .. 0.0015

    Block 1 cell size :
        i : 3.6611632e-05 .. 3.6611632e-05
        j : 0.000125 .. 0.000125
        k : 0.0015 .. 0.0015

    Block 2 cell size :
        i : 3.6611632e-05 .. 3.6611632e-05
        j : 0.000125 .. 0.000125
        k : 0.0015 .. 0.0015

    Block 3 cell size :
        i : 3.6611632e-05 .. 3.6611632e-05
        j : 0.000125 .. 0.000125
        k : 0.0015 .. 0.0015

    Block 4 cell size :
        i : 3.6611632e-05 .. 3.6611632e-05
        j : 0.000125 .. 0.000125
        k : 0.0015 .. 0.0015

    Block 5 cell size :
        i : 5.0000935e-05 .. 5.0000935e-05
        j : 0.00019620938 .. 0.00019620938
        k : 0.0015 .. 0.0015

    Block 6 cell size :
        i : 5.0000935e-05 .. 5.0000935e-05
        j : 0.00019620938 .. 0.00019620938
        k : 0.0015 .. 0.0015

    Block 7 cell size :
        i : 5.0000935e-05 .. 5.0000935e-05
        j : 0.00019620938 .. 0.00019620938
        k : 0.0015 .. 0.0015

    Block 8 cell size :
        i : 5.0000935e-05 .. 5.0000935e-05
        j : 0.00019620938 .. 0.00019620938
        k : 0.0015 .. 0.0015

    Block 9 cell size :
        i : 0.00014999998 .. 0.00014999998
        j : 0.00020274973 .. 0.00020274973
        k : 0.0015 .. 0.0015

    Block 10 cell size :
        i : 0.00014999998 .. 0.00014999998
        j : 0.00020274973 .. 0.00020274973
        k : 0.0015 .. 0.0015

    Block 11 cell size :
        i : 0.00014999998 .. 0.00014999998
        j : 0.00020274973 .. 0.00020274973
        k : 0.0015 .. 0.0015

    Block 12 cell size :
        i : 0.00014999998 .. 0.00014999998
        j : 0.00020274973 .. 0.00020274973
        k : 0.0015 .. 0.0015

    Block 13 cell size :
        i : 0.00011666649 .. 0.00011666649
        j : 0.00026161254 .. 0.00026161254
        k : 0.0015 .. 0.0015

    Block 14 cell size :
        i : 0.00011666649 .. 0.00011666649
        j : 0.00026161254 .. 0.00026161254
        k : 0.0015 .. 0.0015

    Block 15 cell size :
        i : 0.00011666649 .. 0.00011666649
        j : 0.00026161254 .. 0.00026161254
        k : 0.0015 .. 0.0015

    Block 16 cell size :
        i : 0.00011666649 .. 0.00011666649
        j : 0.00026161254 .. 0.00026161254
        k : 0.0015 .. 0.0015

    Block 17 cell size :
        i : 7.4999988e-05 .. 7.4999988e-05
        j : 0.00030739471 .. 0.00030739471
        k : 0.0015 .. 0.0015

    Block 18 cell size :
        i : 7.4999988e-05 .. 7.4999988e-05
        j : 0.00030739471 .. 0.00030739471
        k : 0.0015 .. 0.0015

    Block 19 cell size :
        i : 7.4999988e-05 .. 7.4999988e-05
        j : 0.00030739471 .. 0.00030739471
        k : 0.0015 .. 0.0015

    Block 20 cell size :
        i : 7.4999988e-05 .. 7.4999988e-05
        j : 0.00030739471 .. 0.00030739471
        k : 0.0015 .. 0.0015

    Block 21 cell size :
        i : 0.000125 .. 0.000125
        j : 0.000125 .. 0.000125
        k : 0.00015 .. 0.00015

    Block 22 cell size :
        i : 3.6611632e-05 .. 3.6611632e-05
        j : 0.000125 .. 0.000125
        k : 0.00015 .. 0.00015

    Block 23 cell size :
        i : 3.6611632e-05 .. 3.6611632e-05
        j : 0.000125 .. 0.000125
        k : 0.00015 .. 0.00015

    Block 24 cell size :
        i : 3.6611632e-05 .. 3.6611632e-05
        j : 0.000125 .. 0.000125
        k : 0.00015 .. 0.00015

    Block 25 cell size :
        i : 3.6611632e-05 .. 3.6611632e-05
        j : 0.000125 .. 0.000125
        k : 0.00015 .. 0.00015

    Block 26 cell size :
        i : 5.0000935e-05 .. 5.0000935e-05
        j : 0.00019620938 .. 0.00019620938
        k : 0.00015 .. 0.00015

    Block 27 cell size :
        i : 5.0000935e-05 .. 5.0000935e-05
        j : 0.00019620938 .. 0.00019620938
        k : 0.00015 .. 0.00015

    Block 28 cell size :
        i : 5.0000935e-05 .. 5.0000935e-05
        j : 0.00019620938 .. 0.00019620938
        k : 0.00015 .. 0.00015

    Block 29 cell size :
        i : 5.0000935e-05 .. 5.0000935e-05
        j : 0.00019620938 .. 0.00019620938
        k : 0.00015 .. 0.00015

    Block 30 cell size :
        i : 0.00014999998 .. 0.00014999998
        j : 0.00020274973 .. 0.00020274973
        k : 0.00015 .. 0.00015

    Block 31 cell size :
        i : 0.00014999998 .. 0.00014999998
        j : 0.00020274973 .. 0.00020274973
        k : 0.00015 .. 0.00015

    Block 32 cell size :
        i : 0.00014999998 .. 0.00014999998
        j : 0.00020274973 .. 0.00020274973
        k : 0.00015 .. 0.00015

    Block 33 cell size :
        i : 0.00014999998 .. 0.00014999998
        j : 0.00020274973 .. 0.00020274973
        k : 0.00015 .. 0.00015

    Block 34 cell size :
        i : 0.00011666649 .. 0.00011666649
        j : 0.00026161254 .. 0.00026161254
        k : 0.00015 .. 0.00015

    Block 35 cell size :
        i : 0.00011666649 .. 0.00011666649
        j : 0.00026161254 .. 0.00026161254
        k : 0.00015 .. 0.00015

    Block 36 cell size :
        i : 0.00011666649 .. 0.00011666649
        j : 0.00026161254 .. 0.00026161254
        k : 0.00015 .. 0.00015

    Block 37 cell size :
        i : 0.00011666649 .. 0.00011666649
        j : 0.00026161254 .. 0.00026161254
        k : 0.00015 .. 0.00015

    Block 38 cell size :
        i : 7.4999988e-05 .. 7.4999988e-05
        j : 0.00030739471 .. 0.00030739471
        k : 0.00015 .. 0.00015

    Block 39 cell size :
        i : 7.4999988e-05 .. 7.4999988e-05
        j : 0.00030739471 .. 0.00030739471
        k : 0.00015 .. 0.00015

    Block 40 cell size :
        i : 7.4999988e-05 .. 7.4999988e-05
        j : 0.00030739471 .. 0.00030739471
        k : 0.00015 .. 0.00015

    Block 41 cell size :
        i : 7.4999988e-05 .. 7.4999988e-05
        j : 0.00030739471 .. 0.00030739471
        k : 0.00015 .. 0.00015

    Block 42 cell size :
        i : 0.000125 .. 0.000125
        j : 0.000125 .. 0.000125
        k : 0.00025 .. 0.00025

    Block 43 cell size :
        i : 3.6611632e-05 .. 3.6611632e-05
        j : 0.000125 .. 0.000125
        k : 0.00025 .. 0.00025

    Block 44 cell size :
        i : 3.6611632e-05 .. 3.6611632e-05
        j : 0.000125 .. 0.000125
        k : 0.00025 .. 0.00025

    Block 45 cell size :
        i : 3.6611632e-05 .. 3.6611632e-05
        j : 0.000125 .. 0.000125
        k : 0.00025 .. 0.00025

    Block 46 cell size :
        i : 3.6611632e-05 .. 3.6611632e-05
        j : 0.000125 .. 0.000125
        k : 0.00025 .. 0.00025

    Block 47 cell size :
        i : 5.0000935e-05 .. 5.0000935e-05
        j : 0.00019620938 .. 0.00019620938
        k : 0.00025 .. 0.00025

    Block 48 cell size :
        i : 5.0000935e-05 .. 5.0000935e-05
        j : 0.00019620938 .. 0.00019620938
        k : 0.00025 .. 0.00025

    Block 49 cell size :
        i : 5.0000935e-05 .. 5.0000935e-05
        j : 0.00019620938 .. 0.00019620938
        k : 0.00025 .. 0.00025

    Block 50 cell size :
        i : 5.0000935e-05 .. 5.0000935e-05
        j : 0.00019620938 .. 0.00019620938
        k : 0.00025 .. 0.00025

    Block 51 cell size :
        i : 0.00014999998 .. 0.00014999998
        j : 0.00020274973 .. 0.00020274973
        k : 0.00025 .. 0.00025

    Block 52 cell size :
        i : 0.00014999998 .. 0.00014999998
        j : 0.00020274973 .. 0.00020274973
        k : 0.00025 .. 0.00025

    Block 53 cell size :
        i : 0.00014999998 .. 0.00014999998
        j : 0.00020274973 .. 0.00020274973
        k : 0.00025 .. 0.00025

    Block 54 cell size :
        i : 0.00014999998 .. 0.00014999998
        j : 0.00020274973 .. 0.00020274973
        k : 0.00025 .. 0.00025

    Block 55 cell size :
        i : 0.00011666649 .. 0.00011666649
        j : 0.00026161254 .. 0.00026161254
        k : 0.00025 .. 0.00025

    Block 56 cell size :
        i : 0.00011666649 .. 0.00011666649
        j : 0.00026161254 .. 0.00026161254
        k : 0.00025 .. 0.00025

    Block 57 cell size :
        i : 0.00011666649 .. 0.00011666649
        j : 0.00026161254 .. 0.00026161254
        k : 0.00025 .. 0.00025

    Block 58 cell size :
        i : 0.00011666649 .. 0.00011666649
        j : 0.00026161254 .. 0.00026161254
        k : 0.00025 .. 0.00025

    Block 59 cell size :
        i : 7.4999988e-05 .. 7.4999988e-05
        j : 0.00030739471 .. 0.00030739471
        k : 0.00025 .. 0.00025

    Block 60 cell size :
        i : 7.4999988e-05 .. 7.4999988e-05
        j : 0.00030739471 .. 0.00030739471
        k : 0.00025 .. 0.00025

    Block 61 cell size :
        i : 7.4999988e-05 .. 7.4999988e-05
        j : 0.00030739471 .. 0.00030739471
        k : 0.00025 .. 0.00025

    Block 62 cell size :
        i : 7.4999988e-05 .. 7.4999988e-05
        j : 0.00030739471 .. 0.00030739471
        k : 0.00025 .. 0.00025

Adding cell zones
    0	on
    1	pia
    2	sas
    3	dura
    4	lc
    5	sclera_peri
    6	sclera_ring
    7	globo
No patch pairs to merge

Writing polyMesh with 8 cellZones
----------------
Mesh Information
----------------
  boundingBox: (-0.0025 -0.0025 0) (0.0025 0.0025 0.0308)
  nPoints: 29425
  nCells: 27648
  nFaces: 84672
  nInternalFaces: 81216
----------------
Cell Zones
----------------
  zone 0 (size: 14400) name: on
  zone 1 (size: 960) name: pia
  zone 2 (size: 5760) name: sas
  zone 3 (size: 1920) name: dura
  zone 4 (size: 1440) name: lc
  zone 5 (size: 384) name: sclera_peri
  zone 6 (size: 480) name: sclera_ring
  zone 7 (size: 2304) name: globo
----------------
Patches
----------------
  patch 0 (start: 81216 size: 720) name: posterior_on
  patch 1 (start: 81936 size: 48) name: posterior_pia
  patch 2 (start: 81984 size: 288) name: posterior_sas
  patch 3 (start: 82272 size: 96) name: posterior_dura
  patch 4 (start: 82368 size: 960) name: dura_outer
  patch 5 (start: 83328 size: 96) name: sclera_ring_outer
  patch 6 (start: 83424 size: 96) name: globo_outer
  patch 7 (start: 83520 size: 1152) name: anterior_globo

End

/*---------------------------------------------------------------------------*\
| =========                 |                                                 |
| \\      /  F ield         | OpenFOAM: The Open Source CFD Toolbox           |
|  \\    /   O peration     | Version:  2512                                  |
|   \\  /    A nd           | Website:  www.openfoam.com                      |
|    \\/     M anipulation  |                                                 |
\*---------------------------------------------------------------------------*/
Build  : _bd2b6720-20260127 OPENFOAM=2512 version=2512
Arch   : "LSB;label=32;scalar=64"
Exec   : topoSet -dict system/topoSetDict_contact
Date   : Jun 06 2026
Time   : 02:03:11
Host   : 92d379eb91b7
PID    : 225
I/O    : uncollated
Case   : /simulation/on-caso-4/solid
nProcs : 1
trapFpe: Floating point exception trapping enabled (FOAM_SIGFPE).
memory pool : not available
fileModificationChecking : Monitoring run-time modified files using timeStampMaster (fileModificationSkew 5, maxFileModificationPolls 20)
allowSystemOperations : Allowing user-supplied system call operations

// * * * * * * * * * * * * * * * * * * * * * * * * * * * * * * * * * * * * * //
Create time

--> FOAM Warning : 
    From void* Foam::dlLibraryTable::openLibrary(const Foam::fileName&, bool)
    in file db/dynamicLibrary/dlLibraryTable/dlLibraryTable.C at line 188
    Could not load "$FOAM_CASE/../src/elasticFoundation/libsolidTractionElasticFoundation.so"
/simulation/on-caso-4/solid/../src/elasticFoundation/libsolidTractionElasticFoundation.so: cannot open shared object file: No such file or directory
Create polyMesh for time = 0

Reading topoSetDict_contact

Time = 0
    mesh not changed.
Created faceSet contact_local
--> FOAM IOWarning :
    Found [v1806] 'name' entry instead of 'patch' in dictionary "system/topoSetDict_contact/actions/sourceInfo"

    This keyword is 90 months old.

    Applying source patchToFace
    Adding all faces of patches: (dura_outer) ...
    Found matching patch dura_outer with 960 faces
    faceSet contact_local now size 960
Read set faceSet contact_local size:960
    Applying source boxToFace
    Adding faces with centre within boxes 1((0.0023941 -0.00053702 0.02084) (0.0026 0.00053702 0.02416))
    faceSet contact_local now size 8

End

/*---------------------------------------------------------------------------*\
| =========                 |                                                 |
| \\      /  F ield         | OpenFOAM: The Open Source CFD Toolbox           |
|  \\    /   O peration     | Version:  2512                                  |
|   \\  /    A nd           | Website:  www.openfoam.com                      |
|    \\/     M anipulation  |                                                 |
\*---------------------------------------------------------------------------*/
Build  : _bd2b6720-20260127 OPENFOAM=2512 version=2512
Arch   : "LSB;label=32;scalar=64"
Exec   : createPatch -overwrite -dict system/createPatchDict_contact
Date   : Jun 06 2026
Time   : 02:03:12
Host   : 92d379eb91b7
PID    : 227
I/O    : uncollated
Case   : /simulation/on-caso-4/solid
nProcs : 1
trapFpe: Floating point exception trapping enabled (FOAM_SIGFPE).
memory pool : not available
fileModificationChecking : Monitoring run-time modified files using timeStampMaster (fileModificationSkew 5, maxFileModificationPolls 20)
allowSystemOperations : Allowing user-supplied system call operations

// * * * * * * * * * * * * * * * * * * * * * * * * * * * * * * * * * * * * * //
Create time

--> FOAM Warning : 
    From void* Foam::dlLibraryTable::openLibrary(const Foam::fileName&, bool)
    in file db/dynamicLibrary/dlLibraryTable/dlLibraryTable.C at line 188
    Could not load "$FOAM_CASE/../src/elasticFoundation/libsolidTractionElasticFoundation.so"
/simulation/on-caso-4/solid/../src/elasticFoundation/libsolidTractionElasticFoundation.so: cannot open shared object file: No such file or directory
Create mesh for time = 0

Reading "system/createPatchDict_contact"



Adding patches to mesh region0

Adding new patch contact_local from 
{
    type            wall;
    nFaces          0;
    startFace       0;
}




Repatching mesh region0

Read 8 faces from faceSet contact_local
Doing topology modification to order faces.

Not synchronising points.

Removing patches with no faces in them.



Writing repatched mesh region0 to 0

End

=== on-caso-4 (CCX): polyMesh -> CalculiX .inp  [k_winkler=2000000 Pa/m] ===
[1/5] Lendo polyMesh em ../solid/constant/polyMesh
      nodes=29425, faces=84672, cells=27648, patches=9, zones=['on', 'pia', 'sas', 'dura', 'lc', 'sclera_peri', 'sclera_ring', 'globo']
[2/5] Reconstruindo conectividade C3D8 (27648 celulas)
      OK
[3/5] Escrevendo malha em on-caso-4_mesh.inp
      DURA_INNER_SURF: 960 faces (interface dura<->sas)
[4/5] Escrevendo Winkler em on-caso-4_winkler.inp
[5/5] Concluido. Total: 29425 nodes, 27648 hex C3D8I.
=== on-caso-4 (CCX): P_CONTACT = 9034.0 Pa (arteria) | P_CSF = 1333 Pa (inchaco) ===
221:CONTACT_LOCAL_SURF, P, 9034.0
237:DURA_INNER_SURF, P, 1333
=== on-caso-4 (CCX): solver ccx_preCICE -i on-caso-4  [tag=S0_baseline_meshmed] ===

************************************************************

CalculiX Version 2.20, Copyright(C) 1998-2022 Guido Dhondt
CalculiX comes with ABSOLUTELY NO WARRANTY. This is free
software, and you are welcome to redistribute it under
certain conditions, see gpl.htm

************************************************************

You are using an executable made on Sun Jul 31 18:08:37 CEST 2022

  The numbers below are estimated upper bounds

  number of:

   nodes:       113374
   elements:        28653
   one-dimensional elements:            0
   two-dimensional elements:            0
   integration points per element:            8
   degrees of freedom per node:            3
   layers per element:            1

   distributed facial loads:          968
   distributed volumetric loads:            0
   concentrated loads:            0
   single point constraints:         9332
   multiple point constraints:            1
   terms in all multiple point constraints:            1
   tie constraints:            0
   dependent nodes tied by cyclic constraints:            0
   dependent nodes in pre-tension constraints:            0

   sets:         1034
   terms in all sets:        96730

   materials:         1013
   constants per material and temperature:            9
   temperature points per material:            1
   plastic data points per material:            0

   orientations:            1
   amplitudes:            5
   data points in all amplitudes:            5
   print requests:            8
   transformations:            0
   property cards:            0

 *INFO reading *HYPERELASTIC: nonlinear geometric
       effects are turned on

 *INFO reading *HYPERELASTIC: nonlinear geometric
       effects are turned on

 *INFO reading *HYPERELASTIC: nonlinear geometric
       effects are turned on

 *INFO reading *HYPERELASTIC: nonlinear geometric
       effects are turned on

 *INFO reading *HYPERELASTIC: nonlinear geometric
       effects are turned on

 *INFO reading *HYPERELASTIC: nonlinear geometric
       effects are turned on

 *INFO reading *HYPERELASTIC: nonlinear geometric
       effects are turned on

 *INFO reading *STEP: nonlinear geometric
       effects are turned on

 *WARNING reading *STATIC: parameter not recognized:
          RIKS
 *WARNING reading *STATIC. Card image:
          *STATIC,RIKS

 *WARNING reading *STATIC:
          the minimum increment    1.0000000000000001E-009
          is smaller then 1.e-6 times the 
          step time;
          the minimum increment is changed
          to    9.9999999999999995E-007
          which is the minimum of the initial
          increment time and 1.e-6 times the step time

 *INFO: field control parameters set to:
        ran =    5.0000000000000001E-003
        can =    2.0000000000000000E-002
        qa0 =    0.0000000000000000     
        qau =   0.10000000000000001     
        rap =    2.0000000000000000E-002
         ea =    1.0000000000000001E-005
        cae =    1.0000000000000000E-003
        ral =    1.0000000000000000E-008

 STEP            1

 Static analysis was selected

 Nonlinear material laws are taken into account

 Newton-Raphson iterative procedure is active

 Nonlinear geometric effects are taken into account

 Decascading the MPC's

 Determining the structure of the matrix:
 Using up to 4 cpu(s) for setting up the structure of the matrix.
 number of equations
 331222
 number of nonzero lower triangular matrix elements
 9903246

 increment 1 attempt 1 
 increment size= 1.000000e-02
 sum of previous increments=0.000000e+00
 actual step time=1.000000e-02
 actual total time=1.000000e-02

 iteration 1

 Using up to 4 cpu(s) for the stress calculation.

 Using up to 4 cpu(s) for the symmetric stiffness/mass contributions.

 Factoring the system of equations using the symmetric spooles solver
 Using up to 4 cpu(s) for spooles.

 Using up to 4 cpu(s) for the stress calculation.

 average force= 0.000000
 time avg. forc= 0.100000
 largest residual force= 0.000017 in node 23099 and dof 1
 largest increment of disp= 5.035007e-06
 largest correction to disp= 5.035007e-06 in node 23104 and dof 1

 no convergence

 iteration 2

 Using up to 4 cpu(s) for the symmetric stiffness/mass contributions.

 Factoring the system of equations using the symmetric spooles solver
 Using up to 4 cpu(s) for spooles.

 Using up to 4 cpu(s) for the stress calculation.

 average force= 0.000000
 time avg. forc= 0.100000
 largest residual force= 0.000007 in node 24099 and dof 3
 largest increment of disp= 5.035007e-06
 largest correction to disp= 1.218552e-06 in node 24074 and dof 1

 no convergence

 iteration 3

 Using up to 4 cpu(s) for the symmetric stiffness/mass contributions.

 Factoring the system of equations using the symmetric spooles solver
 Using up to 4 cpu(s) for spooles.

 Using up to 4 cpu(s) for the stress calculation.

 average force= 0.000000
 time avg. forc= 0.100000
 largest residual force= 0.000000 in node 24081 and dof 1
 largest increment of disp= 5.035007e-06
 largest correction to disp= 8.127280e-07 in node 24074 and dof 1

 convergence

 increment 2 attempt 1 
 increment size= 1.000000e-02
 sum of previous increments=1.000000e-02
 actual step time=2.000000e-02
 actual total time=2.000000e-02

 iteration 1

 Using up to 4 cpu(s) for the stress calculation.

 Using up to 4 cpu(s) for the symmetric stiffness/mass contributions.

 Factoring the system of equations using the symmetric spooles solver
 Using up to 4 cpu(s) for spooles.

 Using up to 4 cpu(s) for the stress calculation.

 average force= 0.000000
 time avg. forc= 0.100000
 largest residual force= 0.000000 in node 24195 and dof 1
 largest increment of disp= 5.174204e-06
 largest correction to disp= 8.814619e-07 in node 24074 and dof 1

 no convergence

 iteration 2

 Using up to 4 cpu(s) for the symmetric stiffness/mass contributions.

 Factoring the system of equations using the symmetric spooles solver
 Using up to 4 cpu(s) for spooles.

 Using up to 4 cpu(s) for the stress calculation.

 average force= 0.000000
 time avg. forc= 0.100000
 largest residual force= 0.000000 in node 23931 and dof 3
 largest increment of disp= 5.174204e-06
 largest correction to disp= 3.185231e-08 in node 21522 and dof 1

 convergence; the increment size is increased to 1.500000e-02

 increment 3 attempt 1 
 increment size= 1.500000e-02
 sum of previous increments=2.000000e-02
 actual step time=3.500000e-02
 actual total time=3.500000e-02

 iteration 1

 Using up to 4 cpu(s) for the stress calculation.

 Using up to 4 cpu(s) for the symmetric stiffness/mass contributions.

 Factoring the system of equations using the symmetric spooles solver
 Using up to 4 cpu(s) for spooles.

 Using up to 4 cpu(s) for the stress calculation.

 average force= 0.000001
 time avg. forc= 0.100000
 largest residual force= 0.000000 in node 23933 and dof 1
 largest increment of disp= 6.848439e-06
 largest correction to disp= 2.650575e-07 in node 21558 and dof 1

 no convergence

 iteration 2

 Using up to 4 cpu(s) for the symmetric stiffness/mass contributions.

 Factoring the system of equations using the symmetric spooles solver
 Using up to 4 cpu(s) for spooles.

 Using up to 4 cpu(s) for the stress calculation.

 average force= 0.000001
 time avg. forc= 0.100000
 largest residual force= 0.000000 in node 23907 and dof 1
 largest increment of disp= 6.848439e-06
 largest correction to disp= 6.357160e-09 in node 21486 and dof 1

 convergence; the increment size is increased to 2.250000e-02

 increment 4 attempt 1 
 increment size= 2.250000e-02
 sum of previous increments=3.500000e-02
 actual step time=5.750000e-02
 actual total time=5.750000e-02

 iteration 1

 Using up to 4 cpu(s) for the stress calculation.

 Using up to 4 cpu(s) for the symmetric stiffness/mass contributions.

 Factoring the system of equations using the symmetric spooles solver
 Using up to 4 cpu(s) for spooles.

 Using up to 4 cpu(s) for the stress calculation.

 average force= 0.000001
 time avg. forc= 0.100000
 largest residual force= 0.000000 in node 23883 and dof 1
 largest increment of disp= 1.001935e-05
 largest correction to disp= 1.492004e-07 in node 23906 and dof 1

 no convergence

 iteration 2

 Using up to 4 cpu(s) for the symmetric stiffness/mass contributions.

 Factoring the system of equations using the symmetric spooles solver
 Using up to 4 cpu(s) for spooles.

 Using up to 4 cpu(s) for the stress calculation.

 average force= 0.000001
 time avg. forc= 0.100000
 largest residual force= 0.000000 in node 23859 and dof 3
 largest increment of disp= 1.001935e-05
 largest correction to disp= 2.352836e-09 in node 23882 and dof 1

 convergence; the increment size is increased to 3.375000e-02

 increment 5 attempt 1 
 increment size= 3.375000e-02
 sum of previous increments=5.750000e-02
 actual step time=9.125000e-02
 actual total time=9.125000e-02

 iteration 1

 Using up to 4 cpu(s) for the stress calculation.

 Using up to 4 cpu(s) for the symmetric stiffness/mass contributions.

 Factoring the system of equations using the symmetric spooles solver
 Using up to 4 cpu(s) for spooles.

 Using up to 4 cpu(s) for the stress calculation.

 average force= 0.000002
 time avg. forc= 0.100000
 largest residual force= 0.000000 in node 23099 and dof 2
 largest increment of disp= 1.502735e-05
 largest correction to disp= 1.700414e-07 in node 23104 and dof 1

 no convergence

 iteration 2

 Using up to 4 cpu(s) for the symmetric stiffness/mass contributions.

 Factoring the system of equations using the symmetric spooles solver
 Using up to 4 cpu(s) for spooles.

 Using up to 4 cpu(s) for the stress calculation.

 average force= 0.000002
 time avg. forc= 0.100000
 largest residual force= 0.000000 in node 23859 and dof 1
 largest increment of disp= 1.502735e-05
 largest correction to disp= 1.190175e-09 in node 21414 and dof 1

 convergence; the increment size is increased to 5.062500e-02

 the increment size exceeds the maximum allowed and is decreased to 5.000000e-02

 Using up to 4 cpu(s) for the stress calculation.

 increment 6 attempt 1 
 increment size= 5.000000e-02
 sum of previous increments=9.125000e-02
 actual step time=1.412500e-01
 actual total time=1.412500e-01

 iteration 1

 Using up to 4 cpu(s) for the stress calculation.

 Using up to 4 cpu(s) for the symmetric stiffness/mass contributions.

 Factoring the system of equations using the symmetric spooles solver
 Using up to 4 cpu(s) for spooles.

 Using up to 4 cpu(s) for the stress calculation.

 average force= 0.000003
 time avg. forc= 0.100000
 largest residual force= 0.000000 in node 23099 and dof 2
 largest increment of disp= 2.251454e-05
 largest correction to disp= 4.608431e-07 in node 23104 and dof 1

 no convergence

 iteration 2

 Using up to 4 cpu(s) for the symmetric stiffness/mass contributions.

 Factoring the system of equations using the symmetric spooles solver
 Using up to 4 cpu(s) for spooles.

 Using up to 4 cpu(s) for the stress calculation.

 average force= 0.000003
 time avg. forc= 0.100000
 largest residual force= 0.000000 in node 23099 and dof 1
 largest increment of disp= 2.251454e-05
 largest correction to disp= 3.161859e-09 in node 23104 and dof 1

 convergence; the increment size is increased to 7.500000e-02

 the increment size exceeds the maximum allowed and is decreased to 5.000000e-02

 increment 7 attempt 1 
 increment size= 5.000000e-02
 sum of previous increments=1.412500e-01
 actual step time=1.912500e-01
 actual total time=1.912500e-01

 iteration 1

 Using up to 4 cpu(s) for the stress calculation.

 Using up to 4 cpu(s) for the symmetric stiffness/mass contributions.

 Factoring the system of equations using the symmetric spooles solver
 Using up to 4 cpu(s) for spooles.

 Using up to 4 cpu(s) for the stress calculation.

 average force= 0.000003
 time avg. forc= 0.100000
 largest residual force= 0.000000 in node 23101 and dof 1
 largest increment of disp= 2.297854e-05
 largest correction to disp= 5.997709e-07 in node 23104 and dof 1

 no convergence

 iteration 2

 Using up to 4 cpu(s) for the symmetric stiffness/mass contributions.

 Factoring the system of equations using the symmetric spooles solver
 Using up to 4 cpu(s) for spooles.

 Using up to 4 cpu(s) for the stress calculation.

 average force= 0.000003
 time avg. forc= 0.100000
 largest residual force= 0.000000 in node 22741 and dof 1
 largest increment of disp= 2.297854e-05
 largest correction to disp= 9.209865e-09 in node 24292 and dof 2

 convergence; the increment size is increased to 7.500000e-02

 the increment size exceeds the maximum allowed and is decreased to 5.000000e-02

 increment 8 attempt 1 
 increment size= 5.000000e-02
 sum of previous increments=1.912500e-01
 actual step time=2.412500e-01
 actual total time=2.412500e-01

 iteration 1

 Using up to 4 cpu(s) for the stress calculation.

 Using up to 4 cpu(s) for the symmetric stiffness/mass contributions.

 Factoring the system of equations using the symmetric spooles solver
 Using up to 4 cpu(s) for spooles.

 Using up to 4 cpu(s) for the stress calculation.

 average force= 0.000004
 time avg. forc= 0.100000
 largest residual force= 0.000000 in node 23109 and dof 1
 largest increment of disp= 2.358281e-05
 largest correction to disp= 6.428878e-07 in node 23104 and dof 1

 no convergence

 iteration 2

 Using up to 4 cpu(s) for the symmetric stiffness/mass contributions.

 Factoring the system of equations using the symmetric spooles solver
 Using up to 4 cpu(s) for spooles.

 Using up to 4 cpu(s) for the stress calculation.

 average force= 0.000004
 time avg. forc= 0.100000
 largest residual force= 0.000000 in node 23099 and dof 1
 largest increment of disp= 2.358281e-05
 largest correction to disp= 5.927666e-09 in node 86829 and dof 1

 convergence; the increment size is increased to 7.500000e-02

 the increment size exceeds the maximum allowed and is decreased to 5.000000e-02

 increment 9 attempt 1 
 increment size= 5.000000e-02
 sum of previous increments=2.412500e-01
 actual step time=2.912500e-01
 actual total time=2.912500e-01

 iteration 1

 Using up to 4 cpu(s) for the stress calculation.

 Using up to 4 cpu(s) for the symmetric stiffness/mass contributions.

 Factoring the system of equations using the symmetric spooles solver
 Using up to 4 cpu(s) for spooles.

 Using up to 4 cpu(s) for the stress calculation.

 average force= 0.000005
 time avg. forc= 0.100000
 largest residual force= 0.000000 in node 23101 and dof 1
 largest increment of disp= 2.422802e-05
 largest correction to disp= 6.803264e-07 in node 23104 and dof 1

 no convergence

 iteration 2

 Using up to 4 cpu(s) for the symmetric stiffness/mass contributions.

 Factoring the system of equations using the symmetric spooles solver
 Using up to 4 cpu(s) for spooles.

 Using up to 4 cpu(s) for the stress calculation.

 average force= 0.000005
 time avg. forc= 0.100000
 largest residual force= 0.000000 in node 23099 and dof 1
 largest increment of disp= 2.422802e-05
 largest correction to disp= 5.375065e-09 in node 23114 and dof 1

 convergence; the increment size is increased to 7.500000e-02

 the increment size exceeds the maximum allowed and is decreased to 5.000000e-02

 increment 10 attempt 1 
 increment size= 5.000000e-02
 sum of previous increments=2.912500e-01
 actual step time=3.412500e-01
 actual total time=3.412500e-01

 iteration 1

 Using up to 4 cpu(s) for the stress calculation.

 Using up to 4 cpu(s) for the symmetric stiffness/mass contributions.

 Factoring the system of equations using the symmetric spooles solver
 Using up to 4 cpu(s) for spooles.

 Using up to 4 cpu(s) for the stress calculation.

 average force= 0.000006
 time avg. forc= 0.100000
 largest residual force= 0.000000 in node 23101 and dof 1
 largest increment of disp= 2.490790e-05
 largest correction to disp= 7.084109e-07 in node 23104 and dof 1

 no convergence

 iteration 2

 Using up to 4 cpu(s) for the symmetric stiffness/mass contributions.

 Factoring the system of equations using the symmetric spooles solver
 Using up to 4 cpu(s) for spooles.

 Using up to 4 cpu(s) for the stress calculation.

 average force= 0.000006
 time avg. forc= 0.100000
 largest residual force= 0.000000 in node 23111 and dof 1
 largest increment of disp= 2.490790e-05
 largest correction to disp= 6.235122e-09 in node 20298 and dof 1

 convergence; the increment size is increased to 7.500000e-02

 the increment size exceeds the maximum allowed and is decreased to 5.000000e-02

 Using up to 4 cpu(s) for the stress calculation.

 increment 11 attempt 1 
 increment size= 5.000000e-02
 sum of previous increments=3.412500e-01
 actual step time=3.912500e-01
 actual total time=3.912500e-01

 iteration 1

 Using up to 4 cpu(s) for the stress calculation.

 Using up to 4 cpu(s) for the symmetric stiffness/mass contributions.

 Factoring the system of equations using the symmetric spooles solver
 Using up to 4 cpu(s) for spooles.

 Using up to 4 cpu(s) for the stress calculation.

 average force= 0.000007
 time avg. forc= 0.100000
 largest residual force= 0.000000 in node 23109 and dof 1
 largest increment of disp= 2.561240e-05
 largest correction to disp= 7.216184e-07 in node 23104 and dof 1

 no convergence

 iteration 2

 Using up to 4 cpu(s) for the symmetric stiffness/mass contributions.

 Factoring the system of equations using the symmetric spooles solver
 Using up to 4 cpu(s) for spooles.

 Using up to 4 cpu(s) for the stress calculation.

 average force= 0.000007
 time avg. forc= 0.100000
 largest residual force= 0.000000 in node 23093 and dof 1
 largest increment of disp= 2.561240e-05
 largest correction to disp= 8.014752e-09 in node 23104 and dof 1

 convergence; the increment size is increased to 7.500000e-02

 the increment size exceeds the maximum allowed and is decreased to 5.000000e-02

 increment 12 attempt 1 
 increment size= 5.000000e-02
 sum of previous increments=3.912500e-01
 actual step time=4.412500e-01
 actual total time=4.412500e-01

 iteration 1

 Using up to 4 cpu(s) for the stress calculation.

 Using up to 4 cpu(s) for the symmetric stiffness/mass contributions.

 Factoring the system of equations using the symmetric spooles solver
 Using up to 4 cpu(s) for spooles.

 Using up to 4 cpu(s) for the stress calculation.

 average force= 0.000008
 time avg. forc= 0.100000
 largest residual force= 0.000000 in node 23101 and dof 1
 largest increment of disp= 2.632601e-05
 largest correction to disp= 7.122608e-07 in node 23104 and dof 1

 no convergence

 iteration 2

 Using up to 4 cpu(s) for the symmetric stiffness/mass contributions.

 Factoring the system of equations using the symmetric spooles solver
 Using up to 4 cpu(s) for spooles.

 Using up to 4 cpu(s) for the stress calculation.

 average force= 0.000008
 time avg. forc= 0.100000
 largest residual force= 0.000000 in node 1720 and dof 1
 largest increment of disp= 2.632601e-05
 largest correction to disp= 1.258388e-08 in node 23104 and dof 1

 convergence; the increment size is increased to 7.500000e-02

 the increment size exceeds the maximum allowed and is decreased to 5.000000e-02

 increment 13 attempt 1 
 increment size= 5.000000e-02
 sum of previous increments=4.412500e-01
 actual step time=4.912500e-01
 actual total time=4.912500e-01

 iteration 1

 Using up to 4 cpu(s) for the stress calculation.

 Using up to 4 cpu(s) for the symmetric stiffness/mass contributions.

 Factoring the system of equations using the symmetric spooles solver
 Using up to 4 cpu(s) for spooles.

 Using up to 4 cpu(s) for the stress calculation.

 average force= 0.000009
 time avg. forc= 0.100000
 largest residual force= 0.000000 in node 23109 and dof 1
 largest increment of disp= 2.702568e-05
 largest correction to disp= 6.720065e-07 in node 23104 and dof 1

 no convergence

 iteration 2

 Using up to 4 cpu(s) for the symmetric stiffness/mass contributions.

 Factoring the system of equations using the symmetric spooles solver
 Using up to 4 cpu(s) for spooles.

 Using up to 4 cpu(s) for the stress calculation.

 average force= 0.000009
 time avg. forc= 0.100000
 largest residual force= 0.000000 in node 23101 and dof 1
 largest increment of disp= 2.702568e-05
 largest correction to disp= 1.724362e-08 in node 23104 and dof 1

 convergence; the increment size is increased to 7.500000e-02

 the increment size exceeds the maximum allowed and is decreased to 5.000000e-02

 increment 14 attempt 1 
 increment size= 5.000000e-02
 sum of previous increments=4.912500e-01
 actual step time=5.412500e-01
 actual total time=5.412500e-01

 iteration 1

 Using up to 4 cpu(s) for the stress calculation.

 Using up to 4 cpu(s) for the symmetric stiffness/mass contributions.

 Factoring the system of equations using the symmetric spooles solver
 Using up to 4 cpu(s) for spooles.

 Using up to 4 cpu(s) for the stress calculation.

 average force= 0.000010
 time avg. forc= 0.100000
 largest residual force= 0.000000 in node 23099 and dof 1
 largest increment of disp= 2.768045e-05
 largest correction to disp= 5.933519e-07 in node 23104 and dof 1

 no convergence

 iteration 2

 Using up to 4 cpu(s) for the symmetric stiffness/mass contributions.

 Factoring the system of equations using the symmetric spooles solver
 Using up to 4 cpu(s) for spooles.

 Using up to 4 cpu(s) for the stress calculation.

 average force= 0.000010
 time avg. forc= 0.100000
 largest residual force= 0.000000 in node 23101 and dof 1
 largest increment of disp= 2.768045e-05
 largest correction to disp= 2.130002e-08 in node 23104 and dof 1

 convergence; the increment size is increased to 7.500000e-02

 the increment size exceeds the maximum allowed and is decreased to 5.000000e-02

 increment 15 attempt 1 
 increment size= 5.000000e-02
 sum of previous increments=5.412500e-01
 actual step time=5.912500e-01
 actual total time=5.912500e-01

 iteration 1

 Using up to 4 cpu(s) for the stress calculation.

 Using up to 4 cpu(s) for the symmetric stiffness/mass contributions.

 Factoring the system of equations using the symmetric spooles solver
 Using up to 4 cpu(s) for spooles.

 Using up to 4 cpu(s) for the stress calculation.

 average force= 0.000011
 time avg. forc= 0.100000
 largest residual force= 0.000000 in node 23111 and dof 1
 largest increment of disp= 2.825250e-05
 largest correction to disp= 4.790389e-07 in node 23107 and dof 1

 no convergence

 iteration 2

 Using up to 4 cpu(s) for the symmetric stiffness/mass contributions.

 Factoring the system of equations using the symmetric spooles solver
 Using up to 4 cpu(s) for spooles.

 Using up to 4 cpu(s) for the stress calculation.

 average force= 0.000011
 time avg. forc= 0.100000
 largest residual force= 0.000000 in node 23101 and dof 1
 largest increment of disp= 2.825250e-05
 largest correction to disp= 2.369708e-08 in node 23104 and dof 1

 convergence; the increment size is increased to 7.500000e-02

 the increment size exceeds the maximum allowed and is decreased to 5.000000e-02

 Using up to 4 cpu(s) for the stress calculation.

 increment 16 attempt 1 
 increment size= 5.000000e-02
 sum of previous increments=5.912500e-01
 actual step time=6.412500e-01
 actual total time=6.412500e-01

 iteration 1

 Using up to 4 cpu(s) for the stress calculation.

 Using up to 4 cpu(s) for the symmetric stiffness/mass contributions.

 Factoring the system of equations using the symmetric spooles solver
 Using up to 4 cpu(s) for spooles.

 Using up to 4 cpu(s) for the stress calculation.

 average force= 0.000012
 time avg. forc= 0.100000
 largest residual force= 0.000000 in node 23099 and dof 1
 largest increment of disp= 2.870078e-05
 largest correction to disp= 1.285221e-06 in node 45324 and dof 1

 no convergence

 iteration 2

 Using up to 4 cpu(s) for the symmetric stiffness/mass contributions.

 Factoring the system of equations using the symmetric spooles solver
 Using up to 4 cpu(s) for spooles.

 Using up to 4 cpu(s) for the stress calculation.

 average force= 0.000012
 time avg. forc= 0.100000
 largest residual force= 0.000000 in node 5972 and dof 1
 largest increment of disp= 2.870078e-05
 largest correction to disp= 9.373502e-08 in node 45324 and dof 1

 convergence; the increment size is increased to 7.500000e-02

 the increment size exceeds the maximum allowed and is decreased to 5.000000e-02

 increment 17 attempt 1 
 increment size= 5.000000e-02
 sum of previous increments=6.412500e-01
 actual step time=6.912500e-01
 actual total time=6.912500e-01

 iteration 1

 Using up to 4 cpu(s) for the stress calculation.

 Using up to 4 cpu(s) for the symmetric stiffness/mass contributions.

 Factoring the system of equations using the symmetric spooles solver
 Using up to 4 cpu(s) for spooles.

 Using up to 4 cpu(s) for the stress calculation.

 average force= 0.000012
 time avg. forc= 0.100000
 largest residual force= 0.000013 in node 5971 and dof 1
 largest increment of disp= 2.898767e-05
 largest correction to disp= 1.017840e-05 in node 45324 and dof 1

 no convergence

 iteration 2

 Using up to 4 cpu(s) for the symmetric stiffness/mass contributions.

 Factoring the system of equations using the symmetric spooles solver
 Using up to 4 cpu(s) for spooles.

 Using up to 4 cpu(s) for the stress calculation.

 average force= 0.000012
 time avg. forc= 0.100000
 largest residual force= 0.000000 in node 5972 and dof 1
 largest increment of disp= 2.898767e-05
 largest correction to disp= 1.086339e-06 in node 45360 and dof 1

 convergence; the increment size is increased to 7.500000e-02

 the increment size exceeds the maximum allowed and is decreased to 5.000000e-02

 increment 18 attempt 1 
 increment size= 5.000000e-02
 sum of previous increments=6.912500e-01
 actual step time=7.412500e-01
 actual total time=7.412500e-01

 iteration 1

 Using up to 4 cpu(s) for the stress calculation.

 Using up to 4 cpu(s) for the symmetric stiffness/mass contributions.

 Factoring the system of equations using the symmetric spooles solver
 Using up to 4 cpu(s) for spooles.

 Using up to 4 cpu(s) for the stress calculation.

 average force= 0.000013
 time avg. forc= 0.100000
 largest residual force= 0.000016 in node 5972 and dof 1
 largest increment of disp= 2.909000e-05
 largest correction to disp= 8.954125e-06 in node 45795 and dof 1

 no convergence

 iteration 2

 Using up to 4 cpu(s) for the symmetric stiffness/mass contributions.

 Factoring the system of equations using the symmetric spooles solver
 Using up to 4 cpu(s) for spooles.

 Using up to 4 cpu(s) for the stress calculation.

 average force= 0.000013
 time avg. forc= 0.100000
 largest residual force= 0.000062 in node 5972 and dof 1
 largest increment of disp= 2.909000e-05
 largest correction to disp= 2.163524e-05 in node 45324 and dof 1

 no convergence

 iteration 3

 Using up to 4 cpu(s) for the symmetric stiffness/mass contributions.

 Factoring the system of equations using the symmetric spooles solver
 Using up to 4 cpu(s) for spooles.

 Using up to 4 cpu(s) for the stress calculation.

 average force= 0.000013
 time avg. forc= 0.100000
 largest residual force= 0.000000 in node 15849 and dof 1
 largest increment of disp= 2.909000e-05
 largest correction to disp= 7.152933e-07 in node 45795 and dof 1

 convergence; the increment size is increased to 7.500000e-02

 the increment size exceeds the maximum allowed and is decreased to 5.000000e-02

 increment 19 attempt 1 
 increment size= 5.000000e-02
 sum of previous increments=7.412500e-01
 actual step time=7.912500e-01
 actual total time=7.912500e-01

 iteration 1

 Using up to 4 cpu(s) for the stress calculation.

 Using up to 4 cpu(s) for the symmetric stiffness/mass contributions.

 Factoring the system of equations using the symmetric spooles solver
 Using up to 4 cpu(s) for spooles.

 Using up to 4 cpu(s) for the stress calculation.

 average force= 0.000015
 time avg. forc= 0.100000
 largest residual force= 0.000032 in node 15849 and dof 1
 largest increment of disp= 4.016911e-05
 largest correction to disp= 3.152761e-06 in node 45354 and dof 1

 no convergence

 iteration 2

 Using up to 4 cpu(s) for the symmetric stiffness/mass contributions.

 Factoring the system of equations using the symmetric spooles solver
 Using up to 4 cpu(s) for spooles.

 Using up to 4 cpu(s) for the stress calculation.

 average force= 0.000014
 time avg. forc= 0.100000
 largest residual force= 0.000031 in node 5971 and dof 1
 largest increment of disp= 4.016911e-05
 largest correction to disp= 1.558243e-05 in node 45357 and dof 1

 no convergence

 iteration 3

 Using up to 4 cpu(s) for the symmetric stiffness/mass contributions.

 Factoring the system of equations using the symmetric spooles solver
 Using up to 4 cpu(s) for spooles.

 Using up to 4 cpu(s) for the stress calculation.

 average force= 0.000014
 time avg. forc= 0.100000
 largest residual force= 0.000002 in node 5972 and dof 1
 largest increment of disp= 4.016911e-05
 largest correction to disp= 3.371947e-06 in node 45321 and dof 1

 convergence; the increment size is increased to 7.500000e-02

 the increment size exceeds the maximum allowed and is decreased to 5.000000e-02

 increment 20 attempt 1 
 increment size= 5.000000e-02
 sum of previous increments=7.912500e-01
 actual step time=8.412500e-01
 actual total time=8.412500e-01

 iteration 1

 Using up to 4 cpu(s) for the stress calculation.

 Using up to 4 cpu(s) for the symmetric stiffness/mass contributions.

 Factoring the system of equations using the symmetric spooles solver
 Using up to 4 cpu(s) for spooles.

 Using up to 4 cpu(s) for the stress calculation.

 average force= 0.000015
 time avg. forc= 0.100000
 largest residual force= 0.000002 in node 5969 and dof 3
 largest increment of disp= 2.898262e-05
 largest correction to disp= 3.715437e-06 in node 45324 and dof 1

 no convergence

 iteration 2

 Using up to 4 cpu(s) for the symmetric stiffness/mass contributions.

 Factoring the system of equations using the symmetric spooles solver
 Using up to 4 cpu(s) for spooles.

 Using up to 4 cpu(s) for the stress calculation.

 average force= 0.000015
 time avg. forc= 0.100000
 largest residual force= 0.000005 in node 5971 and dof 1
 largest increment of disp= 2.898262e-05
 largest correction to disp= 5.763085e-06 in node 45360 and dof 1

 no convergence

 iteration 3

 Using up to 4 cpu(s) for the symmetric stiffness/mass contributions.

 Factoring the system of equations using the symmetric spooles solver
 Using up to 4 cpu(s) for spooles.

 Using up to 4 cpu(s) for the stress calculation.

 average force= 0.000015
 time avg. forc= 0.100000
 largest residual force= 0.000000 in node 5971 and dof 1
 largest increment of disp= 2.898262e-05
 largest correction to disp= 7.375602e-07 in node 45324 and dof 1

 convergence; the increment size is increased to 7.500000e-02

 the increment size exceeds the maximum allowed and is decreased to 5.000000e-02

 Using up to 4 cpu(s) for the stress calculation.

 increment 21 attempt 1 
 increment size= 5.000000e-02
 sum of previous increments=8.412500e-01
 actual step time=8.912500e-01
 actual total time=8.912500e-01

 iteration 1

 Using up to 4 cpu(s) for the stress calculation.

 Using up to 4 cpu(s) for the symmetric stiffness/mass contributions.

 Factoring the system of equations using the symmetric spooles solver
 Using up to 4 cpu(s) for spooles.

 Using up to 4 cpu(s) for the stress calculation.

 average force= 0.000016
 time avg. forc= 0.100000
 largest residual force= 0.000001 in node 23099 and dof 1
 largest increment of disp= 2.844823e-05
 largest correction to disp= 1.551704e-06 in node 78186 and dof 1

 no convergence

 iteration 2

 Using up to 4 cpu(s) for the symmetric stiffness/mass contributions.

 Factoring the system of equations using the symmetric spooles solver
 Using up to 4 cpu(s) for spooles.

 Using up to 4 cpu(s) for the stress calculation.

 average force= 0.000016
 time avg. forc= 0.100000
 largest residual force= 0.000000 in node 5972 and dof 1
 largest increment of disp= 2.844823e-05
 largest correction to disp= 3.470439e-07 in node 45330 and dof 1

 convergence; the increment size is increased to 7.500000e-02

 the increment size exceeds the maximum allowed and is decreased to 5.000000e-02

 increment 22 attempt 1 
 increment size= 5.000000e-02
 sum of previous increments=8.912500e-01
 actual step time=9.412500e-01
 actual total time=9.412500e-01

 iteration 1

 Using up to 4 cpu(s) for the stress calculation.

 Using up to 4 cpu(s) for the symmetric stiffness/mass contributions.

 Factoring the system of equations using the symmetric spooles solver
 Using up to 4 cpu(s) for spooles.

 Using up to 4 cpu(s) for the stress calculation.

 average force= 0.000017
 time avg. forc= 0.100000
 largest residual force= 0.000001 in node 23099 and dof 1
 largest increment of disp= 2.792390e-05
 largest correction to disp= 2.075445e-06 in node 78159 and dof 1

 no convergence

 iteration 2

 Using up to 4 cpu(s) for the symmetric stiffness/mass contributions.

 Factoring the system of equations using the symmetric spooles solver
 Using up to 4 cpu(s) for spooles.

 Using up to 4 cpu(s) for the stress calculation.

 average force= 0.000017
 time avg. forc= 0.100000
 largest residual force= 0.000000 in node 5971 and dof 1
 largest increment of disp= 2.792390e-05
 largest correction to disp= 3.029729e-07 in node 45792 and dof 1

 convergence; the increment size is increased to 7.500000e-02

 the increment size exceeds the maximum allowed and is decreased to 5.000000e-02

 increment 23 attempt 1 
 increment size= 5.000000e-02
 sum of previous increments=9.412500e-01
 actual step time=9.912500e-01
 actual total time=9.912500e-01

 iteration 1

 Using up to 4 cpu(s) for the stress calculation.

 Using up to 4 cpu(s) for the symmetric stiffness/mass contributions.

 Factoring the system of equations using the symmetric spooles solver
 Using up to 4 cpu(s) for spooles.

 Using up to 4 cpu(s) for the stress calculation.

 average force= 0.000018
 time avg. forc= 0.100000
 largest residual force= 0.000001 in node 23099 and dof 1
 largest increment of disp= 2.725086e-05
 largest correction to disp= 2.754159e-06 in node 78051 and dof 1

 no convergence

 iteration 2

 Using up to 4 cpu(s) for the symmetric stiffness/mass contributions.

 Factoring the system of equations using the symmetric spooles solver
 Using up to 4 cpu(s) for spooles.

 Using up to 4 cpu(s) for the stress calculation.

 average force= 0.000018
 time avg. forc= 0.100000
 largest residual force= 0.000000 in node 5971 and dof 1
 largest increment of disp= 2.725086e-05
 largest correction to disp= 1.827574e-07 in node 45795 and dof 1

 convergence; the increment size is increased to 7.500000e-02

 the increment size exceeds the maximum allowed and is decreased to 5.000000e-02

 the increment size exceeds the remainder of the step and is decreased to 8.750000e-03

 increment 24 attempt 1 
 increment size= 8.750000e-03
 sum of previous increments=9.912500e-01
 actual step time=1.000000e+00
 actual total time=1.000000e+00

 iteration 1

 Using up to 4 cpu(s) for the stress calculation.

 Using up to 4 cpu(s) for the symmetric stiffness/mass contributions.

 Factoring the system of equations using the symmetric spooles solver
 Using up to 4 cpu(s) for spooles.

 Using up to 4 cpu(s) for the stress calculation.

 average force= 0.000018
 time avg. forc= 0.100000
 largest residual force= 0.000000 in node 23111 and dof 1
 largest increment of disp= 4.641279e-06
 largest correction to disp= 1.386747e-07 in node 78204 and dof 1

 no convergence

 iteration 2

 Using up to 4 cpu(s) for the symmetric stiffness/mass contributions.

 Factoring the system of equations using the symmetric spooles solver
 Using up to 4 cpu(s) for spooles.

 Using up to 4 cpu(s) for the stress calculation.

 average force= 0.000018
 time avg. forc= 0.100000
 largest residual force= 0.000000 in node 23099 and dof 1
 largest increment of disp= 4.641279e-06
 largest correction to disp= 1.401439e-08 in node 23104 and dof 1

 convergence; the increment size is increased to 1.312500e-02

 the increment size exceeds the remainder of the step and is decreased to 0.000000e+00

 Using up to 4 cpu(s) for the stress calculation.


 Job finished

________________________________________

Total CalculiX Time: 2720.790434
________________________________________
=== on-caso-4 (CCX): renomeando outputs _S0_baseline_meshmed ===
=== on-caso-4 (CCX): ccx2paraview nao encontrado dentro do container ===
    (rode no HOST: cd cases/on-caso-4/ccx && /tmp/ccx2pv/bin/ccx2paraview on-caso-4_S0_baseline_meshmed.frd vtu)

=== Concluido. Arquivos de saida: ===
  on-caso-4.frd  - campos CalculiX (U, RF, S, E)
  on-caso-4.dat  - totais RF/U nos NSETs monitorados
  on-caso-4.sta  - status de convergencia por incremento Riks (lam_final)

Analise: python3 brunaStuff/analyze_on-caso-4.py
