=== Sweep on-caso-3: 5 valores de P_contact (arteria oftalmica) ===
    Winkler k = 200 kPa/m (baseline, igual caso 2), SAS solido E=3 kPa, dura ortotropica, Dz=-1.5 mm
Wed Jun 17 22:22:09 -03 2026

================================================================
 [22:22:09] tag=Pc0  P_CONTACT=0 Pa
================================================================
 [.sta tail]
     1         31     1     5  0.984375E+00  0.984375E+00  0.187500E-01
     1         32     1     3  0.100000E+01  0.100000E+01  0.156250E-01

================================================================
 [22:27:06] tag=Pc4517  P_CONTACT=4517 Pa
================================================================
 [.sta tail]
     1         41     1     5  0.975323E+00  0.975323E+00  0.500000E-01
     1         42     1     5  0.100000E+01  0.100000E+01  0.246769E-01

================================================================
 [22:34:39] tag=Pc9034  P_CONTACT=9034 Pa
================================================================
 AVISO: tag=Pc9034 Pc=9034 Pa retornou rc=201 -- continuando...
 [.sta tail]
     1         28     1     3  0.988086E+00  0.988086E+00  0.500000E-01
     1         29     1     3  0.100000E+01  0.100000E+01  0.119141E-01

================================================================
 [22:41:05] tag=Pc13551  P_CONTACT=13551 Pa
================================================================
 [.sta tail]
     1         35     1     2  0.992725E+00  0.992725E+00  0.500000E-01
     1         36     1     2  0.100000E+01  0.100000E+01  0.727539E-02

================================================================
 [22:46:20] tag=Pc18068  P_CONTACT=18068 Pa
================================================================
 [.sta tail]
     1         31     1     2  0.979248E+00  0.979248E+00  0.500000E-01
     1         32     1     2  0.100000E+01  0.100000E+01  0.207520E-01

=== Sweep concluido ===
Wed Jun 17 22:50:43 -03 2026
-rw-r--r--  1 brunaenne  staff  273336 Jun 17 22:27 cases/on-caso-3/ccx/on-caso-3_Pc0.dat
-rw-r--r--  1 brunaenne  staff  312384 Jun 17 22:46 cases/on-caso-3/ccx/on-caso-3_Pc13551.dat
-rw-r--r--  1 brunaenne  staff  273336 Jun 17 22:50 cases/on-caso-3/ccx/on-caso-3_Pc18068.dat
-rw-r--r--  1 brunaenne  staff  351432 Jun 17 22:34 cases/on-caso-3/ccx/on-caso-3_Pc4517.dat
-rw-r--r--  1 brunaenne  staff  234288 May 30 17:55 cases/on-caso-3/ccx/on-caso-3_Pc9034.dat
-rw-r--r--  1 brunaenne  staff  117144 May 30 12:09 cases/on-caso-3/ccx/on-caso-3_Pc9034_partial.dat

Proximo passo: python3 brunaStuff/analyze_on-caso-3_pcontact_sweep.py
