=== Caso 3F  Dz=-1.0 mm  -- build dos scratch radiais ===
Sat Jun 20 09:16:49 -03 2026
refine_blockmesh_radial: pia n1->2 (12 blocos), dura n1->3 (12 blocos) -> /Users/brunaenne/Documents/repos/myopenfoam/cases/_mi/on-caso-3__radpia2dura3/solid/system/blockMeshDict
build_meshindep: /Users/brunaenne/Documents/repos/myopenfoam/cases/_mi/on-caso-3__radpia2dura3 pronto (factor=rad:2:3 contact=yes warp=no)
   [radpia2dura3] ANTERIOR_GLOBO, 3, 3, -1.00e-3
refine_blockmesh_radial: pia n1->3 (12 blocos), dura n1->4 (12 blocos) -> /Users/brunaenne/Documents/repos/myopenfoam/cases/_mi/on-caso-3__radpia3dura4/solid/system/blockMeshDict
build_meshindep: /Users/brunaenne/Documents/repos/myopenfoam/cases/_mi/on-caso-3__radpia3dura4 pronto (factor=rad:3:4 contact=yes warp=no)
   [radpia3dura4] ANTERIOR_GLOBO, 3, 3, -1.00e-3
refine_blockmesh_radial: pia n1->4 (12 blocos), dura n1->5 (12 blocos) -> /Users/brunaenne/Documents/repos/myopenfoam/cases/_mi/on-caso-3__radpia4dura5/solid/system/blockMeshDict
build_meshindep: /Users/brunaenne/Documents/repos/myopenfoam/cases/_mi/on-caso-3__radpia4dura5 pronto (factor=rad:4:5 contact=yes warp=no)
   [radpia4dura5] ANTERIOR_GLOBO, 3, 3, -1.00e-3

=== Sweep OFICIAL radpia2dura3 (5 pontos de P_contact) ===
Sat Jun 20 09:16:50 -03 2026
==== [09:16:50] radpia2dura3  P_CONTACT=0  Dz=-1.00e-3 ====
  rc=0       1         22     1     2  0.100000E+01  0.100000E+01  0.125000E-01
==== [09:20:14] radpia2dura3  P_CONTACT=4517  Dz=-1.00e-3 ====
  rc=0       1         22     1     2  0.100000E+01  0.100000E+01  0.125000E-01
==== [09:23:48] radpia2dura3  P_CONTACT=9034  Dz=-1.00e-3 ====
  rc=0       1         24     1     2  0.100000E+01  0.100000E+01  0.484375E-01
==== [09:27:55] radpia2dura3  P_CONTACT=13551  Dz=-1.00e-3 ====
  rc=0       1         22     1     2  0.100000E+01  0.100000E+01  0.125000E-01
==== [09:31:32] radpia2dura3  P_CONTACT=18068  Dz=-1.00e-3 ====
  rc=0       1         26     1     2  0.100000E+01  0.100000E+01  0.234375E-01

=== Independencia de malha em Pc9034 (radpia3dura4, radpia4dura5) ===
Sat Jun 20 09:36:24 -03 2026
==== [09:36:24] radpia3dura4  P_CONTACT=9034  Dz=-1.00e-3 ====
  rc=0       1         29     1     2  0.100000E+01  0.100000E+01  0.109375E-01
==== [09:42:38] radpia4dura5  P_CONTACT=9034  Dz=-1.00e-3 ====
  rc=0       1         29     1     2  0.100000E+01  0.100000E+01  0.193848E-01

=== TODOS OS RUNS CONCLUIDOS ===
Sat Jun 20 09:50:17 -03 2026
