=== on-caso-4: (re)gerando polyMesh com CONTACT_BOX=(2.40e-3 -0.50e-3 21.0e-3) (2.60e-3 0.50e-3 24.0e-3) ===
50:            box (2.40e-3 -0.50e-3 21.0e-3) (2.60e-3 0.50e-3 24.0e-3);
/*---------------------------------------------------------------------------*\
| =========                 |                                                 |
| \\      /  F ield         | OpenFOAM: The Open Source CFD Toolbox           |
|  \\    /   O peration     | Version:  2512                                  |
|   \\  /    A nd           | Website:  www.openfoam.com                      |
|    \\/     M anipulation  |                                                 |
\*---------------------------------------------------------------------------*/
Build  : _bd2b6720-20260127 OPENFOAM=2512 version=2512
Arch   : "LSB;label=32;scalar=64"
Exec   : blockMesh
Date   : Jun 01 2026
Time   : 20:53:57
Host   : 4da4c1600de2
PID    : 223
I/O    : uncollated
Case   : /simulation/on-caso-4/solid
nProcs : 1
trapFpe: Floating point exception trapping enabled (FOAM_SIGFPE).
memory pool : not available
fileModificationChecking : Monitoring run-time modified files using timeStampMaster (fileModificationSkew 5, maxFileModificationPolls 20)
allowSystemOperations : Allowing user-supplied system call operations

// * * * * * * * * * * * * * * * * * * * * * * * * * * * * * * * * * * * * * //
Create time

--> FOAM Warning : 
    From void* Foam::dlLibraryTable::openLibrary(const Foam::fileName&, bool)
    in file db/dynamicLibrary/dlLibraryTable/dlLibraryTable.C at line 188
    Could not load "$FOAM_CASE/../src/elasticFoundation/libsolidTractionElasticFoundation.so"
/simulation/on-caso-4/solid/../src/elasticFoundation/libsolidTractionElasticFoundation.so: cannot open shared object file: No such file or directory
Creating block mesh from "system/blockMeshDict"
Creating block edges
No non-planar block faces defined
Creating topology blocks

Creating topology patches - from boundary section

Creating block mesh topology - scaling/transform applied later

Check topology

	Basic statistics
		Number of internal faces : 162
		Number of boundary faces : 54
		Number of defined boundary faces : 54
		Number of undefined boundary faces : 0
	Checking patch -> block consistency

Creating block offsets
Creating merge list (topological search)...
Deleting polyMesh directory "constant/polyMesh"

Creating polyMesh from blockMesh
Creating patches
Creating cells
Creating points with scale (0.001 0.001 0.001)
    Block 0 cell size :
        i : 0.00025 .. 0.00025
        j : 0.00025 .. 0.00025
        k : 0.003 .. 0.003

    Block 1 cell size :
        i : 7.3223264e-05 .. 7.3223264e-05
        j : 0.00025 .. 0.00025
        k : 0.003 .. 0.003

    Block 2 cell size :
        i : 7.3223264e-05 .. 7.3223264e-05
        j : 0.00025 .. 0.00025
        k : 0.003 .. 0.003

    Block 3 cell size :
        i : 7.3223264e-05 .. 7.3223264e-05
        j : 0.00025 .. 0.00025
        k : 0.003 .. 0.003

    Block 4 cell size :
        i : 7.3223264e-05 .. 7.3223264e-05
        j : 0.00025 .. 0.00025
        k : 0.003 .. 0.003

    Block 5 cell size :
        i : 5.0000935e-05 .. 5.0000935e-05
        j : 0.00039157855 .. 0.00039157855
        k : 0.003 .. 0.003

    Block 6 cell size :
        i : 5.0000935e-05 .. 5.0000935e-05
        j : 0.00039157855 .. 0.00039157855
        k : 0.003 .. 0.003

    Block 7 cell size :
        i : 5.0000935e-05 .. 5.0000935e-05
        j : 0.00039157855 .. 0.00039157855
        k : 0.003 .. 0.003

    Block 8 cell size :
        i : 5.0000935e-05 .. 5.0000935e-05
        j : 0.00039157855 .. 0.00039157855
        k : 0.003 .. 0.003

    Block 9 cell size :
        i : 0.00014999998 .. 0.00014999998
        j : 0.00040463126 .. 0.00040463126
        k : 0.003 .. 0.003

    Block 10 cell size :
        i : 0.00014999998 .. 0.00014999998
        j : 0.00040463126 .. 0.00040463126
        k : 0.003 .. 0.003

    Block 11 cell size :
        i : 0.00014999998 .. 0.00014999998
        j : 0.00040463126 .. 0.00040463126
        k : 0.003 .. 0.003

    Block 12 cell size :
        i : 0.00014999998 .. 0.00014999998
        j : 0.00040463126 .. 0.00040463126
        k : 0.003 .. 0.003

    Block 13 cell size :
        i : 0.00011666649 .. 0.00011666649
        j : 0.00052210483 .. 0.00052210483
        k : 0.003 .. 0.003

    Block 14 cell size :
        i : 0.00011666649 .. 0.00011666649
        j : 0.00052210483 .. 0.00052210483
        k : 0.003 .. 0.003

    Block 15 cell size :
        i : 0.00011666649 .. 0.00011666649
        j : 0.00052210483 .. 0.00052210483
        k : 0.003 .. 0.003

    Block 16 cell size :
        i : 0.00011666649 .. 0.00011666649
        j : 0.00052210483 .. 0.00052210483
        k : 0.003 .. 0.003

    Block 17 cell size :
        i : 7.4999988e-05 .. 7.4999988e-05
        j : 0.00061347311 .. 0.00061347311
        k : 0.003 .. 0.003

    Block 18 cell size :
        i : 7.4999988e-05 .. 7.4999988e-05
        j : 0.00061347311 .. 0.00061347311
        k : 0.003 .. 0.003

    Block 19 cell size :
        i : 7.4999988e-05 .. 7.4999988e-05
        j : 0.00061347311 .. 0.00061347311
        k : 0.003 .. 0.003

    Block 20 cell size :
        i : 7.4999988e-05 .. 7.4999988e-05
        j : 0.00061347311 .. 0.00061347311
        k : 0.003 .. 0.003

    Block 21 cell size :
        i : 0.00025 .. 0.00025
        j : 0.00025 .. 0.00025
        k : 0.0003 .. 0.0003

    Block 22 cell size :
        i : 7.3223264e-05 .. 7.3223264e-05
        j : 0.00025 .. 0.00025
        k : 0.0003 .. 0.0003

    Block 23 cell size :
        i : 7.3223264e-05 .. 7.3223264e-05
        j : 0.00025 .. 0.00025
        k : 0.0003 .. 0.0003

    Block 24 cell size :
        i : 7.3223264e-05 .. 7.3223264e-05
        j : 0.00025 .. 0.00025
        k : 0.0003 .. 0.0003

    Block 25 cell size :
        i : 7.3223264e-05 .. 7.3223264e-05
        j : 0.00025 .. 0.00025
        k : 0.0003 .. 0.0003

    Block 26 cell size :
        i : 5.0000935e-05 .. 5.0000935e-05
        j : 0.00039157855 .. 0.00039157855
        k : 0.0003 .. 0.0003

    Block 27 cell size :
        i : 5.0000935e-05 .. 5.0000935e-05
        j : 0.00039157855 .. 0.00039157855
        k : 0.0003 .. 0.0003

    Block 28 cell size :
        i : 5.0000935e-05 .. 5.0000935e-05
        j : 0.00039157855 .. 0.00039157855
        k : 0.0003 .. 0.0003

    Block 29 cell size :
        i : 5.0000935e-05 .. 5.0000935e-05
        j : 0.00039157855 .. 0.00039157855
        k : 0.0003 .. 0.0003

    Block 30 cell size :
        i : 0.00014999998 .. 0.00014999998
        j : 0.00040463126 .. 0.00040463126
        k : 0.0003 .. 0.0003

    Block 31 cell size :
        i : 0.00014999998 .. 0.00014999998
        j : 0.00040463126 .. 0.00040463126
        k : 0.0003 .. 0.0003

    Block 32 cell size :
        i : 0.00014999998 .. 0.00014999998
        j : 0.00040463126 .. 0.00040463126
        k : 0.0003 .. 0.0003

    Block 33 cell size :
        i : 0.00014999998 .. 0.00014999998
        j : 0.00040463126 .. 0.00040463126
        k : 0.0003 .. 0.0003

    Block 34 cell size :
        i : 0.00011666649 .. 0.00011666649
        j : 0.00052210483 .. 0.00052210483
        k : 0.0003 .. 0.0003

    Block 35 cell size :
        i : 0.00011666649 .. 0.00011666649
        j : 0.00052210483 .. 0.00052210483
        k : 0.0003 .. 0.0003

    Block 36 cell size :
        i : 0.00011666649 .. 0.00011666649
        j : 0.00052210483 .. 0.00052210483
        k : 0.0003 .. 0.0003

    Block 37 cell size :
        i : 0.00011666649 .. 0.00011666649
        j : 0.00052210483 .. 0.00052210483
        k : 0.0003 .. 0.0003

    Block 38 cell size :
        i : 7.4999988e-05 .. 7.4999988e-05
        j : 0.00061347311 .. 0.00061347311
        k : 0.0003 .. 0.0003

    Block 39 cell size :
        i : 7.4999988e-05 .. 7.4999988e-05
        j : 0.00061347311 .. 0.00061347311
        k : 0.0003 .. 0.0003

    Block 40 cell size :
        i : 7.4999988e-05 .. 7.4999988e-05
        j : 0.00061347311 .. 0.00061347311
        k : 0.0003 .. 0.0003

    Block 41 cell size :
        i : 7.4999988e-05 .. 7.4999988e-05
        j : 0.00061347311 .. 0.00061347311
        k : 0.0003 .. 0.0003

    Block 42 cell size :
        i : 0.00025 .. 0.00025
        j : 0.00025 .. 0.00025
        k : 0.0005 .. 0.0005

    Block 43 cell size :
        i : 7.3223264e-05 .. 7.3223264e-05
        j : 0.00025 .. 0.00025
        k : 0.0005 .. 0.0005

    Block 44 cell size :
        i : 7.3223264e-05 .. 7.3223264e-05
        j : 0.00025 .. 0.00025
        k : 0.0005 .. 0.0005

    Block 45 cell size :
        i : 7.3223264e-05 .. 7.3223264e-05
        j : 0.00025 .. 0.00025
        k : 0.0005 .. 0.0005

    Block 46 cell size :
        i : 7.3223264e-05 .. 7.3223264e-05
        j : 0.00025 .. 0.00025
        k : 0.0005 .. 0.0005

    Block 47 cell size :
        i : 5.0000935e-05 .. 5.0000935e-05
        j : 0.00039157855 .. 0.00039157855
        k : 0.0005 .. 0.0005

    Block 48 cell size :
        i : 5.0000935e-05 .. 5.0000935e-05
        j : 0.00039157855 .. 0.00039157855
        k : 0.0005 .. 0.0005

    Block 49 cell size :
        i : 5.0000935e-05 .. 5.0000935e-05
        j : 0.00039157855 .. 0.00039157855
        k : 0.0005 .. 0.0005

    Block 50 cell size :
        i : 5.0000935e-05 .. 5.0000935e-05
        j : 0.00039157855 .. 0.00039157855
        k : 0.0005 .. 0.0005

    Block 51 cell size :
        i : 0.00014999998 .. 0.00014999998
        j : 0.00040463126 .. 0.00040463126
        k : 0.0005 .. 0.0005

    Block 52 cell size :
        i : 0.00014999998 .. 0.00014999998
        j : 0.00040463126 .. 0.00040463126
        k : 0.0005 .. 0.0005

    Block 53 cell size :
        i : 0.00014999998 .. 0.00014999998
        j : 0.00040463126 .. 0.00040463126
        k : 0.0005 .. 0.0005

    Block 54 cell size :
        i : 0.00014999998 .. 0.00014999998
        j : 0.00040463126 .. 0.00040463126
        k : 0.0005 .. 0.0005

    Block 55 cell size :
        i : 0.00011666649 .. 0.00011666649
        j : 0.00052210483 .. 0.00052210483
        k : 0.0005 .. 0.0005

    Block 56 cell size :
        i : 0.00011666649 .. 0.00011666649
        j : 0.00052210483 .. 0.00052210483
        k : 0.0005 .. 0.0005

    Block 57 cell size :
        i : 0.00011666649 .. 0.00011666649
        j : 0.00052210483 .. 0.00052210483
        k : 0.0005 .. 0.0005

    Block 58 cell size :
        i : 0.00011666649 .. 0.00011666649
        j : 0.00052210483 .. 0.00052210483
        k : 0.0005 .. 0.0005

    Block 59 cell size :
        i : 7.4999988e-05 .. 7.4999988e-05
        j : 0.00061347311 .. 0.00061347311
        k : 0.0005 .. 0.0005

    Block 60 cell size :
        i : 7.4999988e-05 .. 7.4999988e-05
        j : 0.00061347311 .. 0.00061347311
        k : 0.0005 .. 0.0005

    Block 61 cell size :
        i : 7.4999988e-05 .. 7.4999988e-05
        j : 0.00061347311 .. 0.00061347311
        k : 0.0005 .. 0.0005

    Block 62 cell size :
        i : 7.4999988e-05 .. 7.4999988e-05
        j : 0.00061347311 .. 0.00061347311
        k : 0.0005 .. 0.0005

Adding cell zones
    0	on
    1	pia
    2	sas
    3	dura
    4	lc
    5	sclera_peri
    6	sclera_ring
    7	globo
No patch pairs to merge

Writing polyMesh with 8 cellZones
----------------
Mesh Information
----------------
  boundingBox: (-0.0025 -0.0025 0) (0.0025 0.0025 0.0308)
  nPoints: 5317
  nCells: 4752
  nFaces: 14796
  nInternalFaces: 13716
----------------
Cell Zones
----------------
  zone 0 (size: 1800) name: on
  zone 1 (size: 240) name: pia
  zone 2 (size: 1440) name: sas
  zone 3 (size: 480) name: dura
  zone 4 (size: 180) name: lc
  zone 5 (size: 96) name: sclera_peri
  zone 6 (size: 120) name: sclera_ring
  zone 7 (size: 396) name: globo
----------------
Patches
----------------
  patch 0 (start: 13716 size: 180) name: posterior_on
  patch 1 (start: 13896 size: 24) name: posterior_pia
  patch 2 (start: 13920 size: 144) name: posterior_sas
  patch 3 (start: 14064 size: 48) name: posterior_dura
  patch 4 (start: 14112 size: 240) name: dura_outer
  patch 5 (start: 14352 size: 24) name: sclera_ring_outer
  patch 6 (start: 14376 size: 24) name: globo_outer
  patch 7 (start: 14400 size: 396) name: anterior_globo

End

/*---------------------------------------------------------------------------*\
| =========                 |                                                 |
| \\      /  F ield         | OpenFOAM: The Open Source CFD Toolbox           |
|  \\    /   O peration     | Version:  2512                                  |
|   \\  /    A nd           | Website:  www.openfoam.com                      |
|    \\/     M anipulation  |                                                 |
\*---------------------------------------------------------------------------*/
Build  : _bd2b6720-20260127 OPENFOAM=2512 version=2512
Arch   : "LSB;label=32;scalar=64"
Exec   : topoSet -dict system/topoSetDict_perturbation
Date   : Jun 01 2026
Time   : 20:53:57
Host   : 4da4c1600de2
PID    : 225
I/O    : uncollated
Case   : /simulation/on-caso-4/solid
nProcs : 1
trapFpe: Floating point exception trapping enabled (FOAM_SIGFPE).
memory pool : not available
fileModificationChecking : Monitoring run-time modified files using timeStampMaster (fileModificationSkew 5, maxFileModificationPolls 20)
allowSystemOperations : Allowing user-supplied system call operations

// * * * * * * * * * * * * * * * * * * * * * * * * * * * * * * * * * * * * * //
Create time

--> FOAM Warning : 
    From void* Foam::dlLibraryTable::openLibrary(const Foam::fileName&, bool)
    in file db/dynamicLibrary/dlLibraryTable/dlLibraryTable.C at line 188
    Could not load "$FOAM_CASE/../src/elasticFoundation/libsolidTractionElasticFoundation.so"
/simulation/on-caso-4/solid/../src/elasticFoundation/libsolidTractionElasticFoundation.so: cannot open shared object file: No such file or directory
Create polyMesh for time = 0

Reading topoSetDict_perturbation

Time = 0
    mesh not changed.
Created faceSet perturbation_strip
    Applying source patchToFace
--> FOAM IOWarning :
    Found [v1806] 'name' entry instead of 'patch' in dictionary "system/topoSetDict_perturbation/actions/sourceInfo"

    This keyword is 90 months old.

    Adding all faces of patches: (dura_outer) ...
    Found matching patch dura_outer with 240 faces
    faceSet perturbation_strip now size 240
Read set faceSet perturbation_strip size:240
    Applying source boxToFace
    Adding faces with centre within boxes 1((0.0024 -0.0005 0.01) (0.00265 0.0005 0.02))
    faceSet perturbation_strip now size 8

End

/*---------------------------------------------------------------------------*\
| =========                 |                                                 |
| \\      /  F ield         | OpenFOAM: The Open Source CFD Toolbox           |
|  \\    /   O peration     | Version:  2512                                  |
|   \\  /    A nd           | Website:  www.openfoam.com                      |
|    \\/     M anipulation  |                                                 |
\*---------------------------------------------------------------------------*/
Build  : _bd2b6720-20260127 OPENFOAM=2512 version=2512
Arch   : "LSB;label=32;scalar=64"
Exec   : createPatch -overwrite -dict system/createPatchDict_perturbation
Date   : Jun 01 2026
Time   : 20:53:57
Host   : 4da4c1600de2
PID    : 227
I/O    : uncollated
Case   : /simulation/on-caso-4/solid
nProcs : 1
trapFpe: Floating point exception trapping enabled (FOAM_SIGFPE).
memory pool : not available
fileModificationChecking : Monitoring run-time modified files using timeStampMaster (fileModificationSkew 5, maxFileModificationPolls 20)
allowSystemOperations : Allowing user-supplied system call operations

// * * * * * * * * * * * * * * * * * * * * * * * * * * * * * * * * * * * * * //
Create time

--> FOAM Warning : 
    From void* Foam::dlLibraryTable::openLibrary(const Foam::fileName&, bool)
    in file db/dynamicLibrary/dlLibraryTable/dlLibraryTable.C at line 188
    Could not load "$FOAM_CASE/../src/elasticFoundation/libsolidTractionElasticFoundation.so"
/simulation/on-caso-4/solid/../src/elasticFoundation/libsolidTractionElasticFoundation.so: cannot open shared object file: No such file or directory
Create mesh for time = 0

Reading "system/createPatchDict_perturbation"



Adding patches to mesh region0

Adding new patch perturbation_strip from 
{
    type            wall;
    nFaces          0;
    startFace       0;
}




Repatching mesh region0

Read 8 faces from faceSet perturbation_strip
Doing topology modification to order faces.

Not synchronising points.

Removing patches with no faces in them.



Writing repatched mesh region0 to 0

End

/*---------------------------------------------------------------------------*\
| =========                 |                                                 |
| \\      /  F ield         | OpenFOAM: The Open Source CFD Toolbox           |
|  \\    /   O peration     | Version:  2512                                  |
|   \\  /    A nd           | Website:  www.openfoam.com                      |
|    \\/     M anipulation  |                                                 |
\*---------------------------------------------------------------------------*/
Build  : _bd2b6720-20260127 OPENFOAM=2512 version=2512
Arch   : "LSB;label=32;scalar=64"
Exec   : topoSet -dict system/topoSetDict_contact
Date   : Jun 01 2026
Time   : 20:53:58
Host   : 4da4c1600de2
PID    : 229
I/O    : uncollated
Case   : /simulation/on-caso-4/solid
nProcs : 1
trapFpe: Floating point exception trapping enabled (FOAM_SIGFPE).
memory pool : not available
fileModificationChecking : Monitoring run-time modified files using timeStampMaster (fileModificationSkew 5, maxFileModificationPolls 20)
allowSystemOperations : Allowing user-supplied system call operations

// * * * * * * * * * * * * * * * * * * * * * * * * * * * * * * * * * * * * * //
Create time

--> FOAM Warning : 
    From void* Foam::dlLibraryTable::openLibrary(const Foam::fileName&, bool)
    in file db/dynamicLibrary/dlLibraryTable/dlLibraryTable.C at line 188
    Could not load "$FOAM_CASE/../src/elasticFoundation/libsolidTractionElasticFoundation.so"
/simulation/on-caso-4/solid/../src/elasticFoundation/libsolidTractionElasticFoundation.so: cannot open shared object file: No such file or directory
Create polyMesh for time = 0

Reading topoSetDict_contact

Time = 0
    mesh not changed.
Created faceSet contact_local
    Applying source patchToFace
--> FOAM IOWarning :
    Found [v1806] 'name' entry instead of 'patch' in dictionary "system/topoSetDict_contact/actions/sourceInfo"

    This keyword is 90 months old.

    Adding all faces of patches: (dura_outer) ...
    Found matching patch dura_outer with 232 faces
    faceSet contact_local now size 232
Read set faceSet contact_local size:232
    Applying source boxToFace
    Adding faces with centre within boxes 1((0.0024 -0.0005 0.021) (0.0026 0.0005 0.024))
    faceSet contact_local now size 2

End

/*---------------------------------------------------------------------------*\
| =========                 |                                                 |
| \\      /  F ield         | OpenFOAM: The Open Source CFD Toolbox           |
|  \\    /   O peration     | Version:  2512                                  |
|   \\  /    A nd           | Website:  www.openfoam.com                      |
|    \\/     M anipulation  |                                                 |
\*---------------------------------------------------------------------------*/
Build  : _bd2b6720-20260127 OPENFOAM=2512 version=2512
Arch   : "LSB;label=32;scalar=64"
Exec   : createPatch -overwrite -dict system/createPatchDict_contact
Date   : Jun 01 2026
Time   : 20:53:58
Host   : 4da4c1600de2
PID    : 231
I/O    : uncollated
Case   : /simulation/on-caso-4/solid
nProcs : 1
trapFpe: Floating point exception trapping enabled (FOAM_SIGFPE).
memory pool : not available
fileModificationChecking : Monitoring run-time modified files using timeStampMaster (fileModificationSkew 5, maxFileModificationPolls 20)
allowSystemOperations : Allowing user-supplied system call operations

// * * * * * * * * * * * * * * * * * * * * * * * * * * * * * * * * * * * * * //
Create time

--> FOAM Warning : 
    From void* Foam::dlLibraryTable::openLibrary(const Foam::fileName&, bool)
    in file db/dynamicLibrary/dlLibraryTable/dlLibraryTable.C at line 188
    Could not load "$FOAM_CASE/../src/elasticFoundation/libsolidTractionElasticFoundation.so"
/simulation/on-caso-4/solid/../src/elasticFoundation/libsolidTractionElasticFoundation.so: cannot open shared object file: No such file or directory
Create mesh for time = 0

Reading "system/createPatchDict_contact"



Adding patches to mesh region0

Adding new patch contact_local from 
{
    type            wall;
    nFaces          0;
    startFace       0;
}




Repatching mesh region0

Read 2 faces from faceSet contact_local
Doing topology modification to order faces.

Not synchronising points.

Removing patches with no faces in them.



Writing repatched mesh region0 to 0

End

=== on-caso-4 (CCX): polyMesh -> CalculiX .inp  [k_winkler=2000000 Pa/m] ===
[1/5] Lendo polyMesh em ../solid/constant/polyMesh
      nodes=5317, faces=14796, cells=4752, patches=10, zones=['on', 'pia', 'sas', 'dura', 'lc', 'sclera_peri', 'sclera_ring', 'globo']
[2/5] Reconstruindo conectividade C3D8 (4752 celulas)
      OK
[3/5] Escrevendo malha em on-caso-4_mesh.inp
      DURA_INNER_SURF: 240 faces (interface dura<->sas)
[4/5] Escrevendo Winkler em on-caso-4_winkler.inp
[5/5] Concluido. Total: 5317 nodes, 4752 hex C3D8I.
=== on-caso-4 (CCX): P_CONTACT = 0 Pa (arteria) | P_CSF = 3800 Pa (inchaco) ===
204:CONTACT_LOCAL_SURF, P, 0
220:DURA_INNER_SURF, P, 3800
=== on-caso-4 (CCX): solver ccx_preCICE -i on-caso-4  [tag=swell_S2] ===

************************************************************

CalculiX Version 2.20, Copyright(C) 1998-2022 Guido Dhondt
CalculiX comes with ABSOLUTELY NO WARRANTY. This is free
software, and you are welcome to redistribute it under
certain conditions, see gpl.htm

************************************************************

You are using an executable made on Sun Jul 31 18:08:37 CEST 2022

  The numbers below are estimated upper bounds

  number of:

   nodes:        19822
   elements:         5001
   one-dimensional elements:            0
   two-dimensional elements:            0
   integration points per element:            8
   degrees of freedom per node:            3
   layers per element:            1

   distributed facial loads:          242
   distributed volumetric loads:            0
   concentrated loads:            0
   single point constraints:         3008
   multiple point constraints:            1
   terms in all multiple point constraints:            1
   tie constraints:            0
   dependent nodes tied by cyclic constraints:            0
   dependent nodes in pre-tension constraints:            0

   sets:          280
   terms in all sets:        18471

   materials:          257
   constants per material and temperature:            9
   temperature points per material:            1
   plastic data points per material:            0

   orientations:            1
   amplitudes:            5
   data points in all amplitudes:            5
   print requests:            8
   transformations:            0
   property cards:            0

 *INFO reading *HYPERELASTIC: nonlinear geometric
       effects are turned on

 *INFO reading *HYPERELASTIC: nonlinear geometric
       effects are turned on

 *INFO reading *HYPERELASTIC: nonlinear geometric
       effects are turned on

 *INFO reading *HYPERELASTIC: nonlinear geometric
       effects are turned on

 *INFO reading *HYPERELASTIC: nonlinear geometric
       effects are turned on

 *INFO reading *HYPERELASTIC: nonlinear geometric
       effects are turned on

 *INFO reading *HYPERELASTIC: nonlinear geometric
       effects are turned on

 *INFO reading *STEP: nonlinear geometric
       effects are turned on

 *WARNING reading *STATIC: parameter not recognized:
          RIKS
 *WARNING reading *STATIC. Card image:
          *STATIC,RIKS


 STEP            1

 Static analysis was selected

 Nonlinear material laws are taken into account

 Newton-Raphson iterative procedure is active

 Nonlinear geometric effects are taken into account

 Decascading the MPC's

 Determining the structure of the matrix:
 Using up to 1 cpu(s) for setting up the structure of the matrix.
 number of equations
 56674
 number of nonzero lower triangular matrix elements
 1634214

 increment 1 attempt 1 
 increment size= 2.500000e-02
 sum of previous increments=0.000000e+00
 actual step time=2.500000e-02
 actual total time=2.500000e-02

 iteration 1

 Using up to 1 cpu(s) for the stress calculation.

 Using up to 1 cpu(s) for the symmetric stiffness/mass contributions.

 Factoring the system of equations using the symmetric spooles solver
 Using up to 1 cpu(s) for spooles.

 Using up to 1 cpu(s) for the stress calculation.

 average force= 0.000003
 time avg. forc= 0.000003
 largest residual force= 0.000002 in node 4105 and dof 1
 largest increment of disp= 1.304585e-06
 largest correction to disp= 1.304585e-06 in node 4933 and dof 3

 no convergence

 iteration 2

 Using up to 1 cpu(s) for the symmetric stiffness/mass contributions.

 Factoring the system of equations using the symmetric spooles solver
 Using up to 1 cpu(s) for spooles.

 Using up to 1 cpu(s) for the stress calculation.

 average force= 0.000003
 time avg. forc= 0.000003
 largest residual force= 0.000000 in node 3323 and dof 1
 largest increment of disp= 1.304585e-06
 largest correction to disp= 1.070339e-07 in node 4063 and dof 1

 convergence

 increment 2 attempt 1 
 increment size= 2.500000e-02
 sum of previous increments=2.500000e-02
 actual step time=5.000000e-02
 actual total time=5.000000e-02

 iteration 1

 Using up to 1 cpu(s) for the stress calculation.

 Using up to 1 cpu(s) for the symmetric stiffness/mass contributions.

 Factoring the system of equations using the symmetric spooles solver
 Using up to 1 cpu(s) for spooles.

 Using up to 1 cpu(s) for the stress calculation.

 average force= 0.000006
 time avg. forc= 0.000005
 largest residual force= 0.000003 in node 4275 and dof 3
 largest increment of disp= 1.301995e-06
 largest correction to disp= 4.678470e-07 in node 4035 and dof 1

 no convergence

 iteration 2

 Using up to 1 cpu(s) for the symmetric stiffness/mass contributions.

 Factoring the system of equations using the symmetric spooles solver
 Using up to 1 cpu(s) for spooles.

 Using up to 1 cpu(s) for the stress calculation.

 average force= 0.000006
 time avg. forc= 0.000005
 largest residual force= 0.000000 in node 4311 and dof 3
 largest increment of disp= 1.301995e-06
 largest correction to disp= 2.799662e-07 in node 3689 and dof 1

 convergence; the increment size is increased to 3.750000e-02

 increment 3 attempt 1 
 increment size= 3.750000e-02
 sum of previous increments=5.000000e-02
 actual step time=8.750000e-02
 actual total time=8.750000e-02

 iteration 1

 Using up to 1 cpu(s) for the stress calculation.

 Using up to 1 cpu(s) for the symmetric stiffness/mass contributions.

 Factoring the system of equations using the symmetric spooles solver
 Using up to 1 cpu(s) for spooles.

 Using up to 1 cpu(s) for the stress calculation.

 average force= 0.000011
 time avg. forc= 0.000007
 largest residual force= 0.000005 in node 3991 and dof 1
 largest increment of disp= 1.554284e-06
 largest correction to disp= 1.014602e-06 in node 3689 and dof 1

 no convergence

 iteration 2

 Using up to 1 cpu(s) for the symmetric stiffness/mass contributions.

 Factoring the system of equations using the symmetric spooles solver
 Using up to 1 cpu(s) for spooles.

 Using up to 1 cpu(s) for the stress calculation.

 average force= 0.000011
 time avg. forc= 0.000007
 largest residual force= 0.000004 in node 4007 and dof 1
 largest increment of disp= 1.554284e-06
 largest correction to disp= 4.762132e-07 in node 4006 and dof 1

 no convergence

 iteration 3

 Using up to 1 cpu(s) for the symmetric stiffness/mass contributions.

 Factoring the system of equations using the symmetric spooles solver
 Using up to 1 cpu(s) for spooles.

 Using up to 1 cpu(s) for the stress calculation.

 average force= 0.000011
 time avg. forc= 0.000007
 largest residual force= 0.000000 in node 4007 and dof 1
 largest increment of disp= 1.554284e-06
 largest correction to disp= 9.524860e-08 in node 4006 and dof 1

 convergence; the increment size is increased to 5.625000e-02

 the increment size exceeds the maximum allowed and is decreased to 5.000000e-02

 increment 4 attempt 1 
 increment size= 5.000000e-02
 sum of previous increments=8.750000e-02
 actual step time=1.375000e-01
 actual total time=1.375000e-01

 iteration 1

 Using up to 1 cpu(s) for the stress calculation.

 Using up to 1 cpu(s) for the symmetric stiffness/mass contributions.

 Factoring the system of equations using the symmetric spooles solver
 Using up to 1 cpu(s) for spooles.

 Using up to 1 cpu(s) for the stress calculation.

 average force= 0.000017
 time avg. forc= 0.000009
 largest residual force= 0.000000 in node 4299 and dof 1
 largest increment of disp= 1.650985e-06
 largest correction to disp= 6.868927e-07 in node 4298 and dof 1

 no convergence

 iteration 2

 Using up to 1 cpu(s) for the symmetric stiffness/mass contributions.

 Factoring the system of equations using the symmetric spooles solver
 Using up to 1 cpu(s) for spooles.

 Using up to 1 cpu(s) for the stress calculation.

 average force= 0.000017
 time avg. forc= 0.000009
 largest residual force= 0.000000 in node 4295 and dof 1
 largest increment of disp= 1.650985e-06
 largest correction to disp= 2.566304e-08 in node 4298 and dof 1

 convergence; the increment size is increased to 7.500000e-02

 the increment size exceeds the maximum allowed and is decreased to 5.000000e-02

 increment 5 attempt 1 
 increment size= 5.000000e-02
 sum of previous increments=1.375000e-01
 actual step time=1.875000e-01
 actual total time=1.875000e-01

 iteration 1

 Using up to 1 cpu(s) for the stress calculation.

 Using up to 1 cpu(s) for the symmetric stiffness/mass contributions.

 Factoring the system of equations using the symmetric spooles solver
 Using up to 1 cpu(s) for spooles.

 Using up to 1 cpu(s) for the stress calculation.

 average force= 0.000023
 time avg. forc= 0.000012
 largest residual force= 0.000000 in node 4039 and dof 1
 largest increment of disp= 1.561973e-06
 largest correction to disp= 3.674493e-08 in node 4177 and dof 3

 no convergence

 iteration 2

 Using up to 1 cpu(s) for the symmetric stiffness/mass contributions.

 Factoring the system of equations using the symmetric spooles solver
 Using up to 1 cpu(s) for spooles.

 Using up to 1 cpu(s) for the stress calculation.

 average force= 0.000023
 time avg. forc= 0.000012
 largest residual force= 0.000000 in node 4039 and dof 1
 largest increment of disp= 1.561973e-06
 largest correction to disp= 8.451138e-10 in node 4035 and dof 1

 convergence; the increment size is increased to 7.500000e-02

 the increment size exceeds the maximum allowed and is decreased to 5.000000e-02

 Using up to 1 cpu(s) for the stress calculation.

 increment 6 attempt 1 
 increment size= 5.000000e-02
 sum of previous increments=1.875000e-01
 actual step time=2.375000e-01
 actual total time=2.375000e-01

 iteration 1

 Using up to 1 cpu(s) for the stress calculation.

 Using up to 1 cpu(s) for the symmetric stiffness/mass contributions.

 Factoring the system of equations using the symmetric spooles solver
 Using up to 1 cpu(s) for spooles.

 Using up to 1 cpu(s) for the stress calculation.

 average force= 0.000029
 time avg. forc= 0.000015
 largest residual force= 0.000000 in node 2311 and dof 1
 largest increment of disp= 1.582431e-06
 largest correction to disp= 1.589819e-08 in node 4311 and dof 3

 no convergence

 iteration 2

 Using up to 1 cpu(s) for the symmetric stiffness/mass contributions.

 Factoring the system of equations using the symmetric spooles solver
 Using up to 1 cpu(s) for spooles.

 Using up to 1 cpu(s) for the stress calculation.

 average force= 0.000029
 time avg. forc= 0.000015
 largest residual force= 0.000000 in node 4045 and dof 1
 largest increment of disp= 1.582431e-06
 largest correction to disp= 7.523820e-11 in node 4035 and dof 1

 convergence; the increment size is increased to 7.500000e-02

 the increment size exceeds the maximum allowed and is decreased to 5.000000e-02

 increment 7 attempt 1 
 increment size= 5.000000e-02
 sum of previous increments=2.375000e-01
 actual step time=2.875000e-01
 actual total time=2.875000e-01

 iteration 1

 Using up to 1 cpu(s) for the stress calculation.

 Using up to 1 cpu(s) for the symmetric stiffness/mass contributions.

 Factoring the system of equations using the symmetric spooles solver
 Using up to 1 cpu(s) for spooles.

 Using up to 1 cpu(s) for the stress calculation.

 average force= 0.000035
 time avg. forc= 0.000018
 largest residual force= 0.000000 in node 4031 and dof 1
 largest increment of disp= 1.591672e-06
 largest correction to disp= 7.047034e-09 in node 4433 and dof 3

 no convergence

 iteration 2

 Using up to 1 cpu(s) for the symmetric stiffness/mass contributions.

 Factoring the system of equations using the symmetric spooles solver
 Using up to 1 cpu(s) for spooles.

 Using up to 1 cpu(s) for the stress calculation.

 average force= 0.000035
 time avg. forc= 0.000018
 largest residual force= 0.000000 in node 4045 and dof 1
 largest increment of disp= 1.591672e-06
 largest correction to disp= 2.883148e-10 in node 4049 and dof 1

 convergence; the increment size is increased to 7.500000e-02

 the increment size exceeds the maximum allowed and is decreased to 5.000000e-02

 increment 8 attempt 1 
 increment size= 5.000000e-02
 sum of previous increments=2.875000e-01
 actual step time=3.375000e-01
 actual total time=3.375000e-01

 iteration 1

 Using up to 1 cpu(s) for the stress calculation.

 Using up to 1 cpu(s) for the symmetric stiffness/mass contributions.

 Factoring the system of equations using the symmetric spooles solver
 Using up to 1 cpu(s) for spooles.

 Using up to 1 cpu(s) for the stress calculation.

 average force= 0.000041
 time avg. forc= 0.000021
 largest residual force= 0.000000 in node 4053 and dof 1
 largest increment of disp= 1.593997e-06
 largest correction to disp= 6.895810e-09 in node 4035 and dof 1

 no convergence

 iteration 2

 Using up to 1 cpu(s) for the symmetric stiffness/mass contributions.

 Factoring the system of equations using the symmetric spooles solver
 Using up to 1 cpu(s) for spooles.

 Using up to 1 cpu(s) for the stress calculation.

 average force= 0.000041
 time avg. forc= 0.000021
 largest residual force= 0.000000 in node 4053 and dof 1
 largest increment of disp= 1.593997e-06
 largest correction to disp= 3.716166e-10 in node 4049 and dof 1

 convergence; the increment size is increased to 7.500000e-02

 the increment size exceeds the maximum allowed and is decreased to 5.000000e-02

 increment 9 attempt 1 
 increment size= 5.000000e-02
 sum of previous increments=3.375000e-01
 actual step time=3.875000e-01
 actual total time=3.875000e-01

 iteration 1

 Using up to 1 cpu(s) for the stress calculation.

 Using up to 1 cpu(s) for the symmetric stiffness/mass contributions.

 Factoring the system of equations using the symmetric spooles solver
 Using up to 1 cpu(s) for spooles.

 Using up to 1 cpu(s) for the stress calculation.

 average force= 0.000047
 time avg. forc= 0.000024
 largest residual force= 0.000000 in node 4053 and dof 1
 largest increment of disp= 1.593092e-06
 largest correction to disp= 6.721835e-09 in node 4035 and dof 1

 no convergence

 iteration 2

 Using up to 1 cpu(s) for the symmetric stiffness/mass contributions.

 Factoring the system of equations using the symmetric spooles solver
 Using up to 1 cpu(s) for spooles.

 Using up to 1 cpu(s) for the stress calculation.

 average force= 0.000047
 time avg. forc= 0.000024
 largest residual force= 0.000000 in node 4045 and dof 1
 largest increment of disp= 1.593092e-06
 largest correction to disp= 4.074939e-10 in node 4049 and dof 1

 convergence; the increment size is increased to 7.500000e-02

 the increment size exceeds the maximum allowed and is decreased to 5.000000e-02

 increment 10 attempt 1 
 increment size= 5.000000e-02
 sum of previous increments=3.875000e-01
 actual step time=4.375000e-01
 actual total time=4.375000e-01

 iteration 1

 Using up to 1 cpu(s) for the stress calculation.

 Using up to 1 cpu(s) for the symmetric stiffness/mass contributions.

 Factoring the system of equations using the symmetric spooles solver
 Using up to 1 cpu(s) for spooles.

 Using up to 1 cpu(s) for the stress calculation.

 average force= 0.000054
 time avg. forc= 0.000027
 largest residual force= 0.000000 in node 4045 and dof 1
 largest increment of disp= 1.590562e-06
 largest correction to disp= 6.392610e-09 in node 4063 and dof 1

 no convergence

 iteration 2

 Using up to 1 cpu(s) for the symmetric stiffness/mass contributions.

 Factoring the system of equations using the symmetric spooles solver
 Using up to 1 cpu(s) for spooles.

 Using up to 1 cpu(s) for the stress calculation.

 average force= 0.000054
 time avg. forc= 0.000027
 largest residual force= 0.000000 in node 4045 and dof 1
 largest increment of disp= 1.590562e-06
 largest correction to disp= 4.224054e-10 in node 4049 and dof 1

 convergence; the increment size is increased to 7.500000e-02

 the increment size exceeds the maximum allowed and is decreased to 5.000000e-02

 Using up to 1 cpu(s) for the stress calculation.

 increment 11 attempt 1 
 increment size= 5.000000e-02
 sum of previous increments=4.375000e-01
 actual step time=4.875000e-01
 actual total time=4.875000e-01

 iteration 1

 Using up to 1 cpu(s) for the stress calculation.

 Using up to 1 cpu(s) for the symmetric stiffness/mass contributions.

 Factoring the system of equations using the symmetric spooles solver
 Using up to 1 cpu(s) for spooles.

 Using up to 1 cpu(s) for the stress calculation.

 average force= 0.000060
 time avg. forc= 0.000030
 largest residual force= 0.000000 in node 4045 and dof 1
 largest increment of disp= 1.587140e-06
 largest correction to disp= 5.988813e-09 in node 4063 and dof 1

 no convergence

 iteration 2

 Using up to 1 cpu(s) for the symmetric stiffness/mass contributions.

 Factoring the system of equations using the symmetric spooles solver
 Using up to 1 cpu(s) for spooles.

 Using up to 1 cpu(s) for the stress calculation.

 average force= 0.000060
 time avg. forc= 0.000030
 largest residual force= 0.000000 in node 4053 and dof 1
 largest increment of disp= 1.587140e-06
 largest correction to disp= 4.264259e-10 in node 4049 and dof 1

 convergence; the increment size is increased to 7.500000e-02

 the increment size exceeds the maximum allowed and is decreased to 5.000000e-02

 increment 12 attempt 1 
 increment size= 5.000000e-02
 sum of previous increments=4.875000e-01
 actual step time=5.375000e-01
 actual total time=5.375000e-01

 iteration 1

 Using up to 1 cpu(s) for the stress calculation.

 Using up to 1 cpu(s) for the symmetric stiffness/mass contributions.

 Factoring the system of equations using the symmetric spooles solver
 Using up to 1 cpu(s) for spooles.

 Using up to 1 cpu(s) for the stress calculation.

 average force= 0.000066
 time avg. forc= 0.000033
 largest residual force= 0.000000 in node 4045 and dof 1
 largest increment of disp= 1.583189e-06
 largest correction to disp= 5.579185e-09 in node 4063 and dof 1

 no convergence

 iteration 2

 Using up to 1 cpu(s) for the symmetric stiffness/mass contributions.

 Factoring the system of equations using the symmetric spooles solver
 Using up to 1 cpu(s) for spooles.

 Using up to 1 cpu(s) for the stress calculation.

 average force= 0.000066
 time avg. forc= 0.000033
 largest residual force= 0.000000 in node 4045 and dof 1
 largest increment of disp= 1.583189e-06
 largest correction to disp= 4.241550e-10 in node 4049 and dof 1

 convergence; the increment size is increased to 7.500000e-02

 the increment size exceeds the maximum allowed and is decreased to 5.000000e-02

 increment 13 attempt 1 
 increment size= 5.000000e-02
 sum of previous increments=5.375000e-01
 actual step time=5.875000e-01
 actual total time=5.875000e-01

 iteration 1

 Using up to 1 cpu(s) for the stress calculation.

 Using up to 1 cpu(s) for the symmetric stiffness/mass contributions.

 Factoring the system of equations using the symmetric spooles solver
 Using up to 1 cpu(s) for spooles.

 Using up to 1 cpu(s) for the stress calculation.

 average force= 0.000072
 time avg. forc= 0.000036
 largest residual force= 0.000000 in node 2251 and dof 2
 largest increment of disp= 1.578908e-06
 largest correction to disp= 5.189188e-09 in node 4063 and dof 1

 no convergence

 iteration 2

 Using up to 1 cpu(s) for the symmetric stiffness/mass contributions.

 Factoring the system of equations using the symmetric spooles solver
 Using up to 1 cpu(s) for spooles.

 Using up to 1 cpu(s) for the stress calculation.

 average force= 0.000072
 time avg. forc= 0.000036
 largest residual force= 0.000000 in node 4045 and dof 1
 largest increment of disp= 1.578908e-06
 largest correction to disp= 4.180242e-10 in node 4049 and dof 1

 convergence; the increment size is increased to 7.500000e-02

 the increment size exceeds the maximum allowed and is decreased to 5.000000e-02

 increment 14 attempt 1 
 increment size= 5.000000e-02
 sum of previous increments=5.875000e-01
 actual step time=6.375000e-01
 actual total time=6.375000e-01

 iteration 1

 Using up to 1 cpu(s) for the stress calculation.

 Using up to 1 cpu(s) for the symmetric stiffness/mass contributions.

 Factoring the system of equations using the symmetric spooles solver
 Using up to 1 cpu(s) for spooles.

 Using up to 1 cpu(s) for the stress calculation.

 average force= 0.000078
 time avg. forc= 0.000039
 largest residual force= 0.000000 in node 2375 and dof 2
 largest increment of disp= 1.574407e-06
 largest correction to disp= 4.827611e-09 in node 4063 and dof 1

 no convergence

 iteration 2

 Using up to 1 cpu(s) for the symmetric stiffness/mass contributions.

 Factoring the system of equations using the symmetric spooles solver
 Using up to 1 cpu(s) for spooles.

 Using up to 1 cpu(s) for the stress calculation.

 average force= 0.000078
 time avg. forc= 0.000039
 largest residual force= 0.000000 in node 4045 and dof 1
 largest increment of disp= 1.574407e-06
 largest correction to disp= 4.094601e-10 in node 4049 and dof 1

 convergence; the increment size is increased to 7.500000e-02

 the increment size exceeds the maximum allowed and is decreased to 5.000000e-02

 increment 15 attempt 1 
 increment size= 5.000000e-02
 sum of previous increments=6.375000e-01
 actual step time=6.875000e-01
 actual total time=6.875000e-01

 iteration 1

 Using up to 1 cpu(s) for the stress calculation.

 Using up to 1 cpu(s) for the symmetric stiffness/mass contributions.

 Factoring the system of equations using the symmetric spooles solver
 Using up to 1 cpu(s) for spooles.

 Using up to 1 cpu(s) for the stress calculation.

 average force= 0.000084
 time avg. forc= 0.000042
 largest residual force= 0.000000 in node 2375 and dof 2
 largest increment of disp= 1.569756e-06
 largest correction to disp= 4.777637e-09 in node 4933 and dof 3

 no convergence

 iteration 2

 Using up to 1 cpu(s) for the symmetric stiffness/mass contributions.

 Factoring the system of equations using the symmetric spooles solver
 Using up to 1 cpu(s) for spooles.

 Using up to 1 cpu(s) for the stress calculation.

 average force= 0.000084
 time avg. forc= 0.000042
 largest residual force= 0.000000 in node 4053 and dof 1
 largest increment of disp= 1.569756e-06
 largest correction to disp= 3.993625e-10 in node 4049 and dof 1

 convergence; the increment size is increased to 7.500000e-02

 the increment size exceeds the maximum allowed and is decreased to 5.000000e-02

 Using up to 1 cpu(s) for the stress calculation.

 increment 16 attempt 1 
 increment size= 5.000000e-02
 sum of previous increments=6.875000e-01
 actual step time=7.375000e-01
 actual total time=7.375000e-01

 iteration 1

 Using up to 1 cpu(s) for the stress calculation.

 Using up to 1 cpu(s) for the symmetric stiffness/mass contributions.

 Factoring the system of equations using the symmetric spooles solver
 Using up to 1 cpu(s) for spooles.

 Using up to 1 cpu(s) for the stress calculation.

 average force= 0.000090
 time avg. forc= 0.000045
 largest residual force= 0.000000 in node 2251 and dof 2
 largest increment of disp= 1.564998e-06
 largest correction to disp= 4.857643e-09 in node 4933 and dof 3

 no convergence

 iteration 2

 Using up to 1 cpu(s) for the symmetric stiffness/mass contributions.

 Factoring the system of equations using the symmetric spooles solver
 Using up to 1 cpu(s) for spooles.

 Using up to 1 cpu(s) for the stress calculation.

 average force= 0.000090
 time avg. forc= 0.000045
 largest residual force= 0.000000 in node 4045 and dof 1
 largest increment of disp= 1.564998e-06
 largest correction to disp= 3.883283e-10 in node 4049 and dof 1

 convergence; the increment size is increased to 7.500000e-02

 the increment size exceeds the maximum allowed and is decreased to 5.000000e-02

 increment 17 attempt 1 
 increment size= 5.000000e-02
 sum of previous increments=7.375000e-01
 actual step time=7.875000e-01
 actual total time=7.875000e-01

 iteration 1

 Using up to 1 cpu(s) for the stress calculation.

 Using up to 1 cpu(s) for the symmetric stiffness/mass contributions.

 Factoring the system of equations using the symmetric spooles solver
 Using up to 1 cpu(s) for spooles.

 Using up to 1 cpu(s) for the stress calculation.

 average force= 0.000097
 time avg. forc= 0.000048
 largest residual force= 0.000000 in node 2251 and dof 2
 largest increment of disp= 1.560161e-06
 largest correction to disp= 4.918300e-09 in node 4933 and dof 3

 no convergence

 iteration 2

 Using up to 1 cpu(s) for the symmetric stiffness/mass contributions.

 Factoring the system of equations using the symmetric spooles solver
 Using up to 1 cpu(s) for spooles.

 Using up to 1 cpu(s) for the stress calculation.

 average force= 0.000097
 time avg. forc= 0.000048
 largest residual force= 0.000000 in node 4045 and dof 1
 largest increment of disp= 1.560161e-06
 largest correction to disp= 3.767666e-10 in node 4049 and dof 1

 convergence; the increment size is increased to 7.500000e-02

 the increment size exceeds the maximum allowed and is decreased to 5.000000e-02

 increment 18 attempt 1 
 increment size= 5.000000e-02
 sum of previous increments=7.875000e-01
 actual step time=8.375000e-01
 actual total time=8.375000e-01

 iteration 1

 Using up to 1 cpu(s) for the stress calculation.

 Using up to 1 cpu(s) for the symmetric stiffness/mass contributions.

 Factoring the system of equations using the symmetric spooles solver
 Using up to 1 cpu(s) for spooles.

 Using up to 1 cpu(s) for the stress calculation.

 average force= 0.000103
 time avg. forc= 0.000051
 largest residual force= 0.000000 in node 2375 and dof 2
 largest increment of disp= 1.555265e-06
 largest correction to disp= 4.965439e-09 in node 4933 and dof 3

 no convergence

 iteration 2

 Using up to 1 cpu(s) for the symmetric stiffness/mass contributions.

 Factoring the system of equations using the symmetric spooles solver
 Using up to 1 cpu(s) for spooles.

 Using up to 1 cpu(s) for the stress calculation.

 average force= 0.000103
 time avg. forc= 0.000051
 largest residual force= 0.000000 in node 4045 and dof 1
 largest increment of disp= 1.555265e-06
 largest correction to disp= 3.649636e-10 in node 4049 and dof 1

 convergence; the increment size is increased to 7.500000e-02

 the increment size exceeds the maximum allowed and is decreased to 5.000000e-02

 increment 19 attempt 1 
 increment size= 5.000000e-02
 sum of previous increments=8.375000e-01
 actual step time=8.875000e-01
 actual total time=8.875000e-01

 iteration 1

 Using up to 1 cpu(s) for the stress calculation.

 Using up to 1 cpu(s) for the symmetric stiffness/mass contributions.

 Factoring the system of equations using the symmetric spooles solver
 Using up to 1 cpu(s) for spooles.

 Using up to 1 cpu(s) for the stress calculation.

 average force= 0.000109
 time avg. forc= 0.000054
 largest residual force= 0.000000 in node 2375 and dof 2
 largest increment of disp= 1.550323e-06
 largest correction to disp= 5.002900e-09 in node 4933 and dof 3

 no convergence

 iteration 2

 Using up to 1 cpu(s) for the symmetric stiffness/mass contributions.

 Factoring the system of equations using the symmetric spooles solver
 Using up to 1 cpu(s) for spooles.

 Using up to 1 cpu(s) for the stress calculation.

 average force= 0.000109
 time avg. forc= 0.000054
 largest residual force= 0.000000 in node 4053 and dof 1
 largest increment of disp= 1.550323e-06
 largest correction to disp= 3.531221e-10 in node 4049 and dof 1

 convergence; the increment size is increased to 7.500000e-02

 the increment size exceeds the maximum allowed and is decreased to 5.000000e-02

 increment 20 attempt 1 
 increment size= 5.000000e-02
 sum of previous increments=8.875000e-01
 actual step time=9.375000e-01
 actual total time=9.375000e-01

 iteration 1

 Using up to 1 cpu(s) for the stress calculation.

 Using up to 1 cpu(s) for the symmetric stiffness/mass contributions.

 Factoring the system of equations using the symmetric spooles solver
 Using up to 1 cpu(s) for spooles.

 Using up to 1 cpu(s) for the stress calculation.

 average force= 0.000115
 time avg. forc= 0.000057
 largest residual force= 0.000000 in node 2375 and dof 2
 largest increment of disp= 1.545345e-06
 largest correction to disp= 5.033285e-09 in node 4933 and dof 3

 no convergence

 iteration 2

 Using up to 1 cpu(s) for the symmetric stiffness/mass contributions.

 Factoring the system of equations using the symmetric spooles solver
 Using up to 1 cpu(s) for spooles.

 Using up to 1 cpu(s) for the stress calculation.

 average force= 0.000115
 time avg. forc= 0.000057
 largest residual force= 0.000000 in node 4045 and dof 1
 largest increment of disp= 1.545345e-06
 largest correction to disp= 3.413862e-10 in node 4049 and dof 1

 convergence; the increment size is increased to 7.500000e-02

 the increment size exceeds the maximum allowed and is decreased to 5.000000e-02

 Using up to 1 cpu(s) for the stress calculation.

 increment 21 attempt 1 
 increment size= 5.000000e-02
 sum of previous increments=9.375000e-01
 actual step time=9.875000e-01
 actual total time=9.875000e-01

 iteration 1

 Using up to 1 cpu(s) for the stress calculation.

 Using up to 1 cpu(s) for the symmetric stiffness/mass contributions.

 Factoring the system of equations using the symmetric spooles solver
 Using up to 1 cpu(s) for spooles.

 Using up to 1 cpu(s) for the stress calculation.

 average force= 0.000121
 time avg. forc= 0.000060
 largest residual force= 0.000000 in node 2251 and dof 2
 largest increment of disp= 1.540337e-06
 largest correction to disp= 5.058395e-09 in node 4933 and dof 3

 no convergence

 iteration 2

 Using up to 1 cpu(s) for the symmetric stiffness/mass contributions.

 Factoring the system of equations using the symmetric spooles solver
 Using up to 1 cpu(s) for spooles.

 Using up to 1 cpu(s) for the stress calculation.

 average force= 0.000121
 time avg. forc= 0.000060
 largest residual force= 0.000000 in node 4053 and dof 1
 largest increment of disp= 1.540337e-06
 largest correction to disp= 3.298581e-10 in node 4049 and dof 1

 convergence; the increment size is increased to 7.500000e-02

 the increment size exceeds the maximum allowed and is decreased to 5.000000e-02

 the increment size exceeds the remainder of the step and is decreased to 1.250000e-02

 increment 22 attempt 1 
 increment size= 1.250000e-02
 sum of previous increments=9.875000e-01
 actual step time=1.000000e+00
 actual total time=1.000000e+00

 iteration 1

 Using up to 1 cpu(s) for the stress calculation.

 Using up to 1 cpu(s) for the symmetric stiffness/mass contributions.

 Factoring the system of equations using the symmetric spooles solver
 Using up to 1 cpu(s) for spooles.

 Using up to 1 cpu(s) for the stress calculation.

 average force= 0.000123
 time avg. forc= 0.000063
 largest residual force= 0.000000 in node 2375 and dof 2
 largest increment of disp= 3.838265e-07
 largest correction to disp= 7.929378e-10 in node 4933 and dof 3

 no convergence

 iteration 2

 Using up to 1 cpu(s) for the symmetric stiffness/mass contributions.

 Factoring the system of equations using the symmetric spooles solver
 Using up to 1 cpu(s) for spooles.

 Using up to 1 cpu(s) for the stress calculation.

 average force= 0.000123
 time avg. forc= 0.000063
 largest residual force= 0.000000 in node 11178 and dof 2
 largest increment of disp= 3.838265e-07
 largest correction to disp= 5.465691e-11 in node 4049 and dof 1

 convergence; the increment size is increased to 1.875000e-02

 the increment size exceeds the remainder of the step and is decreased to 0.000000e+00

 Using up to 1 cpu(s) for the stress calculation.


 Job finished

________________________________________

Total CalculiX Time: 119.529240
________________________________________
=== on-caso-4 (CCX): renomeando outputs _swell_S2 ===
=== on-caso-4 (CCX): ccx2paraview nao encontrado dentro do container ===
    (rode no HOST: cd cases/on-caso-4/ccx && /tmp/ccx2pv/bin/ccx2paraview on-caso-4_swell_S2.frd vtu)

=== Concluido. Arquivos de saida: ===
  on-caso-4.frd  - campos CalculiX (U, RF, S, E)
  on-caso-4.dat  - totais RF/U nos NSETs monitorados
  on-caso-4.sta  - status de convergencia por incremento Riks (lam_final)

Analise: python3 brunaStuff/analyze_on-caso-4.py
