=== on-caso-4: (re)gerando polyMesh com CONTACT_BOX=(2.3941e-03 -5.3702e-04 2.0840e-02) (2.6000e-03 5.3702e-04 2.4160e-02) ===
50:            box (2.3941e-03 -5.3702e-04 2.0840e-02) (2.6000e-03 5.3702e-04 2.4160e-02);
/*---------------------------------------------------------------------------*\
| =========                 |                                                 |
| \\      /  F ield         | OpenFOAM: The Open Source CFD Toolbox           |
|  \\    /   O peration     | Version:  2512                                  |
|   \\  /    A nd           | Website:  www.openfoam.com                      |
|    \\/     M anipulation  |                                                 |
\*---------------------------------------------------------------------------*/
Build  : _bd2b6720-20260127 OPENFOAM=2512 version=2512
Arch   : "LSB;label=32;scalar=64"
Exec   : blockMesh
Date   : Jun 01 2026
Time   : 23:34:28
Host   : dfd5680655ae
PID    : 223
I/O    : uncollated
Case   : /simulation/on-caso-4/solid
nProcs : 1
trapFpe: Floating point exception trapping enabled (FOAM_SIGFPE).
memory pool : not available
fileModificationChecking : Monitoring run-time modified files using timeStampMaster (fileModificationSkew 5, maxFileModificationPolls 20)
allowSystemOperations : Allowing user-supplied system call operations

// * * * * * * * * * * * * * * * * * * * * * * * * * * * * * * * * * * * * * //
Create time

--> FOAM Warning : 
    From void* Foam::dlLibraryTable::openLibrary(const Foam::fileName&, bool)
    in file db/dynamicLibrary/dlLibraryTable/dlLibraryTable.C at line 188
    Could not load "$FOAM_CASE/../src/elasticFoundation/libsolidTractionElasticFoundation.so"
/simulation/on-caso-4/solid/../src/elasticFoundation/libsolidTractionElasticFoundation.so: cannot open shared object file: No such file or directory
Creating block mesh from "system/blockMeshDict"
Creating block edges
No non-planar block faces defined
Creating topology blocks

Creating topology patches - from boundary section

Creating block mesh topology - scaling/transform applied later

Check topology

	Basic statistics
		Number of internal faces : 162
		Number of boundary faces : 54
		Number of defined boundary faces : 54
		Number of undefined boundary faces : 0
	Checking patch -> block consistency

Creating block offsets
Creating merge list (topological search)...
Deleting polyMesh directory "constant/polyMesh"

Creating polyMesh from blockMesh
Creating patches
Creating cells
Creating points with scale (0.001 0.001 0.001)
    Block 0 cell size :
        i : 0.00025 .. 0.00025
        j : 0.00025 .. 0.00025
        k : 0.003 .. 0.003

    Block 1 cell size :
        i : 7.3223264e-05 .. 7.3223264e-05
        j : 0.00025 .. 0.00025
        k : 0.003 .. 0.003

    Block 2 cell size :
        i : 7.3223264e-05 .. 7.3223264e-05
        j : 0.00025 .. 0.00025
        k : 0.003 .. 0.003

    Block 3 cell size :
        i : 7.3223264e-05 .. 7.3223264e-05
        j : 0.00025 .. 0.00025
        k : 0.003 .. 0.003

    Block 4 cell size :
        i : 7.3223264e-05 .. 7.3223264e-05
        j : 0.00025 .. 0.00025
        k : 0.003 .. 0.003

    Block 5 cell size :
        i : 5.0000935e-05 .. 5.0000935e-05
        j : 0.00039157855 .. 0.00039157855
        k : 0.003 .. 0.003

    Block 6 cell size :
        i : 5.0000935e-05 .. 5.0000935e-05
        j : 0.00039157855 .. 0.00039157855
        k : 0.003 .. 0.003

    Block 7 cell size :
        i : 5.0000935e-05 .. 5.0000935e-05
        j : 0.00039157855 .. 0.00039157855
        k : 0.003 .. 0.003

    Block 8 cell size :
        i : 5.0000935e-05 .. 5.0000935e-05
        j : 0.00039157855 .. 0.00039157855
        k : 0.003 .. 0.003

    Block 9 cell size :
        i : 0.00014999998 .. 0.00014999998
        j : 0.00040463126 .. 0.00040463126
        k : 0.003 .. 0.003

    Block 10 cell size :
        i : 0.00014999998 .. 0.00014999998
        j : 0.00040463126 .. 0.00040463126
        k : 0.003 .. 0.003

    Block 11 cell size :
        i : 0.00014999998 .. 0.00014999998
        j : 0.00040463126 .. 0.00040463126
        k : 0.003 .. 0.003

    Block 12 cell size :
        i : 0.00014999998 .. 0.00014999998
        j : 0.00040463126 .. 0.00040463126
        k : 0.003 .. 0.003

    Block 13 cell size :
        i : 0.00011666649 .. 0.00011666649
        j : 0.00052210483 .. 0.00052210483
        k : 0.003 .. 0.003

    Block 14 cell size :
        i : 0.00011666649 .. 0.00011666649
        j : 0.00052210483 .. 0.00052210483
        k : 0.003 .. 0.003

    Block 15 cell size :
        i : 0.00011666649 .. 0.00011666649
        j : 0.00052210483 .. 0.00052210483
        k : 0.003 .. 0.003

    Block 16 cell size :
        i : 0.00011666649 .. 0.00011666649
        j : 0.00052210483 .. 0.00052210483
        k : 0.003 .. 0.003

    Block 17 cell size :
        i : 7.4999988e-05 .. 7.4999988e-05
        j : 0.00061347311 .. 0.00061347311
        k : 0.003 .. 0.003

    Block 18 cell size :
        i : 7.4999988e-05 .. 7.4999988e-05
        j : 0.00061347311 .. 0.00061347311
        k : 0.003 .. 0.003

    Block 19 cell size :
        i : 7.4999988e-05 .. 7.4999988e-05
        j : 0.00061347311 .. 0.00061347311
        k : 0.003 .. 0.003

    Block 20 cell size :
        i : 7.4999988e-05 .. 7.4999988e-05
        j : 0.00061347311 .. 0.00061347311
        k : 0.003 .. 0.003

    Block 21 cell size :
        i : 0.00025 .. 0.00025
        j : 0.00025 .. 0.00025
        k : 0.0003 .. 0.0003

    Block 22 cell size :
        i : 7.3223264e-05 .. 7.3223264e-05
        j : 0.00025 .. 0.00025
        k : 0.0003 .. 0.0003

    Block 23 cell size :
        i : 7.3223264e-05 .. 7.3223264e-05
        j : 0.00025 .. 0.00025
        k : 0.0003 .. 0.0003

    Block 24 cell size :
        i : 7.3223264e-05 .. 7.3223264e-05
        j : 0.00025 .. 0.00025
        k : 0.0003 .. 0.0003

    Block 25 cell size :
        i : 7.3223264e-05 .. 7.3223264e-05
        j : 0.00025 .. 0.00025
        k : 0.0003 .. 0.0003

    Block 26 cell size :
        i : 5.0000935e-05 .. 5.0000935e-05
        j : 0.00039157855 .. 0.00039157855
        k : 0.0003 .. 0.0003

    Block 27 cell size :
        i : 5.0000935e-05 .. 5.0000935e-05
        j : 0.00039157855 .. 0.00039157855
        k : 0.0003 .. 0.0003

    Block 28 cell size :
        i : 5.0000935e-05 .. 5.0000935e-05
        j : 0.00039157855 .. 0.00039157855
        k : 0.0003 .. 0.0003

    Block 29 cell size :
        i : 5.0000935e-05 .. 5.0000935e-05
        j : 0.00039157855 .. 0.00039157855
        k : 0.0003 .. 0.0003

    Block 30 cell size :
        i : 0.00014999998 .. 0.00014999998
        j : 0.00040463126 .. 0.00040463126
        k : 0.0003 .. 0.0003

    Block 31 cell size :
        i : 0.00014999998 .. 0.00014999998
        j : 0.00040463126 .. 0.00040463126
        k : 0.0003 .. 0.0003

    Block 32 cell size :
        i : 0.00014999998 .. 0.00014999998
        j : 0.00040463126 .. 0.00040463126
        k : 0.0003 .. 0.0003

    Block 33 cell size :
        i : 0.00014999998 .. 0.00014999998
        j : 0.00040463126 .. 0.00040463126
        k : 0.0003 .. 0.0003

    Block 34 cell size :
        i : 0.00011666649 .. 0.00011666649
        j : 0.00052210483 .. 0.00052210483
        k : 0.0003 .. 0.0003

    Block 35 cell size :
        i : 0.00011666649 .. 0.00011666649
        j : 0.00052210483 .. 0.00052210483
        k : 0.0003 .. 0.0003

    Block 36 cell size :
        i : 0.00011666649 .. 0.00011666649
        j : 0.00052210483 .. 0.00052210483
        k : 0.0003 .. 0.0003

    Block 37 cell size :
        i : 0.00011666649 .. 0.00011666649
        j : 0.00052210483 .. 0.00052210483
        k : 0.0003 .. 0.0003

    Block 38 cell size :
        i : 7.4999988e-05 .. 7.4999988e-05
        j : 0.00061347311 .. 0.00061347311
        k : 0.0003 .. 0.0003

    Block 39 cell size :
        i : 7.4999988e-05 .. 7.4999988e-05
        j : 0.00061347311 .. 0.00061347311
        k : 0.0003 .. 0.0003

    Block 40 cell size :
        i : 7.4999988e-05 .. 7.4999988e-05
        j : 0.00061347311 .. 0.00061347311
        k : 0.0003 .. 0.0003

    Block 41 cell size :
        i : 7.4999988e-05 .. 7.4999988e-05
        j : 0.00061347311 .. 0.00061347311
        k : 0.0003 .. 0.0003

    Block 42 cell size :
        i : 0.00025 .. 0.00025
        j : 0.00025 .. 0.00025
        k : 0.0005 .. 0.0005

    Block 43 cell size :
        i : 7.3223264e-05 .. 7.3223264e-05
        j : 0.00025 .. 0.00025
        k : 0.0005 .. 0.0005

    Block 44 cell size :
        i : 7.3223264e-05 .. 7.3223264e-05
        j : 0.00025 .. 0.00025
        k : 0.0005 .. 0.0005

    Block 45 cell size :
        i : 7.3223264e-05 .. 7.3223264e-05
        j : 0.00025 .. 0.00025
        k : 0.0005 .. 0.0005

    Block 46 cell size :
        i : 7.3223264e-05 .. 7.3223264e-05
        j : 0.00025 .. 0.00025
        k : 0.0005 .. 0.0005

    Block 47 cell size :
        i : 5.0000935e-05 .. 5.0000935e-05
        j : 0.00039157855 .. 0.00039157855
        k : 0.0005 .. 0.0005

    Block 48 cell size :
        i : 5.0000935e-05 .. 5.0000935e-05
        j : 0.00039157855 .. 0.00039157855
        k : 0.0005 .. 0.0005

    Block 49 cell size :
        i : 5.0000935e-05 .. 5.0000935e-05
        j : 0.00039157855 .. 0.00039157855
        k : 0.0005 .. 0.0005

    Block 50 cell size :
        i : 5.0000935e-05 .. 5.0000935e-05
        j : 0.00039157855 .. 0.00039157855
        k : 0.0005 .. 0.0005

    Block 51 cell size :
        i : 0.00014999998 .. 0.00014999998
        j : 0.00040463126 .. 0.00040463126
        k : 0.0005 .. 0.0005

    Block 52 cell size :
        i : 0.00014999998 .. 0.00014999998
        j : 0.00040463126 .. 0.00040463126
        k : 0.0005 .. 0.0005

    Block 53 cell size :
        i : 0.00014999998 .. 0.00014999998
        j : 0.00040463126 .. 0.00040463126
        k : 0.0005 .. 0.0005

    Block 54 cell size :
        i : 0.00014999998 .. 0.00014999998
        j : 0.00040463126 .. 0.00040463126
        k : 0.0005 .. 0.0005

    Block 55 cell size :
        i : 0.00011666649 .. 0.00011666649
        j : 0.00052210483 .. 0.00052210483
        k : 0.0005 .. 0.0005

    Block 56 cell size :
        i : 0.00011666649 .. 0.00011666649
        j : 0.00052210483 .. 0.00052210483
        k : 0.0005 .. 0.0005

    Block 57 cell size :
        i : 0.00011666649 .. 0.00011666649
        j : 0.00052210483 .. 0.00052210483
        k : 0.0005 .. 0.0005

    Block 58 cell size :
        i : 0.00011666649 .. 0.00011666649
        j : 0.00052210483 .. 0.00052210483
        k : 0.0005 .. 0.0005

    Block 59 cell size :
        i : 7.4999988e-05 .. 7.4999988e-05
        j : 0.00061347311 .. 0.00061347311
        k : 0.0005 .. 0.0005

    Block 60 cell size :
        i : 7.4999988e-05 .. 7.4999988e-05
        j : 0.00061347311 .. 0.00061347311
        k : 0.0005 .. 0.0005

    Block 61 cell size :
        i : 7.4999988e-05 .. 7.4999988e-05
        j : 0.00061347311 .. 0.00061347311
        k : 0.0005 .. 0.0005

    Block 62 cell size :
        i : 7.4999988e-05 .. 7.4999988e-05
        j : 0.00061347311 .. 0.00061347311
        k : 0.0005 .. 0.0005

Adding cell zones
    0	on
    1	pia
    2	sas
    3	dura
    4	lc
    5	sclera_peri
    6	sclera_ring
    7	globo
No patch pairs to merge

Writing polyMesh with 8 cellZones
----------------
Mesh Information
----------------
  boundingBox: (-0.0025 -0.0025 0) (0.0025 0.0025 0.0308)
  nPoints: 5317
  nCells: 4752
  nFaces: 14796
  nInternalFaces: 13716
----------------
Cell Zones
----------------
  zone 0 (size: 1800) name: on
  zone 1 (size: 240) name: pia
  zone 2 (size: 1440) name: sas
  zone 3 (size: 480) name: dura
  zone 4 (size: 180) name: lc
  zone 5 (size: 96) name: sclera_peri
  zone 6 (size: 120) name: sclera_ring
  zone 7 (size: 396) name: globo
----------------
Patches
----------------
  patch 0 (start: 13716 size: 180) name: posterior_on
  patch 1 (start: 13896 size: 24) name: posterior_pia
  patch 2 (start: 13920 size: 144) name: posterior_sas
  patch 3 (start: 14064 size: 48) name: posterior_dura
  patch 4 (start: 14112 size: 240) name: dura_outer
  patch 5 (start: 14352 size: 24) name: sclera_ring_outer
  patch 6 (start: 14376 size: 24) name: globo_outer
  patch 7 (start: 14400 size: 396) name: anterior_globo

End

/*---------------------------------------------------------------------------*\
| =========                 |                                                 |
| \\      /  F ield         | OpenFOAM: The Open Source CFD Toolbox           |
|  \\    /   O peration     | Version:  2512                                  |
|   \\  /    A nd           | Website:  www.openfoam.com                      |
|    \\/     M anipulation  |                                                 |
\*---------------------------------------------------------------------------*/
Build  : _bd2b6720-20260127 OPENFOAM=2512 version=2512
Arch   : "LSB;label=32;scalar=64"
Exec   : topoSet -dict system/topoSetDict_contact
Date   : Jun 01 2026
Time   : 23:34:28
Host   : dfd5680655ae
PID    : 225
I/O    : uncollated
Case   : /simulation/on-caso-4/solid
nProcs : 1
trapFpe: Floating point exception trapping enabled (FOAM_SIGFPE).
memory pool : not available
fileModificationChecking : Monitoring run-time modified files using timeStampMaster (fileModificationSkew 5, maxFileModificationPolls 20)
allowSystemOperations : Allowing user-supplied system call operations

// * * * * * * * * * * * * * * * * * * * * * * * * * * * * * * * * * * * * * //
Create time

--> FOAM Warning : 
    From void* Foam::dlLibraryTable::openLibrary(const Foam::fileName&, bool)
    in file db/dynamicLibrary/dlLibraryTable/dlLibraryTable.C at line 188
    Could not load "$FOAM_CASE/../src/elasticFoundation/libsolidTractionElasticFoundation.so"
/simulation/on-caso-4/solid/../src/elasticFoundation/libsolidTractionElasticFoundation.so: cannot open shared object file: No such file or directory
Create polyMesh for time = 0

Reading topoSetDict_contact

Time = 0
    mesh not changed.
Created faceSet contact_local
    Applying source patchToFace
--> FOAM IOWarning :
    Found [v1806] 'name' entry instead of 'patch' in dictionary "system/topoSetDict_contact/actions/sourceInfo"

    This keyword is 90 months old.

    Adding all faces of patches: (dura_outer) ...
    Found matching patch dura_outer with 240 faces
    faceSet contact_local now size 240
Read set faceSet contact_local size:240
    Applying source boxToFace
    Adding faces with centre within boxes 1((0.0023941 -0.00053702 0.02084) (0.0026 0.00053702 0.02416))
    faceSet contact_local now size 2

End

/*---------------------------------------------------------------------------*\
| =========                 |                                                 |
| \\      /  F ield         | OpenFOAM: The Open Source CFD Toolbox           |
|  \\    /   O peration     | Version:  2512                                  |
|   \\  /    A nd           | Website:  www.openfoam.com                      |
|    \\/     M anipulation  |                                                 |
\*---------------------------------------------------------------------------*/
Build  : _bd2b6720-20260127 OPENFOAM=2512 version=2512
Arch   : "LSB;label=32;scalar=64"
Exec   : createPatch -overwrite -dict system/createPatchDict_contact
Date   : Jun 01 2026
Time   : 23:34:29
Host   : dfd5680655ae
PID    : 227
I/O    : uncollated
Case   : /simulation/on-caso-4/solid
nProcs : 1
trapFpe: Floating point exception trapping enabled (FOAM_SIGFPE).
memory pool : not available
fileModificationChecking : Monitoring run-time modified files using timeStampMaster (fileModificationSkew 5, maxFileModificationPolls 20)
allowSystemOperations : Allowing user-supplied system call operations

// * * * * * * * * * * * * * * * * * * * * * * * * * * * * * * * * * * * * * //
Create time

--> FOAM Warning : 
    From void* Foam::dlLibraryTable::openLibrary(const Foam::fileName&, bool)
    in file db/dynamicLibrary/dlLibraryTable/dlLibraryTable.C at line 188
    Could not load "$FOAM_CASE/../src/elasticFoundation/libsolidTractionElasticFoundation.so"
/simulation/on-caso-4/solid/../src/elasticFoundation/libsolidTractionElasticFoundation.so: cannot open shared object file: No such file or directory
Create mesh for time = 0

Reading "system/createPatchDict_contact"



Adding patches to mesh region0

Adding new patch contact_local from 
{
    type            wall;
    nFaces          0;
    startFace       0;
}




Repatching mesh region0

Read 2 faces from faceSet contact_local
Doing topology modification to order faces.

Not synchronising points.

Removing patches with no faces in them.



Writing repatched mesh region0 to 0

End

=== on-caso-4 (CCX): polyMesh -> CalculiX .inp  [k_winkler=2000000 Pa/m] ===
[1/5] Lendo polyMesh em ../solid/constant/polyMesh
      nodes=5317, faces=14796, cells=4752, patches=9, zones=['on', 'pia', 'sas', 'dura', 'lc', 'sclera_peri', 'sclera_ring', 'globo']
[2/5] Reconstruindo conectividade C3D8 (4752 celulas)
      OK
[3/5] Escrevendo malha em on-caso-4_mesh.inp
      DURA_INNER_SURF: 240 faces (interface dura<->sas)
[4/5] Escrevendo Winkler em on-caso-4_winkler.inp
[5/5] Concluido. Total: 5317 nodes, 4752 hex C3D8I.
=== on-caso-4 (CCX): P_CONTACT = 9034.0 Pa (arteria) | P_CSF = 1333 Pa (inchaco) ===
221:CONTACT_LOCAL_SURF, P, 9034.0
237:DURA_INNER_SURF, P, 1333
=== on-caso-4 (CCX): solver ccx_preCICE -i on-caso-4  [tag=S0_baseline] ===

************************************************************

CalculiX Version 2.20, Copyright(C) 1998-2022 Guido Dhondt
CalculiX comes with ABSOLUTELY NO WARRANTY. This is free
software, and you are welcome to redistribute it under
certain conditions, see gpl.htm

************************************************************

You are using an executable made on Sun Jul 31 18:08:37 CEST 2022

  The numbers below are estimated upper bounds

  number of:

   nodes:        19837
   elements:         5016
   one-dimensional elements:            0
   two-dimensional elements:            0
   integration points per element:            8
   degrees of freedom per node:            3
   layers per element:            1

   distributed facial loads:          242
   distributed volumetric loads:            0
   concentrated loads:            0
   single point constraints:         3053
   multiple point constraints:            1
   terms in all multiple point constraints:            1
   tie constraints:            0
   dependent nodes tied by cyclic constraints:            0
   dependent nodes in pre-tension constraints:            0

   sets:          293
   terms in all sets:        18490

   materials:          272
   constants per material and temperature:            9
   temperature points per material:            1
   plastic data points per material:            0

   orientations:            1
   amplitudes:            5
   data points in all amplitudes:            5
   print requests:            8
   transformations:            0
   property cards:            0

 *INFO reading *HYPERELASTIC: nonlinear geometric
       effects are turned on

 *INFO reading *HYPERELASTIC: nonlinear geometric
       effects are turned on

 *INFO reading *HYPERELASTIC: nonlinear geometric
       effects are turned on

 *INFO reading *HYPERELASTIC: nonlinear geometric
       effects are turned on

 *INFO reading *HYPERELASTIC: nonlinear geometric
       effects are turned on

 *INFO reading *HYPERELASTIC: nonlinear geometric
       effects are turned on

 *INFO reading *HYPERELASTIC: nonlinear geometric
       effects are turned on

 *INFO reading *STEP: nonlinear geometric
       effects are turned on

 *WARNING reading *STATIC: parameter not recognized:
          RIKS
 *WARNING reading *STATIC. Card image:
          *STATIC,RIKS

 *WARNING reading *STATIC:
          the minimum increment    1.0000000000000001E-009
          is smaller then 1.e-6 times the 
          step time;
          the minimum increment is changed
          to    9.9999999999999995E-007
          which is the minimum of the initial
          increment time and 1.e-6 times the step time

 *INFO: field control parameters set to:
        ran =    5.0000000000000001E-003
        can =    2.0000000000000000E-002
        qa0 =    0.0000000000000000     
        qau =   0.10000000000000001     
        rap =    2.0000000000000000E-002
         ea =    1.0000000000000001E-005
        cae =    1.0000000000000000E-003
        ral =    1.0000000000000000E-008

 STEP            1

 Static analysis was selected

 Nonlinear material laws are taken into account

 Newton-Raphson iterative procedure is active

 Nonlinear geometric effects are taken into account

 Decascading the MPC's

 Determining the structure of the matrix:
 Using up to 1 cpu(s) for setting up the structure of the matrix.
 number of equations
 56674
 number of nonzero lower triangular matrix elements
 1634214

 increment 1 attempt 1 
 increment size= 5.000000e-03
 sum of previous increments=0.000000e+00
 actual step time=5.000000e-03
 actual total time=5.000000e-03

 iteration 1

 Using up to 1 cpu(s) for the stress calculation.

 Using up to 1 cpu(s) for the symmetric stiffness/mass contributions.

 Factoring the system of equations using the symmetric spooles solver
 Using up to 1 cpu(s) for spooles.

 Using up to 1 cpu(s) for the stress calculation.

 average force= 0.000000
 time avg. forc= 0.100000
 largest residual force= 0.000004 in node 3365 and dof 1
 largest increment of disp= 1.739293e-06
 largest correction to disp= 1.739293e-06 in node 4076 and dof 1

 no convergence

 iteration 2

 Using up to 1 cpu(s) for the symmetric stiffness/mass contributions.

 Factoring the system of equations using the symmetric spooles solver
 Using up to 1 cpu(s) for spooles.

 Using up to 1 cpu(s) for the stress calculation.

 average force= 0.000000
 time avg. forc= 0.100000
 largest residual force= 0.000000 in node 4097 and dof 2
 largest increment of disp= 1.739293e-06
 largest correction to disp= 4.569734e-08 in node 4076 and dof 1

 convergence

 increment 2 attempt 1 
 increment size= 5.000000e-03
 sum of previous increments=5.000000e-03
 actual step time=1.000000e-02
 actual total time=1.000000e-02

 iteration 1

 Using up to 1 cpu(s) for the stress calculation.

 Using up to 1 cpu(s) for the symmetric stiffness/mass contributions.

 Factoring the system of equations using the symmetric spooles solver
 Using up to 1 cpu(s) for spooles.

 Using up to 1 cpu(s) for the stress calculation.

 average force= 0.000001
 time avg. forc= 0.100000
 largest residual force= 0.000006 in node 4347 and dof 1
 largest increment of disp= 1.784990e-06
 largest correction to disp= 2.891235e-07 in node 4334 and dof 1

 no convergence

 iteration 2

 Using up to 1 cpu(s) for the symmetric stiffness/mass contributions.

 Factoring the system of equations using the symmetric spooles solver
 Using up to 1 cpu(s) for spooles.

 Using up to 1 cpu(s) for the stress calculation.

 average force= 0.000001
 time avg. forc= 0.100000
 largest residual force= 0.000007 in node 4347 and dof 3
 largest increment of disp= 1.784990e-06
 largest correction to disp= 2.630207e-07 in node 4346 and dof 1

 no convergence

 iteration 3

 Using up to 1 cpu(s) for the symmetric stiffness/mass contributions.

 Factoring the system of equations using the symmetric spooles solver
 Using up to 1 cpu(s) for spooles.

 Using up to 1 cpu(s) for the stress calculation.

 average force= 0.000001
 time avg. forc= 0.100000
 largest residual force= 0.000000 in node 4347 and dof 3
 largest increment of disp= 1.784990e-06
 largest correction to disp= 1.155868e-07 in node 4346 and dof 1

 convergence; the increment size is increased to 7.500000e-03

 increment 3 attempt 1 
 increment size= 7.500000e-03
 sum of previous increments=1.000000e-02
 actual step time=1.750000e-02
 actual total time=1.750000e-02

 iteration 1

 Using up to 1 cpu(s) for the stress calculation.

 Using up to 1 cpu(s) for the symmetric stiffness/mass contributions.

 Factoring the system of equations using the symmetric spooles solver
 Using up to 1 cpu(s) for spooles.

 Using up to 1 cpu(s) for the stress calculation.

 average force= 0.000001
 time avg. forc= 0.100000
 largest residual force= 0.000000 in node 4339 and dof 1
 largest increment of disp= 2.711643e-06
 largest correction to disp= 8.021707e-07 in node 4334 and dof 1

 no convergence

 iteration 2

 Using up to 1 cpu(s) for the symmetric stiffness/mass contributions.

 Factoring the system of equations using the symmetric spooles solver
 Using up to 1 cpu(s) for spooles.

 Using up to 1 cpu(s) for the stress calculation.

 average force= 0.000001
 time avg. forc= 0.100000
 largest residual force= 0.000000 in node 4311 and dof 1
 largest increment of disp= 2.711643e-06
 largest correction to disp= 2.674749e-08 in node 3689 and dof 1

 convergence; the increment size is increased to 1.125000e-02

 increment 4 attempt 1 
 increment size= 1.125000e-02
 sum of previous increments=1.750000e-02
 actual step time=2.875000e-02
 actual total time=2.875000e-02

 iteration 1

 Using up to 1 cpu(s) for the stress calculation.

 Using up to 1 cpu(s) for the symmetric stiffness/mass contributions.

 Factoring the system of equations using the symmetric spooles solver
 Using up to 1 cpu(s) for spooles.

 Using up to 1 cpu(s) for the stress calculation.

 average force= 0.000002
 time avg. forc= 0.100000
 largest residual force= 0.000000 in node 4371 and dof 1
 largest increment of disp= 3.465403e-06
 largest correction to disp= 2.840505e-07 in node 4310 and dof 1

 no convergence

 iteration 2

 Using up to 1 cpu(s) for the symmetric stiffness/mass contributions.

 Factoring the system of equations using the symmetric spooles solver
 Using up to 1 cpu(s) for spooles.

 Using up to 1 cpu(s) for the stress calculation.

 average force= 0.000002
 time avg. forc= 0.100000
 largest residual force= 0.000000 in node 4299 and dof 3
 largest increment of disp= 3.465403e-06
 largest correction to disp= 9.278802e-09 in node 4298 and dof 1

 convergence; the increment size is increased to 1.687500e-02

 increment 5 attempt 1 
 increment size= 1.687500e-02
 sum of previous increments=2.875000e-02
 actual step time=4.562500e-02
 actual total time=4.562500e-02

 iteration 1

 Using up to 1 cpu(s) for the stress calculation.

 Using up to 1 cpu(s) for the symmetric stiffness/mass contributions.

 Factoring the system of equations using the symmetric spooles solver
 Using up to 1 cpu(s) for spooles.

 Using up to 1 cpu(s) for the stress calculation.

 average force= 0.000003
 time avg. forc= 0.100000
 largest residual force= 0.000000 in node 4299 and dof 1
 largest increment of disp= 4.899036e-06
 largest correction to disp= 1.176907e-07 in node 4298 and dof 1

 no convergence

 iteration 2

 Using up to 1 cpu(s) for the symmetric stiffness/mass contributions.

 Factoring the system of equations using the symmetric spooles solver
 Using up to 1 cpu(s) for spooles.

 Using up to 1 cpu(s) for the stress calculation.

 average force= 0.000003
 time avg. forc= 0.100000
 largest residual force= 0.000000 in node 4299 and dof 1
 largest increment of disp= 4.899036e-06
 largest correction to disp= 2.259203e-09 in node 4298 and dof 1

 convergence; the increment size is increased to 2.531250e-02

 the increment size exceeds the maximum allowed and is decreased to 2.000000e-02

 Using up to 1 cpu(s) for the stress calculation.

 increment 6 attempt 1 
 increment size= 2.000000e-02
 sum of previous increments=4.562500e-02
 actual step time=6.562500e-02
 actual total time=6.562500e-02

 iteration 1

 Using up to 1 cpu(s) for the stress calculation.

 Using up to 1 cpu(s) for the symmetric stiffness/mass contributions.

 Factoring the system of equations using the symmetric spooles solver
 Using up to 1 cpu(s) for spooles.

 Using up to 1 cpu(s) for the stress calculation.

 average force= 0.000004
 time avg. forc= 0.100000
 largest residual force= 0.000000 in node 4299 and dof 1
 largest increment of disp= 5.695323e-06
 largest correction to disp= 6.737709e-08 in node 3671 and dof 1

 no convergence

 iteration 2

 Using up to 1 cpu(s) for the symmetric stiffness/mass contributions.

 Factoring the system of equations using the symmetric spooles solver
 Using up to 1 cpu(s) for spooles.

 Using up to 1 cpu(s) for the stress calculation.

 average force= 0.000004
 time avg. forc= 0.100000
 largest residual force= 0.000000 in node 4287 and dof 3
 largest increment of disp= 5.695323e-06
 largest correction to disp= 3.635132e-10 in node 4298 and dof 1

 convergence; the increment size is increased to 3.000000e-02

 the increment size exceeds the maximum allowed and is decreased to 2.000000e-02

 increment 7 attempt 1 
 increment size= 2.000000e-02
 sum of previous increments=6.562500e-02
 actual step time=8.562500e-02
 actual total time=8.562500e-02

 iteration 1

 Using up to 1 cpu(s) for the stress calculation.

 Using up to 1 cpu(s) for the symmetric stiffness/mass contributions.

 Factoring the system of equations using the symmetric spooles solver
 Using up to 1 cpu(s) for spooles.

 Using up to 1 cpu(s) for the stress calculation.

 average force= 0.000005
 time avg. forc= 0.100000
 largest residual force= 0.000000 in node 4287 and dof 1
 largest increment of disp= 5.660312e-06
 largest correction to disp= 3.077883e-08 in node 4286 and dof 1

 no convergence

 iteration 2

 Using up to 1 cpu(s) for the symmetric stiffness/mass contributions.

 Factoring the system of equations using the symmetric spooles solver
 Using up to 1 cpu(s) for spooles.

 Using up to 1 cpu(s) for the stress calculation.

 average force= 0.000005
 time avg. forc= 0.100000
 largest residual force= 0.000000 in node 4287 and dof 1
 largest increment of disp= 5.660312e-06
 largest correction to disp= 1.679547e-10 in node 4286 and dof 1

 convergence; the increment size is increased to 3.000000e-02

 the increment size exceeds the maximum allowed and is decreased to 2.000000e-02

 increment 8 attempt 1 
 increment size= 2.000000e-02
 sum of previous increments=8.562500e-02
 actual step time=1.056250e-01
 actual total time=1.056250e-01

 iteration 1

 Using up to 1 cpu(s) for the stress calculation.

 Using up to 1 cpu(s) for the symmetric stiffness/mass contributions.

 Factoring the system of equations using the symmetric spooles solver
 Using up to 1 cpu(s) for spooles.

 Using up to 1 cpu(s) for the stress calculation.

 average force= 0.000007
 time avg. forc= 0.100000
 largest residual force= 0.000000 in node 4081 and dof 1
 largest increment of disp= 5.648262e-06
 largest correction to disp= 2.237908e-08 in node 3317 and dof 1

 no convergence

 iteration 2

 Using up to 1 cpu(s) for the symmetric stiffness/mass contributions.

 Factoring the system of equations using the symmetric spooles solver
 Using up to 1 cpu(s) for spooles.

 Using up to 1 cpu(s) for the stress calculation.

 average force= 0.000007
 time avg. forc= 0.100000
 largest residual force= 0.000000 in node 4211 and dof 2
 largest increment of disp= 5.648262e-06
 largest correction to disp= 8.687584e-11 in node 4335 and dof 1

 convergence; the increment size is increased to 3.000000e-02

 the increment size exceeds the maximum allowed and is decreased to 2.000000e-02

 increment 9 attempt 1 
 increment size= 2.000000e-02
 sum of previous increments=1.056250e-01
 actual step time=1.256250e-01
 actual total time=1.256250e-01

 iteration 1

 Using up to 1 cpu(s) for the stress calculation.

 Using up to 1 cpu(s) for the symmetric stiffness/mass contributions.

 Factoring the system of equations using the symmetric spooles solver
 Using up to 1 cpu(s) for spooles.

 Using up to 1 cpu(s) for the stress calculation.

 average force= 0.000008
 time avg. forc= 0.100000
 largest residual force= 0.000000 in node 4275 and dof 1
 largest increment of disp= 5.642876e-06
 largest correction to disp= 3.194956e-08 in node 4275 and dof 1

 no convergence

 iteration 2

 Using up to 1 cpu(s) for the symmetric stiffness/mass contributions.

 Factoring the system of equations using the symmetric spooles solver
 Using up to 1 cpu(s) for spooles.

 Using up to 1 cpu(s) for the stress calculation.

 average force= 0.000008
 time avg. forc= 0.100000
 largest residual force= 0.000000 in node 4275 and dof 1
 largest increment of disp= 5.642876e-06
 largest correction to disp= 4.801005e-10 in node 4274 and dof 1

 convergence; the increment size is increased to 3.000000e-02

 the increment size exceeds the maximum allowed and is decreased to 2.000000e-02

 increment 10 attempt 1 
 increment size= 2.000000e-02
 sum of previous increments=1.256250e-01
 actual step time=1.456250e-01
 actual total time=1.456250e-01

 iteration 1

 Using up to 1 cpu(s) for the stress calculation.

 Using up to 1 cpu(s) for the symmetric stiffness/mass contributions.

 Factoring the system of equations using the symmetric spooles solver
 Using up to 1 cpu(s) for spooles.

 Using up to 1 cpu(s) for the stress calculation.

 average force= 0.000009
 time avg. forc= 0.100000
 largest residual force= 0.000000 in node 4405 and dof 2
 largest increment of disp= 5.639606e-06
 largest correction to disp= 4.381625e-08 in node 4274 and dof 1

 no convergence

 iteration 2

 Using up to 1 cpu(s) for the symmetric stiffness/mass contributions.

 Factoring the system of equations using the symmetric spooles solver
 Using up to 1 cpu(s) for spooles.

 Using up to 1 cpu(s) for the stress calculation.

 average force= 0.000009
 time avg. forc= 0.100000
 largest residual force= 0.000000 in node 4143 and dof 2
 largest increment of disp= 5.639606e-06
 largest correction to disp= 1.160290e-09 in node 4274 and dof 1

 convergence; the increment size is increased to 3.000000e-02

 the increment size exceeds the maximum allowed and is decreased to 2.000000e-02

 Using up to 1 cpu(s) for the stress calculation.

 increment 11 attempt 1 
 increment size= 2.000000e-02
 sum of previous increments=1.456250e-01
 actual step time=1.656250e-01
 actual total time=1.656250e-01

 iteration 1

 Using up to 1 cpu(s) for the stress calculation.

 Using up to 1 cpu(s) for the symmetric stiffness/mass contributions.

 Factoring the system of equations using the symmetric spooles solver
 Using up to 1 cpu(s) for spooles.

 Using up to 1 cpu(s) for the stress calculation.

 average force= 0.000010
 time avg. forc= 0.100000
 largest residual force= 0.000000 in node 4407 and dof 2
 largest increment of disp= 5.637448e-06
 largest correction to disp= 3.815911e-08 in node 4281 and dof 1

 no convergence

 iteration 2

 Using up to 1 cpu(s) for the symmetric stiffness/mass contributions.

 Factoring the system of equations using the symmetric spooles solver
 Using up to 1 cpu(s) for spooles.

 Using up to 1 cpu(s) for the stress calculation.

 average force= 0.000010
 time avg. forc= 0.100000
 largest residual force= 0.000000 in node 4141 and dof 1
 largest increment of disp= 5.637448e-06
 largest correction to disp= 2.247754e-09 in node 4407 and dof 2

 convergence; the increment size is increased to 3.000000e-02

 the increment size exceeds the maximum allowed and is decreased to 2.000000e-02

 increment 12 attempt 1 
 increment size= 2.000000e-02
 sum of previous increments=1.656250e-01
 actual step time=1.856250e-01
 actual total time=1.856250e-01

 iteration 1

 Using up to 1 cpu(s) for the stress calculation.

 Using up to 1 cpu(s) for the symmetric stiffness/mass contributions.

 Factoring the system of equations using the symmetric spooles solver
 Using up to 1 cpu(s) for spooles.

 Using up to 1 cpu(s) for the stress calculation.

 average force= 0.000011
 time avg. forc= 0.100000
 largest residual force= 0.000000 in node 3987 and dof 3
 largest increment of disp= 5.635882e-06
 largest correction to disp= 4.698189e-08 in node 3999 and dof 1

 no convergence

 iteration 2

 Using up to 1 cpu(s) for the symmetric stiffness/mass contributions.

 Factoring the system of equations using the symmetric spooles solver
 Using up to 1 cpu(s) for spooles.

 Using up to 1 cpu(s) for the stress calculation.

 average force= 0.000011
 time avg. forc= 0.100000
 largest residual force= 0.000000 in node 4139 and dof 1
 largest increment of disp= 5.635882e-06
 largest correction to disp= 8.359435e-10 in node 3999 and dof 1

 convergence; the increment size is increased to 3.000000e-02

 the increment size exceeds the maximum allowed and is decreased to 2.000000e-02

 increment 13 attempt 1 
 increment size= 2.000000e-02
 sum of previous increments=1.856250e-01
 actual step time=2.056250e-01
 actual total time=2.056250e-01

 iteration 1

 Using up to 1 cpu(s) for the stress calculation.

 Using up to 1 cpu(s) for the symmetric stiffness/mass contributions.

 Factoring the system of equations using the symmetric spooles solver
 Using up to 1 cpu(s) for spooles.

 Using up to 1 cpu(s) for the stress calculation.

 average force= 0.000013
 time avg. forc= 0.100000
 largest residual force= 0.000000 in node 4141 and dof 1
 largest increment of disp= 5.634828e-06
 largest correction to disp= 3.515330e-08 in node 4140 and dof 2

 no convergence

 iteration 2

 Using up to 1 cpu(s) for the symmetric stiffness/mass contributions.

 Factoring the system of equations using the symmetric spooles solver
 Using up to 1 cpu(s) for spooles.

 Using up to 1 cpu(s) for the stress calculation.

 average force= 0.000013
 time avg. forc= 0.100000
 largest residual force= 0.000000 in node 3993 and dof 1
 largest increment of disp= 5.634828e-06
 largest correction to disp= 2.771512e-10 in node 4006 and dof 1

 convergence; the increment size is increased to 3.000000e-02

 the increment size exceeds the maximum allowed and is decreased to 2.000000e-02

 increment 14 attempt 1 
 increment size= 2.000000e-02
 sum of previous increments=2.056250e-01
 actual step time=2.256250e-01
 actual total time=2.256250e-01

 iteration 1

 Using up to 1 cpu(s) for the stress calculation.

 Using up to 1 cpu(s) for the symmetric stiffness/mass contributions.

 Factoring the system of equations using the symmetric spooles solver
 Using up to 1 cpu(s) for spooles.

 Using up to 1 cpu(s) for the stress calculation.

 average force= 0.000014
 time avg. forc= 0.100000
 largest residual force= 0.000000 in node 3999 and dof 1
 largest increment of disp= 5.633161e-06
 largest correction to disp= 2.474226e-08 in node 12099 and dof 1

 no convergence

 iteration 2

 Using up to 1 cpu(s) for the symmetric stiffness/mass contributions.

 Factoring the system of equations using the symmetric spooles solver
 Using up to 1 cpu(s) for spooles.

 Using up to 1 cpu(s) for the stress calculation.

 average force= 0.000014
 time avg. forc= 0.100000
 largest residual force= 0.000000 in node 4083 and dof 1
 largest increment of disp= 5.633161e-06
 largest correction to disp= 1.125213e-10 in node 4201 and dof 2

 convergence; the increment size is increased to 3.000000e-02

 the increment size exceeds the maximum allowed and is decreased to 2.000000e-02

 increment 15 attempt 1 
 increment size= 2.000000e-02
 sum of previous increments=2.256250e-01
 actual step time=2.456250e-01
 actual total time=2.456250e-01

 iteration 1

 Using up to 1 cpu(s) for the stress calculation.

 Using up to 1 cpu(s) for the symmetric stiffness/mass contributions.

 Factoring the system of equations using the symmetric spooles solver
 Using up to 1 cpu(s) for spooles.

 Using up to 1 cpu(s) for the stress calculation.

 average force= 0.000015
 time avg. forc= 0.100000
 largest residual force= 0.000000 in node 4095 and dof 1
 largest increment of disp= 5.631273e-06
 largest correction to disp= 2.603276e-08 in node 12108 and dof 1

 no convergence

 iteration 2

 Using up to 1 cpu(s) for the symmetric stiffness/mass contributions.

 Factoring the system of equations using the symmetric spooles solver
 Using up to 1 cpu(s) for spooles.

 Using up to 1 cpu(s) for the stress calculation.

 average force= 0.000015
 time avg. forc= 0.100000
 largest residual force= 0.000000 in node 4083 and dof 1
 largest increment of disp= 5.631273e-06
 largest correction to disp= 1.206347e-10 in node 4201 and dof 2

 convergence; the increment size is increased to 3.000000e-02

 the increment size exceeds the maximum allowed and is decreased to 2.000000e-02

 Using up to 1 cpu(s) for the stress calculation.

 increment 16 attempt 1 
 increment size= 2.000000e-02
 sum of previous increments=2.456250e-01
 actual step time=2.656250e-01
 actual total time=2.656250e-01

 iteration 1

 Using up to 1 cpu(s) for the stress calculation.

 Using up to 1 cpu(s) for the symmetric stiffness/mass contributions.

 Factoring the system of equations using the symmetric spooles solver
 Using up to 1 cpu(s) for spooles.

 Using up to 1 cpu(s) for the stress calculation.

 average force= 0.000016
 time avg. forc= 0.100000
 largest residual force= 0.000000 in node 4095 and dof 1
 largest increment of disp= 5.629517e-06
 largest correction to disp= 2.825014e-08 in node 14264 and dof 1

 no convergence

 iteration 2

 Using up to 1 cpu(s) for the symmetric stiffness/mass contributions.

 Factoring the system of equations using the symmetric spooles solver
 Using up to 1 cpu(s) for spooles.

 Using up to 1 cpu(s) for the stress calculation.

 average force= 0.000016
 time avg. forc= 0.100000
 largest residual force= 0.000000 in node 4083 and dof 1
 largest increment of disp= 5.629517e-06
 largest correction to disp= 1.278624e-10 in node 4201 and dof 2

 convergence; the increment size is increased to 3.000000e-02

 the increment size exceeds the maximum allowed and is decreased to 2.000000e-02

 increment 17 attempt 1 
 increment size= 2.000000e-02
 sum of previous increments=2.656250e-01
 actual step time=2.856250e-01
 actual total time=2.856250e-01

 iteration 1

 Using up to 1 cpu(s) for the stress calculation.

 Using up to 1 cpu(s) for the symmetric stiffness/mass contributions.

 Factoring the system of equations using the symmetric spooles solver
 Using up to 1 cpu(s) for spooles.

 Using up to 1 cpu(s) for the stress calculation.

 average force= 0.000018
 time avg. forc= 0.100000
 largest residual force= 0.000000 in node 4087 and dof 1
 largest increment of disp= 5.627731e-06
 largest correction to disp= 3.078399e-08 in node 14264 and dof 1

 no convergence

 iteration 2

 Using up to 1 cpu(s) for the symmetric stiffness/mass contributions.

 Factoring the system of equations using the symmetric spooles solver
 Using up to 1 cpu(s) for spooles.

 Using up to 1 cpu(s) for the stress calculation.

 average force= 0.000018
 time avg. forc= 0.100000
 largest residual force= 0.000000 in node 4083 and dof 1
 largest increment of disp= 5.627731e-06
 largest correction to disp= 1.352024e-10 in node 4457 and dof 2

 convergence; the increment size is increased to 3.000000e-02

 the increment size exceeds the maximum allowed and is decreased to 2.000000e-02

 increment 18 attempt 1 
 increment size= 2.000000e-02
 sum of previous increments=2.856250e-01
 actual step time=3.056250e-01
 actual total time=3.056250e-01

 iteration 1

 Using up to 1 cpu(s) for the stress calculation.

 Using up to 1 cpu(s) for the symmetric stiffness/mass contributions.

 Factoring the system of equations using the symmetric spooles solver
 Using up to 1 cpu(s) for spooles.

 Using up to 1 cpu(s) for the stress calculation.

 average force= 0.000019
 time avg. forc= 0.100000
 largest residual force= 0.000000 in node 4095 and dof 1
 largest increment of disp= 5.625857e-06
 largest correction to disp= 3.358763e-08 in node 14264 and dof 1

 no convergence

 iteration 2

 Using up to 1 cpu(s) for the symmetric stiffness/mass contributions.

 Factoring the system of equations using the symmetric spooles solver
 Using up to 1 cpu(s) for spooles.

 Using up to 1 cpu(s) for the stress calculation.

 average force= 0.000019
 time avg. forc= 0.100000
 largest residual force= 0.000000 in node 4071 and dof 1
 largest increment of disp= 5.625857e-06
 largest correction to disp= 1.425770e-10 in node 4201 and dof 2

 convergence; the increment size is increased to 3.000000e-02

 the increment size exceeds the maximum allowed and is decreased to 2.000000e-02

 increment 19 attempt 1 
 increment size= 2.000000e-02
 sum of previous increments=3.056250e-01
 actual step time=3.256250e-01
 actual total time=3.256250e-01

 iteration 1

 Using up to 1 cpu(s) for the stress calculation.

 Using up to 1 cpu(s) for the symmetric stiffness/mass contributions.

 Factoring the system of equations using the symmetric spooles solver
 Using up to 1 cpu(s) for spooles.

 Using up to 1 cpu(s) for the stress calculation.

 average force= 0.000020
 time avg. forc= 0.100000
 largest residual force= 0.000000 in node 4095 and dof 1
 largest increment of disp= 5.623872e-06
 largest correction to disp= 3.674962e-08 in node 14273 and dof 1

 no convergence

 iteration 2

 Using up to 1 cpu(s) for the symmetric stiffness/mass contributions.

 Factoring the system of equations using the symmetric spooles solver
 Using up to 1 cpu(s) for spooles.

 Using up to 1 cpu(s) for the stress calculation.

 average force= 0.000020
 time avg. forc= 0.100000
 largest residual force= 0.000000 in node 4071 and dof 1
 largest increment of disp= 5.623872e-06
 largest correction to disp= 1.500137e-10 in node 4225 and dof 2

 convergence; the increment size is increased to 3.000000e-02

 the increment size exceeds the maximum allowed and is decreased to 2.000000e-02

 increment 20 attempt 1 
 increment size= 2.000000e-02
 sum of previous increments=3.256250e-01
 actual step time=3.456250e-01
 actual total time=3.456250e-01

 iteration 1

 Using up to 1 cpu(s) for the stress calculation.

 Using up to 1 cpu(s) for the symmetric stiffness/mass contributions.

 Factoring the system of equations using the symmetric spooles solver
 Using up to 1 cpu(s) for spooles.

 Using up to 1 cpu(s) for the stress calculation.

 average force= 0.000021
 time avg. forc= 0.100000
 largest residual force= 0.000000 in node 4095 and dof 1
 largest increment of disp= 5.621763e-06
 largest correction to disp= 4.035384e-08 in node 14273 and dof 1

 no convergence

 iteration 2

 Using up to 1 cpu(s) for the symmetric stiffness/mass contributions.

 Factoring the system of equations using the symmetric spooles solver
 Using up to 1 cpu(s) for spooles.

 Using up to 1 cpu(s) for the stress calculation.

 average force= 0.000021
 time avg. forc= 0.100000
 largest residual force= 0.000000 in node 4071 and dof 1
 largest increment of disp= 5.621763e-06
 largest correction to disp= 1.587454e-10 in node 4477 and dof 2

 convergence; the increment size is increased to 3.000000e-02

 the increment size exceeds the maximum allowed and is decreased to 2.000000e-02

 Using up to 1 cpu(s) for the stress calculation.

 increment 21 attempt 1 
 increment size= 2.000000e-02
 sum of previous increments=3.456250e-01
 actual step time=3.656250e-01
 actual total time=3.656250e-01

 iteration 1

 Using up to 1 cpu(s) for the stress calculation.

 Using up to 1 cpu(s) for the symmetric stiffness/mass contributions.

 Factoring the system of equations using the symmetric spooles solver
 Using up to 1 cpu(s) for spooles.

 Using up to 1 cpu(s) for the stress calculation.

 average force= 0.000022
 time avg. forc= 0.100000
 largest residual force= 0.000000 in node 4087 and dof 1
 largest increment of disp= 5.619519e-06
 largest correction to disp= 4.449795e-08 in node 14264 and dof 1

 no convergence

 iteration 2

 Using up to 1 cpu(s) for the symmetric stiffness/mass contributions.

 Factoring the system of equations using the symmetric spooles solver
 Using up to 1 cpu(s) for spooles.

 Using up to 1 cpu(s) for the stress calculation.

 average force= 0.000022
 time avg. forc= 0.100000
 largest residual force= 0.000000 in node 4071 and dof 1
 largest increment of disp= 5.619519e-06
 largest correction to disp= 1.674618e-10 in node 4477 and dof 2

 convergence; the increment size is increased to 3.000000e-02

 the increment size exceeds the maximum allowed and is decreased to 2.000000e-02

 increment 22 attempt 1 
 increment size= 2.000000e-02
 sum of previous increments=3.656250e-01
 actual step time=3.856250e-01
 actual total time=3.856250e-01

 iteration 1

 Using up to 1 cpu(s) for the stress calculation.

 Using up to 1 cpu(s) for the symmetric stiffness/mass contributions.

 Factoring the system of equations using the symmetric spooles solver
 Using up to 1 cpu(s) for spooles.

 Using up to 1 cpu(s) for the stress calculation.

 average force= 0.000024
 time avg. forc= 0.100000
 largest residual force= 0.000000 in node 4087 and dof 1
 largest increment of disp= 5.617133e-06
 largest correction to disp= 4.930430e-08 in node 14273 and dof 1

 no convergence

 iteration 2

 Using up to 1 cpu(s) for the symmetric stiffness/mass contributions.

 Factoring the system of equations using the symmetric spooles solver
 Using up to 1 cpu(s) for spooles.

 Using up to 1 cpu(s) for the stress calculation.

 average force= 0.000024
 time avg. forc= 0.100000
 largest residual force= 0.000000 in node 4085 and dof 1
 largest increment of disp= 5.617133e-06
 largest correction to disp= 1.761743e-10 in node 4225 and dof 2

 convergence; the increment size is increased to 3.000000e-02

 the increment size exceeds the maximum allowed and is decreased to 2.000000e-02

 increment 23 attempt 1 
 increment size= 2.000000e-02
 sum of previous increments=3.856250e-01
 actual step time=4.056250e-01
 actual total time=4.056250e-01

 iteration 1

 Using up to 1 cpu(s) for the stress calculation.

 Using up to 1 cpu(s) for the symmetric stiffness/mass contributions.

 Factoring the system of equations using the symmetric spooles solver
 Using up to 1 cpu(s) for spooles.

 Using up to 1 cpu(s) for the stress calculation.

 average force= 0.000025
 time avg. forc= 0.100000
 largest residual force= 0.000000 in node 4095 and dof 1
 largest increment of disp= 5.614597e-06
 largest correction to disp= 5.493120e-08 in node 14264 and dof 1

 no convergence

 iteration 2

 Using up to 1 cpu(s) for the symmetric stiffness/mass contributions.

 Factoring the system of equations using the symmetric spooles solver
 Using up to 1 cpu(s) for spooles.

 Using up to 1 cpu(s) for the stress calculation.

 average force= 0.000025
 time avg. forc= 0.100000
 largest residual force= 0.000000 in node 4085 and dof 1
 largest increment of disp= 5.614597e-06
 largest correction to disp= 1.848949e-10 in node 4225 and dof 2

 convergence; the increment size is increased to 3.000000e-02

 the increment size exceeds the maximum allowed and is decreased to 2.000000e-02

 increment 24 attempt 1 
 increment size= 2.000000e-02
 sum of previous increments=4.056250e-01
 actual step time=4.256250e-01
 actual total time=4.256250e-01

 iteration 1

 Using up to 1 cpu(s) for the stress calculation.

 Using up to 1 cpu(s) for the symmetric stiffness/mass contributions.

 Factoring the system of equations using the symmetric spooles solver
 Using up to 1 cpu(s) for spooles.

 Using up to 1 cpu(s) for the stress calculation.

 average force= 0.000026
 time avg. forc= 0.100000
 largest residual force= 0.000000 in node 4095 and dof 1
 largest increment of disp= 5.611905e-06
 largest correction to disp= 6.158797e-08 in node 14264 and dof 1

 no convergence

 iteration 2

 Using up to 1 cpu(s) for the symmetric stiffness/mass contributions.

 Factoring the system of equations using the symmetric spooles solver
 Using up to 1 cpu(s) for spooles.

 Using up to 1 cpu(s) for the stress calculation.

 average force= 0.000026
 time avg. forc= 0.100000
 largest residual force= 0.000000 in node 4085 and dof 1
 largest increment of disp= 5.611905e-06
 largest correction to disp= 1.936357e-10 in node 4225 and dof 2

 convergence; the increment size is increased to 3.000000e-02

 the increment size exceeds the maximum allowed and is decreased to 2.000000e-02

 increment 25 attempt 1 
 increment size= 2.000000e-02
 sum of previous increments=4.256250e-01
 actual step time=4.456250e-01
 actual total time=4.456250e-01

 iteration 1

 Using up to 1 cpu(s) for the stress calculation.

 Using up to 1 cpu(s) for the symmetric stiffness/mass contributions.

 Factoring the system of equations using the symmetric spooles solver
 Using up to 1 cpu(s) for spooles.

 Using up to 1 cpu(s) for the stress calculation.

 average force= 0.000027
 time avg. forc= 0.100000
 largest residual force= 0.000000 in node 4095 and dof 1
 largest increment of disp= 5.609051e-06
 largest correction to disp= 6.955702e-08 in node 14273 and dof 1

 no convergence

 iteration 2

 Using up to 1 cpu(s) for the symmetric stiffness/mass contributions.

 Factoring the system of equations using the symmetric spooles solver
 Using up to 1 cpu(s) for spooles.

 Using up to 1 cpu(s) for the stress calculation.

 average force= 0.000027
 time avg. forc= 0.100000
 largest residual force= 0.000000 in node 4085 and dof 1
 largest increment of disp= 5.609051e-06
 largest correction to disp= 2.024077e-10 in node 4477 and dof 2

 convergence; the increment size is increased to 3.000000e-02

 the increment size exceeds the maximum allowed and is decreased to 2.000000e-02

 Using up to 1 cpu(s) for the stress calculation.

 increment 26 attempt 1 
 increment size= 2.000000e-02
 sum of previous increments=4.456250e-01
 actual step time=4.656250e-01
 actual total time=4.656250e-01

 iteration 1

 Using up to 1 cpu(s) for the stress calculation.

 Using up to 1 cpu(s) for the symmetric stiffness/mass contributions.

 Factoring the system of equations using the symmetric spooles solver
 Using up to 1 cpu(s) for spooles.

 Using up to 1 cpu(s) for the stress calculation.

 average force= 0.000029
 time avg. forc= 0.100000
 largest residual force= 0.000000 in node 4095 and dof 1
 largest increment of disp= 5.606030e-06
 largest correction to disp= 7.922757e-08 in node 14264 and dof 1

 no convergence

 iteration 2

 Using up to 1 cpu(s) for the symmetric stiffness/mass contributions.

 Factoring the system of equations using the symmetric spooles solver
 Using up to 1 cpu(s) for spooles.

 Using up to 1 cpu(s) for the stress calculation.

 average force= 0.000029
 time avg. forc= 0.100000
 largest residual force= 0.000000 in node 4097 and dof 1
 largest increment of disp= 5.606030e-06
 largest correction to disp= 2.112205e-10 in node 4477 and dof 2

 convergence; the increment size is increased to 3.000000e-02

 the increment size exceeds the maximum allowed and is decreased to 2.000000e-02

 increment 27 attempt 1 
 increment size= 2.000000e-02
 sum of previous increments=4.656250e-01
 actual step time=4.856250e-01
 actual total time=4.856250e-01

 iteration 1

 Using up to 1 cpu(s) for the stress calculation.

 Using up to 1 cpu(s) for the symmetric stiffness/mass contributions.

 Factoring the system of equations using the symmetric spooles solver
 Using up to 1 cpu(s) for spooles.

 Using up to 1 cpu(s) for the stress calculation.

 average force= 0.000030
 time avg. forc= 0.100000
 largest residual force= 0.000000 in node 4087 and dof 1
 largest increment of disp= 5.602840e-06
 largest correction to disp= 9.114881e-08 in node 14273 and dof 1

 no convergence

 iteration 2

 Using up to 1 cpu(s) for the symmetric stiffness/mass contributions.

 Factoring the system of equations using the symmetric spooles solver
 Using up to 1 cpu(s) for spooles.

 Using up to 1 cpu(s) for the stress calculation.

 average force= 0.000030
 time avg. forc= 0.100000
 largest residual force= 0.000000 in node 4097 and dof 1
 largest increment of disp= 5.602840e-06
 largest correction to disp= 2.200808e-10 in node 4225 and dof 2

 convergence; the increment size is increased to 3.000000e-02

 the increment size exceeds the maximum allowed and is decreased to 2.000000e-02

 increment 28 attempt 1 
 increment size= 2.000000e-02
 sum of previous increments=4.856250e-01
 actual step time=5.056250e-01
 actual total time=5.056250e-01

 iteration 1

 Using up to 1 cpu(s) for the stress calculation.

 Using up to 1 cpu(s) for the symmetric stiffness/mass contributions.

 Factoring the system of equations using the symmetric spooles solver
 Using up to 1 cpu(s) for spooles.

 Using up to 1 cpu(s) for the stress calculation.

 average force= 0.000031
 time avg. forc= 0.100000
 largest residual force= 0.000000 in node 4087 and dof 1
 largest increment of disp= 5.599475e-06
 largest correction to disp= 1.061168e-07 in node 14264 and dof 1

 no convergence

 iteration 2

 Using up to 1 cpu(s) for the symmetric stiffness/mass contributions.

 Factoring the system of equations using the symmetric spooles solver
 Using up to 1 cpu(s) for spooles.

 Using up to 1 cpu(s) for the stress calculation.

 average force= 0.000031
 time avg. forc= 0.100000
 largest residual force= 0.000000 in node 4085 and dof 1
 largest increment of disp= 5.599475e-06
 largest correction to disp= 2.289914e-10 in node 4225 and dof 2

 convergence; the increment size is increased to 3.000000e-02

 the increment size exceeds the maximum allowed and is decreased to 2.000000e-02

 increment 29 attempt 1 
 increment size= 2.000000e-02
 sum of previous increments=5.056250e-01
 actual step time=5.256250e-01
 actual total time=5.256250e-01

 iteration 1

 Using up to 1 cpu(s) for the stress calculation.

 Using up to 1 cpu(s) for the symmetric stiffness/mass contributions.

 Factoring the system of equations using the symmetric spooles solver
 Using up to 1 cpu(s) for spooles.

 Using up to 1 cpu(s) for the stress calculation.

 average force= 0.000032
 time avg. forc= 0.100000
 largest residual force= 0.000000 in node 4095 and dof 1
 largest increment of disp= 5.595934e-06
 largest correction to disp= 1.253209e-07 in node 14273 and dof 1

 no convergence

 iteration 2

 Using up to 1 cpu(s) for the symmetric stiffness/mass contributions.

 Factoring the system of equations using the symmetric spooles solver
 Using up to 1 cpu(s) for spooles.

 Using up to 1 cpu(s) for the stress calculation.

 average force= 0.000032
 time avg. forc= 0.100000
 largest residual force= 0.000000 in node 4085 and dof 1
 largest increment of disp= 5.595934e-06
 largest correction to disp= 2.379497e-10 in node 4225 and dof 2

 convergence; the increment size is increased to 3.000000e-02

 the increment size exceeds the maximum allowed and is decreased to 2.000000e-02

 increment 30 attempt 1 
 increment size= 2.000000e-02
 sum of previous increments=5.256250e-01
 actual step time=5.456250e-01
 actual total time=5.456250e-01

 iteration 1

 Using up to 1 cpu(s) for the stress calculation.

 Using up to 1 cpu(s) for the symmetric stiffness/mass contributions.

 Factoring the system of equations using the symmetric spooles solver
 Using up to 1 cpu(s) for spooles.

 Using up to 1 cpu(s) for the stress calculation.

 average force= 0.000034
 time avg. forc= 0.100000
 largest residual force= 0.000000 in node 4087 and dof 1
 largest increment of disp= 5.592215e-06
 largest correction to disp= 1.506032e-07 in node 14273 and dof 1

 no convergence

 iteration 2

 Using up to 1 cpu(s) for the symmetric stiffness/mass contributions.

 Factoring the system of equations using the symmetric spooles solver
 Using up to 1 cpu(s) for spooles.

 Using up to 1 cpu(s) for the stress calculation.

 average force= 0.000034
 time avg. forc= 0.100000
 largest residual force= 0.000000 in node 4085 and dof 1
 largest increment of disp= 5.592215e-06
 largest correction to disp= 2.469438e-10 in node 4477 and dof 2

 convergence; the increment size is increased to 3.000000e-02

 the increment size exceeds the maximum allowed and is decreased to 2.000000e-02

 Using up to 1 cpu(s) for the stress calculation.

 increment 31 attempt 1 
 increment size= 2.000000e-02
 sum of previous increments=5.456250e-01
 actual step time=5.656250e-01
 actual total time=5.656250e-01

 iteration 1

 Using up to 1 cpu(s) for the stress calculation.

 Using up to 1 cpu(s) for the symmetric stiffness/mass contributions.

 Factoring the system of equations using the symmetric spooles solver
 Using up to 1 cpu(s) for spooles.

 Using up to 1 cpu(s) for the stress calculation.

 average force= 0.000035
 time avg. forc= 0.100000
 largest residual force= 0.000000 in node 4095 and dof 1
 largest increment of disp= 5.588317e-06
 largest correction to disp= 1.849391e-07 in node 14273 and dof 1

 no convergence

 iteration 2

 Using up to 1 cpu(s) for the symmetric stiffness/mass contributions.

 Factoring the system of equations using the symmetric spooles solver
 Using up to 1 cpu(s) for spooles.

 Using up to 1 cpu(s) for the stress calculation.

 average force= 0.000035
 time avg. forc= 0.100000
 largest residual force= 0.000000 in node 4097 and dof 1
 largest increment of disp= 5.588317e-06
 largest correction to disp= 2.559474e-10 in node 4477 and dof 2

 convergence; the increment size is increased to 3.000000e-02

 the increment size exceeds the maximum allowed and is decreased to 2.000000e-02

 increment 32 attempt 1 
 increment size= 2.000000e-02
 sum of previous increments=5.656250e-01
 actual step time=5.856250e-01
 actual total time=5.856250e-01

 iteration 1

 Using up to 1 cpu(s) for the stress calculation.

 Using up to 1 cpu(s) for the symmetric stiffness/mass contributions.

 Factoring the system of equations using the symmetric spooles solver
 Using up to 1 cpu(s) for spooles.

 Using up to 1 cpu(s) for the stress calculation.

 average force= 0.000036
 time avg. forc= 0.100000
 largest residual force= 0.000000 in node 4087 and dof 1
 largest increment of disp= 5.584369e-06
 largest correction to disp= 2.333855e-07 in node 14264 and dof 1

 no convergence

 iteration 2

 Using up to 1 cpu(s) for the symmetric stiffness/mass contributions.

 Factoring the system of equations using the symmetric spooles solver
 Using up to 1 cpu(s) for spooles.

 Using up to 1 cpu(s) for the stress calculation.

 average force= 0.000036
 time avg. forc= 0.100000
 largest residual force= 0.000000 in node 4085 and dof 1
 largest increment of disp= 5.584369e-06
 largest correction to disp= 2.649080e-10 in node 4225 and dof 2

 convergence; the increment size is increased to 3.000000e-02

 the increment size exceeds the maximum allowed and is decreased to 2.000000e-02

 increment 33 attempt 1 
 increment size= 2.000000e-02
 sum of previous increments=5.856250e-01
 actual step time=6.056250e-01
 actual total time=6.056250e-01

 iteration 1

 Using up to 1 cpu(s) for the stress calculation.

 Using up to 1 cpu(s) for the symmetric stiffness/mass contributions.

 Factoring the system of equations using the symmetric spooles solver
 Using up to 1 cpu(s) for spooles.

 Using up to 1 cpu(s) for the stress calculation.

 average force= 0.000037
 time avg. forc= 0.100000
 largest residual force= 0.000000 in node 4095 and dof 1
 largest increment of disp= 5.580323e-06
 largest correction to disp= 3.050979e-07 in node 14273 and dof 1

 no convergence

 iteration 2

 Using up to 1 cpu(s) for the symmetric stiffness/mass contributions.

 Factoring the system of equations using the symmetric spooles solver
 Using up to 1 cpu(s) for spooles.

 Using up to 1 cpu(s) for the stress calculation.

 average force= 0.000037
 time avg. forc= 0.100000
 largest residual force= 0.000000 in node 4085 and dof 1
 largest increment of disp= 5.580323e-06
 largest correction to disp= 2.737256e-10 in node 4477 and dof 2

 convergence; the increment size is increased to 3.000000e-02

 the increment size exceeds the maximum allowed and is decreased to 2.000000e-02

 increment 34 attempt 1 
 increment size= 2.000000e-02
 sum of previous increments=6.056250e-01
 actual step time=6.256250e-01
 actual total time=6.256250e-01

 iteration 1

 Using up to 1 cpu(s) for the stress calculation.

 Using up to 1 cpu(s) for the symmetric stiffness/mass contributions.

 Factoring the system of equations using the symmetric spooles solver
 Using up to 1 cpu(s) for spooles.

 Using up to 1 cpu(s) for the stress calculation.

 average force= 0.000038
 time avg. forc= 0.100000
 largest residual force= 0.000000 in node 4087 and dof 1
 largest increment of disp= 5.576123e-06
 largest correction to disp= 4.180494e-07 in node 14264 and dof 1

 no convergence

 iteration 2

 Using up to 1 cpu(s) for the symmetric stiffness/mass contributions.

 Factoring the system of equations using the symmetric spooles solver
 Using up to 1 cpu(s) for spooles.

 Using up to 1 cpu(s) for the stress calculation.

 average force= 0.000038
 time avg. forc= 0.100000
 largest residual force= 0.000000 in node 4097 and dof 1
 largest increment of disp= 5.576123e-06
 largest correction to disp= 2.822104e-10 in node 4225 and dof 2

 convergence; the increment size is increased to 3.000000e-02

 the increment size exceeds the maximum allowed and is decreased to 2.000000e-02

 increment 35 attempt 1 
 increment size= 2.000000e-02
 sum of previous increments=6.256250e-01
 actual step time=6.456250e-01
 actual total time=6.456250e-01

 iteration 1

 Using up to 1 cpu(s) for the stress calculation.

 Using up to 1 cpu(s) for the symmetric stiffness/mass contributions.

 Factoring the system of equations using the symmetric spooles solver
 Using up to 1 cpu(s) for spooles.

 Using up to 1 cpu(s) for the stress calculation.

 average force= 0.000040
 time avg. forc= 0.100000
 largest residual force= 0.000000 in node 4087 and dof 1
 largest increment of disp= 5.571797e-06
 largest correction to disp= 6.115620e-07 in node 14264 and dof 1

 no convergence

 iteration 2

 Using up to 1 cpu(s) for the symmetric stiffness/mass contributions.

 Factoring the system of equations using the symmetric spooles solver
 Using up to 1 cpu(s) for spooles.

 Using up to 1 cpu(s) for the stress calculation.

 average force= 0.000040
 time avg. forc= 0.100000
 largest residual force= 0.000000 in node 4085 and dof 1
 largest increment of disp= 5.571797e-06
 largest correction to disp= 6.362424e-10 in node 14271 and dof 1

 convergence; the increment size is increased to 3.000000e-02

 the increment size exceeds the maximum allowed and is decreased to 2.000000e-02

 Using up to 1 cpu(s) for the stress calculation.

 increment 36 attempt 1 
 increment size= 2.000000e-02
 sum of previous increments=6.456250e-01
 actual step time=6.656250e-01
 actual total time=6.656250e-01

 iteration 1

 Using up to 1 cpu(s) for the stress calculation.

 Using up to 1 cpu(s) for the symmetric stiffness/mass contributions.

 Factoring the system of equations using the symmetric spooles solver
 Using up to 1 cpu(s) for spooles.

 Using up to 1 cpu(s) for the stress calculation.

 average force= 0.000041
 time avg. forc= 0.100000
 largest residual force= 0.000000 in node 4095 and dof 1
 largest increment of disp= 5.567406e-06
 largest correction to disp= 1.167575e-06 in node 14271 and dof 1

 no convergence

 iteration 2

 Using up to 1 cpu(s) for the symmetric stiffness/mass contributions.

 Factoring the system of equations using the symmetric spooles solver
 Using up to 1 cpu(s) for spooles.

 Using up to 1 cpu(s) for the stress calculation.

 average force= 0.000041
 time avg. forc= 0.100000
 largest residual force= 0.000000 in node 4097 and dof 1
 largest increment of disp= 5.567406e-06
 largest correction to disp= 1.988803e-09 in node 14262 and dof 1

 convergence; the increment size is increased to 3.000000e-02

 the increment size exceeds the maximum allowed and is decreased to 2.000000e-02

 increment 37 attempt 1 
 increment size= 2.000000e-02
 sum of previous increments=6.656250e-01
 actual step time=6.856250e-01
 actual total time=6.856250e-01

 iteration 1

 Using up to 1 cpu(s) for the stress calculation.

 Using up to 1 cpu(s) for the symmetric stiffness/mass contributions.

 Factoring the system of equations using the symmetric spooles solver
 Using up to 1 cpu(s) for spooles.

 Using up to 1 cpu(s) for the stress calculation.

 average force= 0.000042
 time avg. forc= 0.100000
 largest residual force= 0.000000 in node 3336 and dof 1
 largest increment of disp= 5.563127e-06
 largest correction to disp= 2.699262e-06 in node 14262 and dof 1

 no convergence

 iteration 2

 Using up to 1 cpu(s) for the symmetric stiffness/mass contributions.

 Factoring the system of equations using the symmetric spooles solver
 Using up to 1 cpu(s) for spooles.

 Using up to 1 cpu(s) for the stress calculation.

 average force= 0.000042
 time avg. forc= 0.100000
 largest residual force= 0.000000 in node 4097 and dof 1
 largest increment of disp= 5.563127e-06
 largest correction to disp= 1.074923e-08 in node 14262 and dof 1

 convergence; the increment size is increased to 3.000000e-02

 the increment size exceeds the maximum allowed and is decreased to 2.000000e-02

 increment 38 attempt 1 
 increment size= 2.000000e-02
 sum of previous increments=6.856250e-01
 actual step time=7.056250e-01
 actual total time=7.056250e-01

 iteration 1

 Using up to 1 cpu(s) for the stress calculation.

 Using up to 1 cpu(s) for the symmetric stiffness/mass contributions.

 Factoring the system of equations using the symmetric spooles solver
 Using up to 1 cpu(s) for spooles.

 Using up to 1 cpu(s) for the stress calculation.

 average force= 0.000043
 time avg. forc= 0.100000
 largest residual force= 0.000000 in node 3337 and dof 1
 largest increment of disp= 8.946735e-06
 largest correction to disp= 8.946735e-06 in node 14262 and dof 1

 no convergence

 iteration 2

 Using up to 1 cpu(s) for the symmetric stiffness/mass contributions.

 Factoring the system of equations using the symmetric spooles solver
 Using up to 1 cpu(s) for spooles.

 Using up to 1 cpu(s) for the stress calculation.

 average force= 0.000043
 time avg. forc= 0.100000
 largest residual force= 0.000000 in node 3337 and dof 1
 largest increment of disp= 8.946735e-06
 largest correction to disp= 2.266949e-07 in node 14262 and dof 1

 convergence; the increment size is increased to 3.000000e-02

 the increment size exceeds the maximum allowed and is decreased to 2.000000e-02

 increment 39 attempt 1 
 increment size= 2.000000e-02
 sum of previous increments=7.056250e-01
 actual step time=7.256250e-01
 actual total time=7.256250e-01

 iteration 1

 Using up to 1 cpu(s) for the stress calculation.

 Using up to 1 cpu(s) for the symmetric stiffness/mass contributions.

 Factoring the system of equations using the symmetric spooles solver
 Using up to 1 cpu(s) for spooles.

 Using up to 1 cpu(s) for the stress calculation.

 average force= 0.000045
 time avg. forc= 0.100000
 largest residual force= 0.000010 in node 3337 and dof 1
 largest increment of disp= 7.774791e-05
 largest correction to disp= 7.774791e-05 in node 14271 and dof 1

 no convergence

 iteration 2

 Using up to 1 cpu(s) for the symmetric stiffness/mass contributions.

 Factoring the system of equations using the symmetric spooles solver
 Using up to 1 cpu(s) for spooles.

 Using up to 1 cpu(s) for the stress calculation.

 average force= 0.000045
 time avg. forc= 0.100000
 largest residual force= 0.000000 in node 3337 and dof 1
 largest increment of disp= 7.774791e-05
 largest correction to disp= 2.410753e-05 in node 14262 and dof 1

 convergence; the increment size is increased to 3.000000e-02

 the increment size exceeds the maximum allowed and is decreased to 2.000000e-02

 increment 40 attempt 1 
 increment size= 2.000000e-02
 sum of previous increments=7.256250e-01
 actual step time=7.456250e-01
 actual total time=7.456250e-01

 iteration 1

 Using up to 1 cpu(s) for the stress calculation.

 Using up to 1 cpu(s) for the symmetric stiffness/mass contributions.

 Factoring the system of equations using the symmetric spooles solver
 Using up to 1 cpu(s) for spooles.

 Using up to 1 cpu(s) for the stress calculation.

 average force= 0.000046
 time avg. forc= 0.100000
 largest residual force= 0.000000 in node 3337 and dof 1
 largest increment of disp= 6.735750e-05
 largest correction to disp= 1.680500e-05 in node 14271 and dof 1

 no convergence

 iteration 2

 Using up to 1 cpu(s) for the symmetric stiffness/mass contributions.

 Factoring the system of equations using the symmetric spooles solver
 Using up to 1 cpu(s) for spooles.

 Using up to 1 cpu(s) for the stress calculation.

 average force= 0.000046
 time avg. forc= 0.100000
 largest residual force= 0.000000 in node 3337 and dof 1
 largest increment of disp= 6.735750e-05
 largest correction to disp= 5.717448e-06 in node 14262 and dof 1

 convergence; the increment size is increased to 3.000000e-02

 the increment size exceeds the maximum allowed and is decreased to 2.000000e-02

 Using up to 1 cpu(s) for the stress calculation.

 increment 41 attempt 1 
 increment size= 2.000000e-02
 sum of previous increments=7.456250e-01
 actual step time=7.656250e-01
 actual total time=7.656250e-01

 iteration 1

 Using up to 1 cpu(s) for the stress calculation.

 Using up to 1 cpu(s) for the symmetric stiffness/mass contributions.

 Factoring the system of equations using the symmetric spooles solver
 Using up to 1 cpu(s) for spooles.

 Using up to 1 cpu(s) for the stress calculation.

 average force= 0.000047
 time avg. forc= 0.100000
 largest residual force= 0.000000 in node 2544 and dof 1
 largest increment of disp= 4.483505e-05
 largest correction to disp= 1.535236e-05 in node 12111 and dof 1

 no convergence

 iteration 2

 Using up to 1 cpu(s) for the symmetric stiffness/mass contributions.

 Factoring the system of equations using the symmetric spooles solver
 Using up to 1 cpu(s) for spooles.

 Using up to 1 cpu(s) for the stress calculation.

 average force= 0.000047
 time avg. forc= 0.100000
 largest residual force= 0.000000 in node 2544 and dof 1
 largest increment of disp= 4.483505e-05
 largest correction to disp= 1.691119e-06 in node 12111 and dof 1

 convergence; the increment size is increased to 3.000000e-02

 the increment size exceeds the maximum allowed and is decreased to 2.000000e-02

 increment 42 attempt 1 
 increment size= 2.000000e-02
 sum of previous increments=7.656250e-01
 actual step time=7.856250e-01
 actual total time=7.856250e-01

 iteration 1

 Using up to 1 cpu(s) for the stress calculation.

 Using up to 1 cpu(s) for the symmetric stiffness/mass contributions.

 Factoring the system of equations using the symmetric spooles solver
 Using up to 1 cpu(s) for spooles.

 Using up to 1 cpu(s) for the stress calculation.

 average force= 0.000049
 time avg. forc= 0.100000
 largest residual force= 0.000000 in node 2546 and dof 1
 largest increment of disp= 4.439242e-05
 largest correction to disp= 1.018687e-05 in node 14259 and dof 1

 no convergence

 iteration 2

 Using up to 1 cpu(s) for the symmetric stiffness/mass contributions.

 Factoring the system of equations using the symmetric spooles solver
 Using up to 1 cpu(s) for spooles.

 Using up to 1 cpu(s) for the stress calculation.

 average force= 0.000049
 time avg. forc= 0.100000
 largest residual force= 0.000000 in node 2546 and dof 1
 largest increment of disp= 4.439242e-05
 largest correction to disp= 1.114124e-06 in node 14259 and dof 1

 convergence; the increment size is increased to 3.000000e-02

 the increment size exceeds the maximum allowed and is decreased to 2.000000e-02

 increment 43 attempt 1 
 increment size= 2.000000e-02
 sum of previous increments=7.856250e-01
 actual step time=8.056250e-01
 actual total time=8.056250e-01

 iteration 1

 Using up to 1 cpu(s) for the stress calculation.

 Using up to 1 cpu(s) for the symmetric stiffness/mass contributions.

 Factoring the system of equations using the symmetric spooles solver
 Using up to 1 cpu(s) for spooles.

 Using up to 1 cpu(s) for the stress calculation.

 average force= 0.000050
 time avg. forc= 0.100000
 largest residual force= 0.000000 in node 3336 and dof 1
 largest increment of disp= 3.753453e-05
 largest correction to disp= 6.325230e-06 in node 14268 and dof 1

 no convergence

 iteration 2

 Using up to 1 cpu(s) for the symmetric stiffness/mass contributions.

 Factoring the system of equations using the symmetric spooles solver
 Using up to 1 cpu(s) for spooles.

 Using up to 1 cpu(s) for the stress calculation.

 average force= 0.000050
 time avg. forc= 0.100000
 largest residual force= 0.000000 in node 3336 and dof 1
 largest increment of disp= 3.753453e-05
 largest correction to disp= 4.006696e-07 in node 12104 and dof 1

 convergence; the increment size is increased to 3.000000e-02

 the increment size exceeds the maximum allowed and is decreased to 2.000000e-02

 increment 44 attempt 1 
 increment size= 2.000000e-02
 sum of previous increments=8.056250e-01
 actual step time=8.256250e-01
 actual total time=8.256250e-01

 iteration 1

 Using up to 1 cpu(s) for the stress calculation.

 Using up to 1 cpu(s) for the symmetric stiffness/mass contributions.

 Factoring the system of equations using the symmetric spooles solver
 Using up to 1 cpu(s) for spooles.

 Using up to 1 cpu(s) for the stress calculation.

 average force= 0.000051
 time avg. forc= 0.100000
 largest residual force= 0.000000 in node 2544 and dof 1
 largest increment of disp= 3.233324e-05
 largest correction to disp= 4.152345e-06 in node 12113 and dof 1

 no convergence

 iteration 2

 Using up to 1 cpu(s) for the symmetric stiffness/mass contributions.

 Factoring the system of equations using the symmetric spooles solver
 Using up to 1 cpu(s) for spooles.

 Using up to 1 cpu(s) for the stress calculation.

 average force= 0.000051
 time avg. forc= 0.100000
 largest residual force= 0.000000 in node 2544 and dof 1
 largest increment of disp= 3.233324e-05
 largest correction to disp= 2.126669e-07 in node 12113 and dof 1

 convergence; the increment size is increased to 3.000000e-02

 the increment size exceeds the maximum allowed and is decreased to 2.000000e-02

 increment 45 attempt 1 
 increment size= 2.000000e-02
 sum of previous increments=8.256250e-01
 actual step time=8.456250e-01
 actual total time=8.456250e-01

 iteration 1

 Using up to 1 cpu(s) for the stress calculation.

 Using up to 1 cpu(s) for the symmetric stiffness/mass contributions.

 Factoring the system of equations using the symmetric spooles solver
 Using up to 1 cpu(s) for spooles.

 Using up to 1 cpu(s) for the stress calculation.

 average force= 0.000052
 time avg. forc= 0.100000
 largest residual force= 0.000000 in node 2544 and dof 1
 largest increment of disp= 2.883818e-05
 largest correction to disp= 3.038504e-06 in node 12104 and dof 1

 no convergence

 iteration 2

 Using up to 1 cpu(s) for the symmetric stiffness/mass contributions.

 Factoring the system of equations using the symmetric spooles solver
 Using up to 1 cpu(s) for spooles.

 Using up to 1 cpu(s) for the stress calculation.

 average force= 0.000052
 time avg. forc= 0.100000
 largest residual force= 0.000000 in node 2544 and dof 1
 largest increment of disp= 2.883818e-05
 largest correction to disp= 1.046491e-07 in node 12111 and dof 1

 convergence; the increment size is increased to 3.000000e-02

 the increment size exceeds the maximum allowed and is decreased to 2.000000e-02

 Using up to 1 cpu(s) for the stress calculation.

 increment 46 attempt 1 
 increment size= 2.000000e-02
 sum of previous increments=8.456250e-01
 actual step time=8.656250e-01
 actual total time=8.656250e-01

 iteration 1

 Using up to 1 cpu(s) for the stress calculation.

 Using up to 1 cpu(s) for the symmetric stiffness/mass contributions.

 Factoring the system of equations using the symmetric spooles solver
 Using up to 1 cpu(s) for spooles.

 Using up to 1 cpu(s) for the stress calculation.

 average force= 0.000054
 time avg. forc= 0.100000
 largest residual force= 0.000000 in node 2544 and dof 1
 largest increment of disp= 2.591343e-05
 largest correction to disp= 2.268639e-06 in node 12102 and dof 1

 no convergence

 iteration 2

 Using up to 1 cpu(s) for the symmetric stiffness/mass contributions.

 Factoring the system of equations using the symmetric spooles solver
 Using up to 1 cpu(s) for spooles.

 Using up to 1 cpu(s) for the stress calculation.

 average force= 0.000054
 time avg. forc= 0.100000
 largest residual force= 0.000000 in node 2544 and dof 1
 largest increment of disp= 2.591343e-05
 largest correction to disp= 5.620527e-08 in node 12111 and dof 1

 convergence; the increment size is increased to 3.000000e-02

 the increment size exceeds the maximum allowed and is decreased to 2.000000e-02

 increment 47 attempt 1 
 increment size= 2.000000e-02
 sum of previous increments=8.656250e-01
 actual step time=8.856250e-01
 actual total time=8.856250e-01

 iteration 1

 Using up to 1 cpu(s) for the stress calculation.

 Using up to 1 cpu(s) for the symmetric stiffness/mass contributions.

 Factoring the system of equations using the symmetric spooles solver
 Using up to 1 cpu(s) for spooles.

 Using up to 1 cpu(s) for the stress calculation.

 average force= 0.000055
 time avg. forc= 0.100000
 largest residual force= 0.000000 in node 2544 and dof 1
 largest increment of disp= 2.358859e-05
 largest correction to disp= 1.827531e-06 in node 12102 and dof 1

 no convergence

 iteration 2

 Using up to 1 cpu(s) for the symmetric stiffness/mass contributions.

 Factoring the system of equations using the symmetric spooles solver
 Using up to 1 cpu(s) for spooles.

 Using up to 1 cpu(s) for the stress calculation.

 average force= 0.000055
 time avg. forc= 0.100000
 largest residual force= 0.000000 in node 2544 and dof 1
 largest increment of disp= 2.358859e-05
 largest correction to disp= 3.126388e-08 in node 12102 and dof 1

 convergence; the increment size is increased to 3.000000e-02

 the increment size exceeds the maximum allowed and is decreased to 2.000000e-02

 increment 48 attempt 1 
 increment size= 2.000000e-02
 sum of previous increments=8.856250e-01
 actual step time=9.056250e-01
 actual total time=9.056250e-01

 iteration 1

 Using up to 1 cpu(s) for the stress calculation.

 Using up to 1 cpu(s) for the symmetric stiffness/mass contributions.

 Factoring the system of equations using the symmetric spooles solver
 Using up to 1 cpu(s) for spooles.

 Using up to 1 cpu(s) for the stress calculation.

 average force= 0.000056
 time avg. forc= 0.100000
 largest residual force= 0.000000 in node 2544 and dof 1
 largest increment of disp= 2.172979e-05
 largest correction to disp= 1.495035e-06 in node 12102 and dof 1

 no convergence

 iteration 2

 Using up to 1 cpu(s) for the symmetric stiffness/mass contributions.

 Factoring the system of equations using the symmetric spooles solver
 Using up to 1 cpu(s) for spooles.

 Using up to 1 cpu(s) for the stress calculation.

 average force= 0.000056
 time avg. forc= 0.100000
 largest residual force= 0.000000 in node 845 and dof 1
 largest increment of disp= 2.172979e-05
 largest correction to disp= 1.806065e-08 in node 12102 and dof 1

 convergence; the increment size is increased to 3.000000e-02

 the increment size exceeds the maximum allowed and is decreased to 2.000000e-02

 increment 49 attempt 1 
 increment size= 2.000000e-02
 sum of previous increments=9.056250e-01
 actual step time=9.256250e-01
 actual total time=9.256250e-01

 iteration 1

 Using up to 1 cpu(s) for the stress calculation.

 Using up to 1 cpu(s) for the symmetric stiffness/mass contributions.

 Factoring the system of equations using the symmetric spooles solver
 Using up to 1 cpu(s) for spooles.

 Using up to 1 cpu(s) for the stress calculation.

 average force= 0.000057
 time avg. forc= 0.100000
 largest residual force= 0.000000 in node 4079 and dof 1
 largest increment of disp= 2.021670e-05
 largest correction to disp= 1.244950e-06 in node 12111 and dof 1

 no convergence

 iteration 2

 Using up to 1 cpu(s) for the symmetric stiffness/mass contributions.

 Factoring the system of equations using the symmetric spooles solver
 Using up to 1 cpu(s) for spooles.

 Using up to 1 cpu(s) for the stress calculation.

 average force= 0.000057
 time avg. forc= 0.100000
 largest residual force= 0.000000 in node 2174 and dof 1
 largest increment of disp= 2.021670e-05
 largest correction to disp= 1.069169e-08 in node 12102 and dof 1

 convergence; the increment size is increased to 3.000000e-02

 the increment size exceeds the maximum allowed and is decreased to 2.000000e-02

 increment 50 attempt 1 
 increment size= 2.000000e-02
 sum of previous increments=9.256250e-01
 actual step time=9.456250e-01
 actual total time=9.456250e-01

 iteration 1

 Using up to 1 cpu(s) for the stress calculation.

 Using up to 1 cpu(s) for the symmetric stiffness/mass contributions.

 Factoring the system of equations using the symmetric spooles solver
 Using up to 1 cpu(s) for spooles.

 Using up to 1 cpu(s) for the stress calculation.

 average force= 0.000059
 time avg. forc= 0.100000
 largest residual force= 0.000000 in node 4081 and dof 1
 largest increment of disp= 1.896105e-05
 largest correction to disp= 1.054277e-06 in node 12111 and dof 1

 no convergence

 iteration 2

 Using up to 1 cpu(s) for the symmetric stiffness/mass contributions.

 Factoring the system of equations using the symmetric spooles solver
 Using up to 1 cpu(s) for spooles.

 Using up to 1 cpu(s) for the stress calculation.

 average force= 0.000059
 time avg. forc= 0.100000
 largest residual force= 0.000000 in node 4071 and dof 1
 largest increment of disp= 1.896105e-05
 largest correction to disp= 6.344684e-09 in node 12102 and dof 1

 convergence; the increment size is increased to 3.000000e-02

 the increment size exceeds the maximum allowed and is decreased to 2.000000e-02

 Using up to 1 cpu(s) for the stress calculation.

 increment 51 attempt 1 
 increment size= 2.000000e-02
 sum of previous increments=9.456250e-01
 actual step time=9.656250e-01
 actual total time=9.656250e-01

 iteration 1

 Using up to 1 cpu(s) for the stress calculation.

 Using up to 1 cpu(s) for the symmetric stiffness/mass contributions.

 Factoring the system of equations using the symmetric spooles solver
 Using up to 1 cpu(s) for spooles.

 Using up to 1 cpu(s) for the stress calculation.

 average force= 0.000060
 time avg. forc= 0.100000
 largest residual force= 0.000000 in node 4073 and dof 1
 largest increment of disp= 1.790043e-05
 largest correction to disp= 9.063158e-07 in node 12102 and dof 1

 no convergence

 iteration 2

 Using up to 1 cpu(s) for the symmetric stiffness/mass contributions.

 Factoring the system of equations using the symmetric spooles solver
 Using up to 1 cpu(s) for spooles.

 Using up to 1 cpu(s) for the stress calculation.

 average force= 0.000060
 time avg. forc= 0.100000
 largest residual force= 0.000000 in node 4071 and dof 1
 largest increment of disp= 1.790043e-05
 largest correction to disp= 3.642011e-09 in node 12111 and dof 1

 convergence; the increment size is increased to 3.000000e-02

 the increment size exceeds the maximum allowed and is decreased to 2.000000e-02

 increment 52 attempt 1 
 increment size= 2.000000e-02
 sum of previous increments=9.656250e-01
 actual step time=9.856250e-01
 actual total time=9.856250e-01

 iteration 1

 Using up to 1 cpu(s) for the stress calculation.

 Using up to 1 cpu(s) for the symmetric stiffness/mass contributions.

 Factoring the system of equations using the symmetric spooles solver
 Using up to 1 cpu(s) for spooles.

 Using up to 1 cpu(s) for the stress calculation.

 average force= 0.000061
 time avg. forc= 0.100000
 largest residual force= 0.000000 in node 4081 and dof 1
 largest increment of disp= 1.699047e-05
 largest correction to disp= 7.894300e-07 in node 12102 and dof 1

 no convergence

 iteration 2

 Using up to 1 cpu(s) for the symmetric stiffness/mass contributions.

 Factoring the system of equations using the symmetric spooles solver
 Using up to 1 cpu(s) for spooles.

 Using up to 1 cpu(s) for the stress calculation.

 average force= 0.000061
 time avg. forc= 0.100000
 largest residual force= 0.000000 in node 4071 and dof 1
 largest increment of disp= 1.699047e-05
 largest correction to disp= 1.877240e-09 in node 12111 and dof 1

 convergence; the increment size is increased to 3.000000e-02

 the increment size exceeds the maximum allowed and is decreased to 2.000000e-02

 the increment size exceeds the remainder of the step and is decreased to 1.437500e-02

 increment 53 attempt 1 
 increment size= 1.437500e-02
 sum of previous increments=9.856250e-01
 actual step time=1.000000e+00
 actual total time=1.000000e+00

 iteration 1

 Using up to 1 cpu(s) for the stress calculation.

 Using up to 1 cpu(s) for the symmetric stiffness/mass contributions.

 Factoring the system of equations using the symmetric spooles solver
 Using up to 1 cpu(s) for spooles.

 Using up to 1 cpu(s) for the stress calculation.

 average force= 0.000062
 time avg. forc= 0.100000
 largest residual force= 0.000000 in node 4081 and dof 1
 largest increment of disp= 1.164315e-05
 largest correction to disp= 4.350917e-07 in node 12111 and dof 1

 no convergence

 iteration 2

 Using up to 1 cpu(s) for the symmetric stiffness/mass contributions.

 Factoring the system of equations using the symmetric spooles solver
 Using up to 1 cpu(s) for spooles.

 Using up to 1 cpu(s) for the stress calculation.

 average force= 0.000062
 time avg. forc= 0.100000
 largest residual force= 0.000000 in node 4083 and dof 1
 largest increment of disp= 1.164315e-05
 largest correction to disp= 7.703313e-10 in node 14268 and dof 1

 convergence; the increment size is increased to 2.156250e-02

 the increment size exceeds the maximum allowed and is decreased to 2.000000e-02

 the increment size exceeds the remainder of the step and is decreased to 0.000000e+00

 Using up to 1 cpu(s) for the stress calculation.


 Job finished

________________________________________

Total CalculiX Time: 302.722838
________________________________________
=== on-caso-4 (CCX): renomeando outputs _S0_baseline ===
=== on-caso-4 (CCX): ccx2paraview nao encontrado dentro do container ===
    (rode no HOST: cd cases/on-caso-4/ccx && /tmp/ccx2pv/bin/ccx2paraview on-caso-4_S0_baseline.frd vtu)

=== Concluido. Arquivos de saida: ===
  on-caso-4.frd  - campos CalculiX (U, RF, S, E)
  on-caso-4.dat  - totais RF/U nos NSETs monitorados
  on-caso-4.sta  - status de convergencia por incremento Riks (lam_final)

Analise: python3 brunaStuff/analyze_on-caso-4.py
