=== on-caso-4: (re)gerando polyMesh com CONTACT_BOX=(2.3941e-03 -5.3702e-04 1.4840e-02) (2.6000e-03 5.3702e-04 3.0160e-02) ===
50:            box (2.3941e-03 -5.3702e-04 1.4840e-02) (2.6000e-03 5.3702e-04 3.0160e-02);
/*---------------------------------------------------------------------------*\
| =========                 |                                                 |
| \\      /  F ield         | OpenFOAM: The Open Source CFD Toolbox           |
|  \\    /   O peration     | Version:  2512                                  |
|   \\  /    A nd           | Website:  www.openfoam.com                      |
|    \\/     M anipulation  |                                                 |
\*---------------------------------------------------------------------------*/
Build  : _bd2b6720-20260127 OPENFOAM=2512 version=2512
Arch   : "LSB;label=32;scalar=64"
Exec   : blockMesh
Date   : Jun 06 2026
Time   : 19:18:40
Host   : 5bd341857b74
PID    : 223
I/O    : uncollated
Case   : /simulation/on-caso-4/solid
nProcs : 1
trapFpe: Floating point exception trapping enabled (FOAM_SIGFPE).
memory pool : not available
fileModificationChecking : Monitoring run-time modified files using timeStampMaster (fileModificationSkew 5, maxFileModificationPolls 20)
allowSystemOperations : Allowing user-supplied system call operations

// * * * * * * * * * * * * * * * * * * * * * * * * * * * * * * * * * * * * * //
Create time

--> FOAM Warning : 
    From void* Foam::dlLibraryTable::openLibrary(const Foam::fileName&, bool)
    in file db/dynamicLibrary/dlLibraryTable/dlLibraryTable.C at line 188
    Could not load "$FOAM_CASE/../src/elasticFoundation/libsolidTractionElasticFoundation.so"
/simulation/on-caso-4/solid/../src/elasticFoundation/libsolidTractionElasticFoundation.so: cannot open shared object file: No such file or directory
Creating block mesh from "system/blockMeshDict"
Creating block edges
No non-planar block faces defined
Creating topology blocks

Creating topology patches - from boundary section

Creating block mesh topology - scaling/transform applied later

Check topology

	Basic statistics
		Number of internal faces : 162
		Number of boundary faces : 54
		Number of defined boundary faces : 54
		Number of undefined boundary faces : 0
	Checking patch -> block consistency

Creating block offsets
Creating merge list (topological search)...
Deleting polyMesh directory "constant/polyMesh"

Creating polyMesh from blockMesh
Creating patches
Creating cells
Creating points with scale (0.001 0.001 0.001)
    Block 0 cell size :
        i : 0.000125 .. 0.000125
        j : 0.000125 .. 0.000125
        k : 0.0015 .. 0.0015

    Block 1 cell size :
        i : 3.6611632e-05 .. 3.6611632e-05
        j : 0.000125 .. 0.000125
        k : 0.0015 .. 0.0015

    Block 2 cell size :
        i : 3.6611632e-05 .. 3.6611632e-05
        j : 0.000125 .. 0.000125
        k : 0.0015 .. 0.0015

    Block 3 cell size :
        i : 3.6611632e-05 .. 3.6611632e-05
        j : 0.000125 .. 0.000125
        k : 0.0015 .. 0.0015

    Block 4 cell size :
        i : 3.6611632e-05 .. 3.6611632e-05
        j : 0.000125 .. 0.000125
        k : 0.0015 .. 0.0015

    Block 5 cell size :
        i : 5.0000935e-05 .. 5.0000935e-05
        j : 0.00019620938 .. 0.00019620938
        k : 0.0015 .. 0.0015

    Block 6 cell size :
        i : 5.0000935e-05 .. 5.0000935e-05
        j : 0.00019620938 .. 0.00019620938
        k : 0.0015 .. 0.0015

    Block 7 cell size :
        i : 5.0000935e-05 .. 5.0000935e-05
        j : 0.00019620938 .. 0.00019620938
        k : 0.0015 .. 0.0015

    Block 8 cell size :
        i : 5.0000935e-05 .. 5.0000935e-05
        j : 0.00019620938 .. 0.00019620938
        k : 0.0015 .. 0.0015

    Block 9 cell size :
        i : 0.00014999998 .. 0.00014999998
        j : 0.00020274973 .. 0.00020274973
        k : 0.0015 .. 0.0015

    Block 10 cell size :
        i : 0.00014999998 .. 0.00014999998
        j : 0.00020274973 .. 0.00020274973
        k : 0.0015 .. 0.0015

    Block 11 cell size :
        i : 0.00014999998 .. 0.00014999998
        j : 0.00020274973 .. 0.00020274973
        k : 0.0015 .. 0.0015

    Block 12 cell size :
        i : 0.00014999998 .. 0.00014999998
        j : 0.00020274973 .. 0.00020274973
        k : 0.0015 .. 0.0015

    Block 13 cell size :
        i : 0.00011666649 .. 0.00011666649
        j : 0.00026161254 .. 0.00026161254
        k : 0.0015 .. 0.0015

    Block 14 cell size :
        i : 0.00011666649 .. 0.00011666649
        j : 0.00026161254 .. 0.00026161254
        k : 0.0015 .. 0.0015

    Block 15 cell size :
        i : 0.00011666649 .. 0.00011666649
        j : 0.00026161254 .. 0.00026161254
        k : 0.0015 .. 0.0015

    Block 16 cell size :
        i : 0.00011666649 .. 0.00011666649
        j : 0.00026161254 .. 0.00026161254
        k : 0.0015 .. 0.0015

    Block 17 cell size :
        i : 7.4999988e-05 .. 7.4999988e-05
        j : 0.00030739471 .. 0.00030739471
        k : 0.0015 .. 0.0015

    Block 18 cell size :
        i : 7.4999988e-05 .. 7.4999988e-05
        j : 0.00030739471 .. 0.00030739471
        k : 0.0015 .. 0.0015

    Block 19 cell size :
        i : 7.4999988e-05 .. 7.4999988e-05
        j : 0.00030739471 .. 0.00030739471
        k : 0.0015 .. 0.0015

    Block 20 cell size :
        i : 7.4999988e-05 .. 7.4999988e-05
        j : 0.00030739471 .. 0.00030739471
        k : 0.0015 .. 0.0015

    Block 21 cell size :
        i : 0.000125 .. 0.000125
        j : 0.000125 .. 0.000125
        k : 0.00015 .. 0.00015

    Block 22 cell size :
        i : 3.6611632e-05 .. 3.6611632e-05
        j : 0.000125 .. 0.000125
        k : 0.00015 .. 0.00015

    Block 23 cell size :
        i : 3.6611632e-05 .. 3.6611632e-05
        j : 0.000125 .. 0.000125
        k : 0.00015 .. 0.00015

    Block 24 cell size :
        i : 3.6611632e-05 .. 3.6611632e-05
        j : 0.000125 .. 0.000125
        k : 0.00015 .. 0.00015

    Block 25 cell size :
        i : 3.6611632e-05 .. 3.6611632e-05
        j : 0.000125 .. 0.000125
        k : 0.00015 .. 0.00015

    Block 26 cell size :
        i : 5.0000935e-05 .. 5.0000935e-05
        j : 0.00019620938 .. 0.00019620938
        k : 0.00015 .. 0.00015

    Block 27 cell size :
        i : 5.0000935e-05 .. 5.0000935e-05
        j : 0.00019620938 .. 0.00019620938
        k : 0.00015 .. 0.00015

    Block 28 cell size :
        i : 5.0000935e-05 .. 5.0000935e-05
        j : 0.00019620938 .. 0.00019620938
        k : 0.00015 .. 0.00015

    Block 29 cell size :
        i : 5.0000935e-05 .. 5.0000935e-05
        j : 0.00019620938 .. 0.00019620938
        k : 0.00015 .. 0.00015

    Block 30 cell size :
        i : 0.00014999998 .. 0.00014999998
        j : 0.00020274973 .. 0.00020274973
        k : 0.00015 .. 0.00015

    Block 31 cell size :
        i : 0.00014999998 .. 0.00014999998
        j : 0.00020274973 .. 0.00020274973
        k : 0.00015 .. 0.00015

    Block 32 cell size :
        i : 0.00014999998 .. 0.00014999998
        j : 0.00020274973 .. 0.00020274973
        k : 0.00015 .. 0.00015

    Block 33 cell size :
        i : 0.00014999998 .. 0.00014999998
        j : 0.00020274973 .. 0.00020274973
        k : 0.00015 .. 0.00015

    Block 34 cell size :
        i : 0.00011666649 .. 0.00011666649
        j : 0.00026161254 .. 0.00026161254
        k : 0.00015 .. 0.00015

    Block 35 cell size :
        i : 0.00011666649 .. 0.00011666649
        j : 0.00026161254 .. 0.00026161254
        k : 0.00015 .. 0.00015

    Block 36 cell size :
        i : 0.00011666649 .. 0.00011666649
        j : 0.00026161254 .. 0.00026161254
        k : 0.00015 .. 0.00015

    Block 37 cell size :
        i : 0.00011666649 .. 0.00011666649
        j : 0.00026161254 .. 0.00026161254
        k : 0.00015 .. 0.00015

    Block 38 cell size :
        i : 7.4999988e-05 .. 7.4999988e-05
        j : 0.00030739471 .. 0.00030739471
        k : 0.00015 .. 0.00015

    Block 39 cell size :
        i : 7.4999988e-05 .. 7.4999988e-05
        j : 0.00030739471 .. 0.00030739471
        k : 0.00015 .. 0.00015

    Block 40 cell size :
        i : 7.4999988e-05 .. 7.4999988e-05
        j : 0.00030739471 .. 0.00030739471
        k : 0.00015 .. 0.00015

    Block 41 cell size :
        i : 7.4999988e-05 .. 7.4999988e-05
        j : 0.00030739471 .. 0.00030739471
        k : 0.00015 .. 0.00015

    Block 42 cell size :
        i : 0.000125 .. 0.000125
        j : 0.000125 .. 0.000125
        k : 0.00025 .. 0.00025

    Block 43 cell size :
        i : 3.6611632e-05 .. 3.6611632e-05
        j : 0.000125 .. 0.000125
        k : 0.00025 .. 0.00025

    Block 44 cell size :
        i : 3.6611632e-05 .. 3.6611632e-05
        j : 0.000125 .. 0.000125
        k : 0.00025 .. 0.00025

    Block 45 cell size :
        i : 3.6611632e-05 .. 3.6611632e-05
        j : 0.000125 .. 0.000125
        k : 0.00025 .. 0.00025

    Block 46 cell size :
        i : 3.6611632e-05 .. 3.6611632e-05
        j : 0.000125 .. 0.000125
        k : 0.00025 .. 0.00025

    Block 47 cell size :
        i : 5.0000935e-05 .. 5.0000935e-05
        j : 0.00019620938 .. 0.00019620938
        k : 0.00025 .. 0.00025

    Block 48 cell size :
        i : 5.0000935e-05 .. 5.0000935e-05
        j : 0.00019620938 .. 0.00019620938
        k : 0.00025 .. 0.00025

    Block 49 cell size :
        i : 5.0000935e-05 .. 5.0000935e-05
        j : 0.00019620938 .. 0.00019620938
        k : 0.00025 .. 0.00025

    Block 50 cell size :
        i : 5.0000935e-05 .. 5.0000935e-05
        j : 0.00019620938 .. 0.00019620938
        k : 0.00025 .. 0.00025

    Block 51 cell size :
        i : 0.00014999998 .. 0.00014999998
        j : 0.00020274973 .. 0.00020274973
        k : 0.00025 .. 0.00025

    Block 52 cell size :
        i : 0.00014999998 .. 0.00014999998
        j : 0.00020274973 .. 0.00020274973
        k : 0.00025 .. 0.00025

    Block 53 cell size :
        i : 0.00014999998 .. 0.00014999998
        j : 0.00020274973 .. 0.00020274973
        k : 0.00025 .. 0.00025

    Block 54 cell size :
        i : 0.00014999998 .. 0.00014999998
        j : 0.00020274973 .. 0.00020274973
        k : 0.00025 .. 0.00025

    Block 55 cell size :
        i : 0.00011666649 .. 0.00011666649
        j : 0.00026161254 .. 0.00026161254
        k : 0.00025 .. 0.00025

    Block 56 cell size :
        i : 0.00011666649 .. 0.00011666649
        j : 0.00026161254 .. 0.00026161254
        k : 0.00025 .. 0.00025

    Block 57 cell size :
        i : 0.00011666649 .. 0.00011666649
        j : 0.00026161254 .. 0.00026161254
        k : 0.00025 .. 0.00025

    Block 58 cell size :
        i : 0.00011666649 .. 0.00011666649
        j : 0.00026161254 .. 0.00026161254
        k : 0.00025 .. 0.00025

    Block 59 cell size :
        i : 7.4999988e-05 .. 7.4999988e-05
        j : 0.00030739471 .. 0.00030739471
        k : 0.00025 .. 0.00025

    Block 60 cell size :
        i : 7.4999988e-05 .. 7.4999988e-05
        j : 0.00030739471 .. 0.00030739471
        k : 0.00025 .. 0.00025

    Block 61 cell size :
        i : 7.4999988e-05 .. 7.4999988e-05
        j : 0.00030739471 .. 0.00030739471
        k : 0.00025 .. 0.00025

    Block 62 cell size :
        i : 7.4999988e-05 .. 7.4999988e-05
        j : 0.00030739471 .. 0.00030739471
        k : 0.00025 .. 0.00025

Adding cell zones
    0	on
    1	pia
    2	sas
    3	dura
    4	lc
    5	sclera_peri
    6	sclera_ring
    7	globo
No patch pairs to merge

Writing polyMesh with 8 cellZones
----------------
Mesh Information
----------------
  boundingBox: (-0.0025 -0.0025 0) (0.0025 0.0025 0.0308)
  nPoints: 29425
  nCells: 27648
  nFaces: 84672
  nInternalFaces: 81216
----------------
Cell Zones
----------------
  zone 0 (size: 14400) name: on
  zone 1 (size: 960) name: pia
  zone 2 (size: 5760) name: sas
  zone 3 (size: 1920) name: dura
  zone 4 (size: 1440) name: lc
  zone 5 (size: 384) name: sclera_peri
  zone 6 (size: 480) name: sclera_ring
  zone 7 (size: 2304) name: globo
----------------
Patches
----------------
  patch 0 (start: 81216 size: 720) name: posterior_on
  patch 1 (start: 81936 size: 48) name: posterior_pia
  patch 2 (start: 81984 size: 288) name: posterior_sas
  patch 3 (start: 82272 size: 96) name: posterior_dura
  patch 4 (start: 82368 size: 960) name: dura_outer
  patch 5 (start: 83328 size: 96) name: sclera_ring_outer
  patch 6 (start: 83424 size: 96) name: globo_outer
  patch 7 (start: 83520 size: 1152) name: anterior_globo

End

/*---------------------------------------------------------------------------*\
| =========                 |                                                 |
| \\      /  F ield         | OpenFOAM: The Open Source CFD Toolbox           |
|  \\    /   O peration     | Version:  2512                                  |
|   \\  /    A nd           | Website:  www.openfoam.com                      |
|    \\/     M anipulation  |                                                 |
\*---------------------------------------------------------------------------*/
Build  : _bd2b6720-20260127 OPENFOAM=2512 version=2512
Arch   : "LSB;label=32;scalar=64"
Exec   : topoSet -dict system/topoSetDict_contact
Date   : Jun 06 2026
Time   : 19:18:40
Host   : 5bd341857b74
PID    : 225
I/O    : uncollated
Case   : /simulation/on-caso-4/solid
nProcs : 1
trapFpe: Floating point exception trapping enabled (FOAM_SIGFPE).
memory pool : not available
fileModificationChecking : Monitoring run-time modified files using timeStampMaster (fileModificationSkew 5, maxFileModificationPolls 20)
allowSystemOperations : Allowing user-supplied system call operations

// * * * * * * * * * * * * * * * * * * * * * * * * * * * * * * * * * * * * * //
Create time

--> FOAM Warning : 
    From void* Foam::dlLibraryTable::openLibrary(const Foam::fileName&, bool)
    in file db/dynamicLibrary/dlLibraryTable/dlLibraryTable.C at line 188
    Could not load "$FOAM_CASE/../src/elasticFoundation/libsolidTractionElasticFoundation.so"
/simulation/on-caso-4/solid/../src/elasticFoundation/libsolidTractionElasticFoundation.so: cannot open shared object file: No such file or directory
Create polyMesh for time = 0

Reading topoSetDict_contact

Time = 0
    mesh not changed.
Created faceSet contact_local
    Applying source patchToFace
--> FOAM IOWarning :
    Found [v1806] 'name' entry instead of 'patch' in dictionary "system/topoSetDict_contact/actions/sourceInfo"

    This keyword is 90 months old.

    Adding all faces of patches: (dura_outer) ...
    Found matching patch dura_outer with 960 faces
    faceSet contact_local now size 960
Read set faceSet contact_local size:960
    Applying source boxToFace
    Adding faces with centre within boxes 1((0.0023941 -0.00053702 0.01484) (0.0026 0.00053702 0.03016))
    faceSet contact_local now size 40

End

/*---------------------------------------------------------------------------*\
| =========                 |                                                 |
| \\      /  F ield         | OpenFOAM: The Open Source CFD Toolbox           |
|  \\    /   O peration     | Version:  2512                                  |
|   \\  /    A nd           | Website:  www.openfoam.com                      |
|    \\/     M anipulation  |                                                 |
\*---------------------------------------------------------------------------*/
Build  : _bd2b6720-20260127 OPENFOAM=2512 version=2512
Arch   : "LSB;label=32;scalar=64"
Exec   : createPatch -overwrite -dict system/createPatchDict_contact
Date   : Jun 06 2026
Time   : 19:18:41
Host   : 5bd341857b74
PID    : 227
I/O    : uncollated
Case   : /simulation/on-caso-4/solid
nProcs : 1
trapFpe: Floating point exception trapping enabled (FOAM_SIGFPE).
memory pool : not available
fileModificationChecking : Monitoring run-time modified files using timeStampMaster (fileModificationSkew 5, maxFileModificationPolls 20)
allowSystemOperations : Allowing user-supplied system call operations

// * * * * * * * * * * * * * * * * * * * * * * * * * * * * * * * * * * * * * //
Create time

--> FOAM Warning : 
    From void* Foam::dlLibraryTable::openLibrary(const Foam::fileName&, bool)
    in file db/dynamicLibrary/dlLibraryTable/dlLibraryTable.C at line 188
    Could not load "$FOAM_CASE/../src/elasticFoundation/libsolidTractionElasticFoundation.so"
/simulation/on-caso-4/solid/../src/elasticFoundation/libsolidTractionElasticFoundation.so: cannot open shared object file: No such file or directory
Create mesh for time = 0

Reading "system/createPatchDict_contact"



Adding patches to mesh region0

Adding new patch contact_local from 
{
    type            wall;
    nFaces          0;
    startFace       0;
}




Repatching mesh region0

Read 40 faces from faceSet contact_local
Doing topology modification to order faces.

Not synchronising points.

Removing patches with no faces in them.



Writing repatched mesh region0 to 0

End

=== on-caso-4 (CCX): polyMesh -> CalculiX .inp  [k_winkler=2000000 Pa/m] ===
[1/5] Lendo polyMesh em ../solid/constant/polyMesh
      nodes=29425, faces=84672, cells=27648, patches=9, zones=['on', 'pia', 'sas', 'dura', 'lc', 'sclera_peri', 'sclera_ring', 'globo']
[2/5] Reconstruindo conectividade C3D8 (27648 celulas)
      OK
[3/5] Escrevendo malha em on-caso-4_mesh.inp
      DURA_INNER_SURF: 960 faces (interface dura<->sas)
[4/5] Escrevendo Winkler em on-caso-4_winkler.inp
[5/5] Concluido. Total: 29425 nodes, 27648 hex C3D8I.
=== on-caso-4 (CCX): P_CONTACT = 18068.0 Pa (arteria) | P_CSF = 3800 Pa (inchaco) ===
221:CONTACT_LOCAL_SURF, P, 18068.0
237:DURA_INNER_SURF, P, 3800
=== on-caso-4 (CCX): solver ccx_preCICE -i on-caso-4  [tag=S2_upper_meshmed] ===

************************************************************

CalculiX Version 2.20, Copyright(C) 1998-2022 Guido Dhondt
CalculiX comes with ABSOLUTELY NO WARRANTY. This is free
software, and you are welcome to redistribute it under
certain conditions, see gpl.htm

************************************************************

You are using an executable made on Sun Jul 31 18:08:37 CEST 2022

  The numbers below are estimated upper bounds

  number of:

   nodes:       113347
   elements:        28626
   one-dimensional elements:            0
   two-dimensional elements:            0
   integration points per element:            8
   degrees of freedom per node:            3
   layers per element:            1

   distributed facial loads:         1000
   distributed volumetric loads:            0
   concentrated loads:            0
   single point constraints:         9251
   multiple point constraints:            1
   terms in all multiple point constraints:            1
   tie constraints:            0
   dependent nodes tied by cyclic constraints:            0
   dependent nodes in pre-tension constraints:            0

   sets:         1007
   terms in all sets:        96689

   materials:          986
   constants per material and temperature:            9
   temperature points per material:            1
   plastic data points per material:            0

   orientations:            1
   amplitudes:            5
   data points in all amplitudes:            5
   print requests:            8
   transformations:            0
   property cards:            0

 *INFO reading *HYPERELASTIC: nonlinear geometric
       effects are turned on

 *INFO reading *HYPERELASTIC: nonlinear geometric
       effects are turned on

 *INFO reading *HYPERELASTIC: nonlinear geometric
       effects are turned on

 *INFO reading *HYPERELASTIC: nonlinear geometric
       effects are turned on

 *INFO reading *HYPERELASTIC: nonlinear geometric
       effects are turned on

 *INFO reading *HYPERELASTIC: nonlinear geometric
       effects are turned on

 *INFO reading *HYPERELASTIC: nonlinear geometric
       effects are turned on

 *INFO reading *STEP: nonlinear geometric
       effects are turned on

 *WARNING reading *STATIC: parameter not recognized:
          RIKS
 *WARNING reading *STATIC. Card image:
          *STATIC,RIKS

 *WARNING reading *STATIC:
          the minimum increment    1.0000000000000001E-009
          is smaller then 1.e-6 times the 
          step time;
          the minimum increment is changed
          to    9.9999999999999995E-007
          which is the minimum of the initial
          increment time and 1.e-6 times the step time

 *INFO: field control parameters set to:
        ran =    5.0000000000000001E-003
        can =    2.0000000000000000E-002
        qa0 =    0.0000000000000000     
        qau =   0.10000000000000001     
        rap =    2.0000000000000000E-002
         ea =    1.0000000000000001E-005
        cae =    1.0000000000000000E-003
        ral =    1.0000000000000000E-008

 STEP            1

 Static analysis was selected

 Nonlinear material laws are taken into account

 Newton-Raphson iterative procedure is active

 Nonlinear geometric effects are taken into account

 Decascading the MPC's

 Determining the structure of the matrix:
 Using up to 4 cpu(s) for setting up the structure of the matrix.
 number of equations
 331222
 number of nonzero lower triangular matrix elements
 9903246

 increment 1 attempt 1 
 increment size= 5.000000e-03
 sum of previous increments=0.000000e+00
 actual step time=5.000000e-03
 actual total time=5.000000e-03

 iteration 1

 Using up to 4 cpu(s) for the stress calculation.

 Using up to 4 cpu(s) for the symmetric stiffness/mass contributions.

 Factoring the system of equations using the symmetric spooles solver
 Using up to 4 cpu(s) for spooles.

 Using up to 4 cpu(s) for the stress calculation.

 average force= 0.000000
 time avg. forc= 0.100000
 largest residual force= 0.000053 in node 23073 and dof 1
 largest increment of disp= 1.238789e-05
 largest correction to disp= 1.238789e-05 in node 23078 and dof 1

 no convergence

 iteration 2

 Using up to 4 cpu(s) for the symmetric stiffness/mass contributions.

 Factoring the system of equations using the symmetric spooles solver
 Using up to 4 cpu(s) for spooles.

 Using up to 4 cpu(s) for the stress calculation.

 average force= 0.000000
 time avg. forc= 0.100000
 largest residual force= 0.000000 in node 15899 and dof 1
 largest increment of disp= 1.238789e-05
 largest correction to disp= 2.125807e-06 in node 23052 and dof 1

 convergence

 increment 2 attempt 1 
 increment size= 5.000000e-03
 sum of previous increments=5.000000e-03
 actual step time=1.000000e-02
 actual total time=1.000000e-02

 iteration 1

 Using up to 4 cpu(s) for the stress calculation.

 Using up to 4 cpu(s) for the symmetric stiffness/mass contributions.

 Factoring the system of equations using the symmetric spooles solver
 Using up to 4 cpu(s) for spooles.

 Using up to 4 cpu(s) for the stress calculation.

 average force= 0.000001
 time avg. forc= 0.100000
 largest residual force= 0.000000 in node 15899 and dof 1
 largest increment of disp= 1.026280e-05
 largest correction to disp= 1.210997e-06 in node 23052 and dof 1

 no convergence

 iteration 2

 Using up to 4 cpu(s) for the symmetric stiffness/mass contributions.

 Factoring the system of equations using the symmetric spooles solver
 Using up to 4 cpu(s) for spooles.

 Using up to 4 cpu(s) for the stress calculation.

 average force= 0.000001
 time avg. forc= 0.100000
 largest residual force= 0.000000 in node 23835 and dof 3
 largest increment of disp= 1.026280e-05
 largest correction to disp= 1.468879e-08 in node 21414 and dof 1

 convergence; the increment size is increased to 7.500000e-03

 increment 3 attempt 1 
 increment size= 7.500000e-03
 sum of previous increments=1.000000e-02
 actual step time=1.750000e-02
 actual total time=1.750000e-02

 iteration 1

 Using up to 4 cpu(s) for the stress calculation.

 Using up to 4 cpu(s) for the symmetric stiffness/mass contributions.

 Factoring the system of equations using the symmetric spooles solver
 Using up to 4 cpu(s) for spooles.

 Using up to 4 cpu(s) for the stress calculation.

 average force= 0.000001
 time avg. forc= 0.100000
 largest residual force= 0.000000 in node 23111 and dof 1
 largest increment of disp= 1.360531e-05
 largest correction to disp= 1.042828e-07 in node 21414 and dof 1

 no convergence

 iteration 2

 Using up to 4 cpu(s) for the symmetric stiffness/mass contributions.

 Factoring the system of equations using the symmetric spooles solver
 Using up to 4 cpu(s) for spooles.

 Using up to 4 cpu(s) for the stress calculation.

 average force= 0.000001
 time avg. forc= 0.100000
 largest residual force= 0.000000 in node 23111 and dof 1
 largest increment of disp= 1.360531e-05
 largest correction to disp= 4.491470e-10 in node 23104 and dof 1

