 Container myopenfoam-fsi-run-fbc35a2045fd Creating 
 Container myopenfoam-fsi-run-fbc35a2045fd Created 
=== on-caso-2g (CCX): polyMesh -> CalculiX .inp  [k_winkler=200000 Pa/m] ===
[1/5] Lendo polyMesh em ../solid/constant/polyMesh
      nodes=5317, faces=14796, cells=4752, patches=9, zones=['on', 'pia', 'sas', 'dura', 'lc', 'sclera_peri', 'sclera_ring', 'globo']
[2/5] Reconstruindo conectividade C3D8 (4752 celulas)
      OK
[3/5] Escrevendo malha em on-caso-2_mesh.inp
      DURA_INNER_SURF: 240 faces (interface dura<->sas)
[4/5] Escrevendo Winkler em on-caso-2_winkler.inp (dura_outer + perturbation_strip = 240 faces, UNIFORME)
[5/5] Concluido. Total: 5317 nodes, 4752 hex C3D8I.
=== on-caso-2g (CCX): solver ccx_preCICE -i on-caso-2  [tag=k200k] ===

************************************************************

CalculiX Version 2.20, Copyright(C) 1998-2022 Guido Dhondt
CalculiX comes with ABSOLUTELY NO WARRANTY. This is free
software, and you are welcome to redistribute it under
certain conditions, see gpl.htm

************************************************************

You are using an executable made on Sun Jul 31 18:08:37 CEST 2022

  The numbers below are estimated upper bounds

  number of:

   nodes:        19837
   elements:         5016
   one-dimensional elements:            0
   two-dimensional elements:            0
   integration points per element:            8
   degrees of freedom per node:            3
   layers per element:            1

   distributed facial loads:          240
   distributed volumetric loads:            0
   concentrated loads:          409
   single point constraints:         3462
   multiple point constraints:            1
   terms in all multiple point constraints:            1
   tie constraints:            0
   dependent nodes tied by cyclic constraints:            0
   dependent nodes in pre-tension constraints:            0

   sets:          293
   terms in all sets:        18496

   materials:          272
   constants per material and temperature:            9
   temperature points per material:            1
   plastic data points per material:            0

   orientations:            1
   amplitudes:            7
   data points in all amplitudes:           10
   print requests:            8
   transformations:            0
   property cards:            0

 *INFO reading *HYPERELASTIC: nonlinear geometric
       effects are turned on

 *INFO reading *HYPERELASTIC: nonlinear geometric
       effects are turned on

 *INFO reading *HYPERELASTIC: nonlinear geometric
       effects are turned on

 *INFO reading *HYPERELASTIC: nonlinear geometric
       effects are turned on

 *INFO reading *HYPERELASTIC: nonlinear geometric
       effects are turned on

 *INFO reading *HYPERELASTIC: nonlinear geometric
       effects are turned on

 *INFO reading *HYPERELASTIC: nonlinear geometric
       effects are turned on

 *INFO reading *STEP: nonlinear geometric
       effects are turned on

 *WARNING reading *STATIC: parameter not recognized:
          RIKS
 *WARNING reading *STATIC. Card image:
          *STATIC,RIKS


 STEP            1

 Static analysis was selected

 Nonlinear material laws are taken into account

 Newton-Raphson iterative procedure is active

 Nonlinear geometric effects are taken into account

 Decascading the MPC's

 Determining the structure of the matrix:
 Using up to 1 cpu(s) for setting up the structure of the matrix.
 number of equations
 56265
 number of nonzero lower triangular matrix elements
 1607559

 increment 1 attempt 1 
 increment size= 2.500000e-02
 sum of previous increments=0.000000e+00
 actual step time=2.500000e-02
 actual total time=2.500000e-02

 iteration 1

 Using up to 1 cpu(s) for the stress calculation.

 Using up to 1 cpu(s) for the symmetric stiffness/mass contributions.

 Factoring the system of equations using the symmetric spooles solver
 Using up to 1 cpu(s) for spooles.

 Using up to 1 cpu(s) for the stress calculation.

 average force= 0.000006
 time avg. forc= 0.000006
 largest residual force= 0.000074 in node 2305 and dof 1
 largest increment of disp= 3.749433e-05
 largest correction to disp= 3.749433e-05 in node 4757 and dof 3

 no convergence

 iteration 2

 Using up to 1 cpu(s) for the symmetric stiffness/mass contributions.

 Factoring the system of equations using the symmetric spooles solver
 Using up to 1 cpu(s) for spooles.

 Using up to 1 cpu(s) for the stress calculation.

 average force= 0.000006
 time avg. forc= 0.000006
 largest residual force= 0.000000 in node 3380 and dof 1
 largest increment of disp= 3.749433e-05
 largest correction to disp= 8.178640e-07 in node 4209 and dof 3

 convergence

 increment 2 attempt 1 
 increment size= 2.500000e-02
 sum of previous increments=2.500000e-02
 actual step time=5.000000e-02
 actual total time=5.000000e-02

 iteration 1

 Using up to 1 cpu(s) for the stress calculation.

 Using up to 1 cpu(s) for the symmetric stiffness/mass contributions.

 Factoring the system of equations using the symmetric spooles solver
 Using up to 1 cpu(s) for spooles.

 Using up to 1 cpu(s) for the stress calculation.

 average force= 0.000013
 time avg. forc= 0.000009
 largest residual force= 0.000000 in node 3743 and dof 1
 largest increment of disp= 3.749456e-05
 largest correction to disp= 1.625694e-07 in node 16971 and dof 1

 no convergence

 iteration 2

 Using up to 1 cpu(s) for the symmetric stiffness/mass contributions.

 Factoring the system of equations using the symmetric spooles solver
 Using up to 1 cpu(s) for spooles.

 Using up to 1 cpu(s) for the stress calculation.

 average force= 0.000013
 time avg. forc= 0.000009
 largest residual force= 0.000000 in node 2155 and dof 1
 largest increment of disp= 3.749456e-05
 largest correction to disp= 8.328911e-11 in node 11423 and dof 1

 convergence; the increment size is increased to 3.750000e-02

 increment 3 attempt 1 
 increment size= 3.750000e-02
 sum of previous increments=5.000000e-02
 actual step time=8.750000e-02
 actual total time=8.750000e-02

 iteration 1

 Using up to 1 cpu(s) for the stress calculation.

 Using up to 1 cpu(s) for the symmetric stiffness/mass contributions.

 Factoring the system of equations using the symmetric spooles solver
 Using up to 1 cpu(s) for spooles.

 Using up to 1 cpu(s) for the stress calculation.

 average force= 0.000022
 time avg. forc= 0.000014
 largest residual force= 0.000000 in node 3920 and dof 2
 largest increment of disp= 5.624218e-05
 largest correction to disp= 4.416427e-07 in node 16257 and dof 1

 no convergence

 iteration 2

 Using up to 1 cpu(s) for the symmetric stiffness/mass contributions.

 Factoring the system of equations using the symmetric spooles solver
 Using up to 1 cpu(s) for spooles.

 Using up to 1 cpu(s) for the stress calculation.

 average force= 0.000022
 time avg. forc= 0.000014
 largest residual force= 0.000000 in node 2305 and dof 1
 largest increment of disp= 5.624218e-05
 largest correction to disp= 1.092337e-09 in node 11078 and dof 1

 convergence; the increment size is increased to 5.625000e-02

 the increment size exceeds the maximum allowed and is decreased to 5.000000e-02

 increment 4 attempt 1 
 increment size= 5.000000e-02
 sum of previous increments=8.750000e-02
 actual step time=1.375000e-01
 actual total time=1.375000e-01

 iteration 1

 Using up to 1 cpu(s) for the stress calculation.

 Using up to 1 cpu(s) for the symmetric stiffness/mass contributions.

 Factoring the system of equations using the symmetric spooles solver
 Using up to 1 cpu(s) for spooles.

 Using up to 1 cpu(s) for the stress calculation.

 average force= 0.000036
 time avg. forc= 0.000019
 largest residual force= 0.000009 in node 3545 and dof 2
 largest increment of disp= 7.499028e-05
 largest correction to disp= 1.497520e-06 in node 17331 and dof 2

 no convergence

 iteration 2

 Using up to 1 cpu(s) for the symmetric stiffness/mass contributions.

 Factoring the system of equations using the symmetric spooles solver
 Using up to 1 cpu(s) for spooles.

 Using up to 1 cpu(s) for the stress calculation.

 average force= 0.000036
 time avg. forc= 0.000019
 largest residual force= 0.000000 in node 2370 and dof 2
 largest increment of disp= 7.499028e-05
 largest correction to disp= 7.164993e-08 in node 11654 and dof 2

 convergence; the increment size is increased to 7.500000e-02

 the increment size exceeds the maximum allowed and is decreased to 5.000000e-02

 increment 5 attempt 1 
 increment size= 5.000000e-02
 sum of previous increments=1.375000e-01
 actual step time=1.875000e-01
 actual total time=1.875000e-01

 iteration 1

 Using up to 1 cpu(s) for the stress calculation.

 Using up to 1 cpu(s) for the symmetric stiffness/mass contributions.

 Factoring the system of equations using the symmetric spooles solver
 Using up to 1 cpu(s) for spooles.

 Using up to 1 cpu(s) for the stress calculation.

 average force= 0.000054
 time avg. forc= 0.000026
 largest residual force= 0.000129 in node 2251 and dof 2
 largest increment of disp= 7.499156e-05
 largest correction to disp= 4.248134e-06 in node 16977 and dof 1

 no convergence

 iteration 2

 Using up to 1 cpu(s) for the symmetric stiffness/mass contributions.

 Factoring the system of equations using the symmetric spooles solver
 Using up to 1 cpu(s) for spooles.

 Using up to 1 cpu(s) for the stress calculation.

 average force= 0.000054
 time avg. forc= 0.000026
 largest residual force= 0.000011 in node 2370 and dof 2
 largest increment of disp= 7.499156e-05
 largest correction to disp= 5.463957e-07 in node 11654 and dof 2

 no convergence

 iteration 3

 Using up to 1 cpu(s) for the symmetric stiffness/mass contributions.

 Factoring the system of equations using the symmetric spooles solver
 Using up to 1 cpu(s) for spooles.

 Using up to 1 cpu(s) for the stress calculation.

 average force= 0.000054
 time avg. forc= 0.000026
 largest residual force= 0.000000 in node 2311 and dof 1
 largest increment of disp= 7.499156e-05
 largest correction to disp= 2.689837e-08 in node 11297 and dof 2

 convergence; the increment size is increased to 7.500000e-02

 the increment size exceeds the maximum allowed and is decreased to 5.000000e-02

 Using up to 1 cpu(s) for the stress calculation.

 increment 6 attempt 1 
 increment size= 5.000000e-02
 sum of previous increments=1.875000e-01
 actual step time=2.375000e-01
 actual total time=2.375000e-01

 iteration 1

 Using up to 1 cpu(s) for the stress calculation.

 Using up to 1 cpu(s) for the symmetric stiffness/mass contributions.

 Factoring the system of equations using the symmetric spooles solver
 Using up to 1 cpu(s) for spooles.

 Using up to 1 cpu(s) for the stress calculation.

 average force= 0.000094
 time avg. forc= 0.000037
 largest residual force= 0.001625 in node 3920 and dof 2
 largest increment of disp= 7.501480e-05
 largest correction to disp= 2.012291e-05 in node 17337 and dof 2

 no convergence

 iteration 2

 Using up to 1 cpu(s) for the symmetric stiffness/mass contributions.

 Factoring the system of equations using the symmetric spooles solver
 Using up to 1 cpu(s) for spooles.

 Using up to 1 cpu(s) for the stress calculation.

 average force= 0.000093
 time avg. forc= 0.000037
 largest residual force= 0.002457 in node 4475 and dof 2
 largest increment of disp= 7.501480e-05
 largest correction to disp= 2.399569e-05 in node 17369 and dof 2

 no convergence

 iteration 3

 Using up to 1 cpu(s) for the symmetric stiffness/mass contributions.

 Factoring the system of equations using the symmetric spooles solver
 Using up to 1 cpu(s) for spooles.

 Using up to 1 cpu(s) for the stress calculation.

 average force= 0.000115
 time avg. forc= 0.000041
 largest residual force= 0.004615 in node 4091 and dof 1
 largest increment of disp= 7.501480e-05
 largest correction to disp= 3.289780e-05 in node 16289 and dof 1

 no convergence

 iteration 4

 Using up to 1 cpu(s) for the symmetric stiffness/mass contributions.

 Factoring the system of equations using the symmetric spooles solver
 Using up to 1 cpu(s) for spooles.

 Using up to 1 cpu(s) for the stress calculation.

 average force= 0.000111
 time avg. forc= 0.000040
 largest residual force= 0.000133 in node 4347 and dof 1
 largest increment of disp= 7.501480e-05
 largest correction to disp= 5.546951e-06 in node 17015 and dof 1

 no convergence

 iteration 5

 Using up to 1 cpu(s) for the symmetric stiffness/mass contributions.

 Factoring the system of equations using the symmetric spooles solver
 Using up to 1 cpu(s) for spooles.

 Using up to 1 cpu(s) for the stress calculation.

 average force= 0.000115
 time avg. forc= 0.000041
 largest residual force= 0.000196 in node 4091 and dof 1
 largest increment of disp= 7.501480e-05
 largest correction to disp= 6.798109e-06 in node 16295 and dof 1

 no convergence

 iteration 6

 Using up to 1 cpu(s) for the symmetric stiffness/mass contributions.

 Factoring the system of equations using the symmetric spooles solver
 Using up to 1 cpu(s) for spooles.

 Using up to 1 cpu(s) for the stress calculation.

 average force= 0.000114
 time avg. forc= 0.000041
 largest residual force= 0.000004 in node 4091 and dof 1
 largest increment of disp= 7.501480e-05
 largest correction to disp= 9.209062e-07 in node 16289 and dof 1

 no convergence

 iteration 7

 Using up to 1 cpu(s) for the symmetric stiffness/mass contributions.

 Factoring the system of equations using the symmetric spooles solver
 Using up to 1 cpu(s) for spooles.

 Using up to 1 cpu(s) for the stress calculation.

 average force= 0.000114
 time avg. forc= 0.000041
 largest residual force= 0.000000 in node 4359 and dof 1
 largest increment of disp= 7.501480e-05
 largest correction to disp= 6.403771e-08 in node 16649 and dof 2

 convergence

 increment 7 attempt 1 
 increment size= 5.000000e-02
 sum of previous increments=2.375000e-01
 actual step time=2.875000e-01
 actual total time=2.875000e-01

 iteration 1

 Using up to 1 cpu(s) for the stress calculation.

 Using up to 1 cpu(s) for the symmetric stiffness/mass contributions.

 Factoring the system of equations using the symmetric spooles solver
 Using up to 1 cpu(s) for spooles.

 Using up to 1 cpu(s) for the stress calculation.

 average force= 0.000197
 time avg. forc= 0.000063
 largest residual force= 0.000553 in node 4359 and dof 1
 largest increment of disp= 7.663478e-05
 largest correction to disp= 1.020340e-05 in node 4321 and dof 3

 no convergence

 iteration 2

 Using up to 1 cpu(s) for the symmetric stiffness/mass contributions.

 Factoring the system of equations using the symmetric spooles solver
 Using up to 1 cpu(s) for spooles.

 Using up to 1 cpu(s) for the stress calculation.

 average force= 0.000209
 time avg. forc= 0.000065
 largest residual force= 0.000674 in node 4475 and dof 2
 largest increment of disp= 7.663478e-05
 largest correction to disp= 1.248886e-05 in node 16289 and dof 1

 no convergence

 iteration 3

 Using up to 1 cpu(s) for the symmetric stiffness/mass contributions.

 Factoring the system of equations using the symmetric spooles solver
 Using up to 1 cpu(s) for spooles.

 Using up to 1 cpu(s) for the stress calculation.

 average force= 0.000207
 time avg. forc= 0.000065
 largest residual force= 0.000007 in node 4091 and dof 1
 largest increment of disp= 7.663478e-05
 largest correction to disp= 1.332429e-06 in node 16289 and dof 1

 no convergence

 iteration 4

 Using up to 1 cpu(s) for the symmetric stiffness/mass contributions.

 Factoring the system of equations using the symmetric spooles solver
 Using up to 1 cpu(s) for spooles.

 Using up to 1 cpu(s) for the stress calculation.

 average force= 0.000207
 time avg. forc= 0.000065
 largest residual force= 0.000000 in node 4227 and dof 2
 largest increment of disp= 7.663478e-05
 largest correction to disp= 4.899673e-08 in node 17369 and dof 2

 convergence

 increment 8 attempt 1 
 increment size= 5.000000e-02
 sum of previous increments=2.875000e-01
 actual step time=3.375000e-01
 actual total time=3.375000e-01

 iteration 1

 Using up to 1 cpu(s) for the stress calculation.

 Using up to 1 cpu(s) for the symmetric stiffness/mass contributions.

 Factoring the system of equations using the symmetric spooles solver
 Using up to 1 cpu(s) for spooles.

 Using up to 1 cpu(s) for the stress calculation.

 average force= 0.000285
 time avg. forc= 0.000092
 largest residual force= 0.001422 in node 4475 and dof 2
 largest increment of disp= 8.086485e-05
 largest correction to disp= 1.737804e-05 in node 16289 and dof 1

 no convergence

 iteration 2

 Using up to 1 cpu(s) for the symmetric stiffness/mass contributions.

 Factoring the system of equations using the symmetric spooles solver
 Using up to 1 cpu(s) for spooles.

 Using up to 1 cpu(s) for the stress calculation.

 average force= 0.000269
 time avg. forc= 0.000090
 largest residual force= 0.001061 in node 4475 and dof 2
 largest increment of disp= 8.086485e-05
 largest correction to disp= 1.572147e-05 in node 16685 and dof 2

 no convergence

 iteration 3

 Using up to 1 cpu(s) for the symmetric stiffness/mass contributions.

 Factoring the system of equations using the symmetric spooles solver
 Using up to 1 cpu(s) for spooles.

 Using up to 1 cpu(s) for the stress calculation.

 average force= 0.000267
 time avg. forc= 0.000090
 largest residual force= 0.000025 in node 4227 and dof 2
 largest increment of disp= 8.086485e-05
 largest correction to disp= 2.428305e-06 in node 16649 and dof 2

 no convergence

 iteration 4

 Using up to 1 cpu(s) for the symmetric stiffness/mass contributions.

 Factoring the system of equations using the symmetric spooles solver
 Using up to 1 cpu(s) for spooles.

 Using up to 1 cpu(s) for the stress calculation.

 average force= 0.000267
 time avg. forc= 0.000090
 largest residual force= 0.000000 in node 4359 and dof 1
 largest increment of disp= 8.086485e-05
 largest correction to disp= 9.703301e-08 in node 17375 and dof 2

 convergence; the increment size is increased to 7.500000e-02

 the increment size exceeds the maximum allowed and is decreased to 5.000000e-02

 increment 9 attempt 1 
 increment size= 5.000000e-02
 sum of previous increments=3.375000e-01
 actual step time=3.875000e-01
 actual total time=3.875000e-01

 iteration 1

 Using up to 1 cpu(s) for the stress calculation.

 Using up to 1 cpu(s) for the symmetric stiffness/mass contributions.

 Factoring the system of equations using the symmetric spooles solver
 Using up to 1 cpu(s) for spooles.

 Using up to 1 cpu(s) for the stress calculation.

 average force= 0.000317
 time avg. forc= 0.000115
 largest residual force= 0.000256 in node 4091 and dof 1
 largest increment of disp= 7.632504e-05
 largest correction to disp= 1.574196e-05 in node 15783 and dof 2

 no convergence

 iteration 2

 Using up to 1 cpu(s) for the symmetric stiffness/mass contributions.

 Factoring the system of equations using the symmetric spooles solver
 Using up to 1 cpu(s) for spooles.

 Using up to 1 cpu(s) for the stress calculation.

 average force= 0.000315
 time avg. forc= 0.000115
 largest residual force= 0.000024 in node 4383 and dof 1
 largest increment of disp= 7.632504e-05
 largest correction to disp= 2.337215e-06 in node 17081 and dof 1

 no convergence

 iteration 3

 Using up to 1 cpu(s) for the symmetric stiffness/mass contributions.

 Factoring the system of equations using the symmetric spooles solver
 Using up to 1 cpu(s) for spooles.

 Using up to 1 cpu(s) for the stress calculation.

 average force= 0.000315
 time avg. forc= 0.000115
 largest residual force= 0.000000 in node 4359 and dof 1
 largest increment of disp= 7.632504e-05
 largest correction to disp= 4.428423e-08 in node 16691 and dof 2

 convergence; the increment size is increased to 7.500000e-02

 the increment size exceeds the maximum allowed and is decreased to 5.000000e-02

 increment 10 attempt 1 
 increment size= 5.000000e-02
 sum of previous increments=3.875000e-01
 actual step time=4.375000e-01
 actual total time=4.375000e-01

 iteration 1

 Using up to 1 cpu(s) for the stress calculation.

 Using up to 1 cpu(s) for the symmetric stiffness/mass contributions.

 Factoring the system of equations using the symmetric spooles solver
 Using up to 1 cpu(s) for spooles.

 Using up to 1 cpu(s) for the stress calculation.

 average force= 0.000365
 time avg. forc= 0.000140
 largest residual force= 0.000692 in node 2523 and dof 1
 largest increment of disp= 9.284368e-04
 largest correction to disp= 9.284368e-04 in node 11994 and dof 1

 no convergence

 iteration 2

 Using up to 1 cpu(s) for the symmetric stiffness/mass contributions.

 Factoring the system of equations using the symmetric spooles solver
 Using up to 1 cpu(s) for spooles.

 Using up to 1 cpu(s) for the stress calculation.

 average force= 0.000358
 time avg. forc= 0.000139
 largest residual force= 0.000174 in node 2494 and dof 3
 largest increment of disp= 9.284368e-04
 largest correction to disp= 2.744046e-04 in node 11994 and dof 1

 no convergence

 iteration 3

 Using up to 1 cpu(s) for the symmetric stiffness/mass contributions.

 Factoring the system of equations using the symmetric spooles solver
 Using up to 1 cpu(s) for spooles.

 Using up to 1 cpu(s) for the stress calculation.

 average force= 0.000357
 time avg. forc= 0.000139
 largest residual force= 0.000054 in node 2923 and dof 3
 largest increment of disp= 9.284368e-04
 largest correction to disp= 2.182705e-04 in node 13074 and dof 1

 no convergence

 iteration 4

 Using up to 1 cpu(s) for the symmetric stiffness/mass contributions.

 Factoring the system of equations using the symmetric spooles solver
 Using up to 1 cpu(s) for spooles.

 Using up to 1 cpu(s) for the stress calculation.

 average force= 0.000357
 time avg. forc= 0.000139
 largest residual force= 0.000016 in node 2512 and dof 3
 largest increment of disp= 9.284368e-04
 largest correction to disp= 1.305025e-04 in node 11994 and dof 1

 no convergence

 iteration 5

 Using up to 1 cpu(s) for the symmetric stiffness/mass contributions.

 Factoring the system of equations using the symmetric spooles solver
 Using up to 1 cpu(s) for spooles.

 Using up to 1 cpu(s) for the stress calculation.

 average force= 0.000478
 time avg. forc= 0.000151
 largest residual force= 0.005764 in node 302 and dof 1
 largest increment of disp= 9.284368e-04
 largest correction to disp= 2.188089e-04 in node 7299 and dof 1

 no convergence

 iteration 6

 Using up to 1 cpu(s) for the symmetric stiffness/mass contributions.

 Factoring the system of equations using the symmetric spooles solver
 Using up to 1 cpu(s) for spooles.

 Using up to 1 cpu(s) for the stress calculation.

 average force= 0.000377
 time avg. forc= 0.000141
 largest residual force= 0.000652 in node 1991 and dof 2
 largest increment of disp= 9.284368e-04
 largest correction to disp= 9.946248e-05 in node 12003 and dof 1

 divergence; the increment size is decreased to 1.250000e-02
 the increment is reattempted

 increment 10 attempt 2 
 increment size= 1.250000e-02
 sum of previous increments=3.875000e-01
 actual step time=4.000000e-01
 actual total time=4.000000e-01

 iteration 1

 Using up to 1 cpu(s) for the stress calculation.

 Using up to 1 cpu(s) for the symmetric stiffness/mass contributions.

 Factoring the system of equations using the symmetric spooles solver
 Using up to 1 cpu(s) for spooles.

 Using up to 1 cpu(s) for the stress calculation.

 average force= 0.000326
 time avg. forc= 0.000136
 largest residual force= 0.000004 in node 4359 and dof 1
 largest increment of disp= 1.897208e-05
 largest correction to disp= 4.691623e-06 in node 13074 and dof 1

 no convergence

 iteration 2

 Using up to 1 cpu(s) for the symmetric stiffness/mass contributions.

 Factoring the system of equations using the symmetric spooles solver
 Using up to 1 cpu(s) for spooles.

 Using up to 1 cpu(s) for the stress calculation.

 average force= 0.000326
 time avg. forc= 0.000136
 largest residual force= 0.000000 in node 342 and dof 2
 largest increment of disp= 1.897208e-05
 largest correction to disp= 4.944044e-07 in node 10518 and dof 2

 convergence

 Using up to 1 cpu(s) for the stress calculation.

 increment 11 attempt 1 
 increment size= 1.250000e-02
 sum of previous increments=4.000000e-01
 actual step time=4.125000e-01
 actual total time=4.125000e-01

 iteration 1

 Using up to 1 cpu(s) for the stress calculation.

 Using up to 1 cpu(s) for the symmetric stiffness/mass contributions.

 Factoring the system of equations using the symmetric spooles solver
 Using up to 1 cpu(s) for spooles.

 Using up to 1 cpu(s) for the stress calculation.

 average force= 0.000337
 time avg. forc= 0.000154
 largest residual force= 0.000028 in node 336 and dof 1
 largest increment of disp= 1.893308e-05
 largest correction to disp= 1.502392e-05 in node 9384 and dof 1

 no convergence

 iteration 2

 Using up to 1 cpu(s) for the symmetric stiffness/mass contributions.

 Factoring the system of equations using the symmetric spooles solver
 Using up to 1 cpu(s) for spooles.

 Using up to 1 cpu(s) for the stress calculation.

 average force= 0.000337
 time avg. forc= 0.000154
 largest residual force= 0.000000 in node 296 and dof 2
 largest increment of disp= 1.893308e-05
 largest correction to disp= 1.154536e-06 in node 10572 and dof 2

 convergence; the increment size is increased to 1.875000e-02

 increment 12 attempt 1 
 increment size= 1.875000e-02
 sum of previous increments=4.125000e-01
 actual step time=4.312500e-01
 actual total time=4.312500e-01

 iteration 1

 Using up to 1 cpu(s) for the stress calculation.

 Using up to 1 cpu(s) for the symmetric stiffness/mass contributions.

 Factoring the system of equations using the symmetric spooles solver
 Using up to 1 cpu(s) for spooles.

 Using up to 1 cpu(s) for the stress calculation.

 average force= 0.000354
 time avg. forc= 0.000171
 largest residual force= 0.000000 in node 4371 and dof 1
 largest increment of disp= 2.864821e-05
 largest correction to disp= 6.962183e-06 in node 12534 and dof 2

 no convergence

 iteration 2

 Using up to 1 cpu(s) for the symmetric stiffness/mass contributions.

 Factoring the system of equations using the symmetric spooles solver
 Using up to 1 cpu(s) for spooles.

 Using up to 1 cpu(s) for the stress calculation.

 average force= 0.000353
 time avg. forc= 0.000171
 largest residual force= 0.000004 in node 1641 and dof 1
 largest increment of disp= 2.864821e-05
 largest correction to disp= 5.873107e-06 in node 9369 and dof 1

 no convergence

 iteration 3

 Using up to 1 cpu(s) for the symmetric stiffness/mass contributions.

 Factoring the system of equations using the symmetric spooles solver
 Using up to 1 cpu(s) for spooles.

 Using up to 1 cpu(s) for the stress calculation.

 average force= 0.000353
 time avg. forc= 0.000171
 largest residual force= 0.000000 in node 330 and dof 1
 largest increment of disp= 2.864821e-05
 largest correction to disp= 1.064746e-06 in node 10518 and dof 2

 convergence; the increment size is increased to 2.812500e-02

 increment 13 attempt 1 
 increment size= 2.812500e-02
 sum of previous increments=4.312500e-01
 actual step time=4.593750e-01
 actual total time=4.593750e-01

 iteration 1

 Using up to 1 cpu(s) for the stress calculation.

 Using up to 1 cpu(s) for the symmetric stiffness/mass contributions.

 Factoring the system of equations using the symmetric spooles solver
 Using up to 1 cpu(s) for spooles.

 Using up to 1 cpu(s) for the stress calculation.

 average force= 0.000377
 time avg. forc= 0.000187
 largest residual force= 0.000004 in node 4239 and dof 2
 largest increment of disp= 4.271602e-05
 largest correction to disp= 6.776646e-06 in node 15240 and dof 1

 no convergence

 iteration 2

 Using up to 1 cpu(s) for the symmetric stiffness/mass contributions.

 Factoring the system of equations using the symmetric spooles solver
 Using up to 1 cpu(s) for spooles.

 Using up to 1 cpu(s) for the stress calculation.

 average force= 0.000377
 time avg. forc= 0.000187
 largest residual force= 0.000002 in node 2001 and dof 2
 largest increment of disp= 4.271602e-05
 largest correction to disp= 4.603943e-06 in node 10539 and dof 2

 no convergence

 iteration 3

 Using up to 1 cpu(s) for the symmetric stiffness/mass contributions.

 Factoring the system of equations using the symmetric spooles solver
 Using up to 1 cpu(s) for spooles.

 Using up to 1 cpu(s) for the stress calculation.

 average force= 0.000377
 time avg. forc= 0.000187
 largest residual force= 0.000000 in node 336 and dof 1
 largest increment of disp= 4.271602e-05
 largest correction to disp= 4.903188e-07 in node 9438 and dof 1

 convergence; the increment size is increased to 4.218750e-02

 increment 14 attempt 1 
 increment size= 4.218750e-02
 sum of previous increments=4.593750e-01
 actual step time=5.015625e-01
 actual total time=5.015625e-01

 iteration 1

 Using up to 1 cpu(s) for the stress calculation.

 Using up to 1 cpu(s) for the symmetric stiffness/mass contributions.

 Factoring the system of equations using the symmetric spooles solver
 Using up to 1 cpu(s) for spooles.

 Using up to 1 cpu(s) for the stress calculation.

 average force= 0.000410
 time avg. forc= 0.000203
 largest residual force= 0.000012 in node 4105 and dof 1
 largest increment of disp= 6.386672e-05
 largest correction to disp= 1.336470e-05 in node 14691 and dof 2

 no convergence

 iteration 2

 Using up to 1 cpu(s) for the symmetric stiffness/mass contributions.

 Factoring the system of equations using the symmetric spooles solver
 Using up to 1 cpu(s) for spooles.

 Using up to 1 cpu(s) for the stress calculation.

 average force= 0.000409
 time avg. forc= 0.000203
 largest residual force= 0.000002 in node 2001 and dof 2
 largest increment of disp= 6.386672e-05
 largest correction to disp= 4.401755e-06 in node 8289 and dof 2

 no convergence

 iteration 3

 Using up to 1 cpu(s) for the symmetric stiffness/mass contributions.

 Factoring the system of equations using the symmetric spooles solver
 Using up to 1 cpu(s) for spooles.

 Using up to 1 cpu(s) for the stress calculation.

 average force= 0.000409
 time avg. forc= 0.000203
 largest residual force= 0.000000 in node 1617 and dof 1
 largest increment of disp= 6.386672e-05
 largest correction to disp= 3.427648e-07 in node 7209 and dof 1

 convergence; the increment size is increased to 6.328125e-02

 the increment size exceeds the maximum allowed and is decreased to 5.000000e-02

 increment 15 attempt 1 
 increment size= 5.000000e-02
 sum of previous increments=5.015625e-01
 actual step time=5.515625e-01
 actual total time=5.515625e-01

 iteration 1

 Using up to 1 cpu(s) for the stress calculation.

 Using up to 1 cpu(s) for the symmetric stiffness/mass contributions.

 Factoring the system of equations using the symmetric spooles solver
 Using up to 1 cpu(s) for spooles.

 Using up to 1 cpu(s) for the stress calculation.

 average force= 0.000446
 time avg. forc= 0.000219
 largest residual force= 0.000034 in node 2155 and dof 1
 largest increment of disp= 7.553384e-05
 largest correction to disp= 4.340069e-05 in node 14151 and dof 1

 no convergence

 iteration 2

 Using up to 1 cpu(s) for the symmetric stiffness/mass contributions.

 Factoring the system of equations using the symmetric spooles solver
 Using up to 1 cpu(s) for spooles.

 Using up to 1 cpu(s) for the stress calculation.

 average force= 0.000446
 time avg. forc= 0.000219
 largest residual force= 0.000000 in node 1998 and dof 2
 largest increment of disp= 7.553384e-05
 largest correction to disp= 3.994783e-06 in node 15780 and dof 2

 convergence; the increment size is increased to 7.500000e-02

 the increment size exceeds the maximum allowed and is decreased to 5.000000e-02

 Using up to 1 cpu(s) for the stress calculation.

 increment 16 attempt 1 
 increment size= 5.000000e-02
 sum of previous increments=5.515625e-01
 actual step time=6.015625e-01
 actual total time=6.015625e-01

 iteration 1

 Using up to 1 cpu(s) for the stress calculation.

 Using up to 1 cpu(s) for the symmetric stiffness/mass contributions.

 Factoring the system of equations using the symmetric spooles solver
 Using up to 1 cpu(s) for spooles.

 Using up to 1 cpu(s) for the stress calculation.

 average force= 0.000481
 time avg. forc= 0.000235
 largest residual force= 0.000112 in node 2355 and dof 2
 largest increment of disp= 7.546262e-05
 largest correction to disp= 1.318246e-05 in node 11942 and dof 1

 no convergence

 iteration 2

 Using up to 1 cpu(s) for the symmetric stiffness/mass contributions.

 Factoring the system of equations using the symmetric spooles solver
 Using up to 1 cpu(s) for spooles.

 Using up to 1 cpu(s) for the stress calculation.

 average force= 0.000481
 time avg. forc= 0.000235
 largest residual force= 0.000000 in node 1998 and dof 2
 largest increment of disp= 7.546262e-05
 largest correction to disp= 2.653652e-06 in node 15231 and dof 1

 convergence; the increment size is increased to 7.500000e-02

 the increment size exceeds the maximum allowed and is decreased to 5.000000e-02

 increment 17 attempt 1 
 increment size= 5.000000e-02
 sum of previous increments=6.015625e-01
 actual step time=6.515625e-01
 actual total time=6.515625e-01

 iteration 1

 Using up to 1 cpu(s) for the stress calculation.

 Using up to 1 cpu(s) for the symmetric stiffness/mass contributions.

 Factoring the system of equations using the symmetric spooles solver
 Using up to 1 cpu(s) for spooles.

 Using up to 1 cpu(s) for the stress calculation.

 average force= 0.000515
 time avg. forc= 0.000252
 largest residual force= 0.000402 in node 2227 and dof 2
 largest increment of disp= 7.543727e-05
 largest correction to disp= 1.044694e-05 in node 15240 and dof 1

 no convergence

 iteration 2

 Using up to 1 cpu(s) for the symmetric stiffness/mass contributions.

 Factoring the system of equations using the symmetric spooles solver
 Using up to 1 cpu(s) for spooles.

 Using up to 1 cpu(s) for the stress calculation.

 average force= 0.000515
 time avg. forc= 0.000252
 largest residual force= 0.000000 in node 2148 and dof 1
 largest increment of disp= 7.543727e-05
 largest correction to disp= 2.317439e-06 in node 14151 and dof 1

 convergence; the increment size is increased to 7.500000e-02

 the increment size exceeds the maximum allowed and is decreased to 5.000000e-02

 increment 18 attempt 1 
 increment size= 5.000000e-02
 sum of previous increments=6.515625e-01
 actual step time=7.015625e-01
 actual total time=7.015625e-01

 iteration 1

 Using up to 1 cpu(s) for the stress calculation.

 Using up to 1 cpu(s) for the symmetric stiffness/mass contributions.

 Factoring the system of equations using the symmetric spooles solver
 Using up to 1 cpu(s) for spooles.

 Using up to 1 cpu(s) for the stress calculation.

 average force= 0.000552
 time avg. forc= 0.000268
 largest residual force= 0.001386 in node 2155 and dof 1
 largest increment of disp= 7.545126e-05
 largest correction to disp= 6.253800e-06 in node 11045 and dof 1

 no convergence

 iteration 2

 Using up to 1 cpu(s) for the symmetric stiffness/mass contributions.

 Factoring the system of equations using the symmetric spooles solver
 Using up to 1 cpu(s) for spooles.

 Using up to 1 cpu(s) for the stress calculation.

 average force= 0.000552
 time avg. forc= 0.000268
 largest residual force= 0.000087 in node 2227 and dof 2
 largest increment of disp= 7.545126e-05
 largest correction to disp= 1.596396e-06 in node 11225 and dof 2

 no convergence

 iteration 3

 Using up to 1 cpu(s) for the symmetric stiffness/mass contributions.

 Factoring the system of equations using the symmetric spooles solver
 Using up to 1 cpu(s) for spooles.

 Using up to 1 cpu(s) for the stress calculation.

 average force= 0.000552
 time avg. forc= 0.000268
 largest residual force= 0.000000 in node 2293 and dof 1
 largest increment of disp= 7.545126e-05
 largest correction to disp= 1.371298e-07 in node 11585 and dof 2

 convergence; the increment size is increased to 7.500000e-02

 the increment size exceeds the maximum allowed and is decreased to 5.000000e-02

 increment 19 attempt 1 
 increment size= 5.000000e-02
 sum of previous increments=7.015625e-01
 actual step time=7.515625e-01
 actual total time=7.515625e-01

 iteration 1

 Using up to 1 cpu(s) for the stress calculation.

 Using up to 1 cpu(s) for the symmetric stiffness/mass contributions.

 Factoring the system of equations using the symmetric spooles solver
 Using up to 1 cpu(s) for spooles.

 Using up to 1 cpu(s) for the stress calculation.

 average force= 0.000592
 time avg. forc= 0.000285
 largest residual force= 0.001595 in node 2293 and dof 1
 largest increment of disp= 7.552344e-05
 largest correction to disp= 6.587165e-06 in node 11405 and dof 1

 no convergence

 iteration 2

 Using up to 1 cpu(s) for the symmetric stiffness/mass contributions.

 Factoring the system of equations using the symmetric spooles solver
 Using up to 1 cpu(s) for spooles.

 Using up to 1 cpu(s) for the stress calculation.

 average force= 0.000597
 time avg. forc= 0.000286
 largest residual force= 0.002897 in node 2355 and dof 2
 largest increment of disp= 7.552344e-05
 largest correction to disp= 9.115882e-06 in node 11582 and dof 2

 no convergence

 iteration 3

 Using up to 1 cpu(s) for the symmetric stiffness/mass contributions.

 Factoring the system of equations using the symmetric spooles solver
 Using up to 1 cpu(s) for spooles.

 Using up to 1 cpu(s) for the stress calculation.

 average force= 0.000596
 time avg. forc= 0.000286
 largest residual force= 0.000005 in node 2190 and dof 1
 largest increment of disp= 7.552344e-05
 largest correction to disp= 3.912670e-07 in node 11150 and dof 1

 no convergence

 iteration 4

 Using up to 1 cpu(s) for the symmetric stiffness/mass contributions.

 Factoring the system of equations using the symmetric spooles solver
 Using up to 1 cpu(s) for spooles.

 Using up to 1 cpu(s) for the stress calculation.

 average force= 0.000596
 time avg. forc= 0.000286
 largest residual force= 0.000000 in node 2323 and dof 1
 largest increment of disp= 7.552344e-05
 largest correction to disp= 7.776157e-08 in node 11414 and dof 1

 convergence; the increment size is increased to 7.500000e-02

 the increment size exceeds the maximum allowed and is decreased to 5.000000e-02

 increment 20 attempt 1 
 increment size= 5.000000e-02
 sum of previous increments=7.515625e-01
 actual step time=8.015625e-01
 actual total time=8.015625e-01

 iteration 1

 Using up to 1 cpu(s) for the stress calculation.

 Using up to 1 cpu(s) for the symmetric stiffness/mass contributions.

 Factoring the system of equations using the symmetric spooles solver
 Using up to 1 cpu(s) for spooles.

 Using up to 1 cpu(s) for the stress calculation.

 average force= 0.000642
 time avg. forc= 0.000303
 largest residual force= 0.000386 in node 2360 and dof 2
 largest increment of disp= 7.577899e-05
 largest correction to disp= 4.174689e-06 in node 7197 and dof 1

 no convergence

 iteration 2

 Using up to 1 cpu(s) for the symmetric stiffness/mass contributions.

 Factoring the system of equations using the symmetric spooles solver
 Using up to 1 cpu(s) for spooles.

 Using up to 1 cpu(s) for the stress calculation.

 average force= 0.001599
 time avg. forc= 0.000351
 largest residual force= 0.461743 in node 2365 and dof 2
 largest increment of disp= 1.183824e-04
 largest correction to disp= 1.183824e-04 in node 11636 and dof 1

 no convergence

 iteration 3

 Using up to 1 cpu(s) for the symmetric stiffness/mass contributions.

 Factoring the system of equations using the symmetric spooles solver
 Using up to 1 cpu(s) for spooles.

 Using up to 1 cpu(s) for the stress calculation.

 average force= 0.000677
 time avg. forc= 0.000305
 largest residual force= 0.003337 in node 2239 and dof 2
 largest increment of disp= 1.183824e-04
 largest correction to disp= 5.288033e-05 in node 10605 and dof 2

 no convergence

 iteration 4

 Using up to 1 cpu(s) for the symmetric stiffness/mass contributions.

 Factoring the system of equations using the symmetric spooles solver
 Using up to 1 cpu(s) for spooles.

 Using up to 1 cpu(s) for the stress calculation.

 average force= 0.000681
 time avg. forc= 0.000305
 largest residual force= 0.020145 in node 2233 and dof 2
 largest increment of disp= 1.183824e-04
 largest correction to disp= 3.656792e-05 in node 9591 and dof 1

 no convergence

 iteration 5

 Using up to 1 cpu(s) for the symmetric stiffness/mass contributions.

 Factoring the system of equations using the symmetric spooles solver
 Using up to 1 cpu(s) for spooles.

 Using up to 1 cpu(s) for the stress calculation.

 average force= 0.000658
 time avg. forc= 0.000304
 largest residual force= 0.002680 in node 2365 and dof 2
 largest increment of disp= 1.183824e-04
 largest correction to disp= 9.542954e-06 in node 10583 and dof 1

 no convergence

 iteration 6

 Using up to 1 cpu(s) for the symmetric stiffness/mass contributions.

 Factoring the system of equations using the symmetric spooles solver
 Using up to 1 cpu(s) for spooles.

 Using up to 1 cpu(s) for the stress calculation.

 average force= 0.000668
 time avg. forc= 0.000305
 largest residual force= 0.014865 in node 2239 and dof 2
 largest increment of disp= 1.183824e-04
 largest correction to disp= 2.239098e-05 in node 8423 and dof 1

 no convergence

 iteration 7

 Using up to 1 cpu(s) for the symmetric stiffness/mass contributions.

 Factoring the system of equations using the symmetric spooles solver
 Using up to 1 cpu(s) for spooles.

 Using up to 1 cpu(s) for the stress calculation.

 average force= 0.000653
 time avg. forc= 0.000304
 largest residual force= 0.000886 in node 2169 and dof 1
 largest increment of disp= 1.183824e-04
 largest correction to disp= 5.190202e-06 in node 11639 and dof 1

 no convergence

 iteration 8

 Using up to 1 cpu(s) for the symmetric stiffness/mass contributions.

 Factoring the system of equations using the symmetric spooles solver
 Using up to 1 cpu(s) for spooles.

 Using up to 1 cpu(s) for the stress calculation.

 average force= 0.000675
 time avg. forc= 0.000305
 largest residual force= 0.017738 in node 2305 and dof 1
 largest increment of disp= 1.183824e-04
 largest correction to disp= 2.312287e-05 in node 9503 and dof 2

 estimated number of iterations till convergence = 5
 no convergence

 iteration 9

 Using up to 1 cpu(s) for the symmetric stiffness/mass contributions.

 Factoring the system of equations using the symmetric spooles solver
 Using up to 1 cpu(s) for spooles.

 Using up to 1 cpu(s) for the stress calculation.

 average force= 0.000649
 time avg. forc= 0.000304
 largest residual force= 0.000194 in node 2169 and dof 1
 largest increment of disp= 1.183824e-04
 largest correction to disp= 2.745901e-06 in node 8481 and dof 2

 estimated number of iterations till convergence = 11
 no convergence

 iteration 10

 Using up to 1 cpu(s) for the symmetric stiffness/mass contributions.

 Factoring the system of equations using the symmetric spooles solver
 Using up to 1 cpu(s) for spooles.

 Using up to 1 cpu(s) for the stress calculation.

 average force= 0.000775
 time avg. forc= 0.000310
 largest residual force= 0.068579 in node 2365 and dof 2
 largest increment of disp= 1.183824e-04
 largest correction to disp= 4.566998e-05 in node 11639 and dof 1

 estimated number of iterations till convergence = 9
 no convergence

 iteration 11

 Using up to 1 cpu(s) for the symmetric stiffness/mass contributions.

 Factoring the system of equations using the symmetric spooles solver
 Using up to 1 cpu(s) for spooles.

 Using up to 1 cpu(s) for the stress calculation.

 average force= 0.000651
 time avg. forc= 0.000304
 largest residual force= 0.000142 in node 2360 and dof 2
 largest increment of disp= 1.183824e-04
 largest correction to disp= 1.059286e-05 in node 9525 and dof 1

 estimated number of iterations till convergence = 12
 no convergence

 iteration 12

 Using up to 1 cpu(s) for the symmetric stiffness/mass contributions.

 Factoring the system of equations using the symmetric spooles solver
 Using up to 1 cpu(s) for spooles.

 Using up to 1 cpu(s) for the stress calculation.

 average force= 0.000665
 time avg. forc= 0.000305
 largest residual force= 0.013244 in node 2239 and dof 2
 largest increment of disp= 1.183824e-04
 largest correction to disp= 2.009336e-05 in node 11258 and dof 1

 estimated number of iterations till convergence = 11
 no convergence

 iteration 13

 Using up to 1 cpu(s) for the symmetric stiffness/mass contributions.

 Factoring the system of equations using the symmetric spooles solver
 Using up to 1 cpu(s) for spooles.

 Using up to 1 cpu(s) for the stress calculation.

 average force= 0.000653
 time avg. forc= 0.000304
 largest residual force= 0.000023 in node 2293 and dof 1
 largest increment of disp= 1.183824e-04
 largest correction to disp= 1.683437e-06 in node 10605 and dof 2

 estimated number of iterations till convergence = 14
 no convergence

 iteration 14

 Using up to 1 cpu(s) for the symmetric stiffness/mass contributions.

 Factoring the system of equations using the symmetric spooles solver
 Using up to 1 cpu(s) for spooles.

 Using up to 1 cpu(s) for the stress calculation.

 average force= 0.000652
 time avg. forc= 0.000304
 largest residual force= 0.000008 in node 2190 and dof 1
 largest increment of disp= 1.183824e-04
 largest correction to disp= 4.861347e-07 in node 11513 and dof 1

 estimated number of iterations till convergence = 16
 no convergence

 iteration 15

 Using up to 1 cpu(s) for the symmetric stiffness/mass contributions.

 Factoring the system of equations using the symmetric spooles solver
 Using up to 1 cpu(s) for spooles.

 Using up to 1 cpu(s) for the stress calculation.

 average force= 0.000652
 time avg. forc= 0.000304
 largest residual force= 0.000000 in node 2257 and dof 2
 largest increment of disp= 1.183824e-04
 largest correction to disp= 4.116064e-09 in node 11153 and dof 1

convergence

 Using up to 1 cpu(s) for the stress calculation.

 increment 21 attempt 1 
 increment size= 5.000000e-02
 sum of previous increments=8.015625e-01
 actual step time=8.515625e-01
 actual total time=8.515625e-01

 iteration 1

 Using up to 1 cpu(s) for the stress calculation.

 Using up to 1 cpu(s) for the symmetric stiffness/mass contributions.

 Factoring the system of equations using the symmetric spooles solver
 Using up to 1 cpu(s) for spooles.

 Using up to 1 cpu(s) for the stress calculation.

 average force= 0.000710
 time avg. forc= 0.000323
 largest residual force= 0.000471 in node 2356 and dof 2
 largest increment of disp= 7.804437e-05
 largest correction to disp= 1.289882e-05 in node 11991 and dof 1

 no convergence

 iteration 2

 Using up to 1 cpu(s) for the symmetric stiffness/mass contributions.

 Factoring the system of equations using the symmetric spooles solver
 Using up to 1 cpu(s) for spooles.

 Using up to 1 cpu(s) for the stress calculation.

 average force= 0.000723
 time avg. forc= 0.000324
 largest residual force= 0.019722 in node 2299 and dof 1
 largest increment of disp= 7.804437e-05
 largest correction to disp= 2.441404e-05 in node 11251 and dof 1

 no convergence

 iteration 3

 Using up to 1 cpu(s) for the symmetric stiffness/mass contributions.

 Factoring the system of equations using the symmetric spooles solver
 Using up to 1 cpu(s) for spooles.

 Using up to 1 cpu(s) for the stress calculation.

 average force= 0.000708
 time avg. forc= 0.000323
 largest residual force= 0.000069 in node 2227 and dof 2
 largest increment of disp= 7.804437e-05
 largest correction to disp= 1.555290e-06 in node 13668 and dof 2

 no convergence

 iteration 4

 Using up to 1 cpu(s) for the symmetric stiffness/mass contributions.

 Factoring the system of equations using the symmetric spooles solver
 Using up to 1 cpu(s) for spooles.

 Using up to 1 cpu(s) for the stress calculation.

 average force= 0.000707
 time avg. forc= 0.000323
 largest residual force= 0.000058 in node 2190 and dof 1
 largest increment of disp= 7.804437e-05
 largest correction to disp= 1.325372e-06 in node 11150 and dof 1

 no convergence

 iteration 5

 Using up to 1 cpu(s) for the symmetric stiffness/mass contributions.

 Factoring the system of equations using the symmetric spooles solver
 Using up to 1 cpu(s) for spooles.

 Using up to 1 cpu(s) for the stress calculation.

 average force= 0.000707
 time avg. forc= 0.000323
 largest residual force= 0.000000 in node 2380 and dof 2
 largest increment of disp= 7.804437e-05
 largest correction to disp= 3.696342e-08 in node 11510 and dof 1

 convergence

 increment 22 attempt 1 
 increment size= 5.000000e-02
 sum of previous increments=8.515625e-01
 actual step time=9.015625e-01
 actual total time=9.015625e-01

 iteration 1

 Using up to 1 cpu(s) for the stress calculation.

 Using up to 1 cpu(s) for the symmetric stiffness/mass contributions.

 Factoring the system of equations using the symmetric spooles solver
 Using up to 1 cpu(s) for spooles.

 Using up to 1 cpu(s) for the stress calculation.

 average force= 0.000761
 time avg. forc= 0.000343
 largest residual force= 0.001465 in node 2240 and dof 2
 largest increment of disp= 7.934857e-05
 largest correction to disp= 2.604218e-05 in node 12531 and dof 2

 no convergence

 iteration 2

 Using up to 1 cpu(s) for the symmetric stiffness/mass contributions.

 Factoring the system of equations using the symmetric spooles solver
 Using up to 1 cpu(s) for spooles.

 Using up to 1 cpu(s) for the stress calculation.

 average force= 0.000755
 time avg. forc= 0.000343
 largest residual force= 0.007127 in node 2239 and dof 2
 largest increment of disp= 7.934857e-05
 largest correction to disp= 2.283276e-05 in node 12018 and dof 1

 no convergence

 iteration 3

 Using up to 1 cpu(s) for the symmetric stiffness/mass contributions.

 Factoring the system of equations using the symmetric spooles solver
 Using up to 1 cpu(s) for spooles.

 Using up to 1 cpu(s) for the stress calculation.

 average force= 0.000754
 time avg. forc= 0.000343
 largest residual force= 0.000344 in node 2239 and dof 2
 largest increment of disp= 7.934857e-05
 largest correction to disp= 3.684739e-06 in node 12018 and dof 1

 no convergence

 iteration 4

 Using up to 1 cpu(s) for the symmetric stiffness/mass contributions.

 Factoring the system of equations using the symmetric spooles solver
 Using up to 1 cpu(s) for spooles.

 Using up to 1 cpu(s) for the stress calculation.

 average force= 0.000754
 time avg. forc= 0.000343
 largest residual force= 0.000195 in node 2359 and dof 2
 largest increment of disp= 7.934857e-05
 largest correction to disp= 2.664498e-06 in node 13098 and dof 1

 no convergence

 iteration 5

 Using up to 1 cpu(s) for the symmetric stiffness/mass contributions.

 Factoring the system of equations using the symmetric spooles solver
 Using up to 1 cpu(s) for spooles.

 Using up to 1 cpu(s) for the stress calculation.

 average force= 0.000754
 time avg. forc= 0.000343
 largest residual force= 0.000000 in node 2161 and dof 1
 largest increment of disp= 7.934857e-05
 largest correction to disp= 1.407110e-07 in node 11594 and dof 1

 convergence

 increment 23 attempt 1 
 increment size= 5.000000e-02
 sum of previous increments=9.015625e-01
 actual step time=9.515625e-01
 actual total time=9.515625e-01

 iteration 1

 Using up to 1 cpu(s) for the stress calculation.

 Using up to 1 cpu(s) for the symmetric stiffness/mass contributions.

 Factoring the system of equations using the symmetric spooles solver
 Using up to 1 cpu(s) for spooles.

 Using up to 1 cpu(s) for the stress calculation.

 average force= 0.000800
 time avg. forc= 0.000363
 largest residual force= 0.000444 in node 2361 and dof 2
 largest increment of disp= 7.790968e-05
 largest correction to disp= 1.114125e-05 in node 13074 and dof 1

 no convergence

 iteration 2

 Using up to 1 cpu(s) for the symmetric stiffness/mass contributions.

 Factoring the system of equations using the symmetric spooles solver
 Using up to 1 cpu(s) for spooles.

 Using up to 1 cpu(s) for the stress calculation.

 average force= 0.000798
 time avg. forc= 0.000363
 largest residual force= 0.001360 in node 2169 and dof 1
 largest increment of disp= 7.790968e-05
 largest correction to disp= 1.152681e-05 in node 12513 and dof 2

 no convergence

 iteration 3

 Using up to 1 cpu(s) for the symmetric stiffness/mass contributions.

 Factoring the system of equations using the symmetric spooles solver
 Using up to 1 cpu(s) for spooles.

 Using up to 1 cpu(s) for the stress calculation.

 average force= 0.000798
 time avg. forc= 0.000363
 largest residual force= 0.000015 in node 2300 and dof 1
 largest increment of disp= 7.790968e-05
 largest correction to disp= 8.191992e-07 in node 13098 and dof 1

 no convergence

 iteration 4

 Using up to 1 cpu(s) for the symmetric stiffness/mass contributions.

 Factoring the system of equations using the symmetric spooles solver
 Using up to 1 cpu(s) for spooles.

 Using up to 1 cpu(s) for the stress calculation.

 average force= 0.000798
 time avg. forc= 0.000363
 largest residual force= 0.000000 in node 2190 and dof 1
 largest increment of disp= 7.790968e-05
 largest correction to disp= 1.053454e-07 in node 12018 and dof 1

 convergence

 the increment size exceeds the remainder of the step and is decreased to 4.843750e-02

 increment 24 attempt 1 
 increment size= 4.843750e-02
 sum of previous increments=9.515625e-01
 actual step time=1.000000e+00
 actual total time=1.000000e+00

 iteration 1

 Using up to 1 cpu(s) for the stress calculation.

 Using up to 1 cpu(s) for the symmetric stiffness/mass contributions.

 Factoring the system of equations using the symmetric spooles solver
 Using up to 1 cpu(s) for spooles.

 Using up to 1 cpu(s) for the stress calculation.

 average force= 0.000837
 time avg. forc= 0.000382
 largest residual force= 0.000251 in node 2257 and dof 2
 largest increment of disp= 7.493493e-05
 largest correction to disp= 6.477598e-06 in node 12039 and dof 1

 no convergence

 iteration 2

 Using up to 1 cpu(s) for the symmetric stiffness/mass contributions.

 Factoring the system of equations using the symmetric spooles solver
 Using up to 1 cpu(s) for spooles.

 Using up to 1 cpu(s) for the stress calculation.

 average force= 0.000837
 time avg. forc= 0.000382
 largest residual force= 0.000326 in node 2245 and dof 2
 largest increment of disp= 7.493493e-05
 largest correction to disp= 5.655801e-06 in node 12558 and dof 2

 no convergence

 iteration 3

 Using up to 1 cpu(s) for the symmetric stiffness/mass contributions.

 Factoring the system of equations using the symmetric spooles solver
 Using up to 1 cpu(s) for spooles.

 Using up to 1 cpu(s) for the stress calculation.

 average force= 0.000837
 time avg. forc= 0.000382
 largest residual force= 0.000000 in node 2300 and dof 1
 largest increment of disp= 7.493493e-05
 largest correction to disp= 2.109252e-07 in node 11973 and dof 1

 convergence; the increment size is increased to 7.265625e-02

 the increment size exceeds the maximum allowed and is decreased to 5.000000e-02

 the increment size exceeds the remainder of the step and is decreased to 0.000000e+00

 Using up to 1 cpu(s) for the stress calculation.


 Job finished

________________________________________

Total CalculiX Time: 229.251587
________________________________________
=== on-caso-2g (CCX): renomeando outputs _k200k ===

=== Concluido [k=200000 Pa/m, tag=k200k]. Outputs: ===
-rw-r--r-- 1 ubuntu ubuntu 1055503 Jun  1 00:56 on-caso-2_k200k.1.vtu
-rw-r--r-- 1 ubuntu ubuntu 1052138 Jun  1 00:56 on-caso-2_k200k.2.vtu
-rw-r--r-- 1 ubuntu ubuntu 1049396 Jun  1 00:56 on-caso-2_k200k.3.vtu
-rw-r--r-- 1 ubuntu ubuntu 1039297 Jun  1 00:56 on-caso-2_k200k.4.vtu
-rw-r--r-- 1 ubuntu ubuntu 1040996 Jun  1 00:56 on-caso-2_k200k.5.vtu
-rw-r--r-- 1 ubuntu ubuntu 1034665 Jun  1 00:56 on-caso-2_k200k.6.vtu
-rw-r--r-- 1 ubuntu ubuntu 1032790 Jun  1 00:56 on-caso-2_k200k.7.vtu
-rw-r--r-- 1 ubuntu ubuntu 1032499 Jun  1 00:56 on-caso-2_k200k.8.vtu
-rw-r--r-- 1 ubuntu ubuntu 1031963 Jun  1 00:56 on-caso-2_k200k.9.vtu
-rw-r--r-- 1 ubuntu ubuntu    7900 Jun 17 02:19 on-caso-2_k200k.cvg
-rw-r--r-- 1 ubuntu ubuntu  195240 Jun 17 02:19 on-caso-2_k200k.dat
-rw-r--r-- 1 ubuntu ubuntu 9174484 Jun 17 02:19 on-caso-2_k200k.frd
-rw-r--r-- 1 ubuntu ubuntu     678 Jun  1 00:56 on-caso-2_k200k.pvd
-rw-r--r-- 1 ubuntu ubuntu    1898 Jun 17 02:19 on-caso-2_k200k.sta
