=== Sweep on-caso-2g: 5 valores de Winkler k ===
Tue Jun 16 23:05:05 -03 2026

================================================================
 [23:05:05] Rodando tag=k020k, k=20000 Pa/m
================================================================
 [.sta tail]
     1         31     1     3  0.998438E+00  0.998438E+00  0.500000E-01
     1         32     1     2  0.100000E+01  0.100000E+01  0.156250E-02

================================================================
 [23:10:07] Rodando tag=k100k, k=100000 Pa/m
================================================================
 [.sta tail]
     1         29     1     4  0.978125E+00  0.978125E+00  0.500000E-01
     1         30     1     3  0.100000E+01  0.100000E+01  0.218750E-01

================================================================
 [23:15:19] Rodando tag=k200k, k=200000 Pa/m
================================================================
 [.sta tail]
     1         23     1     4  0.951563E+00  0.951563E+00  0.500000E-01
     1         24     1     3  0.100000E+01  0.100000E+01  0.484375E-01

================================================================
 [23:19:15] Rodando tag=k1M, k=1000000 Pa/m
================================================================
 [.sta tail]
     1         27     1     4  0.978125E+00  0.978125E+00  0.500000E-01
     1         28     1     3  0.100000E+01  0.100000E+01  0.218750E-01

================================================================
 [23:24:13] Rodando tag=k5M, k=5000000 Pa/m
================================================================
 [.sta tail]
     1         27     1     2  0.959131E+00  0.959131E+00  0.500000E-01
     1         28     1     2  0.100000E+01  0.100000E+01  0.408691E-01

=== Sweep concluido ===
Tue Jun 16 23:27:56 -03 2026
-rw-r--r--  1 brunaenne  staff  273336 Jun 16 23:10 cases/on-caso-2g/ccx/on-caso-2_k020k.dat
-rw-r--r--  1 brunaenne  staff  234288 Jun 16 23:15 cases/on-caso-2g/ccx/on-caso-2_k100k.dat
-rw-r--r--  1 brunaenne  staff  234288 Jun 16 23:24 cases/on-caso-2g/ccx/on-caso-2_k1M.dat
-rw-r--r--  1 brunaenne  staff  195240 Jun 16 23:19 cases/on-caso-2g/ccx/on-caso-2_k200k.dat
-rw-r--r--  1 brunaenne  staff  234288 Jun 16 23:27 cases/on-caso-2g/ccx/on-caso-2_k5M.dat
