malha: blockMeshDict.meshmed | Riks: 0.005, 1.0, 1e-9, 0.01, 1.0
=== on-caso-4 FINAL na malha independente (meshmed): 4 estagios SANS ===
Sat Jun  6 16:26:18 -03 2026
   [skip S0_baseline: fora do STAGE_FILTER]

---- [16:26:18] S1_mild (meshmed): P_CSF=2400 P_contact=16333.2 ----
      box=(2.3941e-03 -5.3702e-04 1.7840e-02) (2.6000e-03 5.3702e-04 2.7160e-02)
      rc=137  NOSTA
   [skip S2_upper: fora do STAGE_FILTER]
   [skip S3_severe: fora do STAGE_FILTER]

=== runs concluidos. Analise (malha independente) ===
  S0_baseline  P_CSF= 1333 A=3.927 mm2 F=35.476 mN | kink_on=0.122 mm offset=0.107 mm vM_contato=396.79 kPa
  [SKIP] S1_mild: cases/on-caso-4/ccx/on-caso-4_S1_mild_meshmed.frd nao existe (rode a Fase B: bash brunaStuff/sweep_on-caso-4.sh phaseB)
  [SKIP] S2_upper: cases/on-caso-4/ccx/on-caso-4_S2_upper_meshmed.frd nao existe (rode a Fase B: bash brunaStuff/sweep_on-caso-4.sh phaseB)
  [SKIP] S3_severe: cases/on-caso-4/ccx/on-caso-4_S3_severe_meshmed.frd nao existe (rode a Fase B: bash brunaStuff/sweep_on-caso-4.sh phaseB)

Grafico salvo em: brunaStuff/on-caso-4_summary_meshmed.png

on-caso-4 - inchaco SANS dirigindo area+forca de contato (resultados)
============================================================================================
tag           P_CSF   Dr_um   A_mm2    Pc_Pa    F_mN  kink_on kink_dura   offset   vM_kPa
--------------------------------------------------------------------------------------------
S0_baseline    1333    2.83   3.927     9034  35.476    0.122     0.530    0.107   396.79

Resumo: brunaStuff/on-caso-4_summary_meshmed.txt
JSON: brunaStuff/on-caso-4_results_meshmed.json
Sat Jun  6 17:32:12 -03 2026

=== restaurando malha base e .inp de producao ===
