SUMMARY OF JOB INFORMATION
  STEP      INC     ATT  ITRS     TOT TIME     STEP TIME      INC TIME
     1          1     1     2  0.250000E-01  0.250000E-01  0.250000E-01
     1          2     1     2  0.500000E-01  0.500000E-01  0.250000E-01
     1          3     1     2  0.875000E-01  0.875000E-01  0.375000E-01
     1          4     1     2  0.137500E+00  0.137500E+00  0.500000E-01
     1          5     1     2  0.187500E+00  0.187500E+00  0.500000E-01
     1          6     1     4  0.237500E+00  0.237500E+00  0.500000E-01
     1          7     1U   10  0.237500E+00  0.237500E+00  0.500000E-01
     1          7     2     4  0.250000E+00  0.250000E+00  0.125000E-01
     1          8     1     5  0.262500E+00  0.262500E+00  0.125000E-01
     1          9     1     3  0.275000E+00  0.275000E+00  0.125000E-01
     1         10     1     4  0.287500E+00  0.287500E+00  0.125000E-01
     1         11     1     3  0.306250E+00  0.306250E+00  0.187500E-01
     1         12     1     4  0.334375E+00  0.334375E+00  0.281250E-01
     1         13     1U    6  0.334375E+00  0.334375E+00  0.421875E-01
     1         13     2     3  0.344922E+00  0.344922E+00  0.105469E-01
     1         14     1     3  0.355469E+00  0.355469E+00  0.105469E-01
     1         15     1     3  0.371289E+00  0.371289E+00  0.158203E-01
     1         16     1     3  0.395020E+00  0.395020E+00  0.237305E-01
     1         17     1     3  0.430615E+00  0.430615E+00  0.355957E-01
     1         18     1     3  0.480615E+00  0.480615E+00  0.500000E-01
     1         19     1     3  0.530615E+00  0.530615E+00  0.500000E-01
     1         20     1     3  0.580615E+00  0.580615E+00  0.500000E-01
     1         21     1     3  0.630615E+00  0.630615E+00  0.500000E-01
     1         22     1     3  0.680615E+00  0.680615E+00  0.500000E-01
     1         23     1     3  0.730615E+00  0.730615E+00  0.500000E-01
     1         24     1     2  0.780615E+00  0.780615E+00  0.500000E-01
     1         25     1     2  0.830615E+00  0.830615E+00  0.500000E-01
     1         26     1     2  0.880615E+00  0.880615E+00  0.500000E-01
     1         27     1     2  0.930615E+00  0.930615E+00  0.500000E-01
     1         28     1     2  0.980615E+00  0.980615E+00  0.500000E-01
     1         29     1     2  0.100000E+01  0.100000E+01  0.193848E-01
