SUMMARY OF C0NVERGENCE INFORMATION
  STEP   INC  ATT   ITER     CONT.   RESID.        CORR.      RESID.      CORR.
                              EL.    FORCE         DISP       FLUX        TEMP.
                              (#)     (%)           (%)        (%)         (%)
     1     1     1     1        0  0.0000E+00  0.1000E+03  0.0000E+00  0.0000E+00
     1     1     1     2        0  0.0000E+00  0.8180E+00  0.0000E+00  0.0000E+00
     1     2     1     1        0  0.0000E+00  0.1170E+01  0.0000E+00  0.0000E+00
     1     2     1     2        0  0.0000E+00  0.4169E-02  0.0000E+00  0.0000E+00
     1     3     1     1        0  0.0000E+00  0.3012E+01  0.0000E+00  0.0000E+00
     1     3     1     2        0  0.0000E+00  0.1727E-01  0.0000E+00  0.0000E+00
     1     4     1     1        0  0.0000E+00  0.3065E+01  0.0000E+00  0.0000E+00
     1     4     1     2        0  0.0000E+00  0.1612E-01  0.0000E+00  0.0000E+00
     1     5     1     1        0  0.0000E+00  0.2920E+01  0.0000E+00  0.0000E+00
     1     5     1     2        0  0.0000E+00  0.2525E-01  0.0000E+00  0.0000E+00
     1     6     1     1        0  0.0000E+00  0.1059E+01  0.0000E+00  0.0000E+00
     1     6     1     2        0  0.0000E+00  0.1607E-01  0.0000E+00  0.0000E+00
     1     7     1     1        0  0.0000E+00  0.4608E+00  0.0000E+00  0.0000E+00
     1     7     1     2        0  0.0000E+00  0.7939E-02  0.0000E+00  0.0000E+00
     1     8     1     1        0  0.0000E+00  0.2085E+00  0.0000E+00  0.0000E+00
     1     8     1     2        0  0.0000E+00  0.4078E-02  0.0000E+00  0.0000E+00
     1     9     1     1        0  0.0000E+00  0.9920E-01  0.0000E+00  0.0000E+00
     1     9     1     2        0  0.0000E+00  0.2274E-02  0.0000E+00  0.0000E+00
     1    10     1     1        0  0.0000E+00  0.7782E-01  0.0000E+00  0.0000E+00
     1    10     1     2        0  0.0000E+00  0.1356E-02  0.0000E+00  0.0000E+00
     1    11     1     1        0  0.0000E+00  0.8512E-01  0.0000E+00  0.0000E+00
     1    11     1     2        0  0.0000E+00  0.8492E-03  0.0000E+00  0.0000E+00
     1    12     1     1        0  0.0000E+00  0.9150E-01  0.0000E+00  0.0000E+00
     1    12     1     2        0  0.0000E+00  0.7476E-03  0.0000E+00  0.0000E+00
     1    13     1     1        0  0.0000E+00  0.9643E-01  0.0000E+00  0.0000E+00
     1    13     1     2        0  0.0000E+00  0.7132E-03  0.0000E+00  0.0000E+00
     1    14     1     1        0  0.0000E+00  0.1001E+00  0.0000E+00  0.0000E+00
     1    14     1     2        0  0.0000E+00  0.7004E-03  0.0000E+00  0.0000E+00
     1    15     1     1        0  0.0000E+00  0.1028E+00  0.0000E+00  0.0000E+00
     1    15     1     2        0  0.0000E+00  0.6992E-03  0.0000E+00  0.0000E+00
     1    16     1     1        0  0.0000E+00  0.1048E+00  0.0000E+00  0.0000E+00
     1    16     1     2        0  0.0000E+00  0.7047E-03  0.0000E+00  0.0000E+00
     1    17     1     1        0  0.0000E+00  0.1064E+00  0.0000E+00  0.0000E+00
     1    17     1     2        0  0.0000E+00  0.7137E-03  0.0000E+00  0.0000E+00
     1    18     1     1        0  0.0000E+00  0.1077E+00  0.0000E+00  0.0000E+00
     1    18     1     2        0  0.0000E+00  0.7248E-03  0.0000E+00  0.0000E+00
     1    19     1     1        0  0.0000E+00  0.1087E+00  0.0000E+00  0.0000E+00
     1    19     1     2        0  0.0000E+00  0.7369E-03  0.0000E+00  0.0000E+00
     1    20     1     1        0  0.0000E+00  0.1095E+00  0.0000E+00  0.0000E+00
     1    20     1     2        0  0.0000E+00  0.7495E-03  0.0000E+00  0.0000E+00
     1    21     1     1        0  0.0000E+00  0.1102E+00  0.0000E+00  0.0000E+00
     1    21     1     2        0  0.0000E+00  0.7622E-03  0.0000E+00  0.0000E+00
     1    22     1     1        0  0.0000E+00  0.6913E-01  0.0000E+00  0.0000E+00
     1    22     1     2        0  0.0000E+00  0.4846E-03  0.0000E+00  0.0000E+00
