SUMMARY OF JOB INFORMATION
  STEP      INC     ATT  ITRS     TOT TIME     STEP TIME      INC TIME
     1          1     1     2  0.250000E-01  0.250000E-01  0.250000E-01
     1          2     1     2  0.500000E-01  0.500000E-01  0.250000E-01
     1          3     1     2  0.875000E-01  0.875000E-01  0.375000E-01
     1          4     1     2  0.137500E+00  0.137500E+00  0.500000E-01
     1          5     1U    4  0.137500E+00  0.137500E+00  0.500000E-01
     1          5     2U    6  0.137500E+00  0.137500E+00  0.125000E-01
     1          5     3     2  0.140625E+00  0.140625E+00  0.312500E-02
     1          6     1     5  0.143750E+00  0.143750E+00  0.312500E-02
     1          7     1     3  0.146875E+00  0.146875E+00  0.312500E-02
     1          8     1     2  0.150000E+00  0.150000E+00  0.312500E-02
     1          9     1     2  0.154687E+00  0.154687E+00  0.468750E-02
     1         10     1     2  0.161719E+00  0.161719E+00  0.703125E-02
     1         11     1U    4  0.161719E+00  0.161719E+00  0.105469E-01
     1         11     2     4  0.164355E+00  0.164355E+00  0.263672E-02
     1         12     1     5  0.166992E+00  0.166992E+00  0.263672E-02
     1         13     1     3  0.169629E+00  0.169629E+00  0.263672E-02
     1         14     1     3  0.172266E+00  0.172266E+00  0.263672E-02
     1         15     1     3  0.176221E+00  0.176221E+00  0.395508E-02
     1         16     1     3  0.182153E+00  0.182153E+00  0.593262E-02
     1         17     1     3  0.191052E+00  0.191052E+00  0.889893E-02
     1         18     1     3  0.204401E+00  0.204401E+00  0.133484E-01
     1         19     1     3  0.224423E+00  0.224423E+00  0.200226E-01
     1         20     1     5  0.254457E+00  0.254457E+00  0.300339E-01
     1         21     1     9  0.284491E+00  0.284491E+00  0.300339E-01
     1         22     1     5  0.314525E+00  0.314525E+00  0.300339E-01
     1         23     1     3  0.344559E+00  0.344559E+00  0.300339E-01
     1         24     1     3  0.374593E+00  0.374593E+00  0.300339E-01
     1         25     1     3  0.419643E+00  0.419643E+00  0.450508E-01
     1         26     1     3  0.469643E+00  0.469643E+00  0.500000E-01
     1         27     1     3  0.519643E+00  0.519643E+00  0.500000E-01
     1         28     1     3  0.569643E+00  0.569643E+00  0.500000E-01
     1         29     1     3  0.619643E+00  0.619643E+00  0.500000E-01
     1         30     1     3  0.669643E+00  0.669643E+00  0.500000E-01
     1         31     1     2  0.719643E+00  0.719643E+00  0.500000E-01
     1         32     1     2  0.769643E+00  0.769643E+00  0.500000E-01
     1         33     1     2  0.819643E+00  0.819643E+00  0.500000E-01
     1         34     1     2  0.869643E+00  0.869643E+00  0.500000E-01
     1         35     1     2  0.919643E+00  0.919643E+00  0.500000E-01
     1         36     1     2  0.969643E+00  0.969643E+00  0.500000E-01
     1         37     1     2  0.100000E+01  0.100000E+01  0.303566E-01
