SUMMARY OF C0NVERGENCE INFORMATION
  STEP   INC  ATT   ITER     CONT.   RESID.        CORR.      RESID.      CORR.
                              EL.    FORCE         DISP       FLUX        TEMP.
                              (#)     (%)           (%)        (%)         (%)
     1     1     1     1        0  0.1124E+03  0.1000E+03  0.0000E+00  0.0000E+00
     1     1     1     2        0  0.0000E+00  0.4361E-01  0.0000E+00  0.0000E+00
     1     2     1     1        0  0.1083E+03  0.9964E+02  0.0000E+00  0.0000E+00
     1     2     1     2        0  0.0000E+00  0.1276E+00  0.0000E+00  0.0000E+00
     1     3     1     1        0  0.6857E+03  0.1000E+03  0.0000E+00  0.0000E+00
     1     3     1     2        0  0.0000E+00  0.3284E+00  0.0000E+00  0.0000E+00
     1     4     1     1        0  0.5138E+03  0.1000E+03  0.0000E+00  0.0000E+00
     1     4     1     2        0  0.0000E+00  0.1856E+00  0.0000E+00  0.0000E+00
     1     5     1     1        0  0.0000E+00  0.1000E+03  0.0000E+00  0.0000E+00
     1     5     1     2        0  0.0000E+00  0.1714E-02  0.0000E+00  0.0000E+00
     1     6     1     1        0  0.0000E+00  0.9987E+02  0.0000E+00  0.0000E+00
     1     6     1     2        0  0.0000E+00  0.1429E-02  0.0000E+00  0.0000E+00
     1     7     1     1        0  0.0000E+00  0.1000E+03  0.0000E+00  0.0000E+00
     1     7     1     2        0  0.0000E+00  0.2571E-02  0.0000E+00  0.0000E+00
     1     8     1     1        0  0.3236E+03  0.1000E+03  0.0000E+00  0.0000E+00
     1     8     1     2        0  0.0000E+00  0.2009E+00  0.0000E+00  0.0000E+00
     1     9     1     1        0  0.2878E+03  0.9996E+02  0.0000E+00  0.0000E+00
     1     9     1     2        0  0.0000E+00  0.1898E+00  0.0000E+00  0.0000E+00
     1    10     1     1        0  0.0000E+00  0.2351E+02  0.0000E+00  0.0000E+00
     1    10     1     2        0  0.0000E+00  0.1980E-03  0.0000E+00  0.0000E+00
     1    11     1     1        0  0.2303E+03  0.1000E+03  0.0000E+00  0.0000E+00
     1    11     1     2        0  0.0000E+00  0.2007E+00  0.0000E+00  0.0000E+00
     1    12     1     1        0  0.2091E+03  0.9981E+02  0.0000E+00  0.0000E+00
     1    12     1     2        0  0.0000E+00  0.1894E+00  0.0000E+00  0.0000E+00
     1    13     1     1        0  0.0000E+00  0.4902E+02  0.0000E+00  0.0000E+00
     1    13     1     2        0  0.0000E+00  0.7149E-03  0.0000E+00  0.0000E+00
     1    14     1     1        0  0.1752E+03  0.1000E+03  0.0000E+00  0.0000E+00
     1    14     1     2        0  0.0000E+00  0.2008E+00  0.0000E+00  0.0000E+00
     1    15     1     1        0  0.1616E+03  0.9966E+02  0.0000E+00  0.0000E+00
     1    15     1     2        0  0.0000E+00  0.1892E+00  0.0000E+00  0.0000E+00
     1    16     1     1        0  0.0000E+00  0.6595E+02  0.0000E+00  0.0000E+00
     1    16     1     2        0  0.0000E+00  0.9106E-03  0.0000E+00  0.0000E+00
     1    17     1     1        0  0.1405E+03  0.1000E+03  0.0000E+00  0.0000E+00
     1    17     1     2        0  0.0000E+00  0.2013E+00  0.0000E+00  0.0000E+00
     1    18     1     1        0  0.1310E+03  0.9950E+02  0.0000E+00  0.0000E+00
     1    18     1     2        0  0.0000E+00  0.1890E+00  0.0000E+00  0.0000E+00
     1    19     1     1        0  0.0000E+00  0.7439E+02  0.0000E+00  0.0000E+00
     1    19     1     2        0  0.0000E+00  0.1337E-02  0.0000E+00  0.0000E+00
     1    20     1     1        0  0.1171E+03  0.1000E+03  0.0000E+00  0.0000E+00
     1    20     1     2        0  0.0000E+00  0.2020E+00  0.0000E+00  0.0000E+00
     1    21     1     1        0  0.1100E+03  0.9934E+02  0.0000E+00  0.0000E+00
     1    21     1     2        0  0.0000E+00  0.1892E+00  0.0000E+00  0.0000E+00
     1    22     1     1        0  0.0000E+00  0.7945E+02  0.0000E+00  0.0000E+00
     1    22     1     2        0  0.0000E+00  0.1743E-02  0.0000E+00  0.0000E+00
     1    23     1     1        0  0.1004E+03  0.1000E+03  0.0000E+00  0.0000E+00
     1    23     1     2        0  0.0000E+00  0.2034E+00  0.0000E+00  0.0000E+00
     1    24     1     1        0  0.9471E+02  0.9918E+02  0.0000E+00  0.0000E+00
     1    24     1     2        0  0.0000E+00  0.1902E+00  0.0000E+00  0.0000E+00
     1    25     1     1        0  0.0000E+00  0.8283E+02  0.0000E+00  0.0000E+00
     1    25     1     2        0  0.0000E+00  0.2146E-02  0.0000E+00  0.0000E+00
     1    26     1     1        0  0.8794E+02  0.1000E+03  0.0000E+00  0.0000E+00
     1    26     1     2        0  0.0000E+00  0.2054E+00  0.0000E+00  0.0000E+00
     1    27     1     1        0  0.8318E+02  0.9902E+02  0.0000E+00  0.0000E+00
     1    27     1     2        0  0.0000E+00  0.1911E+00  0.0000E+00  0.0000E+00
     1    28     1     1        0  0.0000E+00  0.8524E+02  0.0000E+00  0.0000E+00
     1    28     1     2        0  0.0000E+00  0.2545E-02  0.0000E+00  0.0000E+00
     1    29     1     1        0  0.7834E+02  0.1000E+03  0.0000E+00  0.0000E+00
     1    29     1     2        0  0.0000E+00  0.2072E+00  0.0000E+00  0.0000E+00
     1    30     1     1        0  0.7419E+02  0.9885E+02  0.0000E+00  0.0000E+00
     1    30     1     2        0  0.0000E+00  0.1921E+00  0.0000E+00  0.0000E+00
     1    31     1     1        0  0.0000E+00  0.8705E+02  0.0000E+00  0.0000E+00
     1    31     1     2        0  0.0000E+00  0.2940E-02  0.0000E+00  0.0000E+00
     1    32     1     1        0  0.7072E+02  0.1000E+03  0.0000E+00  0.0000E+00
     1    32     1     2        0  0.0000E+00  0.2094E+00  0.0000E+00  0.0000E+00
     1    33     1     1        0  0.6699E+02  0.9868E+02  0.0000E+00  0.0000E+00
     1    33     1     2        0  0.0000E+00  0.1932E+00  0.0000E+00  0.0000E+00
