SUMMARY OF JOB INFORMATION
  STEP      INC     ATT  ITRS     TOT TIME     STEP TIME      INC TIME
     1          1     1     3  0.250000E-01  0.250000E-01  0.250000E-01
     1          2     1     2  0.500000E-01  0.500000E-01  0.250000E-01
     1          3     1     2  0.875000E-01  0.875000E-01  0.375000E-01
     1          4     1     2  0.137500E+00  0.137500E+00  0.500000E-01
     1          5     1     2  0.187500E+00  0.187500E+00  0.500000E-01
     1          6     1     2  0.237500E+00  0.237500E+00  0.500000E-01
     1          7     1     2  0.287500E+00  0.287500E+00  0.500000E-01
     1          8     1     2  0.337500E+00  0.337500E+00  0.500000E-01
     1          9     1     2  0.387500E+00  0.387500E+00  0.500000E-01
     1         10     1     2  0.437500E+00  0.437500E+00  0.500000E-01
     1         11     1     2  0.487500E+00  0.487500E+00  0.500000E-01
     1         12     1     2  0.537500E+00  0.537500E+00  0.500000E-01
     1         13     1U    7  0.537500E+00  0.537500E+00  0.500000E-01
     1         13     2     2  0.550000E+00  0.550000E+00  0.125000E-01
     1         14     1     2  0.562500E+00  0.562500E+00  0.125000E-01
     1         15     1     2  0.581250E+00  0.581250E+00  0.187500E-01
     1         16     1U    4  0.581250E+00  0.581250E+00  0.281250E-01
     1         16     2     2  0.588281E+00  0.588281E+00  0.703125E-02
     1         17     1     2  0.595313E+00  0.595313E+00  0.703125E-02
     1         18     1     2  0.605859E+00  0.605859E+00  0.105469E-01
     1         19     1     2  0.621680E+00  0.621680E+00  0.158203E-01
     1         20     1     3  0.645410E+00  0.645410E+00  0.237305E-01
     1         21     1     2  0.681006E+00  0.681006E+00  0.355957E-01
     1         22     1     2  0.731006E+00  0.731006E+00  0.500000E-01
     1         23     1     2  0.781006E+00  0.781006E+00  0.500000E-01
     1         24     1     2  0.831006E+00  0.831006E+00  0.500000E-01
     1         25     1     2  0.881006E+00  0.881006E+00  0.500000E-01
     1         26     1     2  0.931006E+00  0.931006E+00  0.500000E-01
     1         27     1     2  0.981006E+00  0.981006E+00  0.500000E-01
     1         28     1     2  0.100000E+01  0.100000E+01  0.189941E-01
