SUMMARY OF C0NVERGENCE INFORMATION
  STEP   INC  ATT   ITER     CONT.   RESID.        CORR.      RESID.      CORR.
                              EL.    FORCE         DISP       FLUX        TEMP.
                              (#)     (%)           (%)        (%)         (%)
     1     1     1     1        0  0.5755E+04  0.1000E+03  0.0000E+00  0.0000E+00
     1     1     1     2        0  0.7766E+02  0.1006E+02  0.0000E+00  0.0000E+00
     1     1     1     3        0  0.0000E+00  0.2024E-01  0.0000E+00  0.0000E+00
     1     2     1     1        0  0.0000E+00  0.3981E+01  0.0000E+00  0.0000E+00
     1     2     1     2        0  0.0000E+00  0.1140E-01  0.0000E+00  0.0000E+00
     1     3     1     1        0  0.0000E+00  0.4836E+00  0.0000E+00  0.0000E+00
     1     3     1     2        0  0.0000E+00  0.2354E-02  0.0000E+00  0.0000E+00
     1     4     1     1        0  0.0000E+00  0.7226E+00  0.0000E+00  0.0000E+00
     1     4     1     2        0  0.0000E+00  0.5143E-02  0.0000E+00  0.0000E+00
     1     5     1     1        0  0.0000E+00  0.8931E+00  0.0000E+00  0.0000E+00
     1     5     1     2        0  0.0000E+00  0.7514E-02  0.0000E+00  0.0000E+00
     1     6     1     1        0  0.0000E+00  0.9742E+00  0.0000E+00  0.0000E+00
     1     6     1     2        0  0.0000E+00  0.9322E-02  0.0000E+00  0.0000E+00
     1     7     1     1        0  0.0000E+00  0.1191E+01  0.0000E+00  0.0000E+00
     1     7     1     2        0  0.0000E+00  0.1154E-01  0.0000E+00  0.0000E+00
     1     8     1     1        0  0.0000E+00  0.1569E+01  0.0000E+00  0.0000E+00
     1     8     1     2        0  0.0000E+00  0.1381E-01  0.0000E+00  0.0000E+00
     1     9     1     1        0  0.0000E+00  0.2434E+01  0.0000E+00  0.0000E+00
     1     9     1     2        0  0.0000E+00  0.1611E-01  0.0000E+00  0.0000E+00
     1    10     1     1        0  0.0000E+00  0.4593E+01  0.0000E+00  0.0000E+00
     1    10     1     2        0  0.0000E+00  0.2714E-01  0.0000E+00  0.0000E+00
     1    11     1     1        0  0.0000E+00  0.1617E+02  0.0000E+00  0.0000E+00
     1    11     1     2        0  0.0000E+00  0.4462E+00  0.0000E+00  0.0000E+00
     1    12     1     1        0  0.2606E+02  0.1000E+03  0.0000E+00  0.0000E+00
     1    12     1     2        0  0.0000E+00  0.2030E+02  0.0000E+00  0.0000E+00
     1    13     1     1        0  0.2769E+04  0.1000E+03  0.0000E+00  0.0000E+00
     1    13     1     2        0  0.2130E+04  0.2175E+02  0.0000E+00  0.0000E+00
     1    13     1     3        0  0.2222E+03  0.1951E+02  0.0000E+00  0.0000E+00
     1    13     1     4        0  0.7966E+03  0.4840E+02  0.0000E+00  0.0000E+00
     1    13     1     5        0  0.5126E+02  0.1507E+02  0.0000E+00  0.0000E+00
     1    13     1     6        0  0.7629E+02  0.1583E+02  0.0000E+00  0.0000E+00
     1    13     1     7        0  0.2705E+04  0.1000E+03  0.0000E+00  0.0000E+00
     1    13     2     1        0  0.2676E+02  0.1000E+03  0.0000E+00  0.0000E+00
     1    13     2     2        0  0.0000E+00  0.3281E+02  0.0000E+00  0.0000E+00
     1    14     1     1        0  0.0000E+00  0.2967E+02  0.0000E+00  0.0000E+00
     1    14     1     2        0  0.0000E+00  0.8431E+01  0.0000E+00  0.0000E+00
     1    15     1     1        0  0.0000E+00  0.1102E+02  0.0000E+00  0.0000E+00
     1    15     1     2        0  0.0000E+00  0.9126E+00  0.0000E+00  0.0000E+00
     1    16     1     1        0  0.2013E+03  0.1000E+03  0.0000E+00  0.0000E+00
     1    16     1     2        0  0.1423E+02  0.2529E+02  0.0000E+00  0.0000E+00
     1    16     1     3        0  0.6511E+02  0.5402E+02  0.0000E+00  0.0000E+00
     1    16     1     4        0  0.2283E+03  0.1000E+03  0.0000E+00  0.0000E+00
     1    16     2     1        0  0.0000E+00  0.1713E+02  0.0000E+00  0.0000E+00
     1    16     2     2        0  0.0000E+00  0.8454E+00  0.0000E+00  0.0000E+00
     1    17     1     1        0  0.0000E+00  0.9320E+01  0.0000E+00  0.0000E+00
     1    17     1     2        0  0.0000E+00  0.3647E+00  0.0000E+00  0.0000E+00
     1    18     1     1        0  0.0000E+00  0.1915E+02  0.0000E+00  0.0000E+00
     1    18     1     2        0  0.0000E+00  0.1975E+01  0.0000E+00  0.0000E+00
     1    19     1     1        0  0.2888E+01  0.7617E+02  0.0000E+00  0.0000E+00
     1    19     1     2        0  0.0000E+00  0.2727E+02  0.0000E+00  0.0000E+00
     1    20     1     1        0  0.1252E+02  0.8782E+02  0.0000E+00  0.0000E+00
     1    20     1     2        0  0.4115E+01  0.4953E+02  0.0000E+00  0.0000E+00
     1    20     1     3        0  0.0000E+00  0.7864E+01  0.0000E+00  0.0000E+00
     1    21     1     1        0  0.3048E+01  0.2680E+02  0.0000E+00  0.0000E+00
     1    21     1     2        0  0.0000E+00  0.1423E+02  0.0000E+00  0.0000E+00
     1    22     1     1        0  0.4893E+01  0.3173E+02  0.0000E+00  0.0000E+00
     1    22     1     2        0  0.0000E+00  0.1080E+02  0.0000E+00  0.0000E+00
     1    23     1     1        0  0.5658E+01  0.1544E+02  0.0000E+00  0.0000E+00
     1    23     1     2        0  0.0000E+00  0.1898E+01  0.0000E+00  0.0000E+00
     1    24     1     1        0  0.5141E+01  0.9827E+01  0.0000E+00  0.0000E+00
     1    24     1     2        0  0.0000E+00  0.5644E+00  0.0000E+00  0.0000E+00
     1    25     1     1        0  0.4503E+01  0.8102E+01  0.0000E+00  0.0000E+00
     1    25     1     2        0  0.0000E+00  0.4847E+00  0.0000E+00  0.0000E+00
     1    26     1     1        0  0.3659E+01  0.7878E+01  0.0000E+00  0.0000E+00
     1    26     1     2        0  0.0000E+00  0.5124E+00  0.0000E+00  0.0000E+00
     1    27     1     1        0  0.2789E+01  0.1041E+02  0.0000E+00  0.0000E+00
     1    27     1     2        0  0.0000E+00  0.6033E+00  0.0000E+00  0.0000E+00
     1    28     1     1        0  0.0000E+00  0.8444E+01  0.0000E+00  0.0000E+00
     1    28     1     2        0  0.0000E+00  0.1700E+00  0.0000E+00  0.0000E+00
