SUMMARY OF C0NVERGENCE INFORMATION
  STEP   INC  ATT   ITER     CONT.   RESID.        CORR.      RESID.      CORR.
                              EL.    FORCE         DISP       FLUX        TEMP.
                              (#)     (%)           (%)        (%)         (%)
     1     1     1     1        0  0.6949E+04  0.1000E+03  0.0000E+00  0.0000E+00
     1     1     1     2        0  0.1068E+03  0.1056E+02  0.0000E+00  0.0000E+00
     1     1     1     3        0  0.0000E+00  0.2137E-01  0.0000E+00  0.0000E+00
     1     2     1     1        0  0.0000E+00  0.3434E+01  0.0000E+00  0.0000E+00
     1     2     1     2        0  0.0000E+00  0.1045E-01  0.0000E+00  0.0000E+00
     1     3     1     1        0  0.0000E+00  0.6005E+00  0.0000E+00  0.0000E+00
     1     3     1     2        0  0.0000E+00  0.3229E-02  0.0000E+00  0.0000E+00
     1     4     1     1        0  0.0000E+00  0.9076E+00  0.0000E+00  0.0000E+00
     1     4     1     2        0  0.0000E+00  0.1013E-01  0.0000E+00  0.0000E+00
     1     5     1     1        0  0.0000E+00  0.1141E+01  0.0000E+00  0.0000E+00
     1     5     1     2        0  0.0000E+00  0.1534E-01  0.0000E+00  0.0000E+00
     1     6     1     1        0  0.0000E+00  0.1362E+01  0.0000E+00  0.0000E+00
     1     6     1     2        0  0.0000E+00  0.1781E-01  0.0000E+00  0.0000E+00
     1     7     1     1        0  0.7509E+01  0.1906E+01  0.0000E+00  0.0000E+00
     1     7     1     2        0  0.0000E+00  0.2096E-01  0.0000E+00  0.0000E+00
     1     8     1     1        0  0.7911E+01  0.3306E+01  0.0000E+00  0.0000E+00
     1     8     1     2        0  0.0000E+00  0.2470E-01  0.0000E+00  0.0000E+00
     1     9     1     1        0  0.8447E+01  0.8832E+01  0.0000E+00  0.0000E+00
     1     9     1     2        0  0.0000E+00  0.8589E-01  0.0000E+00  0.0000E+00
     1    10     1     1        0  0.9981E+01  0.1000E+03  0.0000E+00  0.0000E+00
     1    10     1     2        0  0.0000E+00  0.1124E+02  0.0000E+00  0.0000E+00
     1    11     1     1        0  0.9960E+02  0.1000E+03  0.0000E+00  0.0000E+00
     1    11     1     2        0  0.1264E+02  0.3401E+02  0.0000E+00  0.0000E+00
     1    11     1     3        0  0.0000E+00  0.9611E+01  0.0000E+00  0.0000E+00
     1    12     1     1        0  0.2961E+02  0.1000E+03  0.0000E+00  0.0000E+00
     1    12     1     2        0  0.0000E+00  0.1510E+02  0.0000E+00  0.0000E+00
     1    13     1     1        0  0.1048E+02  0.4290E+02  0.0000E+00  0.0000E+00
     1    13     1     2        0  0.0000E+00  0.7613E+00  0.0000E+00  0.0000E+00
     1    14     1     1        0  0.1149E+02  0.6978E+02  0.0000E+00  0.0000E+00
     1    14     1     2        0  0.0000E+00  0.2264E+01  0.0000E+00  0.0000E+00
     1    15     1     1        0  0.1663E+02  0.1000E+03  0.0000E+00  0.0000E+00
     1    15     1     2        0  0.0000E+00  0.1218E+02  0.0000E+00  0.0000E+00
     1    16     1     1        0  0.2133E+02  0.4059E+02  0.0000E+00  0.0000E+00
     1    16     1     2        0  0.0000E+00  0.2113E+01  0.0000E+00  0.0000E+00
     1    17     1     1        0  0.9509E+01  0.2746E+02  0.0000E+00  0.0000E+00
     1    17     1     2        0  0.0000E+00  0.3137E+01  0.0000E+00  0.0000E+00
     1    18     1     1        0  0.9061E+01  0.3334E+02  0.0000E+00  0.0000E+00
     1    18     1     2        0  0.0000E+00  0.6360E+01  0.0000E+00  0.0000E+00
     1    19     1     1        0  0.3683E+01  0.1954E+02  0.0000E+00  0.0000E+00
     1    19     1     2        0  0.0000E+00  0.1132E+01  0.0000E+00  0.0000E+00
     1    20     1     1        0  0.2945E+01  0.1316E+02  0.0000E+00  0.0000E+00
     1    20     1     2        0  0.0000E+00  0.5091E+00  0.0000E+00  0.0000E+00
     1    21     1     1        0  0.2607E+01  0.1115E+02  0.0000E+00  0.0000E+00
     1    21     1     2        0  0.0000E+00  0.3008E+00  0.0000E+00  0.0000E+00
     1    22     1     1        0  0.0000E+00  0.6188E+01  0.0000E+00  0.0000E+00
     1    22     1     2        0  0.0000E+00  0.2571E-01  0.0000E+00  0.0000E+00
