SUMMARY OF JOB INFORMATION
  STEP      INC     ATT  ITRS     TOT TIME     STEP TIME      INC TIME
     1          1     1     2  0.250000E-01  0.250000E-01  0.250000E-01
     1          2     1     2  0.500000E-01  0.500000E-01  0.250000E-01
     1          3     1     2  0.875000E-01  0.875000E-01  0.375000E-01
     1          4     1     2  0.137500E+00  0.137500E+00  0.500000E-01
     1          5     1     2  0.187500E+00  0.187500E+00  0.500000E-01
     1          6     1     4  0.237500E+00  0.237500E+00  0.500000E-01
     1          7     1U    9  0.237500E+00  0.237500E+00  0.500000E-01
     1          7     2     4  0.250000E+00  0.250000E+00  0.125000E-01
     1          8     1     5  0.262500E+00  0.262500E+00  0.125000E-01
     1          9     1     3  0.275000E+00  0.275000E+00  0.125000E-01
     1         10     1     4  0.287500E+00  0.287500E+00  0.125000E-01
     1         11     1     4  0.306250E+00  0.306250E+00  0.187500E-01
     1         12     1     4  0.334375E+00  0.334375E+00  0.281250E-01
     1         13     1U    4  0.334375E+00  0.334375E+00  0.421875E-01
     1         13     2     4  0.344922E+00  0.344922E+00  0.105469E-01
     1         14     1U   10  0.344922E+00  0.344922E+00  0.105469E-01
     1         14     2     2  0.347559E+00  0.347559E+00  0.263672E-02
     1         15     1     2  0.350195E+00  0.350195E+00  0.263672E-02
     1         16     1     2  0.354150E+00  0.354150E+00  0.395508E-02
     1         17     1     2  0.360083E+00  0.360083E+00  0.593262E-02
     1         18     1     2  0.368982E+00  0.368982E+00  0.889893E-02
     1         19     1     3  0.382330E+00  0.382330E+00  0.133484E-01
     1         20     1     3  0.402353E+00  0.402353E+00  0.200226E-01
     1         21     1     3  0.432387E+00  0.432387E+00  0.300339E-01
     1         22     1     3  0.477438E+00  0.477438E+00  0.450508E-01
     1         23     1     3  0.527438E+00  0.527438E+00  0.500000E-01
     1         24     1     3  0.577438E+00  0.577438E+00  0.500000E-01
     1         25     1     3  0.627438E+00  0.627438E+00  0.500000E-01
     1         26     1     3  0.677438E+00  0.677438E+00  0.500000E-01
     1         27     1     3  0.727438E+00  0.727438E+00  0.500000E-01
     1         28     1     2  0.777438E+00  0.777438E+00  0.500000E-01
     1         29     1     2  0.827438E+00  0.827438E+00  0.500000E-01
     1         30     1     2  0.877438E+00  0.877438E+00  0.500000E-01
     1         31     1     2  0.927438E+00  0.927438E+00  0.500000E-01
     1         32     1     2  0.977438E+00  0.977438E+00  0.500000E-01
     1         33     1     2  0.100000E+01  0.100000E+01  0.225624E-01
