SUMMARY OF C0NVERGENCE INFORMATION
  STEP   INC  ATT   ITER     CONT.   RESID.        CORR.      RESID.      CORR.
                              EL.    FORCE         DISP       FLUX        TEMP.
                              (#)     (%)           (%)        (%)         (%)
     1     1     1     1        0  0.1698E+04  0.1000E+03  0.0000E+00  0.0000E+00
     1     1     1     2        0  0.0000E+00  0.2104E+01  0.0000E+00  0.0000E+00
     1     2     1     1        0  0.0000E+00  0.4881E+00  0.0000E+00  0.0000E+00
     1     2     1     2        0  0.0000E+00  0.1431E-02  0.0000E+00  0.0000E+00
     1     3     1     1        0  0.1468E+02  0.7776E+00  0.0000E+00  0.0000E+00
     1     3     1     2        0  0.0000E+00  0.2536E-02  0.0000E+00  0.0000E+00
     1     4     1     1        0  0.9367E+02  0.1618E+01  0.0000E+00  0.0000E+00
     1     4     1     2        0  0.0000E+00  0.1392E-01  0.0000E+00  0.0000E+00
     1     5     1     1        0  0.5389E+03  0.4590E+01  0.0000E+00  0.0000E+00
     1     5     1     2        0  0.0000E+00  0.7688E-01  0.0000E+00  0.0000E+00
     1     6     1     1        0  0.7259E+04  0.1946E+02  0.0000E+00  0.0000E+00
     1     6     1     2        0  0.9101E+02  0.2184E+01  0.0000E+00  0.0000E+00
     1     6     1     3        0  0.5659E+02  0.1715E+01  0.0000E+00  0.0000E+00
     1     6     1     4        0  0.0000E+00  0.2062E-02  0.0000E+00  0.0000E+00
     1     7     1     1        0  0.1326E+06  0.1000E+03  0.0000E+00  0.0000E+00
     1     7     1     2        0  0.3721E+05  0.5127E+02  0.0000E+00  0.0000E+00
     1     7     1     3        0  0.3025E+05  0.4583E+02  0.0000E+00  0.0000E+00
     1     7     1     4        0  0.5054E+05  0.6254E+02  0.0000E+00  0.0000E+00
     1     7     1     5        0  0.2687E+04  0.1357E+02  0.0000E+00  0.0000E+00
     1     7     1     6        0  0.1351E+06  0.1000E+03  0.0000E+00  0.0000E+00
     1     7     1     7        0  0.1556E+03  0.2966E+01  0.0000E+00  0.0000E+00
     1     7     1     8        0  0.1386E+06  0.9683E+02  0.0000E+00  0.0000E+00
     1     7     1     9        0  0.2403E+03  0.3740E+01  0.0000E+00  0.0000E+00
     1     7     2     1        0  0.1357E+04  0.3686E+02  0.0000E+00  0.0000E+00
     1     7     2     2        0  0.5051E+03  0.2258E+02  0.0000E+00  0.0000E+00
     1     7     2     3        0  0.2997E+02  0.5486E+01  0.0000E+00  0.0000E+00
     1     7     2     4        0  0.0000E+00  0.3810E+00  0.0000E+00  0.0000E+00
     1     8     1     1        0  0.2203E+04  0.4972E+02  0.0000E+00  0.0000E+00
     1     8     1     2        0  0.2733E+04  0.6306E+02  0.0000E+00  0.0000E+00
     1     8     1     3        0  0.4318E+03  0.2212E+02  0.0000E+00  0.0000E+00
     1     8     1     4        0  0.2033E+03  0.1516E+02  0.0000E+00  0.0000E+00
     1     8     1     5        0  0.0000E+00  0.9452E+00  0.0000E+00  0.0000E+00
     1     9     1     1        0  0.1097E+03  0.1989E+02  0.0000E+00  0.0000E+00
     1     9     1     2        0  0.4148E+03  0.1345E+02  0.0000E+00  0.0000E+00
     1     9     1     3        0  0.0000E+00  0.6129E+00  0.0000E+00  0.0000E+00
     1    10     1     1        0  0.1032E+03  0.2515E+02  0.0000E+00  0.0000E+00
     1    10     1     2        0  0.7387E+03  0.2154E+02  0.0000E+00  0.0000E+00
     1    10     1     3        0  0.6848E+01  0.1906E+01  0.0000E+00  0.0000E+00
     1    10     1     4        0  0.0000E+00  0.2505E+00  0.0000E+00  0.0000E+00
     1    11     1     1        0  0.1446E+04  0.8762E+02  0.0000E+00  0.0000E+00
     1    11     1     2        0  0.3476E+03  0.1404E+02  0.0000E+00  0.0000E+00
     1    11     1     3        0  0.1528E+01  0.1588E+01  0.0000E+00  0.0000E+00
     1    11     1     4        0  0.0000E+00  0.3906E-01  0.0000E+00  0.0000E+00
     1    12     1     1        0  0.1075E+03  0.8540E+02  0.0000E+00  0.0000E+00
     1    12     1     2        0  0.4480E+03  0.1929E+02  0.0000E+00  0.0000E+00
     1    12     1     3        0  0.1518E+01  0.3861E+01  0.0000E+00  0.0000E+00
     1    12     1     4        0  0.0000E+00  0.8339E-01  0.0000E+00  0.0000E+00
     1    13     1     1        0  0.4430E+03  0.1000E+03  0.0000E+00  0.0000E+00
     1    13     1     2        0  0.3643E+04  0.1000E+03  0.0000E+00  0.0000E+00
     1    13     1     3        0  0.5774E+06  0.6992E+02  0.0000E+00  0.0000E+00
     1    13     1     4        0  0.3067E+08  0.1000E+03  0.0000E+00  0.0000E+00
     1    13     2     1        0  0.1921E+02  0.1000E+03  0.0000E+00  0.0000E+00
     1    13     2     2        0  0.4966E+01  0.3316E+02  0.0000E+00  0.0000E+00
     1    13     2     3        0  0.7836E+00  0.2494E+02  0.0000E+00  0.0000E+00
     1    13     2     4        0  0.0000E+00  0.1262E+02  0.0000E+00  0.0000E+00
     1    14     1     1        0  0.8071E+03  0.1000E+03  0.0000E+00  0.0000E+00
     1    14     1     2        0  0.1149E+04  0.3242E+02  0.0000E+00  0.0000E+00
     1    14     1     3        0  0.4499E+03  0.2341E+02  0.0000E+00  0.0000E+00
     1    14     1     4        0  0.3040E+02  0.1362E+02  0.0000E+00  0.0000E+00
     1    14     1     5        0  0.8725E+01  0.9687E+01  0.0000E+00  0.0000E+00
     1    14     1     6        0  0.3886E+01  0.6505E+01  0.0000E+00  0.0000E+00
     1    14     1     7        0  0.1727E+01  0.4335E+01  0.0000E+00  0.0000E+00
     1    14     1     8        0  0.6913E+00  0.2889E+01  0.0000E+00  0.0000E+00
     1    14     1     9        0  0.8837E+00  0.3483E+01  0.0000E+00  0.0000E+00
     1    14     1    10        0  0.2744E+01  0.5183E+01  0.0000E+00  0.0000E+00
     1    14     2     1        0  0.0000E+00  0.5398E+02  0.0000E+00  0.0000E+00
     1    14     2     2        0  0.0000E+00  0.5411E+01  0.0000E+00  0.0000E+00
     1    15     1     1        0  0.0000E+00  0.4439E+02  0.0000E+00  0.0000E+00
     1    15     1     2        0  0.0000E+00  0.3350E+01  0.0000E+00  0.0000E+00
     1    16     1     1        0  0.0000E+00  0.1804E+02  0.0000E+00  0.0000E+00
     1    16     1     2        0  0.0000E+00  0.5641E+00  0.0000E+00  0.0000E+00
     1    17     1     1        0  0.0000E+00  0.1908E+02  0.0000E+00  0.0000E+00
     1    17     1     2        0  0.0000E+00  0.1776E+01  0.0000E+00  0.0000E+00
     1    18     1     1        0  0.0000E+00  0.2225E+02  0.0000E+00  0.0000E+00
     1    18     1     2        0  0.0000E+00  0.3264E+01  0.0000E+00  0.0000E+00
     1    19     1     1        0  0.1484E+01  0.2238E+02  0.0000E+00  0.0000E+00
     1    19     1     2        0  0.4689E+00  0.4579E+01  0.0000E+00  0.0000E+00
     1    19     1     3        0  0.0000E+00  0.1009E+00  0.0000E+00  0.0000E+00
     1    20     1     1        0  0.4665E+01  0.2186E+02  0.0000E+00  0.0000E+00
     1    20     1     2        0  0.2664E+01  0.6523E+01  0.0000E+00  0.0000E+00
     1    20     1     3        0  0.0000E+00  0.2154E+00  0.0000E+00  0.0000E+00
     1    21     1     1        0  0.1158E+02  0.2132E+02  0.0000E+00  0.0000E+00
     1    21     1     2        0  0.1122E+02  0.7945E+01  0.0000E+00  0.0000E+00
     1    21     1     3        0  0.0000E+00  0.3508E+00  0.0000E+00  0.0000E+00
     1    22     1     1        0  0.2532E+02  0.2035E+02  0.0000E+00  0.0000E+00
     1    22     1     2        0  0.3718E+02  0.7602E+01  0.0000E+00  0.0000E+00
     1    22     1     3        0  0.0000E+00  0.3719E+00  0.0000E+00  0.0000E+00
     1    23     1     1        0  0.2859E+02  0.1709E+02  0.0000E+00  0.0000E+00
     1    23     1     2        0  0.3082E+02  0.5193E+01  0.0000E+00  0.0000E+00
     1    23     1     3        0  0.0000E+00  0.1536E+00  0.0000E+00  0.0000E+00
     1    24     1     1        0  0.2126E+02  0.1340E+02  0.0000E+00  0.0000E+00
     1    24     1     2        0  0.1146E+02  0.3183E+01  0.0000E+00  0.0000E+00
     1    24     1     3        0  0.0000E+00  0.4928E-01  0.0000E+00  0.0000E+00
     1    25     1     1        0  0.1470E+02  0.1103E+02  0.0000E+00  0.0000E+00
     1    25     1     2        0  0.4051E+01  0.2022E+01  0.0000E+00  0.0000E+00
     1    25     1     3        0  0.0000E+00  0.2232E-01  0.0000E+00  0.0000E+00
     1    26     1     1        0  0.1030E+02  0.8584E+01  0.0000E+00  0.0000E+00
     1    26     1     2        0  0.1599E+01  0.1216E+01  0.0000E+00  0.0000E+00
     1    26     1     3        0  0.0000E+00  0.1905E-01  0.0000E+00  0.0000E+00
     1    27     1     1        0  0.7350E+01  0.6764E+01  0.0000E+00  0.0000E+00
     1    27     1     2        0  0.6911E+00  0.7763E+00  0.0000E+00  0.0000E+00
     1    27     1     3        0  0.0000E+00  0.1677E-01  0.0000E+00  0.0000E+00
     1    28     1     1        0  0.5346E+01  0.5547E+01  0.0000E+00  0.0000E+00
     1    28     1     2        0  0.3229E+00  0.5775E+00  0.0000E+00  0.0000E+00
     1    29     1     1        0  0.3966E+01  0.4768E+01  0.0000E+00  0.0000E+00
     1    29     1     2        0  0.0000E+00  0.4365E+00  0.0000E+00  0.0000E+00
     1    30     1     1        0  0.3061E+01  0.4123E+01  0.0000E+00  0.0000E+00
     1    30     1     2        0  0.0000E+00  0.3523E+00  0.0000E+00  0.0000E+00
     1    31     1     1        0  0.2442E+01  0.3718E+01  0.0000E+00  0.0000E+00
     1    31     1     2        0  0.0000E+00  0.2809E+00  0.0000E+00  0.0000E+00
     1    32     1     1        0  0.1975E+01  0.3508E+01  0.0000E+00  0.0000E+00
     1    32     1     2        0  0.0000E+00  0.2246E+00  0.0000E+00  0.0000E+00
     1    33     1     1        0  0.1921E+00  0.2447E+01  0.0000E+00  0.0000E+00
     1    33     1     2        0  0.0000E+00  0.1035E+00  0.0000E+00  0.0000E+00
