SUMMARY OF C0NVERGENCE INFORMATION
  STEP   INC  ATT   ITER     CONT.   RESID.        CORR.      RESID.      CORR.
                              EL.    FORCE         DISP       FLUX        TEMP.
                              (#)     (%)           (%)        (%)         (%)
     1     1     1     1        0  0.5460E+04  0.1000E+03  0.0000E+00  0.0000E+00
     1     1     1     2        0  0.5136E+02  0.7688E+01  0.0000E+00  0.0000E+00
     1     1     1     3        0  0.0000E+00  0.1284E-01  0.0000E+00  0.0000E+00
     1     2     1     1        0  0.0000E+00  0.7325E+00  0.0000E+00  0.0000E+00
     1     2     1     2        0  0.0000E+00  0.1241E-02  0.0000E+00  0.0000E+00
     1     3     1     1        0  0.0000E+00  0.4212E+00  0.0000E+00  0.0000E+00
     1     3     1     2        0  0.0000E+00  0.1652E-02  0.0000E+00  0.0000E+00
     1     4     1     1        0  0.0000E+00  0.6063E+00  0.0000E+00  0.0000E+00
     1     4     1     2        0  0.0000E+00  0.3443E-02  0.0000E+00  0.0000E+00
     1     5     1     1        0  0.0000E+00  0.7140E+00  0.0000E+00  0.0000E+00
     1     5     1     2        0  0.0000E+00  0.5584E-02  0.0000E+00  0.0000E+00
     1     6     1     1        0  0.0000E+00  0.7383E+00  0.0000E+00  0.0000E+00
     1     6     1     2        0  0.0000E+00  0.7316E-02  0.0000E+00  0.0000E+00
     1     7     1     1        0  0.0000E+00  0.8295E+00  0.0000E+00  0.0000E+00
     1     7     1     2        0  0.0000E+00  0.8982E-02  0.0000E+00  0.0000E+00
     1     8     1     1        0  0.0000E+00  0.1761E+01  0.0000E+00  0.0000E+00
     1     8     1     2        0  0.0000E+00  0.1139E-01  0.0000E+00  0.0000E+00
     1     9     1     1        0  0.0000E+00  0.5292E+01  0.0000E+00  0.0000E+00
     1     9     1     2        0  0.0000E+00  0.6569E-01  0.0000E+00  0.0000E+00
     1    10     1     1        0  0.2305E+01  0.6612E+02  0.0000E+00  0.0000E+00
     1    10     1     2        0  0.0000E+00  0.1355E+02  0.0000E+00  0.0000E+00
     1    11     1     1        0  0.5929E+02  0.1000E+03  0.0000E+00  0.0000E+00
     1    11     1     2        0  0.8322E+01  0.3273E+02  0.0000E+00  0.0000E+00
     1    11     1     3        0  0.2049E+01  0.1676E+02  0.0000E+00  0.0000E+00
     1    11     1     4        0  0.0000E+00  0.1684E+01  0.0000E+00  0.0000E+00
     1    12     1     1        0  0.1652E+02  0.4635E+02  0.0000E+00  0.0000E+00
     1    12     1     2        0  0.0000E+00  0.8100E+01  0.0000E+00  0.0000E+00
     1    13     1     1        0  0.1732E+02  0.6309E+02  0.0000E+00  0.0000E+00
     1    13     1     2        0  0.2672E+01  0.2094E+02  0.0000E+00  0.0000E+00
     1    13     1     3        0  0.0000E+00  0.1104E+02  0.0000E+00  0.0000E+00
     1    14     1     1        0  0.7608E+01  0.3489E+02  0.0000E+00  0.0000E+00
     1    14     1     2        0  0.5550E+01  0.2741E+02  0.0000E+00  0.0000E+00
     1    14     1     3        0  0.0000E+00  0.7553E+01  0.0000E+00  0.0000E+00
     1    15     1     1        0  0.0000E+00  0.1857E+02  0.0000E+00  0.0000E+00
     1    15     1     2        0  0.0000E+00  0.2940E+01  0.0000E+00  0.0000E+00
     1    16     1     1        0  0.7726E+02  0.1000E+03  0.0000E+00  0.0000E+00
     1    16     1     2        0  0.6195E+01  0.2634E+02  0.0000E+00  0.0000E+00
     1    16     1     3        0  0.4258E+01  0.2346E+02  0.0000E+00  0.0000E+00
     1    16     1     4        0  0.1920E+01  0.1584E+02  0.0000E+00  0.0000E+00
     1    16     1     5        0  0.1148E+01  0.1228E+02  0.0000E+00  0.0000E+00
     1    16     1     6        0  0.0000E+00  0.1185E+02  0.0000E+00  0.0000E+00
     1    17     1     1        0  0.1401E+02  0.1000E+03  0.0000E+00  0.0000E+00
     1    17     1     2        0  0.1046E+03  0.1000E+03  0.0000E+00  0.0000E+00
     1    17     1     3        0  0.7295E+01  0.2990E+02  0.0000E+00  0.0000E+00
     1    17     1     4        0  0.6208E+01  0.2334E+02  0.0000E+00  0.0000E+00
     1    17     1     5        0  0.1671E+02  0.4452E+02  0.0000E+00  0.0000E+00
     1    17     1     6        0  0.3303E+01  0.1725E+02  0.0000E+00  0.0000E+00
     1    17     1     7        0  0.1531E+02  0.3790E+02  0.0000E+00  0.0000E+00
     1    17     1     8        0  0.3029E+02  0.5242E+02  0.0000E+00  0.0000E+00
     1    17     2     1        0  0.0000E+00  0.1000E+03  0.0000E+00  0.0000E+00
     1    17     2     2        0  0.0000E+00  0.2846E+02  0.0000E+00  0.0000E+00
     1    18     1     1        0  0.0000E+00  0.1000E+03  0.0000E+00  0.0000E+00
     1    18     1     2        0  0.0000E+00  0.3122E+02  0.0000E+00  0.0000E+00
     1    19     1     1        0  0.0000E+00  0.6263E+02  0.0000E+00  0.0000E+00
     1    19     1     2        0  0.0000E+00  0.1254E+02  0.0000E+00  0.0000E+00
     1    20     1     1        0  0.0000E+00  0.3258E+02  0.0000E+00  0.0000E+00
     1    20     1     2        0  0.0000E+00  0.6841E+01  0.0000E+00  0.0000E+00
     1    21     1     1        0  0.0000E+00  0.2443E+02  0.0000E+00  0.0000E+00
     1    21     1     2        0  0.0000E+00  0.5061E+01  0.0000E+00  0.0000E+00
     1    22     1     1        0  0.1565E+01  0.2578E+02  0.0000E+00  0.0000E+00
     1    22     1     2        0  0.0000E+00  0.3478E+01  0.0000E+00  0.0000E+00
     1    23     1     1        0  0.2364E+01  0.1623E+02  0.0000E+00  0.0000E+00
     1    23     1     2        0  0.0000E+00  0.1399E+01  0.0000E+00  0.0000E+00
     1    24     1     1        0  0.2931E+01  0.1383E+02  0.0000E+00  0.0000E+00
     1    24     1     2        0  0.0000E+00  0.6703E+00  0.0000E+00  0.0000E+00
