SUMMARY OF C0NVERGENCE INFORMATION
  STEP   INC  ATT   ITER     CONT.   RESID.        CORR.      RESID.      CORR.
                              EL.    FORCE         DISP       FLUX        TEMP.
                              (#)     (%)           (%)        (%)         (%)
     1     1     1     1        0  0.4958E+04  0.1000E+03  0.0000E+00  0.0000E+00
     1     1     1     2        0  0.3498E+02  0.5900E+01  0.0000E+00  0.0000E+00
     1     1     1     3        0  0.0000E+00  0.1102E-01  0.0000E+00  0.0000E+00
     1     2     1     1        0  0.0000E+00  0.2617E+00  0.0000E+00  0.0000E+00
     1     2     1     2        0  0.0000E+00  0.6913E-03  0.0000E+00  0.0000E+00
     1     3     1     1        0  0.0000E+00  0.5238E+00  0.0000E+00  0.0000E+00
     1     3     1     2        0  0.0000E+00  0.2247E-02  0.0000E+00  0.0000E+00
     1     4     1     1        0  0.9867E+01  0.7378E+00  0.0000E+00  0.0000E+00
     1     4     1     2        0  0.0000E+00  0.7408E-02  0.0000E+00  0.0000E+00
     1     5     1     1        0  0.1368E+02  0.8496E+00  0.0000E+00  0.0000E+00
     1     5     1     2        0  0.0000E+00  0.1447E-01  0.0000E+00  0.0000E+00
     1     6     1     1        0  0.1647E+02  0.8553E+00  0.0000E+00  0.0000E+00
     1     6     1     2        0  0.0000E+00  0.2341E-01  0.0000E+00  0.0000E+00
     1     7     1     1        0  0.2172E+02  0.1038E+01  0.0000E+00  0.0000E+00
     1     7     1     2        0  0.0000E+00  0.4005E-01  0.0000E+00  0.0000E+00
     1     8     1     1        0  0.3147E+02  0.1940E+01  0.0000E+00  0.0000E+00
     1     8     1     2        0  0.0000E+00  0.7398E-01  0.0000E+00  0.0000E+00
     1     9     1     1        0  0.7600E+02  0.4811E+01  0.0000E+00  0.0000E+00
     1     9     1     2        0  0.1962E+01  0.2724E+00  0.0000E+00  0.0000E+00
     1     9     1     3        0  0.0000E+00  0.1421E-02  0.0000E+00  0.0000E+00
     1    10     1     1        0  0.9432E+03  0.1842E+02  0.0000E+00  0.0000E+00
     1    10     1     2        0  0.1574E+03  0.2606E+01  0.0000E+00  0.0000E+00
     1    10     1     3        0  0.3334E+01  0.3782E+00  0.0000E+00  0.0000E+00
     1    10     1     4        0  0.0000E+00  0.1946E-01  0.0000E+00  0.0000E+00
     1    11     1     1        0  0.5666E+04  0.3854E+02  0.0000E+00  0.0000E+00
     1    11     1     2        0  0.5218E+04  0.1676E+02  0.0000E+00  0.0000E+00
     1    11     1     3        0  0.3087E+04  0.1293E+02  0.0000E+00  0.0000E+00
     1    11     1     4        0  0.2059E+04  0.1051E+02  0.0000E+00  0.0000E+00
     1    11     1     5        0  0.2966E+03  0.4028E+01  0.0000E+00  0.0000E+00
     1    11     1     6        0  0.3294E+02  0.1336E+01  0.0000E+00  0.0000E+00
     1    11     1     7        0  0.0000E+00  0.5205E-01  0.0000E+00  0.0000E+00
     1    12     1     1        0  0.7460E+03  0.2042E+02  0.0000E+00  0.0000E+00
     1    12     1     2        0  0.4235E+04  0.1855E+02  0.0000E+00  0.0000E+00
     1    12     1     3        0  0.1172E+02  0.9379E+00  0.0000E+00  0.0000E+00
     1    12     1     4        0  0.2168E+01  0.4212E+00  0.0000E+00  0.0000E+00
     1    12     1     5        0  0.0000E+00  0.1645E-02  0.0000E+00  0.0000E+00
     1    13     1     1        0  0.9541E+03  0.2726E+02  0.0000E+00  0.0000E+00
     1    13     1     2        0  0.1490E+04  0.1232E+02  0.0000E+00  0.0000E+00
     1    13     1     3        0  0.1195E+02  0.1125E+01  0.0000E+00  0.0000E+00
     1    13     1     4        0  0.0000E+00  0.1185E+00  0.0000E+00  0.0000E+00
     1    14     1     1        0  0.5922E+03  0.3837E+02  0.0000E+00  0.0000E+00
     1    14     1     2        0  0.1900E+03  0.9951E+01  0.0000E+00  0.0000E+00
     1    14     1     3        0  0.5481E+00  0.4604E+01  0.0000E+00  0.0000E+00
     1    14     1     4        0  0.0000E+00  0.7298E-01  0.0000E+00  0.0000E+00
     1    15     1     1        0  0.7982E+02  0.1912E+02  0.0000E+00  0.0000E+00
     1    15     1     2        0  0.3365E+02  0.3735E+02  0.0000E+00  0.0000E+00
     1    15     1     3        0  0.3523E+00  0.3966E+01  0.0000E+00  0.0000E+00
     1    16     1     1        0  0.9035E+02  0.2160E+02  0.0000E+00  0.0000E+00
     1    16     1     2        0  0.8520E+02  0.2493E+02  0.0000E+00  0.0000E+00
     1    16     1     3        0  0.0000E+00  0.3103E+01  0.0000E+00  0.0000E+00
     1    17     1     1        0  0.2236E+03  0.2022E+02  0.0000E+00  0.0000E+00
     1    17     1     2        0  0.3120E+02  0.9960E+01  0.0000E+00  0.0000E+00
     1    17     1     3        0  0.0000E+00  0.5139E+00  0.0000E+00  0.0000E+00
     1    18     1     1        0  0.5894E+03  0.3784E+02  0.0000E+00  0.0000E+00
     1    18     1     2        0  0.1971E+03  0.2140E+02  0.0000E+00  0.0000E+00
     1    18     1     3        0  0.8337E+02  0.1300E+02  0.0000E+00  0.0000E+00
     1    18     1     4        0  0.1909E+02  0.6126E+01  0.0000E+00  0.0000E+00
     1    18     1     5        0  0.1171E+01  0.1531E+01  0.0000E+00  0.0000E+00
     1    18     1     6        0  0.0000E+00  0.7334E-01  0.0000E+00  0.0000E+00
     1    19     1     1        0  0.3710E+03  0.3049E+02  0.0000E+00  0.0000E+00
     1    19     1     2        0  0.8882E+04  0.1000E+03  0.0000E+00  0.0000E+00
     1    19     1     3        0  0.3516E+03  0.1974E+02  0.0000E+00  0.0000E+00
     1    19     1     4        0  0.1000E+06  0.1000E+03  0.0000E+00  0.0000E+00
     1    19     1     5        0  0.7606E+04  0.1767E+02  0.0000E+00  0.0000E+00
     1    19     2     1        0  0.9109E+02  0.5615E+02  0.0000E+00  0.0000E+00
     1    19     2     2        0  0.2721E+03  0.9919E+02  0.0000E+00  0.0000E+00
     1    19     2     3        0  0.1066E+02  0.1940E+02  0.0000E+00  0.0000E+00
     1    19     2     4        0  0.1112E+02  0.2100E+02  0.0000E+00  0.0000E+00
     1    19     2     5        0  0.0000E+00  0.1080E+01  0.0000E+00  0.0000E+00
     1    20     1     1        0  0.9420E+02  0.2847E+02  0.0000E+00  0.0000E+00
     1    20     1     2        0  0.1416E+05  0.1000E+03  0.0000E+00  0.0000E+00
     1    20     1     3        0  0.4403E+03  0.1824E+02  0.0000E+00  0.0000E+00
     1    20     1     4        0  0.3382E+05  0.1000E+03  0.0000E+00  0.0000E+00
     1    20     1     5        0  0.1241E+04  0.1688E+02  0.0000E+00  0.0000E+00
     1    20     2     1        0  0.9764E+01  0.3438E+02  0.0000E+00  0.0000E+00
     1    20     2     2        0  0.4377E+02  0.7266E+02  0.0000E+00  0.0000E+00
     1    20     2     3        0  0.1091E+01  0.1114E+02  0.0000E+00  0.0000E+00
     1    20     2     4        0  0.1889E+00  0.4692E+01  0.0000E+00  0.0000E+00
     1    21     1     1        0  0.2047E+02  0.2478E+02  0.0000E+00  0.0000E+00
     1    21     1     2        0  0.5344E+04  0.1000E+03  0.0000E+00  0.0000E+00
     1    21     1     3        0  0.1245E+03  0.1535E+02  0.0000E+00  0.0000E+00
     1    21     1     4        0  0.4684E+03  0.3094E+02  0.0000E+00  0.0000E+00
     1    21     1     5        0  0.8126E+02  0.1226E+02  0.0000E+00  0.0000E+00
     1    21     1     6        0  0.3791E+03  0.2749E+02  0.0000E+00  0.0000E+00
     1    21     1     7        0  0.3874E+02  0.8764E+01  0.0000E+00  0.0000E+00
     1    21     1     8        0  0.3271E+04  0.7664E+02  0.0000E+00  0.0000E+00
     1    21     1     9        0  0.8099E+02  0.1376E+02  0.0000E+00  0.0000E+00
     1    21     2     1        0  0.4701E+01  0.4502E+02  0.0000E+00  0.0000E+00
     1    21     2     2        0  0.2396E+02  0.9923E+02  0.0000E+00  0.0000E+00
     1    21     2     3        0  0.2403E+01  0.3158E+02  0.0000E+00  0.0000E+00
     1    21     2     4        0  0.1300E+02  0.7239E+02  0.0000E+00  0.0000E+00
     1    21     2     5        0  0.4883E+02  0.1000E+03  0.0000E+00  0.0000E+00
     1    21     3     1        0  0.5373E+00  0.5920E+02  0.0000E+00  0.0000E+00
     1    21     3     2        0  0.0000E+00  0.1575E+02  0.0000E+00  0.0000E+00
     1    22     1     1        0  0.1486E+00  0.1848E+02  0.0000E+00  0.0000E+00
     1    22     1     2        0  0.0000E+00  0.8292E+00  0.0000E+00  0.0000E+00
     1    23     1     1        0  0.1463E+01  0.3363E+02  0.0000E+00  0.0000E+00
     1    23     1     2        0  0.6272E+00  0.2189E+02  0.0000E+00  0.0000E+00
     1    23     1     3        0  0.0000E+00  0.2320E+01  0.0000E+00  0.0000E+00
     1    24     1     1        0  0.1569E+02  0.5130E+02  0.0000E+00  0.0000E+00
     1    24     1     2        0  0.1769E+03  0.1000E+03  0.0000E+00  0.0000E+00
     1    24     1     3        0  0.3903E+01  0.1595E+02  0.0000E+00  0.0000E+00
     1    24     1     4        0  0.2427E+03  0.1000E+03  0.0000E+00  0.0000E+00
     1    24     1     5        0  0.1697E+02  0.2924E+02  0.0000E+00  0.0000E+00
     1    24     2     1        0  0.3396E+01  0.9190E+02  0.0000E+00  0.0000E+00
     1    24     2     2        0  0.1255E+03  0.1000E+03  0.0000E+00  0.0000E+00
     1    24     2     3        0  0.3352E+02  0.5462E+02  0.0000E+00  0.0000E+00
     1    24     2     4        0  0.1292E+03  0.1000E+03  0.0000E+00  0.0000E+00
     1    24     2     5        0  0.1014E+01  0.9374E+01  0.0000E+00  0.0000E+00
     1    24     2     6        0  0.9116E+01  0.2599E+02  0.0000E+00  0.0000E+00
     1    24     2     7        0  0.1147E+02  0.2880E+02  0.0000E+00  0.0000E+00
     1    24     3     1        0  0.1993E+00  0.8855E+02  0.0000E+00  0.0000E+00
     1    24     3     2        0  0.0000E+00  0.1269E+02  0.0000E+00  0.0000E+00
     1    25     1     1        0  0.1491E+00  0.4476E+02  0.0000E+00  0.0000E+00
     1    25     1     2        0  0.0000E+00  0.1913E+02  0.0000E+00  0.0000E+00
     1    26     1     1        0  0.1037E+02  0.1000E+03  0.0000E+00  0.0000E+00
     1    26     1     2        0  0.8695E+01  0.9173E+02  0.0000E+00  0.0000E+00
     1    26     1     3        0  0.3494E+01  0.5832E+02  0.0000E+00  0.0000E+00
     1    26     1     4        0  0.2590E+01  0.5000E+02  0.0000E+00  0.0000E+00
     1    26     1     5        0  0.2452E+04  0.1000E+03  0.0000E+00  0.0000E+00
     1    26     1     6        0  0.5003E+02  0.1419E+02  0.0000E+00  0.0000E+00
     1    26     2     1        0  0.1667E+00  0.1000E+03  0.0000E+00  0.0000E+00
     1    26     2     2        0  0.1480E+00  0.9405E+02  0.0000E+00  0.0000E+00
     1    26     2     3        0  0.1675E+00  0.1000E+03  0.0000E+00  0.0000E+00
     1    26     2     4        0  0.2039E+00  0.1000E+03  0.0000E+00  0.0000E+00
     1    26     2     5        0  0.2204E+00  0.1000E+03  0.0000E+00  0.0000E+00
     1    26     2     6        0  0.2509E+00  0.1000E+03  0.0000E+00  0.0000E+00
     1    26     2     7        0  0.2618E+00  0.1000E+03  0.0000E+00  0.0000E+00
     1    26     2     8        0  0.2813E+00  0.1000E+03  0.0000E+00  0.0000E+00
