SUMMARY OF JOB INFORMATION
  STEP      INC     ATT  ITRS     TOT TIME     STEP TIME      INC TIME
     1          1     1     3  0.250000E-01  0.250000E-01  0.250000E-01
     1          2     1     2  0.500000E-01  0.500000E-01  0.250000E-01
     1          3     1     2  0.875000E-01  0.875000E-01  0.375000E-01
     1          4     1     2  0.137500E+00  0.137500E+00  0.500000E-01
     1          5     1     2  0.187500E+00  0.187500E+00  0.500000E-01
     1          6     1     2  0.237500E+00  0.237500E+00  0.500000E-01
     1          7     1     2  0.287500E+00  0.287500E+00  0.500000E-01
     1          8     1     2  0.337500E+00  0.337500E+00  0.500000E-01
     1          9     1     3  0.387500E+00  0.387500E+00  0.500000E-01
     1         10     1     4  0.437500E+00  0.437500E+00  0.500000E-01
     1         11     1     7  0.487500E+00  0.487500E+00  0.500000E-01
     1         12     1     5  0.537500E+00  0.537500E+00  0.500000E-01
     1         13     1     4  0.587500E+00  0.587500E+00  0.500000E-01
     1         14     1     4  0.637500E+00  0.637500E+00  0.500000E-01
     1         15     1     3  0.687500E+00  0.687500E+00  0.500000E-01
     1         16     1     3  0.737500E+00  0.737500E+00  0.500000E-01
     1         17     1     3  0.787500E+00  0.787500E+00  0.500000E-01
     1         18     1     6  0.837500E+00  0.837500E+00  0.500000E-01
     1         19     1U    5  0.837500E+00  0.837500E+00  0.500000E-01
     1         19     2     5  0.850000E+00  0.850000E+00  0.125000E-01
     1         20     1U    5  0.850000E+00  0.850000E+00  0.125000E-01
     1         20     2     4  0.853125E+00  0.853125E+00  0.312500E-02
     1         21     1U    9  0.853125E+00  0.853125E+00  0.312500E-02
     1         21     2U    5  0.853125E+00  0.853125E+00  0.781250E-03
     1         21     3     2  0.853320E+00  0.853320E+00  0.195313E-03
     1         22     1     2  0.853516E+00  0.853516E+00  0.195313E-03
     1         23     1     3  0.853809E+00  0.853809E+00  0.292969E-03
     1         24     1U    5  0.853809E+00  0.853809E+00  0.439453E-03
     1         24     2U    7  0.853809E+00  0.853809E+00  0.109863E-03
     1         24     3     2  0.853836E+00  0.853836E+00  0.274658E-04
     1         25     1     2  0.853864E+00  0.853864E+00  0.274658E-04
     1         26     1U    6  0.853864E+00  0.853864E+00  0.411987E-04
     1         26     2U    8  0.853864E+00  0.853864E+00  0.102997E-04
