SUMMARY OF C0NVERGENCE INFORMATION
  STEP   INC  ATT   ITER     CONT.   RESID.        CORR.      RESID.      CORR.
                              EL.    FORCE         DISP       FLUX        TEMP.
                              (#)     (%)           (%)        (%)         (%)
     1     1     1     1        0  0.1124E+03  0.1000E+03  0.0000E+00  0.0000E+00
     1     1     1     2        0  0.0000E+00  0.4361E-01  0.0000E+00  0.0000E+00
     1     2     1     1        0  0.1085E+03  0.9965E+02  0.0000E+00  0.0000E+00
     1     2     1     2        0  0.0000E+00  0.1276E+00  0.0000E+00  0.0000E+00
     1     3     1     1        0  0.6644E+03  0.1000E+03  0.0000E+00  0.0000E+00
     1     3     1     2        0  0.0000E+00  0.3275E+00  0.0000E+00  0.0000E+00
     1     4     1     1        0  0.4986E+03  0.1000E+03  0.0000E+00  0.0000E+00
     1     4     1     2        0  0.0000E+00  0.1810E+00  0.0000E+00  0.0000E+00
     1     5     1     1        0  0.0000E+00  0.1000E+03  0.0000E+00  0.0000E+00
     1     5     1     2        0  0.0000E+00  0.1728E-02  0.0000E+00  0.0000E+00
     1     6     1     1        0  0.0000E+00  0.9987E+02  0.0000E+00  0.0000E+00
     1     6     1     2        0  0.0000E+00  0.1433E-02  0.0000E+00  0.0000E+00
     1     7     1     1        0  0.0000E+00  0.1000E+03  0.0000E+00  0.0000E+00
     1     7     1     2        0  0.0000E+00  0.2618E-02  0.0000E+00  0.0000E+00
     1     8     1     1        0  0.3145E+03  0.1000E+03  0.0000E+00  0.0000E+00
     1     8     1     2        0  0.0000E+00  0.1958E+00  0.0000E+00  0.0000E+00
     1     9     1     1        0  0.2798E+03  0.9996E+02  0.0000E+00  0.0000E+00
     1     9     1     2        0  0.0000E+00  0.1852E+00  0.0000E+00  0.0000E+00
     1    10     1     1        0  0.0000E+00  0.2413E+02  0.0000E+00  0.0000E+00
     1    10     1     2        0  0.0000E+00  0.2034E-03  0.0000E+00  0.0000E+00
     1    11     1     1        0  0.2240E+03  0.1000E+03  0.0000E+00  0.0000E+00
     1    11     1     2        0  0.0000E+00  0.1955E+00  0.0000E+00  0.0000E+00
     1    12     1     1        0  0.2034E+03  0.9982E+02  0.0000E+00  0.0000E+00
     1    12     1     2        0  0.0000E+00  0.1848E+00  0.0000E+00  0.0000E+00
     1    13     1     1        0  0.0000E+00  0.4901E+02  0.0000E+00  0.0000E+00
     1    13     1     2        0  0.0000E+00  0.7161E-03  0.0000E+00  0.0000E+00
     1    14     1     1        0  0.1704E+03  0.1000E+03  0.0000E+00  0.0000E+00
     1    14     1     2        0  0.0000E+00  0.1957E+00  0.0000E+00  0.0000E+00
     1    15     1     1        0  0.1572E+03  0.9967E+02  0.0000E+00  0.0000E+00
     1    15     1     2        0  0.0000E+00  0.1846E+00  0.0000E+00  0.0000E+00
     1    16     1     1        0  0.0000E+00  0.6596E+02  0.0000E+00  0.0000E+00
     1    16     1     2        0  0.0000E+00  0.9105E-03  0.0000E+00  0.0000E+00
     1    17     1     1        0  0.1366E+03  0.1000E+03  0.0000E+00  0.0000E+00
     1    17     1     2        0  0.0000E+00  0.1961E+00  0.0000E+00  0.0000E+00
     1    18     1     1        0  0.1275E+03  0.9952E+02  0.0000E+00  0.0000E+00
     1    18     1     2        0  0.0000E+00  0.1844E+00  0.0000E+00  0.0000E+00
     1    19     1     1        0  0.0000E+00  0.7439E+02  0.0000E+00  0.0000E+00
     1    19     1     2        0  0.0000E+00  0.1282E-02  0.0000E+00  0.0000E+00
     1    20     1     1        0  0.1139E+03  0.1000E+03  0.0000E+00  0.0000E+00
     1    20     1     2        0  0.0000E+00  0.1967E+00  0.0000E+00  0.0000E+00
     1    21     1     1        0  0.1070E+03  0.9936E+02  0.0000E+00  0.0000E+00
     1    21     1     2        0  0.0000E+00  0.1844E+00  0.0000E+00  0.0000E+00
     1    22     1     1        0  0.0000E+00  0.7946E+02  0.0000E+00  0.0000E+00
     1    22     1     2        0  0.0000E+00  0.1668E-02  0.0000E+00  0.0000E+00
     1    23     1     1        0  0.9762E+02  0.1000E+03  0.0000E+00  0.0000E+00
     1    23     1     2        0  0.0000E+00  0.1979E+00  0.0000E+00  0.0000E+00
     1    24     1     1        0  0.9213E+02  0.9921E+02  0.0000E+00  0.0000E+00
     1    24     1     2        0  0.0000E+00  0.1854E+00  0.0000E+00  0.0000E+00
     1    25     1     1        0  0.0000E+00  0.8283E+02  0.0000E+00  0.0000E+00
     1    25     1     2        0  0.0000E+00  0.2053E-02  0.0000E+00  0.0000E+00
     1    26     1     1        0  0.8551E+02  0.1000E+03  0.0000E+00  0.0000E+00
     1    26     1     2        0  0.0000E+00  0.1997E+00  0.0000E+00  0.0000E+00
     1    27     1     1        0  0.8092E+02  0.9905E+02  0.0000E+00  0.0000E+00
     1    27     1     2        0  0.0000E+00  0.1863E+00  0.0000E+00  0.0000E+00
     1    28     1     1        0  0.0000E+00  0.8525E+02  0.0000E+00  0.0000E+00
     1    28     1     2        0  0.0000E+00  0.2432E-02  0.0000E+00  0.0000E+00
     1    29     1     1        0  0.7616E+02  0.1000E+03  0.0000E+00  0.0000E+00
     1    29     1     2        0  0.0000E+00  0.2015E+00  0.0000E+00  0.0000E+00
     1    30     1     1        0  0.7217E+02  0.9888E+02  0.0000E+00  0.0000E+00
     1    30     1     2        0  0.0000E+00  0.1872E+00  0.0000E+00  0.0000E+00
     1    31     1     1        0  0.0000E+00  0.8706E+02  0.0000E+00  0.0000E+00
     1    31     1     2        0  0.0000E+00  0.2808E-02  0.0000E+00  0.0000E+00
     1    32     1     1        0  0.6874E+02  0.1000E+03  0.0000E+00  0.0000E+00
     1    32     1     2        0  0.0000E+00  0.2035E+00  0.0000E+00  0.0000E+00
     1    33     1     1        0  0.6516E+02  0.9872E+02  0.0000E+00  0.0000E+00
     1    33     1     2        0  0.0000E+00  0.1882E+00  0.0000E+00  0.0000E+00
