SUMMARY OF JOB INFORMATION
  STEP      INC     ATT  ITRS     TOT TIME     STEP TIME      INC TIME
     1          1     1     3  0.250000E-01  0.250000E-01  0.250000E-01
     1          2     1     2  0.500000E-01  0.500000E-01  0.250000E-01
     1          3     1     2  0.875000E-01  0.875000E-01  0.375000E-01
     1          4     1     3  0.137500E+00  0.137500E+00  0.500000E-01
     1          5     1     4  0.187500E+00  0.187500E+00  0.500000E-01
     1          6     1     8  0.237500E+00  0.237500E+00  0.500000E-01
     1          7     1     5  0.287500E+00  0.287500E+00  0.500000E-01
     1          8     1     9  0.337500E+00  0.337500E+00  0.500000E-01
     1          9     1     3  0.387500E+00  0.387500E+00  0.500000E-01
     1         10     1     3  0.437500E+00  0.437500E+00  0.500000E-01
     1         11     1     3  0.487500E+00  0.487500E+00  0.500000E-01
     1         12     1     3  0.537500E+00  0.537500E+00  0.500000E-01
     1         13     1U    4  0.537500E+00  0.537500E+00  0.500000E-01
     1         13     2     3  0.550000E+00  0.550000E+00  0.125000E-01
     1         14     1     3  0.562500E+00  0.562500E+00  0.125000E-01
     1         15     1     5  0.581250E+00  0.581250E+00  0.187500E-01
     1         16     1     2  0.600000E+00  0.600000E+00  0.187500E-01
     1         17     1     2  0.618750E+00  0.618750E+00  0.187500E-01
     1         18     1     3  0.646875E+00  0.646875E+00  0.281250E-01
     1         19     1     3  0.689063E+00  0.689063E+00  0.421875E-01
     1         20     1     5  0.739063E+00  0.739063E+00  0.500000E-01
     1         21     1     5  0.789063E+00  0.789063E+00  0.500000E-01
     1         22     1     3  0.839063E+00  0.839063E+00  0.500000E-01
     1         23     1     3  0.889063E+00  0.889063E+00  0.500000E-01
     1         24     1     4  0.939063E+00  0.939063E+00  0.500000E-01
     1         25     1     5  0.989063E+00  0.989063E+00  0.500000E-01
     1         26     1     3  0.100000E+01  0.100000E+01  0.109375E-01
