SUMMARY OF C0NVERGENCE INFORMATION
  STEP   INC  ATT   ITER     CONT.   RESID.        CORR.      RESID.      CORR.
                              EL.    FORCE         DISP       FLUX        TEMP.
                              (#)     (%)           (%)        (%)         (%)
     1     1     1     1        0  0.1216E+05  0.1000E+03  0.0000E+00  0.0000E+00
     1     1     1     2        0  0.1046E+03  0.6193E+01  0.0000E+00  0.0000E+00
     1     1     1     3        0  0.0000E+00  0.1097E-01  0.0000E+00  0.0000E+00
     1     2     1     1        0  0.6443E+02  0.7037E+00  0.0000E+00  0.0000E+00
     1     2     1     2        0  0.0000E+00  0.2527E-01  0.0000E+00  0.0000E+00
     1     3     1     1        0  0.2540E+03  0.1116E+01  0.0000E+00  0.0000E+00
     1     3     1     2        0  0.0000E+00  0.1054E+00  0.0000E+00  0.0000E+00
     1     4     1     1        0  0.9813E+03  0.1997E+01  0.0000E+00  0.0000E+00
     1     4     1     2        0  0.8365E+02  0.5700E+00  0.0000E+00  0.0000E+00
     1     4     1     3        0  0.0000E+00  0.7067E-02  0.0000E+00  0.0000E+00
     1     5     1     1        0  0.1095E+05  0.7288E+01  0.0000E+00  0.0000E+00
     1     5     1     2        0  0.9244E+03  0.2123E+01  0.0000E+00  0.0000E+00
     1     5     1     3        0  0.1015E+04  0.2230E+01  0.0000E+00  0.0000E+00
     1     5     1     4        0  0.0000E+00  0.1473E+00  0.0000E+00  0.0000E+00
     1     6     1     1        0  0.1559E+06  0.1000E+03  0.0000E+00  0.0000E+00
     1     6     1     2        0  0.2363E+06  0.4661E+02  0.0000E+00  0.0000E+00
     1     6     1     3        0  0.1460E+05  0.2767E+02  0.0000E+00  0.0000E+00
     1     6     1     4        0  0.2933E+05  0.1444E+02  0.0000E+00  0.0000E+00
     1     6     1     5        0  0.2007E+04  0.9653E+01  0.0000E+00  0.0000E+00
     1     6     1     6        0  0.1198E+04  0.4009E+01  0.0000E+00  0.0000E+00
     1     6     1     7        0  0.1643E+02  0.8592E+00  0.0000E+00  0.0000E+00
     1     6     1     8        0  0.0000E+00  0.3727E-01  0.0000E+00  0.0000E+00
     1     7     1     1        0  0.5309E+05  0.8284E+02  0.0000E+00  0.0000E+00
     1     7     1     2        0  0.7759E+04  0.1273E+02  0.0000E+00  0.0000E+00
     1     7     1     3        0  0.2146E+04  0.1582E+02  0.0000E+00  0.0000E+00
     1     7     1     4        0  0.1307E+03  0.3878E+01  0.0000E+00  0.0000E+00
     1     7     1     5        0  0.0000E+00  0.4631E+00  0.0000E+00  0.0000E+00
     1     8     1     1        0  0.1817E+04  0.1000E+03  0.0000E+00  0.0000E+00
     1     8     1     2        0  0.1923E+04  0.2737E+02  0.0000E+00  0.0000E+00
     1     8     1     3        0  0.1545E+03  0.2392E+02  0.0000E+00  0.0000E+00
     1     8     1     4        0  0.7534E+01  0.1447E+02  0.0000E+00  0.0000E+00
     1     8     1     5        0  0.1255E+02  0.9962E+01  0.0000E+00  0.0000E+00
     1     8     1     6        0  0.5008E+01  0.1249E+02  0.0000E+00  0.0000E+00
     1     8     1     7        0  0.4267E+01  0.1361E+02  0.0000E+00  0.0000E+00
     1     8     1     8        0  0.1197E+02  0.2014E+02  0.0000E+00  0.0000E+00
     1     8     1     9        0  0.0000E+00  0.3044E+01  0.0000E+00  0.0000E+00
     1     9     1     1        0  0.8898E+03  0.2011E+02  0.0000E+00  0.0000E+00
     1     9     1     2        0  0.6292E+03  0.1318E+02  0.0000E+00  0.0000E+00
     1     9     1     3        0  0.0000E+00  0.1333E+01  0.0000E+00  0.0000E+00
     1    10     1     1        0  0.4427E+03  0.1382E+02  0.0000E+00  0.0000E+00
     1    10     1     2        0  0.1034E+04  0.1231E+02  0.0000E+00  0.0000E+00
     1    10     1     3        0  0.0000E+00  0.1298E+01  0.0000E+00  0.0000E+00
     1    11     1     1        0  0.2355E+03  0.1155E+02  0.0000E+00  0.0000E+00
     1    11     1     2        0  0.5000E+03  0.2418E+02  0.0000E+00  0.0000E+00
     1    11     1     3        0  0.0000E+00  0.2409E+01  0.0000E+00  0.0000E+00
     1    12     1     1        0  0.1393E+03  0.1059E+02  0.0000E+00  0.0000E+00
     1    12     1     2        0  0.2858E+03  0.3908E+02  0.0000E+00  0.0000E+00
     1    12     1     3        0  0.0000E+00  0.2606E+01  0.0000E+00  0.0000E+00
     1    13     1     1        0  0.1170E+03  0.3160E+02  0.0000E+00  0.0000E+00
     1    13     1     2        0  0.1579E+03  0.2777E+02  0.0000E+00  0.0000E+00
     1    13     1     3        0  0.1457E+04  0.1000E+03  0.0000E+00  0.0000E+00
     1    13     1     4        0  0.7173E+03  0.2256E+02  0.0000E+00  0.0000E+00
     1    13     2     1        0  0.9097E+01  0.2737E+02  0.0000E+00  0.0000E+00
     1    13     2     2        0  0.3222E+01  0.4130E+02  0.0000E+00  0.0000E+00
     1    13     2     3        0  0.0000E+00  0.1191E+02  0.0000E+00  0.0000E+00
     1    14     1     1        0  0.1099E+01  0.1262E+02  0.0000E+00  0.0000E+00
     1    14     1     2        0  0.9915E+01  0.5826E+02  0.0000E+00  0.0000E+00
     1    14     1     3        0  0.0000E+00  0.6189E+01  0.0000E+00  0.0000E+00
     1    15     1     1        0  0.4714E+01  0.1738E+02  0.0000E+00  0.0000E+00
     1    15     1     2        0  0.1421E+02  0.3445E+02  0.0000E+00  0.0000E+00
     1    15     1     3        0  0.8453E+00  0.8051E+01  0.0000E+00  0.0000E+00
     1    15     1     4        0  0.2643E+01  0.1222E+02  0.0000E+00  0.0000E+00
     1    15     1     5        0  0.0000E+00  0.1281E+01  0.0000E+00  0.0000E+00
     1    16     1     1        0  0.3626E+01  0.9663E+01  0.0000E+00  0.0000E+00
     1    16     1     2        0  0.0000E+00  0.6902E+01  0.0000E+00  0.0000E+00
     1    17     1     1        0  0.3074E+01  0.8135E+01  0.0000E+00  0.0000E+00
     1    17     1     2        0  0.0000E+00  0.7127E+01  0.0000E+00  0.0000E+00
     1    18     1     1        0  0.7244E+01  0.7514E+01  0.0000E+00  0.0000E+00
     1    18     1     2        0  0.1008E+01  0.7963E+01  0.0000E+00  0.0000E+00
     1    18     1     3        0  0.0000E+00  0.2285E+00  0.0000E+00  0.0000E+00
     1    19     1     1        0  0.2016E+02  0.8565E+01  0.0000E+00  0.0000E+00
     1    19     1     2        0  0.1974E+02  0.3061E+02  0.0000E+00  0.0000E+00
     1    19     1     3        0  0.0000E+00  0.2248E+01  0.0000E+00  0.0000E+00
     1    20     1     1        0  0.2713E+02  0.1168E+02  0.0000E+00  0.0000E+00
     1    20     1     2        0  0.1381E+03  0.6263E+02  0.0000E+00  0.0000E+00
     1    20     1     3        0  0.1974E+01  0.8388E+01  0.0000E+00  0.0000E+00
     1    20     1     4        0  0.6452E+01  0.1259E+02  0.0000E+00  0.0000E+00
     1    20     1     5        0  0.0000E+00  0.1838E+01  0.0000E+00  0.0000E+00
     1    21     1     1        0  0.3207E+02  0.1477E+02  0.0000E+00  0.0000E+00
     1    21     1     2        0  0.1125E+03  0.3354E+02  0.0000E+00  0.0000E+00
     1    21     1     3        0  0.2091E+01  0.7860E+01  0.0000E+00  0.0000E+00
     1    21     1     4        0  0.7188E+00  0.3738E+01  0.0000E+00  0.0000E+00
     1    21     1     5        0  0.0000E+00  0.3370E+00  0.0000E+00  0.0000E+00
     1    22     1     1        0  0.1687E+02  0.1067E+02  0.0000E+00  0.0000E+00
     1    22     1     2        0  0.2086E+03  0.1054E+02  0.0000E+00  0.0000E+00
     1    22     1     3        0  0.0000E+00  0.1027E+01  0.0000E+00  0.0000E+00
     1    23     1     1        0  0.1516E+02  0.6134E+01  0.0000E+00  0.0000E+00
     1    23     1     2        0  0.7884E+02  0.4377E+01  0.0000E+00  0.0000E+00
     1    23     1     3        0  0.0000E+00  0.2484E+00  0.0000E+00  0.0000E+00
     1    24     1     1        0  0.2315E+02  0.4312E+01  0.0000E+00  0.0000E+00
     1    24     1     2        0  0.1924E+03  0.5448E+01  0.0000E+00  0.0000E+00
     1    24     1     3        0  0.8955E+00  0.3677E+00  0.0000E+00  0.0000E+00
     1    24     1     4        0  0.0000E+00  0.2089E+00  0.0000E+00  0.0000E+00
     1    25     1     1        0  0.3454E+02  0.3285E+01  0.0000E+00  0.0000E+00
     1    25     1     2        0  0.1800E+04  0.1692E+02  0.0000E+00  0.0000E+00
     1    25     1     3        0  0.1270E+01  0.5606E+00  0.0000E+00  0.0000E+00
     1    25     1     4        0  0.1571E+02  0.1549E+01  0.0000E+00  0.0000E+00
     1    25     1     5        0  0.0000E+00  0.4493E-02  0.0000E+00  0.0000E+00
     1    26     1     1        0  0.4245E+01  0.3621E+01  0.0000E+00  0.0000E+00
     1    26     1     2        0  0.7346E+02  0.1593E+02  0.0000E+00  0.0000E+00
     1    26     1     3        0  0.0000E+00  0.7687E-01  0.0000E+00  0.0000E+00
