SUMMARY OF C0NVERGENCE INFORMATION
  STEP   INC  ATT   ITER     CONT.   RESID.        CORR.      RESID.      CORR.
                              EL.    FORCE         DISP       FLUX        TEMP.
                              (#)     (%)           (%)        (%)         (%)
     1     1     1     1        0  0.1867E+05  0.1000E+03  0.0000E+00  0.0000E+00
     1     1     1     2        0  0.8192E+03  0.2263E+02  0.0000E+00  0.0000E+00
     1     1     1     3        0  0.2258E+02  0.1787E+01  0.0000E+00  0.0000E+00
     1     1     1     4        0  0.0000E+00  0.1316E+00  0.0000E+00  0.0000E+00
     1     2     1     1        0  0.6563E+03  0.2922E+02  0.0000E+00  0.0000E+00
     1     2     1     2        0  0.1141E+02  0.2355E+01  0.0000E+00  0.0000E+00
     1     2     1     3        0  0.0000E+00  0.4500E+00  0.0000E+00  0.0000E+00
     1     3     1     1        0  0.4001E+03  0.2378E+02  0.0000E+00  0.0000E+00
     1     3     1     2        0  0.4763E+01  0.2319E+01  0.0000E+00  0.0000E+00
     1     3     1     3        0  0.0000E+00  0.5077E+00  0.0000E+00  0.0000E+00
     1     4     1     1        0  0.4052E+05  0.1000E+03  0.0000E+00  0.0000E+00
     1     4     1     2        0  0.7270E+07  0.1000E+03  0.0000E+00  0.0000E+00
     1     4     1     3        0  0.4381E+07  0.1000E+03  0.0000E+00  0.0000E+00
     1     4     1     4        0  0.5769E+07  0.1000E+03  0.0000E+00  0.0000E+00
     1     4     2     1        0  0.2277E+02  0.1000E+03  0.0000E+00  0.0000E+00
     1     4     2     2        0  0.3347E+01  0.5411E+02  0.0000E+00  0.0000E+00
     1     4     2     3        0  0.4871E+01  0.6551E+02  0.0000E+00  0.0000E+00
     1     4     2     4        0  0.0000E+00  0.2088E+02  0.0000E+00  0.0000E+00
     1     5     1     1        0  0.2141E+04  0.1000E+03  0.0000E+00  0.0000E+00
     1     5     1     2        0  0.2868E+02  0.5667E+02  0.0000E+00  0.0000E+00
     1     5     1     3        0  0.2527E+04  0.6563E+02  0.0000E+00  0.0000E+00
     1     5     1     4        0  0.2989E+02  0.1191E+02  0.0000E+00  0.0000E+00
     1     5     2     1        0  0.1796E+02  0.1000E+03  0.0000E+00  0.0000E+00
     1     5     2     2        0  0.0000E+00  0.1260E+02  0.0000E+00  0.0000E+00
     1     6     1     1        0  0.2747E+02  0.1000E+03  0.0000E+00  0.0000E+00
     1     6     1     2        0  0.0000E+00  0.1924E+02  0.0000E+00  0.0000E+00
     1     7     1     1        0  0.2022E+02  0.4189E+02  0.0000E+00  0.0000E+00
     1     7     1     2        0  0.4342E+02  0.1441E+02  0.0000E+00  0.0000E+00
     1     7     1     3        0  0.0000E+00  0.1481E+01  0.0000E+00  0.0000E+00
     1     8     1     1        0  0.1606E+06  0.1000E+03  0.0000E+00  0.0000E+00
     1     8     1     2        0  0.3891E+05  0.8412E+02  0.0000E+00  0.0000E+00
     1     8     1     3        0  0.3398E+07  0.1000E+03  0.0000E+00  0.0000E+00
     1     8     1     4        0  0.1461E+08  0.1000E+03  0.0000E+00  0.0000E+00
     1     8     2     1        0  0.3319E+01  0.2963E+02  0.0000E+00  0.0000E+00
     1     8     2     2        0  0.2195E+02  0.2214E+02  0.0000E+00  0.0000E+00
     1     8     2     3        0  0.0000E+00  0.2860E+01  0.0000E+00  0.0000E+00
     1     9     1     1        0  0.4785E+01  0.3509E+02  0.0000E+00  0.0000E+00
     1     9     1     2        0  0.2191E+05  0.1000E+03  0.0000E+00  0.0000E+00
     1     9     1     3        0  0.7781E+03  0.1000E+03  0.0000E+00  0.0000E+00
     1     9     1     4        0  0.3020E+04  0.4766E+02  0.0000E+00  0.0000E+00
     1     9     1     5        0  0.3076E+03  0.2232E+02  0.0000E+00  0.0000E+00
     1     9     1     6        0  0.1603E+04  0.7695E+02  0.0000E+00  0.0000E+00
     1     9     1     7        0  0.3477E+03  0.2335E+02  0.0000E+00  0.0000E+00
     1     9     2     1        0  0.0000E+00  0.2580E+02  0.0000E+00  0.0000E+00
     1     9     2     2        0  0.0000E+00  0.3636E+01  0.0000E+00  0.0000E+00
     1    10     1     1        0  0.0000E+00  0.2391E+02  0.0000E+00  0.0000E+00
     1    10     1     2        0  0.0000E+00  0.8565E+01  0.0000E+00  0.0000E+00
     1    11     1     1        0  0.5645E+01  0.2697E+02  0.0000E+00  0.0000E+00
     1    11     1     2        0  0.6201E+01  0.4480E+02  0.0000E+00  0.0000E+00
     1    11     1     3        0  0.1870E+02  0.8931E+02  0.0000E+00  0.0000E+00
     1    11     1     4        0  0.7436E+02  0.1000E+03  0.0000E+00  0.0000E+00
     1    11     2     1        0  0.0000E+00  0.5228E+02  0.0000E+00  0.0000E+00
     1    11     2     2        0  0.0000E+00  0.1000E+03  0.0000E+00  0.0000E+00
     1    12     1     1        0  0.2069E+02  0.1000E+03  0.0000E+00  0.0000E+00
     1    12     1     2        0  0.8272E+02  0.1000E+03  0.0000E+00  0.0000E+00
     1    12     1     3        0  0.3354E+03  0.1000E+03  0.0000E+00  0.0000E+00
     1    12     1     4        0  0.1422E+04  0.1000E+03  0.0000E+00  0.0000E+00
     1    12     2     1        0  0.9126E+01  0.1000E+03  0.0000E+00  0.0000E+00
     1    12     2     2        0  0.3660E+02  0.1000E+03  0.0000E+00  0.0000E+00
     1    12     2     3        0  0.1476E+03  0.1000E+03  0.0000E+00  0.0000E+00
     1    12     2     4        0  0.6067E+03  0.1000E+03  0.0000E+00  0.0000E+00
     1    12     3     1        0  0.6967E+01  0.1000E+03  0.0000E+00  0.0000E+00
     1    12     3     2        0  0.2796E+02  0.1000E+03  0.0000E+00  0.0000E+00
     1    12     3     3        0  0.1126E+03  0.1000E+03  0.0000E+00  0.0000E+00
     1    12     3     4        0  0.4605E+03  0.1000E+03  0.0000E+00  0.0000E+00
     1    12     4     1        0  0.6473E+01  0.1000E+03  0.0000E+00  0.0000E+00
     1    12     4     2        0  0.2598E+02  0.1000E+03  0.0000E+00  0.0000E+00
     1    12     4     3        0  0.1046E+03  0.1000E+03  0.0000E+00  0.0000E+00
     1    12     4     4        0  0.4272E+03  0.1000E+03  0.0000E+00  0.0000E+00
