SUMMARY OF JOB INFORMATION
  STEP      INC     ATT  ITRS     TOT TIME     STEP TIME      INC TIME
     1          1     1     4  0.100000E+00  0.100000E+00  0.100000E+00
     1          2     1     3  0.200000E+00  0.200000E+00  0.100000E+00
     1          3     1     3  0.350000E+00  0.350000E+00  0.150000E+00
     1          4     1U    4  0.350000E+00  0.350000E+00  0.225000E+00
     1          4     2     4  0.406250E+00  0.406250E+00  0.562500E-01
     1          5     1U    4  0.406250E+00  0.406250E+00  0.562500E-01
     1          5     2     2  0.420313E+00  0.420313E+00  0.140625E-01
     1          6     1     2  0.434375E+00  0.434375E+00  0.140625E-01
     1          7     1     3  0.455469E+00  0.455469E+00  0.210938E-01
     1          8     1U    4  0.455469E+00  0.455469E+00  0.316406E-01
     1          8     2     3  0.463379E+00  0.463379E+00  0.791016E-02
     1          9     1U    7  0.463379E+00  0.463379E+00  0.791016E-02
     1          9     2     2  0.465356E+00  0.465356E+00  0.197754E-02
     1         10     1     2  0.467334E+00  0.467334E+00  0.197754E-02
     1         11     1U    4  0.467334E+00  0.467334E+00  0.296631E-02
     1         11     2     2  0.468076E+00  0.468076E+00  0.741577E-03
     1         12     1U    4  0.468076E+00  0.468076E+00  0.741577E-03
     1         12     2U    4  0.468076E+00  0.468076E+00  0.185394E-03
     1         12     3U    4  0.468076E+00  0.468076E+00  0.463486E-04
     1         12     4U    4  0.468076E+00  0.468076E+00  0.115871E-04
