SUMMARY OF C0NVERGENCE INFORMATION
  STEP   INC  ATT   ITER     CONT.   RESID.        CORR.      RESID.      CORR.
                              EL.    FORCE         DISP       FLUX        TEMP.
                              (#)     (%)           (%)        (%)         (%)
     1     1     1     1        0  0.0000E+00  0.1000E+03  0.0000E+00  0.0000E+00
     1     1     1     2        0  0.0000E+00  0.5626E-01  0.0000E+00  0.0000E+00
     1     2     1     1        0  0.0000E+00  0.9960E+02  0.0000E+00  0.0000E+00
     1     2     1     2        0  0.0000E+00  0.1687E+00  0.0000E+00  0.0000E+00
     1     3     1     1        0  0.6353E+03  0.1000E+03  0.0000E+00  0.0000E+00
     1     3     1     2        0  0.0000E+00  0.6284E+00  0.0000E+00  0.0000E+00
     1     4     1     1        0  0.4464E+03  0.9941E+02  0.0000E+00  0.0000E+00
     1     4     1     2        0  0.0000E+00  0.6031E+00  0.0000E+00  0.0000E+00
     1     5     1     1        0  0.0000E+00  0.1000E+03  0.0000E+00  0.0000E+00
     1     5     1     2        0  0.0000E+00  0.2684E-02  0.0000E+00  0.0000E+00
     1     6     1     1        0  0.0000E+00  0.9967E+02  0.0000E+00  0.0000E+00
     1     6     1     2        0  0.0000E+00  0.2698E-02  0.0000E+00  0.0000E+00
     1     7     1     1        0  0.0000E+00  0.1000E+03  0.0000E+00  0.0000E+00
     1     7     1     2        0  0.0000E+00  0.7198E-02  0.0000E+00  0.0000E+00
     1     8     1     1        0  0.2741E+03  0.1000E+03  0.0000E+00  0.0000E+00
     1     8     1     2        0  0.0000E+00  0.5729E+00  0.0000E+00  0.0000E+00
     1     9     1     1        0  0.2345E+03  0.9922E+02  0.0000E+00  0.0000E+00
     1     9     1     2        0  0.0000E+00  0.5811E+00  0.0000E+00  0.0000E+00
     1    10     1     1        0  0.0000E+00  0.1878E+02  0.0000E+00  0.0000E+00
     1    10     1     2        0  0.0000E+00  0.8976E-04  0.0000E+00  0.0000E+00
     1    11     1     1        0  0.0000E+00  0.9970E+02  0.0000E+00  0.0000E+00
     1    11     1     2        0  0.0000E+00  0.2297E-02  0.0000E+00  0.0000E+00
     1    12     1     1        0  0.0000E+00  0.1000E+03  0.0000E+00  0.0000E+00
     1    12     1     2        0  0.0000E+00  0.2287E-02  0.0000E+00  0.0000E+00
     1    13     1     1        0  0.1732E+03  0.1000E+03  0.0000E+00  0.0000E+00
     1    13     1     2        0  0.0000E+00  0.5402E+00  0.0000E+00  0.0000E+00
     1    14     1     1        0  0.1552E+03  0.9902E+02  0.0000E+00  0.0000E+00
     1    14     1     2        0  0.0000E+00  0.5567E+00  0.0000E+00  0.0000E+00
     1    15     1     1        0  0.0000E+00  0.4869E+02  0.0000E+00  0.0000E+00
     1    15     1     2        0  0.0000E+00  0.1170E-02  0.0000E+00  0.0000E+00
     1    16     1     1        0  0.1348E+03  0.1000E+03  0.0000E+00  0.0000E+00
     1    16     1     2        0  0.0000E+00  0.5201E+00  0.0000E+00  0.0000E+00
     1    17     1     1        0  0.1217E+03  0.9881E+02  0.0000E+00  0.0000E+00
     1    17     1     2        0  0.0000E+00  0.5365E+00  0.0000E+00  0.0000E+00
     1    18     1     1        0  0.0000E+00  0.6645E+02  0.0000E+00  0.0000E+00
     1    18     1     2        0  0.0000E+00  0.2108E-02  0.0000E+00  0.0000E+00
     1    19     1     1        0  0.1078E+03  0.1000E+03  0.0000E+00  0.0000E+00
     1    19     1     2        0  0.0000E+00  0.5036E+00  0.0000E+00  0.0000E+00
     1    20     1     1        0  0.9781E+02  0.9861E+02  0.0000E+00  0.0000E+00
     1    20     1     2        0  0.0000E+00  0.5192E+00  0.0000E+00  0.0000E+00
