 Container myopenfoam-fsi-run-ad2a32d11b16 Creating 
 Container myopenfoam-fsi-run-ad2a32d11b16 Created 
=== eye-fsi-tc0: meshing ===
/*---------------------------------------------------------------------------*\
| =========                 |                                                 |
| \\      /  F ield         | OpenFOAM: The Open Source CFD Toolbox           |
|  \\    /   O peration     | Version:  2512                                  |
|   \\  /    A nd           | Website:  www.openfoam.com                      |
|    \\/     M anipulation  |                                                 |
\*---------------------------------------------------------------------------*/
Build  : _bd2b6720-20260127 OPENFOAM=2512 version=2512
Arch   : "LSB;label=32;scalar=64"
Exec   : blockMesh
Date   : May 05 2026
Time   : 13:43:02
Host   : 43c826fb4b0a
PID    : 222
I/O    : uncollated
Case   : /simulation/eye-fsi-tc0/fluid
nProcs : 1
trapFpe: Floating point exception trapping enabled (FOAM_SIGFPE).
memory pool : not available
fileModificationChecking : Monitoring run-time modified files using timeStampMaster (fileModificationSkew 5, maxFileModificationPolls 20)
allowSystemOperations : Allowing user-supplied system call operations

// * * * * * * * * * * * * * * * * * * * * * * * * * * * * * * * * * * * * * //
Create time

Creating block mesh from "system/blockMeshDict"
Creating block edges
No non-planar block faces defined
Creating topology blocks

Creating topology patches - from boundary section

Creating block mesh topology
--> FOAM Warning : 
    From Foam::polyMesh::polyMesh(const Foam::IOobject&, Foam::pointField&&, const Foam::cellShapeList&, const Foam::faceListList&, const Foam::wordList&, const Foam::PtrList<Foam::dictionary>&, const Foam::word&, const Foam::word&, bool)
    in file meshes/polyMesh/polyMeshFromShapeMesh.C at line 905
    Found 2 undefined faces in mesh; adding to default patch defaultFaces

Check topology

	Basic statistics
		Number of internal faces : 69
		Number of boundary faces : 138
		Number of defined boundary faces : 138
		Number of undefined boundary faces : 0
	Checking patch -> block consistency

Creating block offsets
Creating merge list (topological search)...

Creating polyMesh from blockMesh
Creating patches
Creating cells
Creating points with scale (1 1 1)
    Block 0 cell size :
        i : 0.0005 .. 0.0005
        j : 0.0004 .. 0.0004
        k : 0.001 .. 0.001

    Block 1 cell size :
        i : 0.0005 .. 0.0005
        j : 0.0004 .. 0.0004
        k : 0.001 .. 0.001

    Block 2 cell size :
        i : 0.0005 .. 0.0005
        j : 0.0004 .. 0.0004
        k : 0.001 .. 0.001

    Block 3 cell size :
        i : 0.0005 .. 0.0005
        j : 0.0004 .. 0.0004
        k : 0.001 .. 0.001

    Block 4 cell size :
        i : 0.0005 .. 0.0005
        j : 0.0005 .. 0.0005
        k : 0.001 .. 0.001

    Block 5 cell size :
        i : 0.0005 .. 0.0005
        j : 0.0005 .. 0.0005
        k : 0.001 .. 0.001

    Block 6 cell size :
        i : 0.0005 .. 0.0005
        j : 0.0005 .. 0.0005
        k : 0.001 .. 0.001

    Block 7 cell size :
        i : 0.0005 .. 0.0005
        j : 0.0005 .. 0.0005
        k : 0.001 .. 0.001

    Block 8 cell size :
        i : 0.0005 .. 0.0005
        j : 0.0005 .. 0.0005
        k : 0.001 .. 0.001

    Block 9 cell size :
        i : 0.0005 .. 0.0005
        j : 0.0003 .. 0.0003
        k : 0.001 .. 0.001

    Block 10 cell size :
        i : 0.0005 .. 0.0005
        j : 0.0003 .. 0.0003
        k : 0.001 .. 0.001

    Block 11 cell size :
        i : 0.0005 .. 0.0005
        j : 0.0003 .. 0.0003
        k : 0.001 .. 0.001

    Block 12 cell size :
        i : 0.0005 .. 0.0005
        j : 0.0003 .. 0.0003
        k : 0.001 .. 0.001

    Block 13 cell size :
        i : 0.0005 .. 0.0005
        j : 0.00016 .. 0.00016
        k : 0.001 .. 0.001

    Block 14 cell size :
        i : 0.0005 .. 0.0005
        j : 0.00016 .. 0.00016
        k : 0.001 .. 0.001

    Block 15 cell size :
        i : 0.0005 .. 0.0005
        j : 0.00016 .. 0.00016
        k : 0.001 .. 0.001

    Block 16 cell size :
        i : 0.0005 .. 0.0005
        j : 0.00016 .. 0.00016
        k : 0.001 .. 0.001

    Block 17 cell size :
        i : 0.0005 .. 0.0005
        j : 0.00041 .. 0.00041
        k : 0.001 .. 0.001

    Block 18 cell size :
        i : 0.0005 .. 0.0005
        j : 0.00041 .. 0.00041
        k : 0.001 .. 0.001

    Block 19 cell size :
        i : 0.0005 .. 0.0005
        j : 0.00041 .. 0.00041
        k : 0.001 .. 0.001

    Block 20 cell size :
        i : 0.0005 .. 0.0005
        j : 0.00041 .. 0.00041
        k : 0.001 .. 0.001

    Block 21 cell size :
        i : 0.0005 .. 0.0005
        j : 0.00048 .. 0.00048
        k : 0.001 .. 0.001

    Block 22 cell size :
        i : 0.0005 .. 0.0005
        j : 0.00048 .. 0.00048
        k : 0.001 .. 0.001

    Block 23 cell size :
        i : 0.0005 .. 0.0005
        j : 0.00048 .. 0.00048
        k : 0.001 .. 0.001

    Block 24 cell size :
        i : 0.0005 .. 0.0005
        j : 0.00048 .. 0.00048
        k : 0.001 .. 0.001

    Block 25 cell size :
        i : 0.0005 .. 0.0005
        j : 0.00048 .. 0.00048
        k : 0.001 .. 0.001

    Block 26 cell size :
        i : 0.0005 .. 0.0005
        j : 0.00048 .. 0.00048
        k : 0.001 .. 0.001

    Block 27 cell size :
        i : 0.0005 .. 0.0005
        j : 0.00048 .. 0.00048
        k : 0.001 .. 0.001

    Block 28 cell size :
        i : 0.0005 .. 0.0005
        j : 0.00048 .. 0.00048
        k : 0.001 .. 0.001

    Block 29 cell size :
        i : 0.0005 .. 0.0005
        j : 0.00048 .. 0.00048
        k : 0.001 .. 0.001

    Block 30 cell size :
        i : 0.0005 .. 0.0005
        j : 0.00051428571 .. 0.00051428571
        k : 0.001 .. 0.001

    Block 31 cell size :
        i : 0.0005 .. 0.0005
        j : 0.00051428571 .. 0.00051428571
        k : 0.001 .. 0.001

    Block 32 cell size :
        i : 0.0005 .. 0.0005
        j : 0.00051428571 .. 0.00051428571
        k : 0.001 .. 0.001

    Block 33 cell size :
        i : 0.0005 .. 0.0005
        j : 0.00051428571 .. 0.00051428571
        k : 0.001 .. 0.001

    Block 34 cell size :
        i : 0.0005 .. 0.0005
        j : 0.00049 .. 0.00049
        k : 0.001 .. 0.001

    Block 35 cell size :
        i : 0.0005 .. 0.0005
        j : 0.00049 .. 0.00049
        k : 0.001 .. 0.001

    Block 36 cell size :
        i : 0.0005 .. 0.0005
        j : 0.00049 .. 0.00049
        k : 0.001 .. 0.001

    Block 37 cell size :
        i : 0.0005 .. 0.0005
        j : 0.00049 .. 0.00049
        k : 0.001 .. 0.001

    Block 38 cell size :
        i : 0.0005 .. 0.0005
        j : 0.00016 .. 0.00016
        k : 0.001 .. 0.001

    Block 39 cell size :
        i : 0.0005 .. 0.0005
        j : 0.00016 .. 0.00016
        k : 0.001 .. 0.001

    Block 40 cell size :
        i : 0.0005 .. 0.0005
        j : 0.00016 .. 0.00016
        k : 0.001 .. 0.001

    Block 41 cell size :
        i : 0.0005 .. 0.0005
        j : 0.00016 .. 0.00016
        k : 0.001 .. 0.001

    Block 42 cell size :
        i : 0.0005 .. 0.0005
        j : 0.00048 .. 0.00048
        k : 0.001 .. 0.001

    Block 43 cell size :
        i : 0.0005 .. 0.0005
        j : 0.00048 .. 0.00048
        k : 0.001 .. 0.001

    Block 44 cell size :
        i : 0.0005 .. 0.0005
        j : 0.00048 .. 0.00048
        k : 0.001 .. 0.001

    Block 45 cell size :
        i : 0.0005 .. 0.0005
        j : 0.00048 .. 0.00048
        k : 0.001 .. 0.001

Adding cell zones
    0	tm_zone
    1	vitreous_zone
No patch pairs to merge

Writing polyMesh with 2 cellZones
----------------
Mesh Information
----------------
  boundingBox: (0 0 0) (0.0205 0.024 0.001)
  nPoints: 3576
  nCells: 1634
  nFaces: 6689
  nInternalFaces: 3115
----------------
Cell Zones
----------------
  zone 0 (size: 4) name: tm_zone
  zone 1 (size: 800) name: vitreous_zone
----------------
Patches
----------------
  patch 0 (start: 3115 size: 1) name: needle_inlet
  patch 1 (start: 3116 size: 1) name: needle_outlet
  patch 2 (start: 3117 size: 40) name: sclera_left
  patch 3 (start: 3157 size: 40) name: sclera_top
  patch 4 (start: 3197 size: 40) name: cornea_fsi
  patch 5 (start: 3237 size: 8) name: sclera_right
  patch 6 (start: 3245 size: 30) name: sclera_right_upper
  patch 7 (start: 3275 size: 70) name: lens_interface
  patch 8 (start: 3345 size: 65) name: iris_wall
  patch 9 (start: 3410 size: 5) name: ac_inlet
  patch 10 (start: 3415 size: 4) name: outlet_tm
  patch 11 (start: 3419 size: 1634) name: front
  patch 12 (start: 5053 size: 1634) name: back
  patch 13 (start: 6687 size: 2) name: defaultFaces

End

  Fluid mesh OK
/*---------------------------------------------------------------------------*\
| =========                 |                                                 |
| \\      /  F ield         | OpenFOAM: The Open Source CFD Toolbox           |
|  \\    /   O peration     | Version:  2512                                  |
|   \\  /    A nd           | Website:  www.openfoam.com                      |
|    \\/     M anipulation  |                                                 |
\*---------------------------------------------------------------------------*/
Build  : _bd2b6720-20260127 OPENFOAM=2512 version=2512
Arch   : "LSB;label=32;scalar=64"
Exec   : blockMesh
Date   : May 05 2026
Time   : 13:43:03
Host   : 43c826fb4b0a
PID    : 225
I/O    : uncollated
Case   : /simulation/eye-fsi-tc0/solid
nProcs : 1
trapFpe: Floating point exception trapping enabled (FOAM_SIGFPE).
memory pool : not available
fileModificationChecking : Monitoring run-time modified files using timeStampMaster (fileModificationSkew 5, maxFileModificationPolls 20)
allowSystemOperations : Allowing user-supplied system call operations

// * * * * * * * * * * * * * * * * * * * * * * * * * * * * * * * * * * * * * //
Create time

Creating block mesh from "system/blockMeshDict"
Creating block edges
No non-planar block faces defined
Creating topology blocks

Creating topology patches - from boundary section

Creating block mesh topology

Check topology

	Basic statistics
		Number of internal faces : 4
		Number of boundary faces : 46
		Number of defined boundary faces : 46
		Number of undefined boundary faces : 0
	Checking patch -> block consistency

Creating block offsets
Creating merge list (topological search)...

Creating polyMesh from blockMesh
Creating patches
Creating cells
Creating points with scale (1 1 1)
    Block 0 cell size :
        i : 0.001 .. 0.001
        j : 0.00048 .. 0.00048
        k : 0.001 .. 0.001

    Block 1 cell size :
        i : 0.001 .. 0.001
        j : 0.0008 .. 0.0008
        k : 0.001 .. 0.001

    Block 2 cell size :
        i : 0.0005 .. 0.0005
        j : 0.0004 .. 0.0004
        k : 0.001 .. 0.001

    Block 3 cell size :
        i : 0.0005 .. 0.0005
        j : 0.0004 .. 0.0004
        k : 0.001 .. 0.001

    Block 4 cell size :
        i : 0.0005 .. 0.0005
        j : 0.0005 .. 0.0005
        k : 0.001 .. 0.001

    Block 5 cell size :
        i : 0.0005 .. 0.0005
        j : 0.0009826087 .. 0.0009826087
        k : 0.001 .. 0.001

    Block 6 cell size :
        i : 0.0005 .. 0.0005
        j : 0.0009826087 .. 0.0009826087
        k : 0.001 .. 0.001

    Block 7 cell size :
        i : 0.001 .. 0.001
        j : 0.001 .. 0.001
        k : 0.001 .. 0.001

    Block 8 cell size :
        i : 0.001 .. 0.001
        j : 0.001 .. 0.001
        k : 0.001 .. 0.001

Adding cell zones
    0	lens
    1	iris
    2	sclera
    3	cornea
No patch pairs to merge

Writing polyMesh with 4 cellZones
----------------
Mesh Information
----------------
  boundingBox: (0 -0.001 0) (0.021 0.025 0.001)
  nPoints: 820
  nCells: 288
  nFaces: 1269
  nInternalFaces: 459
----------------
Cell Zones
----------------
  zone 0 (size: 150) name: lens
  zone 1 (size: 45) name: iris
  zone 2 (size: 72) name: sclera
  zone 3 (size: 21) name: cornea
----------------
Patches
----------------
  patch 0 (start: 459 size: 40) name: lens_interface
  patch 1 (start: 499 size: 10) name: lens_rim
  patch 2 (start: 509 size: 33) name: iris_fsi
  patch 3 (start: 542 size: 3) name: iris_base
  patch 4 (start: 545 size: 44) name: sclera_inner
  patch 5 (start: 589 size: 54) name: sclera_outer
  patch 6 (start: 643 size: 6) name: sclera_tm_gap
  patch 7 (start: 649 size: 21) name: cornea_inner
  patch 8 (start: 670 size: 23) name: cornea_outer
  patch 9 (start: 693 size: 288) name: front
  patch 10 (start: 981 size: 288) name: back

End

  Solid mesh OK (lens + iris + sclera + cornea)

=== eye-fsi-tc0: running coupled FSI ===
  preCICE serial-implicit IQN-ILS, t∈[0,25]s, dt=0.01s

/*---------------------------------------------------------------------------*\
| =========                 |                                                 |
| \\      /  F ield         | OpenFOAM: The Open Source CFD Toolbox           |
|  \\    /   O peration     | Version:  2512                                  |
|   \\  /    A nd           | Website:  www.openfoam.com                      |
|    \\/     M anipulation  |                                                 |
\*---------------------------------------------------------------------------*/
Build  : _bd2b6720-20260127 OPENFOAM=2512 version=2512
Arch   : "LSB;label=32;scalar=64"
Exec   : solids4Foam
Date   : May 05 2026
Time   : 13:43:03
Host   : 43c826fb4b0a
PID    : 228
I/O    : uncollated
Case   : /simulation/eye-fsi-tc0/solid
nProcs : 1
trapFpe: Floating point exception trapping enabled (FOAM_SIGFPE).
memory pool : not available
fileModificationChecking : Monitoring run-time modified files using timeStampMaster (fileModificationSkew 5, maxFileModificationPolls 20)
allowSystemOperations : Allowing user-supplied system call operations

// * * * * * * * * * * * * * * * * * * * * * * * * * * * * * * * * * * * * * //
Create time

/*---------------------------------------------------------------------------*\
|    For further information on the solids4Foam toolbox implementations,      |
|    please see www.solids4foam.com and the following publication:            |
|                                                                             |
|    P. Cardiff, I. Batistić Ž. Tuković: solids4foam: A toolbox for           |
|    performing solid mechanics and fluid-solid interaction simulations in    |
|    OpenFOAM. Journal of Open Source Software. 2025, 10(108), 7407,          |
|    10.21105/joss.07407.                                                     |
\*---------------------------------------------------------------------------*/

Selecting physicsModel solidModel
Selecting solidModel unsLinearGeometry
Creating solidTraction boundary condition
Creating solidTraction boundary condition
Creating solidTraction boundary condition
Creating solidTraction boundary condition
Creating solidTraction boundary condition
    under-relaxation method: fixed
No finite volume options present
Creating the mechanicalModel
Number of cells in new mesh : 150
Number of faces in new mesh : 625
Number of points in new mesh: 352
Number of cells in new mesh : 45
Number of faces in new mesh : 198
Number of points in new mesh: 128
Number of cells in new mesh : 72
Number of faces in new mesh : 340
Number of points in new mesh: 252
Number of cells in new mesh : 21
Number of faces in new mesh : 106
Number of points in new mesh: 88
Selecting mechanical law linearElastic
Selecting mechanical law linearElastic
Selecting mechanical law linearElastic
Selecting mechanical law linearElastic
---[preciceAdapter] Loaded the OpenFOAM-preCICE adapter - v1.3.1.
---[preciceAdapter] Reading preciceDict...
---[preCICE] This is preCICE version 3.3.1
---[preCICE] Revision info: v3.3.1
---[preCICE] Build type: Release (without debug log)
---[preCICE] Working directory "/simulation/eye-fsi-tc0/solid"
---[preCICE] Configuring preCICE with configuration "../precice-config.xml"
---[preCICE] I am participant "Solid"
---[preCICE] Setting up primary communication to coupling partner/s
/*---------------------------------------------------------------------------*\
| =========                 |                                                 |
| \\      /  F ield         | OpenFOAM: The Open Source CFD Toolbox           |
|  \\    /   O peration     | Version:  2512                                  |
|   \\  /    A nd           | Website:  www.openfoam.com                      |
|    \\/     M anipulation  |                                                 |
\*---------------------------------------------------------------------------*/
Build  : _bd2b6720-20260127 OPENFOAM=2512 version=2512
Arch   : "LSB;label=32;scalar=64"
Exec   : pimpleFoam
Date   : May 05 2026
Time   : 13:43:05
Host   : 43c826fb4b0a
PID    : 237
I/O    : uncollated
Case   : /simulation/eye-fsi-tc0/fluid
nProcs : 1
trapFpe: Floating point exception trapping enabled (FOAM_SIGFPE).
memory pool : not available
fileModificationChecking : Monitoring run-time modified files using timeStampMaster (fileModificationSkew 5, maxFileModificationPolls 20)
allowSystemOperations : Allowing user-supplied system call operations

// * * * * * * * * * * * * * * * * * * * * * * * * * * * * * * * * * * * * * //
Create time

Create mesh for time = 0

Selecting dynamicFvMesh dynamicMotionSolverFvMesh
Selecting motion solver: displacementLaplacian
Applying motion to entire mesh
Selecting motion diffusion: uniform

PIMPLE: Operating solver in PISO mode

Reading field p

Reading field U

Reading/calculating face flux field phi

Selecting incompressible transport model Newtonian
Selecting turbulence model type laminar
Selecting laminar stress model Stokes
No MRF models present

Creating finite-volume options from "system/fvOptions"

Selecting finite volume options type explicitPorositySource
    Source: tm_porous
    State: active
    - selecting cells using cellZones (tm_zone)
    - selected 4 cell(s) with volume 1e-09
Porosity region tm_porous:
    selecting model: DarcyForchheimer
--> FOAM IOWarning :
    Found [v1806] 'coordinateRotation' entry instead of 'rotation' in dictionary "system/fvOptions/tm_porous/explicitPorositySourceCoeffs/DarcyForchheimerCoeffs/coordinateSystem"

    This keyword is 90 months old.

Using [v1806] 'axesRotation' instead of 'axes' in selection table: coordinateRotation

    This lookup is 90 months old.

    creating porous zone: tm_zone
    origin: (0 0 0) e1: (1 0 0) e2: (0 1 0)
    local bounds: (0.0005 0.002 0.001)

Constructing face velocity Uf

Courant Number mean: 0 max: 0
Courant Number mean: 0 max: 0

Starting time loop

---[preciceAdapter] Loaded the OpenFOAM-preCICE adapter - v1.3.1.
---[preciceAdapter] Reading preciceDict...
---[preCICE] This is preCICE version 3.3.1
---[preCICE] Revision info: v3.3.1
---[preCICE] Build type: Release (without debug log)
---[preCICE] Working directory "/simulation/eye-fsi-tc0/fluid"
---[preCICE] Configuring preCICE with configuration "../precice-config.xml"
---[preCICE] I am participant "Fluid"
---[preCICE] Setting up primary communication to coupling partner/s
---[preCICE] Primary ranks are connected
---[preCICE] Primary ranks are connected
---[preCICE] Setting up preliminary secondary communication to coupling partner/s
---[preCICE] Receive global mesh All-Fluid-Mesh
---[preCICE] Setting up preliminary secondary communication to coupling partner/s
---[preCICE] Prepare partition for mesh All-Fluid-Mesh
---[preCICE] Gather mesh All-Fluid-Mesh
---[preCICE] Send global mesh All-Fluid-Mesh
---[preCICE] Receive global mesh All-Solid-Mesh
---[preCICE] Prepare partition for mesh All-Solid-Mesh
---[preCICE] Gather mesh All-Solid-Mesh
---[preCICE] Send global mesh All-Solid-Mesh
---[preCICE] Setting up secondary communication to coupling partner/s
---[preCICE] Setting up secondary communication to coupling partner/s
---[preCICE] Secondary ranks are connected
---[preCICE] Secondary ranks are connected
---[preCICE] Computing "nearest-neighbor" mapping from mesh "All-Solid-Mesh" to mesh "All-Fluid-Mesh" in "read" direction.
---[preCICE] Mapping distance min:0 max:0.00048882 avg: 0.000237439 var: 7.00467e-09 cnt: 253
---[preCICE] Mapping "Displacement" for t=0 from "All-Solid-Mesh" to "All-Fluid-Mesh" (skipped zero sample)
---[preCICE] it 1 (min: 1, max: 15), time-window 1, t 0 (max: 25), Dt 0.01, max-dt 0.01
---[preciceAdapter] preCICE was configured and initialized
--> FOAM Warning : 
    From void adapterInfo(std::string, std::string)
    in file Utilities.C at line 17
    [36mWarning in the preCICE adapter: [0m
You have enabled 'runTimeModifiable' in the controlDict. The preciceAdapter does not yet fully support this functionality when 'adjustableTimestep' is not enabled. If you modify the 'deltaT' in the controlDict during the simulation, it will not be updated.

---[preciceAdapter] Setting the solver's endTime to infinity to prevent early exits. Only preCICE will control the simulation's endTime. Any functionObject's end() method will be triggered by the adapter. You may disable this behavior in the adapter's configuration.
surfaceFieldValue flowRateTM:
    operation     = sum


surfaceFieldValue pressureIOP:
    operation     = areaAverage


surfaceFieldValue pressureACinlet:
    operation     = areaAverage


Courant Number mean: 0 max: 0
Time = 0.01

PIMPLE: iteration 1
GAMG:  Solving for cellDisplacementx, Initial residual = 0, Final residual = 0, No Iterations 0
DICPCG:  Solving for pcorr, Initial residual = 1, Final residual = 6.5224089e-08, No Iterations 93
time step continuity errors : sum local = 8.7609284e-14, global = 5.657204e-16, cumulative = 5.657204e-16
smoothSolver:  Solving for Ux, Initial residual = 0.99999995, Final residual = 1.2648349e-08, No Iterations 3
DICPCG:  Solving for p, Initial residual = 1, Final residual = 9.4907988e-08, No Iterations 111
time step continuity errors : sum local = 2.09654e-12, global = 3.5071029e-15, cumulative = 4.0728233e-15
ExecutionTime = 0.69 s  ClockTime = 1 s

---[preCICE] Computing "nearest-neighbor" mapping from mesh "All-Fluid-Mesh" to mesh "All-Solid-Mesh" in "read" direction.
---[preCICE] Mapping distance min:0 max:0.00048882 avg: 0.000237439 var: 7.00467e-09 cnt: 253
---[preCICE] Mapping "Force" for t=0 from "All-Fluid-Mesh" to "All-Solid-Mesh" (skipped zero sample)
---[preCICE] Mapping "Force" for t=0.01 from "All-Fluid-Mesh" to "All-Solid-Mesh"
---[preCICE] it 1 (min: 1, max: 15), time-window 1, t 0 (max: 25), Dt 0.01, max-dt 0.01
---[preciceAdapter] preCICE was configured and initialized
--> FOAM Warning : 
    From void adapterInfo(std::string, std::string)
    in file Utilities.C at line 17
    [36mWarning in the preCICE adapter: [0m
You have enabled 'runTimeModifiable' in the controlDict. The preciceAdapter does not yet fully support this functionality when 'adjustableTimestep' is not enabled. If you modify the 'deltaT' in the controlDict during the simulation, it will not be updated.

---[preciceAdapter] Setting the solver's endTime to infinity to prevent early exits. Only preCICE will control the simulation's endTime. Any functionObject's end() method will be triggered by the adapter. You may disable this behavior in the adapter's configuration.
Time = 0.01

Evolving solid solver
Solving the momentum equation for D
setCellDisplacements: reading cellDisplacements
    Corr, res, relRes, matRes, iters
    50, 0.0095883851, 0.11859869, 0, 4
    100, 0.0010650311, 0.0061969185, 0, 4
    150, 0.00035436521, 0.00019754547, 0, 3
    The relative residual has converged
    173, 0.00025226289, 9.5113601e-06, 0, 2

ExecutionTime = 0.88 s  ClockTime = 4 s

---[preCICE] absolute convergence measure: two-norm diff of data "Displacement" = 1.33e-04, limit = 1.00e-05, conv = false
---[preCICE] absolute convergence measure: two-norm diff of data "Force" = 3.14e-02, limit = 1.00e-03, conv = false
---[preCICE] Mapping "Displacement" for t=0.01 from "All-Solid-Mesh" to "All-Fluid-Mesh"
---[preCICE] it 2 (min: 1, max: 15), time-window 1, t 0 (max: 25), Dt 0.01, max-dt 0.01
surfaceFieldValue flowRateTM write:
    total faces   = 4
    total area    = 2e-06

    sum(outlet_tm) of phi = 0

surfaceFieldValue pressureIOP write:
    total faces   = 4
    total area    = 2e-06

    areaAverage(outlet_tm) of p = 0

surfaceFieldValue pressureACinlet write:
    total faces   = 5
    total area    = 2.4e-06

    areaAverage(ac_inlet) of p = 0

Courant Number mean: 0 max: 0
Time = 0.01

PIMPLE: iteration 1
GAMG:  Solving for cellDisplacementx, Initial residual = 1, Final residual = 4.9561636e-09, No Iterations 18
DICPCG:  Solving for pcorr, Initial residual = 1, Final residual = 4.2764274e-08, No Iterations 93
time step continuity errors : sum local = 2.1457554e-12, global = -3.9384964e-15, cumulative = 1.3432693e-16
- selected 4 cell(s) with volume 9.9994634e-10
smoothSolver:  Solving for Ux, Initial residual = 1, Final residual = 1.9749402e-08, No Iterations 3
DICPCG:  Solving for p, Initial residual = 1, Final residual = 6.3057733e-08, No Iterations 111
time step continuity errors : sum local = 7.2711103e-11, global = 8.5592161e-14, cumulative = 8.5726488e-14
ExecutionTime = 0.74 s  ClockTime = 2 s

---[preCICE] Mapping "Force" for t=0.01 from "All-Fluid-Mesh" to "All-Solid-Mesh"
---[preCICE] it 2 (min: 1, max: 15), time-window 1, t 0 (max: 25), Dt 0.01, max-dt 0.01
Time = 0.01

Evolving solid solver
Solving the momentum equation for D
    Corr, res, relRes, matRes, iters
    50, 0.0018203387, 0.0028683194, 0, 3
    100, 0.00085638613, 0.00026867726, 0, 2
    150, 0.0004145452, 4.9927816e-05, 0, 2
    The relative residual has converged
    171, 0.00031000053, 9.9398395e-06, 0, 2

ExecutionTime = 1.14 s  ClockTime = 4 s

---[preCICE] absolute convergence measure: two-norm diff of data "Displacement" = 1.19e-04, limit = 1.00e-05, conv = false
---[preCICE] absolute convergence measure: two-norm diff of data "Force" = 1.15e+00, limit = 1.00e-03, conv = false
---[preCICE] Mapping "Displacement" for t=0.01 from "All-Solid-Mesh" to "All-Fluid-Mesh"
---[preCICE] it 3 (min: 1, max: 15), time-window 1, t 0 (max: 25), Dt 0.01, max-dt 0.01
surfaceFieldValue flowRateTM write:
    total faces   = 4
    total area    = 2e-06

    sum(outlet_tm) of phi = 0

surfaceFieldValue pressureIOP write:
    total faces   = 4
    total area    = 2e-06

    areaAverage(outlet_tm) of p = 0

surfaceFieldValue pressureACinlet write:
    total faces   = 5
    total area    = 2.4e-06

    areaAverage(ac_inlet) of p = 0

Courant Number mean: 0 max: 0
Time = 0.01

PIMPLE: iteration 1
GAMG:  Solving for cellDisplacementx, Initial residual = 1, Final residual = 4.9557531e-09, No Iterations 18
DICPCG:  Solving for pcorr, Initial residual = 1, Final residual = 4.2772514e-08, No Iterations 93
time step continuity errors : sum local = 2.0956862e-11, global = -5.7890637e-14, cumulative = 2.7835851e-14
- selected 4 cell(s) with volume 9.9946485e-10
smoothSolver:  Solving for Ux, Initial residual = 1, Final residual = 4.577753e-08, No Iterations 3
DICPCG:  Solving for p, Initial residual = 1, Final residual = 7.5927665e-08, No Iterations 111
time step continuity errors : sum local = 5.8051675e-10, global = -6.1932451e-12, cumulative = -6.1654093e-12
ExecutionTime = 0.76 s  ClockTime = 2 s

---[preCICE] Mapping "Force" for t=0.01 from "All-Fluid-Mesh" to "All-Solid-Mesh"
---[preCICE] it 3 (min: 1, max: 15), time-window 1, t 0 (max: 25), Dt 0.01, max-dt 0.01
Time = 0.01

Evolving solid solver
Solving the momentum equation for D
    Corr, res, relRes, matRes, iters
    50, 0.0018070928, 0.0028706304, 0, 3
    100, 0.00086788996, 0.00026892885, 0, 2
    150, 0.0004221854, 4.9917365e-05, 0, 2
    The relative residual has converged
    173, 0.0003068828, 9.4690179e-06, 0, 2

ExecutionTime = 1.4 s  ClockTime = 4 s

---[preCICE] absolute convergence measure: two-norm diff of data "Displacement" = 2.44e-07, limit = 1.00e-05, conv = true
---[preCICE] absolute convergence measure: two-norm diff of data "Force" = 1.03e+01, limit = 1.00e-03, conv = false
---[preCICE] Mapping "Displacement" for t=0.01 from "All-Solid-Mesh" to "All-Fluid-Mesh"
---[preCICE] it 4 (min: 1, max: 15), time-window 1, t 0 (max: 25), Dt 0.01, max-dt 0.01
surfaceFieldValue flowRateTM write:
    total faces   = 4
    total area    = 2e-06

    sum(outlet_tm) of phi = 0

surfaceFieldValue pressureIOP write:
    total faces   = 4
    total area    = 2e-06

    areaAverage(outlet_tm) of p = 0

surfaceFieldValue pressureACinlet write:
    total faces   = 5
    total area    = 2.4e-06

    areaAverage(ac_inlet) of p = 0

Courant Number mean: 0 max: 0
Time = 0.01

PIMPLE: iteration 1
GAMG:  Solving for cellDisplacementx, Initial residual = 1, Final residual = 4.9556573e-09, No Iterations 18
DICPCG:  Solving for pcorr, Initial residual = 1, Final residual = 4.2780253e-08, No Iterations 93
time step continuity errors : sum local = 2.0997822e-11, global = -5.8103416e-14, cumulative = -6.2235127e-12
- selected 4 cell(s) with volume 9.9946388e-10
smoothSolver:  Solving for Ux, Initial residual = 1, Final residual = 4.6128404e-08, No Iterations 3
DICPCG:  Solving for p, Initial residual = 1, Final residual = 6.4914913e-08, No Iterations 111
time step continuity errors : sum local = 6.0732137e-10, global = 3.4405003e-12, cumulative = -2.7830125e-12
ExecutionTime = 0.79 s  ClockTime = 2 s

---[preCICE] Mapping "Force" for t=0.01 from "All-Fluid-Mesh" to "All-Solid-Mesh"
---[preCICE] it 4 (min: 1, max: 15), time-window 1, t 0 (max: 25), Dt 0.01, max-dt 0.01
Time = 0.01

Evolving solid solver
Solving the momentum equation for D
    Corr, res, relRes, matRes, iters
    50, 0.0018052759, 0.0028707386, 0, 3
    100, 0.00087066584, 0.00026896579, 0, 2
    150, 0.00042399561, 4.991167e-05, 0, 2
    The relative residual has converged
    173, 0.00030812387, 9.4838826e-06, 0, 2

ExecutionTime = 1.66 s  ClockTime = 5 s

---[preCICE] absolute convergence measure: two-norm diff of data "Displacement" = 5.35e-09, limit = 1.00e-05, conv = true
---[preCICE] absolute convergence measure: two-norm diff of data "Force" = 2.04e-02, limit = 1.00e-03, conv = false
---[preCICE] Mapping "Displacement" for t=0.01 from "All-Solid-Mesh" to "All-Fluid-Mesh"
---[preCICE] it 5 (min: 1, max: 15), time-window 1, t 0 (max: 25), Dt 0.01, max-dt 0.01
surfaceFieldValue flowRateTM write:
    total faces   = 4
    total area    = 2e-06

    sum(outlet_tm) of phi = 0

surfaceFieldValue pressureIOP write:
    total faces   = 4
    total area    = 2e-06

    areaAverage(outlet_tm) of p = 0

surfaceFieldValue pressureACinlet write:
    total faces   = 5
    total area    = 2.4e-06

    areaAverage(ac_inlet) of p = 0

Courant Number mean: 0 max: 0
Time = 0.01

PIMPLE: iteration 1
GAMG:  Solving for cellDisplacementx, Initial residual = 1, Final residual = 4.9556374e-09, No Iterations 18
DICPCG:  Solving for pcorr, Initial residual = 1, Final residual = 4.278115e-08, No Iterations 93
time step continuity errors : sum local = 2.0998527e-11, global = -5.8185943e-14, cumulative = -2.8411984e-12
smoothSolver:  Solving for Ux, Initial residual = 1, Final residual = 4.611107e-08, No Iterations 3
DICPCG:  Solving for p, Initial residual = 1, Final residual = 6.1612672e-08, No Iterations 111
time step continuity errors : sum local = 6.1591512e-10, global = -5.8416415e-12, cumulative = -8.6828399e-12
ExecutionTime = 0.81 s  ClockTime = 3 s

---[preCICE] Mapping "Force" for t=0.01 from "All-Fluid-Mesh" to "All-Solid-Mesh"
---[preCICE] it 5 (min: 1, max: 15), time-window 1, t 0 (max: 25), Dt 0.01, max-dt 0.01
Time = 0.01

Evolving solid solver
Solving the momentum equation for D
    Corr, res, relRes, matRes, iters
    50, 0.0018045447, 0.0028707446, 0, 3
    100, 0.00087132305, 0.00026897354, 0, 2
    150, 0.00042447057, 4.9912008e-05, 0, 2
    The relative residual has converged
    173, 0.00030845633, 9.4889686e-06, 0, 2

ExecutionTime = 1.95 s  ClockTime = 5 s

---[preCICE] absolute convergence measure: two-norm diff of data "Displacement" = 3.35e-09, limit = 1.00e-05, conv = true
---[preCICE] absolute convergence measure: two-norm diff of data "Force" = 6.61e-07, limit = 1.00e-03, conv = true
---[preCICE] All converged
---[preCICE] Time window completed
---[preCICE] Mapping "Displacement" for t=0.01 from "All-Solid-Mesh" to "All-Fluid-Mesh"
---[preCICE] it 1 (min: 1, max: 15), time-window 2, t 0.01 (max: 25), Dt 0.01, max-dt 0.01
surfaceFieldValue flowRateTM write:
    total faces   = 4
    total area    = 2e-06

    sum(outlet_tm) of phi = -1.8236803e-08

surfaceFieldValue pressureIOP write:
    total faces   = 4
    total area    = 2e-06

    areaAverage(outlet_tm) of p = 0

surfaceFieldValue pressureACinlet write:
    total faces   = 5
    total area    = 2.4e-06

    areaAverage(ac_inlet) of p = -1467.4263

Courant Number mean: 0.027458286 max: 0.2780254
Time = 0.02

PIMPLE: iteration 1
GAMG:  Solving for cellDisplacementx, Initial residual = 0.0003889912, Final residual = 5.813636e-09, No Iterations 10
DICPCG:  Solving for pcorr, Initial residual = 1, Final residual = 4.2723021e-08, No Iterations 93
time step continuity errors : sum local = 2.0937016e-11, global = 5.9062028e-14, cumulative = -8.6237779e-12
- selected 4 cell(s) with volume 9.9946337e-10
smoothSolver:  Solving for Ux, Initial residual = 0.28096512, Final residual = 2.3735507e-08, No Iterations 1
DICPCG:  Solving for p, Initial residual = 0.99745612, Final residual = 6.3841203e-08, No Iterations 109
time step continuity errors : sum local = 8.0482431e-09, global = 6.7972686e-13, cumulative = -7.944051e-12
ExecutionTime = 0.84 s  ClockTime = 3 s

---[preCICE] Time window completed
---[preCICE] Mapping "Force" for t=0.02 from "All-Fluid-Mesh" to "All-Solid-Mesh"
---[preCICE] it 1 (min: 1, max: 15), time-window 2, t 0.01 (max: 25), Dt 0.01, max-dt 0.01
Time = 0.02

Evolving solid solver
Solving the momentum equation for D
    Corr, res, relRes, matRes, iters
    50, 0.00015463155, 0.011724244, 0, 2
    100, 7.9781209e-05, 0.0046937461, 0, 2
    150, 4.1486651e-05, 0.0039450166, 0, 2
--> FOAM Warning : Max iterations reached within momentum loop
ExecutionTime = 2.34 s  ClockTime = 5 s

---[preCICE] absolute convergence measure: two-norm diff of data "Displacement" = 8.01e-08, limit = 1.00e-05, conv = true
---[preCICE] absolute convergence measure: two-norm diff of data "Force" = 1.53e+01, limit = 1.00e-03, conv = false
---[preCICE] Mapping "Displacement" for t=0.02 from "All-Solid-Mesh" to "All-Fluid-Mesh"
---[preCICE] it 2 (min: 1, max: 15), time-window 2, t 0.01 (max: 25), Dt 0.01, max-dt 0.01
surfaceFieldValue flowRateTM write:
    total faces   = 4
    total area    = 2e-06

    sum(outlet_tm) of phi = -1.8236803e-08

surfaceFieldValue pressureIOP write:
    total faces   = 4
    total area    = 2e-06

    areaAverage(outlet_tm) of p = 0

surfaceFieldValue pressureACinlet write:
    total faces   = 5
    total area    = 2.4e-06

    areaAverage(ac_inlet) of p = -1467.4263

Courant Number mean: 0.027458286 max: 0.2780254
Time = 0.02

PIMPLE: iteration 1
GAMG:  Solving for cellDisplacementx, Initial residual = 0.00038072032, Final residual = 5.785254e-09, No Iterations 10
DICPCG:  Solving for pcorr, Initial residual = 1, Final residual = 4.2722758e-08, No Iterations 93
time step continuity errors : sum local = 2.0936901e-11, global = 5.9028218e-14, cumulative = -7.8850228e-12
- selected 4 cell(s) with volume 9.9946321e-10
smoothSolver:  Solving for Ux, Initial residual = 0.28096507, Final residual = 2.3735541e-08, No Iterations 1
DICPCG:  Solving for p, Initial residual = 0.99745702, Final residual = 6.3848517e-08, No Iterations 109
time step continuity errors : sum local = 8.0735296e-09, global = 3.499417e-12, cumulative = -4.3856058e-12
ExecutionTime = 0.86 s  ClockTime = 3 s

---[preCICE] Mapping "Force" for t=0.02 from "All-Fluid-Mesh" to "All-Solid-Mesh"
---[preCICE] it 2 (min: 1, max: 15), time-window 2, t 0.01 (max: 25), Dt 0.01, max-dt 0.01
Time = 0.02

Evolving solid solver
Solving the momentum equation for D
    Corr, res, relRes, matRes, iters
    50, 0.00019831669, 0.37095221, 0, 4
    100, 9.2137706e-05, 0.0037008092, 0, 2
    150, 4.7675397e-05, 0.0027654767, 0, 2
--> FOAM Warning : Max iterations reached within momentum loop
ExecutionTime = 2.66 s  ClockTime = 6 s

---[preCICE] absolute convergence measure: two-norm diff of data "Displacement" = 8.93e-08, limit = 1.00e-05, conv = true
---[preCICE] absolute convergence measure: two-norm diff of data "Force" = 1.14e-06, limit = 1.00e-03, conv = true
---[preCICE] All converged
---[preCICE] Time window completed
---[preCICE] Mapping "Displacement" for t=0.02 from "All-Solid-Mesh" to "All-Fluid-Mesh"
---[preCICE] it 1 (min: 1, max: 15), time-window 3, t 0.02 (max: 25), Dt 0.01, max-dt 0.01
surfaceFieldValue flowRateTM write:
    total faces   = 4
    total area    = 2e-06

    sum(outlet_tm) of phi = 5.0101875e-11

surfaceFieldValue pressureIOP write:
    total faces   = 4
    total area    = 2e-06

    areaAverage(outlet_tm) of p = 0

surfaceFieldValue pressureACinlet write:
    total faces   = 5
    total area    = 2.4e-06

    areaAverage(ac_inlet) of p = 493.25824

Courant Number mean: 0.0036976789 max: 0.12008173
Time = 0.03

PIMPLE: iteration 1
GAMG:  Solving for cellDisplacementx, Initial residual = 0.00012767011, Final residual = 4.9631911e-09, No Iterations 10
DICPCG:  Solving for pcorr, Initial residual = 1, Final residual = 5.1312365e-08, No Iterations 91
time step continuity errors : sum local = 6.9253458e-14, global = -7.4303997e-17, cumulative = -4.3856801e-12
- selected 4 cell(s) with volume 9.9946175e-10
smoothSolver:  Solving for Ux, Initial residual = 0.30967937, Final residual = 5.5098822e-10, No Iterations 2
DICPCG:  Solving for p, Initial residual = 0.99820249, Final residual = 6.2012367e-08, No Iterations 109
time step continuity errors : sum local = 1.4127267e-08, global = -1.0445081e-12, cumulative = -5.4301882e-12
ExecutionTime = 0.88 s  ClockTime = 4 s

---[preCICE] Time window completed
---[preCICE] Mapping "Force" for t=0.03 from "All-Fluid-Mesh" to "All-Solid-Mesh"
---[preCICE] it 1 (min: 1, max: 15), time-window 3, t 0.02 (max: 25), Dt 0.01, max-dt 0.01
Time = 0.03

Evolving solid solver
Solving the momentum equation for D
    Corr, res, relRes, matRes, iters
    50, 1.2956851e-05, 0.018859125, 0, 2
    The solver residual has converged
    71, 9.8911435e-06, 0.013051175, 0, 2

ExecutionTime = 2.79 s  ClockTime = 6 s

---[preCICE] absolute convergence measure: two-norm diff of data "Displacement" = 1.74e-08, limit = 1.00e-05, conv = true
---[preCICE] absolute convergence measure: two-norm diff of data "Force" = 2.55e+00, limit = 1.00e-03, conv = false
---[preCICE] Mapping "Displacement" for t=0.03 from "All-Solid-Mesh" to "All-Fluid-Mesh"
---[preCICE] it 2 (min: 1, max: 15), time-window 3, t 0.02 (max: 25), Dt 0.01, max-dt 0.01
surfaceFieldValue flowRateTM write:
    total faces   = 4
    total area    = 2e-06

    sum(outlet_tm) of phi = 5.0101875e-11

surfaceFieldValue pressureIOP write:
    total faces   = 4
    total area    = 2e-06

    areaAverage(outlet_tm) of p = 0

surfaceFieldValue pressureACinlet write:
    total faces   = 5
    total area    = 2.4e-06

    areaAverage(ac_inlet) of p = 493.25824

Courant Number mean: 0.0036976789 max: 0.12008173
Time = 0.03

PIMPLE: iteration 1
GAMG:  Solving for cellDisplacementx, Initial residual = 0.00012793887, Final residual = 4.9710563e-09, No Iterations 10
DICPCG:  Solving for pcorr, Initial residual = 1, Final residual = 5.1002441e-08, No Iterations 91
time step continuity errors : sum local = 7.0092512e-14, global = -8.5108501e-17, cumulative = -5.4302734e-12
- selected 4 cell(s) with volume 9.9946174e-10
smoothSolver:  Solving for Ux, Initial residual = 0.30967936, Final residual = 5.5098807e-10, No Iterations 2
DICPCG:  Solving for p, Initial residual = 0.9982026, Final residual = 6.1938217e-08, No Iterations 109
time step continuity errors : sum local = 1.41101e-08, global = 2.6703332e-12, cumulative = -2.7599402e-12
ExecutionTime = 0.91 s  ClockTime = 4 s

---[preCICE] Mapping "Force" for t=0.03 from "All-Fluid-Mesh" to "All-Solid-Mesh"
---[preCICE] it 2 (min: 1, max: 15), time-window 3, t 0.02 (max: 25), Dt 0.01, max-dt 0.01
Time = 0.03

Evolving solid solver
Solving the momentum equation for D
    Corr, res, relRes, matRes, iters
    50, 1.4105632e-05, 0.0072742757, 0, 2
    The solver residual has converged
    79, 9.9088047e-06, 0.0067405311, 0, 2

ExecutionTime = 2.94 s  ClockTime = 6 s

---[preCICE] absolute convergence measure: two-norm diff of data "Displacement" = 2.72e-08, limit = 1.00e-05, conv = true
---[preCICE] absolute convergence measure: two-norm diff of data "Force" = 1.83e-07, limit = 1.00e-03, conv = true
---[preCICE] All converged
---[preCICE] Time window completed
---[preCICE] Mapping "Displacement" for t=0.03 from "All-Solid-Mesh" to "All-Fluid-Mesh"
---[preCICE] it 1 (min: 1, max: 15), time-window 4, t 0.03 (max: 25), Dt 0.01, max-dt 0.01
surfaceFieldValue flowRateTM write:
    total faces   = 4
    total area    = 2e-06

    sum(outlet_tm) of phi = 5.0111852e-11

surfaceFieldValue pressureIOP write:
    total faces   = 4
    total area    = 2e-06

    areaAverage(outlet_tm) of p = 0

surfaceFieldValue pressureACinlet write:
    total faces   = 5
    total area    = 2.4e-06

    areaAverage(ac_inlet) of p = 165.58123

Courant Number mean: 0.071742371 max: 10.827705
Time = 0.04

PIMPLE: iteration 1
GAMG:  Solving for cellDisplacementx, Initial residual = 8.1822727e-06, Final residual = 9.3232448e-09, No Iterations 6
DICPCG:  Solving for pcorr, Initial residual = 1, Final residual = 5.5938619e-08, No Iterations 91
time step continuity errors : sum local = 4.3378747e-14, global = -3.3151661e-16, cumulative = -2.7602717e-12
- selected 4 cell(s) with volume 9.9946166e-10
smoothSolver:  Solving for Ux, Initial residual = 0.35581234, Final residual = nan, No Iterations 1000
DICPCG:  Solving for p, Initial residual = nan, Final residual = nan, No Iterations 1000
time step continuity errors : sum local = nan, global = -nan, cumulative = -nan
ExecutionTime = 1.02 s  ClockTime = 4 s

---[preCICE] Time window completed
---[preCICE] Mapping "Force" for t=0.04 from "All-Fluid-Mesh" to "All-Solid-Mesh"
---[preCICE] it 1 (min: 1, max: 15), time-window 4, t 0.03 (max: 25), Dt 0.01, max-dt 0.01
Time = 0.04

Evolving solid solver
Solving the momentum equation for D
    Corr, res, relRes, matRes, iters
    The solver residual has converged
    2, 9.545684e-06, 0.33401444, 0, 2

ExecutionTime = 2.94 s  ClockTime = 6 s

---[preCICE] absolute convergence measure: two-norm diff of data "Displacement" = 5.64e-10, limit = 1.00e-05, conv = true
---[preCICE] absolute convergence measure: two-norm diff of data "Force" = -nan, limit = 1.00e-03, conv = false
---[preCICE] Mapping "Displacement" for t=0.04 from "All-Solid-Mesh" to "All-Fluid-Mesh"
---[preCICE] it 2 (min: 1, max: 15), time-window 4, t 0.03 (max: 25), Dt 0.01, max-dt 0.01
surfaceFieldValue flowRateTM write:
    total faces   = 4
    total area    = 2e-06

    sum(outlet_tm) of phi = 5.0111852e-11

surfaceFieldValue pressureIOP write:
    total faces   = 4
    total area    = 2e-06

    areaAverage(outlet_tm) of p = 0

surfaceFieldValue pressureACinlet write:
    total faces   = 5
    total area    = 2.4e-06

    areaAverage(ac_inlet) of p = 165.58123

Courant Number mean: 0.071742371 max: 10.827705
Time = 0.04

PIMPLE: iteration 1
GAMG:  Solving for cellDisplacementx, Initial residual = 8.1941405e-06, Final residual = 9.3388965e-09, No Iterations 6
DICPCG:  Solving for pcorr, Initial residual = 1, Final residual = 5.5966717e-08, No Iterations 91
time step continuity errors : sum local = 4.3356909e-14, global = -3.3120814e-16, cumulative = -nan
smoothSolver:  Solving for Ux, Initial residual = 0.35581234, Final residual = nan, No Iterations 1000


--> FOAM FATAL IO ERROR: (openfoam-2512)
Wrong token type - expected scalar value, found on line 2: word 'nan'

file: system/data/solver/U at line 2.

    From Foam::Istream& Foam::operator>>(Istream&, doubleScalar&)
    in file lnInclude/scalarImpl.txx at line 174.

FOAM exiting

---[preCICE] Receiving data from another participant (using sockets) failed with a system error: read: End of file [asio.misc:2]. This often means that the other participant exited with an error (look there).
terminate called after throwing an instance of 'precice::Error'
  what():  Receiving data from another participant (using sockets) failed with a system error: read: End of file [asio.misc:2]. This often means that the other participant exited with an error (look there).
[43c826fb4b0a:00228] *** Process received signal ***
[43c826fb4b0a:00228] Signal: Aborted (6)
[43c826fb4b0a:00228] Signal code:  (-6)
[43c826fb4b0a:00228] [ 0] /lib/x86_64-linux-gnu/libc.so.6(+0x45330)[0x7ffffd9bc330]
[43c826fb4b0a:00228] [ 1] /lib/x86_64-linux-gnu/libc.so.6(pthread_kill+0x11c)[0x7ffffda15b2c]
[43c826fb4b0a:00228] [ 2] /lib/x86_64-linux-gnu/libc.so.6(gsignal+0x1e)[0x7ffffd9bc27e]
[43c826fb4b0a:00228] [ 3] /lib/x86_64-linux-gnu/libc.so.6(abort+0xdf)[0x7ffffd99f8ff]
[43c826fb4b0a:00228] [ 4] /lib/x86_64-linux-gnu/libstdc++.so.6(+0xa5ff5)[0x7ffffdd47ff5]
[43c826fb4b0a:00228] [ 5] /lib/x86_64-linux-gnu/libstdc++.so.6(+0xbb0da)[0x7ffffdd5d0da]
[43c826fb4b0a:00228] [ 6] /lib/x86_64-linux-gnu/libstdc++.so.6(_ZSt10unexpectedv+0x0)[0x7ffffdd47a55]
[43c826fb4b0a:00228] [ 7] /lib/x86_64-linux-gnu/libstdc++.so.6(+0xbb391)[0x7ffffdd5d391]
[43c826fb4b0a:00228] [ 8] /opt/precice/lib/libprecice.so.3(+0x7c1ae)[0x7ffff7c2e1ae]
[43c826fb4b0a:00228] [ 9] /opt/precice/lib/libprecice.so.3(+0x654a8)[0x7ffff7c174a8]
[43c826fb4b0a:00228] [10] /opt/precice/lib/libprecice.so.3(+0x1ddbe0)[0x7ffff7d8fbe0]
[43c826fb4b0a:00228] [11] /opt/precice/lib/libprecice.so.3(+0x200de5)[0x7ffff7db2de5]
[43c826fb4b0a:00228] [12] /opt/precice/lib/libprecice.so.3(+0x214f56)[0x7ffff7dc6f56]
[43c826fb4b0a:00228] [13] /opt/precice/lib/libprecice.so.3(+0x216798)[0x7ffff7dc8798]
[43c826fb4b0a:00228] [14] /opt/precice/lib/libprecice.so.3(+0x217594)[0x7ffff7dc9594]
[43c826fb4b0a:00228] [15] /opt/precice/lib/libprecice.so.3(+0x24dcb7)[0x7ffff7dffcb7]
[43c826fb4b0a:00228] [16] /opt/precice/lib/libprecice.so.3(+0x255c39)[0x7ffff7e07c39]
[43c826fb4b0a:00228] [17] /opt/of-user/lib/libpreciceAdapterFunctionObject.so(_ZN14preciceAdapter7Adapter7executeEv+0xa1)[0x7ffff80afaf1]
[43c826fb4b0a:00228] [18] /opt/of-user/lib/libpreciceAdapterFunctionObject.so(_ZN4Foam15functionObjects28preciceAdapterFunctionObject7executeEv+0x11)[0x7ffff80d9ea1]
[43c826fb4b0a:00228] [19] /usr/lib/openfoam/openfoam2512/platforms/linux64GccDPInt32Opt/lib/libOpenFOAM.so(_ZN4Foam18functionObjectList7executeEb+0xf8)[0x7ffffe37da38]
[43c826fb4b0a:00228] [20] /usr/lib/openfoam/openfoam2512/platforms/linux64GccDPInt32Opt/lib/libOpenFOAM.so(_ZNK4Foam4Time3runEv+0x19d)[0x7ffffe39766d]
[43c826fb4b0a:00228] [21] solids4Foam(+0x27ab)[0x5555555567ab]
[43c826fb4b0a:00228] [22] /lib/x86_64-linux-gnu/libc.so.6(+0x2a1ca)[0x7ffffd9a11ca]
[43c826fb4b0a:00228] [23] /lib/x86_64-linux-gnu/libc.so.6(__libc_start_main+0x8b)[0x7ffffd9a128b]
[43c826fb4b0a:00228] [24] solids4Foam(+0x2ba5)[0x555555556ba5]
[43c826fb4b0a:00228] *** End of error message ***

=== eye-fsi-tc0: post-run checks ===

  Q_outlet_tm (last step) = write:

=== eye-fsi-tc0: done ===
    ParaView files:
      fluid/eye-fsi-tc0-fluid.foam  — fluid flow field
      solid/eye-fsi-tc0-solid.foam  — all solids (lens FSI + iris + sclera + cornea)
