 Container myopenfoam-fsi-run-f84d8fe98b22 Creating 
 Container myopenfoam-fsi-run-f84d8fe98b22 Created 
=== eye-fsi-tc0: cleaning ===
  fluid cleaned
  solid cleaned
=== eye-fsi-tc0: clean done ===
=== eye-fsi-tc0: meshing ===
/*---------------------------------------------------------------------------*\
| =========                 |                                                 |
| \\      /  F ield         | OpenFOAM: The Open Source CFD Toolbox           |
|  \\    /   O peration     | Version:  2512                                  |
|   \\  /    A nd           | Website:  www.openfoam.com                      |
|    \\/     M anipulation  |                                                 |
\*---------------------------------------------------------------------------*/
Build  : _bd2b6720-20260127 OPENFOAM=2512 version=2512
Arch   : "LSB;label=32;scalar=64"
Exec   : blockMesh
Date   : May 06 2026
Time   : 12:21:27
Host   : 0f8c0d948f92
PID    : 242
I/O    : uncollated
Case   : /simulation/eye-fsi-tc0/fluid
nProcs : 1
trapFpe: Floating point exception trapping enabled (FOAM_SIGFPE).
memory pool : not available
fileModificationChecking : Monitoring run-time modified files using timeStampMaster (fileModificationSkew 5, maxFileModificationPolls 20)
allowSystemOperations : Allowing user-supplied system call operations

// * * * * * * * * * * * * * * * * * * * * * * * * * * * * * * * * * * * * * //
Create time

Creating block mesh from "system/blockMeshDict"
Creating block edges
No non-planar block faces defined
Creating topology blocks

Creating topology patches - from boundary section

Creating block mesh topology
--> FOAM Warning : 
    From Foam::polyMesh::polyMesh(const Foam::IOobject&, Foam::pointField&&, const Foam::cellShapeList&, const Foam::faceListList&, const Foam::wordList&, const Foam::PtrList<Foam::dictionary>&, const Foam::word&, const Foam::word&, bool)
    in file meshes/polyMesh/polyMeshFromShapeMesh.C at line 905
    Found 2 undefined faces in mesh; adding to default patch defaultFaces

Check topology

	Basic statistics
		Number of internal faces : 69
		Number of boundary faces : 138
		Number of defined boundary faces : 138
		Number of undefined boundary faces : 0
	Checking patch -> block consistency

Creating block offsets
Creating merge list (topological search)...

Creating polyMesh from blockMesh
Creating patches
Creating cells
Creating points with scale (1 1 1)
    Block 0 cell size :
        i : 0.0005 .. 0.0005
        j : 0.0004 .. 0.0004
        k : 0.001 .. 0.001

    Block 1 cell size :
        i : 0.0005 .. 0.0005
        j : 0.0004 .. 0.0004
        k : 0.001 .. 0.001

    Block 2 cell size :
        i : 0.0005 .. 0.0005
        j : 0.0004 .. 0.0004
        k : 0.001 .. 0.001

    Block 3 cell size :
        i : 0.0005 .. 0.0005
        j : 0.0004 .. 0.0004
        k : 0.001 .. 0.001

    Block 4 cell size :
        i : 0.0005 .. 0.0005
        j : 0.0005 .. 0.0005
        k : 0.001 .. 0.001

    Block 5 cell size :
        i : 0.0005 .. 0.0005
        j : 0.0005 .. 0.0005
        k : 0.001 .. 0.001

    Block 6 cell size :
        i : 0.0005 .. 0.0005
        j : 0.0005 .. 0.0005
        k : 0.001 .. 0.001

    Block 7 cell size :
        i : 0.0005 .. 0.0005
        j : 0.0005 .. 0.0005
        k : 0.001 .. 0.001

    Block 8 cell size :
        i : 0.0005 .. 0.0005
        j : 0.0005 .. 0.0005
        k : 0.001 .. 0.001

    Block 9 cell size :
        i : 0.0005 .. 0.0005
        j : 0.0003 .. 0.0003
        k : 0.001 .. 0.001

    Block 10 cell size :
        i : 0.0005 .. 0.0005
        j : 0.0003 .. 0.0003
        k : 0.001 .. 0.001

    Block 11 cell size :
        i : 0.0005 .. 0.0005
        j : 0.0003 .. 0.0003
        k : 0.001 .. 0.001

    Block 12 cell size :
        i : 0.0005 .. 0.0005
        j : 0.0003 .. 0.0003
        k : 0.001 .. 0.001

    Block 13 cell size :
        i : 0.0005 .. 0.0005
        j : 0.00016 .. 0.00016
        k : 0.001 .. 0.001

    Block 14 cell size :
        i : 0.0005 .. 0.0005
        j : 0.00016 .. 0.00016
        k : 0.001 .. 0.001

    Block 15 cell size :
        i : 0.0005 .. 0.0005
        j : 0.00016 .. 0.00016
        k : 0.001 .. 0.001

    Block 16 cell size :
        i : 0.0005 .. 0.0005
        j : 0.00016 .. 0.00016
        k : 0.001 .. 0.001

    Block 17 cell size :
        i : 0.0005 .. 0.0005
        j : 0.00041 .. 0.00041
        k : 0.001 .. 0.001

    Block 18 cell size :
        i : 0.0005 .. 0.0005
        j : 0.00041 .. 0.00041
        k : 0.001 .. 0.001

    Block 19 cell size :
        i : 0.0005 .. 0.0005
        j : 0.00041 .. 0.00041
        k : 0.001 .. 0.001

    Block 20 cell size :
        i : 0.0005 .. 0.0005
        j : 0.00041 .. 0.00041
        k : 0.001 .. 0.001

    Block 21 cell size :
        i : 0.0005 .. 0.0005
        j : 0.00048 .. 0.00048
        k : 0.001 .. 0.001

    Block 22 cell size :
        i : 0.0005 .. 0.0005
        j : 0.00048 .. 0.00048
        k : 0.001 .. 0.001

    Block 23 cell size :
        i : 0.0005 .. 0.0005
        j : 0.00048 .. 0.00048
        k : 0.001 .. 0.001

    Block 24 cell size :
        i : 0.0005 .. 0.0005
        j : 0.00048 .. 0.00048
        k : 0.001 .. 0.001

    Block 25 cell size :
        i : 0.0005 .. 0.0005
        j : 0.00048 .. 0.00048
        k : 0.001 .. 0.001

    Block 26 cell size :
        i : 0.0005 .. 0.0005
        j : 0.00048 .. 0.00048
        k : 0.001 .. 0.001

    Block 27 cell size :
        i : 0.0005 .. 0.0005
        j : 0.00048 .. 0.00048
        k : 0.001 .. 0.001

    Block 28 cell size :
        i : 0.0005 .. 0.0005
        j : 0.00048 .. 0.00048
        k : 0.001 .. 0.001

    Block 29 cell size :
        i : 0.0005 .. 0.0005
        j : 0.00048 .. 0.00048
        k : 0.001 .. 0.001

    Block 30 cell size :
        i : 0.0005 .. 0.0005
        j : 0.00051428571 .. 0.00051428571
        k : 0.001 .. 0.001

    Block 31 cell size :
        i : 0.0005 .. 0.0005
        j : 0.00051428571 .. 0.00051428571
        k : 0.001 .. 0.001

    Block 32 cell size :
        i : 0.0005 .. 0.0005
        j : 0.00051428571 .. 0.00051428571
        k : 0.001 .. 0.001

    Block 33 cell size :
        i : 0.0005 .. 0.0005
        j : 0.00051428571 .. 0.00051428571
        k : 0.001 .. 0.001

    Block 34 cell size :
        i : 0.0005 .. 0.0005
        j : 0.00049 .. 0.00049
        k : 0.001 .. 0.001

    Block 35 cell size :
        i : 0.0005 .. 0.0005
        j : 0.00049 .. 0.00049
        k : 0.001 .. 0.001

    Block 36 cell size :
        i : 0.0005 .. 0.0005
        j : 0.00049 .. 0.00049
        k : 0.001 .. 0.001

    Block 37 cell size :
        i : 0.0005 .. 0.0005
        j : 0.00049 .. 0.00049
        k : 0.001 .. 0.001

    Block 38 cell size :
        i : 0.0005 .. 0.0005
        j : 0.00016 .. 0.00016
        k : 0.001 .. 0.001

    Block 39 cell size :
        i : 0.0005 .. 0.0005
        j : 0.00016 .. 0.00016
        k : 0.001 .. 0.001

    Block 40 cell size :
        i : 0.0005 .. 0.0005
        j : 0.00016 .. 0.00016
        k : 0.001 .. 0.001

    Block 41 cell size :
        i : 0.0005 .. 0.0005
        j : 0.00016 .. 0.00016
        k : 0.001 .. 0.001

    Block 42 cell size :
        i : 0.0005 .. 0.0005
        j : 0.00048 .. 0.00048
        k : 0.001 .. 0.001

    Block 43 cell size :
        i : 0.0005 .. 0.0005
        j : 0.00048 .. 0.00048
        k : 0.001 .. 0.001

    Block 44 cell size :
        i : 0.0005 .. 0.0005
        j : 0.00048 .. 0.00048
        k : 0.001 .. 0.001

    Block 45 cell size :
        i : 0.0005 .. 0.0005
        j : 0.00048 .. 0.00048
        k : 0.001 .. 0.001

Adding cell zones
    0	tm_zone
    1	vitreous_zone
No patch pairs to merge

Writing polyMesh with 2 cellZones
----------------
Mesh Information
----------------
  boundingBox: (0 0 0) (0.0205 0.024 0.001)
  nPoints: 3576
  nCells: 1634
  nFaces: 6689
  nInternalFaces: 3115
----------------
Cell Zones
----------------
  zone 0 (size: 4) name: tm_zone
  zone 1 (size: 800) name: vitreous_zone
----------------
Patches
----------------
  patch 0 (start: 3115 size: 1) name: needle_inlet
  patch 1 (start: 3116 size: 1) name: needle_outlet
  patch 2 (start: 3117 size: 40) name: sclera_left
  patch 3 (start: 3157 size: 40) name: sclera_top
  patch 4 (start: 3197 size: 40) name: cornea_fsi
  patch 5 (start: 3237 size: 8) name: sclera_right
  patch 6 (start: 3245 size: 30) name: sclera_right_upper
  patch 7 (start: 3275 size: 30) name: lens_bottom
  patch 8 (start: 3305 size: 10) name: lens_right
  patch 9 (start: 3315 size: 30) name: lens_top
  patch 10 (start: 3345 size: 30) name: iris_bottom
  patch 11 (start: 3375 size: 5) name: iris_pupil
  patch 12 (start: 3380 size: 30) name: iris_top
  patch 13 (start: 3410 size: 5) name: ac_inlet
  patch 14 (start: 3415 size: 4) name: outlet_tm
  patch 15 (start: 3419 size: 1634) name: front
  patch 16 (start: 5053 size: 1634) name: back
  patch 17 (start: 6687 size: 2) name: defaultFaces

End

  Fluid mesh OK
/*---------------------------------------------------------------------------*\
| =========                 |                                                 |
| \\      /  F ield         | OpenFOAM: The Open Source CFD Toolbox           |
|  \\    /   O peration     | Version:  2512                                  |
|   \\  /    A nd           | Website:  www.openfoam.com                      |
|    \\/     M anipulation  |                                                 |
\*---------------------------------------------------------------------------*/
Build  : _bd2b6720-20260127 OPENFOAM=2512 version=2512
Arch   : "LSB;label=32;scalar=64"
Exec   : blockMesh
Date   : May 06 2026
Time   : 12:21:27
Host   : 0f8c0d948f92
PID    : 245
I/O    : uncollated
Case   : /simulation/eye-fsi-tc0/solid
nProcs : 1
trapFpe: Floating point exception trapping enabled (FOAM_SIGFPE).
memory pool : not available
fileModificationChecking : Monitoring run-time modified files using timeStampMaster (fileModificationSkew 5, maxFileModificationPolls 20)
allowSystemOperations : Allowing user-supplied system call operations

// * * * * * * * * * * * * * * * * * * * * * * * * * * * * * * * * * * * * * //
Create time

Creating block mesh from "system/blockMeshDict"
Creating block edges
No non-planar block faces defined
Creating topology blocks

Creating topology patches - from boundary section

Creating block mesh topology

Check topology

	Basic statistics
		Number of internal faces : 4
		Number of boundary faces : 46
		Number of defined boundary faces : 46
		Number of undefined boundary faces : 0
	Checking patch -> block consistency

Creating block offsets
Creating merge list (topological search)...

Creating polyMesh from blockMesh
Creating patches
Creating cells
Creating points with scale (1 1 1)
    Block 0 cell size :
        i : 0.001 .. 0.001
        j : 0.00048 .. 0.00048
        k : 0.001 .. 0.001

    Block 1 cell size :
        i : 0.001 .. 0.001
        j : 0.0008 .. 0.0008
        k : 0.001 .. 0.001

    Block 2 cell size :
        i : 0.0005 .. 0.0005
        j : 0.0004 .. 0.0004
        k : 0.001 .. 0.001

    Block 3 cell size :
        i : 0.0005 .. 0.0005
        j : 0.0004 .. 0.0004
        k : 0.001 .. 0.001

    Block 4 cell size :
        i : 0.0005 .. 0.0005
        j : 0.0005 .. 0.0005
        k : 0.001 .. 0.001

    Block 5 cell size :
        i : 0.0005 .. 0.0005
        j : 0.0009826087 .. 0.0009826087
        k : 0.001 .. 0.001

    Block 6 cell size :
        i : 0.0005 .. 0.0005
        j : 0.0009826087 .. 0.0009826087
        k : 0.001 .. 0.001

    Block 7 cell size :
        i : 0.001 .. 0.001
        j : 0.001 .. 0.001
        k : 0.001 .. 0.001

    Block 8 cell size :
        i : 0.001 .. 0.001
        j : 0.001 .. 0.001
        k : 0.001 .. 0.001

Adding cell zones
    0	lens
    1	iris
    2	sclera
    3	cornea
No patch pairs to merge

Writing polyMesh with 4 cellZones
----------------
Mesh Information
----------------
  boundingBox: (0 -0.001 0) (0.021 0.025 0.001)
  nPoints: 820
  nCells: 288
  nFaces: 1269
  nInternalFaces: 459
----------------
Cell Zones
----------------
  zone 0 (size: 150) name: lens
  zone 1 (size: 45) name: iris
  zone 2 (size: 72) name: sclera
  zone 3 (size: 21) name: cornea
----------------
Patches
----------------
  patch 0 (start: 459 size: 15) name: lens_bottom
  patch 1 (start: 474 size: 10) name: lens_right
  patch 2 (start: 484 size: 15) name: lens_top
  patch 3 (start: 499 size: 10) name: lens_rim
  patch 4 (start: 509 size: 3) name: iris_pupil
  patch 5 (start: 512 size: 15) name: iris_bottom
  patch 6 (start: 527 size: 15) name: iris_top
  patch 7 (start: 542 size: 3) name: iris_base
  patch 8 (start: 545 size: 24) name: sclera_side
  patch 9 (start: 569 size: 20) name: sclera_top_inner
  patch 10 (start: 589 size: 54) name: sclera_outer
  patch 11 (start: 643 size: 6) name: sclera_tm_gap
  patch 12 (start: 649 size: 21) name: cornea_inner
  patch 13 (start: 670 size: 23) name: cornea_outer
  patch 14 (start: 693 size: 288) name: front
  patch 15 (start: 981 size: 288) name: back

End

  Solid mesh OK (lens + iris + sclera + cornea)

=== eye-fsi-tc0: running coupled FSI ===
  preCICE serial-implicit IQN-ILS, t∈[0,25]s, dt=0.01s

/*---------------------------------------------------------------------------*\
| =========                 |                                                 |
| \\      /  F ield         | OpenFOAM: The Open Source CFD Toolbox           |
|  \\    /   O peration     | Version:  2512                                  |
|   \\  /    A nd           | Website:  www.openfoam.com                      |
|    \\/     M anipulation  |                                                 |
\*---------------------------------------------------------------------------*/
Build  : _bd2b6720-20260127 OPENFOAM=2512 version=2512
Arch   : "LSB;label=32;scalar=64"
Exec   : solids4Foam
Date   : May 06 2026
Time   : 12:21:28
Host   : 0f8c0d948f92
PID    : 248
I/O    : uncollated
Case   : /simulation/eye-fsi-tc0/solid
nProcs : 1
trapFpe: Floating point exception trapping enabled (FOAM_SIGFPE).
memory pool : not available
fileModificationChecking : Monitoring run-time modified files using timeStampMaster (fileModificationSkew 5, maxFileModificationPolls 20)
allowSystemOperations : Allowing user-supplied system call operations

// * * * * * * * * * * * * * * * * * * * * * * * * * * * * * * * * * * * * * //
Create time

/*---------------------------------------------------------------------------*\
|    For further information on the solids4Foam toolbox implementations,      |
|    please see www.solids4foam.com and the following publication:            |
|                                                                             |
|    P. Cardiff, I. Batistić Ž. Tuković: solids4foam: A toolbox for           |
|    performing solid mechanics and fluid-solid interaction simulations in    |
|    OpenFOAM. Journal of Open Source Software. 2025, 10(108), 7407,          |
|    10.21105/joss.07407.                                                     |
\*---------------------------------------------------------------------------*/

Selecting physicsModel solidModel
Selecting solidModel unsLinearGeometry
Creating solidForce boundary condition
    force is specified as a field
Creating solidForce boundary condition
    force is specified as a field
Creating solidForce boundary condition
    force is specified as a field
Creating solidForce boundary condition
    force is specified as a field
Creating solidForce boundary condition
    force is specified as a field
Creating solidForce boundary condition
    force is specified as a field
Creating solidForce boundary condition
    force is specified as a field
Creating solidForce boundary condition
    force is specified as a field
Creating solidTraction boundary condition
Creating solidForce boundary condition
    force is specified as a field
    under-relaxation method: fixed
No finite volume options present
Creating the mechanicalModel
Number of cells in new mesh : 150
Number of faces in new mesh : 625
Number of points in new mesh: 352
Number of cells in new mesh : 45
Number of faces in new mesh : 198
Number of points in new mesh: 128
Number of cells in new mesh : 72
Number of faces in new mesh : 340
Number of points in new mesh: 252
Number of cells in new mesh : 21
Number of faces in new mesh : 106
Number of points in new mesh: 88
Selecting mechanical law linearElastic
Selecting mechanical law linearElastic
Selecting mechanical law linearElastic
Selecting mechanical law linearElastic
---[preciceAdapter] Loaded the OpenFOAM-preCICE adapter - v1.3.1.
---[preciceAdapter] Reading preciceDict...
---[preCICE] This is preCICE version 3.3.1
---[preCICE] Revision info: v3.3.1
---[preCICE] Build type: Release (without debug log)
---[preCICE] Working directory "/simulation/eye-fsi-tc0/solid"
---[preCICE] Configuring preCICE with configuration "../precice-config.xml"
---[preCICE] I am participant "Solid"
---[preCICE] Setting up primary communication to coupling partner/s
/*---------------------------------------------------------------------------*\
| =========                 |                                                 |
| \\      /  F ield         | OpenFOAM: The Open Source CFD Toolbox           |
|  \\    /   O peration     | Version:  2512                                  |
|   \\  /    A nd           | Website:  www.openfoam.com                      |
|    \\/     M anipulation  |                                                 |
\*---------------------------------------------------------------------------*/
Build  : _bd2b6720-20260127 OPENFOAM=2512 version=2512
Arch   : "LSB;label=32;scalar=64"
Exec   : pimpleFoam
Date   : May 06 2026
Time   : 12:21:30
Host   : 0f8c0d948f92
PID    : 257
I/O    : uncollated
Case   : /simulation/eye-fsi-tc0/fluid
nProcs : 1
trapFpe: Floating point exception trapping enabled (FOAM_SIGFPE).
memory pool : not available
fileModificationChecking : Monitoring run-time modified files using timeStampMaster (fileModificationSkew 5, maxFileModificationPolls 20)
allowSystemOperations : Allowing user-supplied system call operations

// * * * * * * * * * * * * * * * * * * * * * * * * * * * * * * * * * * * * * //
Create time

Create mesh for time = 0

Selecting dynamicFvMesh dynamicMotionSolverFvMesh
Selecting motion solver: displacementLaplacian
Applying motion to entire mesh
Selecting motion diffusion: uniform

PIMPLE: Operating solver in PISO mode

Reading field p

Reading field U

Reading/calculating face flux field phi

Selecting incompressible transport model Newtonian
Selecting turbulence model type laminar
Selecting laminar stress model Stokes
No MRF models present

Creating finite-volume options from "system/fvOptions"

Selecting finite volume options type explicitPorositySource
    Source: tm_porous
    State: active
    - selecting cells using cellZones (tm_zone)
    - selected 4 cell(s) with volume 1e-09
Porosity region tm_porous:
    selecting model: DarcyForchheimer
--> FOAM IOWarning :
    Found [v1806] 'coordinateRotation' entry instead of 'rotation' in dictionary "system/fvOptions/tm_porous/explicitPorositySourceCoeffs/DarcyForchheimerCoeffs/coordinateSystem"

    This keyword is 90 months old.

Using [v1806] 'axesRotation' instead of 'axes' in selection table: coordinateRotation

    This lookup is 90 months old.

    creating porous zone: tm_zone
    origin: (0 0 0) e1: (1 0 0) e2: (0 1 0)
    local bounds: (0.0005 0.002 0.001)

Constructing face velocity Uf

Courant Number mean: 0 max: 0
Courant Number mean: 0 max: 0

Starting time loop

---[preciceAdapter] Loaded the OpenFOAM-preCICE adapter - v1.3.1.
---[preciceAdapter] Reading preciceDict...
---[preCICE] This is preCICE version 3.3.1
---[preCICE] Revision info: v3.3.1
---[preCICE] Build type: Release (without debug log)
---[preCICE] Working directory "/simulation/eye-fsi-tc0/fluid"
---[preCICE] Configuring preCICE with configuration "../precice-config.xml"
---[preCICE] I am participant "Fluid"
---[preCICE] Setting up primary communication to coupling partner/s
---[preCICE] Primary ranks are connected
---[preCICE] Primary ranks are connected
---[preCICE] Setting up preliminary secondary communication to coupling partner/s
---[preCICE] Setting up preliminary secondary communication to coupling partner/s
---[preCICE] Prepare partition for mesh Fluid-Mesh
---[preCICE] Receive global mesh Fluid-Mesh
---[preCICE] Gather mesh Fluid-Mesh
---[preCICE] Send global mesh Fluid-Mesh
---[preCICE] Receive global mesh Solid-Mesh
---[preCICE] Prepare partition for mesh Solid-Mesh
---[preCICE] Gather mesh Solid-Mesh
---[preCICE] Send global mesh Solid-Mesh
---[preCICE] Receive global mesh Struct-Fluid-Mesh
---[preCICE] Prepare partition for mesh Struct-Fluid-Mesh
---[preCICE] Gather mesh Struct-Fluid-Mesh
---[preCICE] Send global mesh Struct-Fluid-Mesh
---[preCICE] Receive global mesh Struct-Solid-Mesh
---[preCICE] Prepare partition for mesh Struct-Solid-Mesh
---[preCICE] Gather mesh Struct-Solid-Mesh
---[preCICE] Send global mesh Struct-Solid-Mesh
---[preCICE] Setting up secondary communication to coupling partner/s
---[preCICE] Setting up secondary communication to coupling partner/s
---[preCICE] Secondary ranks are connected
---[preCICE] Secondary ranks are connected
---[preCICE] Computing "nearest-neighbor" mapping from mesh "Solid-Mesh" to mesh "Fluid-Mesh" in "read" direction.
---[preCICE] Mapping distance min:0 max:0.00025 avg: 0.000214286 var: 7.65306e-09 cnt: 70
---[preCICE] Computing "nearest-neighbor" mapping from mesh "Struct-Solid-Mesh" to mesh "Struct-Fluid-Mesh" in "read" direction.
---[preCICE] Mapping distance min:2.71051e-20 max:0.00048882 avg: 0.000246295 var: 6.47317e-09 cnt: 183
---[preCICE] Mapping "Displacement" for t=0 from "Solid-Mesh" to "Fluid-Mesh" (skipped zero sample)
---[preCICE] Mapping "Displacement" for t=0 from "Struct-Solid-Mesh" to "Struct-Fluid-Mesh" (skipped zero sample)
---[preCICE] it 1 (min: 1, max: 15), time-window 1, t 0 (max: 25), Dt 0.01, max-dt 0.01
---[preciceAdapter] preCICE was configured and initialized
--> FOAM Warning : 
    From void adapterInfo(std::string, std::string)
    in file Utilities.C at line 17
    [36mWarning in the preCICE adapter: [0m
You have enabled 'runTimeModifiable' in the controlDict. The preciceAdapter does not yet fully support this functionality when 'adjustableTimestep' is not enabled. If you modify the 'deltaT' in the controlDict during the simulation, it will not be updated.

---[preciceAdapter] Setting the solver's endTime to infinity to prevent early exits. Only preCICE will control the simulation's endTime. Any functionObject's end() method will be triggered by the adapter. You may disable this behavior in the adapter's configuration.
surfaceFieldValue flowRateTM:
    operation     = sum


surfaceFieldValue pressureIOP:
    operation     = areaAverage


surfaceFieldValue pressureACinlet:
    operation     = areaAverage


Courant Number mean: 0 max: 0
Time = 0.01

PIMPLE: iteration 1
GAMG:  Solving for cellDisplacementx, Initial residual = 0, Final residual = 0, No Iterations 0
DICPCG:  Solving for pcorr, Initial residual = 1, Final residual = 6.5224089e-08, No Iterations 93
time step continuity errors : sum local = 8.7609284e-14, global = 5.657204e-16, cumulative = 5.657204e-16
smoothSolver:  Solving for Ux, Initial residual = 0.99999995, Final residual = 1.2648349e-08, No Iterations 3
DICPCG:  Solving for p, Initial residual = 1, Final residual = 7.0259264e-08, No Iterations 111
time step continuity errors : sum local = 2.1825102e-12, global = 6.6626938e-15, cumulative = 7.2284142e-15
ExecutionTime = 0.87 s  ClockTime = 1 s

---[preCICE] Computing "nearest-neighbor" mapping from mesh "Fluid-Mesh" to mesh "Solid-Mesh" in "read" direction.
---[preCICE] Mapping distance min:0 max:0.00025 avg: 0.000214286 var: 7.65306e-09 cnt: 70
---[preCICE] Computing "nearest-neighbor" mapping from mesh "Struct-Fluid-Mesh" to mesh "Struct-Solid-Mesh" in "read" direction.
---[preCICE] Mapping distance min:2.71051e-20 max:0.00048882 avg: 0.000246295 var: 6.47317e-09 cnt: 183
---[preCICE] Mapping "Force" for t=0 from "Fluid-Mesh" to "Solid-Mesh" (skipped zero sample)
---[preCICE] Mapping "Force" for t=0.01 from "Fluid-Mesh" to "Solid-Mesh"
---[preCICE] Mapping "Force" for t=0 from "Struct-Fluid-Mesh" to "Struct-Solid-Mesh" (skipped zero sample)
---[preCICE] Mapping "Force" for t=0.01 from "Struct-Fluid-Mesh" to "Struct-Solid-Mesh"
---[preCICE] it 1 (min: 1, max: 15), time-window 1, t 0 (max: 25), Dt 0.01, max-dt 0.01
---[preciceAdapter] preCICE was configured and initialized
--> FOAM Warning : 
    From void adapterInfo(std::string, std::string)
    in file Utilities.C at line 17
    [36mWarning in the preCICE adapter: [0m
You have enabled 'runTimeModifiable' in the controlDict. The preciceAdapter does not yet fully support this functionality when 'adjustableTimestep' is not enabled. If you modify the 'deltaT' in the controlDict during the simulation, it will not be updated.

---[preciceAdapter] Setting the solver's endTime to infinity to prevent early exits. Only preCICE will control the simulation's endTime. Any functionObject's end() method will be triggered by the adapter. You may disable this behavior in the adapter's configuration.
Time = 0.01

Evolving solid solver
Solving the momentum equation for D
setCellDisplacements: reading cellDisplacements
    Corr, res, relRes, matRes, iters
    50, 0.0014780296, 0.013175708, 0, 5
    100, 0.00091174226, 0.0062536125, 0, 5
    150, 0.00065881123, 0.0039651536, 0, 5
--> FOAM Warning : Max iterations reached within momentum loop
ExecutionTime = 1.53 s  ClockTime = 4 s

---[preCICE] absolute convergence measure: two-norm diff of data "Displacement" = 3.15e-03, limit = 1.00e-05, conv = false
---[preCICE] absolute convergence measure: two-norm diff of data "Force" = 1.67e-02, limit = 1.00e-03, conv = false
---[preCICE] absolute convergence measure: two-norm diff of data "Displacement" = 0.00e+00, limit = 1.00e-05, conv = true
---[preCICE] absolute convergence measure: two-norm diff of data "Force" = 2.66e-02, limit = 1.00e-03, conv = false
---[preCICE] A sub-vector in the residual-sum preconditioner became numerically zero ( sub-vector = 0). If this occurred in the second iteration and the initial-relaxation factor is equal to 1.0, check if the coupling data values of one solver is zero in the first iteration. The preconditioner scaling factors were not updated for this iteration and the scaling factors determined in the previous iteration were used.
---[preCICE] Mapping "Displacement" for t=0.01 from "Solid-Mesh" to "Fluid-Mesh"
---[preCICE] Mapping "Displacement" for t=0.01 from "Struct-Solid-Mesh" to "Struct-Fluid-Mesh"
---[preCICE] it 2 (min: 1, max: 15), time-window 1, t 0 (max: 25), Dt 0.01, max-dt 0.01
surfaceFieldValue flowRateTM write:
    total faces   = 4
    total area    = 2e-06

    sum(outlet_tm) of phi = 0

surfaceFieldValue pressureIOP write:
    total faces   = 4
    total area    = 2e-06

    areaAverage(outlet_tm) of p = 0

surfaceFieldValue pressureACinlet write:
    total faces   = 5
    total area    = 2.4e-06

    areaAverage(ac_inlet) of p = 0

Courant Number mean: 0 max: 0
Time = 0.01

PIMPLE: iteration 1
GAMG:  Solving for cellDisplacementx, Initial residual = 1, Final residual = 3.9956766e-09, No Iterations 16
DICPCG:  Solving for pcorr, Initial residual = 1, Final residual = 6.3228165e-08, No Iterations 91
time step continuity errors : sum local = 1.8485584e-10, global = -7.3847926e-13, cumulative = -7.3125084e-13
smoothSolver:  Solving for Ux, Initial residual = 1, Final residual = 6.0224289e-08, No Iterations 6
DICPCG:  Solving for p, Initial residual = 1, Final residual = 6.0127344e-08, No Iterations 110
time step continuity errors : sum local = 1.759768e-10, global = -2.7631159e-15, cumulative = -7.3401396e-13
ExecutionTime = 0.94 s  ClockTime = 2 s

---[preCICE] Mapping "Force" for t=0.01 from "Fluid-Mesh" to "Solid-Mesh"
---[preCICE] Mapping "Force" for t=0.01 from "Struct-Fluid-Mesh" to "Struct-Solid-Mesh"
---[preCICE] it 2 (min: 1, max: 15), time-window 1, t 0 (max: 25), Dt 0.01, max-dt 0.01
Time = 0.01

Evolving solid solver
Solving the momentum equation for D
    Corr, res, relRes, matRes, iters
    50, 0.0028133315, 0.015153946, 0, 5
    100, 0.0019106003, 0.023818668, 0, 5
    150, 0.0014011627, 0.025920505, 0, 5
--> FOAM Warning : Max iterations reached within momentum loop
ExecutionTime = 2.18 s  ClockTime = 5 s

---[preCICE] absolute convergence measure: two-norm diff of data "Displacement" = 1.73e-04, limit = 1.00e-05, conv = false
---[preCICE] absolute convergence measure: two-norm diff of data "Force" = 1.05e-02, limit = 1.00e-03, conv = false
---[preCICE] absolute convergence measure: two-norm diff of data "Displacement" = 0.00e+00, limit = 1.00e-05, conv = true
---[preCICE] absolute convergence measure: two-norm diff of data "Force" = 1.68e-02, limit = 1.00e-03, conv = false
---[preCICE] A sub-vector in the residual-sum preconditioner became numerically zero ( sub-vector = 0). If this occurred in the second iteration and the initial-relaxation factor is equal to 1.0, check if the coupling data values of one solver is zero in the first iteration. The preconditioner scaling factors were not updated for this iteration and the scaling factors determined in the previous iteration were used.
---[preCICE] Mapping "Displacement" for t=0.01 from "Solid-Mesh" to "Fluid-Mesh"
---[preCICE] Mapping "Displacement" for t=0.01 from "Struct-Solid-Mesh" to "Struct-Fluid-Mesh"
---[preCICE] it 3 (min: 1, max: 15), time-window 1, t 0 (max: 25), Dt 0.01, max-dt 0.01
surfaceFieldValue flowRateTM write:
    total faces   = 4
    total area    = 2e-06

    sum(outlet_tm) of phi = 0

surfaceFieldValue pressureIOP write:
    total faces   = 4
    total area    = 2e-06

    areaAverage(outlet_tm) of p = 0

surfaceFieldValue pressureACinlet write:
    total faces   = 5
    total area    = 2.4e-06

    areaAverage(ac_inlet) of p = 0

Courant Number mean: 0 max: 0
Time = 0.01

PIMPLE: iteration 1
GAMG:  Solving for cellDisplacementx, Initial residual = 1, Final residual = 5.3247756e-09, No Iterations 16
DICPCG:  Solving for pcorr, Initial residual = 1, Final residual = 6.3931647e-08, No Iterations 91
time step continuity errors : sum local = 2.0049225e-10, global = -7.3282525e-13, cumulative = -1.4668392e-12
smoothSolver:  Solving for Ux, Initial residual = 1, Final residual = 1.9309487e-08, No Iterations 7
DICPCG:  Solving for p, Initial residual = 1, Final residual = 5.8133895e-08, No Iterations 110
time step continuity errors : sum local = 1.8249042e-10, global = 6.9190605e-16, cumulative = -1.4661473e-12
ExecutionTime = 0.97 s  ClockTime = 3 s

---[preCICE] Mapping "Force" for t=0.01 from "Fluid-Mesh" to "Solid-Mesh"
---[preCICE] Mapping "Force" for t=0.01 from "Struct-Fluid-Mesh" to "Struct-Solid-Mesh"
---[preCICE] it 3 (min: 1, max: 15), time-window 1, t 0 (max: 25), Dt 0.01, max-dt 0.01
Time = 0.01

Evolving solid solver
Solving the momentum equation for D
    Corr, res, relRes, matRes, iters
    50, 0.00088849183, 0.003640304, 0, 5
    100, 0.00053803263, 0.0027562158, 0, 5
    150, 0.00042066242, 0.002067, 0, 5
--> FOAM Warning : Max iterations reached within momentum loop
ExecutionTime = 2.81 s  ClockTime = 6 s

---[preCICE] absolute convergence measure: two-norm diff of data "Displacement" = 2.14e-04, limit = 1.00e-05, conv = false
---[preCICE] absolute convergence measure: two-norm diff of data "Force" = 3.82e-03, limit = 1.00e-03, conv = false
---[preCICE] absolute convergence measure: two-norm diff of data "Displacement" = 0.00e+00, limit = 1.00e-05, conv = true
---[preCICE] absolute convergence measure: two-norm diff of data "Force" = 6.12e-03, limit = 1.00e-03, conv = false
---[preCICE] A sub-vector in the residual-sum preconditioner became numerically zero ( sub-vector = 0). If this occurred in the second iteration and the initial-relaxation factor is equal to 1.0, check if the coupling data values of one solver is zero in the first iteration. The preconditioner scaling factors were not updated for this iteration and the scaling factors determined in the previous iteration were used.
---[preCICE] Mapping "Displacement" for t=0.01 from "Solid-Mesh" to "Fluid-Mesh"
---[preCICE] Mapping "Displacement" for t=0.01 from "Struct-Solid-Mesh" to "Struct-Fluid-Mesh"
---[preCICE] it 4 (min: 1, max: 15), time-window 1, t 0 (max: 25), Dt 0.01, max-dt 0.01
surfaceFieldValue flowRateTM write:
    total faces   = 4
    total area    = 2e-06

    sum(outlet_tm) of phi = 0

surfaceFieldValue pressureIOP write:
    total faces   = 4
    total area    = 2e-06

    areaAverage(outlet_tm) of p = 0

surfaceFieldValue pressureACinlet write:
    total faces   = 5
    total area    = 2.4e-06

    areaAverage(ac_inlet) of p = 0

Courant Number mean: 0 max: 0
Time = 0.01

PIMPLE: iteration 1
GAMG:  Solving for cellDisplacementx, Initial residual = 1, Final residual = 5.1709755e-09, No Iterations 16
DICPCG:  Solving for pcorr, Initial residual = 1, Final residual = 6.3822331e-08, No Iterations 91
time step continuity errors : sum local = 2.0373403e-10, global = -7.5064469e-13, cumulative = -2.216792e-12
smoothSolver:  Solving for Ux, Initial residual = 1, Final residual = 2.5231792e-08, No Iterations 7
DICPCG:  Solving for p, Initial residual = 1, Final residual = 5.7933877e-08, No Iterations 110
time step continuity errors : sum local = 1.8510113e-10, global = -5.5705643e-17, cumulative = -2.2168477e-12
ExecutionTime = 1 s  ClockTime = 4 s

---[preCICE] Mapping "Force" for t=0.01 from "Fluid-Mesh" to "Solid-Mesh"
---[preCICE] Mapping "Force" for t=0.01 from "Struct-Fluid-Mesh" to "Struct-Solid-Mesh"
---[preCICE] it 4 (min: 1, max: 15), time-window 1, t 0 (max: 25), Dt 0.01, max-dt 0.01
Time = 0.01

Evolving solid solver
Solving the momentum equation for D
    Corr, res, relRes, matRes, iters
    50, 0.0024130432, 0.082757466, 0, 5
    100, 0.0014552773, 0.017976135, 0, 5
    150, 0.0010094345, 0.0084169688, 0, 5
--> FOAM Warning : Max iterations reached within momentum loop
ExecutionTime = 3.39 s  ClockTime = 6 s

---[preCICE] absolute convergence measure: two-norm diff of data "Displacement" = 1.14e-04, limit = 1.00e-05, conv = false
---[preCICE] absolute convergence measure: two-norm diff of data "Force" = 9.13e-04, limit = 1.00e-03, conv = true
---[preCICE] absolute convergence measure: two-norm diff of data "Displacement" = 0.00e+00, limit = 1.00e-05, conv = true
---[preCICE] absolute convergence measure: two-norm diff of data "Force" = 1.46e-03, limit = 1.00e-03, conv = false
---[preCICE] A sub-vector in the residual-sum preconditioner became numerically zero ( sub-vector = 0). If this occurred in the second iteration and the initial-relaxation factor is equal to 1.0, check if the coupling data values of one solver is zero in the first iteration. The preconditioner scaling factors were not updated for this iteration and the scaling factors determined in the previous iteration were used.
---[preCICE] Mapping "Displacement" for t=0.01 from "Solid-Mesh" to "Fluid-Mesh"
---[preCICE] Mapping "Displacement" for t=0.01 from "Struct-Solid-Mesh" to "Struct-Fluid-Mesh"
---[preCICE] it 5 (min: 1, max: 15), time-window 1, t 0 (max: 25), Dt 0.01, max-dt 0.01
surfaceFieldValue flowRateTM write:
    total faces   = 4
    total area    = 2e-06

    sum(outlet_tm) of phi = 0

surfaceFieldValue pressureIOP write:
    total faces   = 4
    total area    = 2e-06

    areaAverage(outlet_tm) of p = 0

surfaceFieldValue pressureACinlet write:
    total faces   = 5
    total area    = 2.4e-06

    areaAverage(ac_inlet) of p = 0

Courant Number mean: 0 max: 0
Time = 0.01

PIMPLE: iteration 1
GAMG:  Solving for cellDisplacementx, Initial residual = 1, Final residual = 5.2414756e-09, No Iterations 16
DICPCG:  Solving for pcorr, Initial residual = 1, Final residual = 6.3809752e-08, No Iterations 91
time step continuity errors : sum local = 2.0837294e-10, global = -7.6309859e-13, cumulative = -2.9799463e-12
smoothSolver:  Solving for Ux, Initial residual = 1, Final residual = 3.5123586e-08, No Iterations 7
DICPCG:  Solving for p, Initial residual = 1, Final residual = 5.7404886e-08, No Iterations 110
time step continuity errors : sum local = 1.8764335e-10, global = 1.0802744e-15, cumulative = -2.978866e-12
ExecutionTime = 1.03 s  ClockTime = 4 s

---[preCICE] Mapping "Force" for t=0.01 from "Fluid-Mesh" to "Solid-Mesh"
---[preCICE] Mapping "Force" for t=0.01 from "Struct-Fluid-Mesh" to "Struct-Solid-Mesh"
---[preCICE] it 5 (min: 1, max: 15), time-window 1, t 0 (max: 25), Dt 0.01, max-dt 0.01
Time = 0.01

Evolving solid solver
Solving the momentum equation for D
    Corr, res, relRes, matRes, iters
    50, 0.0020178695, 0.02519674, 0, 5
    100, 0.0011248921, 0.0089387667, 0, 5
    150, 0.00078436407, 0.0051312414, 0, 5
--> FOAM Warning : Max iterations reached within momentum loop
ExecutionTime = 4.09 s  ClockTime = 7 s

---[preCICE] absolute convergence measure: two-norm diff of data "Displacement" = 2.58e-04, limit = 1.00e-05, conv = false
---[preCICE] absolute convergence measure: two-norm diff of data "Force" = 3.09e-04, limit = 1.00e-03, conv = true
---[preCICE] absolute convergence measure: two-norm diff of data "Displacement" = 0.00e+00, limit = 1.00e-05, conv = true
---[preCICE] absolute convergence measure: two-norm diff of data "Force" = 4.93e-04, limit = 1.00e-03, conv = true
---[preCICE] A sub-vector in the residual-sum preconditioner became numerically zero ( sub-vector = 0). If this occurred in the second iteration and the initial-relaxation factor is equal to 1.0, check if the coupling data values of one solver is zero in the first iteration. The preconditioner scaling factors were not updated for this iteration and the scaling factors determined in the previous iteration were used.
---[preCICE] Mapping "Displacement" for t=0.01 from "Solid-Mesh" to "Fluid-Mesh"
---[preCICE] Mapping "Displacement" for t=0.01 from "Struct-Solid-Mesh" to "Struct-Fluid-Mesh"
---[preCICE] it 6 (min: 1, max: 15), time-window 1, t 0 (max: 25), Dt 0.01, max-dt 0.01
surfaceFieldValue flowRateTM write:
    total faces   = 4
    total area    = 2e-06

    sum(outlet_tm) of phi = 0

surfaceFieldValue pressureIOP write:
    total faces   = 4
    total area    = 2e-06

    areaAverage(outlet_tm) of p = 0

surfaceFieldValue pressureACinlet write:
    total faces   = 5
    total area    = 2.4e-06

    areaAverage(ac_inlet) of p = 0

Courant Number mean: 0 max: 0
Time = 0.01

PIMPLE: iteration 1
GAMG:  Solving for cellDisplacementx, Initial residual = 1, Final residual = 5.3077191e-09, No Iterations 16
DICPCG:  Solving for pcorr, Initial residual = 1, Final residual = 6.3911867e-08, No Iterations 91
time step continuity errors : sum local = 2.0166876e-10, global = -7.3752074e-13, cumulative = -3.7163868e-12
smoothSolver:  Solving for Ux, Initial residual = 1, Final residual = 2.1175852e-08, No Iterations 7
DICPCG:  Solving for p, Initial residual = 1, Final residual = 5.7866614e-08, No Iterations 110
time step continuity errors : sum local = 1.8277418e-10, global = -8.4981064e-16, cumulative = -3.7172366e-12
ExecutionTime = 1.07 s  ClockTime = 5 s

---[preCICE] Mapping "Force" for t=0.01 from "Fluid-Mesh" to "Solid-Mesh"
---[preCICE] Mapping "Force" for t=0.01 from "Struct-Fluid-Mesh" to "Struct-Solid-Mesh"
---[preCICE] it 6 (min: 1, max: 15), time-window 1, t 0 (max: 25), Dt 0.01, max-dt 0.01
Time = 0.01

Evolving solid solver
Solving the momentum equation for D
    Corr, res, relRes, matRes, iters
    50, 0.0025104007, 0.081649279, 0, 5
    100, 0.0014777166, 0.018705378, 0, 5
    150, 0.0010251482, 0.0086710206, 0, 5
--> FOAM Warning : Max iterations reached within momentum loop
ExecutionTime = 4.91 s  ClockTime = 8 s

---[preCICE] absolute convergence measure: two-norm diff of data "Displacement" = 1.43e-05, limit = 1.00e-05, conv = false
---[preCICE] absolute convergence measure: two-norm diff of data "Force" = 1.05e-03, limit = 1.00e-03, conv = false
---[preCICE] absolute convergence measure: two-norm diff of data "Displacement" = 0.00e+00, limit = 1.00e-05, conv = true
---[preCICE] absolute convergence measure: two-norm diff of data "Force" = 1.67e-03, limit = 1.00e-03, conv = false
---[preCICE] A sub-vector in the residual-sum preconditioner became numerically zero ( sub-vector = 0). If this occurred in the second iteration and the initial-relaxation factor is equal to 1.0, check if the coupling data values of one solver is zero in the first iteration. The preconditioner scaling factors were not updated for this iteration and the scaling factors determined in the previous iteration were used.
---[preCICE] Mapping "Displacement" for t=0.01 from "Solid-Mesh" to "Fluid-Mesh"
---[preCICE] Mapping "Displacement" for t=0.01 from "Struct-Solid-Mesh" to "Struct-Fluid-Mesh"
---[preCICE] it 7 (min: 1, max: 15), time-window 1, t 0 (max: 25), Dt 0.01, max-dt 0.01
surfaceFieldValue flowRateTM write:
    total faces   = 4
    total area    = 2e-06

    sum(outlet_tm) of phi = 0

surfaceFieldValue pressureIOP write:
    total faces   = 4
    total area    = 2e-06

    areaAverage(outlet_tm) of p = 0

surfaceFieldValue pressureACinlet write:
    total faces   = 5
    total area    = 2.4e-06

    areaAverage(ac_inlet) of p = 0

Courant Number mean: 0 max: 0
Time = 0.01

PIMPLE: iteration 1
GAMG:  Solving for cellDisplacementx, Initial residual = 1, Final residual = 5.2643085e-09, No Iterations 16
DICPCG:  Solving for pcorr, Initial residual = 1, Final residual = 6.3896947e-08, No Iterations 91
time step continuity errors : sum local = 2.0107401e-10, global = -7.374802e-13, cumulative = -4.4547168e-12
smoothSolver:  Solving for Ux, Initial residual = 1, Final residual = 2.0359806e-08, No Iterations 7
DICPCG:  Solving for p, Initial residual = 1, Final residual = 5.7791416e-08, No Iterations 110
time step continuity errors : sum local = 1.8203626e-10, global = -8.9326112e-16, cumulative = -4.45561e-12
ExecutionTime = 1.1 s  ClockTime = 6 s

---[preCICE] Mapping "Force" for t=0.01 from "Fluid-Mesh" to "Solid-Mesh"
---[preCICE] Mapping "Force" for t=0.01 from "Struct-Fluid-Mesh" to "Struct-Solid-Mesh"
---[preCICE] it 7 (min: 1, max: 15), time-window 1, t 0 (max: 25), Dt 0.01, max-dt 0.01
Time = 0.01

Evolving solid solver
Solving the momentum equation for D
    Corr, res, relRes, matRes, iters
    50, 0.0020313646, 0.025496662, 0, 5
    100, 0.001129598, 0.0089961288, 0, 5
    150, 0.00078712443, 0.0051542339, 0, 5
--> FOAM Warning : Max iterations reached within momentum loop
ExecutionTime = 5.86 s  ClockTime = 9 s

---[preCICE] absolute convergence measure: two-norm diff of data "Displacement" = 1.07e-04, limit = 1.00e-05, conv = false
---[preCICE] absolute convergence measure: two-norm diff of data "Force" = 9.11e-05, limit = 1.00e-03, conv = true
---[preCICE] absolute convergence measure: two-norm diff of data "Displacement" = 0.00e+00, limit = 1.00e-05, conv = true
---[preCICE] absolute convergence measure: two-norm diff of data "Force" = 1.46e-04, limit = 1.00e-03, conv = true
---[preCICE] A sub-vector in the residual-sum preconditioner became numerically zero ( sub-vector = 0). If this occurred in the second iteration and the initial-relaxation factor is equal to 1.0, check if the coupling data values of one solver is zero in the first iteration. The preconditioner scaling factors were not updated for this iteration and the scaling factors determined in the previous iteration were used.
---[preCICE] Mapping "Displacement" for t=0.01 from "Solid-Mesh" to "Fluid-Mesh"
---[preCICE] Mapping "Displacement" for t=0.01 from "Struct-Solid-Mesh" to "Struct-Fluid-Mesh"
---[preCICE] it 8 (min: 1, max: 15), time-window 1, t 0 (max: 25), Dt 0.01, max-dt 0.01
surfaceFieldValue flowRateTM write:
    total faces   = 4
    total area    = 2e-06

    sum(outlet_tm) of phi = 0

surfaceFieldValue pressureIOP write:
    total faces   = 4
    total area    = 2e-06

    areaAverage(outlet_tm) of p = 0

surfaceFieldValue pressureACinlet write:
    total faces   = 5
    total area    = 2.4e-06

    areaAverage(ac_inlet) of p = 0

Courant Number mean: 0 max: 0
Time = 0.01

PIMPLE: iteration 1
GAMG:  Solving for cellDisplacementx, Initial residual = 1, Final residual = 5.259301e-09, No Iterations 16
DICPCG:  Solving for pcorr, Initial residual = 1, Final residual = 6.3892092e-08, No Iterations 91
time step continuity errors : sum local = 2.0134299e-10, global = -7.3871486e-13, cumulative = -5.1943249e-12
smoothSolver:  Solving for Ux, Initial residual = 1, Final residual = 2.0795264e-08, No Iterations 7
DICPCG:  Solving for p, Initial residual = 1, Final residual = 5.8541163e-08, No Iterations 110
time step continuity errors : sum local = 1.8465696e-10, global = -1.3770827e-15, cumulative = -5.195702e-12
ExecutionTime = 1.15 s  ClockTime = 7 s

---[preCICE] Mapping "Force" for t=0.01 from "Fluid-Mesh" to "Solid-Mesh"
---[preCICE] Mapping "Force" for t=0.01 from "Struct-Fluid-Mesh" to "Struct-Solid-Mesh"
---[preCICE] it 8 (min: 1, max: 15), time-window 1, t 0 (max: 25), Dt 0.01, max-dt 0.01
Time = 0.01

Evolving solid solver
Solving the momentum equation for D
    Corr, res, relRes, matRes, iters
    50, 0.0022963852, 0.048912847, 0, 5
    100, 0.0013214459, 0.013119324, 0, 5
    150, 0.00090269553, 0.006639337, 0, 5
--> FOAM Warning : Max iterations reached within momentum loop
ExecutionTime = 6.84 s  ClockTime = 10 s

---[preCICE] absolute convergence measure: two-norm diff of data "Displacement" = 7.13e-05, limit = 1.00e-05, conv = false
---[preCICE] absolute convergence measure: two-norm diff of data "Force" = 4.67e-05, limit = 1.00e-03, conv = true
---[preCICE] absolute convergence measure: two-norm diff of data "Displacement" = 0.00e+00, limit = 1.00e-05, conv = true
---[preCICE] absolute convergence measure: two-norm diff of data "Force" = 7.47e-05, limit = 1.00e-03, conv = true
---[preCICE] A sub-vector in the residual-sum preconditioner became numerically zero ( sub-vector = 0). If this occurred in the second iteration and the initial-relaxation factor is equal to 1.0, check if the coupling data values of one solver is zero in the first iteration. The preconditioner scaling factors were not updated for this iteration and the scaling factors determined in the previous iteration were used.
---[preCICE] Mapping "Displacement" for t=0.01 from "Solid-Mesh" to "Fluid-Mesh"
---[preCICE] Mapping "Displacement" for t=0.01 from "Struct-Solid-Mesh" to "Struct-Fluid-Mesh"
---[preCICE] it 9 (min: 1, max: 15), time-window 1, t 0 (max: 25), Dt 0.01, max-dt 0.01
surfaceFieldValue flowRateTM write:
    total faces   = 4
    total area    = 2e-06

    sum(outlet_tm) of phi = 0

surfaceFieldValue pressureIOP write:
    total faces   = 4
    total area    = 2e-06

    areaAverage(outlet_tm) of p = 0

surfaceFieldValue pressureACinlet write:
    total faces   = 5
    total area    = 2.4e-06

    areaAverage(ac_inlet) of p = 0

Courant Number mean: 0 max: 0
Time = 0.01

PIMPLE: iteration 1
GAMG:  Solving for cellDisplacementx, Initial residual = 1, Final residual = 5.2591259e-09, No Iterations 16
DICPCG:  Solving for pcorr, Initial residual = 1, Final residual = 6.3886644e-08, No Iterations 91
time step continuity errors : sum local = 2.0191999e-10, global = -7.4064665e-13, cumulative = -5.9363486e-12
smoothSolver:  Solving for Ux, Initial residual = 1, Final residual = 2.1726434e-08, No Iterations 7
DICPCG:  Solving for p, Initial residual = 1, Final residual = 5.7734001e-08, No Iterations 110
time step continuity errors : sum local = 1.8265247e-10, global = -6.0859953e-15, cumulative = -5.9424346e-12
ExecutionTime = 1.21 s  ClockTime = 8 s

---[preCICE] Mapping "Force" for t=0.01 from "Fluid-Mesh" to "Solid-Mesh"
---[preCICE] Mapping "Force" for t=0.01 from "Struct-Fluid-Mesh" to "Struct-Solid-Mesh"
---[preCICE] it 9 (min: 1, max: 15), time-window 1, t 0 (max: 25), Dt 0.01, max-dt 0.01
Time = 0.01

Evolving solid solver
Solving the momentum equation for D
    Corr, res, relRes, matRes, iters
    50, 0.0021790131, 0.035151978, 0, 5
    100, 0.0012245922, 0.010756832, 0, 5
    150, 0.00084227673, 0.0058198083, 0, 5
--> FOAM Warning : Max iterations reached within momentum loop
ExecutionTime = 7.86 s  ClockTime = 11 s

---[preCICE] absolute convergence measure: two-norm diff of data "Displacement" = 1.03e-04, limit = 1.00e-05, conv = false
---[preCICE] absolute convergence measure: two-norm diff of data "Force" = 6.42e-05, limit = 1.00e-03, conv = true
---[preCICE] absolute convergence measure: two-norm diff of data "Displacement" = 0.00e+00, limit = 1.00e-05, conv = true
---[preCICE] absolute convergence measure: two-norm diff of data "Force" = 1.02e-04, limit = 1.00e-03, conv = true
---[preCICE] A sub-vector in the residual-sum preconditioner became numerically zero ( sub-vector = 0). If this occurred in the second iteration and the initial-relaxation factor is equal to 1.0, check if the coupling data values of one solver is zero in the first iteration. The preconditioner scaling factors were not updated for this iteration and the scaling factors determined in the previous iteration were used.
---[preCICE] Mapping "Displacement" for t=0.01 from "Solid-Mesh" to "Fluid-Mesh"
---[preCICE] Mapping "Displacement" for t=0.01 from "Struct-Solid-Mesh" to "Struct-Fluid-Mesh"
---[preCICE] it 10 (min: 1, max: 15), time-window 1, t 0 (max: 25), Dt 0.01, max-dt 0.01
surfaceFieldValue flowRateTM write:
    total faces   = 4
    total area    = 2e-06

    sum(outlet_tm) of phi = 0

surfaceFieldValue pressureIOP write:
    total faces   = 4
    total area    = 2e-06

    areaAverage(outlet_tm) of p = 0

surfaceFieldValue pressureACinlet write:
    total faces   = 5
    total area    = 2.4e-06

    areaAverage(ac_inlet) of p = 0

Courant Number mean: 0 max: 0
Time = 0.01

PIMPLE: iteration 1
GAMG:  Solving for cellDisplacementx, Initial residual = 1, Final residual = 5.2763667e-09, No Iterations 16
DICPCG:  Solving for pcorr, Initial residual = 1, Final residual = 6.3910312e-08, No Iterations 91
time step continuity errors : sum local = 2.0017737e-10, global = -7.3385988e-13, cumulative = -6.6762945e-12
smoothSolver:  Solving for Ux, Initial residual = 1, Final residual = 1.8980602e-08, No Iterations 7
DICPCG:  Solving for p, Initial residual = 1, Final residual = 5.783437e-08, No Iterations 110
time step continuity errors : sum local = 1.8132864e-10, global = -2.2788383e-15, cumulative = -6.6785733e-12
ExecutionTime = 1.24 s  ClockTime = 9 s

---[preCICE] Mapping "Force" for t=0.01 from "Fluid-Mesh" to "Solid-Mesh"
---[preCICE] Mapping "Force" for t=0.01 from "Struct-Fluid-Mesh" to "Struct-Solid-Mesh"
---[preCICE] it 10 (min: 1, max: 15), time-window 1, t 0 (max: 25), Dt 0.01, max-dt 0.01
Time = 0.01

Evolving solid solver
Solving the momentum equation for D
    Corr, res, relRes, matRes, iters
    50, 0.0023078188, 0.048519595, 0, 5
    100, 0.001320276, 0.01304512, 0, 5
    150, 0.0009013436, 0.0066130975, 0, 5
--> FOAM Warning : Max iterations reached within momentum loop
ExecutionTime = 8.61 s  ClockTime = 12 s

---[preCICE] absolute convergence measure: two-norm diff of data "Displacement" = 4.54e-05, limit = 1.00e-05, conv = false
---[preCICE] absolute convergence measure: two-norm diff of data "Force" = 2.50e-04, limit = 1.00e-03, conv = true
---[preCICE] absolute convergence measure: two-norm diff of data "Displacement" = 0.00e+00, limit = 1.00e-05, conv = true
---[preCICE] absolute convergence measure: two-norm diff of data "Force" = 4.00e-04, limit = 1.00e-03, conv = true
---[preCICE] A sub-vector in the residual-sum preconditioner became numerically zero ( sub-vector = 0). If this occurred in the second iteration and the initial-relaxation factor is equal to 1.0, check if the coupling data values of one solver is zero in the first iteration. The preconditioner scaling factors were not updated for this iteration and the scaling factors determined in the previous iteration were used.
---[preCICE] Mapping "Displacement" for t=0.01 from "Solid-Mesh" to "Fluid-Mesh"
---[preCICE] Mapping "Displacement" for t=0.01 from "Struct-Solid-Mesh" to "Struct-Fluid-Mesh"
---[preCICE] it 11 (min: 1, max: 15), time-window 1, t 0 (max: 25), Dt 0.01, max-dt 0.01
surfaceFieldValue flowRateTM write:
    total faces   = 4
    total area    = 2e-06

    sum(outlet_tm) of phi = 0

surfaceFieldValue pressureIOP write:
    total faces   = 4
    total area    = 2e-06

    areaAverage(outlet_tm) of p = 0

surfaceFieldValue pressureACinlet write:
    total faces   = 5
    total area    = 2.4e-06

    areaAverage(ac_inlet) of p = 0

Courant Number mean: 0 max: 0
Time = 0.01

PIMPLE: iteration 1
GAMG:  Solving for cellDisplacementx, Initial residual = 1, Final residual = 5.2790882e-09, No Iterations 16
DICPCG:  Solving for pcorr, Initial residual = 1, Final residual = 6.3924462e-08, No Iterations 91
time step continuity errors : sum local = 1.9872745e-10, global = -7.2893429e-13, cumulative = -7.4075076e-12
smoothSolver:  Solving for Ux, Initial residual = 1, Final residual = 1.6968615e-08, No Iterations 7
DICPCG:  Solving for p, Initial residual = 1, Final residual = 5.8276359e-08, No Iterations 110
time step continuity errors : sum local = 1.8135524e-10, global = -7.9834063e-16, cumulative = -7.408306e-12
ExecutionTime = 1.26 s  ClockTime = 10 s

---[preCICE] Mapping "Force" for t=0.01 from "Fluid-Mesh" to "Solid-Mesh"
---[preCICE] Mapping "Force" for t=0.01 from "Struct-Fluid-Mesh" to "Struct-Solid-Mesh"
---[preCICE] it 11 (min: 1, max: 15), time-window 1, t 0 (max: 25), Dt 0.01, max-dt 0.01
Time = 0.01

Evolving solid solver
Solving the momentum equation for D
    Corr, res, relRes, matRes, iters
    50, 0.0022318992, 0.039060856, 0, 5
    100, 0.0012584767, 0.011447952, 0, 5
    150, 0.00086172123, 0.006063361, 0, 5
--> FOAM Warning : Max iterations reached within momentum loop
ExecutionTime = 9.12 s  ClockTime = 12 s

---[preCICE] absolute convergence measure: two-norm diff of data "Displacement" = 3.64e-05, limit = 1.00e-05, conv = false
---[preCICE] absolute convergence measure: two-norm diff of data "Force" = 1.55e-04, limit = 1.00e-03, conv = true
---[preCICE] absolute convergence measure: two-norm diff of data "Displacement" = 0.00e+00, limit = 1.00e-05, conv = true
---[preCICE] absolute convergence measure: two-norm diff of data "Force" = 2.48e-04, limit = 1.00e-03, conv = true
---[preCICE] A sub-vector in the residual-sum preconditioner became numerically zero ( sub-vector = 0). If this occurred in the second iteration and the initial-relaxation factor is equal to 1.0, check if the coupling data values of one solver is zero in the first iteration. The preconditioner scaling factors were not updated for this iteration and the scaling factors determined in the previous iteration were used.
---[preCICE] Mapping "Displacement" for t=0.01 from "Solid-Mesh" to "Fluid-Mesh"
---[preCICE] Mapping "Displacement" for t=0.01 from "Struct-Solid-Mesh" to "Struct-Fluid-Mesh"
---[preCICE] it 12 (min: 1, max: 15), time-window 1, t 0 (max: 25), Dt 0.01, max-dt 0.01
surfaceFieldValue flowRateTM write:
    total faces   = 4
    total area    = 2e-06

    sum(outlet_tm) of phi = 0

surfaceFieldValue pressureIOP write:
    total faces   = 4
    total area    = 2e-06

    areaAverage(outlet_tm) of p = 0

surfaceFieldValue pressureACinlet write:
    total faces   = 5
    total area    = 2.4e-06

    areaAverage(ac_inlet) of p = 0

Courant Number mean: 0 max: 0
Time = 0.01

PIMPLE: iteration 1
GAMG:  Solving for cellDisplacementx, Initial residual = 1, Final residual = 5.3692751e-09, No Iterations 16
DICPCG:  Solving for pcorr, Initial residual = 1, Final residual = 6.4014735e-08, No Iterations 91
time step continuity errors : sum local = 1.9405738e-10, global = -7.091946e-13, cumulative = -8.1175006e-12
smoothSolver:  Solving for Ux, Initial residual = 1, Final residual = 9.4396849e-08, No Iterations 6
DICPCG:  Solving for p, Initial residual = 1, Final residual = 5.8219601e-08, No Iterations 110
time step continuity errors : sum local = 1.7666665e-10, global = -1.0876526e-15, cumulative = -8.1185882e-12
ExecutionTime = 1.3 s  ClockTime = 10 s

---[preCICE] Mapping "Force" for t=0.01 from "Fluid-Mesh" to "Solid-Mesh"
---[preCICE] Mapping "Force" for t=0.01 from "Struct-Fluid-Mesh" to "Struct-Solid-Mesh"
---[preCICE] it 12 (min: 1, max: 15), time-window 1, t 0 (max: 25), Dt 0.01, max-dt 0.01
Time = 0.01

Evolving solid solver
Solving the momentum equation for D
    Corr, res, relRes, matRes, iters
    50, 0.0024448795, 0.068307672, 0, 5
    100, 0.0014169543, 0.015960266, 0, 5
    150, 0.0009706476, 0.0076432188, 0, 5
--> FOAM Warning : Max iterations reached within momentum loop
ExecutionTime = 9.91 s  ClockTime = 13 s

---[preCICE] absolute convergence measure: two-norm diff of data "Displacement" = 8.86e-05, limit = 1.00e-05, conv = false
---[preCICE] absolute convergence measure: two-norm diff of data "Force" = 6.97e-04, limit = 1.00e-03, conv = true
---[preCICE] absolute convergence measure: two-norm diff of data "Displacement" = 0.00e+00, limit = 1.00e-05, conv = true
---[preCICE] absolute convergence measure: two-norm diff of data "Force" = 1.11e-03, limit = 1.00e-03, conv = false
---[preCICE] A sub-vector in the residual-sum preconditioner became numerically zero ( sub-vector = 0). If this occurred in the second iteration and the initial-relaxation factor is equal to 1.0, check if the coupling data values of one solver is zero in the first iteration. The preconditioner scaling factors were not updated for this iteration and the scaling factors determined in the previous iteration were used.
---[preCICE] Mapping "Displacement" for t=0.01 from "Solid-Mesh" to "Fluid-Mesh"
---[preCICE] Mapping "Displacement" for t=0.01 from "Struct-Solid-Mesh" to "Struct-Fluid-Mesh"
---[preCICE] it 13 (min: 1, max: 15), time-window 1, t 0 (max: 25), Dt 0.01, max-dt 0.01
surfaceFieldValue flowRateTM write:
    total faces   = 4
    total area    = 2e-06

    sum(outlet_tm) of phi = 0

surfaceFieldValue pressureIOP write:
    total faces   = 4
    total area    = 2e-06

    areaAverage(outlet_tm) of p = 0

surfaceFieldValue pressureACinlet write:
    total faces   = 5
    total area    = 2.4e-06

    areaAverage(ac_inlet) of p = 0

Courant Number mean: 0 max: 0
Time = 0.01

PIMPLE: iteration 1
GAMG:  Solving for cellDisplacementx, Initial residual = 1, Final residual = 5.3526433e-09, No Iterations 16
DICPCG:  Solving for pcorr, Initial residual = 1, Final residual = 6.3981211e-08, No Iterations 91
time step continuity errors : sum local = 1.9771121e-10, global = -7.2216808e-13, cumulative = -8.8407563e-12
smoothSolver:  Solving for Ux, Initial residual = 1, Final residual = 1.5477048e-08, No Iterations 7
DICPCG:  Solving for p, Initial residual = 1, Final residual = 5.8045089e-08, No Iterations 110
time step continuity errors : sum local = 1.7954725e-10, global = 2.1601839e-15, cumulative = -8.8385961e-12
ExecutionTime = 1.34 s  ClockTime = 11 s

---[preCICE] Mapping "Force" for t=0.01 from "Fluid-Mesh" to "Solid-Mesh"
---[preCICE] Mapping "Force" for t=0.01 from "Struct-Fluid-Mesh" to "Struct-Solid-Mesh"
---[preCICE] it 13 (min: 1, max: 15), time-window 1, t 0 (max: 25), Dt 0.01, max-dt 0.01
Time = 0.01

Evolving solid solver
Solving the momentum equation for D
    Corr, res, relRes, matRes, iters
    50, 0.0020009012, 0.024952629, 0, 5
    100, 0.0011235125, 0.0088916972, 0, 5
    150, 0.00078415805, 0.0051136134, 0, 5
--> FOAM Warning : Max iterations reached within momentum loop
ExecutionTime = 10.6 s  ClockTime = 14 s

---[preCICE] absolute convergence measure: two-norm diff of data "Displacement" = 2.26e-05, limit = 1.00e-05, conv = false
---[preCICE] absolute convergence measure: two-norm diff of data "Force" = 4.44e-04, limit = 1.00e-03, conv = true
---[preCICE] absolute convergence measure: two-norm diff of data "Displacement" = 0.00e+00, limit = 1.00e-05, conv = true
---[preCICE] absolute convergence measure: two-norm diff of data "Force" = 7.09e-04, limit = 1.00e-03, conv = true
---[preCICE] A sub-vector in the residual-sum preconditioner became numerically zero ( sub-vector = 0). If this occurred in the second iteration and the initial-relaxation factor is equal to 1.0, check if the coupling data values of one solver is zero in the first iteration. The preconditioner scaling factors were not updated for this iteration and the scaling factors determined in the previous iteration were used.
---[preCICE] Mapping "Displacement" for t=0.01 from "Solid-Mesh" to "Fluid-Mesh"
---[preCICE] Mapping "Displacement" for t=0.01 from "Struct-Solid-Mesh" to "Struct-Fluid-Mesh"
---[preCICE] it 14 (min: 1, max: 15), time-window 1, t 0 (max: 25), Dt 0.01, max-dt 0.01
surfaceFieldValue flowRateTM write:
    total faces   = 4
    total area    = 2e-06

    sum(outlet_tm) of phi = 0

surfaceFieldValue pressureIOP write:
    total faces   = 4
    total area    = 2e-06

    areaAverage(outlet_tm) of p = 0

surfaceFieldValue pressureACinlet write:
    total faces   = 5
    total area    = 2.4e-06

    areaAverage(ac_inlet) of p = 0

Courant Number mean: 0 max: 0
Time = 0.01

PIMPLE: iteration 1
GAMG:  Solving for cellDisplacementx, Initial residual = 1, Final residual = 5.4078615e-09, No Iterations 16
DICPCG:  Solving for pcorr, Initial residual = 1, Final residual = 6.401351e-08, No Iterations 91
time step continuity errors : sum local = 1.973599e-10, global = -7.1849337e-13, cumulative = -9.5570895e-12
smoothSolver:  Solving for Ux, Initial residual = 1, Final residual = 1.4929594e-08, No Iterations 7
DICPCG:  Solving for p, Initial residual = 1, Final residual = 5.8061787e-08, No Iterations 110
time step continuity errors : sum local = 1.7918559e-10, global = -2.5267289e-16, cumulative = -9.5573422e-12
ExecutionTime = 1.37 s  ClockTime = 12 s

---[preCICE] Mapping "Force" for t=0.01 from "Fluid-Mesh" to "Solid-Mesh"
---[preCICE] Mapping "Force" for t=0.01 from "Struct-Fluid-Mesh" to "Struct-Solid-Mesh"
---[preCICE] it 14 (min: 1, max: 15), time-window 1, t 0 (max: 25), Dt 0.01, max-dt 0.01
Time = 0.01

Evolving solid solver
Solving the momentum equation for D
    Corr, res, relRes, matRes, iters
    50, 0.0023664772, 0.05864897, 0, 5
    100, 0.0013736144, 0.01460246, 0, 5
    150, 0.00093923719, 0.0071598307, 0, 5
--> FOAM Warning : Max iterations reached within momentum loop
ExecutionTime = 11.26 s  ClockTime = 14 s

---[preCICE] absolute convergence measure: two-norm diff of data "Displacement" = 4.95e-05, limit = 1.00e-05, conv = false
---[preCICE] absolute convergence measure: two-norm diff of data "Force" = 1.89e-04, limit = 1.00e-03, conv = true
---[preCICE] absolute convergence measure: two-norm diff of data "Displacement" = 0.00e+00, limit = 1.00e-05, conv = true
---[preCICE] absolute convergence measure: two-norm diff of data "Force" = 3.01e-04, limit = 1.00e-03, conv = true
---[preCICE] A sub-vector in the residual-sum preconditioner became numerically zero ( sub-vector = 0). If this occurred in the second iteration and the initial-relaxation factor is equal to 1.0, check if the coupling data values of one solver is zero in the first iteration. The preconditioner scaling factors were not updated for this iteration and the scaling factors determined in the previous iteration were used.
---[preCICE] Mapping "Displacement" for t=0.01 from "Solid-Mesh" to "Fluid-Mesh"
---[preCICE] Mapping "Displacement" for t=0.01 from "Struct-Solid-Mesh" to "Struct-Fluid-Mesh"
---[preCICE] it 15 (min: 1, max: 15), time-window 1, t 0 (max: 25), Dt 0.01, max-dt 0.01
surfaceFieldValue flowRateTM write:
    total faces   = 4
    total area    = 2e-06

    sum(outlet_tm) of phi = 0

surfaceFieldValue pressureIOP write:
    total faces   = 4
    total area    = 2e-06

    areaAverage(outlet_tm) of p = 0

surfaceFieldValue pressureACinlet write:
    total faces   = 5
    total area    = 2.4e-06

    areaAverage(ac_inlet) of p = 0

Courant Number mean: 0 max: 0
Time = 0.01

PIMPLE: iteration 1
GAMG:  Solving for cellDisplacementx, Initial residual = 1, Final residual = 5.4066594e-09, No Iterations 16
DICPCG:  Solving for pcorr, Initial residual = 1, Final residual = 6.4010182e-08, No Iterations 91
time step continuity errors : sum local = 1.9787275e-10, global = -7.202374e-13, cumulative = -1.027758e-11
smoothSolver:  Solving for Ux, Initial residual = 1, Final residual = 1.5539296e-08, No Iterations 7
DICPCG:  Solving for p, Initial residual = 1, Final residual = 5.7796767e-08, No Iterations 110
time step continuity errors : sum local = 1.7884525e-10, global = 1.7785574e-15, cumulative = -1.0275801e-11
ExecutionTime = 1.39 s  ClockTime = 12 s

---[preCICE] Mapping "Force" for t=0.01 from "Fluid-Mesh" to "Solid-Mesh"
---[preCICE] Mapping "Force" for t=0.01 from "Struct-Fluid-Mesh" to "Struct-Solid-Mesh"
---[preCICE] it 15 (min: 1, max: 15), time-window 1, t 0 (max: 25), Dt 0.01, max-dt 0.01
Time = 0.01

Evolving solid solver
Solving the momentum equation for D
    Corr, res, relRes, matRes, iters
    50, 0.0021404724, 0.031884944, 0, 5
    100, 0.0011969743, 0.010170369, 0, 5
    150, 0.0008265393, 0.0056056764, 0, 5
--> FOAM Warning : Max iterations reached within momentum loop
ExecutionTime = 11.75 s  ClockTime = 15 s

---[preCICE] absolute convergence measure: two-norm diff of data "Displacement" = 1.38e-05, limit = 1.00e-05, conv = false
---[preCICE] absolute convergence measure: two-norm diff of data "Force" = 6.26e-05, limit = 1.00e-03, conv = true
---[preCICE] absolute convergence measure: two-norm diff of data "Displacement" = 0.00e+00, limit = 1.00e-05, conv = true
---[preCICE] absolute convergence measure: two-norm diff of data "Force" = 1.00e-04, limit = 1.00e-03, conv = true
---[preCICE] Time window completed
---[preCICE] Mapping "Displacement" for t=0.01 from "Solid-Mesh" to "Fluid-Mesh"
---[preCICE] Mapping "Displacement" for t=0.01 from "Struct-Solid-Mesh" to "Struct-Fluid-Mesh"
---[preCICE] it 1 (min: 1, max: 15), time-window 2, t 0.01 (max: 25), Dt 0.01, max-dt 0.01
surfaceFieldValue flowRateTM write:
    total faces   = 4
    total area    = 2e-06

    sum(outlet_tm) of phi = 5.5387755e-12

surfaceFieldValue pressureIOP write:
    total faces   = 4
    total area    = 2e-06

    areaAverage(outlet_tm) of p = 0

surfaceFieldValue pressureACinlet write:
    total faces   = 5
    total area    = 2.4e-06

    areaAverage(ac_inlet) of p = 0.46386055

Courant Number mean: 0.088471763 max: 0.98800786
Time = 0.02

PIMPLE: iteration 1
GAMG:  Solving for cellDisplacementx, Initial residual = 0.023233532, Final residual = 9.0332787e-09, No Iterations 13
DICPCG:  Solving for pcorr, Initial residual = 1, Final residual = 6.4319302e-08, No Iterations 91
time step continuity errors : sum local = 2.0964525e-10, global = 7.2377132e-13, cumulative = -9.5520297e-12
smoothSolver:  Solving for Ux, Initial residual = 0.019149125, Final residual = 2.1938313e-08, No Iterations 2
DICPCG:  Solving for p, Initial residual = 0.98513223, Final residual = 8.4133094e-08, No Iterations 109
time step continuity errors : sum local = 9.2950015e-10, global = -7.1513632e-15, cumulative = -9.5591811e-12
ExecutionTime = 1.42 s  ClockTime = 13 s

---[preCICE] Time window completed
---[preCICE] Mapping "Force" for t=0.02 from "Fluid-Mesh" to "Solid-Mesh"
---[preCICE] Mapping "Force" for t=0.02 from "Struct-Fluid-Mesh" to "Struct-Solid-Mesh"
---[preCICE] it 1 (min: 1, max: 15), time-window 2, t 0.01 (max: 25), Dt 0.01, max-dt 0.01
Time = 0.02

Evolving solid solver
Solving the momentum equation for D
    Corr, res, relRes, matRes, iters
    50, 0.0013566033, 0.013384362, 0, 5
    100, 0.0008539893, 0.0063627442, 0, 5
    150, 0.00062402058, 0.004034829, 0, 5
--> FOAM Warning : Max iterations reached within momentum loop
ExecutionTime = 12.42 s  ClockTime = 16 s

---[preCICE] absolute convergence measure: two-norm diff of data "Displacement" = 2.95e-03, limit = 1.00e-05, conv = false
---[preCICE] absolute convergence measure: two-norm diff of data "Force" = 1.47e-02, limit = 1.00e-03, conv = false
---[preCICE] absolute convergence measure: two-norm diff of data "Displacement" = 0.00e+00, limit = 1.00e-05, conv = true
---[preCICE] absolute convergence measure: two-norm diff of data "Force" = 2.36e-02, limit = 1.00e-03, conv = false
---[preCICE] A sub-vector in the residual-sum preconditioner became numerically zero ( sub-vector = 0). If this occurred in the second iteration and the initial-relaxation factor is equal to 1.0, check if the coupling data values of one solver is zero in the first iteration. The preconditioner scaling factors were not updated for this iteration and the scaling factors determined in the previous iteration were used.
---[preCICE] Mapping "Displacement" for t=0.02 from "Solid-Mesh" to "Fluid-Mesh"
---[preCICE] Mapping "Displacement" for t=0.02 from "Struct-Solid-Mesh" to "Struct-Fluid-Mesh"
---[preCICE] it 2 (min: 1, max: 15), time-window 2, t 0.01 (max: 25), Dt 0.01, max-dt 0.01
surfaceFieldValue flowRateTM write:
    total faces   = 4
    total area    = 2e-06

    sum(outlet_tm) of phi = 5.5387755e-12

surfaceFieldValue pressureIOP write:
    total faces   = 4
    total area    = 2e-06

    areaAverage(outlet_tm) of p = 0

surfaceFieldValue pressureACinlet write:
    total faces   = 5
    total area    = 2.4e-06

    areaAverage(ac_inlet) of p = 0.46386055

Courant Number mean: 0.088471763 max: 0.98800786
Time = 0.02

PIMPLE: iteration 1
GAMG:  Solving for cellDisplacementx, Initial residual = 0.075486708, Final residual = 8.3235832e-09, No Iterations 14
DICPCG:  Solving for pcorr, Initial residual = 1, Final residual = 6.3793294e-08, No Iterations 91
time step continuity errors : sum local = 2.3808639e-10, global = 8.5069574e-13, cumulative = -8.7084853e-12
smoothSolver:  Solving for Ux, Initial residual = 0.019147196, Final residual = 1.774311e-08, No Iterations 2
DICPCG:  Solving for p, Initial residual = 0.98460403, Final residual = 9.5477929e-08, No Iterations 109
time step continuity errors : sum local = 1.1011638e-09, global = -4.4285872e-15, cumulative = -8.7129139e-12
ExecutionTime = 1.45 s  ClockTime = 14 s

---[preCICE] Mapping "Force" for t=0.02 from "Fluid-Mesh" to "Solid-Mesh"
---[preCICE] Mapping "Force" for t=0.02 from "Struct-Fluid-Mesh" to "Struct-Solid-Mesh"
---[preCICE] it 2 (min: 1, max: 15), time-window 2, t 0.01 (max: 25), Dt 0.01, max-dt 0.01
Time = 0.02

Evolving solid solver
Solving the momentum equation for D
    Corr, res, relRes, matRes, iters
    50, 0.0023985726, 0.053365194, 0, 5
    100, 0.0014058092, 0.02290567, 0, 5
    150, 0.00096889499, 0.0099642944, 0, 5
--> FOAM Warning : Max iterations reached within momentum loop
ExecutionTime = 13.31 s  ClockTime = 17 s

---[preCICE] absolute convergence measure: two-norm diff of data "Displacement" = 1.74e-03, limit = 1.00e-05, conv = false
---[preCICE] absolute convergence measure: two-norm diff of data "Force" = 2.82e-03, limit = 1.00e-03, conv = false
---[preCICE] absolute convergence measure: two-norm diff of data "Displacement" = 0.00e+00, limit = 1.00e-05, conv = true
---[preCICE] absolute convergence measure: two-norm diff of data "Force" = 4.50e-03, limit = 1.00e-03, conv = false
---[preCICE] A sub-vector in the residual-sum preconditioner became numerically zero ( sub-vector = 0). If this occurred in the second iteration and the initial-relaxation factor is equal to 1.0, check if the coupling data values of one solver is zero in the first iteration. The preconditioner scaling factors were not updated for this iteration and the scaling factors determined in the previous iteration were used.
---[preCICE] Mapping "Displacement" for t=0.02 from "Solid-Mesh" to "Fluid-Mesh"
---[preCICE] Mapping "Displacement" for t=0.02 from "Struct-Solid-Mesh" to "Struct-Fluid-Mesh"
---[preCICE] it 3 (min: 1, max: 15), time-window 2, t 0.01 (max: 25), Dt 0.01, max-dt 0.01
surfaceFieldValue flowRateTM write:
    total faces   = 4
    total area    = 2e-06

    sum(outlet_tm) of phi = 5.5387755e-12

surfaceFieldValue pressureIOP write:
    total faces   = 4
    total area    = 2e-06

    areaAverage(outlet_tm) of p = 0

surfaceFieldValue pressureACinlet write:
    total faces   = 5
    total area    = 2.4e-06

    areaAverage(ac_inlet) of p = 0.46386055

Courant Number mean: 0.088471763 max: 0.98800786
Time = 0.02

PIMPLE: iteration 1
GAMG:  Solving for cellDisplacementx, Initial residual = 0.18329855, Final residual = 7.1439061e-09, No Iterations 15
DICPCG:  Solving for pcorr, Initial residual = 1, Final residual = 6.3659458e-08, No Iterations 91
time step continuity errors : sum local = 2.8283203e-10, global = 1.0102508e-12, cumulative = -7.7026631e-12
smoothSolver:  Solving for Ux, Initial residual = 0.019144721, Final residual = 5.9179239e-08, No Iterations 2
DICPCG:  Solving for p, Initial residual = 0.98336186, Final residual = 9.0610201e-08, No Iterations 109
time step continuity errors : sum local = 1.112929e-09, global = -1.99472e-15, cumulative = -7.7046579e-12
ExecutionTime = 1.49 s  ClockTime = 15 s

---[preCICE] Mapping "Force" for t=0.02 from "Fluid-Mesh" to "Solid-Mesh"
---[preCICE] Mapping "Force" for t=0.02 from "Struct-Fluid-Mesh" to "Struct-Solid-Mesh"
---[preCICE] it 3 (min: 1, max: 15), time-window 2, t 0.01 (max: 25), Dt 0.01, max-dt 0.01
Time = 0.02

Evolving solid solver
Solving the momentum equation for D
    Corr, res, relRes, matRes, iters
    50, 0.0017829723, 0.026116088, 0, 5
    100, 0.0010091849, 0.0091130863, 0, 5
    150, 0.00071515383, 0.005223446, 0, 5
--> FOAM Warning : Max iterations reached within momentum loop
ExecutionTime = 14.17 s  ClockTime = 17 s

---[preCICE] absolute convergence measure: two-norm diff of data "Displacement" = 2.40e-03, limit = 1.00e-05, conv = false
---[preCICE] absolute convergence measure: two-norm diff of data "Force" = 4.38e-04, limit = 1.00e-03, conv = true
---[preCICE] absolute convergence measure: two-norm diff of data "Displacement" = 0.00e+00, limit = 1.00e-05, conv = true
---[preCICE] absolute convergence measure: two-norm diff of data "Force" = 7.08e-04, limit = 1.00e-03, conv = true
---[preCICE] A sub-vector in the residual-sum preconditioner became numerically zero ( sub-vector = 0). If this occurred in the second iteration and the initial-relaxation factor is equal to 1.0, check if the coupling data values of one solver is zero in the first iteration. The preconditioner scaling factors were not updated for this iteration and the scaling factors determined in the previous iteration were used.
---[preCICE] Mapping "Displacement" for t=0.02 from "Solid-Mesh" to "Fluid-Mesh"
---[preCICE] Mapping "Displacement" for t=0.02 from "Struct-Solid-Mesh" to "Struct-Fluid-Mesh"
---[preCICE] it 4 (min: 1, max: 15), time-window 2, t 0.01 (max: 25), Dt 0.01, max-dt 0.01
surfaceFieldValue flowRateTM write:
    total faces   = 4
    total area    = 2e-06

    sum(outlet_tm) of phi = 5.5387755e-12

surfaceFieldValue pressureIOP write:
    total faces   = 4
    total area    = 2e-06

    areaAverage(outlet_tm) of p = 0

surfaceFieldValue pressureACinlet write:
    total faces   = 5
    total area    = 2.4e-06

    areaAverage(ac_inlet) of p = 0.46386055

Courant Number mean: 0.088471763 max: 0.98800786
Time = 0.02

PIMPLE: iteration 1
GAMG:  Solving for cellDisplacementx, Initial residual = 0.15867051, Final residual = 5.301184e-09, No Iterations 14
DICPCG:  Solving for pcorr, Initial residual = 1, Final residual = 6.8612006e-08, No Iterations 91
time step continuity errors : sum local = 1.4523057e-10, global = 3.9580318e-13, cumulative = -7.3088547e-12
smoothSolver:  Solving for Ux, Initial residual = 0.019154277, Final residual = 2.5402489e-08, No Iterations 2
DICPCG:  Solving for p, Initial residual = 0.96537727, Final residual = 7.045772e-08, No Iterations 108
time step continuity errors : sum local = 7.1027639e-10, global = -4.9000547e-15, cumulative = -7.3137547e-12
ExecutionTime = 1.52 s  ClockTime = 15 s

---[preCICE] Mapping "Force" for t=0.02 from "Fluid-Mesh" to "Solid-Mesh"
---[preCICE] Mapping "Force" for t=0.02 from "Struct-Fluid-Mesh" to "Struct-Solid-Mesh"
---[preCICE] it 4 (min: 1, max: 15), time-window 2, t 0.01 (max: 25), Dt 0.01, max-dt 0.01
Time = 0.02

Evolving solid solver
Solving the momentum equation for D
    Corr, res, relRes, matRes, iters
    50, 0.0018277993, 0.023403262, 0, 5
    100, 0.001053448, 0.0085973188, 0, 5
    150, 0.00074339121, 0.0050046585, 0, 5
--> FOAM Warning : Max iterations reached within momentum loop
ExecutionTime = 15.02 s  ClockTime = 18 s

---[preCICE] absolute convergence measure: two-norm diff of data "Displacement" = 5.51e-03, limit = 1.00e-05, conv = false
---[preCICE] absolute convergence measure: two-norm diff of data "Force" = 1.93e-02, limit = 1.00e-03, conv = false
---[preCICE] absolute convergence measure: two-norm diff of data "Displacement" = 0.00e+00, limit = 1.00e-05, conv = true
---[preCICE] absolute convergence measure: two-norm diff of data "Force" = 3.09e-02, limit = 1.00e-03, conv = false
---[preCICE] A sub-vector in the residual-sum preconditioner became numerically zero ( sub-vector = 0). If this occurred in the second iteration and the initial-relaxation factor is equal to 1.0, check if the coupling data values of one solver is zero in the first iteration. The preconditioner scaling factors were not updated for this iteration and the scaling factors determined in the previous iteration were used.
---[preCICE] Mapping "Displacement" for t=0.02 from "Solid-Mesh" to "Fluid-Mesh"
---[preCICE] Mapping "Displacement" for t=0.02 from "Struct-Solid-Mesh" to "Struct-Fluid-Mesh"
---[preCICE] it 5 (min: 1, max: 15), time-window 2, t 0.01 (max: 25), Dt 0.01, max-dt 0.01
surfaceFieldValue flowRateTM write:
    total faces   = 4
    total area    = 2e-06

    sum(outlet_tm) of phi = 5.5387755e-12

surfaceFieldValue pressureIOP write:
    total faces   = 4
    total area    = 2e-06

    areaAverage(outlet_tm) of p = 0

surfaceFieldValue pressureACinlet write:
    total faces   = 5
    total area    = 2.4e-06

    areaAverage(ac_inlet) of p = 0.46386055

Courant Number mean: 0.088471763 max: 0.98800786
Time = 0.02

PIMPLE: iteration 1
GAMG:  Solving for cellDisplacementx, Initial residual = 0.64329155, Final residual = 7.7712376e-09, No Iterations 16
DICPCG:  Solving for pcorr, Initial residual = 1, Final residual = 6.4336198e-08, No Iterations 91
time step continuity errors : sum local = 4.0596216e-10, global = 1.3128227e-12, cumulative = -6.000932e-12
smoothSolver:  Solving for Ux, Initial residual = 0.019140694, Final residual = 2.721295e-08, No Iterations 4
DICPCG:  Solving for p, Initial residual = 0.99008059, Final residual = 5.1480445e-08, No Iterations 110
time step continuity errors : sum local = 7.3500927e-10, global = 3.718729e-14, cumulative = -5.9637447e-12
ExecutionTime = 1.57 s  ClockTime = 16 s

---[preCICE] Mapping "Force" for t=0.02 from "Fluid-Mesh" to "Solid-Mesh"
---[preCICE] Mapping "Force" for t=0.02 from "Struct-Fluid-Mesh" to "Struct-Solid-Mesh"
---[preCICE] it 5 (min: 1, max: 15), time-window 2, t 0.01 (max: 25), Dt 0.01, max-dt 0.01
Time = 0.02

Evolving solid solver
Solving the momentum equation for D
    Corr, res, relRes, matRes, iters
    50, 0.002238209, 0.058801381, 0, 5
    100, 0.0012841646, 0.014524189, 0, 5
    150, 0.0008790652, 0.0071138951, 0, 5
--> FOAM Warning : Max iterations reached within momentum loop
ExecutionTime = 15.81 s  ClockTime = 19 s

---[preCICE] absolute convergence measure: two-norm diff of data "Displacement" = 5.10e-03, limit = 1.00e-05, conv = false
---[preCICE] absolute convergence measure: two-norm diff of data "Force" = 9.12e-04, limit = 1.00e-03, conv = true
---[preCICE] absolute convergence measure: two-norm diff of data "Displacement" = 0.00e+00, limit = 1.00e-05, conv = true
---[preCICE] absolute convergence measure: two-norm diff of data "Force" = 1.38e-03, limit = 1.00e-03, conv = false
---[preCICE] A sub-vector in the residual-sum preconditioner became numerically zero ( sub-vector = 0). If this occurred in the second iteration and the initial-relaxation factor is equal to 1.0, check if the coupling data values of one solver is zero in the first iteration. The preconditioner scaling factors were not updated for this iteration and the scaling factors determined in the previous iteration were used.
---[preCICE] Mapping "Displacement" for t=0.02 from "Solid-Mesh" to "Fluid-Mesh"
---[preCICE] Mapping "Displacement" for t=0.02 from "Struct-Solid-Mesh" to "Struct-Fluid-Mesh"
---[preCICE] it 6 (min: 1, max: 15), time-window 2, t 0.01 (max: 25), Dt 0.01, max-dt 0.01
surfaceFieldValue flowRateTM write:
    total faces   = 4
    total area    = 2e-06

    sum(outlet_tm) of phi = 5.5387755e-12

surfaceFieldValue pressureIOP write:
    total faces   = 4
    total area    = 2e-06

    areaAverage(outlet_tm) of p = 0

surfaceFieldValue pressureACinlet write:
    total faces   = 5
    total area    = 2.4e-06

    areaAverage(ac_inlet) of p = 0.46386055

Courant Number mean: 0.088471763 max: 0.98800786
Time = 0.02

PIMPLE: iteration 1
GAMG:  Solving for cellDisplacementx, Initial residual = 0.96876066, Final residual = 4.371695e-09, No Iterations 17
DICPCG:  Solving for pcorr, Initial residual = 1, Final residual = 8.9886346e-08, No Iterations 89
time step continuity errors : sum local = 4.8249627e-09, global = 5.7222469e-11, cumulative = 5.1258724e-11
- selected 4 cell(s) with volume 1.0000001e-09
smoothSolver:  Solving for Ux, Initial residual = 0.020560158, Final residual = nan, No Iterations 1000
DICPCG:  Solving for p, Initial residual = nan, Final residual = nan, No Iterations 1000
time step continuity errors : sum local = nan, global = -nan, cumulative = -nan
ExecutionTime = 1.73 s  ClockTime = 17 s

---[preCICE] Mapping "Force" for t=0.02 from "Fluid-Mesh" to "Solid-Mesh"
---[preCICE] Mapping "Force" for t=0.02 from "Struct-Fluid-Mesh" to "Struct-Solid-Mesh"
---[preCICE] it 6 (min: 1, max: 15), time-window 2, t 0.01 (max: 25), Dt 0.01, max-dt 0.01
Time = 0.02

Evolving solid solver
Solving the momentum equation for D
    Corr, res, relRes, matRes, iters
    50, nan, -nan, 0, 1000
    100, nan, -nan, 0, 1000
    150, nan, -nan, 0, 1000
--> FOAM Warning : Max iterations reached within momentum loop
ExecutionTime = 472.55 s  ClockTime = 476 s

---[preCICE] absolute convergence measure: two-norm diff of data "Displacement" = -nan, limit = 1.00e-05, conv = false
---[preCICE] absolute convergence measure: two-norm diff of data "Force" = -nan, limit = 1.00e-03, conv = false
---[preCICE] absolute convergence measure: two-norm diff of data "Displacement" = -nan, limit = 1.00e-05, conv = false
---[preCICE] absolute convergence measure: two-norm diff of data "Force" = -nan, limit = 1.00e-03, conv = false
---[preCICE] A sub-vector in the residual-sum preconditioner became numerically zero ( sub-vector = 0). If this occurred in the second iteration and the initial-relaxation factor is equal to 1.0, check if the coupling data values of one solver is zero in the first iteration. The preconditioner scaling factors were not updated for this iteration and the scaling factors determined in the previous iteration were used.
---[preCICE] Mapping "Displacement" for t=0.02 from "Solid-Mesh" to "Fluid-Mesh"
---[preCICE] Mapping "Displacement" for t=0.02 from "Struct-Solid-Mesh" to "Struct-Fluid-Mesh"
---[preCICE] it 7 (min: 1, max: 15), time-window 2, t 0.01 (max: 25), Dt 0.01, max-dt 0.01
surfaceFieldValue flowRateTM write:
    total faces   = 4
    total area    = 2e-06

    sum(outlet_tm) of phi = 5.5387755e-12

surfaceFieldValue pressureIOP write:
    total faces   = 4
    total area    = 2e-06

    areaAverage(outlet_tm) of p = 0

surfaceFieldValue pressureACinlet write:
    total faces   = 5
    total area    = 2.4e-06

    areaAverage(ac_inlet) of p = 0.46386055

Courant Number mean: 0.088471763 max: 0.98800786
Time = 0.02

PIMPLE: iteration 1
GAMG:  Solving for cellDisplacementx, Initial residual = nan, Final residual = nan, No Iterations 1000
DICPCG:  Solving for pcorr, Initial residual = nan, Final residual = nan, No Iterations 500
time step continuity errors : sum local = 0, global = 0, cumulative = -nan
- selected 4 cell(s) with volume -nan
smoothSolver:  Solving for Ux, Initial residual = nan, Final residual = nan, No Iterations 1000
smoothSolver:  Solving for Uy, Initial residual = nan, Final residual = nan, No Iterations 1000
smoothSolver:  Solving for Uz, Initial residual = nan, Final residual = nan, No Iterations 1000


--> FOAM FATAL IO ERROR: (openfoam-2512)
Wrong token type - expected scalar value, found on line 3: word 'nan'

file: system/data/solver/U at line 3.

    From Foam::Istream& Foam::operator>>(Istream&, doubleScalar&)
    in file lnInclude/scalarImpl.txx at line 174.

FOAM exiting

---[preCICE] Receiving data from another participant (using sockets) failed with a system error: read: End of file [asio.misc:2]. This often means that the other participant exited with an error (look there).
terminate called after throwing an instance of 'precice::Error'
  what():  Receiving data from another participant (using sockets) failed with a system error: read: End of file [asio.misc:2]. This often means that the other participant exited with an error (look there).
[0f8c0d948f92:00248] *** Process received signal ***
[0f8c0d948f92:00248] Signal: Aborted (6)
[0f8c0d948f92:00248] Signal code:  (-6)
[0f8c0d948f92:00248] [ 0] /lib/x86_64-linux-gnu/libc.so.6(+0x45330)[0x7ffffd9bc330]
[0f8c0d948f92:00248] [ 1] /lib/x86_64-linux-gnu/libc.so.6(pthread_kill+0x11c)[0x7ffffda15b2c]
[0f8c0d948f92:00248] [ 2] /lib/x86_64-linux-gnu/libc.so.6(gsignal+0x1e)[0x7ffffd9bc27e]
[0f8c0d948f92:00248] [ 3] /lib/x86_64-linux-gnu/libc.so.6(abort+0xdf)[0x7ffffd99f8ff]
[0f8c0d948f92:00248] [ 4] /lib/x86_64-linux-gnu/libstdc++.so.6(+0xa5ff5)[0x7ffffdd47ff5]
[0f8c0d948f92:00248] [ 5] /lib/x86_64-linux-gnu/libstdc++.so.6(+0xbb0da)[0x7ffffdd5d0da]
[0f8c0d948f92:00248] [ 6] /lib/x86_64-linux-gnu/libstdc++.so.6(_ZSt10unexpectedv+0x0)[0x7ffffdd47a55]
[0f8c0d948f92:00248] [ 7] /lib/x86_64-linux-gnu/libstdc++.so.6(+0xbb391)[0x7ffffdd5d391]
[0f8c0d948f92:00248] [ 8] /opt/precice/lib/libprecice.so.3(+0x7c1ae)[0x7ffff7c2e1ae]
[0f8c0d948f92:00248] [ 9] /opt/precice/lib/libprecice.so.3(+0x654a8)[0x7ffff7c174a8]
[0f8c0d948f92:00248] [10] /opt/precice/lib/libprecice.so.3(+0x1ddbe0)[0x7ffff7d8fbe0]
[0f8c0d948f92:00248] [11] /opt/precice/lib/libprecice.so.3(+0x200de5)[0x7ffff7db2de5]
[0f8c0d948f92:00248] [12] /opt/precice/lib/libprecice.so.3(+0x214f56)[0x7ffff7dc6f56]
[0f8c0d948f92:00248] [13] /opt/precice/lib/libprecice.so.3(+0x216798)[0x7ffff7dc8798]
[0f8c0d948f92:00248] [14] /opt/precice/lib/libprecice.so.3(+0x217594)[0x7ffff7dc9594]
[0f8c0d948f92:00248] [15] /opt/precice/lib/libprecice.so.3(+0x24dcb7)[0x7ffff7dffcb7]
[0f8c0d948f92:00248] [16] /opt/precice/lib/libprecice.so.3(+0x255c39)[0x7ffff7e07c39]
[0f8c0d948f92:00248] [17] /opt/of-user/lib/libpreciceAdapterFunctionObject.so(_ZN14preciceAdapter7Adapter7executeEv+0xa1)[0x7ffff80afaf1]
[0f8c0d948f92:00248] [18] /opt/of-user/lib/libpreciceAdapterFunctionObject.so(_ZN4Foam15functionObjects28preciceAdapterFunctionObject7executeEv+0x11)[0x7ffff80d9ea1]
[0f8c0d948f92:00248] [19] /usr/lib/openfoam/openfoam2512/platforms/linux64GccDPInt32Opt/lib/libOpenFOAM.so(_ZN4Foam18functionObjectList7executeEb+0xf8)[0x7ffffe37da38]
[0f8c0d948f92:00248] [20] /usr/lib/openfoam/openfoam2512/platforms/linux64GccDPInt32Opt/lib/libOpenFOAM.so(_ZNK4Foam4Time3runEv+0x19d)[0x7ffffe39766d]
[0f8c0d948f92:00248] [21] solids4Foam(+0x27ab)[0x5555555567ab]
[0f8c0d948f92:00248] [22] /lib/x86_64-linux-gnu/libc.so.6(+0x2a1ca)[0x7ffffd9a11ca]
[0f8c0d948f92:00248] [23] /lib/x86_64-linux-gnu/libc.so.6(__libc_start_main+0x8b)[0x7ffffd9a128b]
[0f8c0d948f92:00248] [24] solids4Foam(+0x2ba5)[0x555555556ba5]
[0f8c0d948f92:00248] *** End of error message ***

=== eye-fsi-tc0: post-run checks ===

  Q_outlet_tm (last step) = write:

=== eye-fsi-tc0: done ===
    ParaView files:
      fluid/eye-fsi-tc0-fluid.foam  — fluid flow field
      solid/eye-fsi-tc0-solid.foam  — all solids (lens FSI + iris + sclera + cornea)
