 Container myopenfoam-fsi-run-1f548bb971aa Creating 
 Container myopenfoam-fsi-run-1f548bb971aa Created 
=== eye-fsi-tc0: meshing ===
/*---------------------------------------------------------------------------*\
| =========                 |                                                 |
| \\      /  F ield         | OpenFOAM: The Open Source CFD Toolbox           |
|  \\    /   O peration     | Version:  2512                                  |
|   \\  /    A nd           | Website:  www.openfoam.com                      |
|    \\/     M anipulation  |                                                 |
\*---------------------------------------------------------------------------*/
Build  : _bd2b6720-20260127 OPENFOAM=2512 version=2512
Arch   : "LSB;label=32;scalar=64"
Exec   : blockMesh
Date   : May 05 2026
Time   : 13:57:26
Host   : e7c14eae5137
PID    : 222
I/O    : uncollated
Case   : /simulation/eye-fsi-tc0/fluid
nProcs : 1
trapFpe: Floating point exception trapping enabled (FOAM_SIGFPE).
memory pool : not available
fileModificationChecking : Monitoring run-time modified files using timeStampMaster (fileModificationSkew 5, maxFileModificationPolls 20)
allowSystemOperations : Allowing user-supplied system call operations

// * * * * * * * * * * * * * * * * * * * * * * * * * * * * * * * * * * * * * //
Create time

Creating block mesh from "system/blockMeshDict"
Creating block edges
No non-planar block faces defined
Creating topology blocks

Creating topology patches - from boundary section

Creating block mesh topology
--> FOAM Warning : 
    From Foam::polyMesh::polyMesh(const Foam::IOobject&, Foam::pointField&&, const Foam::cellShapeList&, const Foam::faceListList&, const Foam::wordList&, const Foam::PtrList<Foam::dictionary>&, const Foam::word&, const Foam::word&, bool)
    in file meshes/polyMesh/polyMeshFromShapeMesh.C at line 905
    Found 2 undefined faces in mesh; adding to default patch defaultFaces

Check topology

	Basic statistics
		Number of internal faces : 69
		Number of boundary faces : 138
		Number of defined boundary faces : 138
		Number of undefined boundary faces : 0
	Checking patch -> block consistency

Creating block offsets
Creating merge list (topological search)...

Creating polyMesh from blockMesh
Creating patches
Creating cells
Creating points with scale (1 1 1)
    Block 0 cell size :
        i : 0.0005 .. 0.0005
        j : 0.0004 .. 0.0004
        k : 0.001 .. 0.001

    Block 1 cell size :
        i : 0.0005 .. 0.0005
        j : 0.0004 .. 0.0004
        k : 0.001 .. 0.001

    Block 2 cell size :
        i : 0.0005 .. 0.0005
        j : 0.0004 .. 0.0004
        k : 0.001 .. 0.001

    Block 3 cell size :
        i : 0.0005 .. 0.0005
        j : 0.0004 .. 0.0004
        k : 0.001 .. 0.001

    Block 4 cell size :
        i : 0.0005 .. 0.0005
        j : 0.0005 .. 0.0005
        k : 0.001 .. 0.001

    Block 5 cell size :
        i : 0.0005 .. 0.0005
        j : 0.0005 .. 0.0005
        k : 0.001 .. 0.001

    Block 6 cell size :
        i : 0.0005 .. 0.0005
        j : 0.0005 .. 0.0005
        k : 0.001 .. 0.001

    Block 7 cell size :
        i : 0.0005 .. 0.0005
        j : 0.0005 .. 0.0005
        k : 0.001 .. 0.001

    Block 8 cell size :
        i : 0.0005 .. 0.0005
        j : 0.0005 .. 0.0005
        k : 0.001 .. 0.001

    Block 9 cell size :
        i : 0.0005 .. 0.0005
        j : 0.0003 .. 0.0003
        k : 0.001 .. 0.001

    Block 10 cell size :
        i : 0.0005 .. 0.0005
        j : 0.0003 .. 0.0003
        k : 0.001 .. 0.001

    Block 11 cell size :
        i : 0.0005 .. 0.0005
        j : 0.0003 .. 0.0003
        k : 0.001 .. 0.001

    Block 12 cell size :
        i : 0.0005 .. 0.0005
        j : 0.0003 .. 0.0003
        k : 0.001 .. 0.001

    Block 13 cell size :
        i : 0.0005 .. 0.0005
        j : 0.00016 .. 0.00016
        k : 0.001 .. 0.001

    Block 14 cell size :
        i : 0.0005 .. 0.0005
        j : 0.00016 .. 0.00016
        k : 0.001 .. 0.001

    Block 15 cell size :
        i : 0.0005 .. 0.0005
        j : 0.00016 .. 0.00016
        k : 0.001 .. 0.001

    Block 16 cell size :
        i : 0.0005 .. 0.0005
        j : 0.00016 .. 0.00016
        k : 0.001 .. 0.001

    Block 17 cell size :
        i : 0.0005 .. 0.0005
        j : 0.00041 .. 0.00041
        k : 0.001 .. 0.001

    Block 18 cell size :
        i : 0.0005 .. 0.0005
        j : 0.00041 .. 0.00041
        k : 0.001 .. 0.001

    Block 19 cell size :
        i : 0.0005 .. 0.0005
        j : 0.00041 .. 0.00041
        k : 0.001 .. 0.001

    Block 20 cell size :
        i : 0.0005 .. 0.0005
        j : 0.00041 .. 0.00041
        k : 0.001 .. 0.001

    Block 21 cell size :
        i : 0.0005 .. 0.0005
        j : 0.00048 .. 0.00048
        k : 0.001 .. 0.001

    Block 22 cell size :
        i : 0.0005 .. 0.0005
        j : 0.00048 .. 0.00048
        k : 0.001 .. 0.001

    Block 23 cell size :
        i : 0.0005 .. 0.0005
        j : 0.00048 .. 0.00048
        k : 0.001 .. 0.001

    Block 24 cell size :
        i : 0.0005 .. 0.0005
        j : 0.00048 .. 0.00048
        k : 0.001 .. 0.001

    Block 25 cell size :
        i : 0.0005 .. 0.0005
        j : 0.00048 .. 0.00048
        k : 0.001 .. 0.001

    Block 26 cell size :
        i : 0.0005 .. 0.0005
        j : 0.00048 .. 0.00048
        k : 0.001 .. 0.001

    Block 27 cell size :
        i : 0.0005 .. 0.0005
        j : 0.00048 .. 0.00048
        k : 0.001 .. 0.001

    Block 28 cell size :
        i : 0.0005 .. 0.0005
        j : 0.00048 .. 0.00048
        k : 0.001 .. 0.001

    Block 29 cell size :
        i : 0.0005 .. 0.0005
        j : 0.00048 .. 0.00048
        k : 0.001 .. 0.001

    Block 30 cell size :
        i : 0.0005 .. 0.0005
        j : 0.00051428571 .. 0.00051428571
        k : 0.001 .. 0.001

    Block 31 cell size :
        i : 0.0005 .. 0.0005
        j : 0.00051428571 .. 0.00051428571
        k : 0.001 .. 0.001

    Block 32 cell size :
        i : 0.0005 .. 0.0005
        j : 0.00051428571 .. 0.00051428571
        k : 0.001 .. 0.001

    Block 33 cell size :
        i : 0.0005 .. 0.0005
        j : 0.00051428571 .. 0.00051428571
        k : 0.001 .. 0.001

    Block 34 cell size :
        i : 0.0005 .. 0.0005
        j : 0.00049 .. 0.00049
        k : 0.001 .. 0.001

    Block 35 cell size :
        i : 0.0005 .. 0.0005
        j : 0.00049 .. 0.00049
        k : 0.001 .. 0.001

    Block 36 cell size :
        i : 0.0005 .. 0.0005
        j : 0.00049 .. 0.00049
        k : 0.001 .. 0.001

    Block 37 cell size :
        i : 0.0005 .. 0.0005
        j : 0.00049 .. 0.00049
        k : 0.001 .. 0.001

    Block 38 cell size :
        i : 0.0005 .. 0.0005
        j : 0.00016 .. 0.00016
        k : 0.001 .. 0.001

    Block 39 cell size :
        i : 0.0005 .. 0.0005
        j : 0.00016 .. 0.00016
        k : 0.001 .. 0.001

    Block 40 cell size :
        i : 0.0005 .. 0.0005
        j : 0.00016 .. 0.00016
        k : 0.001 .. 0.001

    Block 41 cell size :
        i : 0.0005 .. 0.0005
        j : 0.00016 .. 0.00016
        k : 0.001 .. 0.001

    Block 42 cell size :
        i : 0.0005 .. 0.0005
        j : 0.00048 .. 0.00048
        k : 0.001 .. 0.001

    Block 43 cell size :
        i : 0.0005 .. 0.0005
        j : 0.00048 .. 0.00048
        k : 0.001 .. 0.001

    Block 44 cell size :
        i : 0.0005 .. 0.0005
        j : 0.00048 .. 0.00048
        k : 0.001 .. 0.001

    Block 45 cell size :
        i : 0.0005 .. 0.0005
        j : 0.00048 .. 0.00048
        k : 0.001 .. 0.001

Adding cell zones
    0	tm_zone
    1	vitreous_zone
No patch pairs to merge

Writing polyMesh with 2 cellZones
----------------
Mesh Information
----------------
  boundingBox: (0 0 0) (0.0205 0.024 0.001)
  nPoints: 3576
  nCells: 1634
  nFaces: 6689
  nInternalFaces: 3115
----------------
Cell Zones
----------------
  zone 0 (size: 4) name: tm_zone
  zone 1 (size: 800) name: vitreous_zone
----------------
Patches
----------------
  patch 0 (start: 3115 size: 1) name: needle_inlet
  patch 1 (start: 3116 size: 1) name: needle_outlet
  patch 2 (start: 3117 size: 40) name: sclera_left
  patch 3 (start: 3157 size: 40) name: sclera_top
  patch 4 (start: 3197 size: 40) name: cornea_fsi
  patch 5 (start: 3237 size: 8) name: sclera_right
  patch 6 (start: 3245 size: 30) name: sclera_right_upper
  patch 7 (start: 3275 size: 70) name: lens_interface
  patch 8 (start: 3345 size: 65) name: iris_wall
  patch 9 (start: 3410 size: 5) name: ac_inlet
  patch 10 (start: 3415 size: 4) name: outlet_tm
  patch 11 (start: 3419 size: 1634) name: front
  patch 12 (start: 5053 size: 1634) name: back
  patch 13 (start: 6687 size: 2) name: defaultFaces

End

  Fluid mesh OK
/*---------------------------------------------------------------------------*\
| =========                 |                                                 |
| \\      /  F ield         | OpenFOAM: The Open Source CFD Toolbox           |
|  \\    /   O peration     | Version:  2512                                  |
|   \\  /    A nd           | Website:  www.openfoam.com                      |
|    \\/     M anipulation  |                                                 |
\*---------------------------------------------------------------------------*/
Build  : _bd2b6720-20260127 OPENFOAM=2512 version=2512
Arch   : "LSB;label=32;scalar=64"
Exec   : blockMesh
Date   : May 05 2026
Time   : 13:57:26
Host   : e7c14eae5137
PID    : 225
I/O    : uncollated
Case   : /simulation/eye-fsi-tc0/solid
nProcs : 1
trapFpe: Floating point exception trapping enabled (FOAM_SIGFPE).
memory pool : not available
fileModificationChecking : Monitoring run-time modified files using timeStampMaster (fileModificationSkew 5, maxFileModificationPolls 20)
allowSystemOperations : Allowing user-supplied system call operations

// * * * * * * * * * * * * * * * * * * * * * * * * * * * * * * * * * * * * * //
Create time

Creating block mesh from "system/blockMeshDict"
Creating block edges
No non-planar block faces defined
Creating topology blocks

Creating topology patches - from boundary section

Creating block mesh topology

Check topology

	Basic statistics
		Number of internal faces : 4
		Number of boundary faces : 46
		Number of defined boundary faces : 46
		Number of undefined boundary faces : 0
	Checking patch -> block consistency

Creating block offsets
Creating merge list (topological search)...

Creating polyMesh from blockMesh
Creating patches
Creating cells
Creating points with scale (1 1 1)
    Block 0 cell size :
        i : 0.001 .. 0.001
        j : 0.00048 .. 0.00048
        k : 0.001 .. 0.001

    Block 1 cell size :
        i : 0.001 .. 0.001
        j : 0.0008 .. 0.0008
        k : 0.001 .. 0.001

    Block 2 cell size :
        i : 0.0005 .. 0.0005
        j : 0.0004 .. 0.0004
        k : 0.001 .. 0.001

    Block 3 cell size :
        i : 0.0005 .. 0.0005
        j : 0.0004 .. 0.0004
        k : 0.001 .. 0.001

    Block 4 cell size :
        i : 0.0005 .. 0.0005
        j : 0.0005 .. 0.0005
        k : 0.001 .. 0.001

    Block 5 cell size :
        i : 0.0005 .. 0.0005
        j : 0.0009826087 .. 0.0009826087
        k : 0.001 .. 0.001

    Block 6 cell size :
        i : 0.0005 .. 0.0005
        j : 0.0009826087 .. 0.0009826087
        k : 0.001 .. 0.001

    Block 7 cell size :
        i : 0.001 .. 0.001
        j : 0.001 .. 0.001
        k : 0.001 .. 0.001

    Block 8 cell size :
        i : 0.001 .. 0.001
        j : 0.001 .. 0.001
        k : 0.001 .. 0.001

Adding cell zones
    0	lens
    1	iris
    2	sclera
    3	cornea
No patch pairs to merge

Writing polyMesh with 4 cellZones
----------------
Mesh Information
----------------
  boundingBox: (0 -0.001 0) (0.021 0.025 0.001)
  nPoints: 820
  nCells: 288
  nFaces: 1269
  nInternalFaces: 459
----------------
Cell Zones
----------------
  zone 0 (size: 150) name: lens
  zone 1 (size: 45) name: iris
  zone 2 (size: 72) name: sclera
  zone 3 (size: 21) name: cornea
----------------
Patches
----------------
  patch 0 (start: 459 size: 40) name: lens_interface
  patch 1 (start: 499 size: 10) name: lens_rim
  patch 2 (start: 509 size: 33) name: iris_fsi
  patch 3 (start: 542 size: 3) name: iris_base
  patch 4 (start: 545 size: 44) name: sclera_inner
  patch 5 (start: 589 size: 54) name: sclera_outer
  patch 6 (start: 643 size: 6) name: sclera_tm_gap
  patch 7 (start: 649 size: 21) name: cornea_inner
  patch 8 (start: 670 size: 23) name: cornea_outer
  patch 9 (start: 693 size: 288) name: front
  patch 10 (start: 981 size: 288) name: back

End

  Solid mesh OK (lens + iris + sclera + cornea)

=== eye-fsi-tc0: running coupled FSI ===
  preCICE serial-implicit IQN-ILS, t∈[0,25]s, dt=0.01s

/*---------------------------------------------------------------------------*\
| =========                 |                                                 |
| \\      /  F ield         | OpenFOAM: The Open Source CFD Toolbox           |
|  \\    /   O peration     | Version:  2512                                  |
|   \\  /    A nd           | Website:  www.openfoam.com                      |
|    \\/     M anipulation  |                                                 |
\*---------------------------------------------------------------------------*/
Build  : _bd2b6720-20260127 OPENFOAM=2512 version=2512
Arch   : "LSB;label=32;scalar=64"
Exec   : solids4Foam
Date   : May 05 2026
Time   : 13:57:27
Host   : e7c14eae5137
PID    : 228
I/O    : uncollated
Case   : /simulation/eye-fsi-tc0/solid
nProcs : 1
trapFpe: Floating point exception trapping enabled (FOAM_SIGFPE).
memory pool : not available
fileModificationChecking : Monitoring run-time modified files using timeStampMaster (fileModificationSkew 5, maxFileModificationPolls 20)
allowSystemOperations : Allowing user-supplied system call operations

// * * * * * * * * * * * * * * * * * * * * * * * * * * * * * * * * * * * * * //
Create time

/*---------------------------------------------------------------------------*\
|    For further information on the solids4Foam toolbox implementations,      |
|    please see www.solids4foam.com and the following publication:            |
|                                                                             |
|    P. Cardiff, I. Batistić Ž. Tuković: solids4foam: A toolbox for           |
|    performing solid mechanics and fluid-solid interaction simulations in    |
|    OpenFOAM. Journal of Open Source Software. 2025, 10(108), 7407,          |
|    10.21105/joss.07407.                                                     |
\*---------------------------------------------------------------------------*/

Selecting physicsModel solidModel
Selecting solidModel unsLinearGeometry
Creating solidTraction boundary condition
Creating solidTraction boundary condition
Creating solidTraction boundary condition
Creating solidTraction boundary condition
Creating solidTraction boundary condition
    under-relaxation method: fixed
No finite volume options present
Creating the mechanicalModel
Number of cells in new mesh : 150
Number of faces in new mesh : 625
Number of points in new mesh: 352
Number of cells in new mesh : 45
Number of faces in new mesh : 198
Number of points in new mesh: 128
Number of cells in new mesh : 72
Number of faces in new mesh : 340
Number of points in new mesh: 252
Number of cells in new mesh : 21
Number of faces in new mesh : 106
Number of points in new mesh: 88
Selecting mechanical law linearElastic
Selecting mechanical law linearElastic
Selecting mechanical law linearElastic
Selecting mechanical law linearElastic
/*---------------------------------------------------------------------------*\
| =========                 |                                                 |
| \\      /  F ield         | OpenFOAM: The Open Source CFD Toolbox           |
|  \\    /   O peration     | Version:  2512                                  |
|   \\  /    A nd           | Website:  www.openfoam.com                      |
|    \\/     M anipulation  |                                                 |
\*---------------------------------------------------------------------------*/
Build  : _bd2b6720-20260127 OPENFOAM=2512 version=2512
Arch   : "LSB;label=32;scalar=64"
Exec   : pimpleFoam
Date   : May 05 2026
Time   : 13:57:29
Host   : e7c14eae5137
PID    : 232
I/O    : uncollated
Case   : /simulation/eye-fsi-tc0/fluid
nProcs : 1
trapFpe: Floating point exception trapping enabled (FOAM_SIGFPE).
memory pool : not available
fileModificationChecking : Monitoring run-time modified files using timeStampMaster (fileModificationSkew 5, maxFileModificationPolls 20)
allowSystemOperations : Allowing user-supplied system call operations

// * * * * * * * * * * * * * * * * * * * * * * * * * * * * * * * * * * * * * //
Create time

Create mesh for time = 0

Selecting dynamicFvMesh dynamicMotionSolverFvMesh
Selecting motion solver: displacementLaplacian
Applying motion to entire mesh
Selecting motion diffusion: uniform

PIMPLE: Operating solver in PISO mode

Reading field p

Reading field U

Reading/calculating face flux field phi

Selecting incompressible transport model Newtonian
---[preciceAdapter] Loaded the OpenFOAM-preCICE adapter - v1.3.1.
---[preciceAdapter] Reading preciceDict...
--> FOAM Warning : 
    From void adapterInfo(std::string, std::string)
    in file Utilities.C at line 50
    [31mError (deferred - will exit later) in the preCICE adapter: [0m
Entry 'writeData' not found in dictionary "/simulation/eye-fsi-tc0/solid/system/preciceDict/interfaces/Interface2"


Time = 0.01

Evolving solid solver
Solving the momentum equation for D
Selecting turbulence model type laminar
Selecting laminar stress model Stokes
No MRF models present

Creating finite-volume options from "system/fvOptions"

Selecting finite volume options type explicitPorositySource
    Source: tm_porous
    State: active
    - selecting cells using cellZones (tm_zone)
    - selected 4 cell(s) with volume 1e-09
Porosity region tm_porous:
    selecting model: DarcyForchheimer
--> FOAM IOWarning :
    Found [v1806] 'coordinateRotation' entry instead of 'rotation' in dictionary "system/fvOptions/tm_porous/explicitPorositySourceCoeffs/DarcyForchheimerCoeffs/coordinateSystem"

    This keyword is 90 months old.

Using [v1806] 'axesRotation' instead of 'axes' in selection table: coordinateRotation

    This lookup is 90 months old.

    creating porous zone: tm_zone
    origin: (0 0 0) e1: (1 0 0) e2: (0 1 0)
    local bounds: (0.0005 0.002 0.001)

Constructing face velocity Uf

setCellDisplacements: reading cellDisplacements
Courant Number mean: 0 max: 0
Courant Number mean: 0 max: 0

Starting time loop

    Corr, res, relRes, matRes, iters
    50, 0.0095883851, 0.11859869, 0, 4
    100, 0.0010650311, 0.0061969185, 0, 4
    150, 0.00035436521, 0.00019754547, 0, 3
    The relative residual has converged
    173, 0.00025226289, 9.5113601e-06, 0, 2

ExecutionTime = 2.46 s  ClockTime = 4 s



--> FOAM FATAL ERROR: (openfoam-2512)
[31mError in the preCICE adapter: [0m
There was a problem while configuring the adapter. See the log for details.


    From void adapterInfo(std::string, std::string)
    in file Utilities.C at line 32.

FOAM exiting

---[preciceAdapter] Loaded the OpenFOAM-preCICE adapter - v1.3.1.
---[preciceAdapter] Reading preciceDict...
--> FOAM Warning : 
    From void adapterInfo(std::string, std::string)
    in file Utilities.C at line 50
    [31mError (deferred - will exit later) in the preCICE adapter: [0m
Entry 'readData' not found in dictionary "/simulation/eye-fsi-tc0/fluid/system/preciceDict/interfaces/Interface2"


surfaceFieldValue flowRateTM:
    operation     = sum


surfaceFieldValue pressureIOP:
    operation     = areaAverage


surfaceFieldValue pressureACinlet:
    operation     = areaAverage


Courant Number mean: 0 max: 0
Time = 0.01

PIMPLE: iteration 1
GAMG:  Solving for cellDisplacementx, Initial residual = 0, Final residual = 0, No Iterations 0
DICPCG:  Solving for pcorr, Initial residual = 1, Final residual = 6.5224089e-08, No Iterations 93
time step continuity errors : sum local = 8.7609284e-14, global = 5.657204e-16, cumulative = 5.657204e-16
smoothSolver:  Solving for Ux, Initial residual = 0.99999995, Final residual = 1.2648349e-08, No Iterations 3
DICPCG:  Solving for p, Initial residual = 1, Final residual = 7.0259264e-08, No Iterations 111
time step continuity errors : sum local = 2.1825102e-12, global = 6.6626938e-15, cumulative = 7.2284142e-15
ExecutionTime = 0.98 s  ClockTime = 2 s



--> FOAM FATAL ERROR: (openfoam-2512)
[31mError in the preCICE adapter: [0m
There was a problem while configuring the adapter. See the log for details.


    From void adapterInfo(std::string, std::string)
    in file Utilities.C at line 32.

FOAM exiting


=== eye-fsi-tc0: post-run checks ===

  Q_outlet_tm (last step) = flowRateTM:

=== eye-fsi-tc0: done ===
    ParaView files:
      fluid/eye-fsi-tc0-fluid.foam  — fluid flow field
      solid/eye-fsi-tc0-solid.foam  — all solids (lens FSI + iris + sclera + cornea)
