=== on-mestrado-2: blockMesh (8 zonas, ~17400 cells) ===
/*---------------------------------------------------------------------------*\
| =========                 |                                                 |
| \\      /  F ield         | OpenFOAM: The Open Source CFD Toolbox           |
|  \\    /   O peration     | Version:  2512                                  |
|   \\  /    A nd           | Website:  www.openfoam.com                      |
|    \\/     M anipulation  |                                                 |
\*---------------------------------------------------------------------------*/
Build  : _bd2b6720-20260127 OPENFOAM=2512 version=2512
Arch   : "LSB;label=32;scalar=64"
Exec   : blockMesh
Date   : May 26 2026
Time   : 17:24:06
Host   : a73e14524ed2
PID    : 79423
I/O    : uncollated
Case   : /simulation/on-mestrado-2-buckling-real-NL/solid
nProcs : 1
trapFpe: Floating point exception trapping enabled (FOAM_SIGFPE).
memory pool : not available
fileModificationChecking : Monitoring run-time modified files using timeStampMaster (fileModificationSkew 5, maxFileModificationPolls 20)
allowSystemOperations : Allowing user-supplied system call operations

// * * * * * * * * * * * * * * * * * * * * * * * * * * * * * * * * * * * * * //
Create time

Creating block mesh from "system/blockMeshDict"
Creating block edges
No non-planar block faces defined
Creating topology blocks

Creating topology patches - from boundary section

Creating block mesh topology - scaling/transform applied later

Check topology

	Basic statistics
		Number of internal faces : 162
		Number of boundary faces : 54
		Number of defined boundary faces : 54
		Number of undefined boundary faces : 0
	Checking patch -> block consistency

Creating block offsets
Creating merge list (topological search)...

Creating polyMesh from blockMesh
Creating patches
Creating cells
Creating points with scale (0.001 0.001 0.001)
    Block 0 cell size :
        i : 0.0001875 .. 0.0001875
        j : 0.0001875 .. 0.0001875
        k : 0.001 .. 0.001

    Block 1 cell size :
        i : 7.3223264e-05 .. 7.3223264e-05
        j : 0.0001875 .. 0.0001875
        k : 0.001 .. 0.001

    Block 2 cell size :
        i : 7.3223264e-05 .. 7.3223264e-05
        j : 0.0001875 .. 0.0001875
        k : 0.001 .. 0.001

    Block 3 cell size :
        i : 7.3223264e-05 .. 7.3223264e-05
        j : 0.0001875 .. 0.0001875
        k : 0.001 .. 0.001

    Block 4 cell size :
        i : 7.3223264e-05 .. 7.3223264e-05
        j : 0.0001875 .. 0.0001875
        k : 0.001 .. 0.001

    Block 5 cell size :
        i : 5.0000935e-05 .. 5.0000935e-05
        j : 0.0002940514 .. 0.0002940514
        k : 0.001 .. 0.001

    Block 6 cell size :
        i : 5.0000935e-05 .. 5.0000935e-05
        j : 0.0002940514 .. 0.0002940514
        k : 0.001 .. 0.001

    Block 7 cell size :
        i : 5.0000935e-05 .. 5.0000935e-05
        j : 0.0002940514 .. 0.0002940514
        k : 0.001 .. 0.001

    Block 8 cell size :
        i : 5.0000935e-05 .. 5.0000935e-05
        j : 0.0002940514 .. 0.0002940514
        k : 0.001 .. 0.001

    Block 9 cell size :
        i : 0.00014999998 .. 0.00014999998
        j : 0.00030385318 .. 0.00030385318
        k : 0.001 .. 0.001

    Block 10 cell size :
        i : 0.00014999998 .. 0.00014999998
        j : 0.00030385318 .. 0.00030385318
        k : 0.001 .. 0.001

    Block 11 cell size :
        i : 0.00014999998 .. 0.00014999998
        j : 0.00030385318 .. 0.00030385318
        k : 0.001 .. 0.001

    Block 12 cell size :
        i : 0.00014999998 .. 0.00014999998
        j : 0.00030385318 .. 0.00030385318
        k : 0.001 .. 0.001

    Block 13 cell size :
        i : 0.00011666649 .. 0.00011666649
        j : 0.0003920686 .. 0.0003920686
        k : 0.001 .. 0.001

    Block 14 cell size :
        i : 0.00011666649 .. 0.00011666649
        j : 0.0003920686 .. 0.0003920686
        k : 0.001 .. 0.001

    Block 15 cell size :
        i : 0.00011666649 .. 0.00011666649
        j : 0.0003920686 .. 0.0003920686
        k : 0.001 .. 0.001

    Block 16 cell size :
        i : 0.00011666649 .. 0.00011666649
        j : 0.0003920686 .. 0.0003920686
        k : 0.001 .. 0.001

    Block 17 cell size :
        i : 7.4999988e-05 .. 7.4999988e-05
        j : 0.00046068057 .. 0.00046068057
        k : 0.001 .. 0.001

    Block 18 cell size :
        i : 7.4999988e-05 .. 7.4999988e-05
        j : 0.00046068057 .. 0.00046068057
        k : 0.001 .. 0.001

    Block 19 cell size :
        i : 7.4999988e-05 .. 7.4999988e-05
        j : 0.00046068057 .. 0.00046068057
        k : 0.001 .. 0.001

    Block 20 cell size :
        i : 7.4999988e-05 .. 7.4999988e-05
        j : 0.00046068057 .. 0.00046068057
        k : 0.001 .. 0.001

    Block 21 cell size :
        i : 0.0001875 .. 0.0001875
        j : 0.0001875 .. 0.0001875
        k : 0.0003 .. 0.0003

    Block 22 cell size :
        i : 7.3223264e-05 .. 7.3223264e-05
        j : 0.0001875 .. 0.0001875
        k : 0.0003 .. 0.0003

    Block 23 cell size :
        i : 7.3223264e-05 .. 7.3223264e-05
        j : 0.0001875 .. 0.0001875
        k : 0.0003 .. 0.0003

    Block 24 cell size :
        i : 7.3223264e-05 .. 7.3223264e-05
        j : 0.0001875 .. 0.0001875
        k : 0.0003 .. 0.0003

    Block 25 cell size :
        i : 7.3223264e-05 .. 7.3223264e-05
        j : 0.0001875 .. 0.0001875
        k : 0.0003 .. 0.0003

    Block 26 cell size :
        i : 5.0000935e-05 .. 5.0000935e-05
        j : 0.0002940514 .. 0.0002940514
        k : 0.0003 .. 0.0003

    Block 27 cell size :
        i : 5.0000935e-05 .. 5.0000935e-05
        j : 0.0002940514 .. 0.0002940514
        k : 0.0003 .. 0.0003

    Block 28 cell size :
        i : 5.0000935e-05 .. 5.0000935e-05
        j : 0.0002940514 .. 0.0002940514
        k : 0.0003 .. 0.0003

    Block 29 cell size :
        i : 5.0000935e-05 .. 5.0000935e-05
        j : 0.0002940514 .. 0.0002940514
        k : 0.0003 .. 0.0003

    Block 30 cell size :
        i : 0.00014999998 .. 0.00014999998
        j : 0.00030385318 .. 0.00030385318
        k : 0.0003 .. 0.0003

    Block 31 cell size :
        i : 0.00014999998 .. 0.00014999998
        j : 0.00030385318 .. 0.00030385318
        k : 0.0003 .. 0.0003

    Block 32 cell size :
        i : 0.00014999998 .. 0.00014999998
        j : 0.00030385318 .. 0.00030385318
        k : 0.0003 .. 0.0003

    Block 33 cell size :
        i : 0.00014999998 .. 0.00014999998
        j : 0.00030385318 .. 0.00030385318
        k : 0.0003 .. 0.0003

    Block 34 cell size :
        i : 0.00011666649 .. 0.00011666649
        j : 0.0003920686 .. 0.0003920686
        k : 0.0003 .. 0.0003

    Block 35 cell size :
        i : 0.00011666649 .. 0.00011666649
        j : 0.0003920686 .. 0.0003920686
        k : 0.0003 .. 0.0003

    Block 36 cell size :
        i : 0.00011666649 .. 0.00011666649
        j : 0.0003920686 .. 0.0003920686
        k : 0.0003 .. 0.0003

    Block 37 cell size :
        i : 0.00011666649 .. 0.00011666649
        j : 0.0003920686 .. 0.0003920686
        k : 0.0003 .. 0.0003

    Block 38 cell size :
        i : 7.4999988e-05 .. 7.4999988e-05
        j : 0.00046068057 .. 0.00046068057
        k : 0.0003 .. 0.0003

    Block 39 cell size :
        i : 7.4999988e-05 .. 7.4999988e-05
        j : 0.00046068057 .. 0.00046068057
        k : 0.0003 .. 0.0003

    Block 40 cell size :
        i : 7.4999988e-05 .. 7.4999988e-05
        j : 0.00046068057 .. 0.00046068057
        k : 0.0003 .. 0.0003

    Block 41 cell size :
        i : 7.4999988e-05 .. 7.4999988e-05
        j : 0.00046068057 .. 0.00046068057
        k : 0.0003 .. 0.0003

    Block 42 cell size :
        i : 0.0001875 .. 0.0001875
        j : 0.0001875 .. 0.0001875
        k : 0.0005 .. 0.0005

    Block 43 cell size :
        i : 7.3223264e-05 .. 7.3223264e-05
        j : 0.0001875 .. 0.0001875
        k : 0.0005 .. 0.0005

    Block 44 cell size :
        i : 7.3223264e-05 .. 7.3223264e-05
        j : 0.0001875 .. 0.0001875
        k : 0.0005 .. 0.0005

    Block 45 cell size :
        i : 7.3223264e-05 .. 7.3223264e-05
        j : 0.0001875 .. 0.0001875
        k : 0.0005 .. 0.0005

    Block 46 cell size :
        i : 7.3223264e-05 .. 7.3223264e-05
        j : 0.0001875 .. 0.0001875
        k : 0.0005 .. 0.0005

    Block 47 cell size :
        i : 5.0000935e-05 .. 5.0000935e-05
        j : 0.0002940514 .. 0.0002940514
        k : 0.0005 .. 0.0005

    Block 48 cell size :
        i : 5.0000935e-05 .. 5.0000935e-05
        j : 0.0002940514 .. 0.0002940514
        k : 0.0005 .. 0.0005

    Block 49 cell size :
        i : 5.0000935e-05 .. 5.0000935e-05
        j : 0.0002940514 .. 0.0002940514
        k : 0.0005 .. 0.0005

    Block 50 cell size :
        i : 5.0000935e-05 .. 5.0000935e-05
        j : 0.0002940514 .. 0.0002940514
        k : 0.0005 .. 0.0005

    Block 51 cell size :
        i : 0.00014999998 .. 0.00014999998
        j : 0.00030385318 .. 0.00030385318
        k : 0.0005 .. 0.0005

    Block 52 cell size :
        i : 0.00014999998 .. 0.00014999998
        j : 0.00030385318 .. 0.00030385318
        k : 0.0005 .. 0.0005

    Block 53 cell size :
        i : 0.00014999998 .. 0.00014999998
        j : 0.00030385318 .. 0.00030385318
        k : 0.0005 .. 0.0005

    Block 54 cell size :
        i : 0.00014999998 .. 0.00014999998
        j : 0.00030385318 .. 0.00030385318
        k : 0.0005 .. 0.0005

    Block 55 cell size :
        i : 0.00011666649 .. 0.00011666649
        j : 0.0003920686 .. 0.0003920686
        k : 0.0005 .. 0.0005

    Block 56 cell size :
        i : 0.00011666649 .. 0.00011666649
        j : 0.0003920686 .. 0.0003920686
        k : 0.0005 .. 0.0005

    Block 57 cell size :
        i : 0.00011666649 .. 0.00011666649
        j : 0.0003920686 .. 0.0003920686
        k : 0.0005 .. 0.0005

    Block 58 cell size :
        i : 0.00011666649 .. 0.00011666649
        j : 0.0003920686 .. 0.0003920686
        k : 0.0005 .. 0.0005

    Block 59 cell size :
        i : 7.4999988e-05 .. 7.4999988e-05
        j : 0.00046068057 .. 0.00046068057
        k : 0.0005 .. 0.0005

    Block 60 cell size :
        i : 7.4999988e-05 .. 7.4999988e-05
        j : 0.00046068057 .. 0.00046068057
        k : 0.0005 .. 0.0005

    Block 61 cell size :
        i : 7.4999988e-05 .. 7.4999988e-05
        j : 0.00046068057 .. 0.00046068057
        k : 0.0005 .. 0.0005

    Block 62 cell size :
        i : 7.4999988e-05 .. 7.4999988e-05
        j : 0.00046068057 .. 0.00046068057
        k : 0.0005 .. 0.0005

Adding cell zones
    0	on
    1	pia
    2	sas
    3	dura
    4	lc
    5	sclera_peri
    6	sclera_ring
    7	globo
No patch pairs to merge

Writing polyMesh with 8 cellZones
----------------
Mesh Information
----------------
  boundingBox: (-0.0025 -0.0025 0) (0.0025 0.0025 0.0308)
  nPoints: 18513
  nCells: 17408
  nFaces: 53280
  nInternalFaces: 51168
----------------
Cell Zones
----------------
  zone 0 (size: 7680) name: on
  zone 1 (size: 960) name: pia
  zone 2 (size: 5760) name: sas
  zone 3 (size: 1920) name: dura
  zone 4 (size: 256) name: lc
  zone 5 (size: 128) name: sclera_peri
  zone 6 (size: 160) name: sclera_ring
  zone 7 (size: 544) name: globo
----------------
Patches
----------------
  patch 0 (start: 51168 size: 256) name: posterior_on
  patch 1 (start: 51424 size: 32) name: posterior_pia
  patch 2 (start: 51456 size: 192) name: posterior_sas
  patch 3 (start: 51648 size: 64) name: posterior_dura
  patch 4 (start: 51712 size: 960) name: dura_outer
  patch 5 (start: 52672 size: 32) name: sclera_ring_outer
  patch 6 (start: 52704 size: 32) name: globo_outer
  patch 7 (start: 52736 size: 544) name: anterior_globo

End

=== on-mestrado-2: topoSet (extrai contact_local do dura_outer) ===
/*---------------------------------------------------------------------------*\
| =========                 |                                                 |
| \\      /  F ield         | OpenFOAM: The Open Source CFD Toolbox           |
|  \\    /   O peration     | Version:  2512                                  |
|   \\  /    A nd           | Website:  www.openfoam.com                      |
|    \\/     M anipulation  |                                                 |
\*---------------------------------------------------------------------------*/
Build  : _bd2b6720-20260127 OPENFOAM=2512 version=2512
Arch   : "LSB;label=32;scalar=64"
Exec   : topoSet -dict system/topoSetDict_contact
Date   : May 26 2026
Time   : 17:24:07
Host   : a73e14524ed2
PID    : 79425
I/O    : uncollated
Case   : /simulation/on-mestrado-2-buckling-real-NL/solid
nProcs : 1
trapFpe: Floating point exception trapping enabled (FOAM_SIGFPE).
memory pool : not available
fileModificationChecking : Monitoring run-time modified files using timeStampMaster (fileModificationSkew 5, maxFileModificationPolls 20)
allowSystemOperations : Allowing user-supplied system call operations

// * * * * * * * * * * * * * * * * * * * * * * * * * * * * * * * * * * * * * //
Create time

Create polyMesh for time = 0

Reading topoSetDict_contact

Time = 0
    mesh not changed.
Created faceSet contact_local
--> FOAM IOWarning :
    Applying source patchToFace
    Found [v1806] 'name' entry instead of 'patch' in dictionary "system/topoSetDict_contact/actions/sourceInfo"

    This keyword is 90 months old.

    Adding all faces of patches: (dura_outer) ...
    Found matching patch dura_outer with 960 faces
    faceSet contact_local now size 960
Read set faceSet contact_local size:960
    Applying source boxToFace
    Adding faces with centre within boxes 1((0.0024 -0.0005 0.022) (0.00265 0.0005 0.023))
    faceSet contact_local now size 2

End

=== on-mestrado-2: createPatch (cria contact_local) ===
/*---------------------------------------------------------------------------*\
| =========                 |                                                 |
| \\      /  F ield         | OpenFOAM: The Open Source CFD Toolbox           |
|  \\    /   O peration     | Version:  2512                                  |
|   \\  /    A nd           | Website:  www.openfoam.com                      |
|    \\/     M anipulation  |                                                 |
\*---------------------------------------------------------------------------*/
Build  : _bd2b6720-20260127 OPENFOAM=2512 version=2512
Arch   : "LSB;label=32;scalar=64"
Exec   : createPatch -overwrite -dict system/createPatchDict_contact
Date   : May 26 2026
Time   : 17:24:07
Host   : a73e14524ed2
PID    : 79427
I/O    : uncollated
Case   : /simulation/on-mestrado-2-buckling-real-NL/solid
nProcs : 1
trapFpe: Floating point exception trapping enabled (FOAM_SIGFPE).
memory pool : not available
fileModificationChecking : Monitoring run-time modified files using timeStampMaster (fileModificationSkew 5, maxFileModificationPolls 20)
allowSystemOperations : Allowing user-supplied system call operations

// * * * * * * * * * * * * * * * * * * * * * * * * * * * * * * * * * * * * * //
Create time

Create mesh for time = 0

Reading "system/createPatchDict_contact"



Adding patches to mesh region0

Adding new patch contact_local from 
{
    type            wall;
    nFaces          0;
    startFace       0;
}




Repatching mesh region0

Read 2 faces from faceSet contact_local
Doing topology modification to order faces.

Not synchronising points.

Removing patches with no faces in them.



Writing repatched mesh region0 to 0

End

=== on-mestrado-2: checkMesh ===
/*---------------------------------------------------------------------------*\
| =========                 |                                                 |
| \\      /  F ield         | OpenFOAM: The Open Source CFD Toolbox           |
|  \\    /   O peration     | Version:  2512                                  |
|   \\  /    A nd           | Website:  www.openfoam.com                      |
|    \\/     M anipulation  |                                                 |
\*---------------------------------------------------------------------------*/
Build  : _bd2b6720-20260127 OPENFOAM=2512 version=2512
Arch   : "LSB;label=32;scalar=64"
Exec   : checkMesh
Date   : May 26 2026
Time   : 17:24:08
Host   : a73e14524ed2
PID    : 79429
I/O    : uncollated
Case   : /simulation/on-mestrado-2-buckling-real-NL/solid
nProcs : 1
trapFpe: Floating point exception trapping enabled (FOAM_SIGFPE).
memory pool : not available
fileModificationChecking : Monitoring run-time modified files using timeStampMaster (fileModificationSkew 5, maxFileModificationPolls 20)
allowSystemOperations : Allowing user-supplied system call operations

// * * * * * * * * * * * * * * * * * * * * * * * * * * * * * * * * * * * * * //
Create time

Create mesh for time = 0

Check mesh...

Time = 0

Mesh stats 
    points:           18513
    faces:            53280
    internal faces:   51168
    cells:            17408
    faces per cell:   6
    boundary patches: 9
    point zones:      0
    face zones:       0
    cell zones:       8

Overall number of cells of each type:
    hexahedra:     17408
    prisms:        0
    wedges:        0
    pyramids:      0
    tet wedges:    0
    tetrahedra:    0
    polyhedra:     0

Checking topology...
    Boundary definition OK.
    Cell to face addressing OK.
    Point usage OK.
    Upper triangular ordering OK.
    Face vertices OK.
    Number of regions: 1 (OK).

Checking patch topology for multiply connected surfaces...
    Patch               Faces    Points     Surface topology
    posterior_on        256      273      ok (non-closed singly connected)  
    posterior_pia       32       64       ok (non-closed singly connected)  
    posterior_sas       192      224      ok (non-closed singly connected)  
    posterior_dura      64       96       ok (non-closed singly connected)  
    dura_outer          958      992      ok (non-closed singly connected)  
    sclera_ring_outer   32       64       ok (non-closed singly connected)  
    globo_outer         32       64       ok (non-closed singly connected)  
    anterior_globo      544      561      ok (non-closed singly connected)  
    contact_local       2        6        ok (non-closed singly connected)  
    ".*"                2112     2114     ok (closed singly connected)      


Checking faceZone topology for multiply connected surfaces...
    No faceZones found.

Checking basic cellZone addressing...
    CellZone            Cells        Points       Volume       BoundingBox
    on                  7680         8463         2.1069752e-07 (-0.0015 -0.0015 0) (0.0015 0.0015 0.03)
    pia                 960          1984         1.4280706e-08 (-0.00155 -0.00155 0) (0.00155 0.00155 0.03)
    sas                 5760         6944         2.9216721e-07 (-0.00235 -0.00235 0) (0.00235 0.00235 0.03)
    dura                1920         2976         6.8125537e-08 (-0.0025 -0.0025 0) (0.0025 0.0025 0.03)
    lc                  256          546          2.1069752e-09 (-0.0015 -0.0015 0.03) (0.0015 0.0015 0.0303)
    sclera_peri         128          320          1.6387598e-09 (-0.002 -0.002 0.03) (0.002 0.002 0.0303)
    sclera_ring         160          384          2.1069748e-09 (-0.0025 -0.0025 0.03) (0.0025 0.0025 0.0303)
    globo               544          1122         9.7545163e-09 (-0.0025 -0.0025 0.0303) (0.0025 0.0025 0.0308)

Checking basic pointZone addressing...
    No pointZones found.

Checking geometry...
    Overall domain bounding box (-0.0025 -0.0025 0) (0.0025 0.0025 0.0308)
    Mesh has 3 geometric (non-empty/wedge) directions (1 1 1)
    Mesh has 3 solution (non-empty) directions (1 1 1)
    Boundary openness (-2.0038169e-16 -2.3212232e-16 1.6907205e-16) OK.
    Max cell openness = 2.0777987e-16 OK.
    Max aspect ratio = 20.32786 OK.
    Minimum face area = 1.3599513e-08. Maximum face area = 4.9008571e-07.  Face area magnitudes OK.
    Min volume = 4.079854e-12. Max volume = 5.6332337e-11.  Total volume = 6.008782e-07.  Cell volumes OK.
    Mesh non-orthogonality Max: 26.648322 average: 4.0894302
    Non-orthogonality check OK.
    Face pyramids OK.
    Max skewness = 1.7867315 OK.
    Coupled point location match (average 0) OK.

Mesh OK.

End

=== on-mestrado-2: solids4Foam ===
/*---------------------------------------------------------------------------*\
| =========                 |                                                 |
| \\      /  F ield         | OpenFOAM: The Open Source CFD Toolbox           |
|  \\    /   O peration     | Version:  2512                                  |
|   \\  /    A nd           | Website:  www.openfoam.com                      |
|    \\/     M anipulation  |                                                 |
\*---------------------------------------------------------------------------*/
Build  : _bd2b6720-20260127 OPENFOAM=2512 version=2512
Arch   : "LSB;label=32;scalar=64"
Exec   : solids4Foam
Date   : May 26 2026
Time   : 17:24:09
Host   : a73e14524ed2
PID    : 79431
I/O    : uncollated
Case   : /simulation/on-mestrado-2-buckling-real-NL/solid
nProcs : 1
trapFpe: Floating point exception trapping enabled (FOAM_SIGFPE).
memory pool : not available
fileModificationChecking : Monitoring run-time modified files using timeStampMaster (fileModificationSkew 5, maxFileModificationPolls 20)
allowSystemOperations : Allowing user-supplied system call operations

// * * * * * * * * * * * * * * * * * * * * * * * * * * * * * * * * * * * * * //
Create time

/*---------------------------------------------------------------------------*\
|    For further information on the solids4Foam toolbox implementations,      |
|    please see www.solids4foam.com and the following publication:            |
|                                                                             |
|    P. Cardiff, I. Batistić Ž. Tuković: solids4foam: A toolbox for           |
|    performing solid mechanics and fluid-solid interaction simulations in    |
|    OpenFOAM. Journal of Open Source Software. 2025, 10(108), 7407,          |
|    10.21105/joss.07407.                                                     |
\*---------------------------------------------------------------------------*/

Selecting physicsModel solidModel
Selecting solidModel nonLinearGeometryTotalLagrangianTotalDisplacement
Creating fixedDisplacement boundary condition
Creating fixedDisplacement boundary condition
Creating fixedDisplacement boundary condition
Creating solidTraction boundary condition
Creating solidTraction boundary condition
Creating solidTraction boundary condition
    Winkler stiffness k = 200000 Pa/m
Creating solidTraction boundary condition
Creating solidTraction boundary condition
    pressure is time-varying
Creating solidTraction boundary condition
    under-relaxation method: fixed
No finite volume options present
Creating the mechanicalModel
Number of cells in new mesh : 7680
Number of faces in new mesh : 23776
Number of points in new mesh: 8463
    oldInternalFaces : 1216
Number of cells in new mesh : 960
Number of faces in new mesh : 3872
Number of points in new mesh: 1984
    oldInternalFaces : 1952
Number of cells in new mesh : 5760
Number of faces in new mesh : 18432
Number of points in new mesh: 6944
    oldInternalFaces : 2112
Number of cells in new mesh : 1920
Number of faces in new mesh : 6784
Number of points in new mesh: 2976
    oldInternalFaces : 1024
Number of cells in new mesh : 256
Number of faces in new mesh : 1040
Number of points in new mesh: 546
    oldInternalFaces : 544
Number of cells in new mesh : 128
Number of faces in new mesh : 544
Number of points in new mesh: 320
    oldInternalFaces : 320
Number of cells in new mesh : 160
Number of faces in new mesh : 672
Number of points in new mesh: 384
    oldInternalFaces : 352
Number of cells in new mesh : 544
Number of faces in new mesh : 2192
Number of points in new mesh: 1122
    oldInternalFaces : 544
Selecting mechanical law neoHookeanElastic
Selecting mechanical law neoHookeanElastic
Selecting mechanical law neoHookeanElastic
Selecting mechanical law neoHookeanElastic
Selecting mechanical law neoHookeanElastic
Selecting mechanical law neoHookeanElastic
Selecting mechanical law neoHookeanElastic
Selecting mechanical law neoHookeanElastic
solvePressure = false
Creating forces_globo function object.
Creating forces_apex_dura function object.
Creating forces_apex_on function object.
Creating forces_apex_pia function object.
Time = 1

Evolving solid solver using an implicit segregated approach
Solving the total Lagrangian form of the momentum equation for D
setCellDisplacements: reading cellDisplacements
Initial Residual Norm = 1.7320508
Initial Solution Norm = 0.0099075347
 Iteration       Residual Norm           Step Norm
Allrun: line 52: 79431 Killed                  solids4Foam
     79432                       | tee log.solids4Foam
