SUMMARY OF C0NVERGENCE INFORMATION
  STEP   INC  ATT   ITER     CONT.   RESID.        CORR.      RESID.      CORR.
                              EL.    FORCE         DISP       FLUX        TEMP.
                              (#)     (%)           (%)        (%)         (%)
     1     1     1     1        0  0.1124E+03  0.1000E+03  0.0000E+00  0.0000E+00
     1     1     1     2        0  0.0000E+00  0.4361E-01  0.0000E+00  0.0000E+00
     1     2     1     1        0  0.1096E+03  0.9977E+02  0.0000E+00  0.0000E+00
     1     2     1     2        0  0.0000E+00  0.1276E+00  0.0000E+00  0.0000E+00
     1     3     1     1        0  0.4650E+03  0.1000E+03  0.0000E+00  0.0000E+00
     1     3     1     2        0  0.0000E+00  0.3324E+00  0.0000E+00  0.0000E+00
     1     4     1     1        0  0.3557E+03  0.1000E+03  0.0000E+00  0.0000E+00
     1     4     1     2        0  0.0000E+00  0.1373E+00  0.0000E+00  0.0000E+00
     1     5     1     1        0  0.0000E+00  0.1000E+03  0.0000E+00  0.0000E+00
     1     5     1     2        0  0.0000E+00  0.1907E-02  0.0000E+00  0.0000E+00
     1     6     1     1        0  0.0000E+00  0.9992E+02  0.0000E+00  0.0000E+00
     1     6     1     2        0  0.0000E+00  0.1492E-02  0.0000E+00  0.0000E+00
     1     7     1     1        0  0.0000E+00  0.9810E+02  0.0000E+00  0.0000E+00
     1     7     1     2        0  0.0000E+00  0.3052E-02  0.0000E+00  0.0000E+00
     1     8     1     1        0  0.2289E+03  0.1000E+03  0.0000E+00  0.0000E+00
     1     8     1     2        0  0.0000E+00  0.1475E+00  0.0000E+00  0.0000E+00
     1     9     1     1        0  0.2043E+03  0.9998E+02  0.0000E+00  0.0000E+00
     1     9     1     2        0  0.0000E+00  0.1412E+00  0.0000E+00  0.0000E+00
     1    10     1     1        0  0.0000E+00  0.3224E+02  0.0000E+00  0.0000E+00
     1    10     1     2        0  0.0000E+00  0.2712E-03  0.0000E+00  0.0000E+00
     1    11     1     1        0  0.1644E+03  0.1000E+03  0.0000E+00  0.0000E+00
     1    11     1     2        0  0.0000E+00  0.1471E+00  0.0000E+00  0.0000E+00
     1    12     1     1        0  0.1495E+03  0.9987E+02  0.0000E+00  0.0000E+00
     1    12     1     2        0  0.0000E+00  0.1409E+00  0.0000E+00  0.0000E+00
     1    13     1     1        0  0.0000E+00  0.4897E+02  0.0000E+00  0.0000E+00
     1    13     1     2        0  0.0000E+00  0.3104E-02  0.0000E+00  0.0000E+00
     1    14     1     1        0  0.1255E+03  0.1000E+03  0.0000E+00  0.0000E+00
     1    14     1     2        0  0.0000E+00  0.1470E+00  0.0000E+00  0.0000E+00
     1    15     1     1        0  0.1160E+03  0.9975E+02  0.0000E+00  0.0000E+00
     1    15     1     2        0  0.0000E+00  0.1407E+00  0.0000E+00  0.0000E+00
     1    16     1     1        0  0.0000E+00  0.6601E+02  0.0000E+00  0.0000E+00
     1    16     1     2        0  0.0000E+00  0.3172E-02  0.0000E+00  0.0000E+00
     1    17     1     1        0  0.1008E+03  0.1000E+03  0.0000E+00  0.0000E+00
     1    17     1     2        0  0.0000E+00  0.1471E+00  0.0000E+00  0.0000E+00
     1    18     1     1        0  0.9416E+02  0.9964E+02  0.0000E+00  0.0000E+00
     1    18     1     2        0  0.0000E+00  0.1405E+00  0.0000E+00  0.0000E+00
     1    19     1     1        0  0.0000E+00  0.7446E+02  0.0000E+00  0.0000E+00
     1    19     1     2        0  0.0000E+00  0.1086E-01  0.0000E+00  0.0000E+00
     1    20     1     1        0  0.8400E+02  0.1000E+03  0.0000E+00  0.0000E+00
     1    20     1     2        0  0.0000E+00  0.1474E+00  0.0000E+00  0.0000E+00
     1    21     1     1        0  0.7909E+02  0.9953E+02  0.0000E+00  0.0000E+00
     1    21     1     2        0  0.0000E+00  0.1405E+00  0.0000E+00  0.0000E+00
     1    22     1     1        0  0.0000E+00  0.8643E+02  0.0000E+00  0.0000E+00
     1    22     1     2        0  0.0000E+00  0.3421E-01  0.0000E+00  0.0000E+00
     1    23     1     1        0  0.0000E+00  0.1000E+03  0.0000E+00  0.0000E+00
     1    23     1     2        0  0.0000E+00  0.8751E-02  0.0000E+00  0.0000E+00
     1    24     1     1        0  0.0000E+00  0.9896E+02  0.0000E+00  0.0000E+00
     1    24     1     2        0  0.0000E+00  0.3361E-03  0.0000E+00  0.0000E+00
     1    25     1     1        0  0.0000E+00  0.1000E+03  0.0000E+00  0.0000E+00
     1    25     1     2        0  0.0000E+00  0.2954E-04  0.0000E+00  0.0000E+00
     1    26     1     1        0  0.0000E+00  0.1000E+03  0.0000E+00  0.0000E+00
     1    26     1     2        0  0.0000E+00  0.2754E-03  0.0000E+00  0.0000E+00
     1    27     1     1        0  0.0000E+00  0.1000E+03  0.0000E+00  0.0000E+00
     1    27     1     2        0  0.0000E+00  0.3004E-03  0.0000E+00  0.0000E+00
     1    28     1     1        0  0.6224E+02  0.1000E+03  0.0000E+00  0.0000E+00
     1    28     1     2        0  0.0000E+00  0.1479E+00  0.0000E+00  0.0000E+00
     1    29     1     1        0  0.5985E+02  0.9941E+02  0.0000E+00  0.0000E+00
     1    29     1     2        0  0.0000E+00  0.1404E+00  0.0000E+00  0.0000E+00
     1    30     1     1        0  0.0000E+00  0.8287E+02  0.0000E+00  0.0000E+00
     1    30     1     2        0  0.0000E+00  0.2261E-01  0.0000E+00  0.0000E+00
     1    31     1     1        0  0.0000E+00  0.9918E+02  0.0000E+00  0.0000E+00
     1    31     1     2        0  0.0000E+00  0.5821E-02  0.0000E+00  0.0000E+00
     1    32     1     1        0  0.0000E+00  0.2327E+02  0.0000E+00  0.0000E+00
     1    32     1     2        0  0.0000E+00  0.9914E-05  0.0000E+00  0.0000E+00
