SUMMARY OF C0NVERGENCE INFORMATION
  STEP   INC  ATT   ITER     CONT.   RESID.        CORR.      RESID.      CORR.
                              EL.    FORCE         DISP       FLUX        TEMP.
                              (#)     (%)           (%)        (%)         (%)
     1     1     1     1        0  0.1695E-01  0.1000E+03  0.0000E+00  0.0000E+00
     1     1     1     2        0  0.6625E-02  0.2420E+02  0.0000E+00  0.0000E+00
     1     1     1     3        0  0.0000E+00  0.1614E+02  0.0000E+00  0.0000E+00
     1     2     1     1        0  0.0000E+00  0.1704E+02  0.0000E+00  0.0000E+00
     1     2     1     2        0  0.0000E+00  0.6156E+00  0.0000E+00  0.0000E+00
     1     3     1     1        0  0.0000E+00  0.3870E+01  0.0000E+00  0.0000E+00
     1     3     1     2        0  0.0000E+00  0.9283E-01  0.0000E+00  0.0000E+00
     1     4     1     1        0  0.0000E+00  0.1489E+01  0.0000E+00  0.0000E+00
     1     4     1     2        0  0.0000E+00  0.2348E-01  0.0000E+00  0.0000E+00
     1     5     1     1        0  0.0000E+00  0.1132E+01  0.0000E+00  0.0000E+00
     1     5     1     2        0  0.0000E+00  0.7920E-02  0.0000E+00  0.0000E+00
     1     6     1     1        0  0.0000E+00  0.2047E+01  0.0000E+00  0.0000E+00
     1     6     1     2        0  0.0000E+00  0.1404E-01  0.0000E+00  0.0000E+00
     1     7     1     1        0  0.0000E+00  0.2610E+01  0.0000E+00  0.0000E+00
     1     7     1     2        0  0.0000E+00  0.4008E-01  0.0000E+00  0.0000E+00
     1     8     1     1        0  0.0000E+00  0.2726E+01  0.0000E+00  0.0000E+00
     1     8     1     2        0  0.0000E+00  0.2514E-01  0.0000E+00  0.0000E+00
     1     9     1     1        0  0.0000E+00  0.2808E+01  0.0000E+00  0.0000E+00
     1     9     1     2        0  0.0000E+00  0.2219E-01  0.0000E+00  0.0000E+00
     1    10     1     1        0  0.0000E+00  0.2844E+01  0.0000E+00  0.0000E+00
     1    10     1     2        0  0.0000E+00  0.2503E-01  0.0000E+00  0.0000E+00
     1    11     1     1        0  0.0000E+00  0.2817E+01  0.0000E+00  0.0000E+00
     1    11     1     2        0  0.0000E+00  0.3129E-01  0.0000E+00  0.0000E+00
     1    12     1     1        0  0.0000E+00  0.2706E+01  0.0000E+00  0.0000E+00
     1    12     1     2        0  0.0000E+00  0.4780E-01  0.0000E+00  0.0000E+00
     1    13     1     1        0  0.0000E+00  0.2487E+01  0.0000E+00  0.0000E+00
     1    13     1     2        0  0.0000E+00  0.6380E-01  0.0000E+00  0.0000E+00
     1    14     1     1        0  0.0000E+00  0.2144E+01  0.0000E+00  0.0000E+00
     1    14     1     2        0  0.0000E+00  0.7695E-01  0.0000E+00  0.0000E+00
     1    15     1     1        0  0.0000E+00  0.1696E+01  0.0000E+00  0.0000E+00
     1    15     1     2        0  0.0000E+00  0.8388E-01  0.0000E+00  0.0000E+00
     1    16     1     1        0  0.0000E+00  0.4478E+01  0.0000E+00  0.0000E+00
     1    16     1     2        0  0.0000E+00  0.3266E+00  0.0000E+00  0.0000E+00
     1    17     1     1        0  0.1292E-01  0.3511E+02  0.0000E+00  0.0000E+00
     1    17     1     2        0  0.0000E+00  0.3748E+01  0.0000E+00  0.0000E+00
     1    18     1     1        0  0.1595E-01  0.3078E+02  0.0000E+00  0.0000E+00
     1    18     1     2        0  0.6180E-01  0.7437E+02  0.0000E+00  0.0000E+00
     1    18     1     3        0  0.0000E+00  0.2459E+01  0.0000E+00  0.0000E+00
     1    19     1     1        0  0.3222E-01  0.7849E+01  0.0000E+00  0.0000E+00
     1    19     1     2        0  0.3147E-01  0.3879E+02  0.0000E+00  0.0000E+00
     1    19     1     3        0  0.1534E-02  0.8394E+01  0.0000E+00  0.0000E+00
     1    20     1     1        0  0.2004E-02  0.1282E+02  0.0000E+00  0.0000E+00
     1    20     1     2        0  0.4899E-02  0.1988E+02  0.0000E+00  0.0000E+00
     1    20     1     3        0  0.0000E+00  0.2545E+01  0.0000E+00  0.0000E+00
     1    21     1     1        0  0.1265E-02  0.5454E+01  0.0000E+00  0.0000E+00
     1    21     1     2        0  0.0000E+00  0.1220E+01  0.0000E+00  0.0000E+00
     1    22     1     1        0  0.1429E-02  0.7433E+01  0.0000E+00  0.0000E+00
     1    22     1     2        0  0.0000E+00  0.1085E+01  0.0000E+00  0.0000E+00
     1    23     1     1        0  0.1461E-02  0.1011E+02  0.0000E+00  0.0000E+00
     1    23     1     2        0  0.0000E+00  0.6706E+00  0.0000E+00  0.0000E+00
     1    24     1     1        0  0.0000E+00  0.2988E+01  0.0000E+00  0.0000E+00
     1    24     1     2        0  0.0000E+00  0.3020E+00  0.0000E+00  0.0000E+00
