SUMMARY OF C0NVERGENCE INFORMATION
  STEP   INC  ATT   ITER     CONT.   RESID.        CORR.      RESID.      CORR.
                              EL.    FORCE         DISP       FLUX        TEMP.
                              (#)     (%)           (%)        (%)         (%)
     1     1     1     1        0  0.1482E+00  0.1000E+03  0.0000E+00  0.0000E+00
     1     1     1     2        0  0.4600E-02  0.2109E+02  0.0000E+00  0.0000E+00
     1     1     1     3        0  0.0000E+00  0.1035E+00  0.0000E+00  0.0000E+00
     1     2     1     1        0  0.0000E+00  0.1241E+02  0.0000E+00  0.0000E+00
     1     2     1     2        0  0.0000E+00  0.6650E-01  0.0000E+00  0.0000E+00
     1     3     1     1        0  0.0000E+00  0.8350E+00  0.0000E+00  0.0000E+00
     1     3     1     2        0  0.0000E+00  0.3166E-02  0.0000E+00  0.0000E+00
     1     4     1     1        0  0.0000E+00  0.8220E+00  0.0000E+00  0.0000E+00
     1     4     1     2        0  0.0000E+00  0.7669E-02  0.0000E+00  0.0000E+00
     1     5     1     1        0  0.1281E-02  0.1154E+01  0.0000E+00  0.0000E+00
     1     5     1     2        0  0.0000E+00  0.2921E-01  0.0000E+00  0.0000E+00
     1     6     1     1        0  0.2920E-02  0.6633E+01  0.0000E+00  0.0000E+00
     1     6     1     2        0  0.0000E+00  0.3472E+00  0.0000E+00  0.0000E+00
     1     7     1     1        0  0.3319E-02  0.4733E+02  0.0000E+00  0.0000E+00
     1     7     1     2        0  0.0000E+00  0.1327E+02  0.0000E+00  0.0000E+00
     1     8     1     1        0  0.3414E-02  0.9729E+02  0.0000E+00  0.0000E+00
     1     8     1     2        0  0.0000E+00  0.1133E+01  0.0000E+00  0.0000E+00
     1     9     1     1        0  0.3044E-02  0.4555E+02  0.0000E+00  0.0000E+00
     1     9     1     2        0  0.0000E+00  0.4867E+00  0.0000E+00  0.0000E+00
     1    10     1     1        0  0.2886E-02  0.2090E+02  0.0000E+00  0.0000E+00
     1    10     1     2        0  0.0000E+00  0.7181E+00  0.0000E+00  0.0000E+00
     1    11     1     1        0  0.3395E+00  0.1000E+03  0.0000E+00  0.0000E+00
     1    11     1     2        0  0.1976E+01  0.1000E+03  0.0000E+00  0.0000E+00
     1    11     1     3        0  0.1118E+01  0.1893E+02  0.0000E+00  0.0000E+00
     1    11     1     4        0  0.7376E-01  0.1344E+02  0.0000E+00  0.0000E+00
     1    12     1     1        0  0.2089E+00  0.4928E+02  0.0000E+00  0.0000E+00
     1    12     1     2        0  0.3873E+00  0.2980E+02  0.0000E+00  0.0000E+00
     1    12     1     3        0  0.2284E-01  0.2171E+02  0.0000E+00  0.0000E+00
     1    12     1     4        0  0.2238E-01  0.2280E+02  0.0000E+00  0.0000E+00
     1    12     1     5        0  0.1801E+00  0.5714E+02  0.0000E+00  0.0000E+00
     1    12     1     6        0  0.4461E+01  0.1000E+03  0.0000E+00  0.0000E+00
     1    12     1     7        0  0.1109E+03  0.1000E+03  0.0000E+00  0.0000E+00
     1    12     1     8        0  0.3062E+06  0.1000E+03  0.0000E+00  0.0000E+00
     1    12     2     1        0  0.1969E-01  0.8182E+02  0.0000E+00  0.0000E+00
     1    12     2     2        0  0.2121E-01  0.8479E+02  0.0000E+00  0.0000E+00
     1    12     2     3        0  0.8351E-02  0.4766E+02  0.0000E+00  0.0000E+00
     1    12     2     4        0  0.0000E+00  0.1586E+02  0.0000E+00  0.0000E+00
     1    13     1     1        0  0.1768E-01  0.4798E+02  0.0000E+00  0.0000E+00
     1    13     1     2        0  0.1643E+00  0.1000E+03  0.0000E+00  0.0000E+00
     1    13     1     3        0  0.1578E-01  0.3129E+02  0.0000E+00  0.0000E+00
     1    13     1     4        0  0.1943E-01  0.3434E+02  0.0000E+00  0.0000E+00
     1    13     1     5        0  0.1658E-01  0.3154E+02  0.0000E+00  0.0000E+00
     1    13     1     6        0  0.3185E+00  0.1000E+03  0.0000E+00  0.0000E+00
     1    13     1     7        0  0.2942E-01  0.3712E+02  0.0000E+00  0.0000E+00
     1    13     1     8        0  0.2601E-01  0.2751E+02  0.0000E+00  0.0000E+00
     1    13     1     9        0  0.1009E-01  0.1860E+02  0.0000E+00  0.0000E+00
     1    13     1    10        0  0.8767E-02  0.1779E+02  0.0000E+00  0.0000E+00
     1    13     1    11        0  0.5940E+00  0.1000E+03  0.0000E+00  0.0000E+00
     1    13     1    12        0  0.6229E-01  0.2939E+02  0.0000E+00  0.0000E+00
     1    13     1    13        0  0.1719E-01  0.1668E+02  0.0000E+00  0.0000E+00
     1    13     1    14        0  0.0000E+00  0.2736E+01  0.0000E+00  0.0000E+00
     1    14     1     1        0  0.6540E+00  0.4074E+02  0.0000E+00  0.0000E+00
     1    14     1     2        0  0.2878E+00  0.4062E+02  0.0000E+00  0.0000E+00
     1    14     1     3        0  0.1145E-01  0.1148E+02  0.0000E+00  0.0000E+00
     1    15     1     1        0  0.1725E-01  0.1000E+03  0.0000E+00  0.0000E+00
     1    15     1     2        0  0.1196E-02  0.2719E+02  0.0000E+00  0.0000E+00
     1    15     1     3        0  0.0000E+00  0.2133E+01  0.0000E+00  0.0000E+00
     1    16     1     1        0  0.1620E-01  0.1000E+03  0.0000E+00  0.0000E+00
     1    16     1     2        0  0.0000E+00  0.1854E+02  0.0000E+00  0.0000E+00
     1    17     1     1        0  0.0000E+00  0.9893E+01  0.0000E+00  0.0000E+00
     1    17     1     2        0  0.0000E+00  0.7159E-01  0.0000E+00  0.0000E+00
     1    18     1     1        0  0.1969E-02  0.9042E+01  0.0000E+00  0.0000E+00
     1    18     1     2        0  0.0000E+00  0.5877E-01  0.0000E+00  0.0000E+00
     1    19     1     1        0  0.2240E-02  0.8513E+01  0.0000E+00  0.0000E+00
     1    19     1     2        0  0.0000E+00  0.5422E-01  0.0000E+00  0.0000E+00
     1    20     1     1        0  0.2189E-02  0.7885E+01  0.0000E+00  0.0000E+00
     1    20     1     2        0  0.0000E+00  0.7673E-01  0.0000E+00  0.0000E+00
     1    21     1     1        0  0.2129E-02  0.8855E+01  0.0000E+00  0.0000E+00
     1    21     1     2        0  0.0000E+00  0.2355E+00  0.0000E+00  0.0000E+00
     1    22     1     1        0  0.2053E-02  0.7201E+02  0.0000E+00  0.0000E+00
     1    22     1     2        0  0.0000E+00  0.1945E+02  0.0000E+00  0.0000E+00
     1    23     1     1        0  0.2366E+01  0.1000E+03  0.0000E+00  0.0000E+00
     1    23     1     2        0  0.1139E+02  0.2623E+02  0.0000E+00  0.0000E+00
     1    23     1     3        0  0.6330E+01  0.6722E+02  0.0000E+00  0.0000E+00
     1    23     1     4        0  0.1733E+00  0.1163E+02  0.0000E+00  0.0000E+00
     1    24     1     1        0  0.1207E+00  0.5875E+02  0.0000E+00  0.0000E+00
     1    24     1     2        0  0.1076E+00  0.4459E+02  0.0000E+00  0.0000E+00
     1    24     1     3        0  0.2180E-01  0.2653E+02  0.0000E+00  0.0000E+00
     1    24     1     4        0  0.1027E-01  0.1749E+02  0.0000E+00  0.0000E+00
     1    24     1     5        0  0.3626E-02  0.1068E+02  0.0000E+00  0.0000E+00
     1    24     1     6        0  0.5511E-02  0.1319E+02  0.0000E+00  0.0000E+00
     1    24     1     7        0  0.1587E+01  0.1000E+03  0.0000E+00  0.0000E+00
     1    24     1     8        0  0.5710E+00  0.3795E+02  0.0000E+00  0.0000E+00
     1    24     2     1        0  0.3718E-01  0.1000E+03  0.0000E+00  0.0000E+00
     1    24     2     2        0  0.2246E-01  0.6921E+02  0.0000E+00  0.0000E+00
     1    24     2     3        0  0.9128E-02  0.4468E+02  0.0000E+00  0.0000E+00
     1    24     2     4        0  0.3832E-02  0.2953E+02  0.0000E+00  0.0000E+00
     1    24     2     5        0  0.7499E-02  0.4164E+02  0.0000E+00  0.0000E+00
     1    24     2     6        0  0.3414E+00  0.1000E+03  0.0000E+00  0.0000E+00
     1    24     2     7        0  0.2339E-01  0.2684E+02  0.0000E+00  0.0000E+00
     1    24     2     8        0  0.2128E-01  0.2390E+02  0.0000E+00  0.0000E+00
     1    24     2     9        0  0.6535E-02  0.1345E+02  0.0000E+00  0.0000E+00
     1    24     2    10        0  0.1883E-02  0.7029E+01  0.0000E+00  0.0000E+00
     1    24     2    11        0  0.0000E+00  0.2157E+01  0.0000E+00  0.0000E+00
     1    25     1     1        0  0.2010E+00  0.3096E+02  0.0000E+00  0.0000E+00
     1    25     1     2        0  0.5014E-01  0.3040E+02  0.0000E+00  0.0000E+00
     1    25     1     3        0  0.1828E-01  0.2126E+02  0.0000E+00  0.0000E+00
     1    25     1     4        0  0.8108E-02  0.1382E+02  0.0000E+00  0.0000E+00
     1    25     1     5        0  0.1900E-02  0.6240E+01  0.0000E+00  0.0000E+00
     1    26     1     1        0  0.0000E+00  0.9533E+02  0.0000E+00  0.0000E+00
     1    26     1     2        0  0.0000E+00  0.2431E+02  0.0000E+00  0.0000E+00
     1    27     1     1        0  0.0000E+00  0.1000E+03  0.0000E+00  0.0000E+00
     1    27     1     2        0  0.0000E+00  0.1325E+02  0.0000E+00  0.0000E+00
     1    28     1     1        0  0.0000E+00  0.7337E+01  0.0000E+00  0.0000E+00
     1    28     1     2        0  0.0000E+00  0.1445E+00  0.0000E+00  0.0000E+00
     1    29     1     1        0  0.0000E+00  0.9371E+01  0.0000E+00  0.0000E+00
     1    29     1     2        0  0.0000E+00  0.1356E+00  0.0000E+00  0.0000E+00
     1    30     1     1        0  0.0000E+00  0.1096E+02  0.0000E+00  0.0000E+00
     1    30     1     2        0  0.0000E+00  0.1831E+00  0.0000E+00  0.0000E+00
     1    31     1     1        0  0.1407E-02  0.1085E+02  0.0000E+00  0.0000E+00
     1    31     1     2        0  0.0000E+00  0.2221E+00  0.0000E+00  0.0000E+00
     1    32     1     1        0  0.1609E-02  0.9224E+01  0.0000E+00  0.0000E+00
     1    32     1     2        0  0.0000E+00  0.2542E+00  0.0000E+00  0.0000E+00
     1    33     1     1        0  0.2695E-02  0.1200E+02  0.0000E+00  0.0000E+00
     1    33     1     2        0  0.0000E+00  0.1689E+01  0.0000E+00  0.0000E+00
     1    34     1     1        0  0.5872E-02  0.1762E+02  0.0000E+00  0.0000E+00
     1    34     1     2        0  0.2263E-02  0.1125E+02  0.0000E+00  0.0000E+00
     1    34     1     3        0  0.0000E+00  0.9422E+00  0.0000E+00  0.0000E+00
     1    35     1     1        0  0.1374E-02  0.5567E+01  0.0000E+00  0.0000E+00
     1    35     1     2        0  0.1921E-02  0.1035E+02  0.0000E+00  0.0000E+00
     1    35     1     3        0  0.0000E+00  0.5743E+00  0.0000E+00  0.0000E+00
     1    36     1     1        0  0.1360E-02  0.4907E+01  0.0000E+00  0.0000E+00
     1    36     1     2        0  0.0000E+00  0.6304E+01  0.0000E+00  0.0000E+00
     1    37     1     1        0  0.1413E-02  0.5626E+01  0.0000E+00  0.0000E+00
     1    37     1     2        0  0.0000E+00  0.5405E+01  0.0000E+00  0.0000E+00
     1    38     1     1        0  0.1343E-02  0.4967E+01  0.0000E+00  0.0000E+00
     1    38     1     2        0  0.0000E+00  0.2703E+01  0.0000E+00  0.0000E+00
     1    39     1     1        0  0.1297E-02  0.4200E+01  0.0000E+00  0.0000E+00
     1    39     1     2        0  0.0000E+00  0.1329E+01  0.0000E+00  0.0000E+00
     1    40     1     1        0  0.1246E-02  0.3647E+01  0.0000E+00  0.0000E+00
     1    40     1     2        0  0.0000E+00  0.6987E+00  0.0000E+00  0.0000E+00
     1    41     1     1        0  0.1191E-02  0.3162E+01  0.0000E+00  0.0000E+00
     1    41     1     2        0  0.0000E+00  0.3938E+00  0.0000E+00  0.0000E+00
     1    42     1     1        0  0.1133E-02  0.2924E+01  0.0000E+00  0.0000E+00
     1    42     1     2        0  0.0000E+00  0.3930E+00  0.0000E+00  0.0000E+00
     1    43     1     1        0  0.1073E-02  0.2804E+01  0.0000E+00  0.0000E+00
     1    43     1     2        0  0.0000E+00  0.3929E+00  0.0000E+00  0.0000E+00
     1    44     1     1        0  0.1013E-02  0.2689E+01  0.0000E+00  0.0000E+00
     1    44     1     2        0  0.0000E+00  0.3948E+00  0.0000E+00  0.0000E+00
     1    45     1     1        0  0.0000E+00  0.2580E+01  0.0000E+00  0.0000E+00
     1    45     1     2        0  0.0000E+00  0.4039E+00  0.0000E+00  0.0000E+00
     1    46     1     1        0  0.0000E+00  0.2491E+01  0.0000E+00  0.0000E+00
     1    46     1     2        0  0.0000E+00  0.4114E+00  0.0000E+00  0.0000E+00
     1    47     1     1        0  0.0000E+00  0.2424E+01  0.0000E+00  0.0000E+00
     1    47     1     2        0  0.0000E+00  0.4173E+00  0.0000E+00  0.0000E+00
     1    48     1     1        0  0.0000E+00  0.2356E+01  0.0000E+00  0.0000E+00
     1    48     1     2        0  0.0000E+00  0.4218E+00  0.0000E+00  0.0000E+00
     1    49     1     1        0  0.0000E+00  0.2303E+01  0.0000E+00  0.0000E+00
     1    49     1     2        0  0.0000E+00  0.4250E+00  0.0000E+00  0.0000E+00
     1    50     1     1        0  0.1901E-02  0.2252E+01  0.0000E+00  0.0000E+00
     1    50     1     2        0  0.0000E+00  0.4272E+00  0.0000E+00  0.0000E+00
     1    51     1     1        0  0.4453E-02  0.2205E+01  0.0000E+00  0.0000E+00
     1    51     1     2        0  0.0000E+00  0.4285E+00  0.0000E+00  0.0000E+00
     1    52     1     1        0  0.1113E-01  0.2167E+01  0.0000E+00  0.0000E+00
     1    52     1     2        0  0.0000E+00  0.5732E+00  0.0000E+00  0.0000E+00
     1    53     1     1        0  0.2740E-01  0.3422E+01  0.0000E+00  0.0000E+00
     1    53     1     2        0  0.4379E-02  0.1359E+01  0.0000E+00  0.0000E+00
     1    54     1     1        0  0.5026E-01  0.4698E+01  0.0000E+00  0.0000E+00
     1    54     1     2        0  0.2866E-01  0.3532E+01  0.0000E+00  0.0000E+00
     1    54     1     3        0  0.0000E+00  0.9436E-01  0.0000E+00  0.0000E+00
     1    55     1     1        0  0.3969E-01  0.4235E+01  0.0000E+00  0.0000E+00
     1    55     1     2        0  0.1039E+00  0.6829E+01  0.0000E+00  0.0000E+00
     1    55     1     3        0  0.0000E+00  0.1623E+00  0.0000E+00  0.0000E+00
     1    56     1     1        0  0.7003E-02  0.1888E+01  0.0000E+00  0.0000E+00
     1    56     1     2        0  0.5303E-01  0.4942E+01  0.0000E+00  0.0000E+00
     1    56     1     3        0  0.0000E+00  0.1933E+00  0.0000E+00  0.0000E+00
     1    57     1     1        0  0.0000E+00  0.1823E+01  0.0000E+00  0.0000E+00
     1    57     1     2        0  0.0000E+00  0.3960E+00  0.0000E+00  0.0000E+00
     1    58     1     1        0  0.4486E-02  0.1932E+01  0.0000E+00  0.0000E+00
     1    58     1     2        0  0.1064E-01  0.2274E+01  0.0000E+00  0.0000E+00
     1    58     1     3        0  0.0000E+00  0.9130E-01  0.0000E+00  0.0000E+00
     1    59     1     1        0  0.6236E-02  0.1715E+01  0.0000E+00  0.0000E+00
     1    59     1     2        0  0.7599E-02  0.1950E+01  0.0000E+00  0.0000E+00
     1    60     1     1        0  0.7023E-02  0.1832E+01  0.0000E+00  0.0000E+00
     1    60     1     2        0  0.4074E-02  0.1445E+01  0.0000E+00  0.0000E+00
     1    61     1     1        0  0.1035E-02  0.1780E+01  0.0000E+00  0.0000E+00
     1    61     1     2        0  0.0000E+00  0.3204E+00  0.0000E+00  0.0000E+00
