SUMMARY OF C0NVERGENCE INFORMATION
  STEP   INC  ATT   ITER     CONT.   RESID.        CORR.      RESID.      CORR.
                              EL.    FORCE         DISP       FLUX        TEMP.
                              (#)     (%)           (%)        (%)         (%)
     1     1     1     1        0  0.0000E+00  0.1000E+03  0.0000E+00  0.0000E+00
     1     1     1     2        0  0.0000E+00  0.8059E+01  0.0000E+00  0.0000E+00
     1     2     1     1        0  0.0000E+00  0.6500E+01  0.0000E+00  0.0000E+00
     1     2     1     2        0  0.0000E+00  0.4988E-01  0.0000E+00  0.0000E+00
     1     3     1     1        0  0.0000E+00  0.1676E+02  0.0000E+00  0.0000E+00
     1     3     1     2        0  0.0000E+00  0.2439E+00  0.0000E+00  0.0000E+00
     1     4     1     1        0  0.0000E+00  0.2975E+02  0.0000E+00  0.0000E+00
     1     4     1     2        0  0.0000E+00  0.1274E+02  0.0000E+00  0.0000E+00
     1     5     1     1        0  0.0000E+00  0.1501E+02  0.0000E+00  0.0000E+00
     1     5     1     2        0  0.2845E+02  0.5128E+02  0.0000E+00  0.0000E+00
     1     5     1     3        0  0.0000E+00  0.1444E+02  0.0000E+00  0.0000E+00
     1     6     1     1        0  0.3017E+02  0.6074E+02  0.0000E+00  0.0000E+00
     1     6     1     2        0  0.0000E+00  0.1284E+02  0.0000E+00  0.0000E+00
     1     7     1     1        0  0.0000E+00  0.4020E+02  0.0000E+00  0.0000E+00
     1     7     1     2        0  0.0000E+00  0.1886E+01  0.0000E+00  0.0000E+00
     1     8     1     1        0  0.0000E+00  0.2542E+01  0.0000E+00  0.0000E+00
     1     8     1     2        0  0.0000E+00  0.4776E-01  0.0000E+00  0.0000E+00
     1     9     1     1        0  0.0000E+00  0.1163E+01  0.0000E+00  0.0000E+00
     1     9     1     2        0  0.0000E+00  0.2506E-01  0.0000E+00  0.0000E+00
     1    10     1     1        0  0.0000E+00  0.8425E+00  0.0000E+00  0.0000E+00
     1    10     1     2        0  0.0000E+00  0.1207E-01  0.0000E+00  0.0000E+00
     1    11     1     1        0  0.0000E+00  0.6123E+00  0.0000E+00  0.0000E+00
     1    11     1     2        0  0.0000E+00  0.4814E-02  0.0000E+00  0.0000E+00
     1    12     1     1        0  0.0000E+00  0.4429E+00  0.0000E+00  0.0000E+00
     1    12     1     2        0  0.0000E+00  0.7028E-03  0.0000E+00  0.0000E+00
     1    13     1     1        0  0.0000E+00  0.3258E+00  0.0000E+00  0.0000E+00
     1    13     1     2        0  0.0000E+00  0.2064E-02  0.0000E+00  0.0000E+00
     1    14     1     1        0  0.0000E+00  0.2432E+00  0.0000E+00  0.0000E+00
     1    14     1     2        0  0.0000E+00  0.3880E-02  0.0000E+00  0.0000E+00
     1    15     1     1        0  0.0000E+00  0.1832E+00  0.0000E+00  0.0000E+00
     1    15     1     2        0  0.0000E+00  0.5160E-02  0.0000E+00  0.0000E+00
     1    16     1     1        0  0.0000E+00  0.1426E+00  0.0000E+00  0.0000E+00
     1    16     1     2        0  0.0000E+00  0.6089E-02  0.0000E+00  0.0000E+00
     1    17     1     1        0  0.0000E+00  0.1490E+00  0.0000E+00  0.0000E+00
     1    17     1     2        0  0.0000E+00  0.6782E-02  0.0000E+00  0.0000E+00
     1    18     1     1        0  0.0000E+00  0.1517E+00  0.0000E+00  0.0000E+00
     1    18     1     2        0  0.0000E+00  0.7309E-02  0.0000E+00  0.0000E+00
     1    19     1     1        0  0.0000E+00  0.1520E+00  0.0000E+00  0.0000E+00
     1    19     1     2        0  0.0000E+00  0.7715E-02  0.0000E+00  0.0000E+00
     1    20     1     1        0  0.0000E+00  0.1509E+00  0.0000E+00  0.0000E+00
     1    20     1     2        0  0.0000E+00  0.8031E-02  0.0000E+00  0.0000E+00
     1    21     1     1        0  0.0000E+00  0.1489E+00  0.0000E+00  0.0000E+00
     1    21     1     2        0  0.0000E+00  0.8278E-02  0.0000E+00  0.0000E+00
     1    22     1     1        0  0.0000E+00  0.9366E-01  0.0000E+00  0.0000E+00
     1    22     1     2        0  0.0000E+00  0.5278E-02  0.0000E+00  0.0000E+00
