SUMMARY OF JOB INFORMATION
  STEP      INC     ATT  ITRS     TOT TIME     STEP TIME      INC TIME
     1          1     1     2  0.500000E-02  0.500000E-02  0.500000E-02
     1          2     1     2  0.100000E-01  0.100000E-01  0.500000E-02
     1          3     1     2  0.175000E-01  0.175000E-01  0.750000E-02
     1          4     1     2  0.287500E-01  0.287500E-01  0.112500E-01
     1          5     1     2  0.456250E-01  0.456250E-01  0.168750E-01
     1          6     1     2  0.656250E-01  0.656250E-01  0.200000E-01
     1          7     1     2  0.856250E-01  0.856250E-01  0.200000E-01
     1          8     1     2  0.105625E+00  0.105625E+00  0.200000E-01
     1          9     1     2  0.125625E+00  0.125625E+00  0.200000E-01
     1         10     1     2  0.145625E+00  0.145625E+00  0.200000E-01
     1         11     1     2  0.165625E+00  0.165625E+00  0.200000E-01
     1         12     1     2  0.185625E+00  0.185625E+00  0.200000E-01
     1         13     1     2  0.205625E+00  0.205625E+00  0.200000E-01
     1         14     1     2  0.225625E+00  0.225625E+00  0.200000E-01
     1         15     1     2  0.245625E+00  0.245625E+00  0.200000E-01
     1         16     1     3  0.265625E+00  0.265625E+00  0.200000E-01
     1         17     1     4  0.285625E+00  0.285625E+00  0.200000E-01
     1         18     1    10  0.305625E+00  0.305625E+00  0.200000E-01
     1         19     1     9  0.325625E+00  0.325625E+00  0.200000E-01
     1         20     1U    8  0.325625E+00  0.325625E+00  0.200000E-01
     1         20     2     4  0.330625E+00  0.330625E+00  0.500000E-02
     1         21     1     2  0.335625E+00  0.335625E+00  0.500000E-02
     1         22     1     2  0.343125E+00  0.343125E+00  0.750000E-02
     1         23     1     2  0.354375E+00  0.354375E+00  0.112500E-01
     1         24     1     3  0.371250E+00  0.371250E+00  0.168750E-01
     1         25     1     3  0.391250E+00  0.391250E+00  0.200000E-01
     1         26     1     2  0.411250E+00  0.411250E+00  0.200000E-01
     1         27     1     2  0.431250E+00  0.431250E+00  0.200000E-01
     1         28     1     2  0.451250E+00  0.451250E+00  0.200000E-01
     1         29     1     2  0.471250E+00  0.471250E+00  0.200000E-01
     1         30     1     3  0.491250E+00  0.491250E+00  0.200000E-01
     1         31     1     3  0.511250E+00  0.511250E+00  0.200000E-01
     1         32     1     3  0.531250E+00  0.531250E+00  0.200000E-01
     1         33     1U    8  0.531250E+00  0.531250E+00  0.200000E-01
     1         33     2     2  0.536250E+00  0.536250E+00  0.500000E-02
     1         34     1U    8  0.536250E+00  0.536250E+00  0.500000E-02
     1         34     2    17  0.537500E+00  0.537500E+00  0.125000E-02
     1         35     1U    6  0.537500E+00  0.537500E+00  0.125000E-02
     1         35     2U    8  0.537500E+00  0.537500E+00  0.312500E-03
     1         35     3     2  0.537578E+00  0.537578E+00  0.781250E-04
     1         36     1     3  0.537656E+00  0.537656E+00  0.781250E-04
     1         37     1     2  0.537773E+00  0.537773E+00  0.117187E-03
     1         38     1     2  0.537949E+00  0.537949E+00  0.175781E-03
     1         39     1     2  0.538213E+00  0.538213E+00  0.263672E-03
     1         40     1     2  0.538608E+00  0.538608E+00  0.395508E-03
     1         41     1     2  0.539202E+00  0.539202E+00  0.593262E-03
     1         42     1     2  0.540092E+00  0.540092E+00  0.889893E-03
     1         43     1     2  0.541426E+00  0.541426E+00  0.133484E-02
     1         44     1     2  0.543429E+00  0.543429E+00  0.200226E-02
     1         45     1     2  0.546432E+00  0.546432E+00  0.300339E-02
     1         46     1     2  0.550937E+00  0.550937E+00  0.450508E-02
     1         47     1     2  0.557695E+00  0.557695E+00  0.675762E-02
     1         48     1     2  0.567831E+00  0.567831E+00  0.101364E-01
     1         49     1     2  0.583036E+00  0.583036E+00  0.152046E-01
     1         50     1     2  0.603036E+00  0.603036E+00  0.200000E-01
     1         51     1     2  0.623036E+00  0.623036E+00  0.200000E-01
     1         52     1     2  0.643036E+00  0.643036E+00  0.200000E-01
     1         53     1     2  0.663036E+00  0.663036E+00  0.200000E-01
     1         54     1U    8  0.663036E+00  0.663036E+00  0.200000E-01
     1         54     2     2  0.668036E+00  0.668036E+00  0.500000E-02
     1         55     1U   12  0.668036E+00  0.668036E+00  0.500000E-02
     1         55     2     2  0.669286E+00  0.669286E+00  0.125000E-02
     1         56     1     2  0.670536E+00  0.670536E+00  0.125000E-02
     1         57     1U    8  0.670536E+00  0.670536E+00  0.187500E-02
     1         57     2     2  0.671005E+00  0.671005E+00  0.468750E-03
     1         58     1     2  0.671473E+00  0.671473E+00  0.468750E-03
     1         59     1     2  0.672176E+00  0.672176E+00  0.703125E-03
     1         60     1     3  0.673231E+00  0.673231E+00  0.105469E-02
     1         61     1U    8  0.673231E+00  0.673231E+00  0.158203E-02
     1         61     2     2  0.673627E+00  0.673627E+00  0.395508E-03
     1         62     1U    8  0.673627E+00  0.673627E+00  0.395508E-03
     1         62     2U    8  0.673627E+00  0.673627E+00  0.988770E-04
     1         62     3     2  0.673651E+00  0.673651E+00  0.247192E-04
     1         63     1U    8  0.673651E+00  0.673651E+00  0.247192E-04
     1         63     2     5  0.673658E+00  0.673658E+00  0.617981E-05
     1         64     1U    8  0.673658E+00  0.673658E+00  0.617981E-05
     1         64     2U    6  0.673658E+00  0.673658E+00  0.154495E-05
