SUMMARY OF C0NVERGENCE INFORMATION
  STEP   INC  ATT   ITER     CONT.   RESID.        CORR.      RESID.      CORR.
                              EL.    FORCE         DISP       FLUX        TEMP.
                              (#)     (%)           (%)        (%)         (%)
     1     1     1     1        0  0.6975E-01  0.1000E+03  0.0000E+00  0.0000E+00
     1     1     1     2        0  0.0000E+00  0.3517E+01  0.0000E+00  0.0000E+00
     1     2     1     1        0  0.0000E+00  0.1002E+02  0.0000E+00  0.0000E+00
     1     2     1     2        0  0.0000E+00  0.2486E+00  0.0000E+00  0.0000E+00
     1     3     1     1        0  0.0000E+00  0.1557E+01  0.0000E+00  0.0000E+00
     1     3     1     2        0  0.0000E+00  0.2505E-01  0.0000E+00  0.0000E+00
     1     4     1     1        0  0.0000E+00  0.1704E+01  0.0000E+00  0.0000E+00
     1     4     1     2        0  0.0000E+00  0.8582E-02  0.0000E+00  0.0000E+00
     1     5     1     1        0  0.1052E-02  0.8887E+01  0.0000E+00  0.0000E+00
     1     5     1     2        0  0.0000E+00  0.4203E+01  0.0000E+00  0.0000E+00
     1     6     1     1        0  0.5591E-02  0.2213E+02  0.0000E+00  0.0000E+00
     1     6     1     2        0  0.0000E+00  0.4448E+00  0.0000E+00  0.0000E+00
     1     7     1     1        0  0.9128E-02  0.8462E+01  0.0000E+00  0.0000E+00
     1     7     1     2        0  0.0000E+00  0.5263E+00  0.0000E+00  0.0000E+00
     1     8     1     1        0  0.9921E-02  0.4916E+01  0.0000E+00  0.0000E+00
     1     8     1     2        0  0.0000E+00  0.5141E+00  0.0000E+00  0.0000E+00
     1     9     1     1        0  0.9993E-02  0.3888E+01  0.0000E+00  0.0000E+00
     1     9     1     2        0  0.0000E+00  0.3576E+00  0.0000E+00  0.0000E+00
     1    10     1     1        0  0.1038E-01  0.3087E+01  0.0000E+00  0.0000E+00
     1    10     1     2        0  0.0000E+00  0.8270E+00  0.0000E+00  0.0000E+00
     1    11     1     1        0  0.1237E-01  0.3607E+01  0.0000E+00  0.0000E+00
     1    11     1     2        0  0.0000E+00  0.7560E+00  0.0000E+00  0.0000E+00
     1    12     1     1        0  0.1586E-01  0.1938E+02  0.0000E+00  0.0000E+00
     1    12     1     2        0  0.0000E+00  0.9056E+00  0.0000E+00  0.0000E+00
     1    13     1     1        0  0.1877E-01  0.5386E+02  0.0000E+00  0.0000E+00
     1    13     1     2        0  0.0000E+00  0.2229E+02  0.0000E+00  0.0000E+00
     1    14     1     1        0  0.0000E+00  0.4888E+02  0.0000E+00  0.0000E+00
     1    14     1     2        0  0.0000E+00  0.9010E+00  0.0000E+00  0.0000E+00
