SUMMARY OF C0NVERGENCE INFORMATION
  STEP   INC  ATT   ITER     CONT.   RESID.        CORR.      RESID.      CORR.
                              EL.    FORCE         DISP       FLUX        TEMP.
                              (#)     (%)           (%)        (%)         (%)
     1     1     1     1        0  0.6868E-01  0.1000E+03  0.0000E+00  0.0000E+00
     1     1     1     2        0  0.0000E+00  0.3522E+01  0.0000E+00  0.0000E+00
     1     2     1     1        0  0.0000E+00  0.1004E+02  0.0000E+00  0.0000E+00
     1     2     1     2        0  0.0000E+00  0.2491E+00  0.0000E+00  0.0000E+00
     1     3     1     1        0  0.0000E+00  0.1558E+01  0.0000E+00  0.0000E+00
     1     3     1     2        0  0.0000E+00  0.2508E-01  0.0000E+00  0.0000E+00
     1     4     1     1        0  0.0000E+00  0.1688E+01  0.0000E+00  0.0000E+00
     1     4     1     2        0  0.0000E+00  0.8143E-02  0.0000E+00  0.0000E+00
     1     5     1     1        0  0.1044E-02  0.2838E+01  0.0000E+00  0.0000E+00
     1     5     1     2        0  0.0000E+00  0.8475E-01  0.0000E+00  0.0000E+00
     1     6     1     1        0  0.5605E-02  0.4329E+01  0.0000E+00  0.0000E+00
     1     6     1     2        0  0.0000E+00  0.3094E+00  0.0000E+00  0.0000E+00
     1     7     1     1        0  0.9069E-02  0.5205E+01  0.0000E+00  0.0000E+00
     1     7     1     2        0  0.0000E+00  0.5066E+00  0.0000E+00  0.0000E+00
     1     8     1     1        0  0.9801E-02  0.4890E+01  0.0000E+00  0.0000E+00
     1     8     1     2        0  0.0000E+00  0.4973E+00  0.0000E+00  0.0000E+00
     1     9     1     1        0  0.9691E-02  0.3893E+01  0.0000E+00  0.0000E+00
     1     9     1     2        0  0.0000E+00  0.3500E+00  0.0000E+00  0.0000E+00
     1    10     1     1        0  0.1241E-01  0.1760E+02  0.0000E+00  0.0000E+00
     1    10     1     2        0  0.0000E+00  0.1356E+01  0.0000E+00  0.0000E+00
     1    11     1     1        0  0.7887E-01  0.3323E+02  0.0000E+00  0.0000E+00
     1    11     1     2        0  0.7610E-02  0.1400E+02  0.0000E+00  0.0000E+00
     1    11     1     3        0  0.5459E-01  0.2983E+02  0.0000E+00  0.0000E+00
     1    11     1     4        0  0.0000E+00  0.2255E+01  0.0000E+00  0.0000E+00
     1    12     1     1        0  0.1250E+00  0.6842E+01  0.0000E+00  0.0000E+00
     1    12     1     2        0  0.7848E-01  0.3382E+02  0.0000E+00  0.0000E+00
     1    12     1     3        0  0.2407E-02  0.7330E+01  0.0000E+00  0.0000E+00
     1    13     1     1        0  0.1826E-01  0.7512E+01  0.0000E+00  0.0000E+00
     1    13     1     2        0  0.8315E-02  0.1225E+02  0.0000E+00  0.0000E+00
     1    13     1     3        0  0.0000E+00  0.1364E+01  0.0000E+00  0.0000E+00
     1    14     1     1        0  0.0000E+00  0.3585E+01  0.0000E+00  0.0000E+00
     1    14     1     2        0  0.0000E+00  0.4671E+00  0.0000E+00  0.0000E+00
