SUMMARY OF C0NVERGENCE INFORMATION
  STEP   INC  ATT   ITER     CONT.   RESID.        CORR.      RESID.      CORR.
                              EL.    FORCE         DISP       FLUX        TEMP.
                              (#)     (%)           (%)        (%)         (%)
     1     1     1     1        0  0.5272E+02  0.1000E+03  0.0000E+00  0.0000E+00
     1     1     1     2        0  0.0000E+00  0.8692E+01  0.0000E+00  0.0000E+00
     1     2     1     1        0  0.0000E+00  0.2994E+02  0.0000E+00  0.0000E+00
     1     2     1     2        0  0.0000E+00  0.8485E+01  0.0000E+00  0.0000E+00
     1     3     1     1        0  0.0000E+00  0.2274E+02  0.0000E+00  0.0000E+00
     1     3     1     2        0  0.0000E+00  0.9220E+00  0.0000E+00  0.0000E+00
     1     4     1     1        0  0.0000E+00  0.3269E+01  0.0000E+00  0.0000E+00
     1     4     1     2        0  0.0000E+00  0.1164E+00  0.0000E+00  0.0000E+00
     1     5     1     1        0  0.0000E+00  0.1285E+01  0.0000E+00  0.0000E+00
     1     5     1     2        0  0.0000E+00  0.9086E-02  0.0000E+00  0.0000E+00
     1     6     1     1        0  0.0000E+00  0.6152E+00  0.0000E+00  0.0000E+00
     1     6     1     2        0  0.0000E+00  0.3335E-01  0.0000E+00  0.0000E+00
     1     7     1     1        0  0.0000E+00  0.6082E+00  0.0000E+00  0.0000E+00
     1     7     1     2        0  0.0000E+00  0.3888E-01  0.0000E+00  0.0000E+00
     1     8     1     1        0  0.0000E+00  0.5628E+00  0.0000E+00  0.0000E+00
     1     8     1     2        0  0.0000E+00  0.4021E-01  0.0000E+00  0.0000E+00
     1     9     1     1        0  0.0000E+00  0.5105E+00  0.0000E+00  0.0000E+00
     1     9     1     2        0  0.0000E+00  0.4000E-01  0.0000E+00  0.0000E+00
     1    10     1     1        0  0.0000E+00  0.4615E+00  0.0000E+00  0.0000E+00
     1    10     1     2        0  0.0000E+00  0.3907E-01  0.0000E+00  0.0000E+00
     1    11     1     1        0  0.0000E+00  0.4392E+00  0.0000E+00  0.0000E+00
     1    11     1     2        0  0.0000E+00  0.3778E-01  0.0000E+00  0.0000E+00
     1    12     1     1        0  0.0000E+00  0.4516E+00  0.0000E+00  0.0000E+00
     1    12     1     2        0  0.0000E+00  0.3633E-01  0.0000E+00  0.0000E+00
     1    13     1     1        0  0.0000E+00  0.4607E+00  0.0000E+00  0.0000E+00
     1    13     1     2        0  0.0000E+00  0.3480E-01  0.0000E+00  0.0000E+00
     1    14     1     1        0  0.0000E+00  0.4679E+00  0.0000E+00  0.0000E+00
     1    14     1     2        0  0.0000E+00  0.3327E-01  0.0000E+00  0.0000E+00
     1    15     1     1        0  0.0000E+00  0.4739E+00  0.0000E+00  0.0000E+00
     1    15     1     2        0  0.0000E+00  0.3177E-01  0.0000E+00  0.0000E+00
     1    16     1     1        0  0.0000E+00  0.4790E+00  0.0000E+00  0.0000E+00
     1    16     1     2        0  0.0000E+00  0.3032E-01  0.0000E+00  0.0000E+00
     1    17     1     1        0  0.0000E+00  0.4837E+00  0.0000E+00  0.0000E+00
     1    17     1     2        0  0.0000E+00  0.2893E-01  0.0000E+00  0.0000E+00
     1    18     1     1        0  0.0000E+00  0.4880E+00  0.0000E+00  0.0000E+00
     1    18     1     2        0  0.0000E+00  0.2761E-01  0.0000E+00  0.0000E+00
     1    19     1     1        0  0.0000E+00  0.4920E+00  0.0000E+00  0.0000E+00
     1    19     1     2        0  0.0000E+00  0.2636E-01  0.0000E+00  0.0000E+00
     1    20     1     1        0  0.0000E+00  0.4958E+00  0.0000E+00  0.0000E+00
     1    20     1     2        0  0.0000E+00  0.2519E-01  0.0000E+00  0.0000E+00
     1    21     1     1        0  0.0000E+00  0.4995E+00  0.0000E+00  0.0000E+00
     1    21     1     2        0  0.0000E+00  0.2409E-01  0.0000E+00  0.0000E+00
     1    22     1     1        0  0.0000E+00  0.3143E+00  0.0000E+00  0.0000E+00
     1    22     1     2        0  0.0000E+00  0.1678E-01  0.0000E+00  0.0000E+00
