SUMMARY OF C0NVERGENCE INFORMATION
  STEP   INC  ATT   ITER     CONT.   RESID.        CORR.      RESID.      CORR.
                              EL.    FORCE         DISP       FLUX        TEMP.
                              (#)     (%)           (%)        (%)         (%)
     1     1     1     1        0  0.1407E+00  0.1000E+03  0.0000E+00  0.0000E+00
     1     1     1     2        0  0.2771E-02  0.1721E+02  0.0000E+00  0.0000E+00
     1     1     1     3        0  0.0000E+00  0.1466E+00  0.0000E+00  0.0000E+00
     1     2     1     1        0  0.0000E+00  0.1197E+02  0.0000E+00  0.0000E+00
     1     2     1     2        0  0.0000E+00  0.1135E+00  0.0000E+00  0.0000E+00
     1     3     1     1        0  0.0000E+00  0.1084E+01  0.0000E+00  0.0000E+00
     1     3     1     2        0  0.0000E+00  0.5470E-02  0.0000E+00  0.0000E+00
     1     4     1     1        0  0.0000E+00  0.5496E+00  0.0000E+00  0.0000E+00
     1     4     1     2        0  0.0000E+00  0.4865E-02  0.0000E+00  0.0000E+00
     1     5     1     1        0  0.0000E+00  0.1090E+01  0.0000E+00  0.0000E+00
     1     5     1     2        0  0.0000E+00  0.1391E-01  0.0000E+00  0.0000E+00
     1     6     1     1        0  0.1560E-02  0.3159E+01  0.0000E+00  0.0000E+00
     1     6     1     2        0  0.0000E+00  0.2881E-01  0.0000E+00  0.0000E+00
     1     7     1     1        0  0.1879E-02  0.7115E+02  0.0000E+00  0.0000E+00
     1     7     1     2        0  0.0000E+00  0.1026E+02  0.0000E+00  0.0000E+00
     1     8     1     1        0  0.6186E-02  0.1000E+03  0.0000E+00  0.0000E+00
     1     8     1     2        0  0.0000E+00  0.5410E+01  0.0000E+00  0.0000E+00
     1     9     1     1        0  0.2679E-02  0.1000E+03  0.0000E+00  0.0000E+00
     1     9     1     2        0  0.0000E+00  0.2220E+01  0.0000E+00  0.0000E+00
     1    10     1     1        0  0.2039E-02  0.3166E+02  0.0000E+00  0.0000E+00
     1    10     1     2        0  0.0000E+00  0.6889E+00  0.0000E+00  0.0000E+00
     1    11     1     1        0  0.1077E-01  0.1000E+03  0.0000E+00  0.0000E+00
     1    11     1     2        0  0.0000E+00  0.1985E+02  0.0000E+00  0.0000E+00
     1    12     1     1        0  0.2806E+00  0.1000E+03  0.0000E+00  0.0000E+00
     1    12     1     2        0  0.2448E-01  0.3457E+02  0.0000E+00  0.0000E+00
     1    12     1     3        0  0.6458E-01  0.3592E+02  0.0000E+00  0.0000E+00
     1    12     1     4        0  0.1048E-01  0.1594E+02  0.0000E+00  0.0000E+00
     1    12     1     5        0  0.1372E-02  0.5127E+01  0.0000E+00  0.0000E+00
     1    13     1     1        0  0.1422E+00  0.1000E+03  0.0000E+00  0.0000E+00
     1    13     1     2        0  0.7526E-01  0.7202E+02  0.0000E+00  0.0000E+00
     1    13     1     3        0  0.0000E+00  0.1017E+02  0.0000E+00  0.0000E+00
     1    14     1     1        0  0.3325E-02  0.2392E+02  0.0000E+00  0.0000E+00
     1    14     1     2        0  0.0000E+00  0.3929E+01  0.0000E+00  0.0000E+00
     1    15     1     1        0  0.2271E-02  0.1831E+02  0.0000E+00  0.0000E+00
     1    15     1     2        0  0.0000E+00  0.1068E+01  0.0000E+00  0.0000E+00
     1    16     1     1        0  0.2138E-02  0.1526E+02  0.0000E+00  0.0000E+00
     1    16     1     2        0  0.0000E+00  0.4969E+00  0.0000E+00  0.0000E+00
     1    17     1     1        0  0.2048E-02  0.4490E+02  0.0000E+00  0.0000E+00
     1    17     1     2        0  0.0000E+00  0.1196E+02  0.0000E+00  0.0000E+00
     1    18     1     1        0  0.2297E+00  0.1000E+03  0.0000E+00  0.0000E+00
     1    18     1     2        0  0.6679E-01  0.2137E+02  0.0000E+00  0.0000E+00
     1    18     1     3        0  0.8988E-02  0.1900E+02  0.0000E+00  0.0000E+00
     1    18     1     4        0  0.5483E-02  0.1301E+02  0.0000E+00  0.0000E+00
     1    18     1     5        0  0.2400E-01  0.2609E+02  0.0000E+00  0.0000E+00
     1    18     1     6        0  0.3787E-02  0.1020E+02  0.0000E+00  0.0000E+00
     1    18     1     7        0  0.0000E+00  0.1621E+01  0.0000E+00  0.0000E+00
     1    19     1     1        0  0.3750E-02  0.3667E+02  0.0000E+00  0.0000E+00
     1    19     1     2        0  0.1338E-02  0.2274E+02  0.0000E+00  0.0000E+00
     1    19     1     3        0  0.0000E+00  0.6826E+01  0.0000E+00  0.0000E+00
     1    20     1     1        0  0.1491E-01  0.2299E+02  0.0000E+00  0.0000E+00
     1    20     1     2        0  0.0000E+00  0.2713E+01  0.0000E+00  0.0000E+00
     1    21     1     1        0  0.7169E-01  0.3202E+02  0.0000E+00  0.0000E+00
     1    21     1     2        0  0.1301E-01  0.1388E+02  0.0000E+00  0.0000E+00
     1    21     1     3        0  0.1699E-01  0.1608E+02  0.0000E+00  0.0000E+00
     1    21     1     4        0  0.0000E+00  0.3271E+00  0.0000E+00  0.0000E+00
     1    22     1     1        0  0.1509E-01  0.1261E+02  0.0000E+00  0.0000E+00
     1    22     1     2        0  0.1325E-01  0.1651E+02  0.0000E+00  0.0000E+00
     1    22     1     3        0  0.0000E+00  0.1988E+01  0.0000E+00  0.0000E+00
     1    23     1     1        0  0.3742E-02  0.1381E+02  0.0000E+00  0.0000E+00
     1    23     1     2        0  0.6804E-02  0.1060E+02  0.0000E+00  0.0000E+00
     1    23     1     3        0  0.0000E+00  0.7882E+00  0.0000E+00  0.0000E+00
     1    24     1     1        0  0.1522E-02  0.1583E+02  0.0000E+00  0.0000E+00
     1    24     1     2        0  0.0000E+00  0.3379E+01  0.0000E+00  0.0000E+00
     1    25     1     1        0  0.1390E-02  0.1619E+02  0.0000E+00  0.0000E+00
     1    25     1     2        0  0.0000E+00  0.1461E+01  0.0000E+00  0.0000E+00
     1    26     1     1        0  0.1481E-02  0.1504E+02  0.0000E+00  0.0000E+00
     1    26     1     2        0  0.0000E+00  0.8624E+00  0.0000E+00  0.0000E+00
     1    27     1     1        0  0.1576E-02  0.1482E+02  0.0000E+00  0.0000E+00
     1    27     1     2        0  0.0000E+00  0.1262E+01  0.0000E+00  0.0000E+00
     1    28     1     1        0  0.1772E-02  0.2220E+02  0.0000E+00  0.0000E+00
     1    28     1     2        0  0.0000E+00  0.1238E+01  0.0000E+00  0.0000E+00
     1    29     1     1        0  0.4187E-02  0.4227E+02  0.0000E+00  0.0000E+00
     1    29     1     2        0  0.0000E+00  0.2923E+01  0.0000E+00  0.0000E+00
     1    30     1     1        0  0.4744E-02  0.4583E+02  0.0000E+00  0.0000E+00
     1    30     1     2        0  0.0000E+00  0.9121E+01  0.0000E+00  0.0000E+00
     1    31     1     1        0  0.3368E-02  0.2685E+02  0.0000E+00  0.0000E+00
     1    31     1     2        0  0.0000E+00  0.3312E+01  0.0000E+00  0.0000E+00
     1    32     1     1        0  0.2132E-02  0.1850E+02  0.0000E+00  0.0000E+00
     1    32     1     2        0  0.0000E+00  0.2532E+01  0.0000E+00  0.0000E+00
     1    33     1     1        0  0.1871E-02  0.1262E+02  0.0000E+00  0.0000E+00
     1    33     1     2        0  0.0000E+00  0.1193E+01  0.0000E+00  0.0000E+00
     1    34     1     1        0  0.1650E-02  0.8252E+01  0.0000E+00  0.0000E+00
     1    34     1     2        0  0.0000E+00  0.3298E+00  0.0000E+00  0.0000E+00
     1    35     1     1        0  0.1468E-02  0.9134E+01  0.0000E+00  0.0000E+00
     1    35     1     2        0  0.0000E+00  0.3504E+00  0.0000E+00  0.0000E+00
     1    36     1     1        0  0.1363E-02  0.1395E+02  0.0000E+00  0.0000E+00
     1    36     1     2        0  0.0000E+00  0.1192E+01  0.0000E+00  0.0000E+00
     1    37     1     1        0  0.1610E-02  0.2189E+02  0.0000E+00  0.0000E+00
     1    37     1     2        0  0.0000E+00  0.5649E+01  0.0000E+00  0.0000E+00
     1    38     1     1        0  0.8587E-02  0.5699E+02  0.0000E+00  0.0000E+00
     1    38     1     2        0  0.8785E+00  0.1000E+03  0.0000E+00  0.0000E+00
     1    38     1     3        0  0.7979E-01  0.2217E+02  0.0000E+00  0.0000E+00
     1    38     1     4        0  0.1798E+00  0.4779E+02  0.0000E+00  0.0000E+00
     1    38     1     5        0  0.6871E-02  0.1048E+02  0.0000E+00  0.0000E+00
     1    39     1     1        0  0.1764E+00  0.3736E+02  0.0000E+00  0.0000E+00
     1    39     1     2        0  0.7115E+00  0.1000E+03  0.0000E+00  0.0000E+00
     1    39     1     3        0  0.5851E-01  0.1811E+02  0.0000E+00  0.0000E+00
     1    39     1     4        0  0.4675E+00  0.8260E+02  0.0000E+00  0.0000E+00
     1    39     1     5        0  0.3133E-01  0.1027E+02  0.0000E+00  0.0000E+00
     1    39     1     6        0  0.5503E-02  0.5920E+01  0.0000E+00  0.0000E+00
     1    40     1     1        0  0.3411E+00  0.4692E+02  0.0000E+00  0.0000E+00
     1    40     1     2        0  0.8126E+00  0.1000E+03  0.0000E+00  0.0000E+00
     1    40     1     3        0  0.3082E-01  0.1813E+02  0.0000E+00  0.0000E+00
     1    41     1     1        0  0.1635E+04  0.1000E+03  0.0000E+00  0.0000E+00
     1    41     1     2        0  0.2525E+06  0.1000E+03  0.0000E+00  0.0000E+00
     1    41     1     3        0  0.1839E+09  0.1000E+03  0.0000E+00  0.0000E+00
     1    41     1     4        0  0.7813E+14  0.1000E+03  0.0000E+00  0.0000E+00
     1    41     1     5        0  0.3637E+29  0.1000E+03  0.0000E+00  0.0000E+00
     1    41     2     1        0  0.2621E-01  0.6038E+02  0.0000E+00  0.0000E+00
     1    41     2     2        0  0.5178E-01  0.4534E+02  0.0000E+00  0.0000E+00
     1    41     2     3        0  0.3651E-02  0.1812E+02  0.0000E+00  0.0000E+00
     1    41     2     4        0  0.0000E+00  0.3148E+01  0.0000E+00  0.0000E+00
     1    42     1     1        0  0.4915E-02  0.6771E+02  0.0000E+00  0.0000E+00
     1    42     1     2        0  0.0000E+00  0.1497E+02  0.0000E+00  0.0000E+00
     1    43     1     1        0  0.1537E-02  0.1902E+02  0.0000E+00  0.0000E+00
     1    43     1     2        0  0.0000E+00  0.6160E+01  0.0000E+00  0.0000E+00
     1    44     1     1        0  0.3090E-02  0.2135E+02  0.0000E+00  0.0000E+00
     1    44     1     2        0  0.0000E+00  0.1613E+02  0.0000E+00  0.0000E+00
     1    45     1     1        0  0.3097E-02  0.2443E+02  0.0000E+00  0.0000E+00
     1    45     1     2        0  0.1119E-02  0.1779E+02  0.0000E+00  0.0000E+00
     1    45     1     3        0  0.0000E+00  0.1129E+01  0.0000E+00  0.0000E+00
     1    46     1     1        0  0.2355E-02  0.2530E+02  0.0000E+00  0.0000E+00
     1    46     1     2        0  0.0000E+00  0.9979E+01  0.0000E+00  0.0000E+00
     1    47     1     1        0  0.1635E-02  0.2426E+02  0.0000E+00  0.0000E+00
     1    47     1     2        0  0.0000E+00  0.6553E+01  0.0000E+00  0.0000E+00
     1    48     1     1        0  0.1241E-02  0.3882E+02  0.0000E+00  0.0000E+00
     1    48     1     2        0  0.0000E+00  0.9609E+01  0.0000E+00  0.0000E+00
     1    49     1     1        0  0.8130E-02  0.9029E+02  0.0000E+00  0.0000E+00
     1    49     1     2        0  0.1648E-02  0.4012E+02  0.0000E+00  0.0000E+00
     1    49     1     3        0  0.0000E+00  0.1010E+02  0.0000E+00  0.0000E+00
     1    50     1     1        0  0.6451E-02  0.3269E+02  0.0000E+00  0.0000E+00
     1    50     1     2        0  0.2912E-01  0.7861E+02  0.0000E+00  0.0000E+00
     1    50     1     3        0  0.0000E+00  0.7119E+01  0.0000E+00  0.0000E+00
     1    51     1     1        0  0.3123E-01  0.1870E+02  0.0000E+00  0.0000E+00
     1    51     1     2        0  0.1289E-01  0.2284E+02  0.0000E+00  0.0000E+00
     1    51     1     3        0  0.0000E+00  0.8167E+00  0.0000E+00  0.0000E+00
     1    52     1     1        0  0.7790E-02  0.2708E+02  0.0000E+00  0.0000E+00
     1    52     1     2        0  0.1924E-02  0.1327E+02  0.0000E+00  0.0000E+00
     1    52     1     3        0  0.0000E+00  0.1756E+00  0.0000E+00  0.0000E+00
     1    53     1     1        0  0.7154E-02  0.1419E+02  0.0000E+00  0.0000E+00
     1    53     1     2        0  0.0000E+00  0.3587E+01  0.0000E+00  0.0000E+00
     1    54     1     1        0  0.7451E-02  0.1731E+02  0.0000E+00  0.0000E+00
     1    54     1     2        0  0.0000E+00  0.1240E+01  0.0000E+00  0.0000E+00
     1    55     1     1        0  0.8175E-02  0.1871E+02  0.0000E+00  0.0000E+00
     1    55     1     2        0  0.0000E+00  0.1220E+01  0.0000E+00  0.0000E+00
     1    56     1     1        0  0.0000E+00  0.1047E+02  0.0000E+00  0.0000E+00
     1    56     1     2        0  0.0000E+00  0.2541E+01  0.0000E+00  0.0000E+00
