SUMMARY OF C0NVERGENCE INFORMATION
  STEP   INC  ATT   ITER     CONT.   RESID.        CORR.      RESID.      CORR.
                              EL.    FORCE         DISP       FLUX        TEMP.
                              (#)     (%)           (%)        (%)         (%)
     1     1     1     1        0  0.3967E-02  0.1000E+03  0.0000E+00  0.0000E+00
     1     1     1     2        0  0.0000E+00  0.2627E+01  0.0000E+00  0.0000E+00
     1     2     1     1        0  0.6033E-02  0.1620E+02  0.0000E+00  0.0000E+00
     1     2     1     2        0  0.6570E-02  0.1474E+02  0.0000E+00  0.0000E+00
     1     2     1     3        0  0.0000E+00  0.6475E+01  0.0000E+00  0.0000E+00
     1     3     1     1        0  0.0000E+00  0.2958E+02  0.0000E+00  0.0000E+00
     1     3     1     2        0  0.0000E+00  0.9864E+00  0.0000E+00  0.0000E+00
     1     4     1     1        0  0.0000E+00  0.8197E+01  0.0000E+00  0.0000E+00
     1     4     1     2        0  0.0000E+00  0.2678E+00  0.0000E+00  0.0000E+00
     1     5     1     1        0  0.0000E+00  0.2402E+01  0.0000E+00  0.0000E+00
     1     5     1     2        0  0.0000E+00  0.4612E-01  0.0000E+00  0.0000E+00
     1     6     1     1        0  0.0000E+00  0.1183E+01  0.0000E+00  0.0000E+00
     1     6     1     2        0  0.0000E+00  0.6383E-02  0.0000E+00  0.0000E+00
     1     7     1     1        0  0.0000E+00  0.5438E+00  0.0000E+00  0.0000E+00
     1     7     1     2        0  0.0000E+00  0.2967E-02  0.0000E+00  0.0000E+00
     1     8     1     1        0  0.0000E+00  0.3962E+00  0.0000E+00  0.0000E+00
     1     8     1     2        0  0.0000E+00  0.1538E-02  0.0000E+00  0.0000E+00
     1     9     1     1        0  0.0000E+00  0.5662E+00  0.0000E+00  0.0000E+00
     1     9     1     2        0  0.0000E+00  0.8508E-02  0.0000E+00  0.0000E+00
     1    10     1     1        0  0.0000E+00  0.7769E+00  0.0000E+00  0.0000E+00
     1    10     1     2        0  0.0000E+00  0.2057E-01  0.0000E+00  0.0000E+00
     1    11     1     1        0  0.0000E+00  0.6769E+00  0.0000E+00  0.0000E+00
     1    11     1     2        0  0.0000E+00  0.3987E-01  0.0000E+00  0.0000E+00
     1    12     1     1        0  0.0000E+00  0.8336E+00  0.0000E+00  0.0000E+00
     1    12     1     2        0  0.0000E+00  0.1483E-01  0.0000E+00  0.0000E+00
     1    13     1     1        0  0.0000E+00  0.6239E+00  0.0000E+00  0.0000E+00
     1    13     1     2        0  0.0000E+00  0.4919E-02  0.0000E+00  0.0000E+00
     1    14     1     1        0  0.0000E+00  0.4392E+00  0.0000E+00  0.0000E+00
     1    14     1     2        0  0.0000E+00  0.1997E-02  0.0000E+00  0.0000E+00
     1    15     1     1        0  0.0000E+00  0.4623E+00  0.0000E+00  0.0000E+00
     1    15     1     2        0  0.0000E+00  0.2142E-02  0.0000E+00  0.0000E+00
     1    16     1     1        0  0.0000E+00  0.5018E+00  0.0000E+00  0.0000E+00
     1    16     1     2        0  0.0000E+00  0.2271E-02  0.0000E+00  0.0000E+00
     1    17     1     1        0  0.0000E+00  0.5470E+00  0.0000E+00  0.0000E+00
     1    17     1     2        0  0.0000E+00  0.2402E-02  0.0000E+00  0.0000E+00
     1    18     1     1        0  0.0000E+00  0.5970E+00  0.0000E+00  0.0000E+00
     1    18     1     2        0  0.0000E+00  0.2534E-02  0.0000E+00  0.0000E+00
     1    19     1     1        0  0.0000E+00  0.6535E+00  0.0000E+00  0.0000E+00
     1    19     1     2        0  0.0000E+00  0.2667E-02  0.0000E+00  0.0000E+00
     1    20     1     1        0  0.0000E+00  0.7178E+00  0.0000E+00  0.0000E+00
     1    20     1     2        0  0.0000E+00  0.2824E-02  0.0000E+00  0.0000E+00
     1    21     1     1        0  0.0000E+00  0.7918E+00  0.0000E+00  0.0000E+00
     1    21     1     2        0  0.0000E+00  0.2980E-02  0.0000E+00  0.0000E+00
     1    22     1     1        0  0.0000E+00  0.8777E+00  0.0000E+00  0.0000E+00
     1    22     1     2        0  0.0000E+00  0.3136E-02  0.0000E+00  0.0000E+00
     1    23     1     1        0  0.0000E+00  0.9784E+00  0.0000E+00  0.0000E+00
     1    23     1     2        0  0.0000E+00  0.3293E-02  0.0000E+00  0.0000E+00
     1    24     1     1        0  0.0000E+00  0.1097E+01  0.0000E+00  0.0000E+00
     1    24     1     2        0  0.0000E+00  0.3450E-02  0.0000E+00  0.0000E+00
     1    25     1     1        0  0.0000E+00  0.1240E+01  0.0000E+00  0.0000E+00
     1    25     1     2        0  0.0000E+00  0.3609E-02  0.0000E+00  0.0000E+00
     1    26     1     1        0  0.0000E+00  0.1413E+01  0.0000E+00  0.0000E+00
     1    26     1     2        0  0.0000E+00  0.3768E-02  0.0000E+00  0.0000E+00
     1    27     1     1        0  0.0000E+00  0.1627E+01  0.0000E+00  0.0000E+00
     1    27     1     2        0  0.0000E+00  0.3928E-02  0.0000E+00  0.0000E+00
     1    28     1     1        0  0.0000E+00  0.1895E+01  0.0000E+00  0.0000E+00
     1    28     1     2        0  0.0000E+00  0.4090E-02  0.0000E+00  0.0000E+00
     1    29     1     1        0  0.0000E+00  0.2239E+01  0.0000E+00  0.0000E+00
     1    29     1     2        0  0.0000E+00  0.4252E-02  0.0000E+00  0.0000E+00
     1    30     1     1        0  0.0000E+00  0.2693E+01  0.0000E+00  0.0000E+00
     1    30     1     2        0  0.0000E+00  0.4416E-02  0.0000E+00  0.0000E+00
     1    31     1     1        0  0.0000E+00  0.3309E+01  0.0000E+00  0.0000E+00
     1    31     1     2        0  0.0000E+00  0.4580E-02  0.0000E+00  0.0000E+00
     1    32     1     1        0  0.0000E+00  0.4179E+01  0.0000E+00  0.0000E+00
     1    32     1     2        0  0.0000E+00  0.4744E-02  0.0000E+00  0.0000E+00
     1    33     1     1        0  0.0000E+00  0.5467E+01  0.0000E+00  0.0000E+00
     1    33     1     2        0  0.0000E+00  0.4905E-02  0.0000E+00  0.0000E+00
     1    34     1     1        0  0.0000E+00  0.7497E+01  0.0000E+00  0.0000E+00
     1    34     1     2        0  0.0000E+00  0.5061E-02  0.0000E+00  0.0000E+00
     1    35     1     1        0  0.0000E+00  0.1098E+02  0.0000E+00  0.0000E+00
     1    35     1     2        0  0.0000E+00  0.1142E-01  0.0000E+00  0.0000E+00
     1    36     1     1        0  0.0000E+00  0.2097E+02  0.0000E+00  0.0000E+00
     1    36     1     2        0  0.0000E+00  0.3572E-01  0.0000E+00  0.0000E+00
     1    37     1     1        0  0.0000E+00  0.4852E+02  0.0000E+00  0.0000E+00
     1    37     1     2        0  0.0000E+00  0.1932E+00  0.0000E+00  0.0000E+00
     1    38     1     1        0  0.0000E+00  0.1000E+03  0.0000E+00  0.0000E+00
     1    38     1     2        0  0.0000E+00  0.2534E+01  0.0000E+00  0.0000E+00
     1    39     1     1        0  0.9730E-02  0.1000E+03  0.0000E+00  0.0000E+00
     1    39     1     2        0  0.0000E+00  0.3101E+02  0.0000E+00  0.0000E+00
     1    40     1     1        0  0.0000E+00  0.2495E+02  0.0000E+00  0.0000E+00
     1    40     1     2        0  0.0000E+00  0.8488E+01  0.0000E+00  0.0000E+00
     1    41     1     1        0  0.0000E+00  0.3424E+02  0.0000E+00  0.0000E+00
     1    41     1     2        0  0.0000E+00  0.3772E+01  0.0000E+00  0.0000E+00
     1    42     1     1        0  0.0000E+00  0.2295E+02  0.0000E+00  0.0000E+00
     1    42     1     2        0  0.0000E+00  0.2510E+01  0.0000E+00  0.0000E+00
     1    43     1     1        0  0.0000E+00  0.1685E+02  0.0000E+00  0.0000E+00
     1    43     1     2        0  0.0000E+00  0.1067E+01  0.0000E+00  0.0000E+00
     1    44     1     1        0  0.0000E+00  0.1284E+02  0.0000E+00  0.0000E+00
     1    44     1     2        0  0.0000E+00  0.6577E+00  0.0000E+00  0.0000E+00
     1    45     1     1        0  0.0000E+00  0.1054E+02  0.0000E+00  0.0000E+00
     1    45     1     2        0  0.0000E+00  0.3629E+00  0.0000E+00  0.0000E+00
     1    46     1     1        0  0.0000E+00  0.8755E+01  0.0000E+00  0.0000E+00
     1    46     1     2        0  0.0000E+00  0.2169E+00  0.0000E+00  0.0000E+00
     1    47     1     1        0  0.0000E+00  0.7748E+01  0.0000E+00  0.0000E+00
     1    47     1     2        0  0.0000E+00  0.1325E+00  0.0000E+00  0.0000E+00
     1    48     1     1        0  0.0000E+00  0.6880E+01  0.0000E+00  0.0000E+00
     1    48     1     2        0  0.0000E+00  0.8311E-01  0.0000E+00  0.0000E+00
     1    49     1     1        0  0.0000E+00  0.6158E+01  0.0000E+00  0.0000E+00
     1    49     1     2        0  0.0000E+00  0.5289E-01  0.0000E+00  0.0000E+00
     1    50     1     1        0  0.0000E+00  0.5560E+01  0.0000E+00  0.0000E+00
     1    50     1     2        0  0.0000E+00  0.3346E-01  0.0000E+00  0.0000E+00
     1    51     1     1        0  0.0000E+00  0.5063E+01  0.0000E+00  0.0000E+00
     1    51     1     2        0  0.0000E+00  0.2035E-01  0.0000E+00  0.0000E+00
     1    52     1     1        0  0.0000E+00  0.4646E+01  0.0000E+00  0.0000E+00
     1    52     1     2        0  0.0000E+00  0.1105E-01  0.0000E+00  0.0000E+00
     1    53     1     1        0  0.0000E+00  0.3737E+01  0.0000E+00  0.0000E+00
     1    53     1     2        0  0.0000E+00  0.6616E-02  0.0000E+00  0.0000E+00
