SUMMARY OF C0NVERGENCE INFORMATION
  STEP   INC  ATT   ITER     CONT.   RESID.        CORR.      RESID.      CORR.
                              EL.    FORCE         DISP       FLUX        TEMP.
                              (#)     (%)           (%)        (%)         (%)
     1     1     1     1        0  0.5088E-01  0.1000E+03  0.0000E+00  0.0000E+00
     1     1     1     2        0  0.0000E+00  0.9555E+01  0.0000E+00  0.0000E+00
     1     2     1     1        0  0.0000E+00  0.1332E+02  0.0000E+00  0.0000E+00
     1     2     1     2        0  0.0000E+00  0.3151E+00  0.0000E+00  0.0000E+00
     1     3     1     1        0  0.0000E+00  0.1530E+01  0.0000E+00  0.0000E+00
     1     3     1     2        0  0.0000E+00  0.1718E-01  0.0000E+00  0.0000E+00
     1     4     1     1        0  0.0000E+00  0.6048E+00  0.0000E+00  0.0000E+00
     1     4     1     2        0  0.0000E+00  0.3285E-02  0.0000E+00  0.0000E+00
     1     5     1     1        0  0.0000E+00  0.7587E+00  0.0000E+00  0.0000E+00
     1     5     1     2        0  0.0000E+00  0.4362E-02  0.0000E+00  0.0000E+00
     1     6     1     1        0  0.0000E+00  0.1009E+01  0.0000E+00  0.0000E+00
     1     6     1     2        0  0.0000E+00  0.1029E-01  0.0000E+00  0.0000E+00
     1     7     1     1        0  0.0000E+00  0.1455E+01  0.0000E+00  0.0000E+00
     1     7     1     2        0  0.0000E+00  0.1133E-01  0.0000E+00  0.0000E+00
     1     8     1     1        0  0.0000E+00  0.1601E+01  0.0000E+00  0.0000E+00
     1     8     1     2        0  0.0000E+00  0.1406E-01  0.0000E+00  0.0000E+00
     1     9     1     1        0  0.0000E+00  0.1006E+01  0.0000E+00  0.0000E+00
     1     9     1     2        0  0.0000E+00  0.1407E-01  0.0000E+00  0.0000E+00
     1    10     1     1        0  0.0000E+00  0.1086E+02  0.0000E+00  0.0000E+00
     1    10     1     2        0  0.0000E+00  0.7592E-01  0.0000E+00  0.0000E+00
     1    11     1     1        0  0.0000E+00  0.1717E+02  0.0000E+00  0.0000E+00
     1    11     1     2        0  0.0000E+00  0.4855E-01  0.0000E+00  0.0000E+00
     1    12     1     1        0  0.0000E+00  0.6699E+01  0.0000E+00  0.0000E+00
     1    12     1     2        0  0.0000E+00  0.2928E-01  0.0000E+00  0.0000E+00
     1    13     1     1        0  0.0000E+00  0.1260E+01  0.0000E+00  0.0000E+00
     1    13     1     2        0  0.0000E+00  0.8874E-01  0.0000E+00  0.0000E+00
     1    14     1     1        0  0.0000E+00  0.4438E+01  0.0000E+00  0.0000E+00
     1    14     1     2        0  0.0000E+00  0.1405E+00  0.0000E+00  0.0000E+00
     1    15     1     1        0  0.0000E+00  0.3178E+02  0.0000E+00  0.0000E+00
     1    15     1     2        0  0.0000E+00  0.1845E+02  0.0000E+00  0.0000E+00
     1    16     1     1        0  0.9917E-02  0.1000E+03  0.0000E+00  0.0000E+00
     1    16     1     2        0  0.2238E-02  0.3904E+02  0.0000E+00  0.0000E+00
     1    16     1     3        0  0.0000E+00  0.1005E+02  0.0000E+00  0.0000E+00
     1    17     1     1        0  0.4003E-01  0.1000E+03  0.0000E+00  0.0000E+00
     1    17     1     2        0  0.4114E-02  0.3161E+02  0.0000E+00  0.0000E+00
     1    17     1     3        0  0.1282E-02  0.1787E+02  0.0000E+00  0.0000E+00
     1    17     1     4        0  0.0000E+00  0.5418E+01  0.0000E+00  0.0000E+00
     1    18     1     1        0  0.1175E-01  0.4593E+02  0.0000E+00  0.0000E+00
     1    18     1     2        0  0.1415E+00  0.1000E+03  0.0000E+00  0.0000E+00
     1    18     1     3        0  0.1157E+00  0.7235E+02  0.0000E+00  0.0000E+00
     1    18     1     4        0  0.1103E+00  0.8204E+02  0.0000E+00  0.0000E+00
     1    18     1     5        0  0.3396E-01  0.3977E+02  0.0000E+00  0.0000E+00
     1    18     1     6        0  0.1814E+00  0.9849E+02  0.0000E+00  0.0000E+00
     1    18     1     7        0  0.8558E-02  0.1566E+02  0.0000E+00  0.0000E+00
     1    18     1     8        0  0.3802E-01  0.4616E+02  0.0000E+00  0.0000E+00
     1    18     1     9        0  0.2952E-02  0.1429E+02  0.0000E+00  0.0000E+00
     1    18     1    10        0  0.0000E+00  0.7463E+01  0.0000E+00  0.0000E+00
     1    19     1     1        0  0.1354E+00  0.4224E+02  0.0000E+00  0.0000E+00
     1    19     1     2        0  0.3752E+00  0.4935E+02  0.0000E+00  0.0000E+00
     1    19     1     3        0  0.5766E-01  0.2895E+02  0.0000E+00  0.0000E+00
     1    19     1     4        0  0.9585E-01  0.3825E+02  0.0000E+00  0.0000E+00
     1    19     1     5        0  0.1494E-01  0.1933E+02  0.0000E+00  0.0000E+00
     1    19     1     6        0  0.3241E+00  0.9072E+02  0.0000E+00  0.0000E+00
     1    19     1     7        0  0.6160E-01  0.2340E+02  0.0000E+00  0.0000E+00
     1    19     1     8        0  0.4916E-01  0.3474E+02  0.0000E+00  0.0000E+00
     1    19     1     9        0  0.1867E-02  0.5776E+01  0.0000E+00  0.0000E+00
     1    20     1     1        0  0.1500E+01  0.5327E+02  0.0000E+00  0.0000E+00
     1    20     1     2        0  0.5371E+01  0.1000E+03  0.0000E+00  0.0000E+00
     1    20     1     3        0  0.7256E+01  0.7487E+02  0.0000E+00  0.0000E+00
     1    20     1     4        0  0.5455E+01  0.3957E+02  0.0000E+00  0.0000E+00
     1    20     1     5        0  0.2163E+01  0.3714E+02  0.0000E+00  0.0000E+00
     1    20     1     6        0  0.1297E+03  0.1000E+03  0.0000E+00  0.0000E+00
     1    20     1     7        0  0.1374E+04  0.5766E+02  0.0000E+00  0.0000E+00
     1    20     1     8        0  0.8700E+05  0.1000E+03  0.0000E+00  0.0000E+00
     1    20     2     1        0  0.1867E-01  0.5041E+02  0.0000E+00  0.0000E+00
     1    20     2     2        0  0.1063E-01  0.3713E+02  0.0000E+00  0.0000E+00
     1    20     2     3        0  0.1858E-02  0.1636E+02  0.0000E+00  0.0000E+00
     1    20     2     4        0  0.0000E+00  0.3122E+01  0.0000E+00  0.0000E+00
     1    21     1     1        0  0.0000E+00  0.1101E+02  0.0000E+00  0.0000E+00
     1    21     1     2        0  0.0000E+00  0.1282E+01  0.0000E+00  0.0000E+00
     1    22     1     1        0  0.0000E+00  0.3426E+02  0.0000E+00  0.0000E+00
     1    22     1     2        0  0.0000E+00  0.9884E+01  0.0000E+00  0.0000E+00
     1    23     1     1        0  0.2441E-02  0.2045E+02  0.0000E+00  0.0000E+00
     1    23     1     2        0  0.0000E+00  0.4259E+01  0.0000E+00  0.0000E+00
     1    24     1     1        0  0.1375E-01  0.4230E+02  0.0000E+00  0.0000E+00
     1    24     1     2        0  0.2228E-02  0.1135E+02  0.0000E+00  0.0000E+00
     1    24     1     3        0  0.3414E-02  0.6294E+00  0.0000E+00  0.0000E+00
     1    25     1     1        0  0.5907E-01  0.1000E+03  0.0000E+00  0.0000E+00
     1    25     1     2        0  0.5646E-02  0.3654E+02  0.0000E+00  0.0000E+00
     1    25     1     3        0  0.0000E+00  0.2261E+01  0.0000E+00  0.0000E+00
     1    26     1     1        0  0.1993E-01  0.3665E+02  0.0000E+00  0.0000E+00
     1    26     1     2        0  0.0000E+00  0.4025E+01  0.0000E+00  0.0000E+00
     1    27     1     1        0  0.9537E-02  0.2317E+02  0.0000E+00  0.0000E+00
     1    27     1     2        0  0.0000E+00  0.1786E+01  0.0000E+00  0.0000E+00
     1    28     1     1        0  0.8762E-02  0.1569E+02  0.0000E+00  0.0000E+00
     1    28     1     2        0  0.0000E+00  0.9375E+00  0.0000E+00  0.0000E+00
     1    29     1     1        0  0.5923E-02  0.2521E+02  0.0000E+00  0.0000E+00
     1    29     1     2        0  0.1073E-02  0.1569E+01  0.0000E+00  0.0000E+00
     1    30     1     1        0  0.2512E-01  0.1000E+03  0.0000E+00  0.0000E+00
     1    30     1     2        0  0.1383E-02  0.1635E+02  0.0000E+00  0.0000E+00
     1    30     1     3        0  0.0000E+00  0.9360E+01  0.0000E+00  0.0000E+00
     1    31     1     1        0  0.3462E-01  0.6216E+02  0.0000E+00  0.0000E+00
     1    31     1     2        0  0.4801E-02  0.9352E+01  0.0000E+00  0.0000E+00
     1    31     1     3        0  0.0000E+00  0.8320E+00  0.0000E+00  0.0000E+00
     1    32     1     1        0  0.3033E-01  0.3850E+02  0.0000E+00  0.0000E+00
     1    32     1     2        0  0.5167E-02  0.1354E+02  0.0000E+00  0.0000E+00
     1    32     1     3        0  0.0000E+00  0.7659E+00  0.0000E+00  0.0000E+00
     1    33     1     1        0  0.1465E+00  0.9825E+02  0.0000E+00  0.0000E+00
     1    33     1     2        0  0.1920E+01  0.1000E+03  0.0000E+00  0.0000E+00
     1    33     1     3        0  0.8621E+02  0.1000E+03  0.0000E+00  0.0000E+00
     1    33     1     4        0  0.7849E+06  0.1000E+03  0.0000E+00  0.0000E+00
     1    33     1     5        0  0.1945E+08  0.1000E+03  0.0000E+00  0.0000E+00
     1    33     1     6        0  0.1255E+13  0.1000E+03  0.0000E+00  0.0000E+00
     1    33     1     7        0  0.1584E+17  0.1000E+03  0.0000E+00  0.0000E+00
     1    33     1     8        0  0.1991E+31  0.1000E+03  0.0000E+00  0.0000E+00
     1    33     2     1        0  0.2513E-02  0.3468E+02  0.0000E+00  0.0000E+00
     1    33     2     2        0  0.0000E+00  0.1493E+02  0.0000E+00  0.0000E+00
     1    34     1     1        0  0.2218E+00  0.1000E+03  0.0000E+00  0.0000E+00
     1    34     1     2        0  0.1759E+00  0.1000E+03  0.0000E+00  0.0000E+00
     1    34     1     3        0  0.7498E-01  0.6791E+02  0.0000E+00  0.0000E+00
     1    34     1     4        0  0.1399E+00  0.9878E+02  0.0000E+00  0.0000E+00
     1    34     1     5        0  0.7292E-02  0.2526E+02  0.0000E+00  0.0000E+00
     1    34     1     6        0  0.1601E+01  0.1000E+03  0.0000E+00  0.0000E+00
     1    34     1     7        0  0.5312E+01  0.9188E+02  0.0000E+00  0.0000E+00
     1    34     1     8        0  0.1600E+03  0.1000E+03  0.0000E+00  0.0000E+00
     1    34     2     1        0  0.2166E-02  0.1000E+03  0.0000E+00  0.0000E+00
     1    34     2     2        0  0.2026E-02  0.9438E+02  0.0000E+00  0.0000E+00
     1    34     2     3        0  0.1685E-02  0.7653E+02  0.0000E+00  0.0000E+00
     1    34     2     4        0  0.5798E-02  0.1000E+03  0.0000E+00  0.0000E+00
     1    34     2     5        0  0.1798E-02  0.3916E+02  0.0000E+00  0.0000E+00
     1    34     2     6        0  0.1472E-02  0.5314E+02  0.0000E+00  0.0000E+00
     1    34     2     7        0  0.7356E-02  0.1000E+03  0.0000E+00  0.0000E+00
     1    34     2     8        0  0.2891E-02  0.4490E+02  0.0000E+00  0.0000E+00
     1    34     2     9        0  0.1354E-02  0.4308E+02  0.0000E+00  0.0000E+00
     1    34     2    10        0  0.1114E+00  0.1000E+03  0.0000E+00  0.0000E+00
     1    34     2    11        0  0.1447E+00  0.1000E+03  0.0000E+00  0.0000E+00
     1    34     2    12        0  0.3066E-01  0.1000E+03  0.0000E+00  0.0000E+00
     1    34     2    13        0  0.9867E-02  0.5079E+02  0.0000E+00  0.0000E+00
     1    34     2    14        0  0.1654E-01  0.6995E+02  0.0000E+00  0.0000E+00
     1    34     2    15        0  0.1680E-01  0.7201E+02  0.0000E+00  0.0000E+00
     1    34     2    16        0  0.1027E+00  0.1000E+03  0.0000E+00  0.0000E+00
     1    34     2    17        0  0.2738E-02  0.9281E+01  0.0000E+00  0.0000E+00
     1    35     1     1        0  0.3179E+02  0.1000E+03  0.0000E+00  0.0000E+00
     1    35     1     2        0  0.4505E+04  0.1000E+03  0.0000E+00  0.0000E+00
     1    35     1     3        0  0.1098E+07  0.1000E+03  0.0000E+00  0.0000E+00
     1    35     1     4        0  0.1522E+12  0.1000E+03  0.0000E+00  0.0000E+00
     1    35     1     5        0  0.2414E+15  0.1000E+03  0.0000E+00  0.0000E+00
     1    35     1     6        0  0.4039E+25  0.1000E+03  0.0000E+00  0.0000E+00
     1    35     2     1        0  0.2717E+00  0.1000E+03  0.0000E+00  0.0000E+00
     1    35     2     2        0  0.1159E+00  0.5631E+02  0.0000E+00  0.0000E+00
     1    35     2     3        0  0.1072E+01  0.1000E+03  0.0000E+00  0.0000E+00
     1    35     2     4        0  0.2348E+01  0.9220E+02  0.0000E+00  0.0000E+00
     1    35     2     5        0  0.1179E+01  0.5021E+02  0.0000E+00  0.0000E+00
     1    35     2     6        0  0.3563E+04  0.1000E+03  0.0000E+00  0.0000E+00
     1    35     2     7        0  0.1489E+08  0.1000E+03  0.0000E+00  0.0000E+00
     1    35     2     8        0  0.7184E+15  0.1000E+03  0.0000E+00  0.0000E+00
     1    35     3     1        0  0.2239E-02  0.5728E+02  0.0000E+00  0.0000E+00
     1    35     3     2        0  0.0000E+00  0.1933E+02  0.0000E+00  0.0000E+00
     1    36     1     1        0  0.3793E-02  0.5600E+02  0.0000E+00  0.0000E+00
     1    36     1     2        0  0.1622E-02  0.3510E+02  0.0000E+00  0.0000E+00
     1    36     1     3        0  0.0000E+00  0.5262E+01  0.0000E+00  0.0000E+00
     1    37     1     1        0  0.0000E+00  0.4641E+02  0.0000E+00  0.0000E+00
     1    37     1     2        0  0.0000E+00  0.1979E+02  0.0000E+00  0.0000E+00
     1    38     1     1        0  0.0000E+00  0.7404E+01  0.0000E+00  0.0000E+00
     1    38     1     2        0  0.0000E+00  0.2881E+01  0.0000E+00  0.0000E+00
     1    39     1     1        0  0.0000E+00  0.9059E+01  0.0000E+00  0.0000E+00
     1    39     1     2        0  0.0000E+00  0.1403E+01  0.0000E+00  0.0000E+00
     1    40     1     1        0  0.0000E+00  0.1106E+02  0.0000E+00  0.0000E+00
     1    40     1     2        0  0.0000E+00  0.1309E+01  0.0000E+00  0.0000E+00
     1    41     1     1        0  0.0000E+00  0.1238E+02  0.0000E+00  0.0000E+00
     1    41     1     2        0  0.0000E+00  0.7741E+00  0.0000E+00  0.0000E+00
     1    42     1     1        0  0.0000E+00  0.1453E+02  0.0000E+00  0.0000E+00
     1    42     1     2        0  0.0000E+00  0.2597E+00  0.0000E+00  0.0000E+00
     1    43     1     1        0  0.0000E+00  0.1679E+02  0.0000E+00  0.0000E+00
     1    43     1     2        0  0.0000E+00  0.4180E+00  0.0000E+00  0.0000E+00
     1    44     1     1        0  0.0000E+00  0.1879E+02  0.0000E+00  0.0000E+00
     1    44     1     2        0  0.0000E+00  0.1208E+01  0.0000E+00  0.0000E+00
     1    45     1     1        0  0.0000E+00  0.2045E+02  0.0000E+00  0.0000E+00
     1    45     1     2        0  0.0000E+00  0.1943E+01  0.0000E+00  0.0000E+00
     1    46     1     1        0  0.0000E+00  0.2170E+02  0.0000E+00  0.0000E+00
     1    46     1     2        0  0.0000E+00  0.2488E+01  0.0000E+00  0.0000E+00
     1    47     1     1        0  0.0000E+00  0.2239E+02  0.0000E+00  0.0000E+00
     1    47     1     2        0  0.0000E+00  0.2856E+01  0.0000E+00  0.0000E+00
     1    48     1     1        0  0.0000E+00  0.2413E+02  0.0000E+00  0.0000E+00
     1    48     1     2        0  0.0000E+00  0.3184E+01  0.0000E+00  0.0000E+00
     1    49     1     1        0  0.1130E-02  0.2706E+02  0.0000E+00  0.0000E+00
     1    49     1     2        0  0.0000E+00  0.3619E+01  0.0000E+00  0.0000E+00
     1    50     1     1        0  0.2747E-02  0.2945E+02  0.0000E+00  0.0000E+00
     1    50     1     2        0  0.0000E+00  0.3365E+01  0.0000E+00  0.0000E+00
     1    51     1     1        0  0.3408E-02  0.1789E+02  0.0000E+00  0.0000E+00
     1    51     1     2        0  0.0000E+00  0.2622E+01  0.0000E+00  0.0000E+00
     1    52     1     1        0  0.4133E-02  0.1349E+02  0.0000E+00  0.0000E+00
     1    52     1     2        0  0.0000E+00  0.2632E+01  0.0000E+00  0.0000E+00
     1    53     1     1        0  0.5128E-02  0.1738E+02  0.0000E+00  0.0000E+00
     1    53     1     2        0  0.0000E+00  0.1316E+02  0.0000E+00  0.0000E+00
     1    54     1     1        0  0.3050E-01  0.7414E+02  0.0000E+00  0.0000E+00
     1    54     1     2        0  0.2007E+00  0.1000E+03  0.0000E+00  0.0000E+00
     1    54     1     3        0  0.4412E-01  0.4566E+02  0.0000E+00  0.0000E+00
     1    54     1     4        0  0.8714E+01  0.1000E+03  0.0000E+00  0.0000E+00
     1    54     1     5        0  0.8465E+03  0.1000E+03  0.0000E+00  0.0000E+00
     1    54     1     6        0  0.6044E+08  0.1000E+03  0.0000E+00  0.0000E+00
     1    54     1     7        0  0.1053E+12  0.1000E+03  0.0000E+00  0.0000E+00
     1    54     1     8        0  0.8792E+20  0.1000E+03  0.0000E+00  0.0000E+00
     1    54     2     1        0  0.0000E+00  0.5521E+02  0.0000E+00  0.0000E+00
     1    54     2     2        0  0.0000E+00  0.1866E+02  0.0000E+00  0.0000E+00
     1    55     1     1        0  0.6912E-02  0.9561E+02  0.0000E+00  0.0000E+00
     1    55     1     2        0  0.3725E-02  0.6900E+02  0.0000E+00  0.0000E+00
     1    55     1     3        0  0.2284E-01  0.1000E+03  0.0000E+00  0.0000E+00
     1    55     1     4        0  0.1203E-01  0.6951E+02  0.0000E+00  0.0000E+00
     1    55     1     5        0  0.1401E+00  0.1000E+03  0.0000E+00  0.0000E+00
     1    55     1     6        0  0.3365E-02  0.1717E+02  0.0000E+00  0.0000E+00
     1    55     1     7        0  0.3059E-01  0.4918E+02  0.0000E+00  0.0000E+00
     1    55     1     8        0  0.1419E-02  0.1009E+02  0.0000E+00  0.0000E+00
     1    55     1     9        0  0.2089E-01  0.3903E+02  0.0000E+00  0.0000E+00
     1    55     1    10        0  0.1107E-02  0.8925E+01  0.0000E+00  0.0000E+00
     1    55     1    11        0  0.4375E+01  0.1000E+03  0.0000E+00  0.0000E+00
     1    55     1    12        0  0.7727E+10  0.1000E+03  0.0000E+00  0.0000E+00
     1    55     2     1        0  0.0000E+00  0.4981E+02  0.0000E+00  0.0000E+00
     1    55     2     2        0  0.0000E+00  0.3674E+01  0.0000E+00  0.0000E+00
     1    56     1     1        0  0.0000E+00  0.3088E+02  0.0000E+00  0.0000E+00
     1    56     1     2        0  0.0000E+00  0.3131E+01  0.0000E+00  0.0000E+00
     1    57     1     1        0  0.1643E-02  0.6537E+02  0.0000E+00  0.0000E+00
     1    57     1     2        0  0.1941E-02  0.7144E+02  0.0000E+00  0.0000E+00
     1    57     1     3        0  0.1555E-02  0.6325E+02  0.0000E+00  0.0000E+00
     1    57     1     4        0  0.6185E+00  0.1000E+03  0.0000E+00  0.0000E+00
     1    57     1     5        0  0.2340E+02  0.1000E+03  0.0000E+00  0.0000E+00
     1    57     1     6        0  0.1750E+04  0.1000E+03  0.0000E+00  0.0000E+00
     1    57     1     7        0  0.9020E+07  0.1000E+03  0.0000E+00  0.0000E+00
     1    57     1     8        0  0.4469E+12  0.1000E+03  0.0000E+00  0.0000E+00
     1    57     2     1        0  0.0000E+00  0.3479E+02  0.0000E+00  0.0000E+00
     1    57     2     2        0  0.0000E+00  0.2075E+01  0.0000E+00  0.0000E+00
     1    58     1     1        0  0.0000E+00  0.2806E+02  0.0000E+00  0.0000E+00
     1    58     1     2        0  0.0000E+00  0.2298E+01  0.0000E+00  0.0000E+00
     1    59     1     1        0  0.0000E+00  0.5380E+02  0.0000E+00  0.0000E+00
     1    59     1     2        0  0.0000E+00  0.3583E+02  0.0000E+00  0.0000E+00
     1    60     1     1        0  0.5747E-02  0.6960E+02  0.0000E+00  0.0000E+00
     1    60     1     2        0  0.6444E-01  0.1000E+03  0.0000E+00  0.0000E+00
     1    60     1     3        0  0.0000E+00  0.1164E+02  0.0000E+00  0.0000E+00
     1    61     1     1        0  0.2254E-01  0.1000E+03  0.0000E+00  0.0000E+00
     1    61     1     2        0  0.1011E-01  0.6406E+02  0.0000E+00  0.0000E+00
     1    61     1     3        0  0.1350E+01  0.1000E+03  0.0000E+00  0.0000E+00
     1    61     1     4        0  0.8860E+01  0.1000E+03  0.0000E+00  0.0000E+00
     1    61     1     5        0  0.1834E+03  0.1000E+03  0.0000E+00  0.0000E+00
     1    61     1     6        0  0.4782E+04  0.1000E+03  0.0000E+00  0.0000E+00
     1    61     1     7        0  0.1734E+09  0.1000E+03  0.0000E+00  0.0000E+00
     1    61     1     8        0  0.1812E+12  0.1000E+03  0.0000E+00  0.0000E+00
     1    61     2     1        0  0.5120E-01  0.1000E+03  0.0000E+00  0.0000E+00
     1    61     2     2        0  0.2864E-02  0.2255E+02  0.0000E+00  0.0000E+00
     1    62     1     1        0  0.2457E-01  0.6033E+02  0.0000E+00  0.0000E+00
     1    62     1     2        0  0.1508E+01  0.1000E+03  0.0000E+00  0.0000E+00
     1    62     1     3        0  0.9809E+00  0.2428E+02  0.0000E+00  0.0000E+00
     1    62     1     4        0  0.5854E+00  0.4360E+02  0.0000E+00  0.0000E+00
     1    62     1     5        0  0.1280E+00  0.1287E+02  0.0000E+00  0.0000E+00
     1    62     1     6        0  0.1951E+03  0.1000E+03  0.0000E+00  0.0000E+00
     1    62     1     7        0  0.7930E+09  0.1000E+03  0.0000E+00  0.0000E+00
     1    62     1     8        0  0.1249E+14  0.1000E+03  0.0000E+00  0.0000E+00
     1    62     2     1        0  0.5957E+00  0.1000E+03  0.0000E+00  0.0000E+00
     1    62     2     2        0  0.3139E+00  0.6732E+02  0.0000E+00  0.0000E+00
     1    62     2     3        0  0.7144E+03  0.1000E+03  0.0000E+00  0.0000E+00
     1    62     2     4        0  0.1318E+05  0.1000E+03  0.0000E+00  0.0000E+00
     1    62     2     5        0  0.2006E+09  0.1000E+03  0.0000E+00  0.0000E+00
     1    62     2     6        0  0.1590E+13  0.1000E+03  0.0000E+00  0.0000E+00
     1    62     2     7        0  0.5001E+18  0.1000E+03  0.0000E+00  0.0000E+00
     1    62     2     8        0  0.1317E+29  0.1000E+03  0.0000E+00  0.0000E+00
     1    62     3     1        0  0.9491E-01  0.1000E+03  0.0000E+00  0.0000E+00
     1    62     3     2        0  0.1543E-02  0.1438E+02  0.0000E+00  0.0000E+00
     1    63     1     1        0  0.3626E-02  0.1690E+02  0.0000E+00  0.0000E+00
     1    63     1     2        0  0.6060E-01  0.9653E+02  0.0000E+00  0.0000E+00
     1    63     1     3        0  0.1344E-02  0.1178E+02  0.0000E+00  0.0000E+00
     1    63     1     4        0  0.3528E+01  0.1000E+03  0.0000E+00  0.0000E+00
     1    63     1     5        0  0.4942E+02  0.1000E+03  0.0000E+00  0.0000E+00
     1    63     1     6        0  0.4464E+06  0.7106E+02  0.0000E+00  0.0000E+00
     1    63     1     7        0  0.1861E+07  0.1000E+03  0.0000E+00  0.0000E+00
     1    63     1     8        0  0.2146E+17  0.1000E+03  0.0000E+00  0.0000E+00
     1    63     2     1        0  0.3047E-02  0.8309E+02  0.0000E+00  0.0000E+00
     1    63     2     2        0  0.3410E-01  0.1000E+03  0.0000E+00  0.0000E+00
     1    63     2     3        0  0.4563E-02  0.3425E+02  0.0000E+00  0.0000E+00
     1    63     2     4        0  0.5483E-01  0.1000E+03  0.0000E+00  0.0000E+00
     1    63     2     5        0  0.0000E+00  0.1309E+02  0.0000E+00  0.0000E+00
     1    64     1     1        0  0.3635E+00  0.1000E+03  0.0000E+00  0.0000E+00
     1    64     1     2        0  0.1846E+00  0.6772E+02  0.0000E+00  0.0000E+00
     1    64     1     3        0  0.6171E-01  0.3255E+02  0.0000E+00  0.0000E+00
     1    64     1     4        0  0.1393E+05  0.1000E+03  0.0000E+00  0.0000E+00
     1    64     1     5        0  0.1247E+08  0.1000E+03  0.0000E+00  0.0000E+00
     1    64     1     6        0  0.1015E+12  0.1000E+03  0.0000E+00  0.0000E+00
     1    64     1     7        0  0.3292E+17  0.1000E+03  0.0000E+00  0.0000E+00
     1    64     1     8        0  0.2660E+27  0.1000E+03  0.0000E+00  0.0000E+00
     1    64     2     1        0  0.6693E+01  0.1000E+03  0.0000E+00  0.0000E+00
     1    64     2     2        0  0.6294E+05  0.1000E+03  0.0000E+00  0.0000E+00
     1    64     2     3        0  0.5941E+07  0.1000E+03  0.0000E+00  0.0000E+00
     1    64     2     4        0  0.1077E+12  0.1000E+03  0.0000E+00  0.0000E+00
     1    64     2     5        0  0.3708E+15  0.1000E+03  0.0000E+00  0.0000E+00
     1    64     2     6        0  0.3588E+24  0.1000E+03  0.0000E+00  0.0000E+00
