=== on-caso-2F (CCX): polyMesh(on-caso-2) -> CalculiX .inp  [k=200000 Pa/m] ===
[1/5] Lendo polyMesh em ../../on-caso-2/solid/constant/polyMesh
      nodes=5317, faces=14796, cells=4752, patches=9, zones=['on', 'pia', 'sas', 'dura', 'lc', 'sclera_peri', 'sclera_ring', 'globo']
[2/5] Reconstruindo conectividade C3D8 (4752 celulas)
      OK
[3/5] Escrevendo malha em on-caso-2F_mesh.inp
      DURA_INNER_SURF: 240 faces (interface dura<->sas)
[4/5] Escrevendo Winkler em on-caso-2F_winkler.inp
[5/5] Concluido. Total: 5317 nodes, 4752 hex C3D8I.
=== on-caso-2F (CCX): solver ccx_preCICE -i on-caso-2F ===

************************************************************

CalculiX Version 2.20, Copyright(C) 1998-2022 Guido Dhondt
CalculiX comes with ABSOLUTELY NO WARRANTY. This is free
software, and you are welcome to redistribute it under
certain conditions, see gpl.htm

************************************************************

You are using an executable made on Sun Jul 31 18:08:37 CEST 2022

  The numbers below are estimated upper bounds

  number of:

   nodes:        19822
   elements:         5001
   one-dimensional elements:            0
   two-dimensional elements:            0
   integration points per element:            8
   degrees of freedom per node:            3
   layers per element:            1

   distributed facial loads:          240
   distributed volumetric loads:            0
   concentrated loads:          419
   single point constraints:         3417
   multiple point constraints:            1
   terms in all multiple point constraints:            1
   tie constraints:            0
   dependent nodes tied by cyclic constraints:            0
   dependent nodes in pre-tension constraints:            0

   sets:          280
   terms in all sets:        18476

   materials:          257
   constants per material and temperature:            9
   temperature points per material:            1
   plastic data points per material:            0

   orientations:            1
   amplitudes:            8
   data points in all amplitudes:           11
   print requests:            8
   transformations:            0
   property cards:            0

 *INFO reading *HYPERELASTIC: nonlinear geometric
       effects are turned on

 *INFO reading *HYPERELASTIC: nonlinear geometric
       effects are turned on

 *INFO reading *HYPERELASTIC: nonlinear geometric
       effects are turned on

 *INFO reading *HYPERELASTIC: nonlinear geometric
       effects are turned on

 *INFO reading *HYPERELASTIC: nonlinear geometric
       effects are turned on

 *INFO reading *HYPERELASTIC: nonlinear geometric
       effects are turned on

 *INFO reading *HYPERELASTIC: nonlinear geometric
       effects are turned on

 *INFO reading *STEP: nonlinear geometric
       effects are turned on

 *WARNING reading *STATIC: parameter not recognized:
          RIKS
 *WARNING reading *STATIC. Card image:
          *STATIC,RIKS


 STEP            1

 Static analysis was selected

 Nonlinear material laws are taken into account

 Newton-Raphson iterative procedure is active

 Nonlinear geometric effects are taken into account

 Decascading the MPC's

 Determining the structure of the matrix:
 Using up to 1 cpu(s) for setting up the structure of the matrix.
 number of equations
 56265
 number of nonzero lower triangular matrix elements
 1607559

 increment 1 attempt 1 
 increment size= 2.000000e-02
 sum of previous increments=0.000000e+00
 actual step time=2.000000e-02
 actual total time=2.000000e-02

 iteration 1

 Using up to 1 cpu(s) for the stress calculation.

 Using up to 1 cpu(s) for the symmetric stiffness/mass contributions.

 Factoring the system of equations using the symmetric spooles solver
 Using up to 1 cpu(s) for spooles.

 Using up to 1 cpu(s) for the stress calculation.

 average force= 0.000003
 time avg. forc= 0.000003
 largest residual force= 0.000134 in node 2155 and dof 1
 largest increment of disp= 1.200065e-05
 largest correction to disp= 1.200065e-05 in node 4696 and dof 3

 no convergence

 iteration 2

 Using up to 1 cpu(s) for the symmetric stiffness/mass contributions.

 Factoring the system of equations using the symmetric spooles solver
 Using up to 1 cpu(s) for spooles.

 Using up to 1 cpu(s) for the stress calculation.

 average force= 0.000003
 time avg. forc= 0.000003
 largest residual force= 0.000000 in node 2162 and dof 1
 largest increment of disp= 1.200065e-05
 largest correction to disp= 2.284677e-07 in node 4335 and dof 3

 convergence

 increment 2 attempt 1 
 increment size= 2.000000e-02
 sum of previous increments=2.000000e-02
 actual step time=4.000000e-02
 actual total time=4.000000e-02

 iteration 1

 Using up to 1 cpu(s) for the stress calculation.

 Using up to 1 cpu(s) for the symmetric stiffness/mass contributions.

 Factoring the system of equations using the symmetric spooles solver
 Using up to 1 cpu(s) for spooles.

 Using up to 1 cpu(s) for the stress calculation.

 average force= 0.000006
 time avg. forc= 0.000004
 largest residual force= 0.000000 in node 2169 and dof 1
 largest increment of disp= 1.200071e-05
 largest correction to disp= 8.804704e-08 in node 11084 and dof 1

 no convergence

 iteration 2

 Using up to 1 cpu(s) for the symmetric stiffness/mass contributions.

 Factoring the system of equations using the symmetric spooles solver
 Using up to 1 cpu(s) for spooles.

 Using up to 1 cpu(s) for the stress calculation.

 average force= 0.000006
 time avg. forc= 0.000004
 largest residual force= 0.000000 in node 2162 and dof 1
 largest increment of disp= 1.200071e-05
 largest correction to disp= 3.481281e-10 in node 11063 and dof 1

 convergence; the increment size is increased to 3.000000e-02

 increment 3 attempt 1 
 increment size= 3.000000e-02
 sum of previous increments=4.000000e-02
 actual step time=7.000000e-02
 actual total time=7.000000e-02

 iteration 1

 Using up to 1 cpu(s) for the stress calculation.

 Using up to 1 cpu(s) for the symmetric stiffness/mass contributions.

 Factoring the system of equations using the symmetric spooles solver
 Using up to 1 cpu(s) for spooles.

 Using up to 1 cpu(s) for the stress calculation.

 average force= 0.000010
 time avg. forc= 0.000006
 largest residual force= 0.000001 in node 2169 and dof 1
 largest increment of disp= 1.800200e-05
 largest correction to disp= 2.013834e-07 in node 11084 and dof 1

 no convergence

 iteration 2

 Using up to 1 cpu(s) for the symmetric stiffness/mass contributions.

 Factoring the system of equations using the symmetric spooles solver
 Using up to 1 cpu(s) for spooles.

 Using up to 1 cpu(s) for the stress calculation.

 average force= 0.000010
 time avg. forc= 0.000006
 largest residual force= 0.000000 in node 2162 and dof 1
 largest increment of disp= 1.800200e-05
 largest correction to disp= 1.808703e-09 in node 11063 and dof 1

 convergence; the increment size is increased to 4.500000e-02

 increment 4 attempt 1 
 increment size= 4.500000e-02
 sum of previous increments=7.000000e-02
 actual step time=1.150000e-01
 actual total time=1.150000e-01

 iteration 1

 Using up to 1 cpu(s) for the stress calculation.

 Using up to 1 cpu(s) for the symmetric stiffness/mass contributions.

 Factoring the system of equations using the symmetric spooles solver
 Using up to 1 cpu(s) for spooles.

 Using up to 1 cpu(s) for the stress calculation.

 average force= 0.000016
 time avg. forc= 0.000009
 largest residual force= 0.000012 in node 2169 and dof 1
 largest increment of disp= 2.700526e-05
 largest correction to disp= 5.673829e-07 in node 11081 and dof 1

 no convergence

 iteration 2

 Using up to 1 cpu(s) for the symmetric stiffness/mass contributions.

 Factoring the system of equations using the symmetric spooles solver
 Using up to 1 cpu(s) for spooles.

 Using up to 1 cpu(s) for the stress calculation.

 average force= 0.000016
 time avg. forc= 0.000009
 largest residual force= 0.000000 in node 2169 and dof 1
 largest increment of disp= 2.700526e-05
 largest correction to disp= 1.513145e-08 in node 11063 and dof 1

 convergence; the increment size is increased to 6.750000e-02

 the increment size exceeds the maximum allowed and is decreased to 5.000000e-02

 increment 5 attempt 1 
 increment size= 5.000000e-02
 sum of previous increments=1.150000e-01
 actual step time=1.650000e-01
 actual total time=1.650000e-01

 iteration 1

 Using up to 1 cpu(s) for the stress calculation.

 Using up to 1 cpu(s) for the symmetric stiffness/mass contributions.

 Factoring the system of equations using the symmetric spooles solver
 Using up to 1 cpu(s) for spooles.

 Using up to 1 cpu(s) for the stress calculation.

 average force= 0.000023
 time avg. forc= 0.000012
 largest residual force= 0.000043 in node 2176 and dof 1
 largest increment of disp= 3.001545e-05
 largest correction to disp= 1.098065e-06 in node 11081 and dof 1

 no convergence

 iteration 2

 Using up to 1 cpu(s) for the symmetric stiffness/mass contributions.

 Factoring the system of equations using the symmetric spooles solver
 Using up to 1 cpu(s) for spooles.

 Using up to 1 cpu(s) for the stress calculation.

 average force= 0.000023
 time avg. forc= 0.000012
 largest residual force= 0.000000 in node 2169 and dof 1
 largest increment of disp= 3.001545e-05
 largest correction to disp= 6.403198e-08 in node 11066 and dof 1

 convergence; the increment size is increased to 7.500000e-02

 the increment size exceeds the maximum allowed and is decreased to 5.000000e-02

 Using up to 1 cpu(s) for the stress calculation.

 increment 6 attempt 1 
 increment size= 5.000000e-02
 sum of previous increments=1.650000e-01
 actual step time=2.150000e-01
 actual total time=2.150000e-01

 iteration 1

 Using up to 1 cpu(s) for the stress calculation.

 Using up to 1 cpu(s) for the symmetric stiffness/mass contributions.

 Factoring the system of equations using the symmetric spooles solver
 Using up to 1 cpu(s) for spooles.

 Using up to 1 cpu(s) for the stress calculation.

 average force= 0.000031
 time avg. forc= 0.000015
 largest residual force= 0.000107 in node 2176 and dof 1
 largest increment of disp= 3.005413e-05
 largest correction to disp= 1.719980e-06 in node 11081 and dof 1

 no convergence

 iteration 2

 Using up to 1 cpu(s) for the symmetric stiffness/mass contributions.

 Factoring the system of equations using the symmetric spooles solver
 Using up to 1 cpu(s) for spooles.

 Using up to 1 cpu(s) for the stress calculation.

 average force= 0.000031
 time avg. forc= 0.000015
 largest residual force= 0.000002 in node 2169 and dof 1
 largest increment of disp= 3.005413e-05
 largest correction to disp= 2.039968e-07 in node 11084 and dof 1

 no convergence

 iteration 3

 Using up to 1 cpu(s) for the symmetric stiffness/mass contributions.

 Factoring the system of equations using the symmetric spooles solver
 Using up to 1 cpu(s) for spooles.

 Using up to 1 cpu(s) for the stress calculation.

 average force= 0.000031
 time avg. forc= 0.000015
 largest residual force= 0.000000 in node 2176 and dof 1
 largest increment of disp= 3.005413e-05
 largest correction to disp= 1.390985e-09 in node 11081 and dof 1

 convergence; the increment size is increased to 7.500000e-02

 the increment size exceeds the maximum allowed and is decreased to 5.000000e-02

 increment 7 attempt 1 
 increment size= 5.000000e-02
 sum of previous increments=2.150000e-01
 actual step time=2.650000e-01
 actual total time=2.650000e-01

 iteration 1

 Using up to 1 cpu(s) for the stress calculation.

 Using up to 1 cpu(s) for the symmetric stiffness/mass contributions.

 Factoring the system of equations using the symmetric spooles solver
 Using up to 1 cpu(s) for spooles.

 Using up to 1 cpu(s) for the stress calculation.

 average force= 0.000038
 time avg. forc= 0.000018
 largest residual force= 0.000236 in node 2176 and dof 1
 largest increment of disp= 3.012040e-05
 largest correction to disp= 2.540163e-06 in node 11084 and dof 1

 no convergence

 iteration 2

 Using up to 1 cpu(s) for the symmetric stiffness/mass contributions.

 Factoring the system of equations using the symmetric spooles solver
 Using up to 1 cpu(s) for spooles.

 Using up to 1 cpu(s) for the stress calculation.

 average force= 0.000038
 time avg. forc= 0.000018
 largest residual force= 0.000017 in node 2176 and dof 1
 largest increment of disp= 3.012040e-05
 largest correction to disp= 6.853328e-07 in node 11081 and dof 1

 no convergence

 iteration 3

 Using up to 1 cpu(s) for the symmetric stiffness/mass contributions.

 Factoring the system of equations using the symmetric spooles solver
 Using up to 1 cpu(s) for spooles.

 Using up to 1 cpu(s) for the stress calculation.

 average force= 0.000038
 time avg. forc= 0.000018
 largest residual force= 0.000000 in node 2176 and dof 1
 largest increment of disp= 3.012040e-05
 largest correction to disp= 1.217010e-08 in node 11099 and dof 1

 convergence; the increment size is increased to 7.500000e-02

 the increment size exceeds the maximum allowed and is decreased to 5.000000e-02

 increment 8 attempt 1 
 increment size= 5.000000e-02
 sum of previous increments=2.650000e-01
 actual step time=3.150000e-01
 actual total time=3.150000e-01

 iteration 1

 Using up to 1 cpu(s) for the stress calculation.

 Using up to 1 cpu(s) for the symmetric stiffness/mass contributions.

 Factoring the system of equations using the symmetric spooles solver
 Using up to 1 cpu(s) for spooles.

 Using up to 1 cpu(s) for the stress calculation.

 average force= 0.000047
 time avg. forc= 0.000022
 largest residual force= 0.000357 in node 2176 and dof 1
 largest increment of disp= 3.023571e-05
 largest correction to disp= 3.121600e-06 in node 11102 and dof 1

 no convergence

 iteration 2

 Using up to 1 cpu(s) for the symmetric stiffness/mass contributions.

 Factoring the system of equations using the symmetric spooles solver
 Using up to 1 cpu(s) for spooles.

 Using up to 1 cpu(s) for the stress calculation.

 average force= 0.000047
 time avg. forc= 0.000022
 largest residual force= 0.000173 in node 2176 and dof 1
 largest increment of disp= 3.023571e-05
 largest correction to disp= 2.179698e-06 in node 11081 and dof 1

 no convergence

 iteration 3

 Using up to 1 cpu(s) for the symmetric stiffness/mass contributions.

 Factoring the system of equations using the symmetric spooles solver
 Using up to 1 cpu(s) for spooles.

 Using up to 1 cpu(s) for the stress calculation.

 average force= 0.000047
 time avg. forc= 0.000022
 largest residual force= 0.000000 in node 2176 and dof 1
 largest increment of disp= 3.023571e-05
 largest correction to disp= 5.391236e-08 in node 11102 and dof 1

 convergence; the increment size is increased to 7.500000e-02

 the increment size exceeds the maximum allowed and is decreased to 5.000000e-02

 increment 9 attempt 1 
 increment size= 5.000000e-02
 sum of previous increments=3.150000e-01
 actual step time=3.650000e-01
 actual total time=3.650000e-01

 iteration 1

 Using up to 1 cpu(s) for the stress calculation.

 Using up to 1 cpu(s) for the symmetric stiffness/mass contributions.

 Factoring the system of equations using the symmetric spooles solver
 Using up to 1 cpu(s) for spooles.

 Using up to 1 cpu(s) for the stress calculation.

 average force= 0.000056
 time avg. forc= 0.000026
 largest residual force= 0.000202 in node 2305 and dof 1
 largest increment of disp= 3.043316e-05
 largest correction to disp= 2.340240e-06 in node 11426 and dof 1

 no convergence

 iteration 2

 Using up to 1 cpu(s) for the symmetric stiffness/mass contributions.

 Factoring the system of equations using the symmetric spooles solver
 Using up to 1 cpu(s) for spooles.

 Using up to 1 cpu(s) for the stress calculation.

 average force= 0.000057
 time avg. forc= 0.000026
 largest residual force= 0.000689 in node 2176 and dof 1
 largest increment of disp= 3.043316e-05
 largest correction to disp= 4.325134e-06 in node 11102 and dof 1

 no convergence

 iteration 3

 Using up to 1 cpu(s) for the symmetric stiffness/mass contributions.

 Factoring the system of equations using the symmetric spooles solver
 Using up to 1 cpu(s) for spooles.

 Using up to 1 cpu(s) for the stress calculation.

 average force= 0.000056
 time avg. forc= 0.000026
 largest residual force= 0.000000 in node 2176 and dof 1
 largest increment of disp= 3.043316e-05
 largest correction to disp= 6.787846e-08 in node 11084 and dof 1

 convergence; the increment size is increased to 7.500000e-02

 the increment size exceeds the maximum allowed and is decreased to 5.000000e-02

 increment 10 attempt 1 
 increment size= 5.000000e-02
 sum of previous increments=3.650000e-01
 actual step time=4.150000e-01
 actual total time=4.150000e-01

 iteration 1

 Using up to 1 cpu(s) for the stress calculation.

 Using up to 1 cpu(s) for the symmetric stiffness/mass contributions.

 Factoring the system of equations using the symmetric spooles solver
 Using up to 1 cpu(s) for spooles.

 Using up to 1 cpu(s) for the stress calculation.

 average force= 0.000067
 time avg. forc= 0.000030
 largest residual force= 0.000267 in node 2311 and dof 1
 largest increment of disp= 3.068589e-05
 largest correction to disp= 2.698796e-06 in node 11462 and dof 1

 no convergence

 iteration 2

 Using up to 1 cpu(s) for the symmetric stiffness/mass contributions.

 Factoring the system of equations using the symmetric spooles solver
 Using up to 1 cpu(s) for spooles.

 Using up to 1 cpu(s) for the stress calculation.

 average force= 0.000068
 time avg. forc= 0.000030
 largest residual force= 0.000233 in node 2175 and dof 1
 largest increment of disp= 3.068589e-05
 largest correction to disp= 2.531068e-06 in node 11102 and dof 1

 no convergence

 iteration 3

 Using up to 1 cpu(s) for the symmetric stiffness/mass contributions.

 Factoring the system of equations using the symmetric spooles solver
 Using up to 1 cpu(s) for spooles.

 Using up to 1 cpu(s) for the stress calculation.

 average force= 0.000068
 time avg. forc= 0.000030
 largest residual force= 0.000000 in node 2176 and dof 1
 largest increment of disp= 3.068589e-05
 largest correction to disp= 7.055550e-08 in node 11099 and dof 1

 convergence; the increment size is increased to 7.500000e-02

 the increment size exceeds the maximum allowed and is decreased to 5.000000e-02

 Using up to 1 cpu(s) for the stress calculation.

 increment 11 attempt 1 
 increment size= 5.000000e-02
 sum of previous increments=4.150000e-01
 actual step time=4.650000e-01
 actual total time=4.650000e-01

 iteration 1

 Using up to 1 cpu(s) for the stress calculation.

 Using up to 1 cpu(s) for the symmetric stiffness/mass contributions.

 Factoring the system of equations using the symmetric spooles solver
 Using up to 1 cpu(s) for spooles.

 Using up to 1 cpu(s) for the stress calculation.

 average force= 0.000081
 time avg. forc= 0.000035
 largest residual force= 0.000162 in node 2317 and dof 1
 largest increment of disp= 3.081168e-05
 largest correction to disp= 2.141094e-06 in node 11477 and dof 1

 no convergence

 iteration 2

 Using up to 1 cpu(s) for the symmetric stiffness/mass contributions.

 Factoring the system of equations using the symmetric spooles solver
 Using up to 1 cpu(s) for spooles.

 Using up to 1 cpu(s) for the stress calculation.

 average force= 0.000081
 time avg. forc= 0.000035
 largest residual force= 0.001181 in node 2317 and dof 1
 largest increment of disp= 3.081168e-05
 largest correction to disp= 5.711130e-06 in node 11459 and dof 1

 no convergence

 iteration 3

 Using up to 1 cpu(s) for the symmetric stiffness/mass contributions.

 Factoring the system of equations using the symmetric spooles solver
 Using up to 1 cpu(s) for spooles.

 Using up to 1 cpu(s) for the stress calculation.

 average force= 0.000081
 time avg. forc= 0.000035
 largest residual force= 0.000004 in node 2311 and dof 1
 largest increment of disp= 3.081168e-05
 largest correction to disp= 3.213513e-07 in node 11459 and dof 1

 no convergence

 iteration 4

 Using up to 1 cpu(s) for the symmetric stiffness/mass contributions.

 Factoring the system of equations using the symmetric spooles solver
 Using up to 1 cpu(s) for spooles.

 Using up to 1 cpu(s) for the stress calculation.

 average force= 0.000081
 time avg. forc= 0.000035
 largest residual force= 0.000000 in node 2317 and dof 1
 largest increment of disp= 3.081168e-05
 largest correction to disp= 1.152652e-07 in node 11459 and dof 1

 convergence; the increment size is increased to 7.500000e-02

 the increment size exceeds the maximum allowed and is decreased to 5.000000e-02

 increment 12 attempt 1 
 increment size= 5.000000e-02
 sum of previous increments=4.650000e-01
 actual step time=5.150000e-01
 actual total time=5.150000e-01

 iteration 1

 Using up to 1 cpu(s) for the stress calculation.

 Using up to 1 cpu(s) for the symmetric stiffness/mass contributions.

 Factoring the system of equations using the symmetric spooles solver
 Using up to 1 cpu(s) for spooles.

 Using up to 1 cpu(s) for the stress calculation.

 average force= 0.000098
 time avg. forc= 0.000040
 largest residual force= 0.000063 in node 4063 and dof 1
 largest increment of disp= 3.075146e-05
 largest correction to disp= 3.890106e-06 in node 16244 and dof 1

 no convergence

 iteration 2

 Using up to 1 cpu(s) for the symmetric stiffness/mass contributions.

 Factoring the system of equations using the symmetric spooles solver
 Using up to 1 cpu(s) for spooles.

 Using up to 1 cpu(s) for the stress calculation.

 average force= 0.000098
 time avg. forc= 0.000040
 largest residual force= 0.000503 in node 2246 and dof 2
 largest increment of disp= 3.075146e-05
 largest correction to disp= 3.664043e-06 in node 11636 and dof 2

 no convergence

 iteration 3

 Using up to 1 cpu(s) for the symmetric stiffness/mass contributions.

 Factoring the system of equations using the symmetric spooles solver
 Using up to 1 cpu(s) for spooles.

 Using up to 1 cpu(s) for the stress calculation.

 average force= 0.000097
 time avg. forc= 0.000040
 largest residual force= 0.000002 in node 2317 and dof 1
 largest increment of disp= 3.075146e-05
 largest correction to disp= 2.383180e-07 in node 11480 and dof 1

 no convergence

 iteration 4

 Using up to 1 cpu(s) for the symmetric stiffness/mass contributions.

 Factoring the system of equations using the symmetric spooles solver
 Using up to 1 cpu(s) for spooles.

 Using up to 1 cpu(s) for the stress calculation.

 average force= 0.000097
 time avg. forc= 0.000040
 largest residual force= 0.000000 in node 2369 and dof 2
 largest increment of disp= 3.075146e-05
 largest correction to disp= 4.250132e-08 in node 11636 and dof 2

 convergence; the increment size is increased to 7.500000e-02

 the increment size exceeds the maximum allowed and is decreased to 5.000000e-02

 increment 13 attempt 1 
 increment size= 5.000000e-02
 sum of previous increments=5.150000e-01
 actual step time=5.650000e-01
 actual total time=5.650000e-01

 iteration 1

 Using up to 1 cpu(s) for the stress calculation.

 Using up to 1 cpu(s) for the symmetric stiffness/mass contributions.

 Factoring the system of equations using the symmetric spooles solver
 Using up to 1 cpu(s) for spooles.

 Using up to 1 cpu(s) for the stress calculation.

 average force= 0.000120
 time avg. forc= 0.000046
 largest residual force= 0.000285 in node 4077 and dof 1
 largest increment of disp= 3.063477e-05
 largest correction to disp= 8.200496e-06 in node 16238 and dof 1

 no convergence

 iteration 2

 Using up to 1 cpu(s) for the symmetric stiffness/mass contributions.

 Factoring the system of equations using the symmetric spooles solver
 Using up to 1 cpu(s) for spooles.

 Using up to 1 cpu(s) for the stress calculation.

 average force= 0.000120
 time avg. forc= 0.000046
 largest residual force= 0.000114 in node 2305 and dof 1
 largest increment of disp= 3.063477e-05
 largest correction to disp= 1.763992e-06 in node 11444 and dof 1

 no convergence

 iteration 3

 Using up to 1 cpu(s) for the symmetric stiffness/mass contributions.

 Factoring the system of equations using the symmetric spooles solver
 Using up to 1 cpu(s) for spooles.

 Using up to 1 cpu(s) for the stress calculation.

 average force= 0.000120
 time avg. forc= 0.000046
 largest residual force= 0.000000 in node 2317 and dof 1
 largest increment of disp= 3.063477e-05
 largest correction to disp= 4.882449e-08 in node 11480 and dof 1

 convergence; the increment size is increased to 7.500000e-02

 the increment size exceeds the maximum allowed and is decreased to 5.000000e-02

 increment 14 attempt 1 
 increment size= 5.000000e-02
 sum of previous increments=5.650000e-01
 actual step time=6.150000e-01
 actual total time=6.150000e-01

 iteration 1

 Using up to 1 cpu(s) for the stress calculation.

 Using up to 1 cpu(s) for the symmetric stiffness/mass contributions.

 Factoring the system of equations using the symmetric spooles solver
 Using up to 1 cpu(s) for spooles.

 Using up to 1 cpu(s) for the stress calculation.

 average force= 0.000167
 time avg. forc= 0.000055
 largest residual force= 0.007703 in node 4359 and dof 1
 largest increment of disp= 4.228115e-05
 largest correction to disp= 4.228115e-05 in node 17000 and dof 1

 no convergence

 iteration 2

 Using up to 1 cpu(s) for the symmetric stiffness/mass contributions.

 Factoring the system of equations using the symmetric spooles solver
 Using up to 1 cpu(s) for spooles.

 Using up to 1 cpu(s) for the stress calculation.

 average force= 0.000159
 time avg. forc= 0.000054
 largest residual force= 0.000252 in node 4347 and dof 1
 largest increment of disp= 4.228115e-05
 largest correction to disp= 7.668441e-06 in node 17000 and dof 1

 no convergence

 iteration 3

 Using up to 1 cpu(s) for the symmetric stiffness/mass contributions.

 Factoring the system of equations using the symmetric spooles solver
 Using up to 1 cpu(s) for spooles.

 Using up to 1 cpu(s) for the stress calculation.

 average force= 0.000156
 time avg. forc= 0.000054
 largest residual force= 0.000613 in node 4359 and dof 1
 largest increment of disp= 4.228115e-05
 largest correction to disp= 1.193227e-05 in node 17036 and dof 1

 no convergence

 iteration 4

 Using up to 1 cpu(s) for the symmetric stiffness/mass contributions.

 Factoring the system of equations using the symmetric spooles solver
 Using up to 1 cpu(s) for spooles.

 Using up to 1 cpu(s) for the stress calculation.

 average force= 0.000154
 time avg. forc= 0.000054
 largest residual force= 0.000064 in node 4359 and dof 1
 largest increment of disp= 4.228115e-05
 largest correction to disp= 3.857193e-06 in node 17000 and dof 1

 no convergence

 iteration 5

 Using up to 1 cpu(s) for the symmetric stiffness/mass contributions.

 Factoring the system of equations using the symmetric spooles solver
 Using up to 1 cpu(s) for spooles.

 Using up to 1 cpu(s) for the stress calculation.

 average force= 0.000154
 time avg. forc= 0.000054
 largest residual force= 0.000006 in node 4359 and dof 1
 largest increment of disp= 4.228115e-05
 largest correction to disp= 1.192385e-06 in node 16994 and dof 1

 no convergence

 iteration 6

 Using up to 1 cpu(s) for the symmetric stiffness/mass contributions.

 Factoring the system of equations using the symmetric spooles solver
 Using up to 1 cpu(s) for spooles.

 Using up to 1 cpu(s) for the stress calculation.

 average force= 0.000154
 time avg. forc= 0.000054
 largest residual force= 0.000000 in node 4359 and dof 1
 largest increment of disp= 4.228115e-05
 largest correction to disp= 5.973773e-08 in node 16994 and dof 1

 convergence

 increment 15 attempt 1 
 increment size= 5.000000e-02
 sum of previous increments=6.150000e-01
 actual step time=6.650000e-01
 actual total time=6.650000e-01

 iteration 1

 Using up to 1 cpu(s) for the stress calculation.

 Using up to 1 cpu(s) for the symmetric stiffness/mass contributions.

 Factoring the system of equations using the symmetric spooles solver
 Using up to 1 cpu(s) for spooles.

 Using up to 1 cpu(s) for the stress calculation.

 average force= 0.000194
 time avg. forc= 0.000063
 largest residual force= 0.001808 in node 3743 and dof 1
 largest increment of disp= 3.048901e-05
 largest correction to disp= 2.130705e-05 in node 16992 and dof 1

 no convergence

 iteration 2

 Using up to 1 cpu(s) for the symmetric stiffness/mass contributions.

 Factoring the system of equations using the symmetric spooles solver
 Using up to 1 cpu(s) for spooles.

 Using up to 1 cpu(s) for the stress calculation.

 average force= 0.000196
 time avg. forc= 0.000063
 largest residual force= 0.001068 in node 3743 and dof 1
 largest increment of disp= 3.048901e-05
 largest correction to disp= 1.641324e-05 in node 16992 and dof 1

 no convergence

 iteration 3

 Using up to 1 cpu(s) for the symmetric stiffness/mass contributions.

 Factoring the system of equations using the symmetric spooles solver
 Using up to 1 cpu(s) for spooles.

 Using up to 1 cpu(s) for the stress calculation.

 average force= 0.000196
 time avg. forc= 0.000063
 largest residual force= 0.000437 in node 3917 and dof 2
 largest increment of disp= 3.048901e-05
 largest correction to disp= 1.040966e-05 in node 17352 and dof 2

 no convergence

 iteration 4

 Using up to 1 cpu(s) for the symmetric stiffness/mass contributions.

 Factoring the system of equations using the symmetric spooles solver
 Using up to 1 cpu(s) for spooles.

 Using up to 1 cpu(s) for the stress calculation.

 average force= 0.000196
 time avg. forc= 0.000063
 largest residual force= 0.000301 in node 3920 and dof 2
 largest increment of disp= 3.048901e-05
 largest correction to disp= 8.689017e-06 in node 17358 and dof 2

 no convergence

 iteration 5

 Using up to 1 cpu(s) for the symmetric stiffness/mass contributions.

 Factoring the system of equations using the symmetric spooles solver
 Using up to 1 cpu(s) for spooles.

 Using up to 1 cpu(s) for the stress calculation.

 average force= 0.000197
 time avg. forc= 0.000063
 largest residual force= 0.000552 in node 4076 and dof 1
 largest increment of disp= 3.048901e-05
 largest correction to disp= 1.159862e-05 in node 16278 and dof 1

 no convergence

 iteration 6

 Using up to 1 cpu(s) for the symmetric stiffness/mass contributions.

 Factoring the system of equations using the symmetric spooles solver
 Using up to 1 cpu(s) for spooles.

 Using up to 1 cpu(s) for the stress calculation.

 average force= 0.000202
 time avg. forc= 0.000064
 largest residual force= 0.008436 in node 4076 and dof 1
 largest increment of disp= 4.504688e-05
 largest correction to disp= 4.504688e-05 in node 16272 and dof 1

 divergence; the increment size is decreased to 1.250000e-02
 the increment is reattempted

 increment 15 attempt 2 
 increment size= 1.250000e-02
 sum of previous increments=6.150000e-01
 actual step time=6.275000e-01
 actual total time=6.275000e-01

 iteration 1

 Using up to 1 cpu(s) for the stress calculation.

 Using up to 1 cpu(s) for the symmetric stiffness/mass contributions.

 Factoring the system of equations using the symmetric spooles solver
 Using up to 1 cpu(s) for spooles.

 Using up to 1 cpu(s) for the stress calculation.

 average force= 0.000164
 time avg. forc= 0.000061
 largest residual force= 0.000092 in node 4359 and dof 1
 largest increment of disp= 7.622251e-06
 largest correction to disp= 4.631991e-06 in node 17030 and dof 1

 no convergence

 iteration 2

 Using up to 1 cpu(s) for the symmetric stiffness/mass contributions.

 Factoring the system of equations using the symmetric spooles solver
 Using up to 1 cpu(s) for spooles.

 Using up to 1 cpu(s) for the stress calculation.

 average force= 0.000165
 time avg. forc= 0.000061
 largest residual force= 0.000000 in node 4371 and dof 1
 largest increment of disp= 7.622251e-06
 largest correction to disp= 4.698361e-07 in node 16998 and dof 1

 convergence

 Using up to 1 cpu(s) for the stress calculation.

 increment 16 attempt 1 
 increment size= 1.250000e-02
 sum of previous increments=6.275000e-01
 actual step time=6.400000e-01
 actual total time=6.400000e-01

 iteration 1

 Using up to 1 cpu(s) for the stress calculation.

 Using up to 1 cpu(s) for the symmetric stiffness/mass contributions.

 Factoring the system of equations using the symmetric spooles solver
 Using up to 1 cpu(s) for spooles.

 Using up to 1 cpu(s) for the stress calculation.

 average force= 0.000175
 time avg. forc= 0.000068
 largest residual force= 0.000023 in node 4346 and dof 1
 largest increment of disp= 1.008709e-05
 largest correction to disp= 2.386391e-06 in node 16962 and dof 1

 no convergence

 iteration 2

 Using up to 1 cpu(s) for the symmetric stiffness/mass contributions.

 Factoring the system of equations using the symmetric spooles solver
 Using up to 1 cpu(s) for spooles.

 Using up to 1 cpu(s) for the stress calculation.

 average force= 0.000175
 time avg. forc= 0.000068
 largest residual force= 0.000000 in node 3743 and dof 1
 largest increment of disp= 1.008709e-05
 largest correction to disp= 2.515654e-07 in node 16998 and dof 1

 convergence; the increment size is increased to 1.875000e-02

 increment 17 attempt 1 
 increment size= 1.875000e-02
 sum of previous increments=6.400000e-01
 actual step time=6.587500e-01
 actual total time=6.587500e-01

 iteration 1

 Using up to 1 cpu(s) for the stress calculation.

 Using up to 1 cpu(s) for the symmetric stiffness/mass contributions.

 Factoring the system of equations using the symmetric spooles solver
 Using up to 1 cpu(s) for spooles.

 Using up to 1 cpu(s) for the stress calculation.

 average force= 0.000190
 time avg. forc= 0.000075
 largest residual force= 0.000762 in node 4346 and dof 1
 largest increment of disp= 1.607097e-05
 largest correction to disp= 1.363111e-05 in node 16956 and dof 1

 no convergence

 iteration 2

 Using up to 1 cpu(s) for the symmetric stiffness/mass contributions.

 Factoring the system of equations using the symmetric spooles solver
 Using up to 1 cpu(s) for spooles.

 Using up to 1 cpu(s) for the stress calculation.

 average force= 0.000191
 time avg. forc= 0.000075
 largest residual force= 0.000112 in node 3548 and dof 2
 largest increment of disp= 1.607097e-05
 largest correction to disp= 5.302450e-06 in node 16992 and dof 1

 no convergence

 iteration 3

 Using up to 1 cpu(s) for the symmetric stiffness/mass contributions.

 Factoring the system of equations using the symmetric spooles solver
 Using up to 1 cpu(s) for spooles.

 Using up to 1 cpu(s) for the stress calculation.

 average force= 0.000191
 time avg. forc= 0.000075
 largest residual force= 0.000039 in node 3548 and dof 2
 largest increment of disp= 1.607097e-05
 largest correction to disp= 3.136436e-06 in node 17352 and dof 2

 no convergence

 iteration 4

 Using up to 1 cpu(s) for the symmetric stiffness/mass contributions.

 Factoring the system of equations using the symmetric spooles solver
 Using up to 1 cpu(s) for spooles.

 Using up to 1 cpu(s) for the stress calculation.

 average force= 0.000191
 time avg. forc= 0.000075
 largest residual force= 0.000001 in node 3545 and dof 2
 largest increment of disp= 1.607097e-05
 largest correction to disp= 5.401385e-07 in node 17358 and dof 2

 no convergence

 iteration 5

 Using up to 1 cpu(s) for the symmetric stiffness/mass contributions.

 Factoring the system of equations using the symmetric spooles solver
 Using up to 1 cpu(s) for spooles.

 Using up to 1 cpu(s) for the stress calculation.

 average force= 0.000191
 time avg. forc= 0.000075
 largest residual force= 0.000000 in node 3545 and dof 2
 largest increment of disp= 1.607097e-05
 largest correction to disp= 4.028000e-08 in node 17358 and dof 2

 convergence

 increment 18 attempt 1 
 increment size= 1.875000e-02
 sum of previous increments=6.587500e-01
 actual step time=6.775000e-01
 actual total time=6.775000e-01

 iteration 1

 Using up to 1 cpu(s) for the stress calculation.

 Using up to 1 cpu(s) for the symmetric stiffness/mass contributions.

 Factoring the system of equations using the symmetric spooles solver
 Using up to 1 cpu(s) for spooles.

 Using up to 1 cpu(s) for the stress calculation.

 average force= 0.000207
 time avg. forc= 0.000083
 largest residual force= 0.002334 in node 4076 and dof 1
 largest increment of disp= 3.340168e-05
 largest correction to disp= 2.344596e-05 in node 16272 and dof 1

 no convergence

 iteration 2

 Using up to 1 cpu(s) for the symmetric stiffness/mass contributions.

 Factoring the system of equations using the symmetric spooles solver
 Using up to 1 cpu(s) for spooles.

 Using up to 1 cpu(s) for the stress calculation.

 average force= 0.000263
 time avg. forc= 0.000086
 largest residual force= 0.054951 in node 4076 and dof 1
 largest increment of disp= 1.142510e-04
 largest correction to disp= 1.142510e-04 in node 16278 and dof 1

 no convergence

 iteration 3

 Using up to 1 cpu(s) for the symmetric stiffness/mass contributions.

 Factoring the system of equations using the symmetric spooles solver
 Using up to 1 cpu(s) for spooles.

 Using up to 1 cpu(s) for the stress calculation.

 average force= 0.000219
 time avg. forc= 0.000083
 largest residual force= 0.002044 in node 4076 and dof 1
 largest increment of disp= 1.142510e-04
 largest correction to disp= 2.126420e-05 in node 16242 and dof 1

 no convergence

 iteration 4

 Using up to 1 cpu(s) for the symmetric stiffness/mass contributions.

 Factoring the system of equations using the symmetric spooles solver
 Using up to 1 cpu(s) for spooles.

 Using up to 1 cpu(s) for the stress calculation.

 average force= 0.000211
 time avg. forc= 0.000083
 largest residual force= 0.003703 in node 4076 and dof 1
 largest increment of disp= 1.142510e-04
 largest correction to disp= 2.944490e-05 in node 16278 and dof 1

 no convergence

 iteration 5

 Using up to 1 cpu(s) for the symmetric stiffness/mass contributions.

 Factoring the system of equations using the symmetric spooles solver
 Using up to 1 cpu(s) for spooles.

 Using up to 1 cpu(s) for the stress calculation.

 average force= 0.000215
 time avg. forc= 0.000083
 largest residual force= 0.007257 in node 3743 and dof 1
 largest increment of disp= 1.142510e-04
 largest correction to disp= 4.264714e-05 in node 16998 and dof 1

 divergence; the increment size is decreased to 4.687500e-03
 the increment is reattempted

 increment 18 attempt 2 
 increment size= 4.687500e-03
 sum of previous increments=6.587500e-01
 actual step time=6.634375e-01
 actual total time=6.634375e-01

 iteration 1

 Using up to 1 cpu(s) for the stress calculation.

 Using up to 1 cpu(s) for the symmetric stiffness/mass contributions.

 Factoring the system of equations using the symmetric spooles solver
 Using up to 1 cpu(s) for spooles.

 Using up to 1 cpu(s) for the stress calculation.

 average force= 0.000195
 time avg. forc= 0.000082
 largest residual force= 0.000084 in node 4212 and dof 2
 largest increment of disp= 8.350421e-06
 largest correction to disp= 4.509029e-06 in node 16596 and dof 2

 no convergence

 iteration 2

 Using up to 1 cpu(s) for the symmetric stiffness/mass contributions.

 Factoring the system of equations using the symmetric spooles solver
 Using up to 1 cpu(s) for spooles.

 Using up to 1 cpu(s) for the stress calculation.

 average force= 0.000195
 time avg. forc= 0.000082
 largest residual force= 0.000411 in node 3923 and dof 2
 largest increment of disp= 1.015555e-05
 largest correction to disp= 1.015555e-05 in node 17358 and dof 2

 no convergence

 iteration 3

 Using up to 1 cpu(s) for the symmetric stiffness/mass contributions.

 Factoring the system of equations using the symmetric spooles solver
 Using up to 1 cpu(s) for spooles.

 Using up to 1 cpu(s) for the stress calculation.

 average force= 0.000224
 time avg. forc= 0.000084
 largest residual force= 0.023182 in node 4076 and dof 1
 largest increment of disp= 7.485984e-05
 largest correction to disp= 7.485984e-05 in node 16278 and dof 1

 no convergence

 iteration 4

 Using up to 1 cpu(s) for the symmetric stiffness/mass contributions.

 Factoring the system of equations using the symmetric spooles solver
 Using up to 1 cpu(s) for spooles.

 Using up to 1 cpu(s) for the stress calculation.

 average force= 0.000202
 time avg. forc= 0.000082
 largest residual force= 0.001366 in node 4076 and dof 1
 largest increment of disp= 7.485984e-05
 largest correction to disp= 1.803446e-05 in node 16242 and dof 1

 divergence; the increment size is decreased to 1.171875e-03
 the increment is reattempted

 increment 18 attempt 3 
 increment size= 1.171875e-03
 sum of previous increments=6.587500e-01
 actual step time=6.599219e-01
 actual total time=6.599219e-01

 iteration 1

 Using up to 1 cpu(s) for the stress calculation.

 Using up to 1 cpu(s) for the symmetric stiffness/mass contributions.

 Factoring the system of equations using the symmetric spooles solver
 Using up to 1 cpu(s) for spooles.

 Using up to 1 cpu(s) for the stress calculation.

 average force= 0.000192
 time avg. forc= 0.000082
 largest residual force= 0.000008 in node 4464 and dof 2
 largest increment of disp= 2.087605e-06
 largest correction to disp= 1.436481e-06 in node 16632 and dof 2

 no convergence

 iteration 2

 Using up to 1 cpu(s) for the symmetric stiffness/mass contributions.

 Factoring the system of equations using the symmetric spooles solver
 Using up to 1 cpu(s) for spooles.

 Using up to 1 cpu(s) for the stress calculation.

 average force= 0.000192
 time avg. forc= 0.000082
 largest residual force= 0.000000 in node 3545 and dof 2
 largest increment of disp= 2.087605e-06
 largest correction to disp= 4.460870e-07 in node 16632 and dof 2

 convergence

 increment 19 attempt 1 
 increment size= 1.171875e-03
 sum of previous increments=6.599219e-01
 actual step time=6.610938e-01
 actual total time=6.610938e-01

 iteration 1

 Using up to 1 cpu(s) for the stress calculation.

 Using up to 1 cpu(s) for the symmetric stiffness/mass contributions.

 Factoring the system of equations using the symmetric spooles solver
 Using up to 1 cpu(s) for spooles.

 Using up to 1 cpu(s) for the stress calculation.

 average force= 0.000193
 time avg. forc= 0.000088
 largest residual force= 0.000003 in node 4076 and dof 1
 largest increment of disp= 3.388836e-06
 largest correction to disp= 7.871420e-07 in node 16278 and dof 1

 no convergence

 iteration 2

 Using up to 1 cpu(s) for the symmetric stiffness/mass contributions.

 Factoring the system of equations using the symmetric spooles solver
 Using up to 1 cpu(s) for spooles.

 Using up to 1 cpu(s) for the stress calculation.

 average force= 0.000193
 time avg. forc= 0.000088
 largest residual force= 0.000000 in node 3542 and dof 2
 largest increment of disp= 3.388836e-06
 largest correction to disp= 1.977850e-07 in node 17358 and dof 2

 convergence; the increment size is increased to 1.757813e-03

 increment 20 attempt 1 
 increment size= 1.757813e-03
 sum of previous increments=6.610938e-01
 actual step time=6.628516e-01
 actual total time=6.628516e-01

 iteration 1

 Using up to 1 cpu(s) for the stress calculation.

 Using up to 1 cpu(s) for the symmetric stiffness/mass contributions.

 Factoring the system of equations using the symmetric spooles solver
 Using up to 1 cpu(s) for spooles.

 Using up to 1 cpu(s) for the stress calculation.

 average force= 0.000195
 time avg. forc= 0.000093
 largest residual force= 0.000215 in node 4076 and dof 1
 largest increment of disp= 7.203136e-06
 largest correction to disp= 7.203136e-06 in node 16278 and dof 1

 no convergence

 iteration 2

 Using up to 1 cpu(s) for the symmetric stiffness/mass contributions.

 Factoring the system of equations using the symmetric spooles solver
 Using up to 1 cpu(s) for spooles.

 Using up to 1 cpu(s) for the stress calculation.

 average force= 0.000195
 time avg. forc= 0.000093
 largest residual force= 0.000472 in node 4076 and dof 1
 largest increment of disp= 1.067828e-05
 largest correction to disp= 1.067828e-05 in node 16278 and dof 1

 no convergence

 iteration 3

 Using up to 1 cpu(s) for the symmetric stiffness/mass contributions.

 Factoring the system of equations using the symmetric spooles solver
 Using up to 1 cpu(s) for spooles.

 Using up to 1 cpu(s) for the stress calculation.

 average force= 0.000194
 time avg. forc= 0.000093
 largest residual force= 0.000052 in node 4076 and dof 1
 largest increment of disp= 1.067828e-05
 largest correction to disp= 3.528957e-06 in node 16278 and dof 1

 no convergence

 iteration 4

 Using up to 1 cpu(s) for the symmetric stiffness/mass contributions.

 Factoring the system of equations using the symmetric spooles solver
 Using up to 1 cpu(s) for spooles.

 Using up to 1 cpu(s) for the stress calculation.

 average force= 0.000199
 time avg. forc= 0.000093
 largest residual force= 0.003881 in node 4076 and dof 1
 largest increment of disp= 3.075743e-05
 largest correction to disp= 3.075743e-05 in node 16272 and dof 1

 no convergence

 iteration 5

 Using up to 1 cpu(s) for the symmetric stiffness/mass contributions.

 Factoring the system of equations using the symmetric spooles solver
 Using up to 1 cpu(s) for spooles.

 Using up to 1 cpu(s) for the stress calculation.

 average force= 0.000200
 time avg. forc= 0.000093
 largest residual force= 0.002852 in node 4076 and dof 1
 largest increment of disp= 3.075743e-05
 largest correction to disp= 2.599121e-05 in node 16242 and dof 1

 divergence; the increment size is decreased to 4.394531e-04
 the increment is reattempted

 increment 20 attempt 2 
 increment size= 4.394531e-04
 sum of previous increments=6.610938e-01
 actual step time=6.615332e-01
 actual total time=6.615332e-01

 iteration 1

 Using up to 1 cpu(s) for the stress calculation.

 Using up to 1 cpu(s) for the symmetric stiffness/mass contributions.

 Factoring the system of equations using the symmetric spooles solver
 Using up to 1 cpu(s) for spooles.

 Using up to 1 cpu(s) for the stress calculation.

 average force= 0.000193
 time avg. forc= 0.000093
 largest residual force= 0.000002 in node 4076 and dof 1
 largest increment of disp= 1.545668e-06
 largest correction to disp= 6.498301e-07 in node 16272 and dof 1

 no convergence

 iteration 2

 Using up to 1 cpu(s) for the symmetric stiffness/mass contributions.

 Factoring the system of equations using the symmetric spooles solver
 Using up to 1 cpu(s) for spooles.

 Using up to 1 cpu(s) for the stress calculation.

 average force= 0.000193
 time avg. forc= 0.000093
 largest residual force= 0.000000 in node 3923 and dof 2
 largest increment of disp= 1.545668e-06
 largest correction to disp= 1.367750e-07 in node 17358 and dof 2

 convergence

 Using up to 1 cpu(s) for the stress calculation.

 increment 21 attempt 1 
 increment size= 4.394531e-04
 sum of previous increments=6.615332e-01
 actual step time=6.619727e-01
 actual total time=6.619727e-01

 iteration 1

 Using up to 1 cpu(s) for the stress calculation.

 Using up to 1 cpu(s) for the symmetric stiffness/mass contributions.

 Factoring the system of equations using the symmetric spooles solver
 Using up to 1 cpu(s) for spooles.

 Using up to 1 cpu(s) for the stress calculation.

 average force= 0.000194
 time avg. forc= 0.000098
 largest residual force= 0.000024 in node 4076 and dof 1
 largest increment of disp= 2.425885e-06
 largest correction to disp= 2.425885e-06 in node 16278 and dof 1

 no convergence

 iteration 2

 Using up to 1 cpu(s) for the symmetric stiffness/mass contributions.

 Factoring the system of equations using the symmetric spooles solver
 Using up to 1 cpu(s) for spooles.

 Using up to 1 cpu(s) for the stress calculation.

 average force= 0.000194
 time avg. forc= 0.000098
 largest residual force= 0.000100 in node 4076 and dof 1
 largest increment of disp= 4.937099e-06
 largest correction to disp= 4.937099e-06 in node 16272 and dof 1

 no convergence

 iteration 3

 Using up to 1 cpu(s) for the symmetric stiffness/mass contributions.

 Factoring the system of equations using the symmetric spooles solver
 Using up to 1 cpu(s) for spooles.

 Using up to 1 cpu(s) for the stress calculation.

 average force= 0.000194
 time avg. forc= 0.000098
 largest residual force= 0.000019 in node 4076 and dof 1
 largest increment of disp= 4.937099e-06
 largest correction to disp= 2.126351e-06 in node 16272 and dof 1

 no convergence

 iteration 4

 Using up to 1 cpu(s) for the symmetric stiffness/mass contributions.

 Factoring the system of equations using the symmetric spooles solver
 Using up to 1 cpu(s) for spooles.

 Using up to 1 cpu(s) for the stress calculation.

 average force= 0.000194
 time avg. forc= 0.000098
 largest residual force= 0.000028 in node 4076 and dof 1
 largest increment of disp= 4.937099e-06
 largest correction to disp= 2.609359e-06 in node 16278 and dof 1

 no convergence

 iteration 5

 Using up to 1 cpu(s) for the symmetric stiffness/mass contributions.

 Factoring the system of equations using the symmetric spooles solver
 Using up to 1 cpu(s) for spooles.

 Using up to 1 cpu(s) for the stress calculation.

 average force= 0.000194
 time avg. forc= 0.000098
 largest residual force= 0.000195 in node 4076 and dof 1
 largest increment of disp= 6.892345e-06
 largest correction to disp= 6.892345e-06 in node 16278 and dof 1

 divergence; the increment size is decreased to 1.098633e-04
 the increment is reattempted

 increment 21 attempt 2 
 increment size= 1.098633e-04
 sum of previous increments=6.615332e-01
 actual step time=6.616431e-01
 actual total time=6.616431e-01

 iteration 1

 Using up to 1 cpu(s) for the stress calculation.

 Using up to 1 cpu(s) for the symmetric stiffness/mass contributions.

 Factoring the system of equations using the symmetric spooles solver
 Using up to 1 cpu(s) for spooles.

 Using up to 1 cpu(s) for the stress calculation.

 average force= 0.000193
 time avg. forc= 0.000098
 largest residual force= 0.000000 in node 4076 and dof 1
 largest increment of disp= 5.619504e-07
 largest correction to disp= 2.344651e-07 in node 16278 and dof 1

 no convergence

 iteration 2

 Using up to 1 cpu(s) for the symmetric stiffness/mass contributions.

 Factoring the system of equations using the symmetric spooles solver
 Using up to 1 cpu(s) for spooles.

 Using up to 1 cpu(s) for the stress calculation.

 average force= 0.000193
 time avg. forc= 0.000098
 largest residual force= 0.000000 in node 4076 and dof 1
 largest increment of disp= 5.619504e-07
 largest correction to disp= 1.492865e-08 in node 16272 and dof 1

 convergence

 increment 22 attempt 1 
 increment size= 1.098633e-04
 sum of previous increments=6.616431e-01
 actual step time=6.617529e-01
 actual total time=6.617529e-01

 iteration 1

 Using up to 1 cpu(s) for the stress calculation.

 Using up to 1 cpu(s) for the symmetric stiffness/mass contributions.

 Factoring the system of equations using the symmetric spooles solver
 Using up to 1 cpu(s) for spooles.

 Using up to 1 cpu(s) for the stress calculation.

 average force= 0.000193
 time avg. forc= 0.000102
 largest residual force= 0.000000 in node 4076 and dof 1
 largest increment of disp= 8.034076e-07
 largest correction to disp= 3.157187e-07 in node 16278 and dof 1

 no convergence

 iteration 2

 Using up to 1 cpu(s) for the symmetric stiffness/mass contributions.

 Factoring the system of equations using the symmetric spooles solver
 Using up to 1 cpu(s) for spooles.

 Using up to 1 cpu(s) for the stress calculation.

 average force= 0.000193
 time avg. forc= 0.000102
 largest residual force= 0.000000 in node 4076 and dof 1
 largest increment of disp= 8.034076e-07
 largest correction to disp= 3.966640e-08 in node 16278 and dof 1

 convergence; the increment size is increased to 1.647949e-04

 increment 23 attempt 1 
 increment size= 1.647949e-04
 sum of previous increments=6.617529e-01
 actual step time=6.619177e-01
 actual total time=6.619177e-01

 iteration 1

 Using up to 1 cpu(s) for the stress calculation.

 Using up to 1 cpu(s) for the symmetric stiffness/mass contributions.

 Factoring the system of equations using the symmetric spooles solver
 Using up to 1 cpu(s) for spooles.

 Using up to 1 cpu(s) for the stress calculation.

 average force= 0.000238
 time avg. forc= 0.000108
 largest residual force= 0.022239 in node 4076 and dof 1
 largest increment of disp= 7.353236e-05
 largest correction to disp= 7.353236e-05 in node 16278 and dof 1

 no convergence

 iteration 2

 Using up to 1 cpu(s) for the symmetric stiffness/mass contributions.

 Factoring the system of equations using the symmetric spooles solver
 Using up to 1 cpu(s) for spooles.

 Using up to 1 cpu(s) for the stress calculation.

 average force= 0.000207
 time avg. forc= 0.000107
 largest residual force= 0.000512 in node 4076 and dof 1
 largest increment of disp= 7.353236e-05
 largest correction to disp= 1.054939e-05 in node 16236 and dof 1

 no convergence

 iteration 3

 Using up to 1 cpu(s) for the symmetric stiffness/mass contributions.

 Factoring the system of equations using the symmetric spooles solver
 Using up to 1 cpu(s) for spooles.

 Using up to 1 cpu(s) for the stress calculation.

 average force= 0.000207
 time avg. forc= 0.000107
 largest residual force= 0.001622 in node 4076 and dof 1
 largest increment of disp= 7.353236e-05
 largest correction to disp= 1.974248e-05 in node 16236 and dof 1

 no convergence

 iteration 4

 Using up to 1 cpu(s) for the symmetric stiffness/mass contributions.

 Factoring the system of equations using the symmetric spooles solver
 Using up to 1 cpu(s) for spooles.

 Using up to 1 cpu(s) for the stress calculation.

 average force= 0.000206
 time avg. forc= 0.000107
 largest residual force= 0.000052 in node 4076 and dof 1
 largest increment of disp= 7.353236e-05
 largest correction to disp= 3.510156e-06 in node 16236 and dof 1

 no convergence

 iteration 5

 Using up to 1 cpu(s) for the symmetric stiffness/mass contributions.

 Factoring the system of equations using the symmetric spooles solver
 Using up to 1 cpu(s) for spooles.

 Using up to 1 cpu(s) for the stress calculation.

 average force= 0.000206
 time avg. forc= 0.000107
 largest residual force= 0.000002 in node 4076 and dof 1
 largest increment of disp= 7.353236e-05
 largest correction to disp= 7.031652e-07 in node 16236 and dof 1

 no convergence

 iteration 6

 Using up to 1 cpu(s) for the symmetric stiffness/mass contributions.

 Factoring the system of equations using the symmetric spooles solver
 Using up to 1 cpu(s) for spooles.

 Using up to 1 cpu(s) for the stress calculation.

 average force= 0.000206
 time avg. forc= 0.000107
 largest residual force= 0.000000 in node 4076 and dof 1
 largest increment of disp= 7.353236e-05
 largest correction to disp= 1.174007e-08 in node 16236 and dof 1

 convergence

 increment 24 attempt 1 
 increment size= 1.647949e-04
 sum of previous increments=6.619177e-01
 actual step time=6.620825e-01
 actual total time=6.620825e-01

 iteration 1

 Using up to 1 cpu(s) for the stress calculation.

 Using up to 1 cpu(s) for the symmetric stiffness/mass contributions.

 Factoring the system of equations using the symmetric spooles solver
 Using up to 1 cpu(s) for spooles.

 Using up to 1 cpu(s) for the stress calculation.

 average force= 0.000227
 time avg. forc= 0.000112
 largest residual force= 0.002639 in node 4076 and dof 1
 largest increment of disp= 1.003907e-04
 largest correction to disp= 2.220405e-05 in node 16278 and dof 1

 no convergence

 iteration 2

 Using up to 1 cpu(s) for the symmetric stiffness/mass contributions.

 Factoring the system of equations using the symmetric spooles solver
 Using up to 1 cpu(s) for spooles.

 Using up to 1 cpu(s) for the stress calculation.

 average force= 0.000216
 time avg. forc= 0.000111
 largest residual force= 0.006001 in node 4076 and dof 1
 largest increment of disp= 1.003907e-04
 largest correction to disp= 3.825926e-05 in node 16242 and dof 1

 no convergence

 iteration 3

 Using up to 1 cpu(s) for the symmetric stiffness/mass contributions.

 Factoring the system of equations using the symmetric spooles solver
 Using up to 1 cpu(s) for spooles.

 Using up to 1 cpu(s) for the stress calculation.

 average force= 0.000210
 time avg. forc= 0.000111
 largest residual force= 0.001716 in node 4076 and dof 1
 largest increment of disp= 1.003907e-04
 largest correction to disp= 2.039464e-05 in node 16236 and dof 1

 no convergence

 iteration 4

 Using up to 1 cpu(s) for the symmetric stiffness/mass contributions.

 Factoring the system of equations using the symmetric spooles solver
 Using up to 1 cpu(s) for spooles.

 Using up to 1 cpu(s) for the stress calculation.

 average force= 0.000207
 time avg. forc= 0.000111
 largest residual force= 0.000768 in node 4076 and dof 1
 largest increment of disp= 1.003907e-04
 largest correction to disp= 1.359897e-05 in node 16242 and dof 1

 no convergence

 iteration 5

 Using up to 1 cpu(s) for the symmetric stiffness/mass contributions.

 Factoring the system of equations using the symmetric spooles solver
 Using up to 1 cpu(s) for spooles.

 Using up to 1 cpu(s) for the stress calculation.

 average force= 0.000206
 time avg. forc= 0.000111
 largest residual force= 0.000124 in node 4076 and dof 1
 largest increment of disp= 1.003907e-04
 largest correction to disp= 5.460542e-06 in node 16236 and dof 1

 no convergence

 iteration 6

 Using up to 1 cpu(s) for the symmetric stiffness/mass contributions.

 Factoring the system of equations using the symmetric spooles solver
 Using up to 1 cpu(s) for spooles.

 Using up to 1 cpu(s) for the stress calculation.

 average force= 0.000206
 time avg. forc= 0.000111
 largest residual force= 0.000004 in node 4076 and dof 1
 largest increment of disp= 1.003907e-04
 largest correction to disp= 1.033422e-06 in node 16242 and dof 1

 no convergence

 iteration 7

 Using up to 1 cpu(s) for the symmetric stiffness/mass contributions.

 Factoring the system of equations using the symmetric spooles solver
 Using up to 1 cpu(s) for spooles.

 Using up to 1 cpu(s) for the stress calculation.

 average force= 0.000206
 time avg. forc= 0.000111
 largest residual force= 0.000000 in node 4076 and dof 1
 largest increment of disp= 1.003907e-04
 largest correction to disp= 3.297603e-08 in node 16236 and dof 1

 convergence

 increment 25 attempt 1 
 increment size= 1.647949e-04
 sum of previous increments=6.620825e-01
 actual step time=6.622473e-01
 actual total time=6.622473e-01

 iteration 1

 Using up to 1 cpu(s) for the stress calculation.

 Using up to 1 cpu(s) for the symmetric stiffness/mass contributions.

 Factoring the system of equations using the symmetric spooles solver
 Using up to 1 cpu(s) for spooles.

 Using up to 1 cpu(s) for the stress calculation.

 average force= 0.000206
 time avg. forc= 0.000115
 largest residual force= 0.000000 in node 4076 and dof 1
 largest increment of disp= 2.360842e-07
 largest correction to disp= 1.488982e-09 in node 16242 and dof 1

 no convergence

 iteration 2

 Using up to 1 cpu(s) for the symmetric stiffness/mass contributions.

 Factoring the system of equations using the symmetric spooles solver
 Using up to 1 cpu(s) for spooles.

 Using up to 1 cpu(s) for the stress calculation.

 average force= 0.000206
 time avg. forc= 0.000115
 largest residual force= 0.000000 in node 11031 and dof 1
 largest increment of disp= 2.360842e-07
 largest correction to disp= 2.284061e-12 in node 16242 and dof 1

 convergence

 Using up to 1 cpu(s) for the stress calculation.

 increment 26 attempt 1 
 increment size= 1.647949e-04
 sum of previous increments=6.622473e-01
 actual step time=6.624121e-01
 actual total time=6.624121e-01

 iteration 1

 Using up to 1 cpu(s) for the stress calculation.

 Using up to 1 cpu(s) for the symmetric stiffness/mass contributions.

 Factoring the system of equations using the symmetric spooles solver
 Using up to 1 cpu(s) for spooles.

 Using up to 1 cpu(s) for the stress calculation.

 average force= 0.000206
 time avg. forc= 0.000118
 largest residual force= 0.000000 in node 4076 and dof 1
 largest increment of disp= 2.346016e-07
 largest correction to disp= 1.523832e-09 in node 16236 and dof 1

 no convergence

 iteration 2

 Using up to 1 cpu(s) for the symmetric stiffness/mass contributions.

 Factoring the system of equations using the symmetric spooles solver
 Using up to 1 cpu(s) for spooles.

 Using up to 1 cpu(s) for the stress calculation.

 average force= 0.000206
 time avg. forc= 0.000118
 largest residual force= 0.000000 in node 11439 and dof 1
 largest increment of disp= 2.346016e-07
 largest correction to disp= 2.905844e-12 in node 16242 and dof 1

 convergence; the increment size is increased to 2.471924e-04

 increment 27 attempt 1 
 increment size= 2.471924e-04
 sum of previous increments=6.624121e-01
 actual step time=6.626593e-01
 actual total time=6.626593e-01

 iteration 1

 Using up to 1 cpu(s) for the stress calculation.

 Using up to 1 cpu(s) for the symmetric stiffness/mass contributions.

 Factoring the system of equations using the symmetric spooles solver
 Using up to 1 cpu(s) for spooles.

 Using up to 1 cpu(s) for the stress calculation.

 average force= 0.000206
 time avg. forc= 0.000121
 largest residual force= 0.000000 in node 4076 and dof 1
 largest increment of disp= 3.496372e-07
 largest correction to disp= 2.748859e-09 in node 16242 and dof 1

 no convergence

 iteration 2

 Using up to 1 cpu(s) for the symmetric stiffness/mass contributions.

 Factoring the system of equations using the symmetric spooles solver
 Using up to 1 cpu(s) for spooles.

 Using up to 1 cpu(s) for the stress calculation.

 average force= 0.000206
 time avg. forc= 0.000121
 largest residual force= 0.000000 in node 11016 and dof 1
 largest increment of disp= 3.496372e-07
 largest correction to disp= 4.584523e-12 in node 16236 and dof 1

 convergence; the increment size is increased to 3.707886e-04

 increment 28 attempt 1 
 increment size= 3.707886e-04
 sum of previous increments=6.626593e-01
 actual step time=6.630301e-01
 actual total time=6.630301e-01

 iteration 1

 Using up to 1 cpu(s) for the stress calculation.

 Using up to 1 cpu(s) for the symmetric stiffness/mass contributions.

 Factoring the system of equations using the symmetric spooles solver
 Using up to 1 cpu(s) for spooles.

 Using up to 1 cpu(s) for the stress calculation.

 average force= 0.000207
 time avg. forc= 0.000124
 largest residual force= 0.000000 in node 4076 and dof 1
 largest increment of disp= 5.203615e-07
 largest correction to disp= 6.009103e-09 in node 16236 and dof 1

 no convergence

 iteration 2

 Using up to 1 cpu(s) for the symmetric stiffness/mass contributions.

 Factoring the system of equations using the symmetric spooles solver
 Using up to 1 cpu(s) for spooles.

 Using up to 1 cpu(s) for the stress calculation.

 average force= 0.000207
 time avg. forc= 0.000124
 largest residual force= 0.000000 in node 11463 and dof 1
 largest increment of disp= 5.203615e-07
 largest correction to disp= 8.553230e-12 in node 16236 and dof 1

 convergence; the increment size is increased to 5.561829e-04

 increment 29 attempt 1 
 increment size= 5.561829e-04
 sum of previous increments=6.630301e-01
 actual step time=6.635863e-01
 actual total time=6.635863e-01

 iteration 1

 Using up to 1 cpu(s) for the stress calculation.

 Using up to 1 cpu(s) for the symmetric stiffness/mass contributions.

 Factoring the system of equations using the symmetric spooles solver
 Using up to 1 cpu(s) for spooles.

 Using up to 1 cpu(s) for the stress calculation.

 average force= 0.000207
 time avg. forc= 0.000127
 largest residual force= 0.000000 in node 4076 and dof 1
 largest increment of disp= 7.715896e-07
 largest correction to disp= 1.295948e-08 in node 16236 and dof 1

 no convergence

 iteration 2

 Using up to 1 cpu(s) for the symmetric stiffness/mass contributions.

 Factoring the system of equations using the symmetric spooles solver
 Using up to 1 cpu(s) for spooles.

 Using up to 1 cpu(s) for the stress calculation.

 average force= 0.000207
 time avg. forc= 0.000127
 largest residual force= 0.000000 in node 11463 and dof 1
 largest increment of disp= 7.715896e-07
 largest correction to disp= 1.201944e-11 in node 16236 and dof 1

 convergence; the increment size is increased to 8.342743e-04

 increment 30 attempt 1 
 increment size= 8.342743e-04
 sum of previous increments=6.635863e-01
 actual step time=6.644205e-01
 actual total time=6.644205e-01

 iteration 1

 Using up to 1 cpu(s) for the stress calculation.

 Using up to 1 cpu(s) for the symmetric stiffness/mass contributions.

 Factoring the system of equations using the symmetric spooles solver
 Using up to 1 cpu(s) for spooles.

 Using up to 1 cpu(s) for the stress calculation.

 average force= 0.000208
 time avg. forc= 0.000130
 largest residual force= 0.000000 in node 4076 and dof 1
 largest increment of disp= 1.138066e-06
 largest correction to disp= 2.741498e-08 in node 16236 and dof 1

 no convergence

 iteration 2

 Using up to 1 cpu(s) for the symmetric stiffness/mass contributions.

 Factoring the system of equations using the symmetric spooles solver
 Using up to 1 cpu(s) for spooles.

 Using up to 1 cpu(s) for the stress calculation.

 average force= 0.000208
 time avg. forc= 0.000130
 largest residual force= 0.000000 in node 11010 and dof 1
 largest increment of disp= 1.138066e-06
 largest correction to disp= 1.572745e-11 in node 8328 and dof 2

 convergence; the increment size is increased to 1.251411e-03

 Using up to 1 cpu(s) for the stress calculation.

 increment 31 attempt 1 
 increment size= 1.251411e-03
 sum of previous increments=6.644205e-01
 actual step time=6.656720e-01
 actual total time=6.656720e-01

 iteration 1

 Using up to 1 cpu(s) for the stress calculation.

 Using up to 1 cpu(s) for the symmetric stiffness/mass contributions.

 Factoring the system of equations using the symmetric spooles solver
 Using up to 1 cpu(s) for spooles.

 Using up to 1 cpu(s) for the stress calculation.

 average force= 0.000209
 time avg. forc= 0.000132
 largest residual force= 0.000000 in node 4076 and dof 1
 largest increment of disp= 1.666188e-06
 largest correction to disp= 5.645800e-08 in node 16236 and dof 1

 no convergence

 iteration 2

 Using up to 1 cpu(s) for the symmetric stiffness/mass contributions.

 Factoring the system of equations using the symmetric spooles solver
 Using up to 1 cpu(s) for spooles.

 Using up to 1 cpu(s) for the stress calculation.

 average force= 0.000209
 time avg. forc= 0.000132
 largest residual force= 0.000000 in node 3338 and dof 1
 largest increment of disp= 1.666188e-06
 largest correction to disp= 1.120859e-10 in node 16272 and dof 1

 convergence; the increment size is increased to 1.877117e-03

 increment 32 attempt 1 
 increment size= 1.877117e-03
 sum of previous increments=6.656720e-01
 actual step time=6.675491e-01
 actual total time=6.675491e-01

 iteration 1

 Using up to 1 cpu(s) for the stress calculation.

 Using up to 1 cpu(s) for the symmetric stiffness/mass contributions.

 Factoring the system of equations using the symmetric spooles solver
 Using up to 1 cpu(s) for spooles.

 Using up to 1 cpu(s) for the stress calculation.

 average force= 0.000211
 time avg. forc= 0.000135
 largest residual force= 0.000000 in node 4076 and dof 1
 largest increment of disp= 2.414859e-06
 largest correction to disp= 1.121374e-07 in node 16242 and dof 1

 no convergence

 iteration 2

 Using up to 1 cpu(s) for the symmetric stiffness/mass contributions.

 Factoring the system of equations using the symmetric spooles solver
 Using up to 1 cpu(s) for spooles.

 Using up to 1 cpu(s) for the stress calculation.

 average force= 0.000211
 time avg. forc= 0.000135
 largest residual force= 0.000000 in node 4076 and dof 1
 largest increment of disp= 2.414859e-06
 largest correction to disp= 6.198559e-10 in node 16236 and dof 1

 convergence; the increment size is increased to 2.815676e-03

 increment 33 attempt 1 
 increment size= 2.815676e-03
 sum of previous increments=6.675491e-01
 actual step time=6.703648e-01
 actual total time=6.703648e-01

 iteration 1

 Using up to 1 cpu(s) for the stress calculation.

 Using up to 1 cpu(s) for the symmetric stiffness/mass contributions.

 Factoring the system of equations using the symmetric spooles solver
 Using up to 1 cpu(s) for spooles.

 Using up to 1 cpu(s) for the stress calculation.

 average force= 0.000213
 time avg. forc= 0.000137
 largest residual force= 0.000000 in node 4076 and dof 1
 largest increment of disp= 3.453982e-06
 largest correction to disp= 2.125812e-07 in node 16242 and dof 1

 no convergence

 iteration 2

 Using up to 1 cpu(s) for the symmetric stiffness/mass contributions.

 Factoring the system of equations using the symmetric spooles solver
 Using up to 1 cpu(s) for spooles.

 Using up to 1 cpu(s) for the stress calculation.

 average force= 0.000213
 time avg. forc= 0.000137
 largest residual force= 0.000000 in node 4076 and dof 1
 largest increment of disp= 3.453982e-06
 largest correction to disp= 2.484015e-09 in node 16236 and dof 1

 convergence; the increment size is increased to 4.223514e-03

 increment 34 attempt 1 
 increment size= 4.223514e-03
 sum of previous increments=6.703648e-01
 actual step time=6.745883e-01
 actual total time=6.745883e-01

 iteration 1

 Using up to 1 cpu(s) for the stress calculation.

 Using up to 1 cpu(s) for the symmetric stiffness/mass contributions.

 Factoring the system of equations using the symmetric spooles solver
 Using up to 1 cpu(s) for spooles.

 Using up to 1 cpu(s) for the stress calculation.

 average force= 0.000217
 time avg. forc= 0.000140
 largest residual force= 0.000000 in node 4076 and dof 1
 largest increment of disp= 4.859866e-06
 largest correction to disp= 3.807637e-07 in node 16242 and dof 1

 no convergence

 iteration 2

 Using up to 1 cpu(s) for the symmetric stiffness/mass contributions.

 Factoring the system of equations using the symmetric spooles solver
 Using up to 1 cpu(s) for spooles.

 Using up to 1 cpu(s) for the stress calculation.

 average force= 0.000217
 time avg. forc= 0.000140
 largest residual force= 0.000000 in node 4076 and dof 1
 largest increment of disp= 4.859866e-06
 largest correction to disp= 8.209865e-09 in node 16236 and dof 1

 convergence; the increment size is increased to 6.335270e-03

 increment 35 attempt 1 
 increment size= 6.335270e-03
 sum of previous increments=6.745883e-01
 actual step time=6.809235e-01
 actual total time=6.809235e-01

 iteration 1

 Using up to 1 cpu(s) for the stress calculation.

 Using up to 1 cpu(s) for the symmetric stiffness/mass contributions.

 Factoring the system of equations using the symmetric spooles solver
 Using up to 1 cpu(s) for spooles.

 Using up to 1 cpu(s) for the stress calculation.

 average force= 0.000222
 time avg. forc= 0.000142
 largest residual force= 0.000002 in node 4076 and dof 1
 largest increment of disp= 6.708790e-06
 largest correction to disp= 6.394885e-07 in node 16242 and dof 1

 no convergence

 iteration 2

 Using up to 1 cpu(s) for the symmetric stiffness/mass contributions.

 Factoring the system of equations using the symmetric spooles solver
 Using up to 1 cpu(s) for spooles.

 Using up to 1 cpu(s) for the stress calculation.

 average force= 0.000222
 time avg. forc= 0.000142
 largest residual force= 0.000000 in node 4076 and dof 1
 largest increment of disp= 6.708790e-06
 largest correction to disp= 2.303639e-08 in node 16242 and dof 1

 convergence; the increment size is increased to 9.502906e-03

 Using up to 1 cpu(s) for the stress calculation.

 increment 36 attempt 1 
 increment size= 9.502906e-03
 sum of previous increments=6.809235e-01
 actual step time=6.904264e-01
 actual total time=6.904264e-01

 iteration 1

 Using up to 1 cpu(s) for the stress calculation.

 Using up to 1 cpu(s) for the symmetric stiffness/mass contributions.

 Factoring the system of equations using the symmetric spooles solver
 Using up to 1 cpu(s) for spooles.

 Using up to 1 cpu(s) for the stress calculation.

 average force= 0.000229
 time avg. forc= 0.000144
 largest residual force= 0.000004 in node 3338 and dof 1
 largest increment of disp= 9.072955e-06
 largest correction to disp= 1.004049e-06 in node 16236 and dof 1

 no convergence

 iteration 2

 Using up to 1 cpu(s) for the symmetric stiffness/mass contributions.

 Factoring the system of equations using the symmetric spooles solver
 Using up to 1 cpu(s) for spooles.

 Using up to 1 cpu(s) for the stress calculation.

 average force= 0.000229
 time avg. forc= 0.000144
 largest residual force= 0.000000 in node 4076 and dof 1
 largest increment of disp= 9.072955e-06
 largest correction to disp= 5.547327e-08 in node 16242 and dof 1

 convergence; the increment size is increased to 1.425436e-02

 increment 37 attempt 1 
 increment size= 1.425436e-02
 sum of previous increments=6.904264e-01
 actual step time=7.046808e-01
 actual total time=7.046808e-01

 iteration 1

 Using up to 1 cpu(s) for the stress calculation.

 Using up to 1 cpu(s) for the symmetric stiffness/mass contributions.

 Factoring the system of equations using the symmetric spooles solver
 Using up to 1 cpu(s) for spooles.

 Using up to 1 cpu(s) for the stress calculation.

 average force= 0.000240
 time avg. forc= 0.000147
 largest residual force= 0.000009 in node 3338 and dof 1
 largest increment of disp= 1.263021e-05
 largest correction to disp= 1.477730e-06 in node 16236 and dof 1

 no convergence

 iteration 2

 Using up to 1 cpu(s) for the symmetric stiffness/mass contributions.

 Factoring the system of equations using the symmetric spooles solver
 Using up to 1 cpu(s) for spooles.

 Using up to 1 cpu(s) for the stress calculation.

 average force= 0.000240
 time avg. forc= 0.000147
 largest residual force= 0.000000 in node 4076 and dof 1
 largest increment of disp= 1.263021e-05
 largest correction to disp= 2.320633e-07 in node 8310 and dof 2

 convergence; the increment size is increased to 2.138154e-02

 increment 38 attempt 1 
 increment size= 2.138154e-02
 sum of previous increments=7.046808e-01
 actual step time=7.260623e-01
 actual total time=7.260623e-01

 iteration 1

 Using up to 1 cpu(s) for the stress calculation.

 Using up to 1 cpu(s) for the symmetric stiffness/mass contributions.

 Factoring the system of equations using the symmetric spooles solver
 Using up to 1 cpu(s) for spooles.

 Using up to 1 cpu(s) for the stress calculation.

 average force= 0.000254
 time avg. forc= 0.000150
 largest residual force= 0.000017 in node 3338 and dof 1
 largest increment of disp= 1.781293e-05
 largest correction to disp= 3.740284e-06 in node 13113 and dof 1

 no convergence

 iteration 2

 Using up to 1 cpu(s) for the symmetric stiffness/mass contributions.

 Factoring the system of equations using the symmetric spooles solver
 Using up to 1 cpu(s) for spooles.

 Using up to 1 cpu(s) for the stress calculation.

 average force= 0.000254
 time avg. forc= 0.000150
 largest residual force= 0.000000 in node 4076 and dof 1
 largest increment of disp= 1.781293e-05
 largest correction to disp= 7.865128e-07 in node 10485 and dof 2

 convergence; the increment size is increased to 3.207231e-02

 increment 39 attempt 1 
 increment size= 3.207231e-02
 sum of previous increments=7.260623e-01
 actual step time=7.581346e-01
 actual total time=7.581346e-01

 iteration 1

 Using up to 1 cpu(s) for the stress calculation.

 Using up to 1 cpu(s) for the symmetric stiffness/mass contributions.

 Factoring the system of equations using the symmetric spooles solver
 Using up to 1 cpu(s) for spooles.

 Using up to 1 cpu(s) for the stress calculation.

 average force= 0.000275
 time avg. forc= 0.000153
 largest residual force= 0.000030 in node 3338 and dof 1
 largest increment of disp= 2.382327e-05
 largest correction to disp= 1.421837e-05 in node 13122 and dof 1

 no convergence

 iteration 2

 Using up to 1 cpu(s) for the symmetric stiffness/mass contributions.

 Factoring the system of equations using the symmetric spooles solver
 Using up to 1 cpu(s) for spooles.

 Using up to 1 cpu(s) for the stress calculation.

 average force= 0.000275
 time avg. forc= 0.000153
 largest residual force= 0.000000 in node 2317 and dof 1
 largest increment of disp= 2.382327e-05
 largest correction to disp= 1.706968e-06 in node 8325 and dof 2

 convergence; the increment size is increased to 4.810846e-02

 increment 40 attempt 1 
 increment size= 4.810846e-02
 sum of previous increments=7.581346e-01
 actual step time=8.062431e-01
 actual total time=8.062431e-01

 iteration 1

 Using up to 1 cpu(s) for the stress calculation.

 Using up to 1 cpu(s) for the symmetric stiffness/mass contributions.

 Factoring the system of equations using the symmetric spooles solver
 Using up to 1 cpu(s) for spooles.

 Using up to 1 cpu(s) for the stress calculation.

 average force= 0.000303
 time avg. forc= 0.000157
 largest residual force= 0.000050 in node 3338 and dof 1
 largest increment of disp= 4.783833e-05
 largest correction to disp= 2.444254e-05 in node 13113 and dof 1

 no convergence

 iteration 2

 Using up to 1 cpu(s) for the symmetric stiffness/mass contributions.

 Factoring the system of equations using the symmetric spooles solver
 Using up to 1 cpu(s) for spooles.

 Using up to 1 cpu(s) for the stress calculation.

 average force= 0.000303
 time avg. forc= 0.000157
 largest residual force= 0.000006 in node 2317 and dof 1
 largest increment of disp= 4.783833e-05
 largest correction to disp= 3.448656e-06 in node 13115 and dof 1

 no convergence

 iteration 3

 Using up to 1 cpu(s) for the symmetric stiffness/mass contributions.

 Factoring the system of equations using the symmetric spooles solver
 Using up to 1 cpu(s) for spooles.

 Using up to 1 cpu(s) for the stress calculation.

 average force= 0.000303
 time avg. forc= 0.000157
 largest residual force= 0.000000 in node 2371 and dof 2
 largest increment of disp= 4.783833e-05
 largest correction to disp= 1.852598e-07 in node 13115 and dof 1

 convergence; the increment size is increased to 7.216269e-02

 the increment size exceeds the maximum allowed and is decreased to 5.000000e-02

 Using up to 1 cpu(s) for the stress calculation.

 increment 41 attempt 1 
 increment size= 5.000000e-02
 sum of previous increments=8.062431e-01
 actual step time=8.562431e-01
 actual total time=8.562431e-01

 iteration 1

 Using up to 1 cpu(s) for the stress calculation.

 Using up to 1 cpu(s) for the symmetric stiffness/mass contributions.

 Factoring the system of equations using the symmetric spooles solver
 Using up to 1 cpu(s) for spooles.

 Using up to 1 cpu(s) for the stress calculation.

 average force= 0.000330
 time avg. forc= 0.000161
 largest residual force= 0.000032 in node 3338 and dof 1
 largest increment of disp= 7.147532e-05
 largest correction to disp= 2.214191e-05 in node 11880 and dof 1

 no convergence

 iteration 2

 Using up to 1 cpu(s) for the symmetric stiffness/mass contributions.

 Factoring the system of equations using the symmetric spooles solver
 Using up to 1 cpu(s) for spooles.

 Using up to 1 cpu(s) for the stress calculation.

 average force= 0.000329
 time avg. forc= 0.000161
 largest residual force= 0.000007 in node 2247 and dof 2
 largest increment of disp= 7.147532e-05
 largest correction to disp= 2.803225e-06 in node 11880 and dof 1

 no convergence

 iteration 3

 Using up to 1 cpu(s) for the symmetric stiffness/mass contributions.

 Factoring the system of equations using the symmetric spooles solver
 Using up to 1 cpu(s) for spooles.

 Using up to 1 cpu(s) for the stress calculation.

 average force= 0.000329
 time avg. forc= 0.000161
 largest residual force= 0.000000 in node 2246 and dof 2
 largest increment of disp= 7.147532e-05
 largest correction to disp= 9.595374e-08 in node 11880 and dof 1

 convergence; the increment size is increased to 7.500000e-02

 the increment size exceeds the maximum allowed and is decreased to 5.000000e-02

 increment 42 attempt 1 
 increment size= 5.000000e-02
 sum of previous increments=8.562431e-01
 actual step time=9.062431e-01
 actual total time=9.062431e-01

 iteration 1

 Using up to 1 cpu(s) for the stress calculation.

 Using up to 1 cpu(s) for the symmetric stiffness/mass contributions.

 Factoring the system of equations using the symmetric spooles solver
 Using up to 1 cpu(s) for spooles.

 Using up to 1 cpu(s) for the stress calculation.

 average force= 0.000354
 time avg. forc= 0.000166
 largest residual force= 0.000019 in node 2305 and dof 1
 largest increment of disp= 6.215220e-05
 largest correction to disp= 2.914171e-05 in node 15270 and dof 1

 no convergence

 iteration 2

 Using up to 1 cpu(s) for the symmetric stiffness/mass contributions.

 Factoring the system of equations using the symmetric spooles solver
 Using up to 1 cpu(s) for spooles.

 Using up to 1 cpu(s) for the stress calculation.

 average force= 0.000354
 time avg. forc= 0.000166
 largest residual force= 0.000005 in node 2369 and dof 2
 largest increment of disp= 6.215220e-05
 largest correction to disp= 2.460040e-06 in node 15270 and dof 1

 no convergence

 iteration 3

 Using up to 1 cpu(s) for the symmetric stiffness/mass contributions.

 Factoring the system of equations using the symmetric spooles solver
 Using up to 1 cpu(s) for spooles.

 Using up to 1 cpu(s) for the stress calculation.

 average force= 0.000354
 time avg. forc= 0.000166
 largest residual force= 0.000000 in node 2369 and dof 2
 largest increment of disp= 6.215220e-05
 largest correction to disp= 1.933736e-07 in node 15279 and dof 1

 convergence; the increment size is increased to 7.500000e-02

 the increment size exceeds the maximum allowed and is decreased to 5.000000e-02

 increment 43 attempt 1 
 increment size= 5.000000e-02
 sum of previous increments=9.062431e-01
 actual step time=9.562431e-01
 actual total time=9.562431e-01

 iteration 1

 Using up to 1 cpu(s) for the stress calculation.

 Using up to 1 cpu(s) for the symmetric stiffness/mass contributions.

 Factoring the system of equations using the symmetric spooles solver
 Using up to 1 cpu(s) for spooles.

 Using up to 1 cpu(s) for the stress calculation.

 average force= 0.000378
 time avg. forc= 0.000170
 largest residual force= 0.000015 in node 2305 and dof 1
 largest increment of disp= 5.241192e-05
 largest correction to disp= 1.141286e-05 in node 15279 and dof 1

 no convergence

 iteration 2

 Using up to 1 cpu(s) for the symmetric stiffness/mass contributions.

 Factoring the system of equations using the symmetric spooles solver
 Using up to 1 cpu(s) for spooles.

 Using up to 1 cpu(s) for the stress calculation.

 average force= 0.000378
 time avg. forc= 0.000170
 largest residual force= 0.000004 in node 2246 and dof 2
 largest increment of disp= 5.241192e-05
 largest correction to disp= 5.916781e-07 in node 8361 and dof 2

 no convergence

 iteration 3

 Using up to 1 cpu(s) for the symmetric stiffness/mass contributions.

 Factoring the system of equations using the symmetric spooles solver
 Using up to 1 cpu(s) for spooles.

 Using up to 1 cpu(s) for the stress calculation.

 average force= 0.000378
 time avg. forc= 0.000170
 largest residual force= 0.000000 in node 2246 and dof 2
 largest increment of disp= 5.241192e-05
 largest correction to disp= 4.313359e-09 in node 11282 and dof 2

 convergence; the increment size is increased to 7.500000e-02

 the increment size exceeds the maximum allowed and is decreased to 5.000000e-02

 the increment size exceeds the remainder of the step and is decreased to 4.375690e-02

 increment 44 attempt 1 
 increment size= 4.375690e-02
 sum of previous increments=9.562431e-01
 actual step time=1.000000e+00
 actual total time=1.000000e+00

 iteration 1

 Using up to 1 cpu(s) for the stress calculation.

 Using up to 1 cpu(s) for the symmetric stiffness/mass contributions.

 Factoring the system of equations using the symmetric spooles solver
 Using up to 1 cpu(s) for spooles.

 Using up to 1 cpu(s) for the stress calculation.

 average force= 0.000398
 time avg. forc= 0.000176
 largest residual force= 0.000008 in node 2305 and dof 1
 largest increment of disp= 4.590421e-05
 largest correction to disp= 7.642945e-06 in node 13115 and dof 1

 no convergence

 iteration 2

 Using up to 1 cpu(s) for the symmetric stiffness/mass contributions.

 Factoring the system of equations using the symmetric spooles solver
 Using up to 1 cpu(s) for spooles.

 Using up to 1 cpu(s) for the stress calculation.

 average force= 0.000397
 time avg. forc= 0.000176
 largest residual force= 0.000002 in node 2246 and dof 2
 largest increment of disp= 4.590421e-05
 largest correction to disp= 1.000077e-06 in node 15279 and dof 1

 no convergence

 iteration 3

 Using up to 1 cpu(s) for the symmetric stiffness/mass contributions.

 Factoring the system of equations using the symmetric spooles solver
 Using up to 1 cpu(s) for spooles.

 Using up to 1 cpu(s) for the stress calculation.

 average force= 0.000397
 time avg. forc= 0.000176
 largest residual force= 0.000000 in node 2369 and dof 2
 largest increment of disp= 4.590421e-05
 largest correction to disp= 8.826927e-09 in node 15279 and dof 1

 convergence; the increment size is increased to 6.563534e-02

 the increment size exceeds the maximum allowed and is decreased to 5.000000e-02

 the increment size exceeds the remainder of the step and is decreased to 0.000000e+00

 Using up to 1 cpu(s) for the stress calculation.


 Job finished

________________________________________

Total CalculiX Time: 367.349103
________________________________________
=== on-caso-2F (CCX): ccx2paraview nao encontrado dentro do container ===
    (rode 'cd cases/on-caso-2F/ccx && /tmp/ccx2pv/bin/ccx2paraview on-caso-2F.frd vtu' no HOST)

=== Concluido. Saida em on-caso-2F.{frd,dat,sta,cvg}, log.ccx ===
