SUMMARY OF C0NVERGENCE INFORMATION
  STEP   INC  ATT   ITER     CONT.   RESID.        CORR.      RESID.      CORR.
                              EL.    FORCE         DISP       FLUX        TEMP.
                              (#)     (%)           (%)        (%)         (%)
     1     1     1     1        0  0.3236E+03  0.1000E+03  0.0000E+00  0.0000E+00
     1     1     1     2        0  0.0000E+00  0.1861E+01  0.0000E+00  0.0000E+00
     1     2     1     1        0  0.0000E+00  0.3794E+00  0.0000E+00  0.0000E+00
     1     2     1     2        0  0.0000E+00  0.5966E-03  0.0000E+00  0.0000E+00
     1     3     1     1        0  0.0000E+00  0.1577E+00  0.0000E+00  0.0000E+00
     1     3     1     2        0  0.0000E+00  0.7291E-04  0.0000E+00  0.0000E+00
     1     4     1     1        0  0.0000E+00  0.2768E+00  0.0000E+00  0.0000E+00
     1     4     1     2        0  0.0000E+00  0.1473E-03  0.0000E+00  0.0000E+00
     1     5     1     1        0  0.0000E+00  0.4343E+00  0.0000E+00  0.0000E+00
     1     5     1     2        0  0.0000E+00  0.4801E-03  0.0000E+00  0.0000E+00
     1     6     1     1        0  0.0000E+00  0.5955E+00  0.0000E+00  0.0000E+00
     1     6     1     2        0  0.0000E+00  0.1191E-02  0.0000E+00  0.0000E+00
     1     7     1     1        0  0.0000E+00  0.8019E+00  0.0000E+00  0.0000E+00
     1     7     1     2        0  0.0000E+00  0.3268E-02  0.0000E+00  0.0000E+00
     1     8     1     1        0  0.0000E+00  0.1113E+01  0.0000E+00  0.0000E+00
     1     8     1     2        0  0.0000E+00  0.1235E-01  0.0000E+00  0.0000E+00
     1     9     1     1        0  0.6835E+02  0.2078E+01  0.0000E+00  0.0000E+00
     1     9     1     2        0  0.0000E+00  0.9226E-01  0.0000E+00  0.0000E+00
     1    10     1     1        0  0.2971E+06  0.1000E+03  0.0000E+00  0.0000E+00
     1    10     1     2        0  0.1021E+04  0.5494E+01  0.0000E+00  0.0000E+00
     1    10     1     3        0  0.8690E+05  0.3262E+02  0.0000E+00  0.0000E+00
     1    10     1     4        0  0.1486E+04  0.3825E+01  0.0000E+00  0.0000E+00
     1    10     2     1        0  0.2003E+02  0.4788E+01  0.0000E+00  0.0000E+00
     1    10     2     2        0  0.0000E+00  0.2880E-01  0.0000E+00  0.0000E+00
     1    11     1     1        0  0.3832E+02  0.6944E+01  0.0000E+00  0.0000E+00
     1    11     1     2        0  0.0000E+00  0.6978E-01  0.0000E+00  0.0000E+00
     1    12     1     1        0  0.2296E+04  0.3733E+02  0.0000E+00  0.0000E+00
     1    12     1     2        0  0.1947E+02  0.3434E+01  0.0000E+00  0.0000E+00
     1    12     1     3        0  0.2534E+02  0.3920E+01  0.0000E+00  0.0000E+00
     1    12     1     4        0  0.0000E+00  0.8998E-02  0.0000E+00  0.0000E+00
     1    13     1     1        0  0.1650E+04  0.2162E+02  0.0000E+00  0.0000E+00
     1    13     1     2        0  0.2146E+06  0.1000E+03  0.0000E+00  0.0000E+00
     1    13     1     3        0  0.3947E+03  0.4962E+01  0.0000E+00  0.0000E+00
     1    13     1     4        0  0.3966E+05  0.3483E+02  0.0000E+00  0.0000E+00
     1    13     1     5        0  0.7761E+03  0.4713E+01  0.0000E+00  0.0000E+00
     1    13     2     1        0  0.8248E+03  0.6072E+02  0.0000E+00  0.0000E+00
     1    13     2     2        0  0.1119E+04  0.7087E+02  0.0000E+00  0.0000E+00
     1    13     2     3        0  0.4275E+02  0.1385E+02  0.0000E+00  0.0000E+00
     1    13     2     4        0  0.1142E+02  0.7159E+01  0.0000E+00  0.0000E+00
     1    13     2     5        0  0.0000E+00  0.3990E-01  0.0000E+00  0.0000E+00
     1    14     1     1        0  0.4595E+01  0.2185E+01  0.0000E+00  0.0000E+00
     1    14     1     2        0  0.1445E+03  0.1274E+02  0.0000E+00  0.0000E+00
     1    14     1     3        0  0.0000E+00  0.5633E+00  0.0000E+00  0.0000E+00
     1    15     1     1        0  0.1239E+02  0.3317E+01  0.0000E+00  0.0000E+00
     1    15     1     2        0  0.1878E+03  0.1322E+02  0.0000E+00  0.0000E+00
     1    15     1     3        0  0.0000E+00  0.6963E+00  0.0000E+00  0.0000E+00
     1    16     1     1        0  0.2869E+02  0.4224E+01  0.0000E+00  0.0000E+00
     1    16     1     2        0  0.3082E+03  0.1405E+02  0.0000E+00  0.0000E+00
     1    16     1     3        0  0.0000E+00  0.8023E+00  0.0000E+00  0.0000E+00
     1    17     1     1        0  0.4802E+02  0.4627E+01  0.0000E+00  0.0000E+00
     1    17     1     2        0  0.4583E+03  0.1456E+02  0.0000E+00  0.0000E+00
     1    17     1     3        0  0.0000E+00  0.8476E+00  0.0000E+00  0.0000E+00
     1    18     1     1        0  0.7143E+02  0.7308E+01  0.0000E+00  0.0000E+00
     1    18     1     2        0  0.5873E+03  0.1421E+02  0.0000E+00  0.0000E+00
     1    18     1     3        0  0.0000E+00  0.7841E+00  0.0000E+00  0.0000E+00
     1    19     1     1        0  0.9821E+02  0.1668E+02  0.0000E+00  0.0000E+00
     1    19     1     2        0  0.7012E+03  0.1329E+02  0.0000E+00  0.0000E+00
     1    19     1     3        0  0.0000E+00  0.6765E+00  0.0000E+00  0.0000E+00
     1    20     1     1        0  0.3320E+03  0.3111E+02  0.0000E+00  0.0000E+00
     1    20     1     2        0  0.5373E+03  0.8744E+01  0.0000E+00  0.0000E+00
     1    20     1     3        0  0.0000E+00  0.3666E+00  0.0000E+00  0.0000E+00
     1    21     1     1        0  0.7830E+04  0.1000E+03  0.0000E+00  0.0000E+00
     1    21     1     2        0  0.3359E+03  0.2068E+02  0.0000E+00  0.0000E+00
     1    21     1     3        0  0.3293E+03  0.2061E+02  0.0000E+00  0.0000E+00
     1    21     1     4        0  0.8387E+01  0.3262E+01  0.0000E+00  0.0000E+00
     1    21     1     5        0  0.0000E+00  0.2926E+00  0.0000E+00  0.0000E+00
     1    22     1     1        0  0.2511E+04  0.6424E+02  0.0000E+00  0.0000E+00
     1    22     1     2        0  0.1017E+03  0.1287E+02  0.0000E+00  0.0000E+00
     1    22     1     3        0  0.2276E+02  0.6128E+01  0.0000E+00  0.0000E+00
     1    22     1     4        0  0.0000E+00  0.5164E+00  0.0000E+00  0.0000E+00
     1    23     1     1        0  0.8413E+03  0.4021E+02  0.0000E+00  0.0000E+00
     1    23     1     2        0  0.2752E+02  0.7345E+01  0.0000E+00  0.0000E+00
     1    23     1     3        0  0.0000E+00  0.1689E+00  0.0000E+00  0.0000E+00
     1    24     1     1        0  0.4919E+02  0.1014E+02  0.0000E+00  0.0000E+00
     1    24     1     2        0  0.1328E+02  0.4543E+01  0.0000E+00  0.0000E+00
     1    24     1     3        0  0.0000E+00  0.8906E-01  0.0000E+00  0.0000E+00
     1    25     1     1        0  0.3718E+02  0.9617E+01  0.0000E+00  0.0000E+00
     1    25     1     2        0  0.5668E+01  0.2640E+01  0.0000E+00  0.0000E+00
     1    25     1     3        0  0.0000E+00  0.1943E-01  0.0000E+00  0.0000E+00
     1    26     1     1        0  0.1972E+02  0.7458E+01  0.0000E+00  0.0000E+00
     1    26     1     2        0  0.2315E+01  0.1553E+01  0.0000E+00  0.0000E+00
     1    26     1     3        0  0.0000E+00  0.6799E-02  0.0000E+00  0.0000E+00
     1    27     1     1        0  0.1055E+02  0.5774E+01  0.0000E+00  0.0000E+00
     1    27     1     2        0  0.9865E+00  0.9916E+00  0.0000E+00  0.0000E+00
     1    27     1     3        0  0.0000E+00  0.2611E-02  0.0000E+00  0.0000E+00
     1    28     1     1        0  0.7372E+01  0.4563E+01  0.0000E+00  0.0000E+00
     1    28     1     2        0  0.0000E+00  0.6629E+00  0.0000E+00  0.0000E+00
     1    29     1     1        0  0.2128E+01  0.3234E+01  0.0000E+00  0.0000E+00
     1    29     1     2        0  0.0000E+00  0.2523E+00  0.0000E+00  0.0000E+00
