SUMMARY OF JOB INFORMATION
  STEP      INC     ATT  ITRS     TOT TIME     STEP TIME      INC TIME
     1          1     1     2  0.200000E-01  0.200000E-01  0.200000E-01
     1          2     1     2  0.400000E-01  0.400000E-01  0.200000E-01
     1          3     1     2  0.700000E-01  0.700000E-01  0.300000E-01
     1          4     1     2  0.115000E+00  0.115000E+00  0.450000E-01
     1          5     1     2  0.165000E+00  0.165000E+00  0.500000E-01
     1          6     1     2  0.215000E+00  0.215000E+00  0.500000E-01
     1          7     1     2  0.265000E+00  0.265000E+00  0.500000E-01
     1          8     1     2  0.315000E+00  0.315000E+00  0.500000E-01
     1          9     1     2  0.365000E+00  0.365000E+00  0.500000E-01
     1         10     1U    4  0.365000E+00  0.365000E+00  0.500000E-01
     1         10     2     2  0.377500E+00  0.377500E+00  0.125000E-01
     1         11     1     2  0.390000E+00  0.390000E+00  0.125000E-01
     1         12     1     4  0.408750E+00  0.408750E+00  0.187500E-01
     1         13     1U    5  0.408750E+00  0.408750E+00  0.281250E-01
     1         13     2     5  0.415781E+00  0.415781E+00  0.703125E-02
     1         14     1     3  0.422812E+00  0.422812E+00  0.703125E-02
     1         15     1     3  0.429844E+00  0.429844E+00  0.703125E-02
     1         16     1     3  0.440391E+00  0.440391E+00  0.105469E-01
     1         17     1     3  0.456211E+00  0.456211E+00  0.158203E-01
     1         18     1     3  0.479941E+00  0.479941E+00  0.237305E-01
     1         19     1     3  0.515537E+00  0.515537E+00  0.355957E-01
     1         20     1     3  0.565537E+00  0.565537E+00  0.500000E-01
     1         21     1     5  0.615537E+00  0.615537E+00  0.500000E-01
     1         22     1     4  0.665537E+00  0.665537E+00  0.500000E-01
     1         23     1     3  0.715537E+00  0.715537E+00  0.500000E-01
     1         24     1     3  0.765537E+00  0.765537E+00  0.500000E-01
     1         25     1     3  0.815537E+00  0.815537E+00  0.500000E-01
     1         26     1     3  0.865537E+00  0.865537E+00  0.500000E-01
     1         27     1     3  0.915537E+00  0.915537E+00  0.500000E-01
     1         28     1     2  0.965537E+00  0.965537E+00  0.500000E-01
     1         29     1     2  0.100000E+01  0.100000E+01  0.344629E-01
