 Container myopenfoam-fsi-run-e3fb3fd4ad86 Creating 
 Container myopenfoam-fsi-run-e3fb3fd4ad86 Created 
=== doc-g1-sim1: cleaning fluid domain ===
  fluid cleaned
=== doc-g1-sim1: clean done ===
=== doc-g1-sim1 (AC / vitreous / TM) MESH_LEVEL=M1 ===
=== gmshToFoam ===
/*---------------------------------------------------------------------------*\
| =========                 |                                                 |
| \\      /  F ield         | OpenFOAM: The Open Source CFD Toolbox           |
|  \\    /   O peration     | Version:  2512                                  |
|   \\  /    A nd           | Website:  www.openfoam.com                      |
|    \\/     M anipulation  |                                                 |
\*---------------------------------------------------------------------------*/
Build  : _bd2b6720-20260127 OPENFOAM=2512 version=2512
Arch   : "LSB;label=32;scalar=64"
Exec   : gmshToFoam eye_g1_lamminsalo.msh
Date   : Jul 15 2026
Time   : 21:50:17
Host   : 9413c92f8c68
PID    : 238
I/O    : uncollated
Case   : /simulation/doc-g1-sim1/fluid
nProcs : 1
trapFpe: Floating point exception trapping enabled (FOAM_SIGFPE).
memory pool : not available
fileModificationChecking : Monitoring run-time modified files using timeStampMaster (fileModificationSkew 5, maxFileModificationPolls 20)
allowSystemOperations : Allowing user-supplied system call operations

// * * * * * * * * * * * * * * * * * * * * * * * * * * * * * * * * * * * * * //
Create time

Starting to read mesh format at line 2
Read format version 2.2  ascii 0

Starting to read physical names at line 5
Physical names:8
    Surface 2	ac_inlet
    Surface 3	ac_inlet_left
    Surface 4	outlet_tm
    Surface 5	outlet_tm_left
    Surface 6	lens_wall
    Surface 7	iris_wall
    Surface 8	wall
    Volume 1	fluid

Starting to read points at line 16
Vertices to be read: 42364
Vertices read:42364

Starting to read cells at line 42383
Cells to be read: 42364

Mapping region 8 to Foam patch 0
Mapping region 7 to Foam patch 1
Mapping region 4 to Foam patch 2
Mapping region 2 to Foam patch 3
Mapping region 6 to Foam patch 4
Mapping region 3 to Foam patch 5
Mapping region 5 to Foam patch 6
Mapping region 1 to Foam cellZone 0
Cells:
    total:41242
    hex  :0
    prism:41242
    pyr  :0
    tet  :0

CellZones:
Zone	Size
    0	41242

Patch 0 gets name wall
Patch 1 gets name iris_wall
Patch 2 gets name outlet_tm
Patch 3 gets name ac_inlet
Patch 4 gets name lens_wall
Patch 5 gets name ac_inlet_left
Patch 6 gets name outlet_tm_left

--> FOAM Warning : 
    From Foam::polyMesh::polyMesh(const Foam::IOobject&, Foam::pointField&&, const Foam::cellShapeList&, const Foam::faceListList&, const Foam::wordList&, const Foam::wordList&, const Foam::word&, const Foam::word&, const Foam::wordList&, bool)
    in file meshes/polyMesh/polyMeshFromShapeMesh.C at line 635
    Found 83606 undefined faces in mesh; adding to default patch defaultFaces
Finding faces of patch 0
Finding faces of patch 1
Finding faces of patch 2
Finding faces of patch 3
Finding faces of patch 4
Finding faces of patch 5
Finding faces of patch 6

FaceZones:
Zone	Size

Writing zone 0 to cellZone fluid and cellSet
End

=== topoSet zones (TM + vitreous) ===
/*---------------------------------------------------------------------------*\
| =========                 |                                                 |
| \\      /  F ield         | OpenFOAM: The Open Source CFD Toolbox           |
|  \\    /   O peration     | Version:  2512                                  |
|   \\  /    A nd           | Website:  www.openfoam.com                      |
|    \\/     M anipulation  |                                                 |
\*---------------------------------------------------------------------------*/
Build  : _bd2b6720-20260127 OPENFOAM=2512 version=2512
Arch   : "LSB;label=32;scalar=64"
Exec   : topoSet -dict system/topoSetDict.anatomical -constant
Date   : Jul 15 2026
Time   : 21:50:18
Host   : 9413c92f8c68
PID    : 242
I/O    : uncollated
Case   : /simulation/doc-g1-sim1/fluid
nProcs : 1
trapFpe: Floating point exception trapping enabled (FOAM_SIGFPE).
memory pool : not available
fileModificationChecking : Monitoring run-time modified files using timeStampMaster (fileModificationSkew 5, maxFileModificationPolls 20)
allowSystemOperations : Allowing user-supplied system call operations

// * * * * * * * * * * * * * * * * * * * * * * * * * * * * * * * * * * * * * //
Create time

Create polyMesh for time = constant

Reading topoSetDict.anatomical

Time = constant
    mesh not changed.
Created cellSet tm_zone
    Applying source boxToCell
    Adding cells with centre within boxes 1((0.00645 -0.005 -1e-05) (0.00718 -0.00424 0.001001))
    cellSet tm_zone now size 69
Created cellZoneSet tm_zone
    Applying source setToCellZone
    Adding all cells from cell set: tm_zone ...
    cellZoneSet tm_zone now size 69
Created cellSet tm_zone_left
    Applying source boxToCell
    Adding cells with centre within boxes 1((-0.00718 -0.005 -1e-05) (-0.00645 -0.00424 0.001001))
    cellSet tm_zone_left now size 67
Created cellZoneSet tm_zone_left
    Applying source setToCellZone
    Adding all cells from cell set: tm_zone_left ...
    cellZoneSet tm_zone_left now size 67
Created cellSet vitreous_zone
    Applying source boxToCell
    Adding cells with centre within boxes 1((-0.008 -0.0015 -1e-05) (0.008 0.0074 0.001001))
    cellSet vitreous_zone now size 19682
Read set cellSet vitreous_zone size:19682
    Applying source boxToCell
    Removing cells with centre within boxes 1((0.00645 -0.005 -1e-05) (0.00718 -0.00424 0.001001))
    cellSet vitreous_zone now size 19682
Read set cellSet vitreous_zone size:19682
    Applying source boxToCell
    Removing cells with centre within boxes 1((-0.00718 -0.005 -1e-05) (-0.00645 -0.00424 0.001001))
    cellSet vitreous_zone now size 19682
Created cellZoneSet vitreous_zone
    Applying source setToCellZone
    Adding all cells from cell set: vitreous_zone ...
    cellZoneSet vitreous_zone now size 19682
Time = 0
    mesh not changed.
Created cellSet tm_zone
    Applying source boxToCell
    Adding cells with centre within boxes 1((0.00645 -0.005 -1e-05) (0.00718 -0.00424 0.001001))
    cellSet tm_zone now size 69
Created cellZoneSet tm_zone
    Applying source setToCellZone
    Adding all cells from cell set: tm_zone ...
    cellZoneSet tm_zone now size 69
Created cellSet tm_zone_left
    Applying source boxToCell
    Adding cells with centre within boxes 1((-0.00718 -0.005 -1e-05) (-0.00645 -0.00424 0.001001))
    cellSet tm_zone_left now size 67
Created cellZoneSet tm_zone_left
    Applying source setToCellZone
    Adding all cells from cell set: tm_zone_left ...
    cellZoneSet tm_zone_left now size 67
Created cellSet vitreous_zone
    Applying source boxToCell
    Adding cells with centre within boxes 1((-0.008 -0.0015 -1e-05) (0.008 0.0074 0.001001))
    cellSet vitreous_zone now size 19682
Read set cellSet vitreous_zone size:19682
    Applying source boxToCell
    Removing cells with centre within boxes 1((0.00645 -0.005 -1e-05) (0.00718 -0.00424 0.001001))
    cellSet vitreous_zone now size 19682
Read set cellSet vitreous_zone size:19682
    Applying source boxToCell
    Removing cells with centre within boxes 1((-0.00718 -0.005 -1e-05) (-0.00645 -0.00424 0.001001))
    cellSet vitreous_zone now size 19682
Created cellZoneSet vitreous_zone
    Applying source setToCellZone
    Adding all cells from cell set: vitreous_zone ...
    cellZoneSet vitreous_zone now size 19682

End

=== createPatch (front/back + outlets + inlets) ===
/*---------------------------------------------------------------------------*\
| =========                 |                                                 |
| \\      /  F ield         | OpenFOAM: The Open Source CFD Toolbox           |
|  \\    /   O peration     | Version:  2512                                  |
|   \\  /    A nd           | Website:  www.openfoam.com                      |
|    \\/     M anipulation  |                                                 |
\*---------------------------------------------------------------------------*/
Build  : _bd2b6720-20260127 OPENFOAM=2512 version=2512
Arch   : "LSB;label=32;scalar=64"
Exec   : topoSet -dict system/topoSetDict.frontBack -constant
Date   : Jul 15 2026
Time   : 21:50:18
Host   : 9413c92f8c68
PID    : 245
I/O    : uncollated
Case   : /simulation/doc-g1-sim1/fluid
nProcs : 1
trapFpe: Floating point exception trapping enabled (FOAM_SIGFPE).
memory pool : not available
fileModificationChecking : Monitoring run-time modified files using timeStampMaster (fileModificationSkew 5, maxFileModificationPolls 20)
allowSystemOperations : Allowing user-supplied system call operations

// * * * * * * * * * * * * * * * * * * * * * * * * * * * * * * * * * * * * * //
Create time

Create polyMesh for time = constant

Reading topoSetDict.frontBack

Time = constant
    mesh not changed.
Created faceSet frontFaces
    Applying source patchToFace
    Adding all faces of patches: (defaultFaces) ...
    Found matching patch defaultFaces with 82484 faces
    faceSet frontFaces now size 82484
Read set faceSet frontFaces size:82484
    Applying source normalToFace
    Adding faces according to normal being aligned with (0 0 1) (to within 0.1) ...
    faceSet frontFaces now size 41242
Created faceSet backFaces
    Applying source patchToFace
    Adding all faces of patches: (defaultFaces) ...
    Found matching patch defaultFaces with 82484 faces
    faceSet backFaces now size 82484
Read set faceSet backFaces size:82484
    Applying source normalToFace
    Adding faces according to normal being aligned with (0 0 -1) (to within 0.1) ...
    faceSet backFaces now size 41242
Time = 0
    mesh not changed.
Created faceSet frontFaces
    Applying source patchToFace
    Adding all faces of patches: (defaultFaces) ...
    Found matching patch defaultFaces with 82484 faces
    faceSet frontFaces now size 82484
Read set faceSet frontFaces size:82484
    Applying source normalToFace
    Adding faces according to normal being aligned with (0 0 1) (to within 0.1) ...
    faceSet frontFaces now size 41242
Created faceSet backFaces
    Applying source patchToFace
    Adding all faces of patches: (defaultFaces) ...
    Found matching patch defaultFaces with 82484 faces
    faceSet backFaces now size 82484
Read set faceSet backFaces size:82484
    Applying source normalToFace
    Adding faces according to normal being aligned with (0 0 -1) (to within 0.1) ...
    faceSet backFaces now size 41242

End

/*---------------------------------------------------------------------------*\
| =========                 |                                                 |
| \\      /  F ield         | OpenFOAM: The Open Source CFD Toolbox           |
|  \\    /   O peration     | Version:  2512                                  |
|   \\  /    A nd           | Website:  www.openfoam.com                      |
|    \\/     M anipulation  |                                                 |
\*---------------------------------------------------------------------------*/
Build  : _bd2b6720-20260127 OPENFOAM=2512 version=2512
Arch   : "LSB;label=32;scalar=64"
Exec   : topoSet -dict system/topoSetDict.splitWall -constant
Date   : Jul 15 2026
Time   : 21:50:19
Host   : 9413c92f8c68
PID    : 248
I/O    : uncollated
Case   : /simulation/doc-g1-sim1/fluid
nProcs : 1
trapFpe: Floating point exception trapping enabled (FOAM_SIGFPE).
memory pool : not available
fileModificationChecking : Monitoring run-time modified files using timeStampMaster (fileModificationSkew 5, maxFileModificationPolls 20)
allowSystemOperations : Allowing user-supplied system call operations

// * * * * * * * * * * * * * * * * * * * * * * * * * * * * * * * * * * * * * //
Create time

Create polyMesh for time = constant

Reading topoSetDict.splitWall

Time = constant
    mesh not changed.
Created faceSet outlet_tm_faces
    Applying source cellToFace
    Adding faces according to cell sets: (tm_zone)
    faceSet outlet_tm_faces now size 165
Read set faceSet outlet_tm_faces size:165
    Applying source patchToFace
    Adding all faces of patches: (wall) ...
    Found matching patch wall with 526 faces
    faceSet outlet_tm_faces now size 0
Read set faceSet outlet_tm_faces size:0
    Applying source boxToFace
    Adding faces with centre within boxes 1((0.00655 -0.005 -1e-05) (0.00725 -0.00435 0.001001))
    faceSet outlet_tm_faces now size 0
Created faceSet outlet_tm_left_faces
    Applying source cellToFace
    Adding faces according to cell sets: (tm_zone_left)
    faceSet outlet_tm_left_faces now size 161
Read set faceSet outlet_tm_left_faces size:161
    Applying source patchToFace
    Adding all faces of patches: (wall) ...
    Found matching patch wall with 526 faces
    faceSet outlet_tm_left_faces now size 0
Read set faceSet outlet_tm_left_faces size:0
    Applying source boxToFace
    Adding faces with centre within boxes 1((-0.00725 -0.005 -1e-05) (-0.00655 -0.00435 0.001001))
    faceSet outlet_tm_left_faces now size 0
Created faceSet ac_inlet_faces
    Applying source patchToFace
    Adding all faces of patches: (wall) ...
    Found matching patch wall with 526 faces
    faceSet ac_inlet_faces now size 526
Read set faceSet ac_inlet_faces size:526
    Applying source boxToFace
    Adding faces with centre within boxes 1((0.0067 -0.00405 -1e-05) (0.00715 -0.00325 0.001001))
    faceSet ac_inlet_faces now size 0
Read set faceSet ac_inlet_faces size:0
    Applying source normalToFace
    Adding faces according to normal being aligned with (-1 0 0) (to within 0.4) ...
    faceSet ac_inlet_faces now size 0
Created faceSet ac_inlet_left_faces
    Applying source patchToFace
    Adding all faces of patches: (wall) ...
    Found matching patch wall with 526 faces
    faceSet ac_inlet_left_faces now size 526
Read set faceSet ac_inlet_left_faces size:526
    Applying source boxToFace
    Adding faces with centre within boxes 1((-0.00715 -0.00405 -1e-05) (-0.0067 -0.00325 0.001001))
    faceSet ac_inlet_left_faces now size 0
Read set faceSet ac_inlet_left_faces size:0
    Applying source normalToFace
    Adding faces according to normal being aligned with (1 0 0) (to within 0.4) ...
    faceSet ac_inlet_left_faces now size 0
Time = 0
    mesh not changed.
Created faceSet outlet_tm_faces
    Applying source cellToFace
    Adding faces according to cell sets: (tm_zone)
    faceSet outlet_tm_faces now size 165
Read set faceSet outlet_tm_faces size:165
    Applying source patchToFace
    Adding all faces of patches: (wall) ...
    Found matching patch wall with 526 faces
    faceSet outlet_tm_faces now size 0
Read set faceSet outlet_tm_faces size:0
    Applying source boxToFace
    Adding faces with centre within boxes 1((0.00655 -0.005 -1e-05) (0.00725 -0.00435 0.001001))
    faceSet outlet_tm_faces now size 0
Created faceSet outlet_tm_left_faces
    Applying source cellToFace
    Adding faces according to cell sets: (tm_zone_left)
    faceSet outlet_tm_left_faces now size 161
Read set faceSet outlet_tm_left_faces size:161
    Applying source patchToFace
    Adding all faces of patches: (wall) ...
    Found matching patch wall with 526 faces
    faceSet outlet_tm_left_faces now size 0
Read set faceSet outlet_tm_left_faces size:0
    Applying source boxToFace
    Adding faces with centre within boxes 1((-0.00725 -0.005 -1e-05) (-0.00655 -0.00435 0.001001))
    faceSet outlet_tm_left_faces now size 0
Created faceSet ac_inlet_faces
    Applying source patchToFace
    Adding all faces of patches: (wall) ...
    Found matching patch wall with 526 faces
    faceSet ac_inlet_faces now size 526
Read set faceSet ac_inlet_faces size:526
    Applying source boxToFace
    Adding faces with centre within boxes 1((0.0067 -0.00405 -1e-05) (0.00715 -0.00325 0.001001))
    faceSet ac_inlet_faces now size 0
Read set faceSet ac_inlet_faces size:0
    Applying source normalToFace
    Adding faces according to normal being aligned with (-1 0 0) (to within 0.4) ...
    faceSet ac_inlet_faces now size 0
Created faceSet ac_inlet_left_faces
    Applying source patchToFace
    Adding all faces of patches: (wall) ...
    Found matching patch wall with 526 faces
    faceSet ac_inlet_left_faces now size 526
Read set faceSet ac_inlet_left_faces size:526
    Applying source boxToFace
    Adding faces with centre within boxes 1((-0.00715 -0.00405 -1e-05) (-0.0067 -0.00325 0.001001))
    faceSet ac_inlet_left_faces now size 0
Read set faceSet ac_inlet_left_faces size:0
    Applying source normalToFace
    Adding faces according to normal being aligned with (1 0 0) (to within 0.4) ...
    faceSet ac_inlet_left_faces now size 0

End

/*---------------------------------------------------------------------------*\
| =========                 |                                                 |
| \\      /  F ield         | OpenFOAM: The Open Source CFD Toolbox           |
|  \\    /   O peration     | Version:  2512                                  |
|   \\  /    A nd           | Website:  www.openfoam.com                      |
|    \\/     M anipulation  |                                                 |
\*---------------------------------------------------------------------------*/
Build  : _bd2b6720-20260127 OPENFOAM=2512 version=2512
Arch   : "LSB;label=32;scalar=64"
Exec   : createPatch -overwrite -dict system/createPatchDict.anatomical
Date   : Jul 15 2026
Time   : 21:50:20
Host   : 9413c92f8c68
PID    : 251
I/O    : uncollated
Case   : /simulation/doc-g1-sim1/fluid
nProcs : 1
trapFpe: Floating point exception trapping enabled (FOAM_SIGFPE).
memory pool : not available
fileModificationChecking : Monitoring run-time modified files using timeStampMaster (fileModificationSkew 5, maxFileModificationPolls 20)
allowSystemOperations : Allowing user-supplied system call operations

// * * * * * * * * * * * * * * * * * * * * * * * * * * * * * * * * * * * * * //
Create time

Create mesh for time = 0

Reading "system/createPatchDict.anatomical"



Adding patches to mesh region0

Adding new patch front from 
{
    type            empty;
    nFaces          0;
    startFace       0;
}

Adding new patch back from 
{
    type            empty;
    nFaces          0;
    startFace       0;
}




Repatching mesh region0

Read 41242 faces from faceSet frontFaces
Read 41242 faces from faceSet backFaces
Read 0 faces from faceSet outlet_tm_faces
Read 0 faces from faceSet outlet_tm_left_faces
Read 0 faces from faceSet ac_inlet_faces
Read 0 faces from faceSet ac_inlet_left_faces
Doing topology modification to order faces.

Not synchronising points.

Removing patches with no faces in them.

Removed zero-sized patch defaultFaces type patch at position 7


Writing repatched mesh region0 to 0

End

=== changeDictionary (patch types) ===
/*---------------------------------------------------------------------------*\
| =========                 |                                                 |
| \\      /  F ield         | OpenFOAM: The Open Source CFD Toolbox           |
|  \\    /   O peration     | Version:  2512                                  |
|   \\  /    A nd           | Website:  www.openfoam.com                      |
|    \\/     M anipulation  |                                                 |
\*---------------------------------------------------------------------------*/
Build  : _bd2b6720-20260127 OPENFOAM=2512 version=2512
Arch   : "LSB;label=32;scalar=64"
Exec   : changeDictionary
Date   : Jul 15 2026
Time   : 21:50:21
Host   : 9413c92f8c68
PID    : 254
I/O    : uncollated
Case   : /simulation/doc-g1-sim1/fluid
nProcs : 1
trapFpe: Floating point exception trapping enabled (FOAM_SIGFPE).
memory pool : not available
fileModificationChecking : Monitoring run-time modified files using timeStampMaster (fileModificationSkew 5, maxFileModificationPolls 20)
allowSystemOperations : Allowing user-supplied system call operations

// * * * * * * * * * * * * * * * * * * * * * * * * * * * * * * * * * * * * * //
Create time

Create mesh for time = 0

Read dictionary changeDictionaryDict with replacements for dictionaries 1(boundary)
Reading polyMesh/boundary file to extract patch names
Loaded dictionary boundary with entries 9(wall iris_wall outlet_tm ac_inlet lens_wall ac_inlet_left outlet_tm_left front back)
Extracted patch groups:
    group empty with patches 2(front back)
Replacing entries in dictionary boundary
Special handling of boundary as polyMesh/boundary file.
Merging entries from 9(front back wall lens_wall iris_wall ac_inlet ac_inlet_left outlet_tm outlet_tm_left)
fieldDict:
{
    wall
    {
        type            wall;
        physicalType    patch;
        nFaces          526;
        startFace       61302;
    }
    iris_wall
    {
        type            wall;
        physicalType    patch;
        nFaces          214;
        startFace       61828;
    }
    outlet_tm
    {
        type            patch;
        physicalType    patch;
        nFaces          13;
        startFace       62042;
    }
    ac_inlet
    {
        type            patch;
        physicalType    patch;
        nFaces          25;
        startFace       62055;
    }
    lens_wall
    {
        type            wall;
        physicalType    patch;
        nFaces          306;
        startFace       62080;
    }
    ac_inlet_left
    {
        type            patch;
        physicalType    patch;
        nFaces          25;
        startFace       62386;
    }
    outlet_tm_left
    {
        type            patch;
        physicalType    patch;
        nFaces          13;
        startFace       62411;
    }
    front
    {
        type            empty;
        inGroups        1 ( empty );
        nFaces          41242;
        startFace       62424;
    }
    back
    {
        type            empty;
        inGroups        1 ( empty );
        nFaces          41242;
        startFace       103666;
    }
}

Writing modified boundary

End

=== initial fields ===
=== checkMesh ===
/*---------------------------------------------------------------------------*\
| =========                 |                                                 |
| \\      /  F ield         | OpenFOAM: The Open Source CFD Toolbox           |
|  \\    /   O peration     | Version:  2512                                  |
|   \\  /    A nd           | Website:  www.openfoam.com                      |
|    \\/     M anipulation  |                                                 |
\*---------------------------------------------------------------------------*/
Build  : _bd2b6720-20260127 OPENFOAM=2512 version=2512
Arch   : "LSB;label=32;scalar=64"
Exec   : checkMesh
Date   : Jul 15 2026
Time   : 21:50:22
Host   : 9413c92f8c68
PID    : 260
I/O    : uncollated
Case   : /simulation/doc-g1-sim1/fluid
nProcs : 1
trapFpe: Floating point exception trapping enabled (FOAM_SIGFPE).
memory pool : not available
fileModificationChecking : Monitoring run-time modified files using timeStampMaster (fileModificationSkew 5, maxFileModificationPolls 20)
allowSystemOperations : Allowing user-supplied system call operations

// * * * * * * * * * * * * * * * * * * * * * * * * * * * * * * * * * * * * * //
Create time

Create mesh for time = 0

Check mesh...

Time = 0

Mesh stats 
    points:           42364
    internal points:  0
    faces:            144908
    internal faces:   61302
    cells:            41242
    faces per cell:   5
    boundary patches: 9
    point zones:      0
    face zones:       0
    cell zones:       4

Overall number of cells of each type:
    hexahedra:     0
    prisms:        41242
    wedges:        0
    pyramids:      0
    tet wedges:    0
    tetrahedra:    0
    polyhedra:     0

Checking topology...
    Boundary definition OK.
    Cell to face addressing OK.
    Point usage OK.
    Upper triangular ordering OK.
    Face vertices OK.
    Number of regions: 1 (OK).

Checking patch topology for multiply connected surfaces...
    Patch               Faces    Points     Surface topology
    wall                526      1060     ok (non-closed singly connected)  
    iris_wall           214      444      ok (non-closed singly connected)  
    outlet_tm           13       28       ok (non-closed singly connected)  
    ac_inlet            25       54       ok (non-closed singly connected)  
    lens_wall           306      620      ok (non-closed singly connected)  
    ac_inlet_left       25       54       ok (non-closed singly connected)  
    outlet_tm_left      13       28       ok (non-closed singly connected)  
    front               41242    21182    ok (non-closed singly connected)  
    back                41242    21182    ok (non-closed singly connected)  
    ".*"                83606    42364    ok (closed singly connected)      


Checking faceZone topology for multiply connected surfaces...
    No faceZones found.

Checking basic cellZone addressing...
    CellZone            Cells        Points       Volume       BoundingBox
    fluid               41242        42364        1.4629709e-07 (-0.0083688305 -0.00816 0) (0.0083688305 0.0069 0.001)
    tm_zone             69           98           1.9849536e-10 (0.0064142133 -0.0048720705 0) (0.00693 -0.0041952456 0.001)
    tm_zone_left        67           96           1.9558531e-10 (-0.00693 -0.0048720705 0) (-0.0064137072 -0.0041944014 0.001)
    vitreous_zone       19682        20142        1.0167695e-07 (-0.0080734505 -0.0015483274 0) (0.0080569714 0.0069 0.001)

Checking basic pointZone addressing...
    No pointZones found.

Checking geometry...
    Overall domain bounding box (-0.0083688305 -0.00816 0) (0.0083688305 0.0069 0.001)
    Mesh has 2 geometric (non-empty/wedge) directions (1 1 0)
    Mesh has 2 solution (non-empty) directions (1 1 0)
    All edges aligned with or perpendicular to non-empty directions.
    Boundary openness (2.4093353e-18 9.8954843e-18 -1.3698495e-15) OK.
    Max cell openness = 3.7865184e-15 OK.
    Max aspect ratio = 4.5420041 OK.
    Minimum face area = 3.4133459e-12. Maximum face area = 1.8412767e-07.  Face area magnitudes OK.
    Min volume = 3.4133459e-15. Max volume = 1.0832708e-11.  Total volume = 1.4629709e-07.  Cell volumes OK.
    Mesh non-orthogonality Max: 62.352341 average: 4.3246144
    Non-orthogonality check OK.
    Face pyramids OK.
 ***Max skewness = 4.2550004, 1 highly skew faces detected which may impair the quality of the results
  <<Writing 1 skew faces to set skewFaces
    Coupled point location match (average 0) OK.

Failed 1 mesh checks.

End

=== patch / zone counts ===
WARNING: checkMesh reported Failed (see log.checkMesh) — continuing for ParaView
  ac_inlet: 25 faces
  ac_inlet_left: 25 faces
  outlet_tm: 13 faces
  outlet_tm_left: 13 faces
  wall: 526 faces
  front: 41242 faces
  back: 41242 faces
  tm_zone: 69 cells
  tm_zone_left: 67 cells
  vitreous_zone: 19682 cells
=== simpleFoam ===
/*---------------------------------------------------------------------------*\
| =========                 |                                                 |
| \\      /  F ield         | OpenFOAM: The Open Source CFD Toolbox           |
|  \\    /   O peration     | Version:  2512                                  |
|   \\  /    A nd           | Website:  www.openfoam.com                      |
|    \\/     M anipulation  |                                                 |
\*---------------------------------------------------------------------------*/
Build  : _bd2b6720-20260127 OPENFOAM=2512 version=2512
Arch   : "LSB;label=32;scalar=64"
Exec   : simpleFoam
Date   : Jul 15 2026
Time   : 21:50:23
Host   : 9413c92f8c68
PID    : 266
I/O    : uncollated
Case   : /simulation/doc-g1-sim1/fluid
nProcs : 1
trapFpe: Floating point exception trapping enabled (FOAM_SIGFPE).
memory pool : not available
fileModificationChecking : Monitoring run-time modified files using timeStampMaster (fileModificationSkew 5, maxFileModificationPolls 20)
allowSystemOperations : Allowing user-supplied system call operations

// * * * * * * * * * * * * * * * * * * * * * * * * * * * * * * * * * * * * * //
Create time

Create mesh for time = 0


SIMPLE: convergence criteria
    field p	 tolerance 0.0001
    field U	 tolerance 1e-05

Reading field p

Reading field U

Reading/calculating face flux field phi

Selecting incompressible transport model Newtonian
Selecting turbulence model type laminar
Selecting laminar stress model Stokes
No MRF models present

Creating finite-volume options from "system/fvOptions"

Selecting finite volume options type explicitPorositySource
    Source: tm_porous
    State: active
    - selecting cells using cellZones (tm_zone)
    - selected 69 cell(s) with volume 1.9849536e-10
Porosity region tm_porous:
    selecting model: DarcyForchheimer
--> FOAM IOWarning :
    Found [v1806] 'coordinateRotation' entry instead of 'rotation' in dictionary "system/fvOptions/tm_porous/explicitPorositySourceCoeffs/DarcyForchheimerCoeffs/coordinateSystem"

    This keyword is 90 months old.

Using [v1806] 'axesRotation' instead of 'axes' in selection table: coordinateRotation

    This lookup is 90 months old.

    creating porous zone: tm_zone
    origin: (0 0 0) e1: (1 0 0) e2: (0 1 0)
    local bounds: (0.00051578665 0.00067682487 0.001)

Selecting finite volume options type explicitPorositySource
    Source: tm_porous_left
    State: active
    - selecting cells using cellZones (tm_zone_left)
    - selected 67 cell(s) with volume 1.9558531e-10
Porosity region tm_porous_left:
    selecting model: DarcyForchheimer
--> FOAM IOWarning :
    Found [v1806] 'coordinateRotation' entry instead of 'rotation' in dictionary "system/fvOptions/tm_porous_left/explicitPorositySourceCoeffs/DarcyForchheimerCoeffs/coordinateSystem"

    This keyword is 90 months old.

Using [v1806] 'axesRotation' instead of 'axes' in selection table: coordinateRotation

    This lookup is 90 months old.

    creating porous zone: tm_zone_left
    origin: (0 0 0) e1: (1 0 0) e2: (0 1 0)
    local bounds: (0.00051629278 0.00067766906 0.001)

Selecting finite volume options type explicitPorositySource
    Source: vitreous_porous
    State: active
    - selecting cells using cellZones (vitreous_zone)
    - selected 19682 cell(s) with volume 1.0167695e-07
Porosity region vitreous_porous:
    selecting model: DarcyForchheimer
--> FOAM IOWarning :
    Found [v1806] 'coordinateRotation' entry instead of 'rotation' in dictionary "system/fvOptions/vitreous_porous/explicitPorositySourceCoeffs/DarcyForchheimerCoeffs/coordinateSystem"

    This keyword is 90 months old.

Using [v1806] 'axesRotation' instead of 'axes' in selection table: coordinateRotation

    This lookup is 90 months old.

    creating porous zone: vitreous_zone
    origin: (0 0 0) e1: (1 0 0) e2: (0 1 0)
    local bounds: (0.016130422 0.0084483274 0.001)


Starting time loop

surfaceFieldValue flowRateTM:
    operation     = sum


surfaceFieldValue flowRateTM_left:
    operation     = sum


surfaceFieldValue pressureACinlet:
    operation     = areaAverage


Time = 1

smoothSolver:  Solving for Ux, Initial residual = 1, Final residual = 6.4745774e-09, No Iterations 10
smoothSolver:  Solving for Uy, Initial residual = 0.99999999, Final residual = 1.950702e-09, No Iterations 10
DICPCG:  Solving for p, Initial residual = 0.99999944, Final residual = 0.0094515982, No Iterations 612
DICPCG:  Solving for p, Initial residual = 0.0077554201, Final residual = 7.0373713e-05, No Iterations 350
DICPCG:  Solving for p, Initial residual = 0.0010268327, Final residual = 9.9319519e-06, No Iterations 445
DICPCG:  Solving for p, Initial residual = 0.0003369471, Final residual = 3.027184e-06, No Iterations 403
time step continuity errors : sum local = 4.136399e-06, global = 1.5229132e-08, cumulative = 1.5229132e-08
ExecutionTime = 2.81 s  ClockTime = 3 s

Time = 2

smoothSolver:  Solving for Ux, Initial residual = 0.0034277503, Final residual = 4.464209e-09, No Iterations 7
smoothSolver:  Solving for Uy, Initial residual = 0.00010792482, Final residual = 5.3214583e-09, No Iterations 5
DICPCG:  Solving for p, Initial residual = 0.0045455968, Final residual = 4.3930669e-05, No Iterations 590
DICPCG:  Solving for p, Initial residual = 0.0048085577, Final residual = 4.7988774e-05, No Iterations 355
DICPCG:  Solving for p, Initial residual = 0.00066427035, Final residual = 5.6782477e-06, No Iterations 447
DICPCG:  Solving for p, Initial residual = 0.00024955044, Final residual = 2.4195149e-06, No Iterations 401
time step continuity errors : sum local = 2.6149403e-06, global = 3.0071028e-08, cumulative = 4.530016e-08
ExecutionTime = 4.28 s  ClockTime = 5 s

Time = 3

smoothSolver:  Solving for Ux, Initial residual = 0.0013968734, Final residual = 1.9578984e-09, No Iterations 7
smoothSolver:  Solving for Uy, Initial residual = 4.808133e-05, Final residual = 2.5455107e-09, No Iterations 5
DICPCG:  Solving for p, Initial residual = 0.0050248031, Final residual = 4.770148e-05, No Iterations 467
DICPCG:  Solving for p, Initial residual = 0.0031965986, Final residual = 3.0414622e-05, No Iterations 353
DICPCG:  Solving for p, Initial residual = 0.00036992027, Final residual = 3.6191054e-06, No Iterations 455
DICPCG:  Solving for p, Initial residual = 0.00015493002, Final residual = 1.3863549e-06, No Iterations 423
time step continuity errors : sum local = 9.8915557e-07, global = -3.1231713e-09, cumulative = 4.2176989e-08
ExecutionTime = 5.66 s  ClockTime = 6 s

Time = 4

smoothSolver:  Solving for Ux, Initial residual = 0.00063896168, Final residual = 5.8176897e-09, No Iterations 6
smoothSolver:  Solving for Uy, Initial residual = 2.2282396e-05, Final residual = 7.7181814e-09, No Iterations 4
DICPCG:  Solving for p, Initial residual = 0.0054465407, Final residual = 5.0556002e-05, No Iterations 397
DICPCG:  Solving for p, Initial residual = 0.0083728205, Final residual = 8.2730897e-05, No Iterations 41
DICPCG:  Solving for p, Initial residual = 0.00094213451, Final residual = 8.9128844e-06, No Iterations 424
DICPCG:  Solving for p, Initial residual = 0.00037843205, Final residual = 3.6563561e-06, No Iterations 406
time step continuity errors : sum local = 1.5043757e-06, global = -3.5479561e-09, cumulative = 3.8629033e-08
ExecutionTime = 6.67 s  ClockTime = 7 s

Time = 5

smoothSolver:  Solving for Ux, Initial residual = 0.00019187075, Final residual = 2.1946533e-09, No Iterations 6
smoothSolver:  Solving for Uy, Initial residual = 6.7803052e-06, Final residual = 2.882794e-09, No Iterations 4
DICPCG:  Solving for p, Initial residual = 0.0051269282, Final residual = 5.0896939e-05, No Iterations 407
DICPCG:  Solving for p, Initial residual = 0.014102297, Final residual = 0.00013614337, No Iterations 23
DICPCG:  Solving for p, Initial residual = 0.0015888345, Final residual = 1.5273486e-05, No Iterations 422
DICPCG:  Solving for p, Initial residual = 0.0011050916, Final residual = 1.0900414e-05, No Iterations 385
time step continuity errors : sum local = 2.6837624e-06, global = -1.3740854e-08, cumulative = 2.4888179e-08
ExecutionTime = 7.84 s  ClockTime = 8 s

Time = 6

smoothSolver:  Solving for Ux, Initial residual = 0.00018609391, Final residual = 3.9046002e-09, No Iterations 5
smoothSolver:  Solving for Uy, Initial residual = 5.6849417e-06, Final residual = 4.5831562e-09, No Iterations 3
DICPCG:  Solving for p, Initial residual = 0.0044987467, Final residual = 4.4344696e-05, No Iterations 419
DICPCG:  Solving for p, Initial residual = 0.012193338, Final residual = 0.00010930625, No Iterations 380
DICPCG:  Solving for p, Initial residual = 0.0017726965, Final residual = 1.6541814e-05, No Iterations 431
DICPCG:  Solving for p, Initial residual = 0.00089034636, Final residual = 8.5910253e-06, No Iterations 392
time step continuity errors : sum local = 1.6999461e-06, global = 4.4791813e-10, cumulative = 2.5336097e-08
ExecutionTime = 9.13 s  ClockTime = 9 s

Time = 7

smoothSolver:  Solving for Ux, Initial residual = 0.00042027502, Final residual = 2.8176633e-09, No Iterations 6
smoothSolver:  Solving for Uy, Initial residual = 1.18988e-05, Final residual = 3.0362678e-09, No Iterations 4
DICPCG:  Solving for p, Initial residual = 0.0040765951, Final residual = 3.9628273e-05, No Iterations 387
DICPCG:  Solving for p, Initial residual = 0.004193482, Final residual = 4.1466916e-05, No Iterations 389
DICPCG:  Solving for p, Initial residual = 0.00065724646, Final residual = 6.3381753e-06, No Iterations 449
DICPCG:  Solving for p, Initial residual = 0.00030003813, Final residual = 2.8558714e-06, No Iterations 403
time step continuity errors : sum local = 6.8714402e-07, global = 7.8858868e-10, cumulative = 2.6124686e-08
ExecutionTime = 10.44 s  ClockTime = 11 s

Time = 8

smoothSolver:  Solving for Ux, Initial residual = 0.0005542756, Final residual = 4.002356e-09, No Iterations 6
smoothSolver:  Solving for Uy, Initial residual = 1.4597076e-05, Final residual = 4.0350416e-09, No Iterations 4
DICPCG:  Solving for p, Initial residual = 0.0039849304, Final residual = 3.9549799e-05, No Iterations 413
DICPCG:  Solving for p, Initial residual = 0.0033619524, Final residual = 3.2894393e-05, No Iterations 389
DICPCG:  Solving for p, Initial residual = 0.00026596289, Final residual = 2.4127092e-06, No Iterations 455
DICPCG:  Solving for p, Initial residual = 9.9385048e-05, Final residual = 9.0491704e-07, No Iterations 401
time step continuity errors : sum local = 2.8915772e-07, global = -2.1832548e-09, cumulative = 2.3941431e-08
ExecutionTime = 11.78 s  ClockTime = 12 s

Time = 9

smoothSolver:  Solving for Ux, Initial residual = 0.00052569219, Final residual = 3.4997e-09, No Iterations 6
smoothSolver:  Solving for Uy, Initial residual = 1.2882356e-05, Final residual = 3.3283352e-09, No Iterations 4
DICPCG:  Solving for p, Initial residual = 0.0035561001, Final residual = 3.5392264e-05, No Iterations 417
DICPCG:  Solving for p, Initial residual = 0.0048791127, Final residual = 4.7797735e-05, No Iterations 42
DICPCG:  Solving for p, Initial residual = 0.00050998563, Final residual = 4.7322788e-06, No Iterations 388
DICPCG:  Solving for p, Initial residual = 0.00022998239, Final residual = 2.274174e-06, No Iterations 392
time step continuity errors : sum local = 8.7898715e-07, global = 2.1710387e-09, cumulative = 2.611247e-08
ExecutionTime = 12.92 s  ClockTime = 13 s

Time = 10

smoothSolver:  Solving for Ux, Initial residual = 0.00031782403, Final residual = 7.603432e-09, No Iterations 5
smoothSolver:  Solving for Uy, Initial residual = 7.4357732e-06, Final residual = 7.3456566e-09, No Iterations 3
DICPCG:  Solving for p, Initial residual = 0.0026048576, Final residual = 2.4598383e-05, No Iterations 420
DICPCG:  Solving for p, Initial residual = 0.0044166981, Final residual = 4.2096038e-05, No Iterations 30
DICPCG:  Solving for p, Initial residual = 0.00046173915, Final residual = 4.5567289e-06, No Iterations 388
DICPCG:  Solving for p, Initial residual = 0.00020648625, Final residual = 2.0316573e-06, No Iterations 390
time step continuity errors : sum local = 8.4617637e-07, global = 5.6448469e-09, cumulative = 3.1757316e-08
ExecutionTime = 13.97 s  ClockTime = 14 s

surfaceFieldValue flowRateTM write:
    total faces   = 13
    total area    = 1.300058e-06

    sum(outlet_tm) of phi = 2.4975712e-11

surfaceFieldValue flowRateTM_left write:
    total faces   = 13
    total area    = 1.300058e-06

    sum(outlet_tm_left) of phi = 2.5025114e-11

surfaceFieldValue pressureACinlet write:
    total faces   = 25
    total area    = 1.5330668e-06

    areaAverage(ac_inlet) of p = 1.3411481

Time = 11

smoothSolver:  Solving for Ux, Initial residual = 0.00020740918, Final residual = 7.8019513e-09, No Iterations 5
smoothSolver:  Solving for Uy, Initial residual = 4.9456006e-06, Final residual = 7.0878031e-09, No Iterations 3
DICPCG:  Solving for p, Initial residual = 0.0018587071, Final residual = 1.8228045e-05, No Iterations 417
DICPCG:  Solving for p, Initial residual = 0.0027510662, Final residual = 2.7020767e-05, No Iterations 24
DICPCG:  Solving for p, Initial residual = 0.00028444774, Final residual = 2.7357216e-06, No Iterations 336
DICPCG:  Solving for p, Initial residual = 0.0001341073, Final residual = 1.268859e-06, No Iterations 44
time step continuity errors : sum local = 5.2656321e-07, global = -6.1340866e-08, cumulative = -2.958355e-08
ExecutionTime = 14.7 s  ClockTime = 15 s

Time = 12

smoothSolver:  Solving for Ux, Initial residual = 0.00019352828, Final residual = 2.6054383e-09, No Iterations 6
smoothSolver:  Solving for Uy, Initial residual = 5.2671107e-06, Final residual = 2.504331e-09, No Iterations 4
DICPCG:  Solving for p, Initial residual = 0.0018547681, Final residual = 1.7601334e-05, No Iterations 363
DICPCG:  Solving for p, Initial residual = 0.00065312423, Final residual = 6.4120125e-06, No Iterations 20
DICPCG:  Solving for p, Initial residual = 8.2030024e-05, Final residual = 8.0327503e-07, No Iterations 420
DICPCG:  Solving for p, Initial residual = 4.3450558e-05, Final residual = 4.2376815e-07, No Iterations 380
time step continuity errors : sum local = 1.6686406e-07, global = -5.6717285e-10, cumulative = -3.0150723e-08
ExecutionTime = 15.86 s  ClockTime = 16 s

Time = 13

smoothSolver:  Solving for Ux, Initial residual = 0.00017170065, Final residual = 2.4116347e-09, No Iterations 6
smoothSolver:  Solving for Uy, Initial residual = 5.1859572e-06, Final residual = 2.5414232e-09, No Iterations 4
DICPCG:  Solving for p, Initial residual = 0.0018447553, Final residual = 1.8270262e-05, No Iterations 364
DICPCG:  Solving for p, Initial residual = 0.0018607299, Final residual = 1.8393906e-05, No Iterations 27
DICPCG:  Solving for p, Initial residual = 0.00014880885, Final residual = 1.4477084e-06, No Iterations 439
DICPCG:  Solving for p, Initial residual = 4.8262652e-05, Final residual = 4.4031047e-07, No Iterations 384
time step continuity errors : sum local = 1.6222591e-07, global = 1.5224856e-10, cumulative = -2.9998474e-08
ExecutionTime = 16.95 s  ClockTime = 17 s

Time = 14

smoothSolver:  Solving for Ux, Initial residual = 0.00011710299, Final residual = 8.2830253e-09, No Iterations 5
smoothSolver:  Solving for Uy, Initial residual = 3.5895856e-06, Final residual = 9.6147015e-09, No Iterations 3
DICPCG:  Solving for p, Initial residual = 0.001594748, Final residual = 1.5578368e-05, No Iterations 419
DICPCG:  Solving for p, Initial residual = 0.0028967286, Final residual = 2.7456107e-05, No Iterations 28
DICPCG:  Solving for p, Initial residual = 0.00026064014, Final residual = 2.5421513e-06, No Iterations 380
DICPCG:  Solving for p, Initial residual = 0.0001007381, Final residual = 9.8489628e-07, No Iterations 337
time step continuity errors : sum local = 3.4579266e-07, global = -7.0999408e-09, cumulative = -3.7098415e-08
ExecutionTime = 17.94 s  ClockTime = 18 s

Time = 15

smoothSolver:  Solving for Ux, Initial residual = 4.2406295e-05, Final residual = 9.0238094e-09, No Iterations 4
smoothSolver:  Solving for Uy, Initial residual = 1.4083515e-06, Final residual = 2.4343803e-09, No Iterations 3
DICPCG:  Solving for p, Initial residual = 0.0011269197, Final residual = 1.0375646e-05, No Iterations 422
DICPCG:  Solving for p, Initial residual = 0.002595908, Final residual = 2.5795624e-05, No Iterations 29
DICPCG:  Solving for p, Initial residual = 0.00025897899, Final residual = 2.3870789e-06, No Iterations 376
DICPCG:  Solving for p, Initial residual = 0.00011512994, Final residual = 1.1262272e-06, No Iterations 79
time step continuity errors : sum local = 3.8987616e-07, global = -1.7226699e-08, cumulative = -5.4325114e-08
ExecutionTime = 18.72 s  ClockTime = 19 s

Time = 16

smoothSolver:  Solving for Ux, Initial residual = 5.8924309e-05, Final residual = 4.3376389e-09, No Iterations 5
smoothSolver:  Solving for Uy, Initial residual = 1.6811322e-06, Final residual = 4.6137378e-09, No Iterations 3
DICPCG:  Solving for p, Initial residual = 0.00089660729, Final residual = 8.5944481e-06, No Iterations 420
DICPCG:  Solving for p, Initial residual = 0.001346377, Final residual = 1.2871786e-05, No Iterations 32
DICPCG:  Solving for p, Initial residual = 0.00013437201, Final residual = 1.3092812e-06, No Iterations 391
DICPCG:  Solving for p, Initial residual = 6.2613148e-05, Final residual = 6.1006102e-07, No Iterations 370
time step continuity errors : sum local = 2.1468012e-07, global = -2.9519722e-09, cumulative = -5.7277086e-08
ExecutionTime = 19.7 s  ClockTime = 20 s

Time = 17

smoothSolver:  Solving for Ux, Initial residual = 8.9059563e-05, Final residual = 7.2261797e-09, No Iterations 5
smoothSolver:  Solving for Uy, Initial residual = 2.5696833e-06, Final residual = 7.615729e-09, No Iterations 3
DICPCG:  Solving for p, Initial residual = 0.00099837118, Final residual = 9.9773252e-06, No Iterations 178
DICPCG:  Solving for p, Initial residual = 0.00044275396, Final residual = 4.2109397e-06, No Iterations 373
DICPCG:  Solving for p, Initial residual = 5.3935289e-05, Final residual = 5.1318044e-07, No Iterations 323
DICPCG:  Solving for p, Initial residual = 1.4563426e-05, Final residual = 1.3120526e-07, No Iterations 376
time step continuity errors : sum local = 4.7723265e-08, global = 5.6253392e-10, cumulative = -5.6714552e-08
ExecutionTime = 20.79 s  ClockTime = 21 s

Time = 18

smoothSolver:  Solving for Ux, Initial residual = 9.3682179e-05, Final residual = 6.9468384e-09, No Iterations 5
smoothSolver:  Solving for Uy, Initial residual = 2.6310651e-06, Final residual = 7.1662854e-09, No Iterations 3
DICPCG:  Solving for p, Initial residual = 0.0010603405, Final residual = 1.049654e-05, No Iterations 365
DICPCG:  Solving for p, Initial residual = 0.0011731945, Final residual = 1.0552213e-05, No Iterations 18
DICPCG:  Solving for p, Initial residual = 0.00010451523, Final residual = 1.0388165e-06, No Iterations 319
DICPCG:  Solving for p, Initial residual = 4.1157299e-05, Final residual = 3.9821417e-07, No Iterations 378
time step continuity errors : sum local = 1.4924466e-07, global = -2.5671024e-10, cumulative = -5.6971262e-08
ExecutionTime = 22.57 s  ClockTime = 23 s

Time = 19

smoothSolver:  Solving for Ux, Initial residual = 6.3640839e-05, Final residual = 3.8434896e-09, No Iterations 5
smoothSolver:  Solving for Uy, Initial residual = 1.7545978e-06, Final residual = 3.9309306e-09, No Iterations 3
DICPCG:  Solving for p, Initial residual = 0.00091143052, Final residual = 8.5534428e-06, No Iterations 398
DICPCG:  Solving for p, Initial residual = 0.0014400653, Final residual = 1.3985245e-05, No Iterations 22
DICPCG:  Solving for p, Initial residual = 0.00014452299, Final residual = 1.2829565e-06, No Iterations 399
DICPCG:  Solving for p, Initial residual = 6.5639365e-05, Final residual = 6.2600337e-07, No Iterations 34
time step continuity errors : sum local = 2.3876166e-07, global = 7.0553304e-09, cumulative = -4.9915932e-08
ExecutionTime = 23.5 s  ClockTime = 24 s

Time = 20

smoothSolver:  Solving for Ux, Initial residual = 3.0256285e-05, Final residual = 4.9950495e-09, No Iterations 4
smoothSolver:  Solving for Uy, Initial residual = 8.5364924e-07, Final residual = 6.2416612e-09, No Iterations 2
DICPCG:  Solving for p, Initial residual = 0.00063372868, Final residual = 6.2996911e-06, No Iterations 419
DICPCG:  Solving for p, Initial residual = 0.0011517056, Final residual = 1.1110428e-05, No Iterations 27
DICPCG:  Solving for p, Initial residual = 0.00011965067, Final residual = 1.1571466e-06, No Iterations 382
DICPCG:  Solving for p, Initial residual = 5.4311205e-05, Final residual = 5.4199554e-07, No Iterations 46
time step continuity errors : sum local = 2.070845e-07, global = 4.2035792e-09, cumulative = -4.5712353e-08
ExecutionTime = 24.45 s  ClockTime = 25 s

surfaceFieldValue flowRateTM write:
    sum(outlet_tm) of phi = 2.4986743e-11

surfaceFieldValue flowRateTM_left write:
    sum(outlet_tm_left) of phi = 2.5013872e-11

surfaceFieldValue pressureACinlet write:
    areaAverage(ac_inlet) of p = 1.3411638

Time = 21

smoothSolver:  Solving for Ux, Initial residual = 5.0161331e-05, Final residual = 3.5483638e-09, No Iterations 5
smoothSolver:  Solving for Uy, Initial residual = 1.3472154e-06, Final residual = 3.5084804e-09, No Iterations 3
DICPCG:  Solving for p, Initial residual = 0.00054417144, Final residual = 5.4176309e-06, No Iterations 366
DICPCG:  Solving for p, Initial residual = 0.00049883136, Final residual = 4.7000322e-06, No Iterations 36
DICPCG:  Solving for p, Initial residual = 5.261841e-05, Final residual = 4.8699815e-07, No Iterations 404
DICPCG:  Solving for p, Initial residual = 2.4339719e-05, Final residual = 2.3464098e-07, No Iterations 364
time step continuity errors : sum local = 8.869057e-08, global = 1.9202612e-09, cumulative = -4.3792092e-08
ExecutionTime = 25.59 s  ClockTime = 26 s

Time = 22

smoothSolver:  Solving for Ux, Initial residual = 5.5534042e-05, Final residual = 4.6070819e-09, No Iterations 5
smoothSolver:  Solving for Uy, Initial residual = 1.5244859e-06, Final residual = 4.718792e-09, No Iterations 3
DICPCG:  Solving for p, Initial residual = 0.00060794602, Final residual = 5.8113689e-06, No Iterations 217
DICPCG:  Solving for p, Initial residual = 0.0003671292, Final residual = 3.641102e-06, No Iterations 16
DICPCG:  Solving for p, Initial residual = 2.7481676e-05, Final residual = 2.4879507e-07, No Iterations 383
DICPCG:  Solving for p, Initial residual = 2.2601226e-05, Final residual = 2.2561616e-07, No Iterations 389
time step continuity errors : sum local = 8.3884897e-08, global = -4.7598469e-10, cumulative = -4.4268076e-08
ExecutionTime = 26.98 s  ClockTime = 27 s

Time = 23

smoothSolver:  Solving for Ux, Initial residual = 4.1875275e-05, Final residual = 3.6210564e-09, No Iterations 5
smoothSolver:  Solving for Uy, Initial residual = 1.2164162e-06, Final residual = 3.892273e-09, No Iterations 3
DICPCG:  Solving for p, Initial residual = 0.00060782552, Final residual = 5.7481935e-06, No Iterations 402
DICPCG:  Solving for p, Initial residual = 0.00076331687, Final residual = 7.4483119e-06, No Iterations 20
DICPCG:  Solving for p, Initial residual = 6.1925048e-05, Final residual = 5.770576e-07, No Iterations 404
DICPCG:  Solving for p, Initial residual = 2.1595129e-05, Final residual = 2.1448379e-07, No Iterations 376
time step continuity errors : sum local = 7.8537665e-08, global = 1.4719326e-10, cumulative = -4.4120883e-08
ExecutionTime = 28.51 s  ClockTime = 29 s

Time = 24

smoothSolver:  Solving for Ux, Initial residual = 1.9886429e-05, Final residual = 8.8405214e-09, No Iterations 4
smoothSolver:  Solving for Uy, Initial residual = 6.4127735e-07, Final residual = 1.827604e-09, No Iterations 3
DICPCG:  Solving for p, Initial residual = 0.00049274743, Final residual = 4.7879574e-06, No Iterations 419
DICPCG:  Solving for p, Initial residual = 0.00082739212, Final residual = 8.0770427e-06, No Iterations 22
DICPCG:  Solving for p, Initial residual = 7.4097626e-05, Final residual = 7.1100195e-07, No Iterations 400
DICPCG:  Solving for p, Initial residual = 2.9290398e-05, Final residual = 2.8318322e-07, No Iterations 37
time step continuity errors : sum local = 1.0283829e-07, global = -7.874109e-10, cumulative = -4.4908294e-08
ExecutionTime = 29.49 s  ClockTime = 30 s

Time = 25

smoothSolver:  Solving for Ux, Initial residual = 1.610355e-05, Final residual = 4.9859198e-09, No Iterations 4
smoothSolver:  Solving for Uy, Initial residual = 4.7101008e-07, Final residual = 6.3226017e-09, No Iterations 2
DICPCG:  Solving for p, Initial residual = 0.00035515804, Final residual = 3.4858894e-06, No Iterations 397
DICPCG:  Solving for p, Initial residual = 0.00057170881, Final residual = 5.6046223e-06, No Iterations 28
DICPCG:  Solving for p, Initial residual = 5.1919745e-05, Final residual = 4.9860474e-07, No Iterations 400
DICPCG:  Solving for p, Initial residual = 2.1009566e-05, Final residual = 2.100921e-07, No Iterations 66
time step continuity errors : sum local = 7.635974e-08, global = -1.1801094e-09, cumulative = -4.6088403e-08
ExecutionTime = 30.4 s  ClockTime = 31 s

Time = 26

smoothSolver:  Solving for Ux, Initial residual = 3.044081e-05, Final residual = 2.2094865e-09, No Iterations 5
smoothSolver:  Solving for Uy, Initial residual = 7.8080203e-07, Final residual = 2.1326879e-09, No Iterations 3
DICPCG:  Solving for p, Initial residual = 0.00034289691, Final residual = 3.3218677e-06, No Iterations 395
DICPCG:  Solving for p, Initial residual = 0.00017411011, Final residual = 1.7148492e-06, No Iterations 31
DICPCG:  Solving for p, Initial residual = 1.8105915e-05, Final residual = 1.7662085e-07, No Iterations 403
DICPCG:  Solving for p, Initial residual = 7.7606724e-06, Final residual = 7.725192e-08, No Iterations 82
time step continuity errors : sum local = 2.8281941e-08, global = -8.8416567e-10, cumulative = -4.6972569e-08
ExecutionTime = 31.23 s  ClockTime = 31 s

Time = 27

smoothSolver:  Solving for Ux, Initial residual = 3.3163708e-05, Final residual = 2.5446817e-09, No Iterations 5
smoothSolver:  Solving for Uy, Initial residual = 8.3572184e-07, Final residual = 2.3851048e-09, No Iterations 3
DICPCG:  Solving for p, Initial residual = 0.00039644411, Final residual = 3.7406205e-06, No Iterations 394
DICPCG:  Solving for p, Initial residual = 0.00026591159, Final residual = 2.5985722e-06, No Iterations 18
DICPCG:  Solving for p, Initial residual = 2.0581134e-05, Final residual = 2.0350037e-07, No Iterations 408
DICPCG:  Solving for p, Initial residual = 6.6370946e-06, Final residual = 6.1336233e-08, No Iterations 65
time step continuity errors : sum local = 2.2648805e-08, global = 4.150517e-10, cumulative = -4.6557517e-08
ExecutionTime = 32.01 s  ClockTime = 32 s

Time = 28

smoothSolver:  Solving for Ux, Initial residual = 2.366645e-05, Final residual = 1.8114019e-09, No Iterations 5
smoothSolver:  Solving for Uy, Initial residual = 5.970938e-07, Final residual = 1.6994097e-09, No Iterations 3
DICPCG:  Solving for p, Initial residual = 0.00039071813, Final residual = 3.8712209e-06, No Iterations 402
DICPCG:  Solving for p, Initial residual = 0.00043227114, Final residual = 3.9797776e-06, No Iterations 29
DICPCG:  Solving for p, Initial residual = 4.095922e-05, Final residual = 3.7283111e-07, No Iterations 397
DICPCG:  Solving for p, Initial residual = 1.6804801e-05, Final residual = 1.6072014e-07, No Iterations 28
time step continuity errors : sum local = 5.9718577e-08, global = 5.1670059e-10, cumulative = -4.6040817e-08
ExecutionTime = 32.73 s  ClockTime = 33 s

Time = 29

smoothSolver:  Solving for Ux, Initial residual = 8.5705684e-06, Final residual = 3.0222225e-09, No Iterations 4
smoothSolver:  Solving for Uy, Initial residual = 2.264842e-07, Final residual = 3.2442699e-09, No Iterations 2
DICPCG:  Solving for p, Initial residual = 0.00030385512, Final residual = 2.8754856e-06, No Iterations 417
DICPCG:  Solving for p, Initial residual = 0.00040776348, Final residual = 3.950217e-06, No Iterations 25
DICPCG:  Solving for p, Initial residual = 3.977434e-05, Final residual = 3.8989992e-07, No Iterations 376
DICPCG:  Solving for p, Initial residual = 1.8078241e-05, Final residual = 1.7803843e-07, No Iterations 53
time step continuity errors : sum local = 6.6340473e-08, global = 4.7863519e-10, cumulative = -4.5562181e-08
ExecutionTime = 33.46 s  ClockTime = 34 s

Time = 30

smoothSolver:  Solving for Ux, Initial residual = 1.0126443e-05, Final residual = 4.6737645e-09, No Iterations 4
smoothSolver:  Solving for Uy, Initial residual = 2.6614325e-07, Final residual = 4.5596985e-09, No Iterations 2
DICPCG:  Solving for p, Initial residual = 0.00024457669, Final residual = 2.3117202e-06, No Iterations 367
DICPCG:  Solving for p, Initial residual = 0.00026239142, Final residual = 2.5528324e-06, No Iterations 27
DICPCG:  Solving for p, Initial residual = 2.5428421e-05, Final residual = 2.4079533e-07, No Iterations 404
DICPCG:  Solving for p, Initial residual = 1.1147423e-05, Final residual = 1.097809e-07, No Iterations 33
time step continuity errors : sum local = 4.0865775e-08, global = 2.4402031e-10, cumulative = -4.5318161e-08
ExecutionTime = 34.15 s  ClockTime = 34 s

surfaceFieldValue flowRateTM write:
    sum(outlet_tm) of phi = 2.4970022e-11

surfaceFieldValue flowRateTM_left write:
    sum(outlet_tm_left) of phi = 2.5030014e-11

surfaceFieldValue pressureACinlet write:
    areaAverage(ac_inlet) of p = 1.3411595

Time = 31

smoothSolver:  Solving for Ux, Initial residual = 1.6073943e-05, Final residual = 8.5414221e-09, No Iterations 4
smoothSolver:  Solving for Uy, Initial residual = 4.1163246e-07, Final residual = 7.9684865e-09, No Iterations 2
DICPCG:  Solving for p, Initial residual = 0.00027587998, Final residual = 2.5088395e-06, No Iterations 360
DICPCG:  Solving for p, Initial residual = 9.487029e-05, Final residual = 9.4019739e-07, No Iterations 66
DICPCG:  Solving for p, Initial residual = 1.2055965e-05, Final residual = 1.1777628e-07, No Iterations 88
DICPCG:  Solving for p, Initial residual = 5.2088644e-06, Final residual = 4.8370476e-08, No Iterations 287
time step continuity errors : sum local = 1.7988727e-08, global = 8.6847684e-10, cumulative = -4.4449684e-08
ExecutionTime = 34.94 s  ClockTime = 35 s

Time = 32

smoothSolver:  Solving for Ux, Initial residual = 1.5743969e-05, Final residual = 8.5839251e-09, No Iterations 4
smoothSolver:  Solving for Uy, Initial residual = 4.1484266e-07, Final residual = 8.4001835e-09, No Iterations 2
DICPCG:  Solving for p, Initial residual = 0.00028761746, Final residual = 2.875942e-06, No Iterations 393
DICPCG:  Solving for p, Initial residual = 0.00018680487, Final residual = 1.8598053e-06, No Iterations 26
DICPCG:  Solving for p, Initial residual = 1.5698942e-05, Final residual = 1.5013158e-07, No Iterations 121
DICPCG:  Solving for p, Initial residual = 5.1280884e-06, Final residual = 4.8560763e-08, No Iterations 389
time step continuity errors : sum local = 1.7985609e-08, global = 7.856809e-11, cumulative = -4.4371116e-08
ExecutionTime = 35.76 s  ClockTime = 36 s

Time = 33

smoothSolver:  Solving for Ux, Initial residual = 9.970884e-06, Final residual = 5.254166e-09, No Iterations 4
smoothSolver:  Solving for Uy, Initial residual = 2.916045e-07, Final residual = 5.7721973e-09, No Iterations 2
DICPCG:  Solving for p, Initial residual = 0.00025574911, Final residual = 2.5066324e-06, No Iterations 399
DICPCG:  Solving for p, Initial residual = 0.00024827701, Final residual = 2.416181e-06, No Iterations 30
DICPCG:  Solving for p, Initial residual = 2.0597015e-05, Final residual = 1.8926521e-07, No Iterations 401
DICPCG:  Solving for p, Initial residual = 7.648349e-06, Final residual = 7.126555e-08, No Iterations 28
time step continuity errors : sum local = 2.6230416e-08, global = 8.075355e-11, cumulative = -4.4290363e-08
ExecutionTime = 36.5 s  ClockTime = 37 s

Time = 34

smoothSolver:  Solving for Ux, Initial residual = 5.9744488e-06, Final residual = 1.9513694e-09, No Iterations 4
smoothSolver:  Solving for Uy, Initial residual = 2.1139288e-07, Final residual = 3.2220435e-09, No Iterations 2
DICPCG:  Solving for p, Initial residual = 0.00020337488, Final residual = 1.9856027e-06, No Iterations 403
DICPCG:  Solving for p, Initial residual = 0.00020918157, Final residual = 2.0887488e-06, No Iterations 29
DICPCG:  Solving for p, Initial residual = 1.7498397e-05, Final residual = 1.7001631e-07, No Iterations 400
DICPCG:  Solving for p, Initial residual = 6.4053991e-06, Final residual = 6.3932757e-08, No Iterations 34
time step continuity errors : sum local = 2.3511204e-08, global = 6.8077578e-10, cumulative = -4.3609587e-08
ExecutionTime = 37.23 s  ClockTime = 37 s

Time = 35

smoothSolver:  Solving for Ux, Initial residual = 8.7950425e-06, Final residual = 3.2189848e-09, No Iterations 4
smoothSolver:  Solving for Uy, Initial residual = 2.4038937e-07, Final residual = 3.5331939e-09, No Iterations 2
DICPCG:  Solving for p, Initial residual = 0.00018516702, Final residual = 1.8414243e-06, No Iterations 366
DICPCG:  Solving for p, Initial residual = 0.00011363478, Final residual = 1.0878676e-06, No Iterations 71
DICPCG:  Solving for p, Initial residual = 1.0252594e-05, Final residual = 1.0192451e-07, No Iterations 103
DICPCG:  Solving for p, Initial residual = 3.3301508e-06, Final residual = 3.2984774e-08, No Iterations 382
time step continuity errors : sum local = 1.2199438e-08, global = 1.276875e-11, cumulative = -4.3596818e-08
ExecutionTime = 38 s  ClockTime = 38 s

Time = 36

smoothSolver:  Solving for Ux, Initial residual = 1.1336347e-05, Final residual = 4.8249308e-09, No Iterations 4
smoothSolver:  Solving for Uy, Initial residual = 2.7738966e-07, Final residual = 4.4908246e-09, No Iterations 2
DICPCG:  Solving for p, Initial residual = 0.00019520969, Final residual = 1.8925755e-06, No Iterations 150
DICPCG:  Solving for p, Initial residual = 5.6586798e-05, Final residual = 5.6292527e-07, No Iterations 83
DICPCG:  Solving for p, Initial residual = 5.4907561e-06, Final residual = 5.3649783e-08, No Iterations 371
DICPCG:  Solving for p, Initial residual = 2.7942627e-06, Final residual = 2.6115962e-08, No Iterations 401
time step continuity errors : sum local = 9.7003939e-09, global = 7.2703879e-11, cumulative = -4.3524114e-08
ExecutionTime = 38.82 s  ClockTime = 39 s

Time = 37

smoothSolver:  Solving for Ux, Initial residual = 9.8817995e-06, Final residual = 4.3995561e-09, No Iterations 4
smoothSolver:  Solving for Uy, Initial residual = 2.3913154e-07, Final residual = 4.0588982e-09, No Iterations 2
DICPCG:  Solving for p, Initial residual = 0.00020074268, Final residual = 1.8598368e-06, No Iterations 390
DICPCG:  Solving for p, Initial residual = 0.00010566428, Final residual = 9.8575876e-07, No Iterations 29
DICPCG:  Solving for p, Initial residual = 9.2187649e-06, Final residual = 8.9081166e-08, No Iterations 225
DICPCG:  Solving for p, Initial residual = 3.2341726e-06, Final residual = 3.2302923e-08, No Iterations 380
time step continuity errors : sum local = 1.2000966e-08, global = -1.31442e-10, cumulative = -4.3655556e-08
ExecutionTime = 39.66 s  ClockTime = 40 s

Time = 38

smoothSolver:  Solving for Ux, Initial residual = 5.6656713e-06, Final residual = 2.4219979e-09, No Iterations 4
smoothSolver:  Solving for Uy, Initial residual = 1.4711055e-07, Final residual = 2.4952426e-09, No Iterations 2
DICPCG:  Solving for p, Initial residual = 0.00017646265, Final residual = 1.6957764e-06, No Iterations 397
DICPCG:  Solving for p, Initial residual = 0.00012881399, Final residual = 1.1991994e-06, No Iterations 29
DICPCG:  Solving for p, Initial residual = 1.1435012e-05, Final residual = 1.1291426e-07, No Iterations 399
DICPCG:  Solving for p, Initial residual = 4.5590185e-06, Final residual = 4.5515133e-08, No Iterations 31
time step continuity errors : sum local = 1.6852819e-08, global = -2.6246764e-10, cumulative = -4.3918024e-08
ExecutionTime = 40.61 s  ClockTime = 41 s

Time = 39

smoothSolver:  Solving for Ux, Initial residual = 3.5637937e-06, Final residual = 9.5081272e-09, No Iterations 3
smoothSolver:  Solving for Uy, Initial residual = 9.8442653e-08, Final residual = 1.7071772e-09, No Iterations 2
DICPCG:  Solving for p, Initial residual = 0.00014255988, Final residual = 1.2930795e-06, No Iterations 400
DICPCG:  Solving for p, Initial residual = 0.0001155494, Final residual = 1.1167828e-06, No Iterations 27
DICPCG:  Solving for p, Initial residual = 1.0103136e-05, Final residual = 9.1060265e-08, No Iterations 399
DICPCG:  Solving for p, Initial residual = 4.0372055e-06, Final residual = 3.9636565e-08, No Iterations 29
time step continuity errors : sum local = 1.4683916e-08, global = -1.6190447e-10, cumulative = -4.4079928e-08
ExecutionTime = 41.46 s  ClockTime = 42 s

Time = 40

smoothSolver:  Solving for Ux, Initial residual = 4.7526503e-06, Final residual = 2.3651523e-09, No Iterations 4
smoothSolver:  Solving for Uy, Initial residual = 1.302955e-07, Final residual = 2.3751728e-09, No Iterations 2
DICPCG:  Solving for p, Initial residual = 0.00014210149, Final residual = 1.3525654e-06, No Iterations 390
DICPCG:  Solving for p, Initial residual = 6.7199791e-05, Final residual = 6.5306289e-07, No Iterations 22
DICPCG:  Solving for p, Initial residual = 6.4651844e-06, Final residual = 6.4309844e-08, No Iterations 195
DICPCG:  Solving for p, Initial residual = 2.8094813e-06, Final residual = 2.7962481e-08, No Iterations 378
time step continuity errors : sum local = 1.0407512e-08, global = 3.8161659e-11, cumulative = -4.4041767e-08
ExecutionTime = 42.4 s  ClockTime = 43 s

surfaceFieldValue flowRateTM write:
    sum(outlet_tm) of phi = 2.4956455e-11

surfaceFieldValue flowRateTM_left write:
    sum(outlet_tm_left) of phi = 2.5043551e-11

surfaceFieldValue pressureACinlet write:
    areaAverage(ac_inlet) of p = 1.3411581

Time = 41

smoothSolver:  Solving for Ux, Initial residual = 5.6131127e-06, Final residual = 3.0054279e-09, No Iterations 4
smoothSolver:  Solving for Uy, Initial residual = 1.5051743e-07, Final residual = 2.8930941e-09, No Iterations 2
DICPCG:  Solving for p, Initial residual = 0.00015765367, Final residual = 1.534969e-06, No Iterations 166
DICPCG:  Solving for p, Initial residual = 4.2887494e-05, Final residual = 4.203608e-07, No Iterations 67
DICPCG:  Solving for p, Initial residual = 4.7384732e-06, Final residual = 4.3987515e-08, No Iterations 350
DICPCG:  Solving for p, Initial residual = 2.5776887e-06, Final residual = 2.5515262e-08, No Iterations 390
time step continuity errors : sum local = 9.4900382e-09, global = 1.6368451e-10, cumulative = -4.3878082e-08
ExecutionTime = 43.69 s  ClockTime = 44 s

Time = 42

smoothSolver:  Solving for Ux, Initial residual = 4.8261764e-06, Final residual = 2.6271811e-09, No Iterations 4
smoothSolver:  Solving for Uy, Initial residual = 1.3457737e-07, Final residual = 2.6761248e-09, No Iterations 2
DICPCG:  Solving for p, Initial residual = 0.00015263447, Final residual = 1.3992295e-06, No Iterations 390
DICPCG:  Solving for p, Initial residual = 6.6010431e-05, Final residual = 6.5148663e-07, No Iterations 29
DICPCG:  Solving for p, Initial residual = 5.6070506e-06, Final residual = 5.5215222e-08, No Iterations 405
DICPCG:  Solving for p, Initial residual = 2.3258929e-06, Final residual = 2.30305e-08, No Iterations 62
time step continuity errors : sum local = 8.5237246e-09, global = 1.8083566e-10, cumulative = -4.3697247e-08
ExecutionTime = 44.66 s  ClockTime = 45 s

Time = 43

smoothSolver:  Solving for Ux, Initial residual = 3.6405121e-06, Final residual = 1.752536e-09, No Iterations 4
smoothSolver:  Solving for Uy, Initial residual = 1.1491919e-07, Final residual = 2.1815197e-09, No Iterations 2
DICPCG:  Solving for p, Initial residual = 0.00012452509, Final residual = 1.2039629e-06, No Iterations 396
DICPCG:  Solving for p, Initial residual = 6.9758964e-05, Final residual = 6.6452143e-07, No Iterations 29
DICPCG:  Solving for p, Initial residual = 6.2566418e-06, Final residual = 6.1992128e-08, No Iterations 402
DICPCG:  Solving for p, Initial residual = 2.5491392e-06, Final residual = 2.5292814e-08, No Iterations 84
time step continuity errors : sum local = 9.3567852e-09, global = 1.0785396e-10, cumulative = -4.3589393e-08
ExecutionTime = 46.48 s  ClockTime = 47 s

Time = 44

smoothSolver:  Solving for Ux, Initial residual = 3.3260501e-06, Final residual = 8.330565e-09, No Iterations 3
smoothSolver:  Solving for Uy, Initial residual = 1.1116232e-07, Final residual = 1.9995156e-09, No Iterations 2
DICPCG:  Solving for p, Initial residual = 0.00010379583, Final residual = 9.7673511e-07, No Iterations 393
DICPCG:  Solving for p, Initial residual = 4.9812999e-05, Final residual = 4.8391284e-07, No Iterations 26
DICPCG:  Solving for p, Initial residual = 4.8364824e-06, Final residual = 4.7040719e-08, No Iterations 231
DICPCG:  Solving for p, Initial residual = 1.946244e-06, Final residual = 1.8589156e-08, No Iterations 385
time step continuity errors : sum local = 6.9245119e-09, global = 2.7138826e-11, cumulative = -4.3562254e-08
ExecutionTime = 48.22 s  ClockTime = 48 s

Time = 45

smoothSolver:  Solving for Ux, Initial residual = 3.59864e-06, Final residual = 9.3108769e-09, No Iterations 3
smoothSolver:  Solving for Uy, Initial residual = 1.1058927e-07, Final residual = 1.9962987e-09, No Iterations 2
DICPCG:  Solving for p, Initial residual = 0.00010515844, Final residual = 1.0243727e-06, No Iterations 176
DICPCG:  Solving for p, Initial residual = 2.6849171e-05, Final residual = 2.5305049e-07, No Iterations 352
DICPCG:  Solving for p, Initial residual = 4.828209e-06, Final residual = 4.7744722e-08, No Iterations 400
DICPCG:  Solving for p, Initial residual = 1.6137761e-06, Final residual = 1.4539683e-08, No Iterations 383
time step continuity errors : sum local = 5.4356287e-09, global = -2.4597083e-11, cumulative = -4.3586851e-08
ExecutionTime = 50.24 s  ClockTime = 50 s

Time = 46

smoothSolver:  Solving for Ux, Initial residual = 3.4724801e-06, Final residual = 9.7352627e-09, No Iterations 3
smoothSolver:  Solving for Uy, Initial residual = 1.0117653e-07, Final residual = 1.8841759e-09, No Iterations 2
DICPCG:  Solving for p, Initial residual = 0.00011461923, Final residual = 1.1076097e-06, No Iterations 198
DICPCG:  Solving for p, Initial residual = 2.8503592e-05, Final residual = 2.5823562e-07, No Iterations 330
DICPCG:  Solving for p, Initial residual = 4.9485499e-06, Final residual = 4.7411078e-08, No Iterations 392
DICPCG:  Solving for p, Initial residual = 1.4544316e-06, Final residual = 1.4302652e-08, No Iterations 407
time step continuity errors : sum local = 5.3541515e-09, global = 5.0398007e-11, cumulative = -4.3536453e-08
ExecutionTime = 52.07 s  ClockTime = 52 s

Time = 47

smoothSolver:  Solving for Ux, Initial residual = 2.7584718e-06, Final residual = 8.2289273e-09, No Iterations 3
smoothSolver:  Solving for Uy, Initial residual = 8.5395444e-08, Final residual = 1.6599006e-09, No Iterations 2
DICPCG:  Solving for p, Initial residual = 0.0001099308, Final residual = 1.0918312e-06, No Iterations 353
DICPCG:  Solving for p, Initial residual = 4.0173419e-05, Final residual = 3.9091544e-07, No Iterations 68
DICPCG:  Solving for p, Initial residual = 4.0861341e-06, Final residual = 4.0041634e-08, No Iterations 107
DICPCG:  Solving for p, Initial residual = 1.589835e-06, Final residual = 1.5509551e-08, No Iterations 376
time step continuity errors : sum local = 5.7936422e-09, global = -2.6894367e-11, cumulative = -4.3563347e-08
ExecutionTime = 53.28 s  ClockTime = 54 s

Time = 48

smoothSolver:  Solving for Ux, Initial residual = 2.2753726e-06, Final residual = 7.1338853e-09, No Iterations 3
smoothSolver:  Solving for Uy, Initial residual = 7.3164867e-08, Final residual = 9.1861061e-09, No Iterations 1
DICPCG:  Solving for p, Initial residual = 8.9139524e-05, Final residual = 8.7324045e-07, No Iterations 390
DICPCG:  Solving for p, Initial residual = 3.9062241e-05, Final residual = 3.7481481e-07, No Iterations 29
DICPCG:  Solving for p, Initial residual = 3.5909309e-06, Final residual = 3.5636017e-08, No Iterations 198
DICPCG:  Solving for p, Initial residual = 1.4424674e-06, Final residual = 1.250654e-08, No Iterations 383
time step continuity errors : sum local = 4.6843583e-09, global = -5.7785834e-11, cumulative = -4.3621133e-08
ExecutionTime = 55.49 s  ClockTime = 56 s


SIMPLE solution converged in 48 iterations

End


=== post-run summary ===
  nCells = N/A
nCells=41242
d_TM=1.2578e+14
IOP_AC_right=10.000 mmHg
IOP_AC_left=10.000 mmHg
IOP_AC_mean=10.000 mmHg
IOP_vitreous_mean=10.012 mmHg
delta_AC_vitreous=0.012 mmHg
Q_TM_total=5.0000e-11 m³/s (target 5.0000e-11)
Q_balance_error=0.00 %
=== doc-g1-sim1 done (M1) ===
