  TimeWindow  Iteration  ResRel(Solid-Mesh:Displacement)  ResRel(Fluid-Mesh:Force)
     1       1   1.00000000e+00   1.00000000e+00
     1       2   1.85433334e-01   4.88051582e-01
     1       3   9.38396360e-03   7.33346099e-02
     1       4   1.15439683e-04   3.26883526e-03
     1       5   1.41962363e-06   3.58716907e-05
     1       6   6.12010530e-09   4.53919436e-07
     2       1   6.09717263e-01   7.32399525e-01
     2       2   9.33500508e-03   4.03515061e-01
     2       3   2.18510928e-04   4.48071002e-03
     2       4   4.85796658e-07   1.08046449e-04
     2       5   5.50909833e-09   2.49326622e-07
     3       1   2.50016969e-01   3.09482098e-01
     3       2   1.88883328e-04   1.39385730e-01
     3       3   8.39008786e-07   8.66171482e-05
     3       4   4.14136332e-09   3.18727171e-07
     4       1   4.88306077e-03   3.22543279e-02
     4       2   6.96028912e-05   1.51926173e-03
     4       3   1.88674505e-06   4.18267026e-05
     4       4   7.70112557e-08   8.38287646e-07
     5       1   9.04087287e-02   8.71166996e-02
     5       2   5.08045699e-05   4.06817363e-02
     5       3   1.19559380e-06   2.51893967e-05
     5       4   1.53524758e-08   5.82071362e-07
     6       1   5.27414068e-02   5.07918642e-02
     6       2   6.38488363e-05   2.38441694e-02
     6       3   5.83251927e-05   9.55369527e-05
     6       4   1.76885598e-05   1.93445143e-05
     6       5   6.23909353e-08   8.37075783e-06
     7       1   3.24748014e-03   2.01815859e-02
     7       2   3.41878585e-03   1.93689795e-04
     7       3   7.65226220e-05   1.58945524e-03
     7       4   1.50069869e-06   3.71140329e-05
     7       5   9.09768112e-08   7.15727742e-07
     8       1   2.97036953e-02   6.09410306e-02
     8       2   4.43171043e-04   1.45655893e-02
     8       3   3.12975615e-04   2.76538232e-05
     8       4   9.06744581e-05   8.13223027e-05
     8       5   2.29498299e-07   3.37122597e-05
     8       6   2.15989486e-09   8.05741616e-08
     9       1   2.69525655e-02   1.43857272e-01
     9       2   6.72874116e-04   1.31063337e-02
     9       3   1.00997443e-05   1.94266964e-04
     9       4   5.08999767e-08   4.29066398e-06
    10       1   1.68429233e-02   3.76099536e-01
    10       2   6.01301393e-04   7.70571147e-03
    10       3   1.21904607e-03   2.61472990e-03
    10       4   1.32038761e-03   2.55683944e-03
    10       5   5.89750064e-04   2.59206165e-03
    10       6   8.11886005e-04   2.65523014e-03
    10       7   5.24540265e-04   2.66073609e-03
    10       8   7.59973150e-04   2.67117361e-03
    10       9   4.98669423e-04   2.67183271e-03
    10      10   7.32240904e-04   2.67885708e-03
    10      11   4.93594375e-04   2.67671128e-03
    10      12   7.31091252e-04   2.67974059e-03
    10      13   4.92639084e-04   2.67702026e-03
    10      14   7.29092038e-04   2.68017674e-03
    10      15   4.92182135e-04   2.67738829e-03
    10      16   7.29138372e-04   2.68023390e-03
    10      17   4.92145466e-04   2.67738643e-03
    10      18   7.28963684e-04   2.68026547e-03
    10      19   4.92117748e-04   2.67741688e-03
    10      20   7.28987278e-04   2.68026579e-03
    10      21   4.92115255e-04   2.67741365e-03
    10      22   7.28970418e-04   2.68026870e-03
    10      23   4.92113686e-04   2.67741643e-03
    10      24   7.28973785e-04   2.68026841e-03
    10      25   4.92113608e-04   2.67741593e-03
    10      26   7.28972230e-04   2.68026865e-03
    10      27   4.92113477e-04   2.67741619e-03
    10      28   7.28972609e-04   2.68026861e-03
    10      29   4.92113465e-04   2.67741613e-03
    10      30   7.28972456e-04   2.68026864e-03
    10      31   4.92113466e-04   2.67741616e-03
    10      32   7.28972476e-04   2.68026864e-03
    10      33   4.92113481e-04   2.67741615e-03
    10      34   7.28972472e-04   2.68026863e-03
    10      35   4.92113475e-04   2.67741615e-03
    10      36   7.28972486e-04   2.68026863e-03
    10      37   4.92113463e-04   2.67741615e-03
    10      38   7.28972494e-04   2.68026863e-03
    10      39   4.92113441e-04   2.67741615e-03
    10      40   7.28972490e-04   2.68026864e-03
    10      41   4.92113488e-04   2.67741615e-03
    10      42   7.28972489e-04   2.68026863e-03
    10      43   4.92113448e-04   2.67741615e-03
    10      44   7.28972487e-04   2.68026864e-03
    10      45   4.92113461e-04   2.67741615e-03
    10      46   7.28972481e-04   2.68026864e-03
    10      47   4.92113457e-04   2.67741615e-03
    10      48   7.28972467e-04   2.68026864e-03
    10      49   4.92113490e-04   2.67741615e-03
    10      50   7.28972517e-04   2.68026863e-03
    11       1   2.59468862e-02   8.38326107e-01
    11       2   2.09023635e+00   4.91968338e-01
    11       3   2.02925616e+00   7.10013876e-03
    11       4   2.02919278e+00   1.39724112e-05
    11       5   2.02919251e+00   7.83396317e-07
    11       6   2.02919225e+00   3.37145971e-08
    11       7   2.42606601e-02   3.97990436e-01
    11       8   1.29656906e-05   9.20734352e-03
    11       9   2.18948486e-05   1.39451364e-05
    11      10   6.51772256e-08   8.44370424e-06
    12       1   6.87957119e-02   1.23768863e+00
    12       2   2.09748634e-02   1.55538336e-02
    12       3   6.30336941e-02   3.15733847e-02
    12       4   1.73345590e-03   1.24385061e-02
    12       5   1.38371363e-04   3.36143776e-04
    12       6   3.45854798e-05   2.19184773e-05
    12       7   2.16897209e-06   6.77826505e-06
    13       1   2.00950480e-01   1.35530820e+00
    13       2   7.00973838e-01   9.31366292e-02
    13       3   3.40232871e-02   9.23725613e-02
    13       4   4.07364970e-03   1.59720256e-03
    13       5   3.38676566e-02   4.95889782e-03
    13       6   4.66738588e-03   4.91690759e-03
    13       7   3.91016942e-02   5.20098699e-03
    13       8   6.02391941e-03   5.11837422e-03
    13       9   3.96967598e-02   5.15504771e-03
    13      10   6.21046217e-03   5.14001327e-03
    13      11   3.97898248e-02   5.14943488e-03
    13      12   6.13784003e-03   5.14922308e-03
    13      13   3.98073641e-02   5.15454968e-03
    13      14   6.13779212e-03   5.15018083e-03
    13      15   3.98036547e-02   5.15435004e-03
    13      16   6.13773925e-03   5.14998185e-03
    13      17   3.98044570e-02   5.15439685e-03
    13      18   6.13771946e-03   5.15002668e-03
    13      19   3.98042801e-02   5.15438833e-03
    13      20   6.13772757e-03   5.15001658e-03
    13      21   3.98043195e-02   5.15439002e-03
    13      22   6.13772526e-03   5.15001886e-03
    13      23   3.98043107e-02   5.15438967e-03
    13      24   6.13772584e-03   5.15001834e-03
    13      25   3.98043127e-02   5.15438974e-03
    13      26   6.13772570e-03   5.15001846e-03
    13      27   3.98043122e-02   5.15438973e-03
    13      28   6.13772573e-03   5.15001843e-03
    13      29   3.98043123e-02   5.15438973e-03
    13      30   6.13772571e-03   5.15001844e-03
    13      31   3.98043123e-02   5.15438973e-03
    13      32   6.13772572e-03   5.15001844e-03
    13      33   3.98043123e-02   5.15438973e-03
    13      34   6.13772575e-03   5.15001844e-03
    13      35   3.98043123e-02   5.15438973e-03
    13      36   6.13772575e-03   5.15001844e-03
    13      37   3.98043123e-02   5.15438973e-03
    13      38   6.13772573e-03   5.15001844e-03
    13      39   3.98043123e-02   5.15438973e-03
    13      40   6.13772573e-03   5.15001844e-03
    13      41   3.98043123e-02   5.15438973e-03
    13      42   6.13772573e-03   5.15001844e-03
    13      43   3.98043123e-02   5.15438973e-03
    13      44   6.13772575e-03   5.15001844e-03
    13      45   3.98043123e-02   5.15438973e-03
    13      46   6.13772574e-03   5.15001844e-03
    13      47   3.98043123e-02   5.15438973e-03
    13      48   6.13772573e-03   5.15001844e-03
    13      49   3.98043123e-02   5.15438973e-03
    13      50   6.13772574e-03   5.15001844e-03
    14       1   4.40592607e-01   1.37570351e+00
    14       2   2.42731691e+00   7.52421063e-01
    14       3   2.44813962e+00   9.31084646e-02
    14       4   2.45452387e+00   6.82680102e-03
    14       5   2.45441721e+00   1.29531099e-04
    14       6   2.45430446e+00   1.43889807e-04
    14       7   5.87442719e+00   8.79396816e-01
    14       8   1.76302407e-01   6.27474457e-02
    14       9   9.45035153e-02   1.06453217e-02
    14      10   8.99873180e-02   7.89295869e-03
    14      11   5.36153755e-03   3.35837689e-03
    14      12   8.03104826e-03   9.48888122e-05
    14      13   1.58453424e-03   2.37169600e-04
    14      14   4.77526852e-04   3.99459877e-05
    14      15   8.34535242e-05   1.97291956e-05
    14      16   4.36260977e-06   2.77047547e-06
    15       1   2.90570610e-01   5.71914414e+00
    15       2   7.78749550e-02   4.63396430e-01
    15       3   7.31347004e-02   7.24624634e-01
    15       4   7.48871628e-02   4.49563285e-01
    15       5   6.82358975e-02   7.20157012e-01
    15       6   6.57481609e-02   4.48578091e-01
    15       7   6.55566408e-02   7.19702137e-01
    15       8   4.59060133e-02   4.47647050e-01
    15       9   6.15605704e-02   7.19204678e-01
    15      10   6.40677014e-02   4.48322548e-01
    15      11   6.14502123e-02   7.19546782e-01
    15      12   4.63736056e-02   4.47564424e-01
    15      13   5.22289471e-02   7.20615043e-01
    15      14   7.27683085e-02   4.48416675e-01
    15      15   4.68873900e-02   7.21519686e-01
    15      16   4.64919186e-02   4.47641684e-01
    15      17   5.22691264e-02   7.20618967e-01
    15      18   7.25848370e-02   4.48414259e-01
    15      19   4.70499235e-02   7.21517791e-01
    15      20   4.63405042e-02   4.47642922e-01
    15      21   5.23868742e-02   7.20622853e-01
    15      22   7.25418687e-02   4.48417335e-01
    15      23   4.70585440e-02   7.21515190e-01
    15      24   4.62868819e-02   4.47641684e-01
    15      25   5.23599203e-02   7.20617652e-01
    15      26   7.25450561e-02   4.48416234e-01
    15      27   4.71060641e-02   7.21518027e-01
    15      28   4.62761372e-02   4.47643033e-01
    15      29   5.23535618e-02   7.20616523e-01
    15      30   7.25414450e-02   4.48415869e-01
    15      31   4.71100453e-02   7.21518080e-01
    15      32   4.62740179e-02   4.47643126e-01
    15      33   5.23521874e-02   7.20616289e-01
    15      34   7.25405765e-02   4.48415787e-01
    15      35   4.71106129e-02   7.21518070e-01
    15      36   4.62735840e-02   4.47643137e-01
    15      37   5.23519043e-02   7.20616241e-01
    15      38   7.25403950e-02   4.48415770e-01
    15      39   4.71107182e-02   7.21518067e-01
    15      40   4.62734951e-02   4.47643139e-01
    15      41   5.23518462e-02   7.20616231e-01
    15      42   7.25403579e-02   4.48415767e-01
    15      43   4.71107393e-02   7.21518067e-01
    15      44   4.62734769e-02   4.47643140e-01
    15      45   5.23518343e-02   7.20616229e-01
    15      46   7.25403503e-02   4.48415766e-01
    15      47   4.71107436e-02   7.21518067e-01
    15      48   4.62734731e-02   4.47643140e-01
    15      49   5.23518319e-02   7.20616229e-01
    15      50   7.25403487e-02   4.48415766e-01
    16       1   1.76170894e-01   3.56230146e+00
    16       2   3.48215528e-01   2.95200334e-01
    16       3   2.38148455e-01   9.82291693e-02
    16       4   2.64762357e-01   4.59187458e-02
    16       5   1.94685299e-01   5.46255706e-02
    16       6   6.96445997e-02   2.45820407e-02
    16       7   2.40232582e-02   7.41228640e-03
    16       8   3.30849901e-02   8.72032887e-03
    16       9   1.99604267e-02   3.54394693e-03
    16      10   2.26822109e-02   5.11330791e-02
    16      11   1.45791012e-02   4.38761844e-02
    16      12   5.51935579e-03   2.11571288e-02
    16      13   1.73538168e-03   1.92427391e-02
    16      14   1.97038150e-03   3.29150056e-03
    16      15   3.20013138e-03   1.28517735e-02
    16      16   1.63439864e-03   1.16883394e-02
    16      17   1.62706142e-03   7.72499901e-03
    16      18   1.11821173e-02   3.85409029e-01
    16      19   4.44070215e-03   4.38943535e-01
    16      20   1.54445452e-03   9.65531482e-02
    16      21   6.90814916e-03   1.01833595e-01
    16      22   4.82589365e-04   1.97731542e-02
    16      23   2.09566801e-03   1.96690006e-02
    16      24   6.40757509e-04   1.88592005e-02
    16      25   4.79439965e-04   3.38109904e-03
    16      26   2.02344335e-03   1.29493191e-02
    16      27   5.43208077e-04   1.17644269e-02
    16      28   2.99490467e-04   7.73161898e-03
    16      29   1.10521130e-02   3.85762789e-01
    16      30   2.21114849e-03   4.39533830e-01
    16      31   2.95430347e-03   9.83684568e-02
    16      32   2.08708814e-03   1.04039728e-01
    16      33   1.02930359e-03   1.96027876e-02
    16      34   4.65307338e-03   1.97444265e-02
    16      35   1.10323862e-03   1.89231119e-02
    16      36   3.41152988e-04   3.44445788e-03
    16      37   1.24654181e-03   1.29478437e-02
    16      38   9.43990395e-04   1.17389067e-02
    16      39   7.80936473e-04   7.73108657e-03
    16      40   1.09486423e-02   3.85793413e-01
    16      41   1.59707436e-03   4.39578624e-01
    16      42   2.91290684e-03   9.83757719e-02
    16      43   1.90311860e-03   1.04044846e-01
    16      44   9.94886083e-04   1.95870071e-02
    16      45   4.29129868e-03   1.97214823e-02
    16      46   1.10777212e-03   1.88976340e-02
    16      47   4.49063832e-04   3.43627173e-03
    16      48   1.11190000e-03   1.29483694e-02
    16      49   9.97744366e-04   1.17337608e-02
    16      50   8.52474868e-04   7.73125937e-03
    17       1   7.76616821e-03   8.89329851e-02
    17       2   7.33057361e-03   4.91827191e-03
    17       3   7.71496165e-03   2.89808457e-03
    17       4   7.85321120e-03   2.34457746e-03
    17       5   7.42266165e-03   6.46898069e-04
    17       6   4.93514077e-03   2.77882725e-03
    17       7   1.10008591e-03   2.51781546e-03
    17       8   7.51164779e-05   5.61214545e-04
    17       9   1.27586869e-04   1.42923674e-03
    17      10   6.69553498e-05   1.03067303e-05
    17      11   4.13582694e-06   1.06491554e-05
    17      12   3.61125328e-07   7.67237324e-07
    18       1   1.75868374e-03   2.49288307e-02
    18       2   4.95628413e-03   6.08218166e-04
    18       3   4.81392150e-05   9.34975470e-04
    18       4   4.82505078e-05   3.01608299e-04
    18       5   8.01247763e-05   7.68530302e-04
    18       6   9.33006452e-05   3.80312024e-04
    18       7   7.90448568e-05   3.80065906e-04
    18       8   3.06152756e-05   3.72126707e-04
    18       9   1.26597353e-04   3.79080749e-04
    18      10   2.29255047e-05   3.78381044e-04
    18      11   1.53292611e-04   3.81157292e-04
    18      12   9.90790622e-06   3.79712508e-04
    18      13   1.53549817e-04   3.79789520e-04
    18      14   9.91008493e-06   3.79735299e-04
    18      15   1.53585790e-04   3.79782813e-04
    18      16   9.92413018e-06   3.79736319e-04
    18      17   1.53681479e-04   3.79792302e-04
    18      18   9.90879453e-06   3.79742153e-04
    18      19   1.53696177e-04   3.79792159e-04
    18      20   9.90753499e-06   3.79743165e-04
    18      21   1.53697363e-04   3.79792144e-04
    18      22   9.90726421e-06   3.79743233e-04
    18      23   1.53697433e-04   3.79792127e-04
    18      24   9.90724907e-06   3.79743237e-04
    18      25   1.53697441e-04   3.79792126e-04
    18      26   9.90724421e-06   3.79743237e-04
    18      27   1.53697439e-04   3.79792125e-04
    18      28   9.90724666e-06   3.79743237e-04
    18      29   1.53697436e-04   3.79792126e-04
    18      30   9.90724937e-06   3.79743237e-04
    18      31   1.53697438e-04   3.79792126e-04
    18      32   9.90724761e-06   3.79743237e-04
    18      33   1.53697437e-04   3.79792126e-04
    18      34   9.90724884e-06   3.79743237e-04
    18      35   1.53697435e-04   3.79792126e-04
    18      36   9.90725039e-06   3.79743237e-04
    18      37   1.53697434e-04   3.79792126e-04
    18      38   9.90725138e-06   3.79743237e-04
    18      39   1.53697442e-04   3.79792126e-04
    18      40   9.90724395e-06   3.79743237e-04
    18      41   1.53697438e-04   3.79792126e-04
    18      42   9.90724756e-06   3.79743237e-04
    18      43   1.53697437e-04   3.79792126e-04
    18      44   9.90724900e-06   3.79743237e-04
    18      45   1.53697437e-04   3.79792126e-04
    18      46   9.90724841e-06   3.79743237e-04
    18      47   1.53697439e-04   3.79792126e-04
    18      48   9.90724703e-06   3.79743237e-04
    18      49   1.53697437e-04   3.79792126e-04
    18      50   9.90724876e-06   3.79743237e-04
    19       1   1.58520217e-03   1.02679464e-02
    19       2   1.59431985e-01   2.88712311e-02
    19       3   1.31629443e-01   7.33600779e-03
    19       4   1.30435435e-01   1.74286317e-03
    19       5   1.29614283e-01   4.38059854e-04
    19       6   1.11365180e-01   2.98060137e-03
    19       7   1.24116471e-02   2.03121851e-02
    19       8   1.24273528e-02   3.30922309e-04
    19       9   1.27798709e-02   6.32456659e-04
    19      10   4.38384729e-03   1.65811133e-03
    19      11   1.01873829e-03   1.41438446e-03
    19      12   3.50587358e-03   5.67240811e-04
    19      13   3.06685970e-03   6.29635510e-04
    19      14   6.31841815e-04   6.32676163e-04
    19      15   3.10090201e-04   5.87214928e-04
    19      16   1.55701986e-04   3.19920701e-04
    19      17   4.68160415e-05   5.89390503e-04
    19      18   1.39425705e-04   4.29887606e-04
    19      19   2.14073732e-04   6.26844059e-04
    19      20   1.07832767e-04   3.19064048e-04
    19      21   2.68858187e-05   5.92286154e-04
    19      22   2.36678501e-05   4.29654084e-04
    19      23   9.92774799e-05   6.28926704e-04
    19      24   6.02103130e-05   3.18813417e-04
    19      25   6.32682556e-05   5.90732899e-04
    19      26   5.05337177e-05   4.29722985e-04
    19      27   1.40716980e-04   6.38949909e-04
    19      28   5.65469480e-05   3.19127086e-04
    19      29   5.16589981e-05   5.89027056e-04
    19      30   3.28725812e-05   4.29480624e-04
    19      31   1.60192372e-04   6.33802662e-04
    19      32   3.46987640e-05   3.20916029e-04
    19      33   5.59205241e-05   5.86864079e-04
    19      34   3.08016629e-05   4.30017669e-04
    19      35   1.14963733e-04   6.31681314e-04
    19      36   7.81378120e-05   3.18682106e-04
    19      37   3.28552353e-05   5.89316999e-04
    19      38   2.51040904e-05   4.29364691e-04
    19      39   1.27784430e-04   6.32520993e-04
    19      40   8.84520199e-05   3.18875153e-04
    19      41   2.18501028e-05   5.89391545e-04
    19      42   3.52737453e-05   4.29457872e-04
    19      43   1.15611715e-04   6.28245018e-04
    19      44   1.16490548e-04   3.18346645e-04
    19      45   6.87734994e-06   5.90184620e-04
    19      46   2.63142458e-05   4.29674202e-04
    19      47   1.06754866e-04   6.29105753e-04
    19      48   1.15920536e-04   3.17632043e-04
    19      49   1.32142863e-04   5.76116506e-04
    19      50   1.51789463e-04   4.29940705e-04
    20       1   1.06519902e-03   4.60768407e-03
    20       2   1.25286018e+00   2.28098565e-01
    20       3   1.89858705e-03   1.99423293e-01
    20       4   7.76872254e-04   5.65396345e-04
    20       5   6.05509821e-04   4.72068765e-04
    20       6   9.64307431e-04   4.28662607e-03
    20       7   1.61810345e-04   4.22644348e-03
    20       8   1.62315760e-04   1.67293045e-04
    20       9   1.44490416e-03   6.56486475e-03
    20      10   1.65511796e-04   6.36109553e-03
    20      11   2.01820877e-04   1.47761028e-04
    20      12   3.33608072e-03   1.62581815e-02
    20      13   1.50898821e-04   1.66780946e-02
    20      14   2.07095001e-04   2.24648754e-04
    20      15   2.20763150e-04   9.18699595e-05
    20      16   2.27113996e-04   2.61203446e-04
    20      17   2.28333955e-04   1.12731846e-04
    20      18   1.81494858e-04   2.14591651e-04
    20      19   1.73526390e-04   2.08478348e-04
    20      20   4.82104083e-04   3.87646521e-04
    20      21   5.59598615e-04   1.57270240e-04
    20      22   3.19071539e-04   6.05121994e-04
    20      23   2.52514435e-04   1.74066077e-04
    20      24   1.59782753e-04   4.95892735e-04
    20      25   9.96822102e-04   4.20547261e-03
    20      26   1.02903781e-04   4.23458909e-03
    20      27   1.89700879e-04   1.74527759e-04
    20      28   1.48022038e-03   6.56600803e-03
    20      29   1.72909956e-04   6.36480334e-03
    20      30   2.28818338e-04   1.49188882e-04
    20      31   3.34404859e-03   1.62561242e-02
    20      32   1.30131814e-04   1.66818471e-02
    20      33   1.94122582e-04   2.24807171e-04
    20      34   2.04070401e-04   9.19844631e-05
    20      35   2.50758015e-04   2.65824465e-04
    20      36   2.40333442e-04   1.12241107e-04
    20      37   2.03474610e-04   2.13478123e-04
    20      38   1.86645711e-04   2.09203089e-04
    20      39   5.66725461e-04   4.00238062e-04
    20      40   6.30751170e-04   1.56735503e-04
    20      41   3.46214977e-04   6.04488398e-04
    20      42   2.99297322e-04   1.73098906e-04
    20      43   1.70338528e-04   4.99634411e-04
    20      44   9.97300855e-04   4.20438191e-03
    20      45   1.07322020e-04   4.23415572e-03
    20      46   1.96743206e-04   1.74868210e-04
    20      47   1.47095826e-03   6.56397844e-03
    20      48   1.67379812e-04   6.36429957e-03
    20      49   2.25858098e-04   1.49304411e-04
    20      50   3.35168121e-03   1.62574089e-02
    21       1   3.51838352e-03   1.59308722e-02
    21       2   3.65853913e-03   2.12278989e-04
    21       3   3.26927999e-03   2.10517747e-04
    21       4   2.68741872e-03   1.19001146e-04
    21       5   2.04137243e-03   1.28368353e-04
    21       6   5.75608332e-03   7.36163471e-04
    21       7   8.80043304e-04   9.62247815e-04
    21       8   2.29497410e-04   1.20592854e-04
    21       9   6.75539549e-07   4.23801475e-05
    21      10   2.98367038e-08   1.21354753e-07
    22       1   9.80278752e-04   1.54446974e-03
    22       2   3.77689072e-05   1.48098168e-04
    22       3   2.54691239e-04   1.30895958e-03
    22       4   7.81928695e-03   4.15270362e-02
    22       5   4.07465731e-05   4.35584154e-02
    22       6   4.71847429e-04   2.33368214e-03
    22       7   7.50205528e-06   2.45363271e-03
    22       8   1.36229832e-04   6.74128111e-04
    22       9   1.50816786e-05   6.85694904e-04
    22      10   3.40158331e-06   1.51445397e-04
    22      11   5.52220481e-04   2.92822912e-03
    22      12   1.45763856e-04   1.86035749e-03
    22      13   1.03035941e-05   9.35082630e-04
    22      14   6.08411165e-04   3.19340651e-03
    22      15   3.40583886e-05   2.87735615e-03
    22      16   1.34308061e-04   4.20623776e-04
    22      17   7.50951987e-04   3.29610131e-03
    22      18   5.67534506e-06   3.89108291e-03
    22      19   5.05110517e-06   2.78071070e-04
    22      20   6.28501158e-05   3.47721649e-04
    22      21   4.19160656e-05   7.26992616e-05
    22      22   4.16634195e-05   5.78842618e-08
    22      23   4.15148480e-05   4.00819505e-08
    22      24   4.02763256e-05   3.91235662e-07
    22      25   4.02375775e-05   1.20757819e-08
    22      26   4.07750372e-05   8.24406838e-07
    22      27   1.40229803e-06   8.19186746e-06
    23       1   1.80287905e-04   9.99505745e-04
    23       2   2.25087576e-05   1.15876667e-04
    23       3   1.53380325e-04   8.87815476e-04
    23       4   2.45914036e-05   6.57223154e-04
    23       5   3.77570195e-04   2.00279988e-03
    23       6   4.53365247e-05   2.32793297e-03
    23       7   1.33622560e-04   9.77298498e-04
    23       8   7.19318536e-06   6.58529881e-04
    23       9   3.15231955e-04   1.99915742e-03
    23      10   5.25113102e-06   2.31605453e-03
    23      11   1.85982444e-04   9.78965372e-04
    23      12   8.35921531e-05   6.54221207e-04
    23      13   4.86059742e-04   2.00887037e-03
    23      14   2.10274273e-05   2.33323438e-03
    23      15   2.16362253e-04   9.79550525e-04
    23      16   6.87423119e-05   6.59657384e-04
    23      17   3.57171185e-04   1.99538615e-03
    23      18   5.40081533e-05   2.31420038e-03
    23      19   2.53275656e-04   9.79916133e-04
    23      20   1.74675557e-04   6.51332914e-04
    23      21   5.45468122e-04   2.00529182e-03
    23      22   8.07772422e-05   2.33333663e-03
    23      23   3.09506410e-04   9.83581273e-04
    23      24   1.41970566e-04   6.62058472e-04
    23      25   4.42693018e-04   1.99708891e-03
    23      26   1.99110449e-05   2.32826589e-03
    23      27   2.67853757e-04   9.85736282e-04
    23      28   1.90298983e-04   6.51253346e-04
    23      29   5.83267304e-04   2.00789549e-03
    23      30   9.29266016e-05   2.33639370e-03
    23      31   6.44514179e-05   9.38183324e-04
    23      32   1.35211228e-04   6.19142410e-04
    23      33   5.02144277e-04   2.00478780e-03
    23      34   7.59455923e-05   2.34635522e-03
    23      35   1.21408724e-04   9.79395110e-04
    23      36   7.71250997e-05   6.47197863e-04
    23      37   4.46018034e-04   2.00493406e-03
    23      38   2.86306874e-05   2.33424554e-03
    23      39   1.98950255e-04   9.83295679e-04
    23      40   5.91538234e-05   6.58679303e-04
    23      41   3.74724463e-04   1.99852449e-03
    23      42   5.37477570e-05   2.31627394e-03
    23      43   3.24653185e-04   9.88685792e-04
    23      44   9.83107461e-05   6.69276426e-04
    23      45   4.68398633e-04   2.00508550e-03
    23      46   3.46763720e-04   2.37407802e-03
    23      47   1.17726330e-05   9.97714550e-04
    23      48   5.99713441e-05   6.35916216e-04
    23      49   3.89420246e-04   2.00014011e-03
    23      50   6.20780451e-05   2.33127091e-03
    24       1   2.57492139e-04   1.61504077e-03
    24       2   3.95765057e-03   1.38540985e-03
    24       3   5.29287227e-03   5.24496103e-04
    24       4   6.12492283e-03   1.74665789e-03
    24       5   8.59690594e-03   1.62709197e-03
    24       6   6.09223702e-03   2.46613258e-03
    24       7   9.54775257e-04   8.99615630e-04
    24       8   3.37592922e-04   1.48456495e-04
    24       9   6.09558587e-05   9.80506064e-05
    24      10   8.15494553e-05   1.20907718e-04
    24      11   3.38526752e-04   1.92345343e-03
    24      12   2.62020217e-04   1.81213054e-03
    24      13   7.38141483e-05   2.74945975e-03
    24      14   4.56415243e-04   9.26322006e-04
    24      15   7.38495227e-04   2.28510948e-04
    24      16   2.06045305e-04   2.45145328e-04
    24      17   1.16055488e-04   1.13044775e-04
    24      18   6.72073029e-04   1.96824082e-03
    24      19   6.06104795e-04   1.81297713e-03
    24      20   5.39497056e-04   2.72209214e-03
    24      21   4.24428389e-04   8.98426445e-04
    24      22   4.16812656e-04   1.25873652e-04
    24      23   2.04684744e-04   1.87131041e-04
    24      24   4.15456078e-04   1.48409064e-04
    24      25   1.13820069e-03   1.96147330e-03
    24      26   8.67065518e-04   1.78720378e-03
    24      27   7.46488538e-04   2.72800588e-03
    24      28   5.61767367e-04   9.05113411e-04
    24      29   5.75265997e-04   1.25048856e-04
    24      30   2.39458692e-04   2.07752516e-04
    24      31   1.26158833e-04   1.16570119e-04
    24      32   8.01141893e-04   1.95704806e-03
    24      33   1.12423939e-03   1.84847958e-03
    24      34   5.61313160e-04   2.77615090e-03
    24      35   4.12314153e-04   9.01738335e-04
    24      36   3.31430912e-04   1.29396272e-04
    24      37   1.36467753e-04   1.87098416e-04
    24      38   1.58303366e-04   1.28584175e-04
    24      39   6.63064431e-04   1.93093020e-03
    24      40   9.59866578e-04   1.84962650e-03
    24      41   4.64827620e-04   2.76854456e-03
    24      42   3.04594800e-04   9.02951550e-04
    24      43   2.95239900e-04   1.25988846e-04
    24      44   1.58018918e-04   1.73751912e-04
    24      45   1.66113020e-04   1.25580345e-04
    24      46   6.61009351e-04   1.92966571e-03
    24      47   9.51475440e-04   1.84900146e-03
    24      48   4.51152688e-04   2.76912268e-03
    24      49   3.01806494e-04   9.01894662e-04
    24      50   3.09960330e-04   1.25313115e-04
    25       1   8.06469609e-04   1.15706232e-03
    25       2   9.69839184e-04   9.25186886e-05
    25       3   7.29239339e-04   1.10199051e-04
    25       4   6.79553200e-04   1.10572576e-04
    25       5   9.76211426e-04   5.45609206e-03
    25       6   5.88916242e-04   5.64584210e-03
    25       7   2.73129347e-04   1.74766627e-04
    25       8   4.25625542e-05   8.74998766e-05
    25       9   4.29972065e-04   6.83825787e-05
    25      10   2.08836399e-04   3.84628758e-05
    25      11   1.49090017e-04   1.29453511e-05
    25      12   1.33195617e-06   2.93009135e-05
    25      13   1.26515971e-06   2.90037200e-07
    26       1   1.23215724e-04   5.10569099e-04
    26       2   7.11143259e-06   5.72288034e-05
    26       3   2.88231953e-05   1.49529979e-04
    26       4   1.20576750e-03   6.66852532e-03
    26       5   2.41000717e-05   6.50152481e-03
    26       6   3.71733159e-05   1.02959925e-04
    26       7   8.51558469e-06   3.22100481e-04
    26       8   1.74839165e-05   1.13104973e-04
    26       9   4.83841871e-06   1.56639792e-04
    26      10   2.60240515e-04   1.43889535e-03
    26      11   8.25663670e-04   3.33116709e-03
    26      12   1.90377605e-04   3.43078458e-03
    26      13   5.73086938e-05   8.37398297e-04
    26      14   5.53992252e-05   7.05621080e-05
    26      15   7.64641103e-04   3.88115837e-03
    26      16   1.30783863e-05   4.16303837e-03
    26      17   2.42059053e-06   1.18859976e-04
    26      18   5.38257745e-06   1.04242648e-04
    26      19   1.48614359e-04   8.53788970e-04
    26      20   1.35293902e-05   8.15804172e-04
    26      21   2.12182480e-06   3.96840342e-05
    26      22   3.50987874e-05   2.20532044e-04
    26      23   1.83992199e-04   8.32914769e-04
    26      24   3.54027992e-05   7.41048599e-04
    26      25   1.50508388e-05   3.62909408e-04
    26      26   5.75812565e-05   3.71012373e-04
    26      27   1.67829620e-05   1.80661167e-04
    26      28   3.50791197e-04   1.79119397e-03
    26      29   8.42851013e-04   2.90403935e-03
    26      30   8.92618412e-05   4.12883213e-03
    26      31   1.15075103e-04   7.78181379e-05
    26      32   4.51345745e-04   1.83646921e-03
    26      33   5.00943646e-04   3.66740532e-04
    26      34   2.42822282e-06   2.76769662e-03
    26      35   1.05709332e-05   2.37628104e-04
    26      36   2.68473329e-05   1.84136378e-04
    26      37   1.23067576e-03   6.67091406e-03
    26      38   2.25116147e-05   6.50394832e-03
    26      39   3.96807650e-05   1.02969219e-04
    26      40   8.67941414e-06   3.22398080e-04
    26      41   1.64463944e-05   1.13008678e-04
    26      42   6.53687653e-06   1.56718435e-04
    26      43   2.58824395e-04   1.43894070e-03
    26      44   8.24609779e-04   3.33122061e-03
    26      45   1.92936218e-04   3.43029236e-03
    26      46   5.79859367e-05   8.37644856e-04
    26      47   5.55647655e-05   7.05978137e-05
    26      48   7.64766807e-04   3.88114515e-03
    26      49   1.21442582e-05   4.16295944e-03
    26      50   2.29065838e-06   1.18849782e-04
    27       1   1.21126867e-04   3.64555674e-04
    27       2   3.04575132e-04   1.03922568e-03
    27       3   2.79160128e-04   7.99709009e-05
    27       4   1.61865517e-04   6.52677991e-04
    27       5   1.14787737e-04   3.39717503e-04
    27       6   1.60087109e-04   2.29867114e-04
    27       7   3.98831006e-04   1.33479340e-03
    27       8   2.14193209e-04   9.11724755e-04
    27       9   1.15243783e-04   6.22257136e-04
    27      10   1.22025972e-04   5.38008375e-05
    27      11   2.12219359e-04   5.14420587e-04
    27      12   9.15954355e-04   3.92696127e-03
    27      13   1.03920828e-04   4.37784722e-03
    27      14   1.83973862e-04   3.27060833e-04
    27      15   1.19639852e-04   3.85409386e-04
    27      16   1.50780331e-04   1.45686059e-04
    27      17   1.14784716e-04   2.07424570e-04
    27      18   1.53783222e-03   7.91961679e-03
    27      19   6.12722599e-04   4.92641703e-03
    27      20   1.19776882e-04   2.84491465e-03
    27      21   1.59449941e-04   1.24012259e-04
    27      22   2.28271596e-04   3.84842738e-04
    27      23   1.76119305e-04   2.57986510e-04
    27      24   1.20353606e-04   3.63438347e-04
    27      25   1.69521449e-04   2.28517161e-04
    27      26   4.06334399e-04   1.33444920e-03
    27      27   2.19999976e-04   9.11744821e-04
    27      28   1.18767534e-04   6.22615728e-04
    27      29   1.24092425e-04   5.38185500e-05
    27      30   2.13821446e-04   5.14323654e-04
    27      31   9.16881507e-04   3.92686941e-03
    27      32   1.04862758e-04   4.37784144e-03
    27      33   1.85412833e-04   3.27079404e-04
    27      34   1.20046199e-04   3.85472505e-04
    27      35   1.51230972e-04   1.45676563e-04
    27      36   1.15435628e-04   2.07424931e-04
    27      37   1.53794493e-03   7.91954848e-03
    27      38   6.12752276e-04   4.92640939e-03
    27      39   1.18074245e-04   2.84516717e-03
    27      40   1.57367764e-04   1.23732385e-04
    27      41   2.26815993e-04   3.84912895e-04
    27      42   1.74717209e-04   2.58042125e-04
    27      43   1.18568177e-04   3.63498403e-04
    27      44   1.64466704e-04   2.27993100e-04
    27      45   4.01449776e-04   1.33447542e-03
    27      46   2.21209964e-04   9.10792737e-04
    27      47   1.18861135e-04   6.22740247e-04
    27      48   1.22965001e-04   5.39221520e-05
    27      49   2.13069438e-04   5.14404283e-04
    27      50   9.16273903e-04   3.92689233e-03
    28       1   6.48264740e-04   4.11644681e-03
    28       2   6.27790296e-04   3.17566734e-04
    28       3   7.13212425e-04   3.52661735e-04
    28       4   6.49769491e-04   8.29324593e-05
    28       5   6.55898392e-04   2.98699636e-05
    28       6   6.40038516e-04   9.02161169e-05
    28       7   6.91698292e-04   1.83359803e-04
    28       8   2.91124275e-04   1.52962845e-03
    28       9   1.86102406e-04   1.20274555e-03
    28      10   4.04279674e-04   1.20116967e-03
    28      11   8.38903803e-04   1.32285186e-03
    28      12   6.97972384e-04   9.12913919e-05
    28      13   2.26689254e-05   2.14465869e-03
    28      14   3.91717359e-04   1.82250792e-03
    28      15   3.73432701e-04   1.80001729e-04
    28      16   2.21765853e-04   2.20100725e-04
    28      17   2.40457226e-04   8.53674533e-05
    28      18   1.94348153e-04   6.08648222e-04
    28      19   2.16714344e-04   2.59687717e-04
    28      20   6.06799468e-05   1.16836872e-03
    28      21   3.45785759e-04   1.00980180e-03
    28      22   4.94806303e-04   9.68879957e-04
    28      23   1.09506030e-03   8.55201497e-03
    28      24   3.17383857e-04   8.26014018e-03
    28      25   5.29484488e-04   1.79976329e-04
    28      26   4.18221296e-04   8.56369743e-05
    28      27   2.84864114e-05   2.11273274e-03
    28      28   2.09623690e-04   1.79965152e-03
    28      29   1.79446894e-04   1.79304930e-04
    28      30   3.79012115e-04   2.51537138e-04
    28      31   4.63872427e-04   8.74656592e-05
    28      32   1.15572883e-04   6.45426172e-04
    28      33   2.73656722e-04   2.54386059e-04
    28      34   5.71041563e-05   1.17450213e-03
    28      35   1.23698628e-04   9.81524123e-04
    28      36   3.35267726e-04   9.75677147e-04
    28      37   1.39417041e-03   8.56960476e-03
    28      38   1.40673480e-04   8.27644192e-03
    28      39   1.55672939e-04   1.74043178e-04
    28      40   1.02264951e-04   9.04490833e-05
    28      41   4.71264142e-04   2.11032629e-03
    28      42   3.95550409e-05   1.83183755e-03
    28      43   1.64731714e-04   1.74865102e-04
    28      44   4.97715110e-04   2.11983034e-04
    28      45   5.69142744e-04   8.32364087e-05
    28      46   5.21810253e-04   6.02010190e-04
    28      47   2.06059547e-05   2.58170092e-04
    28      48   2.34561918e-04   1.16546471e-03
    28      49   5.41295214e-04   1.05600787e-03
    28      50   3.47992994e-04   9.34407064e-04
    29       1   1.87500076e-03   1.08078520e-02
    29       2   4.47394551e-03   1.00036327e-02
    29       3   7.58117072e-03   6.69898246e-04
    29       4   7.98149886e-03   3.55831873e-04
    29       5   8.15308454e-03   3.99956376e-04
    29       6   2.28318793e-03   1.28964992e-03
    29       7   3.65159948e-04   6.17742409e-04
    29       8   7.98036782e-04   7.76463861e-04
    29       9   7.86742251e-04   1.20776989e-04
    29      10   2.69790637e-04   2.08975584e-03
    29      11   1.29864009e-04   8.25589403e-04
    29      12   6.55983058e-05   9.84479120e-04
    29      13   2.85752806e-04   1.73817881e-03
    29      14   2.44203993e-04   1.39068938e-04
    29      15   1.02054474e-03   8.24082803e-04
    29      16   1.05791350e-03   9.64078950e-05
    29      17   2.07109765e-03   1.38889547e-02
    29      18   2.01523747e-04   1.32352369e-02
    29      19   1.22852697e-04   1.45895961e-04
    29      20   3.93537553e-04   2.94653334e-03
    29      21   2.07109262e-04   3.30407877e-03
    29      22   1.18878647e-04   5.06025527e-04
    29      23   1.35976132e-04   5.65641872e-05
    29      24   1.38297734e-04   8.81759556e-06
    29      25   1.55066529e-04   1.12071085e-05
    29      26   1.58104313e-04   8.69921893e-06
    29      27   1.51501658e-04   8.34444136e-06
    29      28   6.41657898e-05   2.35193235e-05
    29      29   9.98219157e-05   1.43453964e-05
    29      30   3.80260984e-05   1.81652760e-05
    29      31   1.95096423e-06   7.65807545e-06
    30       1   1.30879449e-04   2.87400360e-04
    30       2   4.97867252e-05   3.15557813e-04
    30       3   2.46520587e-05   1.82192851e-04
    30       4   4.73303989e-05   1.63279281e-04
    30       5   7.39011128e-04   4.24070321e-03
    30       6   1.53942428e-06   3.68726773e-03
    30       7   5.31088682e-05   4.35535952e-04
    30       8   1.14570002e-02   6.60903640e-02
    30       9   1.57955701e-03   5.86801239e-02
    30      10   4.66009668e-05   8.80589323e-03
    30      11   8.56081229e-06   4.55832127e-04
    30      12   6.09220682e-05   3.71553961e-04
    30      13   1.34519825e-05   3.88813410e-04
    30      14   3.45445783e-05   2.37808519e-04
    30      15   6.08053903e-05   1.97094047e-04
    30      16   6.50595786e-05   6.79928539e-05
    30      17   5.30061813e-05   1.11101719e-04
    30      18   7.09318386e-04   4.20243854e-03
    30      19   9.60142915e-06   3.67588823e-03
    30      20   4.72766500e-05   4.35810595e-04
    30      21   1.14582830e-02   6.60900117e-02
    30      22   1.58029560e-03   5.86802874e-02
    30      23   4.95888347e-05   8.80564339e-03
    30      24   8.78559447e-06   4.56118282e-04
    30      25   6.05566739e-05   3.71492722e-04
    30      26   1.27889997e-05   3.88695514e-04
    30      27   3.44910442e-05   2.37721646e-04
    30      28   6.08328717e-05   1.97108563e-04
    30      29   6.51243164e-05   6.79936974e-05
    30      30   5.34459760e-05   1.11055503e-04
    30      31   7.09092650e-04   4.20248736e-03
    30      32   9.92032949e-06   3.67581865e-03
    30      33   4.71885095e-05   4.35836379e-04
    30      34   1.14585379e-02   6.60900474e-02
    30      35   1.58055494e-03   5.86803026e-02
    30      36   4.97562052e-05   8.80565576e-03
    30      37   8.80824843e-06   4.56137697e-04
    30      38   6.05523735e-05   3.71494859e-04
    30      39   1.28159506e-05   3.88699221e-04
    30      40   3.44915205e-05   2.37725161e-04
    30      41   6.08022056e-05   1.97103256e-04
    30      42   6.50940927e-05   6.79954855e-05
    30      43   5.34514869e-05   1.11051936e-04
    30      44   7.09047020e-04   4.20247966e-03
    30      45   9.86332052e-06   3.67582506e-03
    30      46   4.72087166e-05   4.35830170e-04
    30      47   1.14585086e-02   6.60900421e-02
    30      48   1.58053470e-03   5.86802981e-02
    30      49   4.97384256e-05   8.80565505e-03
    30      50   8.80769122e-06   4.56132923e-04
    31       1   4.61443174e-05   2.98737330e-04
    31       2   1.34589864e-04   4.86579212e-04
    31       3   4.77944622e-05   4.74930901e-04
    31       4   1.13696723e-04   3.50768359e-04
    31       5   8.73757855e-05   1.15024245e-04
    31       6   1.77599238e-04   4.98750382e-04
    31       7   6.40431605e-05   5.99717525e-04
    31       8   8.23676702e-04   4.11010969e-03
    31       9   8.31513121e-05   3.90839325e-03
    31      10   2.59978315e-04   8.77190116e-04
    31      11   5.12241085e-05   1.14784354e-03
    31      12   4.64574913e-05   1.44226335e-04
    31      13   1.71051235e-05   7.61233753e-05
    31      14   4.15407767e-05   1.28959001e-04
    31      15   4.61834765e-04   2.20378634e-03
    31      16   2.43877348e-04   1.00422427e-03
    31      17   5.33185081e-04   1.58220019e-03
    31      18   1.93009577e-04   1.85262395e-03
    31      19   7.86834548e-05   6.98687986e-04
    31      20   7.88177225e-05   7.95600140e-05
    31      21   5.38287729e-04   2.49130082e-03
    31      22   3.32014085e-03   1.62933678e-02
    31      23   1.09599068e-04   1.85500579e-02
    31      24   5.86953603e-04   2.49480718e-03
    31      25   8.78716192e-05   2.71357678e-03
    31      26   3.14212986e-04   1.14921141e-03
    31      27   1.60854588e-04   7.77750193e-04
    31      28   2.36449350e-03   1.25644598e-02
    31      29   6.20358272e-05   1.30913885e-02
    31      30   2.17404731e-04   7.09960597e-04
    31      31   1.36474326e-04   4.21552945e-04
    31      32   9.28322252e-05   2.66818572e-04
    31      33   7.36846804e-05   1.57266654e-04
    31      34   4.65637772e-05   2.04370182e-04
    31      35   2.17214894e-05   7.54841533e-05
    31      36   4.21189248e-05   1.28654505e-04
    31      37   4.61865497e-04   2.20374827e-03
    31      38   2.44162727e-04   1.00417940e-03
    31      39   5.33351442e-04   1.58211364e-03
    31      40   1.93245378e-04   1.85259915e-03
    31      41   7.86580187e-05   6.98690394e-04
    31      42   7.88206382e-05   7.95751787e-05
    31      43   5.38349811e-04   2.49130188e-03
    31      44   3.32017140e-03   1.62933747e-02
    31      45   1.09650918e-04   1.85500549e-02
    31      46   5.86954856e-04   2.49478256e-03
    31      47   8.78662916e-05   2.71355951e-03
    31      48   3.14275223e-04   1.14920062e-03
    31      49   1.60829817e-04   7.77747092e-04
    31      50   2.36446612e-03   1.25644567e-02
    32       1   2.10607551e-03   1.28876998e-02
    32       2   1.84932354e-03   9.62910929e-04
    32       3   2.06990998e-03   1.08992515e-03
    32       4   1.22597670e-03   4.12423211e-03
    32       5   2.06128223e-03   3.83079713e-03
    32       6   1.99827405e-03   1.18301580e-04
    32       7   2.02120073e-03   3.75574395e-04
    32       8   1.81473019e-03   4.35654405e-04
    32       9   1.98187359e-03   2.22414620e-04
    32      10   1.93912185e-03   2.33449432e-04
    32      11   1.52189462e-03   2.38899604e-03
    32      12   1.95050289e-03   1.94123887e-03
    32      13   2.05950966e-03   8.25956949e-04
    32      14   1.86334445e-03   6.85521580e-04
    32      15   2.05650880e-03   7.90301078e-04
    32      16   1.95840470e-03   1.42375322e-04
    32      17   1.78240295e-03   4.64133204e-04
    32      18   1.99532784e-03   4.74357233e-04
    32      19   1.92081791e-03   1.10739563e-04
    32      20   1.91170006e-03   1.99084919e-04
    32      21   2.08660859e-03   3.18709782e-04
    32      22   1.88171474e-03   5.54333565e-03
    32      23   9.74600808e-03   6.24001760e-03
    32      24   1.28269695e-03   2.21638260e-03
    32      25   8.52682065e-05   3.39826610e-04
    32      26   1.33753051e-03   7.18874236e-03
    32      27   5.89787411e-04   3.87992284e-03
    32      28   1.63595732e-04   3.45666148e-03
    32      29   1.14356496e-04   7.51677474e-04
    32      30   7.76768686e-05   7.10975374e-04
    32      31   3.80849631e-05   3.54397966e-04
    32      32   1.90996840e-04   4.50314514e-04
    32      33   1.08748643e-05   2.35907380e-04
    32      34   2.43431483e-05   2.32947375e-04
    32      35   4.39333905e-04   2.38625270e-03
    32      36   9.63428394e-06   1.94795738e-03
    32      37   1.03866450e-04   8.23840680e-04
    32      38   8.41977896e-05   6.87685832e-04
    32      39   9.74941447e-05   7.83369497e-04
    32      40   8.50746774e-06   1.51188969e-04
    32      41   1.78839972e-04   4.61701015e-04
    32      42   5.74250912e-05   4.81117273e-04
    32      43   3.33708858e-05   1.14982937e-04
    32      44   8.26885701e-05   1.11440722e-04
    32      45   5.20674068e-05   2.30706022e-04
    32      46   1.34485453e-03   5.68973574e-03
    32      47   1.03709885e-04   5.40718843e-03
    32      48   1.05217804e-05   2.74324799e-04
    32      49   3.13650667e-05   1.62454604e-04
    32      50   1.31381094e-03   7.19891937e-03
    33       1   1.08032868e-03   3.95841223e-03
    33       2   1.71594180e-03   3.73034221e-03
    33       3   1.66414355e-03   1.84541782e-04
    33       4   1.69521741e-03   5.20556961e-05
    33       5   1.70274743e-03   2.45415252e-05
    33       6   1.74498864e-03   7.87798800e-05
    33       7   1.56069689e-03   3.16655560e-04
    33       8   1.14273319e-03   1.36689665e-04
    33       9   1.19687857e-03   3.94777840e-04
    33      10   1.09848625e-03   2.16296500e-04
    33      11   7.18975517e-03   4.72491253e-02
    33      12   1.57692639e-03   4.54963243e-02
    33      13   1.60207190e-03   1.05715252e-03
    33      14   2.10010596e-03   1.97490511e-03
    33      15   2.03717852e-03   1.43217159e-04
    33      16   1.97187347e-03   1.10288919e-04
    33      17   1.67530748e-03   1.07595062e-03
    33      18   1.21236386e-03   1.41347137e-04
    33      19   1.43684182e-03   9.75475923e-04
    33      20   1.17240956e-03   1.16124685e-03
    33      21   1.39445679e-03   1.22553079e-03
    33      22   1.31353229e-03   1.43588054e-04
    33      23   1.36511699e-03   3.05932023e-03
    33      24   1.41895297e-03   1.57700357e-04
    33      25   2.63195746e-04   2.90293383e-03
    33      26   4.60764459e-04   2.24948496e-03
    33      27   5.89803034e-03   3.80124253e-02
    33      28   1.76183814e-04   3.25700277e-02
    33      29   8.88800589e-04   6.28277032e-03
    33      30   1.16074797e-03   2.15396602e-04
    33      31   1.40200973e-03   9.68109743e-05
    33      32   1.78714883e-03   2.53331726e-04
    33      33   5.71145174e-04   5.41674609e-03
    33      34   1.52922679e-03   4.72928932e-03
    33      35   1.38262275e-03   1.06683918e-03
    33      36   1.55733764e-03   1.65066224e-03
    33      37   1.09853548e-03   2.19601414e-03
    33      38   1.47038630e-03   1.66804179e-03
    33      39   1.70601869e-03   5.74368698e-04
    33      40   1.64780643e-03   8.33288684e-05
    33      41   1.48450895e-03   5.85211762e-04
    33      42   1.36180040e-03   1.25073694e-03
    33      43   5.35257897e-03   3.86005843e-02
    33      44   1.33033880e-03   4.02873655e-02
    33      45   4.83459043e-03   3.61600161e-02
    33      46   2.42174752e-03   1.41001147e-02
    33      47   2.35115005e-03   2.33288489e-02
    33      48   1.78463896e-03   2.72923713e-04
    33      49   3.09121160e-04   8.03188230e-03
    33      50   1.78714819e-03   8.02929744e-03
    34       1   1.35193403e-04   4.30646339e-04
    34       2   4.22919204e-04   3.73261546e-03
    34       3   1.79236739e-04   2.78405146e-03
    34       4   1.81659138e-03   1.10937392e-02
    34       5   1.03078273e-04   1.10447621e-02
    34       6   9.96147112e-05   3.93589652e-04
    34       7   3.71664232e-06   7.20036465e-04
    34       8   1.97945776e-04   1.16310770e-03
    34       9   3.78981400e-04   3.34714431e-03
    34      10   1.60702457e-05   2.07619824e-03
    34      11   2.50711802e-04   1.60344175e-03
    34      12   3.52106272e-03   2.23916690e-02
    34      13   9.26224244e-05   2.05922558e-02
    34      14   2.28861038e-04   1.91813058e-03
    34      15   2.47521710e-04   7.71047809e-05
    34      16   2.22230385e-04   2.17110868e-04
    34      17   4.09322999e-04   3.50528004e-03
    34      18   1.47960223e-04   3.28778777e-03
    34      19   6.70497377e-04   4.72254335e-03
    34      20   2.31632739e-04   5.15479782e-03
    34      21   1.96909491e-02   1.14623194e-01
    34      22   2.42488881e-04   1.19234462e-01
    34      23   3.42878353e-03   1.86012614e-02
    34      24   1.53001678e-04   1.93013787e-02
    34      25   5.12760113e-05   1.19472958e-03
    34      26   9.99381640e-05   2.84102104e-04
    34      27   2.37469868e-04   8.08150124e-04
    34      28   2.55689400e-04   4.57422332e-05
    34      29   2.38386591e-04   1.23251296e-04
    34      30   2.79662892e-04   3.46666569e-04
    34      31   3.44085478e-04   6.42244269e-05
    34      32   3.32306239e-04   3.45913476e-05
    34      33   3.55647924e-04   1.00459261e-04
    34      34   3.00306211e-04   1.97282938e-04
    34      35   9.34607809e-04   8.51666672e-03
    34      36   1.68537059e-04   7.92540650e-03
    34      37   2.68994703e-04   5.44942714e-04
    34      38   3.18316967e-04   6.46784403e-05
    34      39   3.31612436e-04   1.01217325e-04
    34      40   2.72561538e-04   1.97329997e-04
    34      41   9.67181773e-04   8.51785217e-03
    34      42   1.53602160e-04   7.92852348e-03
    34      43   2.27535164e-04   5.42034594e-04
    34      44   3.13958490e-04   7.02233746e-05
    34      45   3.18192464e-04   1.01825008e-04
    34      46   2.72699856e-04   1.98015598e-04
    34      47   9.74704710e-04   8.51894777e-03
    34      48   1.51737480e-04   7.92939574e-03
    34      49   2.41183185e-04   5.43667213e-04
    34      50   2.96450572e-04   6.51922807e-05
    35       1   1.92314532e-04   3.29335393e-04
    35       2   1.48034130e-04   1.85651898e-04
    35       3   6.16883395e-04   2.85983438e-03
    35       4   6.89288305e-04   4.13589749e-04
    35       5   1.42750153e-04   3.16457989e-03
    35       6   3.28857543e-04   9.78902388e-04
    35       7   3.12732527e-04   4.57173617e-04
    35       8   2.63388751e-04   3.29999807e-04
    35       9   2.75988775e-04   3.70735958e-05
    35      10   2.84324041e-04   3.19552828e-05
    35      11   2.78751322e-04   1.27279061e-04
    35      12   6.09564214e-04   1.66805772e-03
    35      13   2.29669334e-04   1.76819398e-03
    35      14   5.35930735e-04   1.75801416e-03
    35      15   2.44088561e-04   1.75788286e-03
    35      16   5.77445756e-04   1.76119899e-03
    35      17   1.34524055e-04   1.77540377e-03
    35      18   3.81380720e-04   1.75067637e-03
    35      19   1.56926727e-05   1.76579598e-03
    35      20   3.21003755e-04   1.75708276e-03
    35      21   1.11487512e-05   1.76170587e-03
    35      22   1.82641810e-04   1.74382422e-03
    35      23   7.51050742e-05   1.75262792e-03
    35      24   2.46318204e-04   1.75857579e-03
    35      25   5.31362187e-05   1.75759899e-03
    35      26   1.95809781e-04   1.75013718e-03
    35      27   5.41130965e-06   1.74620856e-03
    35      28   2.03188016e-04   1.74555629e-03
    35      29   3.06060707e-04   1.78175434e-03
    35      30   1.80905592e-04   1.77747275e-03
    35      31   1.52174130e-04   1.76120159e-03
    35      32   1.95939744e-04   1.76142678e-03
    35      33   1.07911844e-04   1.75795579e-03
    35      34   1.93211811e-04   1.75609686e-03
    35      35   1.18975580e-04   1.75884382e-03
    35      36   2.08857132e-04   1.75914701e-03
    35      37   1.27315130e-04   1.76165651e-03
    35      38   1.77461270e-04   1.75639767e-03
    35      39   1.20170202e-04   1.75711916e-03
    35      40   1.78984107e-04   1.75576045e-03
    35      41   1.52316877e-04   1.76098848e-03
    35      42   2.75174913e-04   1.77085968e-03
    35      43   1.50850517e-04   1.77227724e-03
    35      44   2.19840227e-04   1.76410232e-03
    35      45   1.21851967e-04   1.76231502e-03
    35      46   2.17990525e-04   1.76054328e-03
    35      47   1.35896001e-04   1.76371893e-03
    35      48   1.97236975e-04   1.75971667e-03
    35      49   1.12524224e-04   1.75864049e-03
    35      50   2.03834293e-04   1.75787806e-03
    36       1   1.77126184e-04   1.64853382e-03
    36       2   1.79497227e-02   2.80935973e-03
    36       3   1.29681910e-02   1.03971512e-02
    36       4   1.45538695e-02   1.02264571e-02
    36       5   1.89031957e-02   6.98553967e-04
    36       6   1.29381318e-02   4.70297167e-02
    36       7   6.49127494e-04   4.78718866e-02
    36       8   7.09952016e-04   5.33551612e-03
    36       9   9.31089450e-04   2.25522731e-03
    36      10   2.73338270e-04   2.96552715e-03
    36      11   1.08391922e-05   2.91515256e-04
    36      12   3.21699306e-04   7.03739442e-04
    36      13   6.32879255e-04   2.72810871e-04
    36      14   4.53474259e-04   1.36847449e-04
    36      15   1.51169290e-04   3.09920951e-04
    36      16   3.85489566e-04   4.81555105e-04
    36      17   4.32160410e-04   1.08836022e-04
    36      18   4.37127060e-03   2.49291829e-02
    36      19   1.94534937e-04   2.51750783e-02
    36      20   3.48715640e-04   8.63967862e-04
    36      21   7.83402035e-05   8.90384845e-04
    36      22   1.16395574e-04   6.21483292e-05
    36      23   4.68069374e-04   1.73968985e-03
    36      24   2.34326141e-03   1.00181480e-02
    36      25   5.27980388e-04   1.03104746e-02
    36      26   7.41002914e-04   7.53515772e-04
    36      27   8.07605008e-03   4.73872675e-02
    36      28   1.92225225e-04   5.05451705e-02
    36      29   1.24430999e-03   5.45506829e-03
    36      30   7.71527866e-04   2.34272315e-03
    36      31   4.91909231e-04   2.85852532e-03
    36      32   7.45130235e-04   2.90613857e-04
    36      33   5.80966744e-04   6.88719404e-04
    36      34   1.60892952e-04   3.41161849e-04
    36      35   1.87165117e-04   1.57894585e-04
    36      36   2.23735236e-04   2.25955915e-04
    36      37   4.50723439e-04   4.25932702e-04
    36      38   4.45653968e-04   1.02979877e-04
    36      39   4.28432087e-03   2.49178227e-02
    36      40   7.79806135e-05   2.51783012e-02
    36      41   2.73183920e-04   8.68791993e-04
    36      42   1.57505884e-04   8.73961746e-04
    36      43   1.87338887e-04   6.23982843e-05
    36      44   4.90524382e-04   1.73402409e-03
    36      45   2.17345958e-03   9.99436381e-03
    36      46   3.66880958e-04   1.03067987e-02
    36      47   5.12843259e-04   7.43312099e-04
    36      48   8.63511331e-03   4.74514763e-02
    36      49   1.55736029e-04   5.05914943e-02
    36      50   1.17124037e-03   5.45029325e-03
    37       1   4.70864483e-04   2.71753520e-03
    37       2   3.00185294e-03   2.05757873e-02
    37       3   9.98156194e-04   2.37028564e-02
    37       4   9.21010949e-04   1.86447510e-04
    37       5   1.35245496e-05   5.06659412e-03
    37       6   9.84784134e-04   5.30065870e-03
    37       7   9.39343982e-04   2.58707182e-04
    37       8   7.15196338e-04   4.74503987e-04
    37       9   8.89199772e-04   4.20093060e-04
    37      10   9.52934804e-04   7.28493070e-05
    37      11   9.76020493e-04   6.56242028e-05
    37      12   1.23090988e-03   1.73448474e-04
    37      13   3.05792423e-04   2.15930254e-03
    37      14   7.90277956e-04   1.95346928e-03
    37      15   8.35301409e-04   2.24627624e-04
    37      16   1.18064046e-03   5.12338378e-04
    37      17   1.10590976e-03   8.76545964e-04
    37      18   1.12805602e-03   5.64614137e-04
    37      19   2.74382995e-03   2.28505022e-04
    37      20   1.96985049e-03   7.32830698e-04
    37      21   5.32099367e-04   7.38555561e-04
    37      22   9.55637947e-05   6.50648269e-04
    37      23   1.92564473e-04   2.06222396e-04
    37      24   5.78186465e-05   4.86272547e-04
    37      25   2.29686831e-04   8.88684296e-04
    37      26   5.44592409e-05   5.88158887e-04
    37      27   2.59622033e-04   1.94281649e-04
    37      28   6.78770056e-05   4.92616566e-04
    37      29   2.20326894e-04   8.86361641e-04
    37      30   5.34741203e-05   5.87030854e-04
    37      31   1.13270708e-04   1.73950555e-04
    37      32   9.10225056e-06   4.85847695e-04
    37      33   1.83517055e-04   8.92023881e-04
    37      34   6.19924355e-05   5.81103555e-04
    37      35   1.00715096e-04   1.71146283e-04
    37      36   2.94461415e-05   4.79336090e-04
    37      37   2.17886088e-04   8.90561672e-04
    37      38   6.49891459e-05   5.85211118e-04
    37      39   1.13259663e-04   1.72414110e-04
    37      40   2.62033411e-05   4.81030817e-04
    37      41   2.18800424e-04   8.91049044e-04
    37      42   7.00953657e-05   5.84691515e-04
    37      43   1.31434712e-04   1.74153701e-04
    37      44   4.84295906e-05   4.80600058e-04
    37      45   2.29236016e-04   8.89699066e-04
    37      46   7.56368795e-05   5.85349280e-04
    37      47   1.24118845e-04   1.72456410e-04
    37      48   7.40063390e-05   4.77094701e-04
    37      49   2.42639672e-04   8.88290876e-04
    37      50   8.94216396e-05   5.85344442e-04
    38       1   1.19284579e-04   2.54774720e-04
    38       2   1.76539444e-02   8.95493558e-02
    38       3   1.20950313e-03   9.44922947e-02
    38       4   2.51585776e-05   7.92790514e-04
    38       5   9.66941059e-05   9.74203747e-04
    38       6   2.03065715e-05   8.05771391e-04
    38       7   3.36251330e-04   6.76946545e-05
    38       8   2.21815297e-04   6.16462862e-04
    38       9   2.70827581e-02   1.51137907e-01
    38      10   1.27409702e-04   1.65091647e-01
    38      11   3.53809565e-04   9.39954961e-04
    38      12   1.66763771e-04   9.82342127e-04
    38      13   3.30003369e-04   8.17017400e-04
    38      14   3.19131398e-04   4.68079512e-05
    38      15   2.06776376e-04   6.16263749e-04
    38      16   2.73260462e-02   1.51203290e-01
    38      17   1.32328116e-04   1.65199340e-01
    38      18   3.52130130e-04   9.39192924e-04
    38      19   1.67935943e-04   9.82036483e-04
    38      20   3.30832620e-04   8.16982457e-04
    38      21   3.18111081e-04   4.69351228e-05
    38      22   2.06511547e-04   6.16184348e-04
    38      23   2.71607235e-02   1.51133867e-01
    38      24   1.33098473e-04   1.65098912e-01
    38      25   3.52070693e-04   9.39093992e-04
    38      26   1.67997897e-04   9.82022082e-04
    38      27   3.30728702e-04   8.16967565e-04
    38      28   3.18196199e-04   4.69261362e-05
    38      29   2.06653640e-04   6.16177210e-04
    38      30   2.73175965e-02   1.51202280e-01
    38      31   1.33063772e-04   1.65197561e-01
    38      32   3.52076080e-04   9.39095041e-04
    38      33   1.68018385e-04   9.82021628e-04
    38      34   3.30696812e-04   8.16959137e-04
    38      35   3.18186194e-04   4.69217685e-05
    38      36   2.06636912e-04   6.16178683e-04
    38      37   2.73166915e-02   1.51201990e-01
    38      38   1.33088658e-04   1.65197121e-01
    38      39   3.52076781e-04   9.39092338e-04
    38      40   1.68016910e-04   9.82021057e-04
    38      41   3.30710864e-04   8.16961146e-04
    38      42   3.18195237e-04   4.69232382e-05
    38      43   2.06649946e-04   6.16178061e-04
    38      44   2.73170348e-02   1.51202100e-01
    38      45   1.33083343e-04   1.65197291e-01
    38      46   3.52077307e-04   9.39093463e-04
    38      47   1.68020861e-04   9.82020572e-04
    38      48   3.30706286e-04   8.16960197e-04
    38      49   3.18192706e-04   4.69230359e-05
    38      50   2.06646717e-04   6.16178245e-04
    39       1   7.38943762e-05   4.04610895e-04
    39       2   3.03624874e-05   5.69446142e-04
    39       3   5.04963231e-04   2.76839346e-03
    39       4   7.91431576e-05   3.17388184e-03
    39       5   3.85169990e-05   9.90148039e-05
    39       6   1.27077792e-04   9.55917441e-04
    39       7   5.63706710e-05   9.76482862e-04
    39       8   8.09609044e-06   1.93550328e-04
    39       9   6.28723576e-05   3.22661996e-04
    39      10   4.68556416e-05   3.15781568e-05
    39      11   3.23285651e-05   9.05302742e-05
    39      12   7.04067543e-05   2.00203000e-04
    39      13   8.56786757e-04   5.05590250e-03
    39      14   2.13007523e-04   3.16627823e-03
    39      15   2.38767778e-05   1.11711972e-03
    39      16   2.82592929e-04   1.36204593e-03
    39      17   1.70116253e-05   1.40225277e-03
    39      18   4.10242540e-04   2.11410477e-03
    39      19   7.40683739e-05   1.78322729e-03
    39      20   7.00664701e-05   9.74220592e-04
    39      21   3.39467246e-03   1.98562463e-02
    39      22   6.65378010e-05   1.97603946e-02
    39      23   4.62552874e-05   2.08815966e-04
    39      24   8.96891516e-06   1.61572666e-04
    39      25   6.29253315e-05   3.22773540e-04
    39      26   4.69197611e-05   3.14852372e-05
    39      27   3.23693835e-05   9.04953879e-05
    39      28   7.04133924e-05   2.00193147e-04
    39      29   8.56805017e-04   5.05596854e-03
    39      30   2.12922507e-04   3.16634053e-03
    39      31   2.37247322e-05   1.11716248e-03
    39      32   2.82327568e-04   1.36206539e-03
    39      33   1.68737343e-05   1.40221185e-03
    39      34   4.10541714e-04   2.11454490e-03
    39      35   7.34140759e-05   1.78338442e-03
    39      36   6.99033082e-05   9.74807121e-04
    39      37   3.39451216e-03   1.98567873e-02
    39      38   6.70128058e-05   1.97608843e-02
    39      39   4.51144623e-05   2.08883159e-04
    39      40   1.25220604e-05   1.62324966e-04
    39      41   6.32763548e-05   3.24163887e-04
    39      42   4.70875534e-05   3.19320454e-05
    39      43   3.24854341e-05   9.06803245e-05
    39      44   7.04742707e-05   2.00080748e-04
    39      45   8.56840800e-04   5.05586614e-03
    39      46   2.12894548e-04   3.16638752e-03
    39      47   2.35814113e-05   1.11715577e-03
    39      48   2.82399318e-04   1.36208085e-03
    39      49   1.65487656e-05   1.40221851e-03
    39      50   4.10560346e-04   2.11459916e-03
    40       1   2.86275991e-04   1.75939653e-03
    40       2   4.32714874e-04   9.38494120e-04
    40       3   9.06036435e-04   7.35164878e-03
    40       4   3.49807031e-03   1.57542850e-02
    40       5   4.07014452e-04   2.28941777e-02
    40       6   1.14460785e-03   8.63215738e-03
    40       7   2.24745622e-03   6.65442793e-03
    40       8   4.35792321e-04   1.55771576e-02
    40       9   3.67602588e-04   1.76170462e-04
    40      10   3.93223416e-04   4.23373063e-03
    40      11   4.58463003e-04   6.43505932e-04
    40      12   4.39609378e-04   5.14660123e-03
    40      13   4.18787370e-04   1.69864388e-04
    40      14   3.92520046e-04   5.35594513e-05
    40      15   3.95877141e-04   3.89524715e-05
    40      16   3.69698747e-04   1.62987697e-04
    40      17   5.94966371e-05   2.45525948e-03
    40      18   2.92844026e-03   1.70457190e-02
    40      19   4.51643392e-04   1.96410186e-02
    40      20   2.81684793e-04   6.68117059e-04
    40      21   1.95667829e-04   5.23393259e-04
    40      22   3.13175703e-04   6.10963994e-04
    40      23   1.95513481e-04   6.10905526e-04
    40      24   3.13144981e-04   6.11053818e-04
    40      25   1.95657954e-04   6.10731104e-04
    40      26   3.13006744e-04   6.10738852e-04
    40      27   1.95371110e-04   6.10923852e-04
    40      28   3.13015370e-04   6.11069679e-04
    40      29   1.95370654e-04   6.10882365e-04
    40      30   3.13023135e-04   6.11073512e-04
    40      31   1.95363192e-04   6.10884097e-04
    40      32   3.12991956e-04   6.11070791e-04
    40      33   1.95395279e-04   6.10876747e-04
    40      34   3.13125521e-04   6.11082360e-04
    40      35   1.95266141e-04   6.10907064e-04
    40      36   3.12848253e-04   6.11065481e-04
    40      37   1.95035720e-04   6.10902377e-04
    40      38   3.12548697e-04   6.11058245e-04
    40      39   1.94825096e-04   6.10892814e-04
    40      40   3.12334835e-04   6.11058513e-04
    40      41   1.94640616e-04   6.10889994e-04
    40      42   3.12158253e-04   6.11059978e-04
    40      43   1.94474761e-04   6.10889254e-04
    40      44   3.12000232e-04   6.11061371e-04
    40      45   1.94322515e-04   6.10889039e-04
    40      46   3.11853825e-04   6.11062491e-04
    40      47   1.94179765e-04   6.10889045e-04
    40      48   3.11715636e-04   6.11063444e-04
    40      49   1.94044313e-04   6.10889133e-04
    40      50   3.11583553e-04   6.11064233e-04
    41       1   3.76642029e-05   2.93499992e-04
    41       2   1.05447192e-03   1.12570817e-03
    41       3   8.73986376e-04   1.37928092e-03
    41       4   1.25367383e-03   7.42721627e-04
    41       5   8.79191536e-04   1.75240766e-03
    41       6   1.05364175e-03   2.45936300e-03
    41       7   8.41222151e-04   3.08453592e-03
    41       8   1.71800131e-04   2.04240824e-03
    41       9   3.04550249e-04   7.55163127e-04
    41      10   3.17474825e-04   1.48771621e-04
    41      11   3.26788355e-04   2.26993395e-04
    41      12   2.62155440e-04   1.49124589e-04
    41      13   1.00178962e-03   4.42902867e-03
    41      14   2.82770526e-04   4.13824585e-03
    41      15   8.13819039e-03   4.44373161e-02
    41      16   2.85013233e-04   4.56190611e-02
    41      17   3.43538315e-04   2.13658140e-04
    41      18   4.30230062e-04   3.15909573e-04
    41      19   4.71704206e-04   1.82037658e-04
    41      20   7.27093857e-04   1.90105501e-03
    41      21   2.49902181e-04   2.19342382e-03
    41      22   1.31682556e-04   1.28940421e-04
    41      23   3.54858894e-06   1.55869318e-04
    41      24   1.08798634e-03   4.47055975e-03
    41      25   4.93159976e-04   4.12445628e-03
    41      26   8.30496000e-03   4.44350592e-02
    41      27   5.82603654e-04   4.56040280e-02
    41      28   6.42882404e-04   2.13884367e-04
    41      29   6.78069762e-04   3.11081096e-04
    41      30   8.43394625e-04   1.94491518e-04
    41      31   4.10895416e-04   1.82558138e-03
    41      32   4.68019303e-04   2.24191049e-03
    41      33   2.73441626e-04   1.66795685e-04
    41      34   1.26070992e-04   1.88806339e-04
    41      35   2.39077473e-04   4.37643636e-03
    41      36   4.43109887e-05   4.06579048e-03
    41      37   8.15336037e-03   4.44670095e-02
    41      38   1.73026379e-04   4.56336443e-02
    41      39   4.27933873e-04   2.17206045e-04
    41      40   4.47961650e-04   3.08226770e-04
    41      41   5.63984786e-04   1.90548466e-04
    41      42   4.40522036e-04   1.85862696e-03
    41      43   9.58148930e-05   2.20019302e-03
    41      44   6.81492077e-05   1.19674425e-04
    41      45   1.50609821e-05   1.50849011e-04
    41      46   7.32195165e-04   4.42796722e-03
    41      47   2.36163630e-04   4.10911435e-03
    41      48   8.14483168e-03   4.44437502e-02
    41      49   1.28335896e-05   4.56546703e-02
    41      50   1.21164020e-04   2.13879316e-04
    42       1   7.74650845e-05   4.25030233e-04
    42       2   1.97847961e-04   3.04038531e-04
    42       3   7.44749661e-05   7.09463093e-05
    42       4   1.48420450e-04   3.80531321e-04
    42       5   1.89778201e-04   3.12869959e-04
    42       6   1.13307753e-04   9.61190795e-05
    42       7   1.22852177e-04   4.00490982e-04
    42       8   1.55505842e-05   3.34482087e-04
    42       9   1.58121081e-05   6.12110592e-05
    42      10   5.84726689e-05   3.80675005e-04
    42      11   3.13168799e-05   3.28456298e-04
    42      12   2.37047877e-05   6.08253056e-05
    42      13   4.18090280e-05   3.79730184e-04
    42      14   3.36333895e-05   3.26703480e-04
    42      15   2.80536287e-05   6.09192151e-05
    42      16   3.51798244e-05   3.79477035e-04
    42      17   3.30191390e-05   3.25777451e-04
    42      18   2.84807488e-05   6.09647712e-05
    42      19   3.51696421e-05   3.79520461e-04
    42      20   3.17041003e-05   3.25601824e-04
    42      21   2.82185375e-05   6.10146996e-05
    42      22   3.54595286e-05   3.79525493e-04
    42      23   3.13928536e-05   3.25605299e-04
    42      24   2.83740369e-05   6.10393076e-05
    42      25   3.56306824e-05   3.79563979e-04
    42      26   3.12511451e-05   3.25608629e-04
    42      27   2.83382688e-05   6.10446402e-05
    42      28   3.56072382e-05   3.79557164e-04
    42      29   3.13396240e-05   3.25617012e-04
    42      30   2.83430061e-05   6.10404448e-05
    42      31   3.56150177e-05   3.79558707e-04
    42      32   3.13408048e-05   3.25618195e-04
    42      33   2.83401421e-05   6.10402299e-05
    42      34   3.56175268e-05   3.79558661e-04
    42      35   3.13414019e-05   3.25618597e-04
    42      36   2.83397381e-05   6.10401782e-05
    42      37   3.56182863e-05   3.79558702e-04
    42      38   3.13414190e-05   3.25618696e-04
    42      39   2.83395517e-05   6.10401675e-05
    42      40   3.56184917e-05   3.79558704e-04
    42      41   3.13414225e-05   3.25618723e-04
    42      42   2.83395114e-05   6.10401653e-05
    42      43   3.56185408e-05   3.79558705e-04
    42      44   3.13414243e-05   3.25618730e-04
    42      45   2.83395049e-05   6.10401650e-05
    42      46   3.56185501e-05   3.79558705e-04
    42      47   3.13414241e-05   3.25618730e-04
    42      48   2.83395020e-05   6.10401647e-05
    42      49   3.56185554e-05   3.79558705e-04
    42      50   3.13414232e-05   3.25618731e-04
    43       1   1.39165554e-05   6.99493195e-05
    43       2   1.67338546e-05   7.11018626e-04
    43       3   6.64749701e-05   4.61252998e-04
    43       4   5.67126758e-05   7.36479286e-05
    43       5   1.00689191e-04   8.51918465e-04
    43       6   2.58556094e-05   6.08369595e-04
    43       7   1.87713997e-04   8.50044758e-04
    43       8   8.72475847e-04   3.94049586e-03
    43       9   6.78584902e-06   4.85658597e-03
    43      10   3.44887000e-05   1.34320231e-04
    43      11   1.80294025e-04   7.96059713e-04
    43      12   8.80375852e-04   3.94228927e-03
    43      13   1.28020391e-05   4.85533211e-03
    43      14   1.70136372e-05   1.28441734e-04
    43      15   1.44687125e-04   7.93837467e-04
    43      16   8.62251782e-04   3.94454189e-03
    43      17   3.13219180e-05   4.85819275e-03
    43      18   1.31621100e-05   1.30430866e-04
    43      19   1.34152624e-04   7.96149470e-04
    43      20   8.59973336e-04   3.94541446e-03
    43      21   3.73162510e-05   4.85867671e-03
    43      22   7.18838700e-06   1.34479214e-04
    43      23   1.56831172e-04   7.96434731e-04
    43      24   8.47529279e-04   3.94131372e-03
    43      25   2.26387596e-05   4.85537422e-03
    43      26   1.68517015e-05   1.33719989e-04
    43      27   1.59077894e-04   7.95567103e-04
    43      28   8.46183343e-04   3.94090626e-03
    43      29   3.15428120e-05   4.85623981e-03
    43      30   1.64968845e-05   1.35015942e-04
    43      31   1.62524357e-04   7.96269388e-04
    43      32   8.52370337e-04   3.94102834e-03
    43      33   3.38108991e-05   4.85731351e-03
    43      34   1.57664001e-06   1.32709140e-04
    43      35   1.43347164e-04   7.95745017e-04
    43      36   8.33794837e-04   3.94132289e-03
    43      37   2.99577954e-05   4.85463029e-03
    43      38   5.56723338e-06   1.33056421e-04
    43      39   1.55701392e-04   7.96500000e-04
    43      40   8.57281174e-04   3.94259653e-03
    43      41   4.77031412e-05   4.85946653e-03
    43      42   7.30477737e-06   1.33812355e-04
    43      43   1.74982974e-04   8.00446620e-04
    43      44   7.30555645e-04   3.92569161e-03
    43      45   1.32153304e-04   4.85424589e-03
    43      46   1.32499525e-05   1.46045159e-04
    43      47   8.86442703e-05   7.90911542e-04
    43      48   7.92174089e-04   3.94287764e-03
    43      49   8.44229441e-05   4.85604384e-03
    43      50   6.42423382e-06   1.39600033e-04
    44       1   1.54761114e-04   7.18345567e-04
    44       2   8.40178539e-04   1.01249810e-03
    44       3   1.12262549e-03   4.28118397e-03
    44       4   5.54608278e-04   4.21543263e-03
    44       5   1.22121990e-03   1.86921267e-04
    44       6   6.76891866e-05   2.86440785e-04
    44       7   1.98624770e-06   5.96646674e-04
    44       8   4.28268266e-05   1.18175864e-04
    44       9   2.22797219e-04   6.72661614e-04
    44      10   1.10424708e-04   6.84547520e-05
    44      11   4.29366607e-05   5.96542549e-04
    44      12   1.21717958e-05   1.17701457e-04
    44      13   1.32994804e-04   6.55996611e-04
    44      14   1.20170644e-04   6.76875583e-05
    44      15   2.33404278e-06   6.03820860e-04
    44      16   1.22521670e-05   1.15987316e-04
    44      17   5.97612270e-05   6.49764276e-04
    44      18   9.48075108e-05   6.92845294e-05
    44      19   1.00854525e-05   6.01846945e-04
    44      20   6.87398514e-06   1.14016194e-04
    44      21   1.14865857e-04   6.54239173e-04
    44      22   1.27321935e-04   6.84539058e-05
    44      23   2.34689644e-05   6.02310314e-04
    44      24   6.42542957e-06   1.16925197e-04
    44      25   1.01009886e-04   6.54137823e-04
    44      26   1.15114476e-04   6.85178239e-05
    44      27   1.12170872e-05   6.02395058e-04
    44      28   8.86997359e-06   1.15159828e-04
    44      29   1.10373698e-04   6.53508462e-04
    44      30   1.10056142e-04   6.78267748e-05
    44      31   2.07920811e-05   5.99860409e-04
    44      32   1.97427346e-05   1.15292962e-04
    44      33   1.12959077e-04   6.52952618e-04
    44      34   1.15768047e-04   6.81282292e-05
    44      35   2.23637214e-05   6.01164392e-04
    44      36   1.30897046e-05   1.15818570e-04
    44      37   1.02419167e-04   6.52557917e-04
    44      38   1.15271683e-04   6.84702822e-05
    44      39   1.95140357e-05   6.01443678e-04
    44      40   1.69597291e-05   1.15380905e-04
    44      41   1.21025158e-04   6.54163221e-04
    44      42   1.54836442e-04   6.94283238e-05
    44      43   2.74147425e-05   6.05181804e-04
    44      44   1.44409685e-05   1.16061762e-04
    44      45   1.22617400e-04   6.54635689e-04
    44      46   1.23436830e-04   6.80636901e-05
    44      47   3.02676039e-05   6.01062491e-04
    44      48   2.12285639e-05   1.15843601e-04
    44      49   1.22720507e-04   6.53870188e-04
    44      50   1.25551627e-04   6.80706916e-05
    45       1   1.21575587e-04   6.72695167e-04
    45       2   1.05455744e-04   4.47540451e-05
    45       3   3.33238582e-05   4.21192175e-04
    45       4   5.99251445e-05   1.24768421e-04
    45       5   1.90951108e-05   2.21631390e-04
    45       6   1.70622554e-05   1.88830168e-04
    45       7   3.08581176e-04   3.26284324e-04
    45       8   3.07812345e-04   1.47947166e-04
    45       9   1.09004773e-04   8.07465289e-04
    45      10   1.02161300e-04   4.38875213e-05
    45      11   2.41566923e-05   4.22045952e-04
    45      12   4.85272438e-05   1.24506879e-04
    45      13   7.17846240e-06   2.21802034e-04
    45      14   1.39219561e-05   1.87213660e-04
    45      15   3.04613651e-04   3.26150864e-04
    45      16   3.07370871e-04   1.47604250e-04
    45      17   1.08823878e-04   8.07411716e-04
    45      18   9.26025387e-05   4.49674434e-05
    45      19   1.67498799e-05   4.21786107e-04
    45      20   4.43415928e-05   1.24988131e-04
    45      21   5.28637905e-06   2.21398476e-04
    45      22   1.95193765e-05   1.87648622e-04
    45      23   3.07391724e-04   3.25650560e-04
    45      24   3.13786532e-04   1.47187725e-04
    45      25   1.00060144e-04   8.05230383e-04
    45      26   8.93191049e-05   4.29672648e-05
    45      27   1.46497286e-05   4.21563811e-04
    45      28   4.13884891e-05   1.24867652e-04
    45      29   2.84306962e-06   2.21384385e-04
    45      30   1.90555080e-05   1.87321050e-04
    45      31   3.11572897e-04   3.26550588e-04
    45      32   3.16930801e-04   1.47243352e-04
    45      33   9.75187087e-05   8.05371282e-04
    45      34   8.74352019e-05   4.29117235e-05
    45      35   1.32754135e-05   4.21500730e-04
    45      36   4.00007952e-05   1.24875048e-04
    45      37   2.43139880e-06   2.21283162e-04
    45      38   1.96479054e-05   1.87337833e-04
    45      39   3.11704702e-04   3.26421908e-04
    45      40   3.18278057e-04   1.47102855e-04
    45      41   9.61577535e-05   8.05386295e-04
    45      42   8.52331105e-05   4.30185839e-05
    45      43   1.20213110e-05   4.21379537e-04
    45      44   3.88834585e-05   1.24906456e-04
    45      45   1.74438031e-06   2.21228244e-04
    45      46   2.09590403e-05   1.87419267e-04
    45      47   3.12601610e-04   3.26275870e-04
    45      48   3.19896998e-04   1.47003111e-04
    45      49   9.45912192e-05   8.05412349e-04
    45      50   8.44622398e-05   4.29234086e-05
    46       1   5.81807105e-05   5.04603292e-04
    46       2   3.78319273e-04   2.36422867e-03
    46       3   6.60743869e-05   2.29645060e-03
    46       4   4.86684586e-05   1.09984666e-04
    46       5   7.37255525e-05   1.85790910e-04
    46       6   1.14711465e-04   1.96243354e-04
    46       7   1.35922850e-04   1.12631413e-04
    46       8   1.12116831e-04   1.12723671e-04
    46       9   1.51445675e-04   1.15213503e-04
    46      10   1.24560188e-04   1.13427698e-04
    46      11   1.46392197e-04   1.12805807e-04
    46      12   1.64291828e-04   1.06776665e-04
    46      13   1.92286397e-04   1.13899090e-04
    46      14   1.58523446e-04   1.14680808e-04
    46      15   1.70493177e-04   1.11984070e-04
    46      16   2.90375949e-04   9.87895652e-05
    46      17   5.98753184e-05   9.13526135e-05
    46      18   8.58452840e-05   1.08271272e-04
    46      19   3.20514004e-05   1.11360201e-04
    46      20   1.50278586e-05   1.05725636e-04
    46      21   2.85846432e-05   1.12795624e-04
    46      22   9.26478311e-07   1.08189165e-04
    46      23   1.82830479e-05   1.07112761e-04
    46      24   2.33176171e-05   1.19227719e-04
    46      25   6.83571112e-06   1.17216377e-04
    46      26   8.92762970e-06   1.06301166e-04
    46      27   9.42913802e-06   1.06544892e-04
    46      28   2.52121362e-05   1.17778406e-04
    46      29   6.55522831e-06   1.17407188e-04
    46      30   9.55254186e-06   1.06324202e-04
    46      31   1.21123672e-05   1.07252242e-04
    46      32   9.55541529e-06   1.07254652e-04
    46      33   1.13470436e-05   1.07183527e-04
    46      34   1.05562817e-05   1.07283122e-04
    46      35   7.83523097e-06   1.06515144e-04
    46      36   9.72345643e-06   1.06453732e-04
    46      37   1.21764828e-05   1.07272799e-04
    46      38   8.69256407e-06   1.07192214e-04
    46      39   1.22943965e-05   1.07198730e-04
    46      40   9.01253311e-06   1.07234557e-04
    46      41   1.18066164e-05   1.07176621e-04
    46      42   8.53154550e-06   1.07136217e-04
    46      43   1.40177711e-05   1.07364031e-04
    46      44   7.82469383e-06   1.07304275e-04
    46      45   1.37735133e-05   1.07273523e-04
    46      46   7.69294815e-06   1.07266797e-04
    46      47   1.37160757e-05   1.07255440e-04
    46      48   7.72715061e-06   1.07264091e-04
    46      49   1.37073933e-05   1.07257671e-04
    46      50   7.72971345e-06   1.07263422e-04
    47       1   1.49635758e-04   2.06971712e-04
    47       2   1.05182966e-03   1.42441054e-03
    47       3   8.88043122e-03   4.19431273e-02
    47       4   1.36514018e-03   4.40179815e-02
    47       5   2.01641321e-03   2.91141879e-03
    47       6   1.53063333e-03   2.64691589e-03
    47       7   2.28846791e-04   2.28720247e-04
    47       8   1.47213315e-04   4.00713616e-04
    47       9   2.11368329e-04   3.64492963e-04
    47      10   1.78915266e-04   8.53198966e-05
    47      11   1.78194644e-04   1.49549599e-07
    47      12   2.19033548e-04   7.56211313e-06
    47      13   2.10567558e-04   1.55494086e-06
    47      14   2.00879653e-04   1.81692640e-06
    47      15   1.79268775e-04   4.04965464e-06
    47      16   6.80862342e-07   3.50136103e-05
    47      17   2.88889489e-08   1.18722324e-07
    48       1   9.40334063e-06   2.58241651e-05
    48       2   2.22928980e-05   1.24195960e-04
    48       3   1.51789354e-04   8.97018463e-04
    48       4   2.10024464e-05   6.66723731e-04
    48       5   3.42161252e-04   2.01560810e-03
    48       6   6.72661754e-05   2.34902062e-03
    48       7   1.09381448e-04   9.93106800e-04
    48       8   1.32448360e-04   6.81691610e-04
    48       9   1.99912288e-04   1.97178370e-03
    48      10   5.68366903e-04   2.34293812e-03
    48      11   1.02032697e-04   1.02747513e-03
    48      12   1.38300106e-05   6.38777195e-04
    48      13   4.73867246e-04   2.03295527e-03
    48      14   1.68264497e-04   2.37735882e-03
    48      15   1.19500594e-05   9.94311334e-04
    48      16   1.52907872e-04   6.73147340e-04
    48      17   3.92685242e-04   2.04456259e-03
    48      18   1.51066122e-04   2.36670037e-03
    48      19   5.63101351e-05   9.97770073e-04
    48      20   3.04394466e-05   6.63474672e-04
    48      21   1.53729627e-04   2.00211174e-03
    48      22   2.95142643e-04   2.28805769e-03
    48      23   9.18184018e-05   9.29782634e-04
    48      24   1.34074381e-04   6.57783952e-04
    48      25   1.22850852e-03   2.14209551e-03
    48      26   2.71129521e-04   2.48070552e-03
    48      27   1.17676655e-04   1.01854913e-03
    48      28   1.12506800e-06   6.65864915e-04
    48      29   3.12141153e-04   2.01567368e-03
    48      30   5.90182597e-04   2.40744962e-03
    48      31   3.89862811e-06   1.04256770e-03
    48      32   1.59448062e-04   6.71337862e-04
    48      33   1.11114851e-04   2.01205382e-03
    48      34   4.70334300e-04   2.36983845e-03
    48      35   1.07488224e-04   1.01476531e-03
    48      36   1.69937327e-04   6.60028104e-04
    48      37   1.83791646e-04   2.01972803e-03
    48      38   2.03521734e-04   2.34603794e-03
    48      39   1.14089710e-05   9.95093960e-04
    48      40   1.36865536e-04   6.67630244e-04
    48      41   2.09555120e-04   2.01893657e-03
    48      42   2.03334452e-04   2.34907578e-03
    48      43   7.97197080e-05   9.87010508e-04
    48      44   1.62918507e-04   6.62526967e-04
    48      45   2.01903118e-04   2.02105249e-03
    48      46   2.16391269e-04   2.34966916e-03
    48      47   3.35807033e-05   9.93803283e-04
    48      48   1.49567741e-04   6.66382871e-04
    48      49   2.04971716e-04   2.01993459e-03
    48      50   2.12351620e-04   2.34954437e-03
    49       1   1.96252679e-04   1.02654920e-03
    49       2   5.57328795e-05   7.82762478e-04
    49       3   3.55499491e-05   1.96978296e-04
    49       4   1.27570167e-05   1.79830533e-04
    49       5   4.85741779e-04   5.19926168e-04
    49       6   5.25167218e-04   1.23972580e-04
    49       7   3.23728300e-04   2.15032468e-03
    49       8   6.28916841e-04   1.85424011e-03
    49       9   1.47069932e-04   2.78773513e-03
    49      10   2.11962292e-05   9.03642950e-04
    49      11   2.84739450e-05   1.21855054e-04
    49      12   4.58851005e-04   5.17628203e-04
    49      13   4.85219658e-04   1.24283877e-04
    49      14   3.57965657e-04   2.15010341e-03
    49      15   6.62100840e-04   1.85376803e-03
    49      16   1.68295558e-04   2.78897243e-03
    49      17   3.14078786e-05   9.05005276e-04
    49      18   2.52713777e-05   1.22063703e-04
    49      19   4.63023426e-04   5.17617364e-04
    49      20   4.91255084e-04   1.24202589e-04
    49      21   3.64233478e-04   2.15182015e-03
    49      22   6.70404943e-04   1.85392181e-03
    49      23   1.73602374e-04   2.78900890e-03
    49      24   3.19320124e-05   9.05319117e-04
    49      25   2.85190904e-05   1.22243862e-04
    49      26   4.60098073e-04   5.17822524e-04
    49      27   4.88250498e-04   1.24198170e-04
    49      28   3.65669641e-04   2.15144220e-03
    49      29   6.73481131e-04   1.85406657e-03
    49      30   1.72616328e-04   2.78953364e-03
    49      31   3.09177978e-05   9.05251121e-04
    49      32   2.61579710e-05   1.22327730e-04
    49      33   4.61662523e-04   5.17726519e-04
    49      34   4.89662189e-04   1.24212439e-04
    49      35   3.65094994e-04   2.15165093e-03
    49      36   6.73162331e-04   1.85407433e-03
    49      37   1.71994959e-04   2.78958653e-03
    49      38   3.00026732e-05   9.05272817e-04
    49      39   2.60050730e-05   1.22277543e-04
    49      40   4.62501916e-04   5.17812658e-04
    49      41   4.90521955e-04   1.24211014e-04
    49      42   3.64695227e-04   2.15171177e-03
    49      43   6.72684950e-04   1.85405298e-03
    49      44   1.71503756e-04   2.78955049e-03
    49      45   2.99782564e-05   9.05218173e-04
    49      46   2.61355001e-05   1.22342313e-04
    49      47   4.62879592e-04   5.18048026e-04
    49      48   4.90894030e-04   1.24209678e-04
    49      49   3.65252359e-04   2.15167441e-03
    49      50   6.73477789e-04   1.85410562e-03
    50       1   5.92083395e-04   3.63206010e-03
    50       2   3.62242752e-04   1.07511321e-03
    50       3   5.55652958e-04   9.05975435e-04
    50       4   5.38748783e-04   9.98397875e-05
    50       5   5.41526683e-04   5.90675764e-03
    50       6   4.60268602e-04   2.80353447e-04
    50       7   5.29960788e-04   5.71280687e-03
    50       8   5.75170622e-04   5.35970262e-04
    50       9   5.39656545e-04   6.08436470e-05
    50      10   4.93591981e-04   1.81431445e-04
    50      11   1.32685571e-04   2.08882880e-03
    50      12   5.35982157e-04   1.90278502e-03
    50      13   4.70437313e-04   2.35316372e-04
    50      14   5.57013095e-04   4.87293892e-04
    50      15   3.56353689e-04   9.80364283e-04
    50      16   5.54765098e-04   9.05444828e-04
    50      17   5.38271767e-04   1.00053576e-04
    50      18   5.41049769e-04   5.90749625e-03
    50      19   4.60081298e-04   2.80677333e-04
    50      20   5.30138591e-04   5.71300939e-03
    50      21   5.75247185e-04   5.35800187e-04
    50      22   5.39586108e-04   6.06041294e-05
    50      23   4.93607896e-04   1.80936708e-04
    50      24   1.32571339e-04   2.08864177e-03
    50      25   5.35891017e-04   1.90255847e-03
    50      26   4.69351498e-04   2.34433226e-04
    50      27   5.56694398e-04   4.87331274e-04
    50      28   3.56026850e-04   9.80894484e-04
    50      29   5.54660989e-04   9.04965753e-04
    50      30   5.38341578e-04   1.00155837e-04
    50      31   5.41201701e-04   5.90697359e-03
    50      32   4.60058802e-04   2.80631092e-04
    50      33   5.30066762e-04   5.71275833e-03
    50      34   5.75022543e-04   5.36013104e-04
    50      35   5.39091295e-04   6.15940694e-05
    50      36   4.93302654e-04   1.81445277e-04
    50      37   1.32547214e-04   2.08872372e-03
    50      38   5.36179549e-04   1.90297545e-03
    50      39   4.69205596e-04   2.33630353e-04
    50      40   5.56467903e-04   4.87497556e-04
    50      41   3.55840662e-04   9.80846125e-04
    50      42   5.54467196e-04   9.05296897e-04
    50      43   5.38068359e-04   9.99900613e-05
    50      44   5.41244518e-04   5.90739286e-03
    50      45   4.60075768e-04   2.80695870e-04
    50      46   5.30124334e-04   5.71283390e-03
    50      47   5.75225891e-04   5.36035963e-04
    50      48   5.40011657e-04   6.07335581e-05
    50      49   4.94554510e-04   1.81270111e-04
    50      50   1.33144453e-04   2.08890594e-03