SUMMARY OF C0NVERGENCE INFORMATION
  STEP   INC  ATT   ITER     CONT.   RESID.        CORR.      RESID.      CORR.
                              EL.    FORCE         DISP       FLUX        TEMP.
                              (#)     (%)           (%)        (%)         (%)
     1     1     1     1        0  0.1163E+04  0.1000E+03  0.0000E+00  0.0000E+00
     1     1     1     2        0  0.0000E+00  0.2181E+01  0.0000E+00  0.0000E+00
     1     2     1     1        0  0.0000E+00  0.4336E+00  0.0000E+00  0.0000E+00
     1     2     1     2        0  0.0000E+00  0.2221E-03  0.0000E+00  0.0000E+00
     1     3     1     1        0  0.0000E+00  0.7853E+00  0.0000E+00  0.0000E+00
     1     3     1     2        0  0.0000E+00  0.1942E-02  0.0000E+00  0.0000E+00
     1     4     1     1        0  0.4637E+02  0.1997E+01  0.0000E+00  0.0000E+00
     1     4     1     2        0  0.0000E+00  0.9555E-01  0.0000E+00  0.0000E+00
     1     5     1     1        0  0.4934E+03  0.5665E+01  0.0000E+00  0.0000E+00
     1     5     1     2        0  0.4130E+02  0.7286E+00  0.0000E+00  0.0000E+00
     1     5     1     3        0  0.0000E+00  0.3587E-01  0.0000E+00  0.0000E+00
     1     6     1     1        0  0.4334E+04  0.2683E+02  0.0000E+00  0.0000E+00
     1     6     1     2        0  0.6590E+04  0.3199E+02  0.0000E+00  0.0000E+00
     1     6     1     3        0  0.1128E+05  0.4386E+02  0.0000E+00  0.0000E+00
     1     6     1     4        0  0.3314E+03  0.7394E+01  0.0000E+00  0.0000E+00
     1     6     1     5        0  0.4797E+03  0.9062E+01  0.0000E+00  0.0000E+00
     1     6     1     6        0  0.8814E+01  0.1228E+01  0.0000E+00  0.0000E+00
     1     6     1     7        0  0.0000E+00  0.8537E-01  0.0000E+00  0.0000E+00
     1     7     1     1        0  0.8764E+03  0.1331E+02  0.0000E+00  0.0000E+00
     1     7     1     2        0  0.1041E+04  0.1630E+02  0.0000E+00  0.0000E+00
     1     7     1     3        0  0.1152E+02  0.1739E+01  0.0000E+00  0.0000E+00
     1     7     1     4        0  0.0000E+00  0.6394E-01  0.0000E+00  0.0000E+00
     1     8     1     1        0  0.1543E+04  0.2149E+02  0.0000E+00  0.0000E+00
     1     8     1     2        0  0.1177E+04  0.1944E+02  0.0000E+00  0.0000E+00
     1     8     1     3        0  0.2757E+02  0.3003E+01  0.0000E+00  0.0000E+00
     1     8     1     4        0  0.0000E+00  0.1200E+00  0.0000E+00  0.0000E+00
     1     9     1     1        0  0.2222E+03  0.2062E+02  0.0000E+00  0.0000E+00
     1     9     1     2        0  0.2110E+02  0.3062E+01  0.0000E+00  0.0000E+00
     1     9     1     3        0  0.0000E+00  0.5802E-01  0.0000E+00  0.0000E+00
     1    10     1     1        0  0.4949E+03  0.1000E+03  0.0000E+00  0.0000E+00
     1    10     1     2        0  0.1250E+03  0.2956E+02  0.0000E+00  0.0000E+00
     1    10     1     3        0  0.3902E+02  0.2351E+02  0.0000E+00  0.0000E+00
     1    10     1     4        0  0.1178E+02  0.1406E+02  0.0000E+00  0.0000E+00
     1    10     1     5        0  0.3812E+04  0.2357E+02  0.0000E+00  0.0000E+00
     1    10     1     6        0  0.4624E+03  0.1071E+02  0.0000E+00  0.0000E+00
     1    10     2     1        0  0.2608E+01  0.2473E+02  0.0000E+00  0.0000E+00
     1    10     2     2        0  0.0000E+00  0.2606E+01  0.0000E+00  0.0000E+00
     1    11     1     1        0  0.1786E+02  0.7935E+02  0.0000E+00  0.0000E+00
     1    11     1     2        0  0.0000E+00  0.6098E+01  0.0000E+00  0.0000E+00
     1    12     1     1        0  0.0000E+00  0.2430E+02  0.0000E+00  0.0000E+00
     1    12     1     2        0  0.2336E+01  0.2050E+02  0.0000E+00  0.0000E+00
     1    12     1     3        0  0.0000E+00  0.3717E+01  0.0000E+00  0.0000E+00
     1    13     1     1        0  0.1887E+01  0.1586E+02  0.0000E+00  0.0000E+00
     1    13     1     2        0  0.1333E+01  0.1078E+02  0.0000E+00  0.0000E+00
     1    13     1     3        0  0.0000E+00  0.1148E+01  0.0000E+00  0.0000E+00
     1    14     1     1        0  0.5735E+01  0.2093E+02  0.0000E+00  0.0000E+00
     1    14     1     2        0  0.1144E+01  0.6892E+01  0.0000E+00  0.0000E+00
     1    14     1     3        0  0.0000E+00  0.5367E+00  0.0000E+00  0.0000E+00
     1    15     1     1        0  0.1554E+02  0.5746E+02  0.0000E+00  0.0000E+00
     1    15     1     2        0  0.0000E+00  0.5289E+01  0.0000E+00  0.0000E+00
     1    16     1     1        0  0.4745E+02  0.1747E+02  0.0000E+00  0.0000E+00
     1    16     1     2        0  0.0000E+00  0.3517E+01  0.0000E+00  0.0000E+00
     1    17     1     1        0  0.1596E+03  0.1385E+02  0.0000E+00  0.0000E+00
     1    17     1     2        0  0.0000E+00  0.3072E+01  0.0000E+00  0.0000E+00
     1    18     1     1        0  0.5164E+03  0.8289E+01  0.0000E+00  0.0000E+00
     1    18     1     2        0  0.3235E+02  0.2116E+01  0.0000E+00  0.0000E+00
     1    18     1     3        0  0.0000E+00  0.1817E+00  0.0000E+00  0.0000E+00
     1    19     1     1        0  0.5588E+03  0.8722E+01  0.0000E+00  0.0000E+00
     1    19     1     2        0  0.1014E+04  0.1207E+02  0.0000E+00  0.0000E+00
     1    19     1     3        0  0.1832E+01  0.5181E+00  0.0000E+00  0.0000E+00
     1    19     1     4        0  0.0000E+00  0.1030E+00  0.0000E+00  0.0000E+00
     1    20     1     1        0  0.1272E+03  0.5509E+01  0.0000E+00  0.0000E+00
     1    20     1     2        0  0.1315E+06  0.1000E+03  0.0000E+00  0.0000E+00
     1    20     1     3        0  0.1093E+04  0.4467E+02  0.0000E+00  0.0000E+00
     1    20     1     4        0  0.6597E+04  0.3089E+02  0.0000E+00  0.0000E+00
     1    20     1     5        0  0.8808E+03  0.8061E+01  0.0000E+00  0.0000E+00
     1    20     1     6        0  0.4878E+04  0.1891E+02  0.0000E+00  0.0000E+00
     1    20     1     7        0  0.2916E+03  0.4384E+01  0.0000E+00  0.0000E+00
     1    20     1     8        0  0.5814E+04  0.1953E+02  0.0000E+00  0.0000E+00
     1    20     1     9        0  0.6398E+02  0.2320E+01  0.0000E+00  0.0000E+00
     1    20     1    10        0  0.2212E+05  0.3858E+02  0.0000E+00  0.0000E+00
     1    20     1    11        0  0.4669E+02  0.8948E+01  0.0000E+00  0.0000E+00
     1    20     1    12        0  0.4348E+04  0.1697E+02  0.0000E+00  0.0000E+00
     1    20     1    13        0  0.7406E+01  0.1422E+01  0.0000E+00  0.0000E+00
     1    20     1    14        0  0.2592E+01  0.4106E+00  0.0000E+00  0.0000E+00
     1    20     1    15        0  0.0000E+00  0.3477E-02  0.0000E+00  0.0000E+00
     1    21     1     1        0  0.1456E+03  0.1653E+02  0.0000E+00  0.0000E+00
     1    21     1     2        0  0.6088E+04  0.3128E+02  0.0000E+00  0.0000E+00
     1    21     1     3        0  0.2137E+02  0.1993E+01  0.0000E+00  0.0000E+00
     1    21     1     4        0  0.1781E+02  0.1698E+01  0.0000E+00  0.0000E+00
     1    21     1     5        0  0.0000E+00  0.4736E-01  0.0000E+00  0.0000E+00
     1    22     1     1        0  0.4270E+03  0.3282E+02  0.0000E+00  0.0000E+00
     1    22     1     2        0  0.2079E+04  0.2878E+02  0.0000E+00  0.0000E+00
     1    22     1     3        0  0.1005E+03  0.4644E+01  0.0000E+00  0.0000E+00
     1    22     1     4        0  0.5685E+02  0.3358E+01  0.0000E+00  0.0000E+00
     1    22     1     5        0  0.0000E+00  0.1773E+00  0.0000E+00  0.0000E+00
     1    23     1     1        0  0.1224E+03  0.1430E+02  0.0000E+00  0.0000E+00
     1    23     1     2        0  0.3751E+03  0.1480E+02  0.0000E+00  0.0000E+00
     1    23     1     3        0  0.4215E+01  0.1051E+01  0.0000E+00  0.0000E+00
     1    23     1     4        0  0.0000E+00  0.1352E+00  0.0000E+00  0.0000E+00
     1    24     1     1        0  0.6556E+02  0.8644E+01  0.0000E+00  0.0000E+00
     1    24     1     2        0  0.8532E+02  0.7548E+01  0.0000E+00  0.0000E+00
     1    24     1     3        0  0.0000E+00  0.2815E+00  0.0000E+00  0.0000E+00
