SUMMARY OF C0NVERGENCE INFORMATION
  STEP   INC  ATT   ITER     CONT.   RESID.        CORR.      RESID.      CORR.
                              EL.    FORCE         DISP       FLUX        TEMP.
                              (#)     (%)           (%)        (%)         (%)
     1     1     1     1        0  0.2669E+04  0.1000E+03  0.0000E+00  0.0000E+00
     1     1     1     2        0  0.0000E+00  0.2099E+01  0.0000E+00  0.0000E+00
     1     2     1     1        0  0.8875E+02  0.1307E+01  0.0000E+00  0.0000E+00
     1     2     1     2        0  0.0000E+00  0.3543E-02  0.0000E+00  0.0000E+00
     1     3     1     1        0  0.7800E+03  0.3168E+01  0.0000E+00  0.0000E+00
     1     3     1     2        0  0.0000E+00  0.3617E-01  0.0000E+00  0.0000E+00
     1     4     1     1        0  0.1912E+05  0.1404E+02  0.0000E+00  0.0000E+00
     1     4     1     2        0  0.2829E+03  0.1675E+01  0.0000E+00  0.0000E+00
     1     4     1     3        0  0.9468E+02  0.9754E+00  0.0000E+00  0.0000E+00
     1     4     1     4        0  0.0000E+00  0.3013E-02  0.0000E+00  0.0000E+00
     1     5     1     1        0  0.9344E+05  0.4278E+02  0.0000E+00  0.0000E+00
     1     5     1     2        0  0.6599E+05  0.3188E+02  0.0000E+00  0.0000E+00
     1     5     1     3        0  0.2300E+06  0.6918E+02  0.0000E+00  0.0000E+00
     1     5     1     4        0  0.9941E+04  0.1204E+02  0.0000E+00  0.0000E+00
     1     5     1     5        0  0.6399E+05  0.3275E+02  0.0000E+00  0.0000E+00
     1     5     1     6        0  0.3338E+03  0.2197E+01  0.0000E+00  0.0000E+00
     1     5     1     7        0  0.1038E+05  0.1247E+02  0.0000E+00  0.0000E+00
     1     5     1     8        0  0.3029E+03  0.2106E+01  0.0000E+00  0.0000E+00
     1     5     1     9        0  0.1945E+04  0.5366E+01  0.0000E+00  0.0000E+00
     1     5     1    10        0  0.1069E+03  0.1254E+01  0.0000E+00  0.0000E+00
     1     5     1    11        0  0.1177E+03  0.1318E+01  0.0000E+00  0.0000E+00
     1     5     1    12        0  0.0000E+00  0.1938E+00  0.0000E+00  0.0000E+00
     1     6     1     1        0  0.6597E+04  0.3528E+02  0.0000E+00  0.0000E+00
     1     6     1     2        0  0.2470E+06  0.1000E+03  0.0000E+00  0.0000E+00
     1     6     1     3        0  0.1449E+04  0.1456E+02  0.0000E+00  0.0000E+00
     1     6     1     4        0  0.2176E+06  0.7332E+02  0.0000E+00  0.0000E+00
     1     6     1     5        0  0.1264E+04  0.1317E+02  0.0000E+00  0.0000E+00
     1     6     1     6        0  0.2462E+06  0.1000E+03  0.0000E+00  0.0000E+00
     1     6     1     7        0  0.4791E+07  0.1000E+03  0.0000E+00  0.0000E+00
     1     6     2     1        0  0.5064E+03  0.1191E+02  0.0000E+00  0.0000E+00
     1     6     2     2        0  0.1982E+06  0.1000E+03  0.0000E+00  0.0000E+00
     1     6     2     3        0  0.1043E+04  0.5178E+01  0.0000E+00  0.0000E+00
     1     6     2     4        0  0.4427E+05  0.3781E+02  0.0000E+00  0.0000E+00
     1     6     2     5        0  0.1161E+04  0.5863E+01  0.0000E+00  0.0000E+00
     1     6     3     1        0  0.2808E+03  0.3495E+02  0.0000E+00  0.0000E+00
     1     6     3     2        0  0.2418E+04  0.1000E+03  0.0000E+00  0.0000E+00
     1     6     3     3        0  0.2365E+02  0.9862E+01  0.0000E+00  0.0000E+00
     1     6     3     4        0  0.1885E+02  0.8848E+01  0.0000E+00  0.0000E+00
     1     6     3     5        0  0.0000E+00  0.3253E+00  0.0000E+00  0.0000E+00
     1     7     1     1        0  0.1976E+02  0.5867E+01  0.0000E+00  0.0000E+00
     1     7     1     2        0  0.6364E+02  0.1068E+02  0.0000E+00  0.0000E+00
     1     7     1     3        0  0.0000E+00  0.4937E+00  0.0000E+00  0.0000E+00
     1     8     1     1        0  0.1141E+02  0.5621E+01  0.0000E+00  0.0000E+00
     1     8     1     2        0  0.1205E+02  0.5861E+01  0.0000E+00  0.0000E+00
     1     8     1     3        0  0.0000E+00  0.1112E+00  0.0000E+00  0.0000E+00
     1     9     1     1        0  0.1615E+02  0.5231E+01  0.0000E+00  0.0000E+00
     1     9     1     2        0  0.1759E+02  0.5544E+01  0.0000E+00  0.0000E+00
     1     9     1     3        0  0.0000E+00  0.1125E+00  0.0000E+00  0.0000E+00
     1    10     1     1        0  0.3012E+02  0.5517E+01  0.0000E+00  0.0000E+00
     1    10     1     2        0  0.4410E+02  0.6792E+01  0.0000E+00  0.0000E+00
     1    10     1     3        0  0.0000E+00  0.1897E+00  0.0000E+00  0.0000E+00
     1    11     1     1        0  0.5377E+02  0.1208E+02  0.0000E+00  0.0000E+00
     1    11     1     2        0  0.9786E+02  0.7719E+01  0.0000E+00  0.0000E+00
     1    11     1     3        0  0.0000E+00  0.3102E+00  0.0000E+00  0.0000E+00
     1    12     1     1        0  0.5008E+04  0.1000E+03  0.0000E+00  0.0000E+00
     1    12     1     2        0  0.2223E+03  0.2104E+02  0.0000E+00  0.0000E+00
     1    12     1     3        0  0.3748E+03  0.2717E+02  0.0000E+00  0.0000E+00
     1    12     1     4        0  0.3362E+02  0.8167E+01  0.0000E+00  0.0000E+00
     1    12     1     5        0  0.0000E+00  0.1641E+01  0.0000E+00  0.0000E+00
     1    13     1     1        0  0.3622E+04  0.9980E+02  0.0000E+00  0.0000E+00
     1    13     1     2        0  0.1956E+03  0.2371E+02  0.0000E+00  0.0000E+00
     1    13     1     3        0  0.1556E+03  0.2154E+02  0.0000E+00  0.0000E+00
     1    13     1     4        0  0.6516E+01  0.4414E+01  0.0000E+00  0.0000E+00
     1    13     1     5        0  0.0000E+00  0.7502E+00  0.0000E+00  0.0000E+00
     1    14     1     1        0  0.4718E+06  0.1000E+03  0.0000E+00  0.0000E+00
     1    14     1     2        0  0.6104E+05  0.1522E+02  0.0000E+00  0.0000E+00
     1    14     1     3        0  0.3730E+05  0.2192E+02  0.0000E+00  0.0000E+00
     1    14     1     4        0  0.1912E+05  0.1534E+02  0.0000E+00  0.0000E+00
     1    14     1     5        0  0.1057E+05  0.1111E+02  0.0000E+00  0.0000E+00
     1    14     1     6        0  0.4951E+04  0.7508E+01  0.0000E+00  0.0000E+00
     1    14     1     7        0  0.1978E+04  0.4705E+01  0.0000E+00  0.0000E+00
     1    14     1     8        0  0.4237E+03  0.2170E+01  0.0000E+00  0.0000E+00
     1    14     1     9        0  0.2209E+02  0.4947E+00  0.0000E+00  0.0000E+00
     1    14     1    10        0  0.0000E+00  0.2457E-01  0.0000E+00  0.0000E+00
     1    15     1     1        0  0.2602E+04  0.2038E+02  0.0000E+00  0.0000E+00
     1    15     1     2        0  0.4935E+04  0.3227E+02  0.0000E+00  0.0000E+00
     1    15     1     3        0  0.9218E+03  0.1390E+02  0.0000E+00  0.0000E+00
     1    15     1     4        0  0.1256E+03  0.5092E+01  0.0000E+00  0.0000E+00
     1    15     1     5        0  0.1327E+01  0.5228E+00  0.0000E+00  0.0000E+00
     1    15     1     6        0  0.0000E+00  0.5513E-02  0.0000E+00  0.0000E+00
     1    16     1     1        0  0.1298E+03  0.1829E+02  0.0000E+00  0.0000E+00
     1    16     1     2        0  0.7338E+02  0.1761E+02  0.0000E+00  0.0000E+00
     1    16     1     3        0  0.0000E+00  0.2180E+01  0.0000E+00  0.0000E+00
     1    17     1     1        0  0.3527E+02  0.1769E+02  0.0000E+00  0.0000E+00
     1    17     1     2        0  0.4204E+01  0.1433E+02  0.0000E+00  0.0000E+00
     1    17     1     3        0  0.0000E+00  0.1868E+01  0.0000E+00  0.0000E+00
     1    18     1     1        0  0.3844E+02  0.1298E+02  0.0000E+00  0.0000E+00
     1    18     1     2        0  0.1051E+02  0.2521E+02  0.0000E+00  0.0000E+00
     1    18     1     3        0  0.0000E+00  0.1233E+01  0.0000E+00  0.0000E+00
     1    19     1     1        0  0.6175E+02  0.1191E+02  0.0000E+00  0.0000E+00
     1    19     1     2        0  0.4319E+02  0.1954E+02  0.0000E+00  0.0000E+00
     1    19     1     3        0  0.1010E+01  0.4020E+01  0.0000E+00  0.0000E+00
     1    19     1     4        0  0.0000E+00  0.8126E+00  0.0000E+00  0.0000E+00
     1    20     1     1        0  0.8985E+02  0.2428E+02  0.0000E+00  0.0000E+00
     1    20     1     2        0  0.1181E+03  0.2412E+02  0.0000E+00  0.0000E+00
     1    20     1     3        0  0.1644E+01  0.4601E+01  0.0000E+00  0.0000E+00
     1    20     1     4        0  0.0000E+00  0.1154E+01  0.0000E+00  0.0000E+00
     1    21     1     1        0  0.7587E+02  0.3519E+02  0.0000E+00  0.0000E+00
     1    21     1     2        0  0.1561E+03  0.1172E+02  0.0000E+00  0.0000E+00
     1    21     1     3        0  0.3305E+01  0.7597E+00  0.0000E+00  0.0000E+00
     1    21     1     4        0  0.0000E+00  0.8025E-01  0.0000E+00  0.0000E+00
     1    22     1     1        0  0.5982E+02  0.3347E+02  0.0000E+00  0.0000E+00
     1    22     1     2        0  0.1454E+03  0.7875E+01  0.0000E+00  0.0000E+00
     1    22     1     3        0  0.3055E+01  0.1247E+01  0.0000E+00  0.0000E+00
     1    22     1     4        0  0.0000E+00  0.9306E-01  0.0000E+00  0.0000E+00
     1    23     1     1        0  0.4991E+02  0.7180E+02  0.0000E+00  0.0000E+00
     1    23     1     2        0  0.1475E+03  0.5529E+01  0.0000E+00  0.0000E+00
     1    23     1     3        0  0.2989E+01  0.1389E+01  0.0000E+00  0.0000E+00
     1    23     1     4        0  0.0000E+00  0.1171E+00  0.0000E+00  0.0000E+00
     1    24     1     1        0  0.4874E+02  0.2529E+02  0.0000E+00  0.0000E+00
     1    24     1     2        0  0.1515E+03  0.3870E+01  0.0000E+00  0.0000E+00
     1    24     1     3        0  0.2668E+01  0.5276E+00  0.0000E+00  0.0000E+00
     1    24     1     4        0  0.0000E+00  0.1228E+00  0.0000E+00  0.0000E+00
     1    25     1     1        0  0.4505E+02  0.2393E+02  0.0000E+00  0.0000E+00
     1    25     1     2        0  0.3334E+02  0.8912E+01  0.0000E+00  0.0000E+00
     1    25     1     3        0  0.4958E+00  0.4916E+00  0.0000E+00  0.0000E+00
     1    26     1     1        0  0.4120E+02  0.1441E+02  0.0000E+00  0.0000E+00
     1    26     1     2        0  0.2772E+02  0.2275E+01  0.0000E+00  0.0000E+00
     1    26     1     3        0  0.6159E+00  0.2775E+00  0.0000E+00  0.0000E+00
     1    26     1     4        0  0.0000E+00  0.1199E-01  0.0000E+00  0.0000E+00
     1    27     1     1        0  0.2999E+02  0.8144E+01  0.0000E+00  0.0000E+00
     1    27     1     2        0  0.1249E+03  0.4075E+01  0.0000E+00  0.0000E+00
     1    27     1     3        0  0.7621E+00  0.3207E+00  0.0000E+00  0.0000E+00
     1    27     1     4        0  0.0000E+00  0.5407E-01  0.0000E+00  0.0000E+00
     1    28     1     1        0  0.1940E+02  0.5120E+01  0.0000E+00  0.0000E+00
     1    28     1     2        0  0.1292E+03  0.4154E+01  0.0000E+00  0.0000E+00
     1    28     1     3        0  0.0000E+00  0.1810E+00  0.0000E+00  0.0000E+00
     1    29     1     1        0  0.1271E+02  0.3517E+01  0.0000E+00  0.0000E+00
     1    29     1     2        0  0.7640E+02  0.3239E+01  0.0000E+00  0.0000E+00
     1    29     1     3        0  0.0000E+00  0.8625E-01  0.0000E+00  0.0000E+00
     1    30     1     1        0  0.8843E+01  0.4280E+01  0.0000E+00  0.0000E+00
     1    30     1     2        0  0.1129E+02  0.1277E+01  0.0000E+00  0.0000E+00
     1    30     1     3        0  0.0000E+00  0.3398E-01  0.0000E+00  0.0000E+00
     1    31     1     1        0  0.2226E+02  0.5228E+01  0.0000E+00  0.0000E+00
     1    31     1     2        0  0.5254E+03  0.7670E+01  0.0000E+00  0.0000E+00
     1    31     1     3        0  0.1490E+01  0.4336E+00  0.0000E+00  0.0000E+00
     1    31     1     4        0  0.6042E+01  0.8518E+00  0.0000E+00  0.0000E+00
     1    31     1     5        0  0.0000E+00  0.1331E-01  0.0000E+00  0.0000E+00
     1    32     1     1        0  0.1032E+03  0.7946E+01  0.0000E+00  0.0000E+00
     1    32     1     2        0  0.3271E+06  0.1000E+03  0.0000E+00  0.0000E+00
     1    32     1     3        0  0.2987E+04  0.9250E+01  0.0000E+00  0.0000E+00
     1    32     1     4        0  0.9825E+04  0.2489E+02  0.0000E+00  0.0000E+00
     1    32     1     5        0  0.7031E+03  0.4695E+01  0.0000E+00  0.0000E+00
     1    32     1     6        0  0.1526E+04  0.9085E+01  0.0000E+00  0.0000E+00
     1    32     1     7        0  0.1042E+03  0.2612E+01  0.0000E+00  0.0000E+00
     1    32     1     8        0  0.3882E+03  0.4990E+01  0.0000E+00  0.0000E+00
     1    32     1     9        0  0.2388E+01  0.3802E+00  0.0000E+00  0.0000E+00
     1    32     1    10        0  0.8363E+00  0.2305E+00  0.0000E+00  0.0000E+00
