SUMMARY OF C0NVERGENCE INFORMATION
  STEP   INC  ATT   ITER     CONT.   RESID.        CORR.      RESID.      CORR.
                              EL.    FORCE         DISP       FLUX        TEMP.
                              (#)     (%)           (%)        (%)         (%)
     1     1     1     1        0  0.4386E+04  0.1000E+03  0.0000E+00  0.0000E+00
     1     1     1     2        0  0.2091E+03  0.2983E+02  0.0000E+00  0.0000E+00
     1     1     1     3        0  0.0000E+00  0.2150E+00  0.0000E+00  0.0000E+00
     1     2     1     1        0  0.1151E+03  0.2366E+01  0.0000E+00  0.0000E+00
     1     2     1     2        0  0.0000E+00  0.5537E-01  0.0000E+00  0.0000E+00
     1     3     1     1        0  0.8679E+03  0.4933E+01  0.0000E+00  0.0000E+00
     1     3     1     2        0  0.0000E+00  0.2595E+00  0.0000E+00  0.0000E+00
     1     4     1     1        0  0.2751E+05  0.3456E+02  0.0000E+00  0.0000E+00
     1     4     1     2        0  0.0000E+00  0.4179E+00  0.0000E+00  0.0000E+00
     1     5     1     1        0  0.2928E+04  0.3734E+02  0.0000E+00  0.0000E+00
     1     5     1     2        0  0.1194E+06  0.1000E+03  0.0000E+00  0.0000E+00
     1     5     1     3        0  0.6453E+03  0.1162E+02  0.0000E+00  0.0000E+00
     1     5     1     4        0  0.2490E+05  0.3272E+02  0.0000E+00  0.0000E+00
     1     5     1     5        0  0.6394E+03  0.4985E+01  0.0000E+00  0.0000E+00
     1     5     1     6        0  0.1151E+04  0.6659E+01  0.0000E+00  0.0000E+00
     1     5     1     7        0  0.1019E+02  0.6267E+00  0.0000E+00  0.0000E+00
     1     5     1     8        0  0.0000E+00  0.4324E-01  0.0000E+00  0.0000E+00
     1     6     1     1        0  0.4181E+05  0.1000E+03  0.0000E+00  0.0000E+00
     1     6     1     2        0  0.7319E+04  0.1351E+02  0.0000E+00  0.0000E+00
     1     6     1     3        0  0.1418E+04  0.1688E+02  0.0000E+00  0.0000E+00
     1     6     1     4        0  0.3476E+05  0.9000E+02  0.0000E+00  0.0000E+00
     1     6     1     5        0  0.3242E+04  0.2497E+02  0.0000E+00  0.0000E+00
     1     6     2     1        0  0.4731E+05  0.1000E+03  0.0000E+00  0.0000E+00
     1     6     2     2        0  0.1352E+04  0.1404E+02  0.0000E+00  0.0000E+00
     1     6     2     3        0  0.4894E+04  0.2753E+02  0.0000E+00  0.0000E+00
     1     6     2     4        0  0.1125E+04  0.1315E+02  0.0000E+00  0.0000E+00
     1     6     2     5        0  0.4892E+03  0.8584E+01  0.0000E+00  0.0000E+00
     1     6     2     6        0  0.5183E+02  0.2792E+01  0.0000E+00  0.0000E+00
     1     6     2     7        0  0.0000E+00  0.3678E+00  0.0000E+00  0.0000E+00
     1     7     1     1        0  0.7992E+02  0.9453E+01  0.0000E+00  0.0000E+00
     1     7     1     2        0  0.8426E+02  0.1067E+02  0.0000E+00  0.0000E+00
     1     7     1     3        0  0.0000E+00  0.8295E+00  0.0000E+00  0.0000E+00
     1     8     1     1        0  0.1280E+03  0.1822E+02  0.0000E+00  0.0000E+00
     1     8     1     2        0  0.3277E+02  0.9155E+01  0.0000E+00  0.0000E+00
     1     8     1     3        0  0.0000E+00  0.4252E+00  0.0000E+00  0.0000E+00
     1     9     1     1        0  0.9770E+02  0.1575E+02  0.0000E+00  0.0000E+00
     1     9     1     2        0  0.1170E+02  0.5423E+01  0.0000E+00  0.0000E+00
     1     9     1     3        0  0.0000E+00  0.1328E+00  0.0000E+00  0.0000E+00
     1    10     1     1        0  0.1116E+03  0.1511E+02  0.0000E+00  0.0000E+00
     1    10     1     2        0  0.2344E+02  0.4936E+01  0.0000E+00  0.0000E+00
     1    10     1     3        0  0.0000E+00  0.1047E+00  0.0000E+00  0.0000E+00
     1    11     1     1        0  0.1290E+03  0.1386E+02  0.0000E+00  0.0000E+00
     1    11     1     2        0  0.1400E+03  0.1331E+02  0.0000E+00  0.0000E+00
     1    11     1     3        0  0.0000E+00  0.8076E+00  0.0000E+00  0.0000E+00
     1    12     1     1        0  0.8893E+02  0.1137E+02  0.0000E+00  0.0000E+00
     1    12     1     2        0  0.1499E+03  0.1260E+02  0.0000E+00  0.0000E+00
     1    12     1     3        0  0.0000E+00  0.6944E+00  0.0000E+00  0.0000E+00
     1    13     1     1        0  0.4980E+02  0.8371E+01  0.0000E+00  0.0000E+00
     1    13     1     2        0  0.5374E+02  0.6385E+01  0.0000E+00  0.0000E+00
     1    13     1     3        0  0.0000E+00  0.1702E+00  0.0000E+00  0.0000E+00
     1    14     1     1        0  0.3527E+02  0.6753E+01  0.0000E+00  0.0000E+00
     1    14     1     2        0  0.1647E+02  0.3230E+01  0.0000E+00  0.0000E+00
     1    14     1     3        0  0.0000E+00  0.4090E-01  0.0000E+00  0.0000E+00
     1    15     1     1        0  0.2503E+02  0.5414E+01  0.0000E+00  0.0000E+00
     1    15     1     2        0  0.5817E+01  0.1862E+01  0.0000E+00  0.0000E+00
     1    15     1     3        0  0.0000E+00  0.1201E-01  0.0000E+00  0.0000E+00
     1    16     1     1        0  0.1784E+02  0.4326E+01  0.0000E+00  0.0000E+00
     1    16     1     2        0  0.2293E+01  0.1121E+01  0.0000E+00  0.0000E+00
     1    16     1     3        0  0.0000E+00  0.4171E-02  0.0000E+00  0.0000E+00
     1    17     1     1        0  0.1270E+02  0.3452E+01  0.0000E+00  0.0000E+00
     1    17     1     2        0  0.9681E+00  0.6914E+00  0.0000E+00  0.0000E+00
     1    17     1     3        0  0.0000E+00  0.1570E-02  0.0000E+00  0.0000E+00
     1    18     1     1        0  0.9666E+01  0.2928E+01  0.0000E+00  0.0000E+00
     1    18     1     2        0  0.4895E+00  0.4534E+00  0.0000E+00  0.0000E+00
     1    19     1     1        0  0.7257E+01  0.2482E+01  0.0000E+00  0.0000E+00
     1    19     1     2        0  0.0000E+00  0.3134E+00  0.0000E+00  0.0000E+00
     1    20     1     1        0  0.5483E+01  0.2203E+01  0.0000E+00  0.0000E+00
     1    20     1     2        0  0.0000E+00  0.2381E+00  0.0000E+00  0.0000E+00
     1    21     1     1        0  0.4226E+01  0.2039E+01  0.0000E+00  0.0000E+00
     1    21     1     2        0  0.0000E+00  0.1848E+00  0.0000E+00  0.0000E+00
     1    22     1     1        0  0.3293E+01  0.2208E+01  0.0000E+00  0.0000E+00
     1    22     1     2        0  0.0000E+00  0.1518E+00  0.0000E+00  0.0000E+00
     1    23     1     1        0  0.2599E+01  0.2635E+01  0.0000E+00  0.0000E+00
     1    23     1     2        0  0.0000E+00  0.1257E+00  0.0000E+00  0.0000E+00
     1    24     1     1        0  0.2731E+00  0.2381E+01  0.0000E+00  0.0000E+00
     1    24     1     2        0  0.0000E+00  0.3000E-01  0.0000E+00  0.0000E+00
