SUMMARY OF C0NVERGENCE INFORMATION
  STEP   INC  ATT   ITER     CONT.   RESID.        CORR.      RESID.      CORR.
                              EL.    FORCE         DISP       FLUX        TEMP.
                              (#)     (%)           (%)        (%)         (%)
     1     1     1     1        0  0.1149E+04  0.1000E+03  0.0000E+00  0.0000E+00
     1     1     1     2        0  0.1982E+02  0.9514E+01  0.0000E+00  0.0000E+00
     1     1     1     3        0  0.0000E+00  0.1365E-01  0.0000E+00  0.0000E+00
     1     2     1     1        0  0.0000E+00  0.6393E+00  0.0000E+00  0.0000E+00
     1     2     1     2        0  0.0000E+00  0.2916E-02  0.0000E+00  0.0000E+00
     1     3     1     1        0  0.2561E+02  0.1149E+01  0.0000E+00  0.0000E+00
     1     3     1     2        0  0.0000E+00  0.2154E-01  0.0000E+00  0.0000E+00
     1     4     1     1        0  0.2990E+04  0.5571E+01  0.0000E+00  0.0000E+00
     1     4     1     2        0  0.1106E+03  0.1068E+01  0.0000E+00  0.0000E+00
     1     4     1     3        0  0.5667E+01  0.2419E+00  0.0000E+00  0.0000E+00
     1     4     1     4        0  0.0000E+00  0.2211E-02  0.0000E+00  0.0000E+00
     1     5     1     1        0  0.3015E+05  0.2220E+02  0.0000E+00  0.0000E+00
     1     5     1     2        0  0.3083E+03  0.2101E+01  0.0000E+00  0.0000E+00
     1     5     1     3        0  0.2676E+04  0.6218E+01  0.0000E+00  0.0000E+00
     1     5     1     4        0  0.6934E+01  0.3163E+00  0.0000E+00  0.0000E+00
     1     5     1     5        0  0.0000E+00  0.7099E-01  0.0000E+00  0.0000E+00
     1     6     1     1        0  0.7309E+05  0.4723E+02  0.0000E+00  0.0000E+00
     1     6     1     2        0  0.2683E+04  0.7650E+01  0.0000E+00  0.0000E+00
     1     6     1     3        0  0.7766E+05  0.4893E+02  0.0000E+00  0.0000E+00
     1     6     1     4        0  0.3927E+03  0.2862E+01  0.0000E+00  0.0000E+00
     1     6     1     5        0  0.9820E+04  0.1484E+02  0.0000E+00  0.0000E+00
     1     6     1     6        0  0.3681E+02  0.8943E+00  0.0000E+00  0.0000E+00
     1     6     1     7        0  0.7710E+01  0.4099E+00  0.0000E+00  0.0000E+00
     1     6     1     8        0  0.0000E+00  0.6905E-03  0.0000E+00  0.0000E+00
     1     7     1     1        0  0.3573E+05  0.1000E+03  0.0000E+00  0.0000E+00
     1     7     1     2        0  0.5299E+05  0.1000E+03  0.0000E+00  0.0000E+00
     1     7     1     3        0  0.2266E+04  0.1761E+02  0.0000E+00  0.0000E+00
     1     7     1     4        0  0.2060E+04  0.1826E+02  0.0000E+00  0.0000E+00
     1     7     1     5        0  0.2681E+02  0.2116E+01  0.0000E+00  0.0000E+00
     1     7     1     6        0  0.0000E+00  0.1109E+00  0.0000E+00  0.0000E+00
     1     8     1     1        0  0.1227E+05  0.2384E+02  0.0000E+00  0.0000E+00
     1     8     1     2        0  0.1665E+05  0.3214E+02  0.0000E+00  0.0000E+00
     1     8     1     3        0  0.3099E+04  0.1455E+02  0.0000E+00  0.0000E+00
     1     8     1     4        0  0.4875E+03  0.5693E+01  0.0000E+00  0.0000E+00
     1     8     1     5        0  0.7335E+01  0.6985E+00  0.0000E+00  0.0000E+00
     1     8     1     6        0  0.0000E+00  0.1171E-01  0.0000E+00  0.0000E+00
     1     9     1     1        0  0.1407E+03  0.2343E+02  0.0000E+00  0.0000E+00
     1     9     1     2        0  0.8606E+01  0.3760E+01  0.0000E+00  0.0000E+00
     1     9     1     3        0  0.2464E+01  0.6821E+01  0.0000E+00  0.0000E+00
     1     9     1     4        0  0.0000E+00  0.1282E+01  0.0000E+00  0.0000E+00
     1    10     1     1        0  0.1365E+07  0.1000E+03  0.0000E+00  0.0000E+00
     1    10     1     2        0  0.4525E+07  0.1000E+03  0.0000E+00  0.0000E+00
     1    10     1     3        0  0.1146E+08  0.1000E+03  0.0000E+00  0.0000E+00
     1    10     1     4        0  0.5243E+08  0.1000E+03  0.0000E+00  0.0000E+00
     1    10     2     1        0  0.1895E+02  0.8022E+02  0.0000E+00  0.0000E+00
     1    10     2     2        0  0.0000E+00  0.9792E+01  0.0000E+00  0.0000E+00
     1    11     1     1        0  0.0000E+00  0.1896E+02  0.0000E+00  0.0000E+00
     1    11     1     2        0  0.0000E+00  0.1496E+02  0.0000E+00  0.0000E+00
     1    12     1     1        0  0.0000E+00  0.1273E+02  0.0000E+00  0.0000E+00
     1    12     1     2        0  0.0000E+00  0.1985E+01  0.0000E+00  0.0000E+00
     1    13     1     1        0  0.1397E+01  0.1191E+02  0.0000E+00  0.0000E+00
     1    13     1     2        0  0.0000E+00  0.6669E+01  0.0000E+00  0.0000E+00
     1    14     1     1        0  0.4400E+01  0.2685E+02  0.0000E+00  0.0000E+00
     1    14     1     2        0  0.5740E+00  0.4994E+01  0.0000E+00  0.0000E+00
     1    14     1     3        0  0.0000E+00  0.2676E+00  0.0000E+00  0.0000E+00
     1    15     1     1        0  0.6317E+01  0.5905E+02  0.0000E+00  0.0000E+00
     1    15     1     2        0  0.0000E+00  0.8707E+01  0.0000E+00  0.0000E+00
     1    16     1     1        0  0.1972E+02  0.1894E+02  0.0000E+00  0.0000E+00
     1    16     1     2        0  0.0000E+00  0.6118E+01  0.0000E+00  0.0000E+00
     1    17     1     1        0  0.8073E+02  0.1222E+02  0.0000E+00  0.0000E+00
     1    17     1     2        0  0.0000E+00  0.1961E+01  0.0000E+00  0.0000E+00
     1    18     1     1        0  0.9541E+03  0.1153E+02  0.0000E+00  0.0000E+00
     1    18     1     2        0  0.1787E+02  0.1585E+01  0.0000E+00  0.0000E+00
     1    18     1     3        0  0.2703E+01  0.6103E+00  0.0000E+00  0.0000E+00
     1    18     1     4        0  0.0000E+00  0.9521E-02  0.0000E+00  0.0000E+00
     1    19     1     1        0  0.1567E+05  0.4866E+02  0.0000E+00  0.0000E+00
     1    19     1     2        0  0.1073E+03  0.3597E+01  0.0000E+00  0.0000E+00
     1    19     1     3        0  0.3197E+04  0.2238E+02  0.0000E+00  0.0000E+00
     1    19     1     4        0  0.5030E+01  0.1305E+01  0.0000E+00  0.0000E+00
     1    19     1     5        0  0.1420E+02  0.1416E+01  0.0000E+00  0.0000E+00
     1    19     1     6        0  0.0000E+00  0.5238E-01  0.0000E+00  0.0000E+00
     1    20     1     1        0  0.2881E+03  0.9052E+01  0.0000E+00  0.0000E+00
     1    20     1     2        0  0.9644E+05  0.1000E+03  0.0000E+00  0.0000E+00
     1    20     1     3        0  0.5581E+03  0.3293E+02  0.0000E+00  0.0000E+00
     1    20     1     4        0  0.1121E+05  0.3897E+02  0.0000E+00  0.0000E+00
     1    20     1     5        0  0.3655E+03  0.5822E+01  0.0000E+00  0.0000E+00
     1    20     1     6        0  0.3178E+05  0.4657E+02  0.0000E+00  0.0000E+00
     1    20     1     7        0  0.9834E+02  0.4437E+01  0.0000E+00  0.0000E+00
     1    20     1     8        0  0.7537E+04  0.2505E+02  0.0000E+00  0.0000E+00
     1    20     1     9        0  0.1194E+03  0.3143E+01  0.0000E+00  0.0000E+00
     1    20     2     1        0  0.3242E+03  0.2846E+02  0.0000E+00  0.0000E+00
     1    20     2     2        0  0.5273E+04  0.1000E+03  0.0000E+00  0.0000E+00
     1    20     2     3        0  0.2059E+02  0.7624E+01  0.0000E+00  0.0000E+00
     1    20     2     4        0  0.9740E+02  0.1371E+02  0.0000E+00  0.0000E+00
     1    20     2     5        0  0.0000E+00  0.6274E+00  0.0000E+00  0.0000E+00
     1    21     1     1        0  0.1722E+02  0.1655E+02  0.0000E+00  0.0000E+00
     1    21     1     2        0  0.7133E+02  0.9438E+01  0.0000E+00  0.0000E+00
     1    21     1     3        0  0.3613E+00  0.7263E+00  0.0000E+00  0.0000E+00
     1    22     1     1        0  0.2017E+02  0.1273E+02  0.0000E+00  0.0000E+00
     1    22     1     2        0  0.1165E+03  0.1520E+02  0.0000E+00  0.0000E+00
     1    22     1     3        0  0.7744E+00  0.1176E+01  0.0000E+00  0.0000E+00
     1    22     1     4        0  0.0000E+00  0.9434E-01  0.0000E+00  0.0000E+00
     1    23     1     1        0  0.2765E+02  0.1190E+02  0.0000E+00  0.0000E+00
     1    23     1     2        0  0.1172E+03  0.1382E+02  0.0000E+00  0.0000E+00
     1    23     1     3        0  0.6568E+00  0.8842E+00  0.0000E+00  0.0000E+00
     1    23     1     4        0  0.0000E+00  0.6604E-01  0.0000E+00  0.0000E+00
     1    24     1     1        0  0.4788E+02  0.1219E+02  0.0000E+00  0.0000E+00
     1    24     1     2        0  0.1803E+03  0.1369E+02  0.0000E+00  0.0000E+00
     1    24     1     3        0  0.1531E+01  0.9318E+00  0.0000E+00  0.0000E+00
     1    24     1     4        0  0.0000E+00  0.1052E+00  0.0000E+00  0.0000E+00
     1    25     1     1        0  0.9069E+02  0.1374E+02  0.0000E+00  0.0000E+00
     1    25     1     2        0  0.2729E+03  0.1300E+02  0.0000E+00  0.0000E+00
     1    25     1     3        0  0.4409E+01  0.1080E+01  0.0000E+00  0.0000E+00
     1    25     1     4        0  0.0000E+00  0.1977E+00  0.0000E+00  0.0000E+00
     1    26     1     1        0  0.3436E+03  0.1335E+02  0.0000E+00  0.0000E+00
     1    26     1     2        0  0.4220E+03  0.1103E+02  0.0000E+00  0.0000E+00
     1    26     1     3        0  0.9383E+01  0.1389E+01  0.0000E+00  0.0000E+00
     1    26     1     4        0  0.2937E+00  0.2425E+00  0.0000E+00  0.0000E+00
     1    27     1     1        0  0.6320E+02  0.1130E+02  0.0000E+00  0.0000E+00
     1    27     1     2        0  0.8313E+02  0.8715E+01  0.0000E+00  0.0000E+00
     1    27     1     3        0  0.6541E+00  0.3763E+00  0.0000E+00  0.0000E+00
     1    27     1     4        0  0.0000E+00  0.2040E-01  0.0000E+00  0.0000E+00
     1    28     1     1        0  0.5933E+01  0.4894E+01  0.0000E+00  0.0000E+00
     1    28     1     2        0  0.1593E+01  0.2543E+01  0.0000E+00  0.0000E+00
     1    28     1     3        0  0.0000E+00  0.1174E-01  0.0000E+00  0.0000E+00
