SUMMARY OF JOB INFORMATION
  STEP      INC     ATT  ITRS     TOT TIME     STEP TIME      INC TIME
     1          1     1     2  0.250000E-01  0.250000E-01  0.250000E-01
     1          2     1     2  0.500000E-01  0.500000E-01  0.250000E-01
     1          3     1     2  0.875000E-01  0.875000E-01  0.375000E-01
     1          4     1     3  0.137500E+00  0.137500E+00  0.500000E-01
     1          5     1     5  0.187500E+00  0.187500E+00  0.500000E-01
     1          6     1U    6  0.187500E+00  0.187500E+00  0.500000E-01
     1          6     2     3  0.200000E+00  0.200000E+00  0.125000E-01
     1          7     1     2  0.212500E+00  0.212500E+00  0.125000E-01
     1          8     1     3  0.231250E+00  0.231250E+00  0.187500E-01
     1          9     1     7  0.259375E+00  0.259375E+00  0.281250E-01
     1         10     1     4  0.287500E+00  0.287500E+00  0.281250E-01
     1         11     1     4  0.315625E+00  0.315625E+00  0.281250E-01
     1         12     1     3  0.357813E+00  0.357813E+00  0.421875E-01
     1         13     1     4  0.407813E+00  0.407813E+00  0.500000E-01
     1         14     1     4  0.457813E+00  0.457813E+00  0.500000E-01
     1         15     1     2  0.507812E+00  0.507812E+00  0.500000E-01
     1         16     1U    4  0.507812E+00  0.507812E+00  0.500000E-01
     1         16     2     2  0.520312E+00  0.520312E+00  0.125000E-01
     1         17     1     2  0.532812E+00  0.532812E+00  0.125000E-01
     1         18     1     2  0.551562E+00  0.551562E+00  0.187500E-01
     1         19     1     2  0.579687E+00  0.579687E+00  0.281250E-01
     1         20     1     3  0.621875E+00  0.621875E+00  0.421875E-01
     1         21     1     3  0.671875E+00  0.671875E+00  0.500000E-01
     1         22     1     4  0.721875E+00  0.721875E+00  0.500000E-01
     1         23     1     4  0.771875E+00  0.771875E+00  0.500000E-01
     1         24     1     9  0.821875E+00  0.821875E+00  0.500000E-01
     1         25     1U    4  0.821875E+00  0.821875E+00  0.500000E-01
     1         25     2     5  0.834375E+00  0.834375E+00  0.125000E-01
     1         26     1     3  0.846875E+00  0.846875E+00  0.125000E-01
     1         27     1     3  0.859375E+00  0.859375E+00  0.125000E-01
     1         28     1     3  0.878125E+00  0.878125E+00  0.187500E-01
     1         29     1     3  0.906250E+00  0.906250E+00  0.281250E-01
     1         30     1     3  0.948438E+00  0.948438E+00  0.421875E-01
     1         31     1     3  0.998438E+00  0.998438E+00  0.500000E-01
     1         32     1     2  0.100000E+01  0.100000E+01  0.156250E-02
