SUMMARY OF C0NVERGENCE INFORMATION
  STEP   INC  ATT   ITER     CONT.   RESID.        CORR.      RESID.      CORR.
                              EL.    FORCE         DISP       FLUX        TEMP.
                              (#)     (%)           (%)        (%)         (%)
     1     1     1     1        0  0.4610E+04  0.1000E+03  0.0000E+00  0.0000E+00
     1     1     1     2        0  0.1632E+03  0.2946E+02  0.0000E+00  0.0000E+00
     1     1     1     3        0  0.0000E+00  0.1463E+00  0.0000E+00  0.0000E+00
     1     2     1     1        0  0.3155E+02  0.1710E+01  0.0000E+00  0.0000E+00
     1     2     1     2        0  0.0000E+00  0.1424E-01  0.0000E+00  0.0000E+00
     1     3     1     1        0  0.4439E+03  0.3034E+01  0.0000E+00  0.0000E+00
     1     3     1     2        0  0.0000E+00  0.1425E+00  0.0000E+00  0.0000E+00
     1     4     1     1        0  0.1293E+06  0.8469E+02  0.0000E+00  0.0000E+00
     1     4     1     2        0  0.4293E+03  0.3372E+01  0.0000E+00  0.0000E+00
     1     4     1     3        0  0.4086E+05  0.2827E+02  0.0000E+00  0.0000E+00
     1     4     1     4        0  0.7396E+03  0.3378E+01  0.0000E+00  0.0000E+00
     1     4     2     1        0  0.1707E+03  0.5716E+01  0.0000E+00  0.0000E+00
     1     4     2     2        0  0.0000E+00  0.1803E-01  0.0000E+00  0.0000E+00
     1     5     1     1        0  0.2942E+03  0.8101E+01  0.0000E+00  0.0000E+00
     1     5     1     2        0  0.0000E+00  0.3630E+00  0.0000E+00  0.0000E+00
     1     6     1     1        0  0.4294E+04  0.2232E+02  0.0000E+00  0.0000E+00
     1     6     1     2        0  0.5966E+03  0.8319E+01  0.0000E+00  0.0000E+00
     1     6     1     3        0  0.1342E+03  0.3947E+01  0.0000E+00  0.0000E+00
     1     6     1     4        0  0.0000E+00  0.2112E+00  0.0000E+00  0.0000E+00
     1     7     1     1        0  0.9484E+03  0.2101E+02  0.0000E+00  0.0000E+00
     1     7     1     2        0  0.8634E+05  0.8743E+02  0.0000E+00  0.0000E+00
     1     7     1     3        0  0.4659E+03  0.5431E+01  0.0000E+00  0.0000E+00
     1     7     1     4        0  0.9336E+04  0.2476E+02  0.0000E+00  0.0000E+00
     1     7     1     5        0  0.2015E+03  0.3602E+01  0.0000E+00  0.0000E+00
     1     7     1     6        0  0.6340E+02  0.2017E+01  0.0000E+00  0.0000E+00
     1     7     1     7        0  0.0000E+00  0.5472E-01  0.0000E+00  0.0000E+00
     1     8     1     1        0  0.1652E+05  0.9826E+02  0.0000E+00  0.0000E+00
     1     8     1     2        0  0.5561E+04  0.1926E+02  0.0000E+00  0.0000E+00
     1     8     1     3        0  0.1580E+06  0.1000E+03  0.0000E+00  0.0000E+00
     1     8     1     4        0  0.3964E+05  0.1983E+02  0.0000E+00  0.0000E+00
     1     8     2     1        0  0.9016E+03  0.8531E+02  0.0000E+00  0.0000E+00
     1     8     2     2        0  0.1134E+03  0.1043E+02  0.0000E+00  0.0000E+00
     1     8     2     3        0  0.0000E+00  0.2310E+00  0.0000E+00  0.0000E+00
     1     9     1     1        0  0.3072E+04  0.1000E+03  0.0000E+00  0.0000E+00
     1     9     1     2        0  0.0000E+00  0.1453E+01  0.0000E+00  0.0000E+00
     1    10     1     1        0  0.1428E+03  0.9081E+01  0.0000E+00  0.0000E+00
     1    10     1     2        0  0.1975E+03  0.1201E+02  0.0000E+00  0.0000E+00
     1    10     1     3        0  0.2278E+01  0.1301E+01  0.0000E+00  0.0000E+00
     1    10     1     4        0  0.0000E+00  0.2941E-01  0.0000E+00  0.0000E+00
     1    11     1     1        0  0.5057E+03  0.1774E+02  0.0000E+00  0.0000E+00
     1    11     1     2        0  0.3867E+03  0.1579E+02  0.0000E+00  0.0000E+00
     1    11     1     3        0  0.6150E+01  0.2003E+01  0.0000E+00  0.0000E+00
     1    11     1     4        0  0.0000E+00  0.5534E-01  0.0000E+00  0.0000E+00
     1    12     1     1        0  0.3817E+03  0.1729E+02  0.0000E+00  0.0000E+00
     1    12     1     2        0  0.1230E+03  0.9997E+01  0.0000E+00  0.0000E+00
     1    12     1     3        0  0.0000E+00  0.5992E+00  0.0000E+00  0.0000E+00
     1    13     1     1        0  0.3208E+03  0.1555E+02  0.0000E+00  0.0000E+00
     1    13     1     2        0  0.5007E+03  0.1703E+02  0.0000E+00  0.0000E+00
     1    13     1     3        0  0.1060E+01  0.1539E+01  0.0000E+00  0.0000E+00
     1    13     1     4        0  0.0000E+00  0.8745E-01  0.0000E+00  0.0000E+00
     1    14     1     1        0  0.2685E+03  0.1214E+02  0.0000E+00  0.0000E+00
     1    14     1     2        0  0.7594E+03  0.1584E+02  0.0000E+00  0.0000E+00
     1    14     1     3        0  0.1740E+01  0.1532E+01  0.0000E+00  0.0000E+00
     1    14     1     4        0  0.0000E+00  0.9030E-01  0.0000E+00  0.0000E+00
     1    15     1     1        0  0.1569E+03  0.8584E+01  0.0000E+00  0.0000E+00
     1    15     1     2        0  0.2716E+03  0.8078E+01  0.0000E+00  0.0000E+00
     1    15     1     3        0  0.0000E+00  0.3742E+00  0.0000E+00  0.0000E+00
     1    16     1     1        0  0.8851E+02  0.6364E+01  0.0000E+00  0.0000E+00
     1    16     1     2        0  0.7038E+02  0.3879E+01  0.0000E+00  0.0000E+00
     1    16     1     3        0  0.0000E+00  0.7507E-01  0.0000E+00  0.0000E+00
     1    17     1     1        0  0.5869E+02  0.4767E+01  0.0000E+00  0.0000E+00
     1    17     1     2        0  0.2086E+02  0.2005E+01  0.0000E+00  0.0000E+00
     1    17     1     3        0  0.0000E+00  0.1918E-01  0.0000E+00  0.0000E+00
     1    18     1     1        0  0.4183E+02  0.3724E+01  0.0000E+00  0.0000E+00
     1    18     1     2        0  0.8007E+01  0.1122E+01  0.0000E+00  0.0000E+00
     1    18     1     3        0  0.0000E+00  0.5975E-02  0.0000E+00  0.0000E+00
     1    19     1     1        0  0.2894E+02  0.3138E+01  0.0000E+00  0.0000E+00
     1    19     1     2        0  0.3208E+01  0.6910E+00  0.0000E+00  0.0000E+00
     1    19     1     3        0  0.0000E+00  0.2091E-02  0.0000E+00  0.0000E+00
     1    20     1     1        0  0.2058E+02  0.3491E+01  0.0000E+00  0.0000E+00
     1    20     1     2        0  0.1463E+01  0.4915E+00  0.0000E+00  0.0000E+00
     1    20     1     3        0  0.0000E+00  0.1243E-02  0.0000E+00  0.0000E+00
     1    21     1     1        0  0.1474E+02  0.5189E+01  0.0000E+00  0.0000E+00
     1    21     1     2        0  0.7105E+00  0.3746E+00  0.0000E+00  0.0000E+00
     1    21     1     3        0  0.0000E+00  0.6802E-03  0.0000E+00  0.0000E+00
     1    22     1     1        0  0.1077E+02  0.6852E+01  0.0000E+00  0.0000E+00
     1    22     1     2        0  0.3719E+00  0.2906E+00  0.0000E+00  0.0000E+00
     1    23     1     1        0  0.8233E+01  0.7050E+01  0.0000E+00  0.0000E+00
     1    23     1     2        0  0.0000E+00  0.2242E+00  0.0000E+00  0.0000E+00
     1    24     1     1        0  0.6651E+01  0.4331E+01  0.0000E+00  0.0000E+00
     1    24     1     2        0  0.0000E+00  0.1733E+00  0.0000E+00  0.0000E+00
     1    25     1     1        0  0.5455E+01  0.1886E+01  0.0000E+00  0.0000E+00
     1    25     1     2        0  0.0000E+00  0.1736E+00  0.0000E+00  0.0000E+00
     1    26     1     1        0  0.4535E+01  0.2130E+01  0.0000E+00  0.0000E+00
     1    26     1     2        0  0.0000E+00  0.1195E+00  0.0000E+00  0.0000E+00
     1    27     1     1        0  0.3797E+01  0.2354E+01  0.0000E+00  0.0000E+00
     1    27     1     2        0  0.0000E+00  0.9947E-01  0.0000E+00  0.0000E+00
     1    28     1     1        0  0.1848E+01  0.2069E+01  0.0000E+00  0.0000E+00
     1    28     1     2        0  0.0000E+00  0.6660E-01  0.0000E+00  0.0000E+00
