SUMMARY OF C0NVERGENCE INFORMATION
  STEP   INC  ATT   ITER     CONT.   RESID.        CORR.      RESID.      CORR.
                              EL.    FORCE         DISP       FLUX        TEMP.
                              (#)     (%)           (%)        (%)         (%)
     1     1     1     1        0  0.1166E+04  0.1000E+03  0.0000E+00  0.0000E+00
     1     1     1     2        0  0.0000E+00  0.2370E+00  0.0000E+00  0.0000E+00
     1     2     1     1        0  0.0000E+00  0.3900E+00  0.0000E+00  0.0000E+00
     1     2     1     2        0  0.0000E+00  0.8552E-03  0.0000E+00  0.0000E+00
     1     3     1     1        0  0.0000E+00  0.7113E+00  0.0000E+00  0.0000E+00
     1     3     1     2        0  0.0000E+00  0.6585E-02  0.0000E+00  0.0000E+00
     1     4     1     1        0  0.2290E+03  0.1788E+01  0.0000E+00  0.0000E+00
     1     4     1     2        0  0.6737E+01  0.2507E+00  0.0000E+00  0.0000E+00
     1     4     1     3        0  0.0000E+00  0.3158E-02  0.0000E+00  0.0000E+00
     1     5     1     1        0  0.4331E+04  0.7490E+01  0.0000E+00  0.0000E+00
     1     5     1     2        0  0.1522E+04  0.4394E+01  0.0000E+00  0.0000E+00
     1     5     1     3        0  0.6259E+03  0.2811E+01  0.0000E+00  0.0000E+00
     1     5     1     4        0  0.2828E+02  0.5977E+00  0.0000E+00  0.0000E+00
     1     5     1     5        0  0.0000E+00  0.4427E-01  0.0000E+00  0.0000E+00
     1     6     1     1        0  0.1184E+05  0.4045E+02  0.0000E+00  0.0000E+00
     1     6     1     2        0  0.4839E+04  0.9284E+01  0.0000E+00  0.0000E+00
     1     6     1     3        0  0.5832E+04  0.3029E+02  0.0000E+00  0.0000E+00
     1     6     1     4        0  0.2454E+03  0.4032E+01  0.0000E+00  0.0000E+00
     1     6     1     5        0  0.2968E+04  0.2117E+02  0.0000E+00  0.0000E+00
     1     6     1     6        0  0.5939E+04  0.2993E+02  0.0000E+00  0.0000E+00
     1     6     2     1        0  0.1166E+04  0.1687E+02  0.0000E+00  0.0000E+00
     1     6     2     2        0  0.1399E+02  0.1842E+01  0.0000E+00  0.0000E+00
     1     6     2     3        0  0.0000E+00  0.1863E+00  0.0000E+00  0.0000E+00
     1     7     1     1        0  0.7626E+02  0.5784E+01  0.0000E+00  0.0000E+00
     1     7     1     2        0  0.0000E+00  0.7411E-01  0.0000E+00  0.0000E+00
     1     8     1     1        0  0.6529E+03  0.2834E+02  0.0000E+00  0.0000E+00
     1     8     1     2        0  0.9542E+01  0.3452E+01  0.0000E+00  0.0000E+00
     1     8     1     3        0  0.0000E+00  0.4635E+00  0.0000E+00  0.0000E+00
     1     9     1     1        0  0.4473E+05  0.1000E+03  0.0000E+00  0.0000E+00
     1     9     1     2        0  0.1977E+04  0.1958E+02  0.0000E+00  0.0000E+00
     1     9     1     3        0  0.2308E+04  0.2157E+02  0.0000E+00  0.0000E+00
     1     9     1     4        0  0.2511E+03  0.7132E+01  0.0000E+00  0.0000E+00
     1     9     1     5        0  0.8103E+02  0.3985E+01  0.0000E+00  0.0000E+00
     1     9     1     6        0  0.2321E+01  0.6738E+00  0.0000E+00  0.0000E+00
     1     9     1     7        0  0.0000E+00  0.2343E-01  0.0000E+00  0.0000E+00
     1    10     1     1        0  0.1144E+04  0.1945E+02  0.0000E+00  0.0000E+00
     1    10     1     2        0  0.9781E+03  0.1843E+02  0.0000E+00  0.0000E+00
     1    10     1     3        0  0.2228E+02  0.2814E+01  0.0000E+00  0.0000E+00
     1    10     1     4        0  0.0000E+00  0.1141E+00  0.0000E+00  0.0000E+00
     1    11     1     1        0  0.9296E+03  0.2260E+02  0.0000E+00  0.0000E+00
     1    11     1     2        0  0.6234E+03  0.1885E+02  0.0000E+00  0.0000E+00
     1    11     1     3        0  0.1380E+02  0.2819E+01  0.0000E+00  0.0000E+00
     1    11     1     4        0  0.0000E+00  0.9790E-01  0.0000E+00  0.0000E+00
     1    12     1     1        0  0.3233E+03  0.1335E+02  0.0000E+00  0.0000E+00
     1    12     1     2        0  0.5059E+02  0.5330E+01  0.0000E+00  0.0000E+00
     1    12     1     3        0  0.0000E+00  0.1968E+00  0.0000E+00  0.0000E+00
     1    13     1     1        0  0.1814E+03  0.3204E+02  0.0000E+00  0.0000E+00
     1    13     1     2        0  0.1211E+02  0.7117E+01  0.0000E+00  0.0000E+00
     1    13     1     3        0  0.2258E+02  0.1904E+02  0.0000E+00  0.0000E+00
     1    13     1     4        0  0.0000E+00  0.1910E+01  0.0000E+00  0.0000E+00
     1    14     1     1        0  0.6885E+02  0.1000E+03  0.0000E+00  0.0000E+00
     1    14     1     2        0  0.4679E+01  0.3664E+02  0.0000E+00  0.0000E+00
     1    14     1     3        0  0.5794E+01  0.2427E+02  0.0000E+00  0.0000E+00
     1    14     1     4        0  0.0000E+00  0.1254E+02  0.0000E+00  0.0000E+00
     1    15     1     1        0  0.2859E+02  0.3472E+02  0.0000E+00  0.0000E+00
     1    15     1     2        0  0.0000E+00  0.1064E+02  0.0000E+00  0.0000E+00
     1    16     1     1        0  0.1286E+04  0.1000E+03  0.0000E+00  0.0000E+00
     1    16     1     2        0  0.2142E+02  0.7589E+01  0.0000E+00  0.0000E+00
     1    16     1     3        0  0.1498E+03  0.3075E+02  0.0000E+00  0.0000E+00
     1    16     1     4        0  0.7321E+02  0.2441E+02  0.0000E+00  0.0000E+00
     1    16     2     1        0  0.0000E+00  0.6170E+01  0.0000E+00  0.0000E+00
     1    16     2     2        0  0.0000E+00  0.1014E+00  0.0000E+00  0.0000E+00
     1    17     1     1        0  0.0000E+00  0.6981E+01  0.0000E+00  0.0000E+00
     1    17     1     2        0  0.0000E+00  0.1450E+00  0.0000E+00  0.0000E+00
     1    18     1     1        0  0.2241E+01  0.1955E+02  0.0000E+00  0.0000E+00
     1    18     1     2        0  0.0000E+00  0.1010E+01  0.0000E+00  0.0000E+00
     1    19     1     1        0  0.1602E+02  0.3553E+02  0.0000E+00  0.0000E+00
     1    19     1     2        0  0.0000E+00  0.5652E+01  0.0000E+00  0.0000E+00
     1    20     1     1        0  0.4276E+02  0.7734E+01  0.0000E+00  0.0000E+00
     1    20     1     2        0  0.3705E+01  0.1055E+02  0.0000E+00  0.0000E+00
     1    20     1     3        0  0.0000E+00  0.1638E+01  0.0000E+00  0.0000E+00
     1    21     1     1        0  0.2597E+03  0.8699E+01  0.0000E+00  0.0000E+00
     1    21     1     2        0  0.3202E+01  0.8058E+01  0.0000E+00  0.0000E+00
     1    21     1     3        0  0.0000E+00  0.1067E+01  0.0000E+00  0.0000E+00
     1    22     1     1        0  0.6312E+03  0.8504E+01  0.0000E+00  0.0000E+00
     1    22     1     2        0  0.1259E+03  0.3897E+01  0.0000E+00  0.0000E+00
     1    22     1     3        0  0.9408E+00  0.3355E+00  0.0000E+00  0.0000E+00
     1    22     1     4        0  0.0000E+00  0.7001E-02  0.0000E+00  0.0000E+00
     1    23     1     1        0  0.3657E+03  0.6703E+01  0.0000E+00  0.0000E+00
     1    23     1     2        0  0.1522E+04  0.1405E+02  0.0000E+00  0.0000E+00
     1    23     1     3        0  0.8148E+00  0.3294E+00  0.0000E+00  0.0000E+00
     1    23     1     4        0  0.0000E+00  0.7656E-01  0.0000E+00  0.0000E+00
     1    24     1     1        0  0.1795E+03  0.7887E+02  0.0000E+00  0.0000E+00
     1    24     1     2        0  0.4037E+04  0.7676E+02  0.0000E+00  0.0000E+00
     1    24     1     3        0  0.4581E+03  0.1000E+03  0.0000E+00  0.0000E+00
     1    24     1     4        0  0.6221E+03  0.8662E+02  0.0000E+00  0.0000E+00
     1    24     1     5        0  0.2051E+03  0.5246E+02  0.0000E+00  0.0000E+00
     1    24     1     6        0  0.8601E+03  0.1000E+03  0.0000E+00  0.0000E+00
     1    24     1     7        0  0.9443E+02  0.1299E+02  0.0000E+00  0.0000E+00
     1    24     1     8        0  0.4152E+02  0.7806E+01  0.0000E+00  0.0000E+00
     1    24     1     9        0  0.0000E+00  0.1626E+00  0.0000E+00  0.0000E+00
     1    25     1     1        0  0.2674E+04  0.7672E+02  0.0000E+00  0.0000E+00
     1    25     1     2        0  0.2192E+06  0.1000E+03  0.0000E+00  0.0000E+00
     1    25     1     3        0  0.2647E+07  0.1000E+03  0.0000E+00  0.0000E+00
     1    25     1     4        0  0.6431E+07  0.1000E+03  0.0000E+00  0.0000E+00
     1    25     2     1        0  0.2111E+03  0.3916E+02  0.0000E+00  0.0000E+00
     1    25     2     2        0  0.2418E+03  0.5350E+02  0.0000E+00  0.0000E+00
     1    25     2     3        0  0.5107E+02  0.1553E+02  0.0000E+00  0.0000E+00
     1    25     2     4        0  0.6860E+01  0.9646E+01  0.0000E+00  0.0000E+00
     1    25     2     5        0  0.0000E+00  0.8302E+00  0.0000E+00  0.0000E+00
     1    26     1     1        0  0.8807E+01  0.7136E+01  0.0000E+00  0.0000E+00
     1    26     1     2        0  0.2586E+02  0.7968E+01  0.0000E+00  0.0000E+00
     1    26     1     3        0  0.0000E+00  0.2893E+00  0.0000E+00  0.0000E+00
     1    27     1     1        0  0.6241E+01  0.4826E+01  0.0000E+00  0.0000E+00
     1    27     1     2        0  0.1096E+02  0.5363E+01  0.0000E+00  0.0000E+00
     1    27     1     3        0  0.0000E+00  0.1110E+00  0.0000E+00  0.0000E+00
     1    28     1     1        0  0.1021E+02  0.4683E+01  0.0000E+00  0.0000E+00
     1    28     1     2        0  0.1969E+02  0.5341E+01  0.0000E+00  0.0000E+00
     1    28     1     3        0  0.0000E+00  0.1305E+00  0.0000E+00  0.0000E+00
     1    29     1     1        0  0.2097E+02  0.6189E+01  0.0000E+00  0.0000E+00
     1    29     1     2        0  0.4946E+02  0.6479E+01  0.0000E+00  0.0000E+00
     1    29     1     3        0  0.0000E+00  0.2190E+00  0.0000E+00  0.0000E+00
     1    30     1     1        0  0.4057E+02  0.7861E+01  0.0000E+00  0.0000E+00
     1    30     1     2        0  0.1033E+03  0.7492E+01  0.0000E+00  0.0000E+00
     1    30     1     3        0  0.3753E+00  0.3223E+00  0.0000E+00  0.0000E+00
     1    31     1     1        0  0.4547E+02  0.7817E+01  0.0000E+00  0.0000E+00
     1    31     1     2        0  0.9044E+02  0.6931E+01  0.0000E+00  0.0000E+00
     1    31     1     3        0  0.2850E+00  0.2606E+00  0.0000E+00  0.0000E+00
     1    32     1     1        0  0.0000E+00  0.3117E+01  0.0000E+00  0.0000E+00
     1    32     1     2        0  0.0000E+00  0.2073E+00  0.0000E+00  0.0000E+00
