SUMMARY OF JOB INFORMATION
  STEP      INC     ATT  ITRS     TOT TIME     STEP TIME      INC TIME
     1          1     1     3  0.250000E-01  0.250000E-01  0.250000E-01
     1          2     1     2  0.500000E-01  0.500000E-01  0.250000E-01
     1          3     1     2  0.875000E-01  0.875000E-01  0.375000E-01
     1          4     1U    4  0.875000E-01  0.875000E-01  0.500000E-01
     1          4     2     2  0.100000E+00  0.100000E+00  0.125000E-01
     1          5     1     2  0.112500E+00  0.112500E+00  0.125000E-01
     1          6     1     4  0.131250E+00  0.131250E+00  0.187500E-01
     1          7     1     7  0.159375E+00  0.159375E+00  0.281250E-01
     1          8     1U    4  0.159375E+00  0.159375E+00  0.281250E-01
     1          8     2     3  0.166406E+00  0.166406E+00  0.703125E-02
     1          9     1     2  0.173437E+00  0.173437E+00  0.703125E-02
     1         10     1     4  0.183984E+00  0.183984E+00  0.105469E-01
     1         11     1     4  0.199805E+00  0.199805E+00  0.158203E-01
     1         12     1     3  0.223535E+00  0.223535E+00  0.237305E-01
     1         13     1     4  0.259131E+00  0.259131E+00  0.355957E-01
     1         14     1     4  0.309131E+00  0.309131E+00  0.500000E-01
     1         15     1     3  0.359131E+00  0.359131E+00  0.500000E-01
     1         16     1     3  0.409131E+00  0.409131E+00  0.500000E-01
     1         17     1     3  0.459131E+00  0.459131E+00  0.500000E-01
     1         18     1     3  0.509131E+00  0.509131E+00  0.500000E-01
     1         19     1     3  0.559131E+00  0.559131E+00  0.500000E-01
     1         20     1     3  0.609131E+00  0.609131E+00  0.500000E-01
     1         21     1     3  0.659131E+00  0.659131E+00  0.500000E-01
     1         22     1     2  0.709131E+00  0.709131E+00  0.500000E-01
     1         23     1     2  0.759131E+00  0.759131E+00  0.500000E-01
     1         24     1     2  0.809131E+00  0.809131E+00  0.500000E-01
     1         25     1     2  0.859131E+00  0.859131E+00  0.500000E-01
     1         26     1     2  0.909131E+00  0.909131E+00  0.500000E-01
     1         27     1     2  0.959131E+00  0.959131E+00  0.500000E-01
     1         28     1     2  0.100000E+01  0.100000E+01  0.408691E-01
