SUMMARY OF JOB INFORMATION
  STEP      INC     ATT  ITRS     TOT TIME     STEP TIME      INC TIME
     1          1     1     2  0.250000E-01  0.250000E-01  0.250000E-01
     1          2     1     2  0.500000E-01  0.500000E-01  0.250000E-01
     1          3     1     2  0.875000E-01  0.875000E-01  0.375000E-01
     1          4     1     4  0.137500E+00  0.137500E+00  0.500000E-01
     1          5     1    12  0.187500E+00  0.187500E+00  0.500000E-01
     1          6     1U    7  0.187500E+00  0.187500E+00  0.500000E-01
     1          6     2U    5  0.187500E+00  0.187500E+00  0.125000E-01
     1          6     3     5  0.190625E+00  0.190625E+00  0.312500E-02
     1          7     1     3  0.193750E+00  0.193750E+00  0.312500E-02
     1          8     1     3  0.196875E+00  0.196875E+00  0.312500E-02
     1          9     1     3  0.201562E+00  0.201562E+00  0.468750E-02
     1         10     1     3  0.208594E+00  0.208594E+00  0.703125E-02
     1         11     1     3  0.219141E+00  0.219141E+00  0.105469E-01
     1         12     1     5  0.234961E+00  0.234961E+00  0.158203E-01
     1         13     1     5  0.250781E+00  0.250781E+00  0.158203E-01
     1         14     1    10  0.266602E+00  0.266602E+00  0.158203E-01
     1         15     1     6  0.282422E+00  0.282422E+00  0.158203E-01
     1         16     1     3  0.298242E+00  0.298242E+00  0.158203E-01
     1         17     1     3  0.314062E+00  0.314062E+00  0.158203E-01
     1         18     1     3  0.337793E+00  0.337793E+00  0.237305E-01
     1         19     1     4  0.373389E+00  0.373389E+00  0.355957E-01
     1         20     1     4  0.423389E+00  0.423389E+00  0.500000E-01
     1         21     1     4  0.473389E+00  0.473389E+00  0.500000E-01
     1         22     1     4  0.523389E+00  0.523389E+00  0.500000E-01
     1         23     1     4  0.573389E+00  0.573389E+00  0.500000E-01
     1         24     1     4  0.623389E+00  0.623389E+00  0.500000E-01
     1         25     1     3  0.673389E+00  0.673389E+00  0.500000E-01
     1         26     1     4  0.723389E+00  0.723389E+00  0.500000E-01
     1         27     1     4  0.773389E+00  0.773389E+00  0.500000E-01
     1         28     1     3  0.823389E+00  0.823389E+00  0.500000E-01
     1         29     1     3  0.873389E+00  0.873389E+00  0.500000E-01
     1         30     1     3  0.923389E+00  0.923389E+00  0.500000E-01
     1         31     1     5  0.973389E+00  0.973389E+00  0.500000E-01
     1         32     1    10  0.100000E+01  0.100000E+01  0.266113E-01
