SUMMARY OF JOB INFORMATION
  STEP      INC     ATT  ITRS     TOT TIME     STEP TIME      INC TIME
     1          1     1     2  0.250000E-01  0.250000E-01  0.250000E-01
     1          2     1     2  0.500000E-01  0.500000E-01  0.250000E-01
     1          3     1     2  0.875000E-01  0.875000E-01  0.375000E-01
     1          4     1     2  0.137500E+00  0.137500E+00  0.500000E-01
     1          5     1     4  0.187500E+00  0.187500E+00  0.500000E-01
     1          6     1U    5  0.187500E+00  0.187500E+00  0.500000E-01
     1          6     2     2  0.200000E+00  0.200000E+00  0.125000E-01
     1          7     1     2  0.212500E+00  0.212500E+00  0.125000E-01
     1          8     1     3  0.231250E+00  0.231250E+00  0.187500E-01
     1          9     1     8  0.259375E+00  0.259375E+00  0.281250E-01
     1         10     1     4  0.287500E+00  0.287500E+00  0.281250E-01
     1         11     1     4  0.315625E+00  0.315625E+00  0.281250E-01
     1         12     1     3  0.357813E+00  0.357813E+00  0.421875E-01
     1         13     1     4  0.407813E+00  0.407813E+00  0.500000E-01
     1         14     1     6  0.457813E+00  0.457813E+00  0.500000E-01
     1         15     1     5  0.507812E+00  0.507812E+00  0.500000E-01
     1         16     1     2  0.557813E+00  0.557813E+00  0.500000E-01
     1         17     1     2  0.607813E+00  0.607813E+00  0.500000E-01
     1         18     1     3  0.657813E+00  0.657813E+00  0.500000E-01
     1         19     1     4  0.707813E+00  0.707813E+00  0.500000E-01
     1         20     1     3  0.757813E+00  0.757813E+00  0.500000E-01
     1         21     1U    4  0.757813E+00  0.757813E+00  0.500000E-01
     1         21     2     3  0.770313E+00  0.770313E+00  0.125000E-01
     1         22     1     3  0.782813E+00  0.782813E+00  0.125000E-01
     1         23     1     5  0.801563E+00  0.801563E+00  0.187500E-01
     1         24     1     5  0.820313E+00  0.820313E+00  0.187500E-01
     1         25     1     4  0.839063E+00  0.839063E+00  0.187500E-01
     1         26     1     3  0.857813E+00  0.857813E+00  0.187500E-01
     1         27     1     3  0.885938E+00  0.885938E+00  0.281250E-01
     1         28     1     4  0.928125E+00  0.928125E+00  0.421875E-01
     1         29     1     4  0.978125E+00  0.978125E+00  0.500000E-01
     1         30     1     3  0.100000E+01  0.100000E+01  0.218750E-01
