SUMMARY OF C0NVERGENCE INFORMATION
  STEP   INC  ATT   ITER     CONT.   RESID.        CORR.      RESID.      CORR.
                              EL.    FORCE         DISP       FLUX        TEMP.
                              (#)     (%)           (%)        (%)         (%)
     1     1     1     1        0  0.1007E+04  0.1000E+03  0.0000E+00  0.0000E+00
     1     1     1     2        0  0.0000E+00  0.2105E+01  0.0000E+00  0.0000E+00
     1     2     1     1        0  0.2134E+03  0.1437E+01  0.0000E+00  0.0000E+00
     1     2     1     2        0  0.0000E+00  0.2860E-01  0.0000E+00  0.0000E+00
     1     3     1     1        0  0.1043E+06  0.1000E+03  0.0000E+00  0.0000E+00
     1     3     1     2        0  0.1188E+04  0.7840E+01  0.0000E+00  0.0000E+00
     1     3     1     3        0  0.7262E+05  0.3269E+02  0.0000E+00  0.0000E+00
     1     3     1     4        0  0.2036E+04  0.3861E+01  0.0000E+00  0.0000E+00
     1     3     2     1        0  0.7479E+02  0.2494E+01  0.0000E+00  0.0000E+00
     1     3     2     2        0  0.0000E+00  0.1208E-01  0.0000E+00  0.0000E+00
     1     4     1     1        0  0.1617E+03  0.3938E+01  0.0000E+00  0.0000E+00
     1     4     1     2        0  0.0000E+00  0.6453E-01  0.0000E+00  0.0000E+00
     1     5     1     1        0  0.1050E+05  0.2330E+02  0.0000E+00  0.0000E+00
     1     5     1     2        0  0.8217E+02  0.2026E+01  0.0000E+00  0.0000E+00
     1     5     1     3        0  0.2876E+03  0.3851E+01  0.0000E+00  0.0000E+00
     1     5     1     4        0  0.0000E+00  0.6447E-01  0.0000E+00  0.0000E+00
     1     6     1     1        0  0.1894E+04  0.2076E+02  0.0000E+00  0.0000E+00
     1     6     1     2        0  0.1829E+06  0.1000E+03  0.0000E+00  0.0000E+00
     1     6     1     3        0  0.2099E+04  0.2595E+02  0.0000E+00  0.0000E+00
     1     6     1     4        0  0.8720E+05  0.3621E+02  0.0000E+00  0.0000E+00
     1     6     1     5        0  0.2581E+04  0.6431E+01  0.0000E+00  0.0000E+00
     1     6     2     1        0  0.1462E+04  0.2451E+02  0.0000E+00  0.0000E+00
     1     6     2     2        0  0.6163E+04  0.5066E+02  0.0000E+00  0.0000E+00
     1     6     2     3        0  0.0000E+00  0.8591E+00  0.0000E+00  0.0000E+00
     1     7     1     1        0  0.0000E+00  0.4519E+01  0.0000E+00  0.0000E+00
     1     7     1     2        0  0.0000E+00  0.7892E+00  0.0000E+00  0.0000E+00
     1     8     1     1        0  0.1569E+03  0.1552E+02  0.0000E+00  0.0000E+00
     1     8     1     2        0  0.1294E+04  0.1562E+02  0.0000E+00  0.0000E+00
     1     8     1     3        0  0.0000E+00  0.1139E+01  0.0000E+00  0.0000E+00
