SUMMARY OF C0NVERGENCE INFORMATION
  STEP   INC  ATT   ITER     CONT.   RESID.        CORR.      RESID.      CORR.
                              EL.    FORCE         DISP       FLUX        TEMP.
                              (#)     (%)           (%)        (%)         (%)
     1     1     1     1        0  0.0000E+00  0.1000E+03  0.0000E+00  0.0000E+00
     1     1     1     2        0  0.0000E+00  0.5626E-01  0.0000E+00  0.0000E+00
     1     2     1     1        0  0.0000E+00  0.9892E+02  0.0000E+00  0.0000E+00
     1     2     1     2        0  0.0000E+00  0.1685E+00  0.0000E+00  0.0000E+00
     1     3     1     1        0  0.1517E+04  0.1000E+03  0.0000E+00  0.0000E+00
     1     3     1     2        0  0.0000E+00  0.1303E+01  0.0000E+00  0.0000E+00
     1     4     1     1        0  0.1005E+04  0.9873E+02  0.0000E+00  0.0000E+00
     1     4     1     2        0  0.0000E+00  0.1347E+01  0.0000E+00  0.0000E+00
     1     5     1     1        0  0.0000E+00  0.1000E+03  0.0000E+00  0.0000E+00
     1     5     1     2        0  0.0000E+00  0.1081E-01  0.0000E+00  0.0000E+00
     1     6     1     1        0  0.0000E+00  0.9854E+02  0.0000E+00  0.0000E+00
     1     6     1     2        0  0.0000E+00  0.1069E-01  0.0000E+00  0.0000E+00
     1     7     1     1        0  0.0000E+00  0.1000E+03  0.0000E+00  0.0000E+00
     1     7     1     2        0  0.0000E+00  0.5699E-02  0.0000E+00  0.0000E+00
     1     8     1     1        0  0.9179E+02  0.1000E+03  0.0000E+00  0.0000E+00
     1     8     1     2        0  0.0000E+00  0.4416E+00  0.0000E+00  0.0000E+00
     1     9     1     1        0  0.8278E+02  0.9907E+02  0.0000E+00  0.0000E+00
     1     9     1     2        0  0.0000E+00  0.4530E+00  0.0000E+00  0.0000E+00
     1    10     1     1        0  0.0000E+00  0.6109E+02  0.0000E+00  0.0000E+00
     1    10     1     2        0  0.0000E+00  0.2074E-02  0.0000E+00  0.0000E+00
     1    11     1     1        0  0.7308E+02  0.1000E+03  0.0000E+00  0.0000E+00
     1    11     1     2        0  0.0000E+00  0.4280E+00  0.0000E+00  0.0000E+00
     1    12     1     1        0  0.6689E+02  0.9890E+02  0.0000E+00  0.0000E+00
     1    12     1     2        0  0.0000E+00  0.4390E+00  0.0000E+00  0.0000E+00
     1    13     1     1        0  0.0000E+00  0.7269E+02  0.0000E+00  0.0000E+00
     1    13     1     2        0  0.0000E+00  0.2185E-02  0.0000E+00  0.0000E+00
     1    14     1     1        0  0.6068E+02  0.1000E+03  0.0000E+00  0.0000E+00
     1    14     1     2        0  0.0000E+00  0.4170E+00  0.0000E+00  0.0000E+00
     1    15     1     1        0  0.5572E+02  0.9855E+02  0.0000E+00  0.0000E+00
     1    15     1     2        0  0.0000E+00  0.4261E+00  0.0000E+00  0.0000E+00
     1    16     1     1        0  0.0000E+00  0.9900E+02  0.0000E+00  0.0000E+00
     1    16     1     2        0  0.0000E+00  0.4788E-02  0.0000E+00  0.0000E+00
     1    17     1     1        0  0.5186E+02  0.1000E+03  0.0000E+00  0.0000E+00
     1    17     1     2        0  0.0000E+00  0.4072E+00  0.0000E+00  0.0000E+00
     1    18     1     1        0  0.4781E+02  0.9856E+02  0.0000E+00  0.0000E+00
     1    18     1     2        0  0.0000E+00  0.4165E+00  0.0000E+00  0.0000E+00
     1    19     1     1        0  0.0000E+00  0.8104E+02  0.0000E+00  0.0000E+00
     1    19     1     2        0  0.0000E+00  0.3867E-02  0.0000E+00  0.0000E+00
     1    20     1     1        0  0.4487E+02  0.1000E+03  0.0000E+00  0.0000E+00
     1    20     1     2        0  0.0000E+00  0.4148E+00  0.0000E+00  0.0000E+00
     1    21     1     1        0  0.4113E+02  0.9773E+02  0.0000E+00  0.0000E+00
     1    21     1     2        0  0.0000E+00  0.4502E+00  0.0000E+00  0.0000E+00
     1    22     1     1        0  0.0000E+00  0.1000E+03  0.0000E+00  0.0000E+00
     1    22     1     2        0  0.0000E+00  0.1207E-01  0.0000E+00  0.0000E+00
