SUMMARY OF JOB INFORMATION
  STEP      INC     ATT  ITRS     TOT TIME     STEP TIME      INC TIME
     1          1     1     3  0.500000E-01  0.500000E-01  0.500000E-01
     1          2     1     2  0.100000E+00  0.100000E+00  0.500000E-01
     1          3     1     2  0.150000E+00  0.150000E+00  0.500000E-01
     1          4     1     2  0.200000E+00  0.200000E+00  0.500000E-01
     1          5     1     2  0.250000E+00  0.250000E+00  0.500000E-01
     1          6     1     2  0.300000E+00  0.300000E+00  0.500000E-01
     1          7     1     2  0.350000E+00  0.350000E+00  0.500000E-01
     1          8     1     2  0.400000E+00  0.400000E+00  0.500000E-01
     1          9     1     4  0.450000E+00  0.450000E+00  0.500000E-01
     1         10     1     7  0.500000E+00  0.500000E+00  0.500000E-01
     1         11     1     5  0.550000E+00  0.550000E+00  0.500000E-01
     1         12     1     4  0.600000E+00  0.600000E+00  0.500000E-01
     1         13     1     4  0.650000E+00  0.650000E+00  0.500000E-01
     1         14     1     4  0.700000E+00  0.700000E+00  0.500000E-01
     1         15     1     4  0.750000E+00  0.750000E+00  0.500000E-01
     1         16     1U    5  0.750000E+00  0.750000E+00  0.500000E-01
     1         16     2     2  0.762500E+00  0.762500E+00  0.125000E-01
     1         17     1     2  0.775000E+00  0.775000E+00  0.125000E-01
     1         18     1     2  0.793750E+00  0.793750E+00  0.187500E-01
     1         19     1     2  0.821875E+00  0.821875E+00  0.281250E-01
     1         20     1     3  0.864063E+00  0.864063E+00  0.421875E-01
     1         21     1     4  0.914063E+00  0.914063E+00  0.500000E-01
     1         22     1U    4  0.914063E+00  0.914063E+00  0.500000E-01
     1         22     2     2  0.926563E+00  0.926563E+00  0.125000E-01
     1         23     1     2  0.939063E+00  0.939063E+00  0.125000E-01
     1         24     1     2  0.957813E+00  0.957813E+00  0.187500E-01
     1         25     1     2  0.985938E+00  0.985938E+00  0.281250E-01
     1         26     1     2  0.100000E+01  0.100000E+01  0.140625E-01
