SUMMARY OF C0NVERGENCE INFORMATION
  STEP   INC  ATT   ITER     CONT.   RESID.        CORR.      RESID.      CORR.
                              EL.    FORCE         DISP       FLUX        TEMP.
                              (#)     (%)           (%)        (%)         (%)
     1     1     1     1        0  0.4919E+04  0.1000E+03  0.0000E+00  0.0000E+00
     1     1     1     2        0  0.4459E+03  0.3278E+02  0.0000E+00  0.0000E+00
     1     1     1     3        0  0.0000E+00  0.1828E+00  0.0000E+00  0.0000E+00
     1     2     1     1        0  0.2189E+02  0.1645E+01  0.0000E+00  0.0000E+00
     1     2     1     2        0  0.0000E+00  0.7295E-02  0.0000E+00  0.0000E+00
     1     3     1     1        0  0.3942E+02  0.2237E+01  0.0000E+00  0.0000E+00
     1     3     1     2        0  0.0000E+00  0.1749E-01  0.0000E+00  0.0000E+00
     1     4     1     1        0  0.1267E+03  0.3670E+01  0.0000E+00  0.0000E+00
     1     4     1     2        0  0.0000E+00  0.3698E-01  0.0000E+00  0.0000E+00
     1     5     1     1        0  0.6532E+03  0.6576E+01  0.0000E+00  0.0000E+00
     1     5     1     2        0  0.0000E+00  0.7527E-01  0.0000E+00  0.0000E+00
     1     6     1     1        0  0.5484E+04  0.1788E+02  0.0000E+00  0.0000E+00
     1     6     1     2        0  0.1203E+03  0.2595E+01  0.0000E+00  0.0000E+00
     1     6     1     3        0  0.2288E+02  0.1160E+01  0.0000E+00  0.0000E+00
     1     6     1     4        0  0.0000E+00  0.5197E-02  0.0000E+00  0.0000E+00
     1     7     1     1        0  0.4209E+04  0.2271E+02  0.0000E+00  0.0000E+00
     1     7     1     2        0  0.2955E+05  0.4836E+02  0.0000E+00  0.0000E+00
     1     7     1     3        0  0.1178E+03  0.2827E+01  0.0000E+00  0.0000E+00
     1     7     1     4        0  0.1400E+03  0.3151E+01  0.0000E+00  0.0000E+00
     1     7     1     5        0  0.0000E+00  0.4403E-01  0.0000E+00  0.0000E+00
     1     8     1     1        0  0.1270E+04  0.3236E+02  0.0000E+00  0.0000E+00
     1     8     1     2        0  0.8111E+04  0.8342E+02  0.0000E+00  0.0000E+00
     1     8     1     3        0  0.2289E+05  0.1000E+03  0.0000E+00  0.0000E+00
     1     8     1     4        0  0.3380E+03  0.1111E+02  0.0000E+00  0.0000E+00
     1     8     1     5        0  0.1257E+04  0.2315E+02  0.0000E+00  0.0000E+00
     1     8     1     6        0  0.3980E+02  0.4175E+01  0.0000E+00  0.0000E+00
     1     8     1     7        0  0.0000E+00  0.5493E+00  0.0000E+00  0.0000E+00
     1     9     1     1        0  0.1662E+04  0.2720E+02  0.0000E+00  0.0000E+00
     1     9     1     2        0  0.1677E+04  0.2088E+02  0.0000E+00  0.0000E+00
     1     9     1     3        0  0.7626E+02  0.4418E+01  0.0000E+00  0.0000E+00
     1     9     1     4        0  0.0000E+00  0.3598E+00  0.0000E+00  0.0000E+00
     1    10     1     1        0  0.5096E+03  0.3467E+02  0.0000E+00  0.0000E+00
     1    10     1     2        0  0.2014E+03  0.3888E+02  0.0000E+00  0.0000E+00
     1    10     1     3        0  0.1180E+01  0.3914E+01  0.0000E+00  0.0000E+00
     1    10     1     4        0  0.0000E+00  0.1064E+01  0.0000E+00  0.0000E+00
     1    11     1     1        0  0.1222E+03  0.1917E+02  0.0000E+00  0.0000E+00
     1    11     1     2        0  0.1612E+03  0.2598E+02  0.0000E+00  0.0000E+00
     1    11     1     3        0  0.0000E+00  0.3230E+01  0.0000E+00  0.0000E+00
     1    12     1     1        0  0.5359E+02  0.2172E+02  0.0000E+00  0.0000E+00
     1    12     1     2        0  0.5854E+02  0.1840E+02  0.0000E+00  0.0000E+00
     1    12     1     3        0  0.0000E+00  0.1220E+01  0.0000E+00  0.0000E+00
     1    13     1     1        0  0.3308E+02  0.2123E+02  0.0000E+00  0.0000E+00
     1    13     1     2        0  0.1847E+02  0.1126E+02  0.0000E+00  0.0000E+00
     1    13     1     3        0  0.0000E+00  0.3524E+00  0.0000E+00  0.0000E+00
     1    14     1     1        0  0.2258E+02  0.1635E+02  0.0000E+00  0.0000E+00
     1    14     1     2        0  0.7499E+01  0.1217E+02  0.0000E+00  0.0000E+00
     1    14     1     3        0  0.0000E+00  0.5053E+00  0.0000E+00  0.0000E+00
     1    15     1     1        0  0.1534E+02  0.1632E+02  0.0000E+00  0.0000E+00
     1    15     1     2        0  0.4307E+01  0.1749E+02  0.0000E+00  0.0000E+00
     1    15     1     3        0  0.0000E+00  0.7134E+00  0.0000E+00  0.0000E+00
     1    16     1     1        0  0.1047E+02  0.1622E+02  0.0000E+00  0.0000E+00
     1    16     1     2        0  0.2206E+01  0.1375E+02  0.0000E+00  0.0000E+00
     1    16     1     3        0  0.0000E+00  0.4899E+00  0.0000E+00  0.0000E+00
     1    17     1     1        0  0.7297E+01  0.1631E+02  0.0000E+00  0.0000E+00
     1    17     1     2        0  0.9608E+01  0.3253E+02  0.0000E+00  0.0000E+00
     1    17     1     3        0  0.0000E+00  0.2265E+01  0.0000E+00  0.0000E+00
     1    18     1     1        0  0.6705E+01  0.1279E+02  0.0000E+00  0.0000E+00
     1    18     1     2        0  0.1679E+02  0.3923E+02  0.0000E+00  0.0000E+00
     1    18     1     3        0  0.0000E+00  0.1814E+01  0.0000E+00  0.0000E+00
     1    19     1     1        0  0.7927E+01  0.1194E+02  0.0000E+00  0.0000E+00
     1    19     1     2        0  0.1091E+02  0.2139E+02  0.0000E+00  0.0000E+00
     1    19     1     3        0  0.0000E+00  0.2517E+01  0.0000E+00  0.0000E+00
     1    20     1     1        0  0.3825E+01  0.1803E+02  0.0000E+00  0.0000E+00
     1    20     1     2        0  0.3347E+01  0.1710E+02  0.0000E+00  0.0000E+00
     1    20     1     3        0  0.0000E+00  0.1419E+01  0.0000E+00  0.0000E+00
