SUMMARY OF JOB INFORMATION
  STEP      INC     ATT  ITRS     TOT TIME     STEP TIME      INC TIME
     1          1     1     3  0.250000E-01  0.250000E-01  0.250000E-01
     1          2     1     2  0.500000E-01  0.500000E-01  0.250000E-01
     1          3     1     2  0.875000E-01  0.875000E-01  0.375000E-01
     1          4     1     2  0.137500E+00  0.137500E+00  0.500000E-01
     1          5     1     2  0.187500E+00  0.187500E+00  0.500000E-01
     1          6     1     2  0.237500E+00  0.237500E+00  0.500000E-01
     1          7     1     4  0.287500E+00  0.287500E+00  0.500000E-01
     1          8     1     5  0.337500E+00  0.337500E+00  0.500000E-01
     1          9     1U    5  0.337500E+00  0.337500E+00  0.500000E-01
     1          9     2     3  0.350000E+00  0.350000E+00  0.125000E-01
     1         10     1     3  0.362500E+00  0.362500E+00  0.125000E-01
     1         11     1     3  0.381250E+00  0.381250E+00  0.187500E-01
     1         12     1     3  0.409375E+00  0.409375E+00  0.281250E-01
     1         13     1     5  0.451562E+00  0.451562E+00  0.421875E-01
     1         14     1     3  0.493750E+00  0.493750E+00  0.421875E-01
     1         15     1U    5  0.493750E+00  0.493750E+00  0.421875E-01
     1         15     2     3  0.504297E+00  0.504297E+00  0.105469E-01
     1         16     1     2  0.514844E+00  0.514844E+00  0.105469E-01
     1         17     1     2  0.530664E+00  0.530664E+00  0.158203E-01
     1         18     1     3  0.554395E+00  0.554395E+00  0.237305E-01
     1         19     1     4  0.589990E+00  0.589990E+00  0.355957E-01
     1         20     1     5  0.639990E+00  0.639990E+00  0.500000E-01
     1         21     1     4  0.689990E+00  0.689990E+00  0.500000E-01
     1         22     1     4  0.739990E+00  0.739990E+00  0.500000E-01
     1         23     1     5  0.789990E+00  0.789990E+00  0.500000E-01
     1         24     1U    4  0.789990E+00  0.789990E+00  0.500000E-01
     1         24     2     3  0.802490E+00  0.802490E+00  0.125000E-01
     1         25     1U    5  0.802490E+00  0.802490E+00  0.125000E-01
     1         25     2     2  0.805615E+00  0.805615E+00  0.312500E-02
     1         26     1     2  0.808740E+00  0.808740E+00  0.312500E-02
     1         27     1     2  0.813428E+00  0.813428E+00  0.468750E-02
     1         28     1     2  0.820459E+00  0.820459E+00  0.703125E-02
     1         29     1     3  0.831006E+00  0.831006E+00  0.105469E-01
     1         30     1     3  0.846826E+00  0.846826E+00  0.158203E-01
     1         31     1     3  0.870557E+00  0.870557E+00  0.237305E-01
     1         32     1     3  0.906152E+00  0.906152E+00  0.355957E-01
     1         33     1     4  0.956152E+00  0.956152E+00  0.500000E-01
     1         34     1     3  0.100000E+01  0.100000E+01  0.438477E-01
