SUMMARY OF C0NVERGENCE INFORMATION
  STEP   INC  ATT   ITER     CONT.   RESID.        CORR.      RESID.      CORR.
                              EL.    FORCE         DISP       FLUX        TEMP.
                              (#)     (%)           (%)        (%)         (%)
     1     1     1     1        0  0.5123E+04  0.1000E+03  0.0000E+00  0.0000E+00
     1     1     1     2        0  0.3314E+03  0.3229E+02  0.0000E+00  0.0000E+00
     1     1     1     3        0  0.0000E+00  0.1271E+00  0.0000E+00  0.0000E+00
     1     2     1     1        0  0.9379E+01  0.1988E+01  0.0000E+00  0.0000E+00
     1     2     1     2        0  0.0000E+00  0.5012E-02  0.0000E+00  0.0000E+00
     1     3     1     1        0  0.3680E+02  0.1781E+01  0.0000E+00  0.0000E+00
     1     3     1     2        0  0.0000E+00  0.1322E-01  0.0000E+00  0.0000E+00
     1     4     1     1        0  0.4487E+03  0.4333E+01  0.0000E+00  0.0000E+00
     1     4     1     2        0  0.0000E+00  0.1048E+00  0.0000E+00  0.0000E+00
     1     5     1     1        0  0.7050E+04  0.1197E+02  0.0000E+00  0.0000E+00
     1     5     1     2        0  0.1526E+02  0.5519E+00  0.0000E+00  0.0000E+00
     1     5     1     3        0  0.0000E+00  0.1107E+00  0.0000E+00  0.0000E+00
     1     6     1     1        0  0.2959E+05  0.3049E+02  0.0000E+00  0.0000E+00
     1     6     1     2        0  0.4799E+04  0.1211E+02  0.0000E+00  0.0000E+00
     1     6     1     3        0  0.2853E+05  0.2979E+02  0.0000E+00  0.0000E+00
     1     6     1     4        0  0.5468E+02  0.1274E+01  0.0000E+00  0.0000E+00
     1     6     1     5        0  0.9069E+02  0.1638E+01  0.0000E+00  0.0000E+00
     1     6     1     6        0  0.0000E+00  0.2680E-01  0.0000E+00  0.0000E+00
     1     7     1     1        0  0.1738E+04  0.6549E+02  0.0000E+00  0.0000E+00
     1     7     1     2        0  0.9196E+04  0.2216E+02  0.0000E+00  0.0000E+00
     1     7     1     3        0  0.3204E+02  0.2390E+01  0.0000E+00  0.0000E+00
     1     7     1     4        0  0.2560E+01  0.3343E+00  0.0000E+00  0.0000E+00
     1     7     1     5        0  0.0000E+00  0.8771E-03  0.0000E+00  0.0000E+00
     1     8     1     1        0  0.4588E+06  0.1000E+03  0.0000E+00  0.0000E+00
     1     8     1     2        0  0.1297E+06  0.2092E+02  0.0000E+00  0.0000E+00
     1     8     1     3        0  0.4065E+06  0.5321E+02  0.0000E+00  0.0000E+00
     1     8     1     4        0  0.1790E+06  0.1578E+02  0.0000E+00  0.0000E+00
     1     8     2     1        0  0.8074E+03  0.7781E+02  0.0000E+00  0.0000E+00
     1     8     2     2        0  0.7444E+02  0.8649E+01  0.0000E+00  0.0000E+00
     1     8     2     3        0  0.0000E+00  0.4002E+00  0.0000E+00  0.0000E+00
     1     9     1     1        0  0.4717E+03  0.6593E+02  0.0000E+00  0.0000E+00
     1     9     1     2        0  0.6219E+01  0.2287E+02  0.0000E+00  0.0000E+00
     1     9     1     3        0  0.0000E+00  0.3016E+00  0.0000E+00  0.0000E+00
     1    10     1     1        0  0.3465E+04  0.8517E+02  0.0000E+00  0.0000E+00
     1    10     1     2        0  0.1547E+04  0.5605E+02  0.0000E+00  0.0000E+00
     1    10     1     3        0  0.8484E+03  0.3993E+02  0.0000E+00  0.0000E+00
     1    10     1     4        0  0.2085E+03  0.2075E+02  0.0000E+00  0.0000E+00
     1    10     1     5        0  0.7771E+01  0.3812E+01  0.0000E+00  0.0000E+00
     1    10     1     6        0  0.0000E+00  0.1552E+00  0.0000E+00  0.0000E+00
     1    11     1     1        0  0.1663E+05  0.1000E+03  0.0000E+00  0.0000E+00
     1    11     1     2        0  0.1032E+05  0.7688E+02  0.0000E+00  0.0000E+00
     1    11     1     3        0  0.5272E+05  0.1000E+03  0.0000E+00  0.0000E+00
     1    11     1     4        0  0.1078E+04  0.1214E+02  0.0000E+00  0.0000E+00
     1    11     1     5        0  0.1294E+04  0.1418E+02  0.0000E+00  0.0000E+00
     1    11     1     6        0  0.7383E+02  0.3842E+01  0.0000E+00  0.0000E+00
     1    11     1     7        0  0.1557E+01  0.5450E+00  0.0000E+00  0.0000E+00
     1    11     1     8        0  0.0000E+00  0.6520E-02  0.0000E+00  0.0000E+00
     1    12     1     1        0  0.4274E+06  0.4408E+02  0.0000E+00  0.0000E+00
     1    12     1     2        0  0.2589E+06  0.5538E+02  0.0000E+00  0.0000E+00
     1    12     1     3        0  0.5433E+06  0.1000E+03  0.0000E+00  0.0000E+00
     1    12     1     4        0  0.4943E+07  0.1000E+03  0.0000E+00  0.0000E+00
     1    12     2     1        0  0.7003E+03  0.3492E+02  0.0000E+00  0.0000E+00
     1    12     2     2        0  0.1035E+04  0.4365E+02  0.0000E+00  0.0000E+00
     1    12     2     3        0  0.4346E+02  0.9782E+01  0.0000E+00  0.0000E+00
     1    12     2     4        0  0.5232E+00  0.1017E+01  0.0000E+00  0.0000E+00
     1    12     2     5        0  0.0000E+00  0.6455E-02  0.0000E+00  0.0000E+00
     1    13     1     1        0  0.0000E+00  0.5795E+01  0.0000E+00  0.0000E+00
     1    13     1     2        0  0.0000E+00  0.2770E+00  0.0000E+00  0.0000E+00
     1    14     1     1        0  0.0000E+00  0.5459E+01  0.0000E+00  0.0000E+00
     1    14     1     2        0  0.0000E+00  0.2282E+00  0.0000E+00  0.0000E+00
     1    15     1     1        0  0.0000E+00  0.6169E+01  0.0000E+00  0.0000E+00
     1    15     1     2        0  0.0000E+00  0.4159E+00  0.0000E+00  0.0000E+00
     1    16     1     1        0  0.5925E+00  0.7694E+01  0.0000E+00  0.0000E+00
     1    16     1     2        0  0.0000E+00  0.9687E+00  0.0000E+00  0.0000E+00
     1    17     1     1        0  0.2058E+01  0.1051E+02  0.0000E+00  0.0000E+00
     1    17     1     2        0  0.0000E+00  0.2014E+01  0.0000E+00  0.0000E+00
     1    18     1     1        0  0.6403E+01  0.1530E+02  0.0000E+00  0.0000E+00
     1    18     1     2        0  0.9254E+00  0.3807E+01  0.0000E+00  0.0000E+00
     1    18     1     3        0  0.0000E+00  0.2958E-01  0.0000E+00  0.0000E+00
     1    19     1     1        0  0.1813E+02  0.1804E+02  0.0000E+00  0.0000E+00
     1    19     1     2        0  0.5931E+01  0.1094E+02  0.0000E+00  0.0000E+00
     1    19     1     3        0  0.0000E+00  0.3027E+00  0.0000E+00  0.0000E+00
     1    20     1     1        0  0.4239E+02  0.1566E+02  0.0000E+00  0.0000E+00
     1    20     1     2        0  0.2156E+02  0.2446E+02  0.0000E+00  0.0000E+00
     1    20     1     3        0  0.0000E+00  0.1604E+01  0.0000E+00  0.0000E+00
     1    21     1     1        0  0.8395E+02  0.1795E+02  0.0000E+00  0.0000E+00
     1    21     1     2        0  0.1472E+02  0.2728E+02  0.0000E+00  0.0000E+00
     1    21     1     3        0  0.0000E+00  0.1714E+01  0.0000E+00  0.0000E+00
     1    22     1     1        0  0.1371E+03  0.1512E+02  0.0000E+00  0.0000E+00
     1    22     1     2        0  0.9200E+02  0.6753E+02  0.0000E+00  0.0000E+00
     1    22     1     3        0  0.4867E+00  0.2938E+01  0.0000E+00  0.0000E+00
     1    23     1     1        0  0.2074E+03  0.1146E+02  0.0000E+00  0.0000E+00
     1    23     1     2        0  0.1370E+02  0.1604E+02  0.0000E+00  0.0000E+00
     1    23     1     3        0  0.0000E+00  0.1825E+01  0.0000E+00  0.0000E+00
     1    24     1     1        0  0.1717E+03  0.1841E+02  0.0000E+00  0.0000E+00
     1    24     1     2        0  0.2450E+02  0.2615E+02  0.0000E+00  0.0000E+00
     1    24     1     3        0  0.5632E+00  0.4227E+01  0.0000E+00  0.0000E+00
     1    24     1     4        0  0.0000E+00  0.8965E+00  0.0000E+00  0.0000E+00
     1    25     1     1        0  0.8715E+02  0.1418E+02  0.0000E+00  0.0000E+00
     1    25     1     2        0  0.2618E+02  0.1103E+02  0.0000E+00  0.0000E+00
     1    25     1     3        0  0.0000E+00  0.8093E+00  0.0000E+00  0.0000E+00
     1    26     1     1        0  0.8838E+02  0.1954E+02  0.0000E+00  0.0000E+00
     1    26     1     2        0  0.6964E+01  0.7303E+01  0.0000E+00  0.0000E+00
     1    26     1     3        0  0.0000E+00  0.2518E+00  0.0000E+00  0.0000E+00
     1    27     1     1        0  0.7577E+02  0.3014E+02  0.0000E+00  0.0000E+00
     1    27     1     2        0  0.2632E+02  0.2000E+02  0.0000E+00  0.0000E+00
     1    27     1     3        0  0.0000E+00  0.3428E+01  0.0000E+00  0.0000E+00
     1    28     1     1        0  0.4741E+02  0.4350E+02  0.0000E+00  0.0000E+00
     1    28     1     2        0  0.2549E+03  0.1000E+03  0.0000E+00  0.0000E+00
     1    28     1     3        0  0.1209E+01  0.7193E+01  0.0000E+00  0.0000E+00
     1    28     1     4        0  0.3730E+00  0.3752E+01  0.0000E+00  0.0000E+00
     1    28     1     5        0  0.0000E+00  0.5922E-01  0.0000E+00  0.0000E+00
     1    29     1     1        0  0.3506E+02  0.1751E+02  0.0000E+00  0.0000E+00
     1    29     1     2        0  0.1161E+03  0.2762E+02  0.0000E+00  0.0000E+00
     1    29     1     3        0  0.5182E+01  0.7340E+01  0.0000E+00  0.0000E+00
     1    29     1     4        0  0.1467E+01  0.3645E+01  0.0000E+00  0.0000E+00
     1    29     1     5        0  0.0000E+00  0.2064E+00  0.0000E+00  0.0000E+00
     1    30     1     1        0  0.1200E+02  0.2312E+02  0.0000E+00  0.0000E+00
     1    30     1     2        0  0.6902E+01  0.2005E+02  0.0000E+00  0.0000E+00
     1    30     1     3        0  0.0000E+00  0.1673E+01  0.0000E+00  0.0000E+00
