SUMMARY OF C0NVERGENCE INFORMATION
  STEP   INC  ATT   ITER     CONT.   RESID.        CORR.      RESID.      CORR.
                              EL.    FORCE         DISP       FLUX        TEMP.
                              (#)     (%)           (%)        (%)         (%)
     1     1     1     1        0  0.7797E+04  0.1000E+03  0.0000E+00  0.0000E+00
     1     1     1     2        0  0.2287E+02  0.3995E+01  0.0000E+00  0.0000E+00
     1     1     1     3        0  0.0000E+00  0.4914E-02  0.0000E+00  0.0000E+00
     1     2     1     1        0  0.0000E+00  0.2307E+00  0.0000E+00  0.0000E+00
     1     2     1     2        0  0.0000E+00  0.8018E-03  0.0000E+00  0.0000E+00
     1     3     1     1        0  0.0000E+00  0.5721E+00  0.0000E+00  0.0000E+00
     1     3     1     2        0  0.0000E+00  0.2508E-02  0.0000E+00  0.0000E+00
     1     4     1     1        0  0.9428E+01  0.8007E+00  0.0000E+00  0.0000E+00
     1     4     1     2        0  0.0000E+00  0.6678E-02  0.0000E+00  0.0000E+00
     1     5     1     1        0  0.1270E+02  0.9150E+00  0.0000E+00  0.0000E+00
     1     5     1     2        0  0.0000E+00  0.1272E-01  0.0000E+00  0.0000E+00
     1     6     1     1        0  0.1490E+02  0.9149E+00  0.0000E+00  0.0000E+00
     1     6     1     2        0  0.0000E+00  0.2009E-01  0.0000E+00  0.0000E+00
     1     7     1     1        0  0.1927E+02  0.9133E+00  0.0000E+00  0.0000E+00
     1     7     1     2        0  0.0000E+00  0.3395E-01  0.0000E+00  0.0000E+00
     1     8     1     1        0  0.2785E+02  0.9077E+00  0.0000E+00  0.0000E+00
     1     8     1     2        0  0.0000E+00  0.9283E-01  0.0000E+00  0.0000E+00
     1     9     1     1        0  0.8216E+02  0.1405E+01  0.0000E+00  0.0000E+00
     1     9     1     2        0  0.7247E+01  0.4156E+00  0.0000E+00  0.0000E+00
     1     9     1     3        0  0.0000E+00  0.3153E-02  0.0000E+00  0.0000E+00
     1    10     1     1        0  0.1128E+04  0.5598E+01  0.0000E+00  0.0000E+00
     1    10     1     2        0  0.4869E+03  0.3640E+01  0.0000E+00  0.0000E+00
     1    10     1     3        0  0.2643E+02  0.8536E+00  0.0000E+00  0.0000E+00
     1    10     1     4        0  0.0000E+00  0.9517E-01  0.0000E+00  0.0000E+00
     1    11     1     1        0  0.2910E+04  0.9202E+01  0.0000E+00  0.0000E+00
     1    11     1     2        0  0.4262E+05  0.3754E+02  0.0000E+00  0.0000E+00
     1    11     1     3        0  0.1314E+02  0.2968E+01  0.0000E+00  0.0000E+00
     1    11     1     4        0  0.3028E+02  0.9381E+00  0.0000E+00  0.0000E+00
     1    11     1     5        0  0.0000E+00  0.5923E-02  0.0000E+00  0.0000E+00
     1    12     1     1        0  0.2906E+06  0.1000E+03  0.0000E+00  0.0000E+00
     1    12     1     2        0  0.2053E+05  0.2422E+02  0.0000E+00  0.0000E+00
     1    12     1     3        0  0.2561E+05  0.2680E+02  0.0000E+00  0.0000E+00
     1    12     1     4        0  0.8942E+04  0.1570E+02  0.0000E+00  0.0000E+00
     1    12     1     5        0  0.5402E+04  0.1214E+02  0.0000E+00  0.0000E+00
     1    12     1     6        0  0.1848E+04  0.7089E+01  0.0000E+00  0.0000E+00
     1    12     1     7        0  0.4639E+03  0.3537E+01  0.0000E+00  0.0000E+00
     1    12     1     8        0  0.3092E+02  0.9107E+00  0.0000E+00  0.0000E+00
     1    12     1     9        0  0.0000E+00  0.5922E-01  0.0000E+00  0.0000E+00
     1    13     1     1        0  0.1374E+04  0.2280E+02  0.0000E+00  0.0000E+00
     1    13     1     2        0  0.1453E+04  0.8285E+01  0.0000E+00  0.0000E+00
     1    13     1     3        0  0.7956E+01  0.7668E+00  0.0000E+00  0.0000E+00
     1    13     1     4        0  0.0000E+00  0.6971E-01  0.0000E+00  0.0000E+00
     1    14     1     1        0  0.5252E+03  0.1956E+02  0.0000E+00  0.0000E+00
     1    14     1     2        0  0.2521E+03  0.8008E+01  0.0000E+00  0.0000E+00
     1    14     1     3        0  0.0000E+00  0.4690E+00  0.0000E+00  0.0000E+00
     1    15     1     1        0  0.1482E+03  0.2763E+02  0.0000E+00  0.0000E+00
     1    15     1     2        0  0.5104E+02  0.2076E+02  0.0000E+00  0.0000E+00
     1    15     1     3        0  0.0000E+00  0.3288E+01  0.0000E+00  0.0000E+00
     1    16     1     1        0  0.1038E+03  0.8927E+01  0.0000E+00  0.0000E+00
     1    16     1     2        0  0.3518E+02  0.8536E+01  0.0000E+00  0.0000E+00
     1    16     1     3        0  0.0000E+00  0.3343E+00  0.0000E+00  0.0000E+00
     1    17     1     1        0  0.1014E+03  0.9018E+01  0.0000E+00  0.0000E+00
     1    17     1     2        0  0.2048E+02  0.1234E+02  0.0000E+00  0.0000E+00
     1    17     1     3        0  0.0000E+00  0.7988E+00  0.0000E+00  0.0000E+00
     1    18     1     1        0  0.4402E+02  0.9600E+01  0.0000E+00  0.0000E+00
     1    18     1     2        0  0.6558E+01  0.5157E+01  0.0000E+00  0.0000E+00
     1    18     1     3        0  0.0000E+00  0.1447E+00  0.0000E+00  0.0000E+00
     1    19     1     1        0  0.2534E+02  0.9741E+01  0.0000E+00  0.0000E+00
     1    19     1     2        0  0.2716E+01  0.3314E+01  0.0000E+00  0.0000E+00
     1    19     1     3        0  0.0000E+00  0.6677E-01  0.0000E+00  0.0000E+00
     1    20     1     1        0  0.7292E+02  0.9656E+01  0.0000E+00  0.0000E+00
     1    20     1     2        0  0.1040E+01  0.4327E+01  0.0000E+00  0.0000E+00
     1    20     1     3        0  0.0000E+00  0.9206E-01  0.0000E+00  0.0000E+00
     1    21     1     1        0  0.1713E+03  0.1543E+02  0.0000E+00  0.0000E+00
     1    21     1     2        0  0.1526E+01  0.7741E+01  0.0000E+00  0.0000E+00
     1    21     1     3        0  0.0000E+00  0.2711E+00  0.0000E+00  0.0000E+00
     1    22     1     1        0  0.6133E+01  0.1212E+02  0.0000E+00  0.0000E+00
     1    22     1     2        0  0.0000E+00  0.2378E+01  0.0000E+00  0.0000E+00
