SUMMARY OF C0NVERGENCE INFORMATION
  STEP   INC  ATT   ITER     CONT.   RESID.        CORR.      RESID.      CORR.
                              EL.    FORCE         DISP       FLUX        TEMP.
                              (#)     (%)           (%)        (%)         (%)
     1     1     1     1        0  0.7380E+04  0.1000E+03  0.0000E+00  0.0000E+00
     1     1     1     2        0  0.7114E+02  0.6923E+01  0.0000E+00  0.0000E+00
     1     1     1     3        0  0.0000E+00  0.1018E-01  0.0000E+00  0.0000E+00
     1     2     1     1        0  0.0000E+00  0.2712E+00  0.0000E+00  0.0000E+00
     1     2     1     2        0  0.0000E+00  0.4829E-03  0.0000E+00  0.0000E+00
     1     3     1     1        0  0.0000E+00  0.5080E+00  0.0000E+00  0.0000E+00
     1     3     1     2        0  0.0000E+00  0.2119E-02  0.0000E+00  0.0000E+00
     1     4     1     1        0  0.1015E+02  0.7174E+00  0.0000E+00  0.0000E+00
     1     4     1     2        0  0.0000E+00  0.5616E-02  0.0000E+00  0.0000E+00
     1     5     1     1        0  0.1416E+02  0.8282E+00  0.0000E+00  0.0000E+00
     1     5     1     2        0  0.0000E+00  0.1049E-01  0.0000E+00  0.0000E+00
     1     6     1     1        0  0.1752E+02  0.8361E+00  0.0000E+00  0.0000E+00
     1     6     1     2        0  0.0000E+00  0.1800E-01  0.0000E+00  0.0000E+00
     1     7     1     1        0  0.2472E+02  0.8394E+00  0.0000E+00  0.0000E+00
     1     7     1     2        0  0.0000E+00  0.3983E-01  0.0000E+00  0.0000E+00
     1     8     1     1        0  0.5131E+02  0.1249E+01  0.0000E+00  0.0000E+00
     1     8     1     2        0  0.0000E+00  0.1703E+00  0.0000E+00  0.0000E+00
     1     9     1     1        0  0.6725E+03  0.4010E+01  0.0000E+00  0.0000E+00
     1     9     1     2        0  0.8660E+02  0.1445E+01  0.0000E+00  0.0000E+00
     1     9     1     3        0  0.0000E+00  0.1311E+00  0.0000E+00  0.0000E+00
     1    10     1     1        0  0.1206E+05  0.1828E+02  0.0000E+00  0.0000E+00
     1    10     1     2        0  0.2059E+04  0.7677E+01  0.0000E+00  0.0000E+00
     1    10     1     3        0  0.1629E+05  0.2152E+02  0.0000E+00  0.0000E+00
     1    10     1     4        0  0.2341E+01  0.8722E+00  0.0000E+00  0.0000E+00
     1    10     1     5        0  0.8845E+01  0.4985E+00  0.0000E+00  0.0000E+00
     1    10     1     6        0  0.0000E+00  0.4071E-02  0.0000E+00  0.0000E+00
     1    11     1     1        0  0.6251E+04  0.4037E+02  0.0000E+00  0.0000E+00
     1    11     1     2        0  0.3055E+04  0.1066E+02  0.0000E+00  0.0000E+00
     1    11     1     3        0  0.1568E+02  0.2024E+01  0.0000E+00  0.0000E+00
     1    11     1     4        0  0.0000E+00  0.8828E-01  0.0000E+00  0.0000E+00
     1    12     1     1        0  0.3053E+04  0.3135E+02  0.0000E+00  0.0000E+00
     1    12     1     2        0  0.3754E+04  0.1307E+02  0.0000E+00  0.0000E+00
     1    12     1     3        0  0.4135E+02  0.1532E+01  0.0000E+00  0.0000E+00
     1    12     1     4        0  0.1391E+01  0.3160E+00  0.0000E+00  0.0000E+00
     1    12     1     5        0  0.0000E+00  0.1392E-02  0.0000E+00  0.0000E+00
     1    13     1     1        0  0.7790E+03  0.2923E+02  0.0000E+00  0.0000E+00
     1    13     1     2        0  0.2972E+03  0.6173E+01  0.0000E+00  0.0000E+00
     1    13     1     3        0  0.0000E+00  0.2544E+01  0.0000E+00  0.0000E+00
     1    14     1     1        0  0.2267E+03  0.2141E+02  0.0000E+00  0.0000E+00
     1    14     1     2        0  0.6240E+02  0.3342E+02  0.0000E+00  0.0000E+00
     1    14     1     3        0  0.0000E+00  0.2837E+01  0.0000E+00  0.0000E+00
     1    15     1     1        0  0.1694E+03  0.1070E+02  0.0000E+00  0.0000E+00
     1    15     1     2        0  0.6984E+02  0.1967E+02  0.0000E+00  0.0000E+00
     1    15     1     3        0  0.0000E+00  0.1932E+01  0.0000E+00  0.0000E+00
     1    16     1     1        0  0.4498E+02  0.9635E+01  0.0000E+00  0.0000E+00
     1    16     1     2        0  0.2662E+02  0.1066E+02  0.0000E+00  0.0000E+00
     1    16     1     3        0  0.0000E+00  0.5873E+00  0.0000E+00  0.0000E+00
     1    17     1     1        0  0.9435E+02  0.1151E+02  0.0000E+00  0.0000E+00
     1    17     1     2        0  0.8133E+01  0.4594E+01  0.0000E+00  0.0000E+00
     1    17     1     3        0  0.0000E+00  0.1138E+00  0.0000E+00  0.0000E+00
     1    18     1     1        0  0.2459E+03  0.1717E+02  0.0000E+00  0.0000E+00
     1    18     1     2        0  0.2330E+01  0.6311E+01  0.0000E+00  0.0000E+00
     1    18     1     3        0  0.0000E+00  0.1597E+00  0.0000E+00  0.0000E+00
     1    19     1     1        0  0.2369E+03  0.1740E+02  0.0000E+00  0.0000E+00
     1    19     1     2        0  0.7087E+01  0.1017E+02  0.0000E+00  0.0000E+00
     1    19     1     3        0  0.0000E+00  0.4549E+00  0.0000E+00  0.0000E+00
     1    20     1     1        0  0.2977E+02  0.1278E+02  0.0000E+00  0.0000E+00
     1    20     1     2        0  0.5221E+01  0.1650E+02  0.0000E+00  0.0000E+00
     1    20     1     3        0  0.0000E+00  0.7789E+00  0.0000E+00  0.0000E+00
     1    21     1     1        0  0.1697E+02  0.1308E+02  0.0000E+00  0.0000E+00
     1    21     1     2        0  0.4767E+01  0.1587E+02  0.0000E+00  0.0000E+00
     1    21     1     3        0  0.0000E+00  0.7409E+00  0.0000E+00  0.0000E+00
     1    22     1     1        0  0.7108E+00  0.1401E+02  0.0000E+00  0.0000E+00
     1    22     1     2        0  0.0000E+00  0.2221E+01  0.0000E+00  0.0000E+00
