SUMMARY OF C0NVERGENCE INFORMATION
  STEP   INC  ATT   ITER     CONT.   RESID.        CORR.      RESID.      CORR.
                              EL.    FORCE         DISP       FLUX        TEMP.
                              (#)     (%)           (%)        (%)         (%)
     1     1     1     1        0  0.8145E+04  0.1000E+03  0.0000E+00  0.0000E+00
     1     1     1     2        0  0.0000E+00  0.7278E+00  0.0000E+00  0.0000E+00
     1     2     1     1        0  0.0000E+00  0.4396E+00  0.0000E+00  0.0000E+00
     1     2     1     2        0  0.0000E+00  0.1110E-02  0.0000E+00  0.0000E+00
     1     3     1     1        0  0.0000E+00  0.6181E+00  0.0000E+00  0.0000E+00
     1     3     1     2        0  0.0000E+00  0.2754E-02  0.0000E+00  0.0000E+00
     1     4     1     1        0  0.8753E+01  0.8504E+00  0.0000E+00  0.0000E+00
     1     4     1     2        0  0.0000E+00  0.8221E-02  0.0000E+00  0.0000E+00
     1     5     1     1        0  0.1149E+02  0.9560E+00  0.0000E+00  0.0000E+00
     1     5     1     2        0  0.0000E+00  0.1509E-01  0.0000E+00  0.0000E+00
     1     6     1     1        0  0.1299E+02  0.9485E+00  0.0000E+00  0.0000E+00
     1     6     1     2        0  0.0000E+00  0.2252E-01  0.0000E+00  0.0000E+00
     1     7     1     1        0  0.1589E+02  0.9445E+00  0.0000E+00  0.0000E+00
     1     7     1     2        0  0.0000E+00  0.3497E-01  0.0000E+00  0.0000E+00
     1     8     1     1        0  0.2100E+02  0.9468E+00  0.0000E+00  0.0000E+00
     1     8     1     2        0  0.0000E+00  0.6151E-01  0.0000E+00  0.0000E+00
     1     9     1     1        0  0.3158E+02  0.9607E+00  0.0000E+00  0.0000E+00
     1     9     1     2        0  0.0000E+00  0.1969E+00  0.0000E+00  0.0000E+00
     1    10     1     1        0  0.1863E+03  0.2150E+01  0.0000E+00  0.0000E+00
     1    10     1     2        0  0.3142E+02  0.9314E+00  0.0000E+00  0.0000E+00
     1    10     1     3        0  0.0000E+00  0.1831E-01  0.0000E+00  0.0000E+00
     1    11     1     1        0  0.1889E+04  0.7171E+01  0.0000E+00  0.0000E+00
     1    11     1     2        0  0.1656E+04  0.6912E+01  0.0000E+00  0.0000E+00
     1    11     1     3        0  0.1595E+03  0.2123E+01  0.0000E+00  0.0000E+00
     1    11     1     4        0  0.3305E+02  0.9673E+00  0.0000E+00  0.0000E+00
     1    11     1     5        0  0.0000E+00  0.3068E-01  0.0000E+00  0.0000E+00
     1    12     1     1        0  0.1395E+04  0.2259E+02  0.0000E+00  0.0000E+00
     1    12     1     2        0  0.9462E+05  0.5674E+02  0.0000E+00  0.0000E+00
     1    12     1     3        0  0.2345E+03  0.5498E+01  0.0000E+00  0.0000E+00
     1    12     1     4        0  0.9326E+04  0.1870E+02  0.0000E+00  0.0000E+00
     1    12     1     5        0  0.1741E+03  0.2329E+01  0.0000E+00  0.0000E+00
     1    12     1     6        0  0.2216E+03  0.2648E+01  0.0000E+00  0.0000E+00
     1    12     1     7        0  0.0000E+00  0.1517E+00  0.0000E+00  0.0000E+00
     1    13     1     1        0  0.6588E+05  0.1000E+03  0.0000E+00  0.0000E+00
     1    13     1     2        0  0.2742E+04  0.3244E+02  0.0000E+00  0.0000E+00
     1    13     1     3        0  0.4293E+04  0.2282E+02  0.0000E+00  0.0000E+00
     1    13     1     4        0  0.7016E+03  0.1385E+02  0.0000E+00  0.0000E+00
     1    13     1     5        0  0.7703E+02  0.9850E+01  0.0000E+00  0.0000E+00
     1    13     1     6        0  0.8152E+01  0.7824E+01  0.0000E+00  0.0000E+00
     1    13     1     7        0  0.1085E+02  0.9522E+01  0.0000E+00  0.0000E+00
     1    13     1     8        0  0.1744E+04  0.1000E+03  0.0000E+00  0.0000E+00
     1    13     2     1        0  0.1598E+04  0.1000E+03  0.0000E+00  0.0000E+00
     1    13     2     2        0  0.2852E+02  0.2095E+02  0.0000E+00  0.0000E+00
     1    13     2     3        0  0.1860E+01  0.2973E+01  0.0000E+00  0.0000E+00
     1    13     2     4        0  0.0000E+00  0.5936E-01  0.0000E+00  0.0000E+00
     1    14     1     1        0  0.8978E+01  0.2343E+02  0.0000E+00  0.0000E+00
     1    14     1     2        0  0.6083E+01  0.3125E+01  0.0000E+00  0.0000E+00
     1    14     1     3        0  0.0000E+00  0.1933E-01  0.0000E+00  0.0000E+00
     1    15     1     1        0  0.8718E+02  0.2271E+02  0.0000E+00  0.0000E+00
     1    15     1     2        0  0.3434E+02  0.7371E+01  0.0000E+00  0.0000E+00
     1    15     1     3        0  0.0000E+00  0.9559E+00  0.0000E+00  0.0000E+00
     1    16     1     1        0  0.1904E+03  0.2585E+02  0.0000E+00  0.0000E+00
     1    16     1     2        0  0.9830E+02  0.1055E+02  0.0000E+00  0.0000E+00
     1    16     1     3        0  0.0000E+00  0.4564E+01  0.0000E+00  0.0000E+00
     1    17     1     1        0  0.2609E+03  0.1000E+03  0.0000E+00  0.0000E+00
     1    17     1     2        0  0.7287E+05  0.1000E+03  0.0000E+00  0.0000E+00
     1    17     1     3        0  0.1125E+08  0.1000E+03  0.0000E+00  0.0000E+00
     1    17     1     4        0  0.2462E+08  0.1000E+03  0.0000E+00  0.0000E+00
     1    17     2     1        0  0.1103E+02  0.8543E+02  0.0000E+00  0.0000E+00
     1    17     2     2        0  0.8641E+00  0.2695E+02  0.0000E+00  0.0000E+00
     1    17     2     3        0  0.0000E+00  0.1311E+01  0.0000E+00  0.0000E+00
     1    18     1     1        0  0.1723E+01  0.2020E+02  0.0000E+00  0.0000E+00
     1    18     1     2        0  0.0000E+00  0.1517E+01  0.0000E+00  0.0000E+00
     1    19     1     1        0  0.3705E+01  0.1084E+02  0.0000E+00  0.0000E+00
     1    19     1     2        0  0.0000E+00  0.6587E+00  0.0000E+00  0.0000E+00
     1    20     1     1        0  0.9676E+01  0.1125E+02  0.0000E+00  0.0000E+00
     1    20     1     2        0  0.1392E+01  0.8464E+00  0.0000E+00  0.0000E+00
     1    20     1     3        0  0.0000E+00  0.3429E-01  0.0000E+00  0.0000E+00
     1    21     1     1        0  0.2448E+02  0.1145E+02  0.0000E+00  0.0000E+00
     1    21     1     2        0  0.6876E+01  0.1391E+01  0.0000E+00  0.0000E+00
     1    21     1     3        0  0.0000E+00  0.4467E-01  0.0000E+00  0.0000E+00
     1    22     1     1        0  0.4508E+02  0.1745E+02  0.0000E+00  0.0000E+00
     1    22     1     2        0  0.1242E+02  0.1169E+02  0.0000E+00  0.0000E+00
     1    22     1     3        0  0.0000E+00  0.1143E+01  0.0000E+00  0.0000E+00
     1    23     1     1        0  0.3404E+02  0.8836E+01  0.0000E+00  0.0000E+00
     1    23     1     2        0  0.7776E+01  0.5824E+01  0.0000E+00  0.0000E+00
     1    23     1     3        0  0.0000E+00  0.1928E+00  0.0000E+00  0.0000E+00
     1    24     1     1        0  0.4273E+02  0.6935E+01  0.0000E+00  0.0000E+00
     1    24     1     2        0  0.7044E+01  0.9706E+01  0.0000E+00  0.0000E+00
     1    24     1     3        0  0.0000E+00  0.5484E+00  0.0000E+00  0.0000E+00
     1    25     1     1        0  0.3908E+02  0.7396E+01  0.0000E+00  0.0000E+00
     1    25     1     2        0  0.3285E+01  0.4918E+01  0.0000E+00  0.0000E+00
     1    25     1     3        0  0.0000E+00  0.1423E+00  0.0000E+00  0.0000E+00
     1    26     1     1        0  0.1720E+02  0.7106E+01  0.0000E+00  0.0000E+00
     1    26     1     2        0  0.1717E+01  0.1947E+01  0.0000E+00  0.0000E+00
     1    26     1     3        0  0.0000E+00  0.4591E-01  0.0000E+00  0.0000E+00
     1    27     1     1        0  0.7203E+01  0.6945E+01  0.0000E+00  0.0000E+00
     1    27     1     2        0  0.4664E+00  0.1933E+01  0.0000E+00  0.0000E+00
     1    27     1     3        0  0.0000E+00  0.2421E-01  0.0000E+00  0.0000E+00
