SUMMARY OF JOB INFORMATION
  STEP      INC     ATT  ITRS     TOT TIME     STEP TIME      INC TIME
     1          1     1     2  0.250000E-01  0.250000E-01  0.250000E-01
     1          2     1     2  0.500000E-01  0.500000E-01  0.250000E-01
     1          3     1     2  0.875000E-01  0.875000E-01  0.375000E-01
     1          4     1     2  0.137500E+00  0.137500E+00  0.500000E-01
     1          5     1     2  0.187500E+00  0.187500E+00  0.500000E-01
     1          6     1     2  0.237500E+00  0.237500E+00  0.500000E-01
     1          7     1     2  0.287500E+00  0.287500E+00  0.500000E-01
     1          8     1     2  0.337500E+00  0.337500E+00  0.500000E-01
     1          9     1     2  0.387500E+00  0.387500E+00  0.500000E-01
     1         10     1     3  0.437500E+00  0.437500E+00  0.500000E-01
     1         11     1     5  0.487500E+00  0.487500E+00  0.500000E-01
     1         12     1     7  0.537500E+00  0.537500E+00  0.500000E-01
     1         13     1U    8  0.537500E+00  0.537500E+00  0.500000E-01
     1         13     2     4  0.550000E+00  0.550000E+00  0.125000E-01
     1         14     1     3  0.562500E+00  0.562500E+00  0.125000E-01
     1         15     1     3  0.581250E+00  0.581250E+00  0.187500E-01
     1         16     1     3  0.609375E+00  0.609375E+00  0.281250E-01
     1         17     1U    4  0.609375E+00  0.609375E+00  0.421875E-01
     1         17     2     3  0.619922E+00  0.619922E+00  0.105469E-01
     1         18     1     2  0.630469E+00  0.630469E+00  0.105469E-01
     1         19     1     2  0.646289E+00  0.646289E+00  0.158203E-01
     1         20     1     3  0.670020E+00  0.670020E+00  0.237305E-01
     1         21     1     3  0.705615E+00  0.705615E+00  0.355957E-01
     1         22     1     3  0.755615E+00  0.755615E+00  0.500000E-01
     1         23     1     3  0.805615E+00  0.805615E+00  0.500000E-01
     1         24     1     3  0.855615E+00  0.855615E+00  0.500000E-01
     1         25     1     3  0.905615E+00  0.905615E+00  0.500000E-01
     1         26     1     3  0.955615E+00  0.955615E+00  0.500000E-01
     1         27     1     3  0.100000E+01  0.100000E+01  0.443848E-01
