SUMMARY OF C0NVERGENCE INFORMATION
  STEP   INC  ATT   ITER     CONT.   RESID.        CORR.      RESID.      CORR.
                              EL.    FORCE         DISP       FLUX        TEMP.
                              (#)     (%)           (%)        (%)         (%)
     1     1     1     1        0  0.4715E+04  0.1000E+03  0.0000E+00  0.0000E+00
     1     1     1     2        0  0.3636E+03  0.1675E+02  0.0000E+00  0.0000E+00
     1     1     1     3        0  0.0000E+00  0.3613E-01  0.0000E+00  0.0000E+00
     1     2     1     1        0  0.0000E+00  0.1086E+01  0.0000E+00  0.0000E+00
     1     2     1     2        0  0.0000E+00  0.9785E-03  0.0000E+00  0.0000E+00
     1     3     1     1        0  0.0000E+00  0.4580E+00  0.0000E+00  0.0000E+00
     1     3     1     2        0  0.0000E+00  0.8766E-03  0.0000E+00  0.0000E+00
     1     4     1     1        0  0.2044E+02  0.8990E+00  0.0000E+00  0.0000E+00
     1     4     1     2        0  0.0000E+00  0.4190E-02  0.0000E+00  0.0000E+00
     1     5     1     1        0  0.6547E+02  0.1675E+01  0.0000E+00  0.0000E+00
     1     5     1     2        0  0.0000E+00  0.1227E-01  0.0000E+00  0.0000E+00
     1     6     1     1        0  0.4449E+03  0.3259E+01  0.0000E+00  0.0000E+00
     1     6     1     2        0  0.0000E+00  0.3418E-01  0.0000E+00  0.0000E+00
     1     7     1     1        0  0.1225E+05  0.1605E+02  0.0000E+00  0.0000E+00
     1     7     1     2        0  0.2788E+02  0.7511E+00  0.0000E+00  0.0000E+00
     1     7     1     3        0  0.3678E+02  0.8874E+00  0.0000E+00  0.0000E+00
     1     7     1     4        0  0.0000E+00  0.3879E-02  0.0000E+00  0.0000E+00
     1     8     1     1        0  0.7288E+04  0.2014E+02  0.0000E+00  0.0000E+00
     1     8     1     2        0  0.9305E+05  0.5484E+02  0.0000E+00  0.0000E+00
     1     8     1     3        0  0.1840E+03  0.4084E+01  0.0000E+00  0.0000E+00
     1     8     1     4        0  0.9235E+03  0.4927E+01  0.0000E+00  0.0000E+00
     1     8     1     5        0  0.0000E+00  0.1168E+00  0.0000E+00  0.0000E+00
     1     9     1     1        0  0.2205E+04  0.4489E+02  0.0000E+00  0.0000E+00
     1     9     1     2        0  0.1077E+05  0.3976E+02  0.0000E+00  0.0000E+00
     1     9     1     3        0  0.1357E+03  0.5257E+01  0.0000E+00  0.0000E+00
     1     9     1     4        0  0.1695E+04  0.2356E+02  0.0000E+00  0.0000E+00
     1     9     1     5        0  0.1590E+03  0.7160E+01  0.0000E+00  0.0000E+00
     1     9     2     1        0  0.6967E+02  0.1712E+02  0.0000E+00  0.0000E+00
     1     9     2     2        0  0.2289E+03  0.1157E+02  0.0000E+00  0.0000E+00
     1     9     2     3        0  0.0000E+00  0.2847E+00  0.0000E+00  0.0000E+00
     1    10     1     1        0  0.2776E+02  0.1043E+02  0.0000E+00  0.0000E+00
     1    10     1     2        0  0.1644E+02  0.3281E+01  0.0000E+00  0.0000E+00
     1    10     1     3        0  0.0000E+00  0.2780E-01  0.0000E+00  0.0000E+00
     1    11     1     1        0  0.3824E+02  0.1792E+02  0.0000E+00  0.0000E+00
     1    11     1     2        0  0.3144E+02  0.3276E+01  0.0000E+00  0.0000E+00
     1    11     1     3        0  0.0000E+00  0.3743E-01  0.0000E+00  0.0000E+00
     1    12     1     1        0  0.1003E+03  0.3205E+02  0.0000E+00  0.0000E+00
     1    12     1     2        0  0.6568E+02  0.4801E+01  0.0000E+00  0.0000E+00
     1    12     1     3        0  0.0000E+00  0.7603E+00  0.0000E+00  0.0000E+00
     1    13     1     1        0  0.9423E+04  0.8558E+02  0.0000E+00  0.0000E+00
     1    13     1     2        0  0.7176E+03  0.4324E+02  0.0000E+00  0.0000E+00
     1    13     1     3        0  0.4012E+03  0.1716E+02  0.0000E+00  0.0000E+00
     1    13     1     4        0  0.2090E+02  0.4170E+01  0.0000E+00  0.0000E+00
     1    13     1     5        0  0.0000E+00  0.1966E+00  0.0000E+00  0.0000E+00
     1    14     1     1        0  0.1397E+04  0.3134E+02  0.0000E+00  0.0000E+00
     1    14     1     2        0  0.1262E+03  0.1824E+02  0.0000E+00  0.0000E+00
     1    14     1     3        0  0.0000E+00  0.1643E+01  0.0000E+00  0.0000E+00
     1    15     1     1        0  0.2555E+04  0.5239E+02  0.0000E+00  0.0000E+00
     1    15     1     2        0  0.2466E+05  0.1000E+03  0.0000E+00  0.0000E+00
     1    15     1     3        0  0.1463E+04  0.2353E+02  0.0000E+00  0.0000E+00
     1    15     1     4        0  0.2836E+05  0.1000E+03  0.0000E+00  0.0000E+00
     1    15     1     5        0  0.2445E+04  0.2873E+02  0.0000E+00  0.0000E+00
     1    15     2     1        0  0.2260E+02  0.1911E+02  0.0000E+00  0.0000E+00
     1    15     2     2        0  0.1019E+01  0.5818E+01  0.0000E+00  0.0000E+00
     1    15     2     3        0  0.0000E+00  0.5546E-01  0.0000E+00  0.0000E+00
     1    16     1     1        0  0.1506E+01  0.5650E+01  0.0000E+00  0.0000E+00
     1    16     1     2        0  0.0000E+00  0.5414E+00  0.0000E+00  0.0000E+00
     1    17     1     1        0  0.4554E+01  0.7036E+01  0.0000E+00  0.0000E+00
     1    17     1     2        0  0.0000E+00  0.8960E+00  0.0000E+00  0.0000E+00
     1    18     1     1        0  0.2442E+02  0.1167E+02  0.0000E+00  0.0000E+00
     1    18     1     2        0  0.1237E+01  0.2504E+01  0.0000E+00  0.0000E+00
     1    18     1     3        0  0.0000E+00  0.3397E-01  0.0000E+00  0.0000E+00
     1    19     1     1        0  0.4698E+03  0.3654E+02  0.0000E+00  0.0000E+00
     1    19     1     2        0  0.3250E+03  0.2949E+02  0.0000E+00  0.0000E+00
     1    19     1     3        0  0.1908E+02  0.7033E+01  0.0000E+00  0.0000E+00
     1    19     1     4        0  0.3463E+00  0.9269E+00  0.0000E+00  0.0000E+00
     1    20     1     1        0  0.9353E+02  0.1445E+02  0.0000E+00  0.0000E+00
     1    20     1     2        0  0.4816E+03  0.2688E+02  0.0000E+00  0.0000E+00
     1    20     1     3        0  0.8649E+01  0.3495E+01  0.0000E+00  0.0000E+00
     1    20     1     4        0  0.5825E+00  0.9197E+00  0.0000E+00  0.0000E+00
     1    20     1     5        0  0.0000E+00  0.8469E-02  0.0000E+00  0.0000E+00
     1    21     1     1        0  0.7017E+02  0.1576E+02  0.0000E+00  0.0000E+00
     1    21     1     2        0  0.2657E+03  0.1937E+02  0.0000E+00  0.0000E+00
     1    21     1     3        0  0.2138E+01  0.1987E+01  0.0000E+00  0.0000E+00
     1    21     1     4        0  0.0000E+00  0.3638E+00  0.0000E+00  0.0000E+00
     1    22     1     1        0  0.5820E+02  0.1554E+02  0.0000E+00  0.0000E+00
     1    22     1     2        0  0.2184E+03  0.1855E+02  0.0000E+00  0.0000E+00
     1    22     1     3        0  0.3676E+01  0.2394E+01  0.0000E+00  0.0000E+00
     1    22     1     4        0  0.2551E+00  0.6335E+00  0.0000E+00  0.0000E+00
     1    23     1     1        0  0.5553E+02  0.1335E+02  0.0000E+00  0.0000E+00
     1    23     1     2        0  0.1738E+03  0.1844E+02  0.0000E+00  0.0000E+00
     1    23     1     3        0  0.1053E+02  0.4377E+01  0.0000E+00  0.0000E+00
     1    23     1     4        0  0.1352E+01  0.1613E+01  0.0000E+00  0.0000E+00
     1    23     1     5        0  0.0000E+00  0.2528E-01  0.0000E+00  0.0000E+00
     1    24     1     1        0  0.6670E+02  0.1360E+02  0.0000E+00  0.0000E+00
     1    24     1     2        0  0.3629E+03  0.2512E+02  0.0000E+00  0.0000E+00
     1    24     1     3        0  0.1940E+05  0.1000E+03  0.0000E+00  0.0000E+00
     1    24     1     4        0  0.5451E+03  0.1877E+02  0.0000E+00  0.0000E+00
     1    24     2     1        0  0.4728E+01  0.1461E+02  0.0000E+00  0.0000E+00
     1    24     2     2        0  0.1104E+02  0.1904E+02  0.0000E+00  0.0000E+00
     1    24     2     3        0  0.0000E+00  0.3966E+00  0.0000E+00  0.0000E+00
     1    25     1     1        0  0.1864E+03  0.7731E+02  0.0000E+00  0.0000E+00
     1    25     1     2        0  0.5397E+03  0.1000E+03  0.0000E+00  0.0000E+00
     1    25     1     3        0  0.2502E+03  0.7330E+02  0.0000E+00  0.0000E+00
     1    25     1     4        0  0.1077E+05  0.1000E+03  0.0000E+00  0.0000E+00
     1    25     1     5        0  0.3096E+03  0.1541E+02  0.0000E+00  0.0000E+00
     1    25     2     1        0  0.0000E+00  0.5416E+01  0.0000E+00  0.0000E+00
     1    25     2     2        0  0.0000E+00  0.2764E+00  0.0000E+00  0.0000E+00
     1    26     1     1        0  0.0000E+00  0.2381E+01  0.0000E+00  0.0000E+00
     1    26     1     2        0  0.0000E+00  0.3040E-01  0.0000E+00  0.0000E+00
     1    27     1     1        0  0.0000E+00  0.3074E+01  0.0000E+00  0.0000E+00
     1    27     1     2        0  0.0000E+00  0.1252E+00  0.0000E+00  0.0000E+00
     1    28     1     1        0  0.0000E+00  0.4696E+01  0.0000E+00  0.0000E+00
     1    28     1     2        0  0.0000E+00  0.7532E+00  0.0000E+00  0.0000E+00
     1    29     1     1        0  0.2448E+01  0.1145E+02  0.0000E+00  0.0000E+00
     1    29     1     2        0  0.7708E+00  0.6318E+01  0.0000E+00  0.0000E+00
     1    29     1     3        0  0.0000E+00  0.2735E+00  0.0000E+00  0.0000E+00
     1    30     1     1        0  0.1877E+01  0.1096E+02  0.0000E+00  0.0000E+00
     1    30     1     2        0  0.2517E+01  0.7464E+01  0.0000E+00  0.0000E+00
     1    30     1     3        0  0.0000E+00  0.1853E+00  0.0000E+00  0.0000E+00
     1    31     1     1        0  0.5012E+01  0.9395E+01  0.0000E+00  0.0000E+00
     1    31     1     2        0  0.1664E+01  0.1313E+02  0.0000E+00  0.0000E+00
     1    31     1     3        0  0.0000E+00  0.1357E+00  0.0000E+00  0.0000E+00
     1    32     1     1        0  0.2924E+02  0.9275E+01  0.0000E+00  0.0000E+00
     1    32     1     2        0  0.5646E+02  0.1459E+02  0.0000E+00  0.0000E+00
     1    32     1     3        0  0.1569E+00  0.7137E+00  0.0000E+00  0.0000E+00
     1    33     1     1        0  0.5897E+02  0.1242E+02  0.0000E+00  0.0000E+00
     1    33     1     2        0  0.1632E+03  0.1664E+02  0.0000E+00  0.0000E+00
     1    33     1     3        0  0.7316E+00  0.1752E+01  0.0000E+00  0.0000E+00
     1    33     1     4        0  0.0000E+00  0.2569E+00  0.0000E+00  0.0000E+00
     1    34     1     1        0  0.5492E+02  0.1720E+02  0.0000E+00  0.0000E+00
     1    34     1     2        0  0.1065E+03  0.1902E+02  0.0000E+00  0.0000E+00
     1    34     1     3        0  0.2141E+00  0.1134E+01  0.0000E+00  0.0000E+00
