SUMMARY OF C0NVERGENCE INFORMATION
  STEP   INC  ATT   ITER     CONT.   RESID.        CORR.      RESID.      CORR.
                              EL.    FORCE         DISP       FLUX        TEMP.
                              (#)     (%)           (%)        (%)         (%)
     1     1     1     1        0  0.0000E+00  0.1000E+03  0.0000E+00  0.0000E+00
     1     1     1     2        0  0.0000E+00  0.5626E-01  0.0000E+00  0.0000E+00
     1     2     1     1        0  0.0000E+00  0.9944E+02  0.0000E+00  0.0000E+00
     1     2     1     2        0  0.0000E+00  0.1686E+00  0.0000E+00  0.0000E+00
     1     3     1     1        0  0.8520E+03  0.1000E+03  0.0000E+00  0.0000E+00
     1     3     1     2        0  0.0000E+00  0.7712E+00  0.0000E+00  0.0000E+00
     1     4     1     1        0  0.5872E+03  0.9924E+02  0.0000E+00  0.0000E+00
     1     4     1     2        0  0.0000E+00  0.7847E+00  0.0000E+00  0.0000E+00
     1     5     1     1        0  0.0000E+00  0.1000E+03  0.0000E+00  0.0000E+00
     1     5     1     2        0  0.0000E+00  0.4375E-02  0.0000E+00  0.0000E+00
     1     6     1     1        0  0.0000E+00  0.9947E+02  0.0000E+00  0.0000E+00
     1     6     1     2        0  0.0000E+00  0.4379E-02  0.0000E+00  0.0000E+00
     1     7     1     1        0  0.0000E+00  0.1000E+03  0.0000E+00  0.0000E+00
     1     7     1     2        0  0.0000E+00  0.6609E-02  0.0000E+00  0.0000E+00
     1     8     1     1        0  0.3580E+03  0.1000E+03  0.0000E+00  0.0000E+00
     1     8     1     2        0  0.0000E+00  0.7253E+00  0.0000E+00  0.0000E+00
     1     9     1     1        0  0.3032E+03  0.9900E+02  0.0000E+00  0.0000E+00
     1     9     1     2        0  0.0000E+00  0.7480E+00  0.0000E+00  0.0000E+00
     1    10     1     1        0  0.0000E+00  0.1437E+02  0.0000E+00  0.0000E+00
     1    10     1     2        0  0.0000E+00  0.1626E-03  0.0000E+00  0.0000E+00
     1    11     1     1        0  0.0000E+00  0.9949E+02  0.0000E+00  0.0000E+00
     1    11     1     2        0  0.0000E+00  0.2446E-02  0.0000E+00  0.0000E+00
     1    12     1     1        0  0.0000E+00  0.1000E+03  0.0000E+00  0.0000E+00
     1    12     1     2        0  0.0000E+00  0.2141E-02  0.0000E+00  0.0000E+00
     1    13     1     1        0  0.2240E+03  0.1000E+03  0.0000E+00  0.0000E+00
     1    13     1     2        0  0.0000E+00  0.6829E+00  0.0000E+00  0.0000E+00
     1    14     1     1        0  0.1987E+03  0.9875E+02  0.0000E+00  0.0000E+00
     1    14     1     2        0  0.0000E+00  0.7115E+00  0.0000E+00  0.0000E+00
     1    15     1     1        0  0.0000E+00  0.4836E+02  0.0000E+00  0.0000E+00
     1    15     1     2        0  0.0000E+00  0.1579E-02  0.0000E+00  0.0000E+00
     1    16     1     1        0  0.0000E+00  0.9956E+02  0.0000E+00  0.0000E+00
     1    16     1     2        0  0.0000E+00  0.2507E-02  0.0000E+00  0.0000E+00
     1    17     1     1        0  0.1670E+03  0.1000E+03  0.0000E+00  0.0000E+00
     1    17     1     2        0  0.0000E+00  0.6544E+00  0.0000E+00  0.0000E+00
     1    18     1     1        0  0.1498E+03  0.9848E+02  0.0000E+00  0.0000E+00
     1    18     1     2        0  0.0000E+00  0.6820E+00  0.0000E+00  0.0000E+00
     1    19     1     1        0  0.0000E+00  0.6600E+02  0.0000E+00  0.0000E+00
     1    19     1     2        0  0.0000E+00  0.3139E-02  0.0000E+00  0.0000E+00
     1    20     1     1        0  0.1350E+03  0.1000E+03  0.0000E+00  0.0000E+00
     1    20     1     2        0  0.0000E+00  0.6492E+00  0.0000E+00  0.0000E+00
     1    21     1     1        0  0.1218E+03  0.9821E+02  0.0000E+00  0.0000E+00
     1    21     1     2        0  0.0000E+00  0.7123E+00  0.0000E+00  0.0000E+00
