SUMMARY OF C0NVERGENCE INFORMATION
  STEP   INC  ATT   ITER     CONT.   RESID.        CORR.      RESID.      CORR.
                              EL.    FORCE         DISP       FLUX        TEMP.
                              (#)     (%)           (%)        (%)         (%)
     1     1     1     1        0  0.9584E+03  0.1000E+03  0.0000E+00  0.0000E+00
     1     1     1     2        0  0.0000E+00  0.2053E+01  0.0000E+00  0.0000E+00
     1     2     1     1        0  0.0000E+00  0.2749E+00  0.0000E+00  0.0000E+00
     1     2     1     2        0  0.0000E+00  0.8576E-03  0.0000E+00  0.0000E+00
     1     3     1     1        0  0.2488E+01  0.4075E+00  0.0000E+00  0.0000E+00
     1     3     1     2        0  0.0000E+00  0.2614E-02  0.0000E+00  0.0000E+00
     1     4     1     1        0  0.1065E+02  0.7515E+00  0.0000E+00  0.0000E+00
     1     4     1     2        0  0.0000E+00  0.9758E-02  0.0000E+00  0.0000E+00
     1     5     1     1        0  0.2150E+02  0.1229E+01  0.0000E+00  0.0000E+00
     1     5     1     2        0  0.0000E+00  0.1929E-01  0.0000E+00  0.0000E+00
     1     6     1     1        0  0.4030E+02  0.1890E+01  0.0000E+00  0.0000E+00
     1     6     1     2        0  0.0000E+00  0.2906E-01  0.0000E+00  0.0000E+00
     1     7     1     1        0  0.8802E+02  0.3078E+01  0.0000E+00  0.0000E+00
     1     7     1     2        0  0.0000E+00  0.3483E-01  0.0000E+00  0.0000E+00
     1     8     1     1        0  0.2252E+03  0.5356E+01  0.0000E+00  0.0000E+00
     1     8     1     2        0  0.0000E+00  0.3292E-01  0.0000E+00  0.0000E+00
     1     9     1     1        0  0.6406E+03  0.9738E+01  0.0000E+00  0.0000E+00
     1     9     1     2        0  0.3529E+01  0.7262E+00  0.0000E+00  0.0000E+00
     1     9     1     3        0  0.0000E+00  0.1799E-01  0.0000E+00  0.0000E+00
     1    10     1     1        0  0.1416E+04  0.1551E+02  0.0000E+00  0.0000E+00
     1    10     1     2        0  0.1749E+03  0.5481E+01  0.0000E+00  0.0000E+00
     1    10     1     3        0  0.8302E+00  0.3781E+00  0.0000E+00  0.0000E+00
     1    10     1     4        0  0.0000E+00  0.3446E-02  0.0000E+00  0.0000E+00
     1    11     1     1        0  0.9129E+03  0.1319E+02  0.0000E+00  0.0000E+00
     1    11     1     2        0  0.1958E+04  0.1963E+02  0.0000E+00  0.0000E+00
     1    11     1     3        0  0.0000E+00  0.8296E-01  0.0000E+00  0.0000E+00
     1    12     1     1        0  0.8657E+02  0.5320E+01  0.0000E+00  0.0000E+00
     1    12     1     2        0  0.7870E+03  0.1327E+02  0.0000E+00  0.0000E+00
     1    12     1     3        0  0.1165E+01  0.5132E+00  0.0000E+00  0.0000E+00
     1    12     1     4        0  0.0000E+00  0.2197E-01  0.0000E+00  0.0000E+00
     1    13     1     1        0  0.1836E+03  0.1973E+02  0.0000E+00  0.0000E+00
     1    13     1     2        0  0.8264E+02  0.4625E+01  0.0000E+00  0.0000E+00
     1    13     1     3        0  0.0000E+00  0.7833E-01  0.0000E+00  0.0000E+00
     1    14     1     1        0  0.2049E+05  0.1000E+03  0.0000E+00  0.0000E+00
     1    14     1     2        0  0.6836E+03  0.1743E+02  0.0000E+00  0.0000E+00
     1    14     1     3        0  0.1434E+04  0.2558E+02  0.0000E+00  0.0000E+00
     1    14     1     4        0  0.1936E+03  0.9402E+01  0.0000E+00  0.0000E+00
     1    14     1     5        0  0.2565E+02  0.3423E+01  0.0000E+00  0.0000E+00
     1    14     1     6        0  0.2492E+00  0.3381E+00  0.0000E+00  0.0000E+00
     1    15     1     1        0  0.3747E+03  0.2378E+02  0.0000E+00  0.0000E+00
     1    15     1     2        0  0.1954E+03  0.1823E+02  0.0000E+00  0.0000E+00
     1    15     1     3        0  0.9171E+00  0.1259E+01  0.0000E+00  0.0000E+00
     1    15     1     4        0  0.0000E+00  0.2522E-01  0.0000E+00  0.0000E+00
     1    16     1     1        0  0.2720E+03  0.1629E+02  0.0000E+00  0.0000E+00
     1    16     1     2        0  0.1428E+03  0.1257E+02  0.0000E+00  0.0000E+00
     1    16     1     3        0  0.9444E+00  0.1026E+01  0.0000E+00  0.0000E+00
     1    16     1     4        0  0.0000E+00  0.1271E-01  0.0000E+00  0.0000E+00
     1    17     1     1        0  0.8695E+02  0.1482E+02  0.0000E+00  0.0000E+00
     1    17     1     2        0  0.9173E+01  0.4926E+01  0.0000E+00  0.0000E+00
     1    17     1     3        0  0.0000E+00  0.9173E-01  0.0000E+00  0.0000E+00
     1    18     1     1        0  0.3236E+02  0.9909E+01  0.0000E+00  0.0000E+00
     1    18     1     2        0  0.8800E+01  0.5214E+01  0.0000E+00  0.0000E+00
     1    18     1     3        0  0.0000E+00  0.6799E-01  0.0000E+00  0.0000E+00
     1    19     1     1        0  0.1928E+02  0.1087E+02  0.0000E+00  0.0000E+00
     1    19     1     2        0  0.5008E+01  0.4555E+01  0.0000E+00  0.0000E+00
     1    19     1     3        0  0.0000E+00  0.5231E-01  0.0000E+00  0.0000E+00
     1    20     1     1        0  0.1473E+02  0.1121E+02  0.0000E+00  0.0000E+00
     1    20     1     2        0  0.2414E+01  0.3017E+01  0.0000E+00  0.0000E+00
     1    20     1     3        0  0.0000E+00  0.2092E-01  0.0000E+00  0.0000E+00
     1    21     1     1        0  0.1134E+02  0.9644E+01  0.0000E+00  0.0000E+00
     1    21     1     2        0  0.1238E+01  0.2026E+01  0.0000E+00  0.0000E+00
     1    21     1     3        0  0.0000E+00  0.7084E-02  0.0000E+00  0.0000E+00
     1    22     1     1        0  0.3159E+00  0.5285E+01  0.0000E+00  0.0000E+00
     1    22     1     2        0  0.0000E+00  0.2146E+00  0.0000E+00  0.0000E+00
